RocksDB:    version 11.3.0
Date:       Tue May 26 09:24:37 2026
CPU:        2 * Intel Xeon Processor (SapphireRapids)
CPUCache:   16384 KB
2026/05/26-09:24:38  ... thread 0: (26000,26000) ops and (25871.7,25871.7) ops/second in (1.004961,1.004961) seconds
2026/05/26-09:24:38  ... thread 2: (27000,27000) ops and (26264.0,26264.0) ops/second in (1.028025,1.028025) seconds
2026/05/26-09:24:38  ... thread 1: (28000,28000) ops and (27112.0,27112.0) ops/second in (1.032753,1.032753) seconds
2026/05/26-09:24:38  ... thread 3: (27000,27000) ops and (26043.0,26043.0) ops/second in (1.036745,1.036745) seconds
2026/05/26-09:24:39  ... thread 0: (26000,52000) ops and (25803.5,25837.5) ops/second in (1.007614,2.012575) seconds
2026/05/26-09:24:39  ... thread 3: (27000,54000) ops and (26942.2,26485.0) ops/second in (1.002144,2.038889) seconds
2026/05/26-09:24:39  ... thread 2: (32000,59000) ops and (31475.6,28855.3) ops/second in (1.016662,2.044687) seconds
2026/05/26-09:24:39  ... thread 1: (31000,59000) ops and (30612.4,28845.0) ops/second in (1.012661,2.045414) seconds
2026/05/26-09:24:40  ... thread 0: (26000,78000) ops and (25722.5,25799.1) ops/second in (1.010788,3.023363) seconds
2026/05/26-09:24:40  ... thread 3: (27000,81000) ops and (26765.9,26578.0) ops/second in (1.008745,3.047634) seconds
2026/05/26-09:24:40  ... thread 2: (33000,92000) ops and (32782.7,30150.9) ops/second in (1.006628,3.051315) seconds
2026/05/26-09:24:40  ... thread 1: (33000,92000) ops and (32043.7,29916.2) ops/second in (1.029845,3.075259) seconds
2026/05/26-09:24:41  ... thread 0: (12000,90000) ops and (11621.5,22189.7) ops/second in (1.032569,4.055932) seconds
2026/05/26-09:24:41  ... thread 3: (15000,96000) ops and (14678.0,23589.7) ops/second in (1.021941,4.069575) seconds
2026/05/26-09:24:41  ... thread 1: (14000,106000) ops and (13929.8,25978.5) ops/second in (1.005040,4.080299) seconds
2026/05/26-09:24:41  ... thread 2: (14000,106000) ops and (13341.8,25849.6) ops/second in (1.049331,4.100646) seconds
2026/05/26-09:24:42  ... thread 0: (14000,104000) ops and (13873.2,20532.8) ops/second in (1.009137,5.065069) seconds
2026/05/26-09:24:42  ... thread 3: (18000,114000) ops and (17737.8,22421.7) ops/second in (1.014784,5.084359) seconds
2026/05/26-09:24:42  ... thread 1: (13000,119000) ops and (12862.4,23374.6) ops/second in (1.010698,5.090997) seconds
2026/05/26-09:24:42  ... thread 2: (17000,123000) ops and (16967.8,24105.6) ops/second in (1.001899,5.102545) seconds
2026/05/26-09:24:43  ... thread 0: (27000,131000) ops and (26785.4,21570.6) ops/second in (1.008010,6.073079) seconds
2026/05/26-09:24:43  ... thread 3: (27000,141000) ops and (26838.2,23151.2) ops/second in (1.006030,6.090389) seconds
2026/05/26-09:24:43  ... thread 1: (31000,150000) ops and (30160.5,24514.5) ops/second in (1.027835,6.118832) seconds
2026/05/26-09:24:43  ... thread 2: (21000,144000) ops and (20415.5,23486.5) ops/second in (1.028629,6.131174) seconds
2026/05/26-09:24:44  ... thread 0: (15000,146000) ops and (13727.0,20374.5) ops/second in (1.092738,7.165817) seconds
2026/05/26-09:24:44  ... thread 1: (16000,166000) ops and (15027.8,23108.4) ops/second in (1.064694,7.183526) seconds
2026/05/26-09:24:44  ... thread 2: (14000,158000) ops and (13261.0,21984.5) ops/second in (1.055724,7.186898) seconds
2026/05/26-09:24:44  ... thread 3: (13000,154000) ops and (11754.6,21399.8) ops/second in (1.105950,7.196339) seconds
2026/05/26-09:24:46  ... thread 3: (12000,166000) ops and (9894.0,19740.3) ops/second in (1.212854,8.409193) seconds
2026/05/26-09:24:46  ... thread 0: (17000,163000) ops and (13671.9,19383.4) ops/second in (1.243428,8.409245) seconds
2026/05/26-09:24:46  ... thread 2: (18000,176000) ops and (14488.5,20879.6) ops/second in (1.242363,8.429261) seconds
2026/05/26-09:24:46  ... thread 1: (16000,182000) ops and (12700.1,21555.4) ops/second in (1.259836,8.443362) seconds
2026/05/26-09:24:47  ... thread 0: (11000,174000) ops and (9362.0,18154.9) ops/second in (1.174960,9.584205) seconds
2026/05/26-09:24:47  ... thread 1: (15000,197000) ops and (13112.9,20548.1) ops/second in (1.143913,9.587275) seconds
2026/05/26-09:24:47  ... thread 3: (20000,186000) ops and (16899.0,19389.8) ops/second in (1.183499,9.592692) seconds
2026/05/26-09:24:47  ... thread 2: (16000,192000) ops and (13493.1,19968.7) ops/second in (1.185788,9.615049) seconds
2026/05/26-09:24:48  ... thread 0: (19000,193000) ops and (18808.8,18217.2) ops/second in (1.010168,10.594373) seconds
2026/05/26-09:24:48  ... thread 1: (13000,210000) ops and (12845.6,19812.6) ops/second in (1.012021,10.599296) seconds
2026/05/26-09:24:48  ... thread 3: (17000,203000) ops and (16523.6,19112.1) ops/second in (1.028833,10.621525) seconds
2026/05/26-09:24:48  ... thread 2: (17000,209000) ops and (16266.6,19605.8) ops/second in (1.045086,10.660135) seconds
2026/05/26-09:24:49  ... thread 2: (15000,224000) ops and (12524.3,18890.5) ops/second in (1.197670,11.857805) seconds
2026/05/26-09:24:49  ... thread 3: (13000,216000) ops and (10418.5,18198.2) ops/second in (1.247775,11.869300) seconds
2026/05/26-09:24:49  ... thread 0: (13000,206000) ops and (10209.6,17358.1) ops/second in (1.273312,11.867685) seconds
2026/05/26-09:24:49  ... thread 1: (17000,227000) ops and (13020.4,19067.7) ops/second in (1.305642,11.904938) seconds
2026/05/26-09:24:50  ... thread 0: (15000,221000) ops and (12524.8,16915.0) ops/second in (1.197627,13.065312) seconds
2026/05/26-09:24:50  ... thread 3: (17000,233000) ops and (14131.5,17824.0) ops/second in (1.202989,13.072289) seconds
2026/05/26-09:24:50  ... thread 2: (16000,240000) ops and (13144.0,18355.5) ops/second in (1.217284,13.075089) seconds
2026/05/26-09:24:50  ... thread 1: (14000,241000) ops and (11492.2,18364.5) ops/second in (1.218218,13.123156) seconds
2026/05/26-09:24:51  ... thread 0: (13000,234000) ops and (10732.9,16390.5) ops/second in (1.211234,14.276546) seconds
2026/05/26-09:24:51  ... thread 3: (22000,255000) ops and (17744.7,17817.1) ops/second in (1.239807,14.312096) seconds
2026/05/26-09:24:51  ... thread 2: (18000,258000) ops and (14524.4,18023.8) ops/second in (1.239293,14.314382) seconds
2026/05/26-09:24:51  ... thread 1: (10000,251000) ops and (8339.6,17525.2) ops/second in (1.199099,14.322255) seconds
2026/05/26-09:24:53  ... thread 3: (14000,269000) ops and (11549.3,17327.7) ops/second in (1.212190,15.524286) seconds
2026/05/26-09:24:53  ... thread 0: (15000,249000) ops and (11992.0,16036.2) ops/second in (1.250832,15.527378) seconds
2026/05/26-09:24:53  ... thread 1: (14000,265000) ops and (11556.5,17059.7) ops/second in (1.211443,15.533698) seconds
2026/05/26-09:24:53  ... thread 2: (18000,276000) ops and (14597.8,17752.1) ops/second in (1.233063,15.547445) seconds
2026/05/26-09:24:54  ... thread 2: (30000,306000) ops and (17776.3,17754.5) ops/second in (1.687645,17.235090) seconds
2026/05/26-09:24:54  ... thread 3: (31000,300000) ops and (17990.2,17393.9) ops/second in (1.723162,17.247448) seconds
2026/05/26-09:24:54  ... thread 1: (32000,297000) ops and (18626.1,17215.7) ops/second in (1.718018,17.251716) seconds
2026/05/26-09:24:54  ... thread 0: (33000,282000) ops and (19103.6,16343.3) ops/second in (1.727427,17.254805) seconds
2026/05/26-09:24:56  ... thread 0: (29000,311000) ops and (20755.3,16673.8) ops/second in (1.397231,18.652036) seconds
2026/05/26-09:24:56  ... thread 3: (35000,335000) ops and (24717.6,17949.5) ops/second in (1.415996,18.663444) seconds
2026/05/26-09:24:56  ... thread 1: (29000,326000) ops and (20344.1,17454.4) ops/second in (1.425474,18.677190) seconds
2026/05/26-09:24:56  ... thread 2: (31000,337000) ops and (21222.4,18025.4) ops/second in (1.460719,18.695809) seconds
2026/05/26-09:24:57  ... thread 3: (17000,352000) ops and (14004.1,17708.6) ops/second in (1.213926,19.877370) seconds
2026/05/26-09:24:57  ... thread 0: (17000,328000) ops and (13891.4,16502.5) ops/second in (1.223778,19.875814) seconds
2026/05/26-09:24:57  ... thread 1: (13000,339000) ops and (10703.3,17042.2) ops/second in (1.214584,19.891774) seconds
2026/05/26-09:24:57  ... thread 2: (16000,353000) ops and (13278.7,17738.0) ops/second in (1.204936,19.900745) seconds
2026/05/26-09:24:58  ... thread 0: (28000,356000) ops and (27967.6,17052.3) ops/second in (1.001159,20.876973) seconds
2026/05/26-09:24:58  ... thread 3: (29000,381000) ops and (28276.8,18227.1) ops/second in (1.025575,20.902945) seconds
2026/05/26-09:24:58  ... thread 2: (27000,380000) ops and (26798.3,18174.6) ops/second in (1.007525,20.908270) seconds
2026/05/26-09:24:59  ... thread 1: (35000,374000) ops and (20852.4,17338.7) ops/second in (1.678466,21.570240) seconds
2026/05/26-09:24:59  ... thread 3: (8000,389000) ops and (7914.4,17751.4) ops/second in (1.010813,21.913758) seconds
2026/05/26-09:24:59  ... thread 2: (11000,391000) ops and (10832.9,17834.6) ops/second in (1.015426,21.923696) seconds
2026/05/26-09:24:59  ... thread 0: (11000,367000) ops and (10516.1,16740.4) ops/second in (1.046017,21.922990) seconds
2026/05/26-09:25:00  ... thread 1: (30000,404000) ops and (29629.0,17889.8) ops/second in (1.012520,22.582760) seconds
2026/05/26-09:25:00  ... thread 2: (21000,412000) ops and (15430.6,17694.1) ops/second in (1.360935,23.284631) seconds
2026/05/26-09:25:00  ... thread 0: (20000,387000) ops and (14498.4,16607.7) ops/second in (1.379465,23.302455) seconds
2026/05/26-09:25:00  ... thread 3: (23000,412000) ops and (16510.7,17677.2) ops/second in (1.393037,23.306795) seconds
2026/05/26-09:25:01  ... thread 1: (10000,414000) ops and (9884.7,17546.5) ops/second in (1.011660,23.594420) seconds
2026/05/26-09:25:01  ... thread 0: (27000,414000) ops and (26774.0,17029.4) ops/second in (1.008442,24.310897) seconds
2026/05/26-09:25:01  ... thread 3: (25000,437000) ops and (24759.2,17971.3) ops/second in (1.009727,24.316522) seconds
2026/05/26-09:25:01  ... thread 2: (29000,441000) ops and (28065.4,18134.8) ops/second in (1.033301,24.317932) seconds
2026/05/26-09:25:02  ... thread 1: (26000,440000) ops and (25468.7,17875.1) ops/second in (1.020859,24.615279) seconds
2026/05/26-09:25:03  ... thread 0: (27000,441000) ops and (26735.6,17416.5) ops/second in (1.009888,25.320785) seconds
2026/05/26-09:25:03  ... thread 2: (35000,476000) ops and (34713.4,18794.8) ops/second in (1.008255,25.326187) seconds
2026/05/26-09:25:03  ... thread 3: (30000,467000) ops and (29559.6,18435.6) ops/second in (1.014898,25.331420) seconds
2026/05/26-09:25:03  ... thread 1: (23000,463000) ops and (16051.0,17774.7) ops/second in (1.432931,26.048210) seconds
2026/05/26-09:25:04  ... thread 0: (16000,457000) ops and (15881.0,17357.8) ops/second in (1.007495,26.328280) seconds
2026/05/26-09:25:04  ... thread 2: (19000,495000) ops and (18540.2,18784.9) ops/second in (1.024800,26.350987) seconds
2026/05/26-09:25:04  ... thread 3: (19000,486000) ops and (18417.3,18434.9) ops/second in (1.031636,26.363056) seconds
2026/05/26-09:25:04  ... thread 1: (34000,497000) ops and (33329.1,18360.9) ops/second in (1.020129,27.068339) seconds
2026/05/26-09:25:05  ... thread 2: (39000,534000) ops and (38804.5,19520.4) ops/second in (1.005037,27.356024) seconds
2026/05/26-09:25:05  ... thread 0: (32000,489000) ops and (31095.2,17874.5) ops/second in (1.029097,27.357377) seconds
2026/05/26-09:25:05  ... thread 3: (31000,517000) ops and (30810.4,18889.8) ops/second in (1.006153,27.369209) seconds
2026/05/26-09:25:06  ... thread 0: (4000,493000) ops and (3544.6,17306.8) ops/second in (1.128487,28.485864) seconds
2026/05/26-09:25:06  ... thread 3: (4000,521000) ops and (3315.8,18232.4) ops/second in (1.206351,28.575560) seconds
2026/05/26-09:25:06  ... thread 2: (3000,537000) ops and (1874.6,18545.1) ops/second in (1.600341,28.956365) seconds
2026/05/26-09:25:06  ... thread 1: (14000,511000) ops and (6803.4,17544.4) ops/second in (2.057788,29.126127) seconds
2026/05/26-09:25:07  ... thread 3: (2000,523000) ops and (1858.8,17638.2) ops/second in (1.075948,29.651508) seconds
2026/05/26-09:25:07  ... thread 0: (2000,495000) ops and (1549.0,16623.6) ops/second in (1.291135,29.776999) seconds
2026/05/26-09:25:07  ... thread 2: (2000,539000) ops and (1828.3,17936.6) ops/second in (1.093936,30.050301) seconds
2026/05/26-09:25:07  ... thread 1: (6000,517000) ops and (5935.5,17155.0) ops/second in (1.010869,30.136996) seconds
2026/05/26-09:25:08  ... thread 3: (24000,547000) ops and (23900.1,17843.3) ops/second in (1.004178,30.655686) seconds
2026/05/26-09:25:08  ... thread 0: (31000,526000) ops and (29026.5,17053.0) ops/second in (1.067991,30.844990) seconds
2026/05/26-09:25:08  ... thread 2: (30000,569000) ops and (29705.2,18319.2) ops/second in (1.009923,31.060224) seconds
2026/05/26-09:25:08  ... thread 1: (33000,550000) ops and (32229.1,17650.3) ops/second in (1.023918,31.160914) seconds
2026/05/26-09:25:09  ... thread 3: (38000,585000) ops and (36608.6,18457.9) ops/second in (1.038008,31.693694) seconds
2026/05/26-09:25:09  ... thread 0: (34000,560000) ops and (33084.4,17569.9) ops/second in (1.027676,31.872666) seconds
2026/05/26-09:25:09  ... thread 2: (30000,599000) ops and (29137.4,18666.4) ops/second in (1.029605,32.089829) seconds
2026/05/26-09:25:09  ... thread 1: (29000,579000) ops and (28029.8,17983.9) ops/second in (1.034613,32.195527) seconds
2026/05/26-09:25:10  ... thread 3: (32000,617000) ops and (31796.8,18868.5) ops/second in (1.006390,32.700084) seconds
2026/05/26-09:25:10  ... thread 0: (32000,592000) ops and (29372.8,17960.0) ops/second in (1.089442,32.962108) seconds
2026/05/26-09:25:11  ... thread 1: (19000,598000) ops and (16532.9,17933.9) ops/second in (1.149226,33.344753) seconds
2026/05/26-09:25:11  ... thread 2: (22000,621000) ops and (17153.7,18608.2) ops/second in (1.282520,33.372349) seconds
2026/05/26-09:25:11  ... thread 3: (4000,621000) ops and (3554.6,18359.0) ops/second in (1.125316,33.825400) seconds
2026/05/26-09:25:12  ... thread 0: (2000,594000) ops and (1302.0,17218.3) ops/second in (1.536130,34.498238) seconds
2026/05/26-09:25:12  ... thread 1: (2000,600000) ops and (1683.5,17374.8) ops/second in (1.187995,34.532748) seconds
2026/05/26-09:25:12  ... thread 2: (2000,623000) ops and (1428.6,17916.6) ops/second in (1.399950,34.772299) seconds
2026/05/26-09:25:12  ... thread 3: (2000,623000) ops and (1717.6,17805.2) ops/second in (1.164418,34.989818) seconds
2026/05/26-09:25:13  ... thread 1: (2000,602000) ops and (1636.8,16837.0) ops/second in (1.221917,35.754665) seconds
2026/05/26-09:25:13  ... thread 2: (1000,624000) ops and (945.6,17415.6) ops/second in (1.057551,35.829850) seconds
2026/05/26-09:25:13  ... thread 0: (3000,597000) ops and (1887.8,16543.2) ops/second in (1.589159,36.087397) seconds
2026/05/26-09:25:14  ... thread 3: (1000,624000) ops and (595.8,17017.5) ops/second in (1.678290,36.668108) seconds
2026/05/26-09:25:14  ... thread 2: (2000,626000) ops and (1900.0,16972.8) ops/second in (1.052622,36.882472) seconds
2026/05/26-09:25:14  ... thread 0: (2000,599000) ops and (1869.0,16120.6) ops/second in (1.070084,37.157481) seconds
2026/05/26-09:25:15  ... thread 3: (2000,626000) ops and (1998.2,16618.4) ops/second in (1.000894,37.669002) seconds
2026/05/26-09:25:15  ... thread 1: (3000,605000) ops and (1438.2,15988.1) ops/second in (2.085962,37.840627) seconds
2026/05/26-09:25:16  ... thread 0: (2000,601000) ops and (1481.6,15607.4) ops/second in (1.349912,38.507393) seconds
2026/05/26-09:25:16  ... thread 2: (3000,629000) ops and (1762.4,16301.8) ops/second in (1.702212,38.584684) seconds
2026/05/26-09:25:17  ... thread 3: (2000,628000) ops and (1043.8,15864.6) ops/second in (1.916060,39.585062) seconds
2026/05/26-09:25:17  ... thread 1: (3000,608000) ops and (1681.2,15343.8) ops/second in (1.784393,39.625020) seconds
2026/05/26-09:25:17  ... thread 0: (3000,604000) ops and (2091.8,15122.1) ops/second in (1.434195,39.941588) seconds
2026/05/26-09:25:17  ... thread 2: (3000,632000) ops and (1841.4,15716.0) ops/second in (1.629230,40.213914) seconds
2026/05/26-09:25:18  ... thread 1: (3000,611000) ops and (2909.9,15028.5) ops/second in (1.030971,40.655991) seconds
2026/05/26-09:25:18  ... thread 0: (1000,605000) ops and (955.6,14760.4) ops/second in (1.046485,40.988073) seconds
2026/05/26-09:25:19  ... thread 3: (2000,630000) ops and (1121.9,15229.3) ops/second in (1.782686,41.367748) seconds
2026/05/26-09:25:19  ... thread 2: (2000,634000) ops and (1412.2,15229.4) ops/second in (1.416191,41.630105) seconds
2026/05/26-09:25:19  ... thread 1: (2000,613000) ops and (1277.3,14518.6) ops/second in (1.565816,42.221807) seconds
2026/05/26-09:25:20  ... thread 0: (3000,608000) ops and (1922.6,14289.6) ops/second in (1.560425,42.548498) seconds
2026/05/26-09:25:20  ... thread 3: (2000,632000) ops and (1671.0,14848.0) ops/second in (1.196854,42.564602) seconds
2026/05/26-09:25:20  ... thread 2: (2000,636000) ops and (1700.8,14857.7) ops/second in (1.175946,42.806051) seconds
2026/05/26-09:25:20  ... thread 1: (1000,614000) ops and (997.9,14205.1) ops/second in (1.002119,43.223926) seconds
2026/05/26-09:25:21  ... thread 0: (2000,610000) ops and (1442.0,13884.0) ops/second in (1.386962,43.935460) seconds
2026/05/26-09:25:21  ... thread 1: (1000,615000) ops and (935.2,13884.7) ops/second in (1.069344,44.293270) seconds
2026/05/26-09:25:22  ... thread 2: (2000,638000) ops and (1242.5,14364.3) ops/second in (1.609673,44.415724) seconds
2026/05/26-09:25:23  ... thread 2: (2000,640000) ops and (1672.0,14031.4) ops/second in (1.196140,45.611864) seconds
2026/05/26-09:25:23  ... thread 0: (2000,612000) ops and (908.1,13264.6) ops/second in (2.202466,46.137926) seconds
2026/05/26-09:25:23  ... thread 1: (2000,617000) ops and (998.2,13327.0) ops/second in (2.003687,46.296957) seconds
2026/05/26-09:25:24  ... thread 2: (3000,643000) ops and (2247.7,13696.4) ops/second in (1.334692,46.946556) seconds
2026/05/26-09:25:24  ... thread 3: (2000,634000) ops and (443.4,13467.8) ops/second in (4.510595,47.075197) seconds
2026/05/26-09:25:25  ... thread 0: (1000,613000) ops and (561.1,12792.1) ops/second in (1.782351,47.920277) seconds
2026/05/26-09:25:25  ... thread 1: (2000,619000) ops and (1191.3,12902.3) ops/second in (1.678839,47.975796) seconds
2026/05/26-09:25:26  ... thread 3: (1000,635000) ops and (787.9,13134.9) ops/second in (1.269276,48.344473) seconds
2026/05/26-09:25:26  ... thread 2: (3000,646000) ops and (1650.3,13247.4) ops/second in (1.817822,48.764378) seconds
2026/05/26-09:25:26  ... thread 1: (1000,620000) ops and (751.4,12574.4) ops/second in (1.330859,49.306655) seconds
2026/05/26-09:25:27  ... thread 0: (2000,615000) ops and (1089.0,12360.1) ops/second in (1.836615,49.756892) seconds
2026/05/26-09:25:27  ... thread 2: (1000,647000) ops and (871.1,12962.7) ops/second in (1.147915,49.912293) seconds
2026/05/26-09:25:28  ... thread 3: (2000,637000) ops and (872.3,12579.7) ops/second in (2.292666,50.637139) seconds
2026/05/26-09:25:28  ... thread 1: (2000,622000) ops and (1352.2,12247.5) ops/second in (1.479054,50.785709) seconds
2026/05/26-09:25:28  ... thread 2: (1000,648000) ops and (990.0,12725.2) ops/second in (1.010131,50.922424) seconds
2026/05/26-09:25:29  ... thread 0: (2000,617000) ops and (1005.2,11923.5) ops/second in (1.989585,51.746477) seconds
2026/05/26-09:25:29  ... thread 3: (2000,639000) ops and (1745.4,12340.0) ops/second in (1.145881,51.783020) seconds
2026/05/26-09:25:29  ... thread 1: (1000,623000) ops and (666.9,11915.4) ops/second in (1.499504,52.285213) seconds
2026/05/26-09:25:30  ... thread 2: (1000,649000) ops and (668.4,12381.1) ops/second in (1.496200,52.418624) seconds
2026/05/26-09:25:30  ... thread 0: (10000,627000) ops and (9638.6,11878.6) ops/second in (1.037498,52.783975) seconds
2026/05/26-09:25:30  ... thread 3: (12000,651000) ops and (10986.8,12312.0) ops/second in (1.092218,52.875238) seconds
2026/05/26-09:25:30  ... thread 1: (21000,644000) ops and (20448.2,12079.8) ops/second in (1.026985,53.312198) seconds
2026/05/26-09:25:31  ... thread 2: (27000,676000) ops and (26904.2,12653.9) ops/second in (1.003559,53.422183) seconds
2026/05/26-09:25:32  ... thread 0: (27000,654000) ops and (17168.2,12031.6) ops/second in (1.572674,54.356649) seconds
2026/05/26-09:25:32  ... thread 3: (24000,675000) ops and (16157.1,12417.1) ops/second in (1.485414,54.360652) seconds
2026/05/26-09:25:32  ... thread 1: (15000,659000) ops and (14276.1,12122.2) ops/second in (1.050706,54.362904) seconds
2026/05/26-09:25:32  ... thread 2: (15000,691000) ops and (14678.0,12691.9) ops/second in (1.021937,54.444120) seconds
2026/05/26-09:25:33  ... thread 0: (27000,681000) ops and (26881.9,12301.1) ops/second in (1.004392,55.361041) seconds
2026/05/26-09:25:33  ... thread 1: (32000,691000) ops and (31871.0,12480.4) ops/second in (1.004047,55.366951) seconds
2026/05/26-09:25:33  ... thread 3: (27000,702000) ops and (26742.5,12678.3) ops/second in (1.009628,55.370280) seconds
2026/05/26-09:25:33  ... thread 2: (31000,722000) ops and (21303.2,12916.1) ops/second in (1.455180,55.899300) seconds
2026/05/26-09:25:34  ... thread 3: (15000,717000) ops and (14971.2,12719.0) ops/second in (1.001926,56.372206) seconds
2026/05/26-09:25:34  ... thread 0: (19000,700000) ops and (16284.8,12383.3) ops/second in (1.166734,56.527775) seconds
2026/05/26-09:25:34  ... thread 1: (18000,709000) ops and (15444.0,12541.5) ops/second in (1.165504,56.532455) seconds
2026/05/26-09:25:34  ... thread 2: (26000,748000) ops and (25898.1,13145.1) ops/second in (1.003934,56.903234) seconds
2026/05/26-09:25:35  ... thread 3: (29000,746000) ops and (28936.6,13002.3) ops/second in (1.002192,57.374398) seconds
2026/05/26-09:25:35  ... thread 0: (34000,734000) ops and (29161.7,12722.4) ops/second in (1.165912,57.693687) seconds
2026/05/26-09:25:35  ... thread 1: (28000,737000) ops and (23749.5,12770.4) ops/second in (1.178970,57.711425) seconds
2026/05/26-09:25:35  ... thread 2: (25000,773000) ops and (24837.9,13348.4) ops/second in (1.006527,57.909761) seconds
2026/05/26-09:25:36  ... thread 3: (29000,775000) ops and (28407.4,13271.6) ops/second in (1.020861,58.395259) seconds
2026/05/26-09:25:36  ... thread 1: (30000,767000) ops and (26379.2,13033.4) ops/second in (1.137259,58.848684) seconds
2026/05/26-09:25:36  ... thread 0: (32000,766000) ops and (27595.1,13015.4) ops/second in (1.159626,58.853313) seconds
2026/05/26-09:25:36  ... thread 2: (25000,798000) ops and (24905.9,13545.3) ops/second in (1.003779,58.913540) seconds
2026/05/26-09:25:37  ... thread 3: (25000,800000) ops and (24563.6,13465.1) ops/second in (1.017767,59.413026) seconds
2026/05/26-09:25:37  ... thread 1: (31000,798000) ops and (28825.2,13316.8) ops/second in (1.075448,59.924132) seconds
2026/05/26-09:25:37  ... thread 2: (29000,827000) ops and (28524.6,13799.4) ops/second in (1.016666,59.930206) seconds
2026/05/26-09:25:37  ... thread 0: (34000,800000) ops and (31449.2,13347.9) ops/second in (1.081109,59.934422) seconds
2026/05/26-09:25:38  ... thread 3: (31000,831000) ops and (27401.3,13725.5) ops/second in (1.131332,60.544358) seconds
2026/05/26-09:25:39  ... thread 0: (29000,829000) ops and (18656.7,13482.1) ops/second in (1.554400,61.488822) seconds
2026/05/26-09:25:39  ... thread 1: (30000,828000) ops and (18364.5,13450.8) ops/second in (1.633587,61.557719) seconds
2026/05/26-09:25:39  ... thread 2: (31000,858000) ops and (16787.3,13888.7) ops/second in (1.846633,61.776839) seconds
2026/05/26-09:25:39  ... thread 3: (17000,848000) ops and (13060.8,13711.5) ops/second in (1.301601,61.845959) seconds
2026/05/26-09:25:40  ... thread 1: (2000,830000) ops and (1716.0,13232.7) ops/second in (1.165475,62.723194) seconds
2026/05/26-09:25:40  ... thread 0: (2000,831000) ops and (1251.7,13172.4) ops/second in (1.597771,63.086593) seconds
2026/05/26-09:25:40  ... thread 3: (1000,849000) ops and (794.3,13453.8) ops/second in (1.258984,63.104943) seconds
2026/05/26-09:25:41  ... thread 2: (2000,860000) ops and (1021.7,13493.5) ops/second in (1.957522,63.734361) seconds
2026/05/26-09:25:41  ... thread 1: (2000,832000) ops and (1308.7,12949.1) ops/second in (1.528179,64.251373) seconds
2026/05/26-09:25:42  ... thread 0: (1000,832000) ops and (595.3,12846.2) ops/second in (1.679761,64.766354) seconds
2026/05/26-09:25:42  ... thread 3: (3000,852000) ops and (1529.9,13094.4) ops/second in (1.960945,65.065888) seconds
2026/05/26-09:25:43  ... thread 2: (1000,861000) ops and (620.9,13176.2) ops/second in (1.610628,65.344989) seconds
2026/05/26-09:25:43  ... thread 1: (2000,834000) ops and (1539.1,12723.0) ops/second in (1.299453,65.550826) seconds
2026/05/26-09:25:43  ... thread 0: (1000,833000) ops and (894.5,12643.4) ops/second in (1.117887,65.884241) seconds
2026/05/26-09:25:44  ... thread 3: (2000,854000) ops and (1202.6,12798.0) ops/second in (1.663061,66.728949) seconds
2026/05/26-09:25:44  ... thread 2: (2000,863000) ops and (1213.2,12881.9) ops/second in (1.648479,66.993468) seconds
2026/05/26-09:25:44  ... thread 0: (2000,835000) ops and (1551.3,12430.5) ops/second in (1.289256,67.173497) seconds
2026/05/26-09:25:45  ... thread 1: (2000,836000) ops and (803.8,12287.1) ops/second in (2.488264,68.039090) seconds
2026/05/26-09:25:45  ... thread 2: (2000,865000) ops and (1631.7,12679.7) ops/second in (1.225692,68.219160) seconds
2026/05/26-09:25:46  ... thread 3: (2000,856000) ops and (1073.0,12479.4) ops/second in (1.863865,68.592814) seconds
2026/05/26-09:25:46  ... thread 0: (2000,837000) ops and (964.2,12087.0) ops/second in (2.074337,69.247834) seconds
2026/05/26-09:25:47  ... thread 2: (1000,866000) ops and (856.8,12480.8) ops/second in (1.167177,69.386337) seconds
2026/05/26-09:25:47  ... thread 1: (2000,838000) ops and (1209.9,12024.3) ops/second in (1.653046,69.692136) seconds
2026/05/26-09:25:47  ... thread 3: (2000,858000) ops and (1762.6,12305.0) ops/second in (1.134658,69.727472) seconds
2026/05/26-09:25:48  ... thread 2: (2000,868000) ops and (1531.9,12278.6) ops/second in (1.305538,70.691875) seconds
2026/05/26-09:25:48  ... thread 3: (1000,859000) ops and (832.7,12110.8) ops/second in (1.200891,70.928363) seconds
2026/05/26-09:25:48  ... thread 1: (2000,840000) ops and (1261.8,11785.0) ops/second in (1.584977,71.277113) seconds
2026/05/26-09:25:49  ... thread 0: (2000,839000) ops and (825.5,11706.3) ops/second in (2.422884,71.670718) seconds
2026/05/26-09:25:49  ... thread 2: (2000,870000) ops and (1699.6,12105.4) ops/second in (1.176771,71.868646) seconds
2026/05/26-09:25:49  ... thread 3: (5000,864000) ops and (4918.5,12009.2) ops/second in (1.016575,71.944938) seconds
2026/05/26-09:25:49  ... thread 1: (17000,857000) ops and (16859.5,11855.8) ops/second in (1.008331,72.285444) seconds
2026/05/26-09:25:50  ... thread 0: (19000,858000) ops and (18240.7,11799.9) ops/second in (1.041625,72.712343) seconds
2026/05/26-09:25:50  ... thread 2: (24000,894000) ops and (23562.8,12265.5) ops/second in (1.018556,72.887202) seconds
2026/05/26-09:25:50  ... thread 3: (26000,890000) ops and (25533.2,12197.9) ops/second in (1.018283,72.963221) seconds
2026/05/26-09:25:50  ... thread 1: (20000,877000) ops and (19398.6,11961.8) ops/second in (1.031004,73.316448) seconds
2026/05/26-09:25:51  ... thread 0: (30000,888000) ops and (29899.0,12046.3) ops/second in (1.003379,73.715722) seconds
2026/05/26-09:25:51  ... thread 2: (24000,918000) ops and (22728.7,12414.9) ops/second in (1.055932,73.943134) seconds
2026/05/26-09:25:51  ... thread 3: (22000,912000) ops and (21528.6,12326.8) ops/second in (1.021896,73.985117) seconds
2026/05/26-09:25:52  ... thread 1: (32000,909000) ops and (28085.3,12208.6) ops/second in (1.139386,74.455834) seconds
2026/05/26-09:25:52  ... thread 0: (30000,918000) ops and (29471.9,12283.6) ops/second in (1.017918,74.733640) seconds
2026/05/26-09:25:52  ... thread 2: (31000,949000) ops and (22658.4,12601.0) ops/second in (1.368149,75.311283) seconds
2026/05/26-09:25:52  ... thread 3: (28000,940000) ops and (20993.9,12480.3) ops/second in (1.333720,75.318837) seconds
2026/05/26-09:25:53  ... thread 1: (22000,931000) ops and (21623.2,12335.5) ops/second in (1.017425,75.473259) seconds
2026/05/26-09:25:53  ... thread 0: (17000,935000) ops and (14355.2,12315.9) ops/second in (1.184236,75.917876) seconds
2026/05/26-09:25:54  ... thread 2: (16000,965000) ops and (11401.8,12579.1) ops/second in (1.403289,76.714572) seconds
2026/05/26-09:25:54  ... thread 1: (12000,943000) ops and (9229.4,12282.9) ops/second in (1.300194,76.773453) seconds
2026/05/26-09:25:54  ... thread 3: (16000,956000) ops and (10177.8,12433.2) ops/second in (1.572044,76.890881) seconds
2026/05/26-09:25:54  ... thread 0: (3000,938000) ops and (2513.5,12164.2) ops/second in (1.193549,77.111425) seconds
2026/05/26-09:25:55  ... thread 2: (1000,966000) ops and (878.0,12407.9) ops/second in (1.138909,77.853481) seconds
2026/05/26-09:25:55  ... thread 0: (2000,940000) ops and (1832.5,12020.0) ops/second in (1.091403,78.202828) seconds
2026/05/26-09:25:56  ... thread 3: (2000,958000) ops and (1322.4,12218.9) ops/second in (1.512353,78.403234) seconds
2026/05/26-09:25:56  ... thread 1: (2000,945000) ops and (1155.4,12037.5) ops/second in (1.730931,78.504384) seconds
2026/05/26-09:25:57  ... thread 0: (2000,942000) ops and (1706.2,11867.7) ops/second in (1.172175,79.375003) seconds
2026/05/26-09:25:57  ... thread 3: (1000,959000) ops and (762.9,12030.5) ops/second in (1.310746,79.713980) seconds
2026/05/26-09:25:57  ... thread 2: (2000,968000) ops and (995.9,12121.0) ops/second in (2.008174,79.861655) seconds
2026/05/26-09:25:57  ... thread 1: (2000,947000) ops and (1439.0,11853.2) ops/second in (1.389889,79.894273) seconds
2026/05/26-09:25:58  ... thread 0: (1000,943000) ops and (889.6,11714.4) ops/second in (1.124123,80.499126) seconds
2026/05/26-09:25:58  ... thread 3: (2000,961000) ops and (1971.9,11904.1) ops/second in (1.014235,80.728215) seconds
2026/05/26-09:25:58  ... thread 2: (1000,969000) ops and (738.7,11931.2) ops/second in (1.353738,81.215393) seconds
2026/05/26-09:25:59  ... thread 1: (3000,950000) ops and (1819.3,11650.3) ops/second in (1.649008,81.543281) seconds
2026/05/26-09:25:59  ... thread 3: (2000,963000) ops and (1476.4,11732.1) ops/second in (1.354617,82.082832) seconds
2026/05/26-09:25:59  ... thread 0: (2000,945000) ops and (1223.8,11505.7) ops/second in (1.634211,82.133337) seconds
2026/05/26-09:26:00  ... thread 2: (2000,971000) ops and (1363.9,11743.8) ops/second in (1.466416,82.681809) seconds
2026/05/26-09:26:00  ... thread 1: (1000,951000) ops and (823.1,11491.3) ops/second in (1.214983,82.758264) seconds
2026/05/26-09:26:01  ... thread 0: (1000,946000) ops and (724.9,11327.6) ops/second in (1.379532,83.512869) seconds
2026/05/26-09:26:01  ... thread 3: (2000,965000) ops and (1385.1,11553.2) ops/second in (1.443982,83.526814) seconds
2026/05/26-09:26:01  ... thread 2: (3000,974000) ops and (2205.5,11589.4) ops/second in (1.360227,84.042036) seconds
2026/05/26-09:26:02  ... thread 1: (2000,953000) ops and (1140.5,11276.5) ops/second in (1.753573,84.511837) seconds
2026/05/26-09:26:02  ... thread 3: (2000,967000) ops and (1545.1,11400.5) ops/second in (1.294397,84.821211) seconds
2026/05/26-09:26:02  ... thread 2: (1000,975000) ops and (898.2,11449.7) ops/second in (1.113375,85.155411) seconds
2026/05/26-09:26:03  ... thread 0: (2000,948000) ops and (992.0,11084.0) ops/second in (2.016059,85.528928) seconds
2026/05/26-09:26:03  ... thread 1: (2000,955000) ops and (1271.0,11093.6) ops/second in (1.573591,86.085428) seconds
2026/05/26-09:26:04  ... thread 3: (2000,969000) ops and (1214.1,11206.4) ops/second in (1.647353,86.468564) seconds
2026/05/26-09:26:04  ... thread 0: (2000,950000) ops and (1852.0,10968.9) ops/second in (1.079909,86.608837) seconds
2026/05/26-09:26:04  ... thread 2: (2000,977000) ops and (948.0,11195.8) ops/second in (2.109762,87.265173) seconds
2026/05/26-09:26:05  ... thread 1: (2000,957000) ops and (1492.9,10946.5) ops/second in (1.339634,87.425062) seconds
2026/05/26-09:26:05  ... thread 0: (2000,952000) ops and (1280.5,10797.2) ops/second in (1.561893,88.170730) seconds
2026/05/26-09:26:06  ... thread 2: (2000,979000) ops and (1334.2,11029.2) ops/second in (1.499054,88.764227) seconds
2026/05/26-09:26:06  ... thread 1: (2000,959000) ops and (1465.8,10800.8) ops/second in (1.364436,88.789498) seconds
2026/05/26-09:26:06  ... thread 3: (2000,971000) ops and (799.3,10913.7) ops/second in (2.502259,88.970823) seconds
2026/05/26-09:26:07  ... thread 0: (1000,953000) ops and (563.3,10595.2) ops/second in (1.775344,89.946074) seconds
2026/05/26-09:26:08  ... thread 2: (2000,981000) ops and (1174.9,10843.8) ops/second in (1.702251,90.466478) seconds
2026/05/26-09:26:08  ... thread 3: (1000,972000) ops and (592.9,10721.7) ops/second in (1.686662,90.657485) seconds
2026/05/26-09:26:08  ... thread 1: (2000,961000) ops and (1033.4,10592.5) ops/second in (1.935284,90.724782) seconds
2026/05/26-09:26:09  ... thread 0: (1000,954000) ops and (492.2,10372.1) ops/second in (2.031596,91.977670) seconds
2026/05/26-09:26:10  ... thread 3: (2000,974000) ops and (1076.8,10528.0) ops/second in (1.857397,92.514882) seconds
2026/05/26-09:26:10  ... thread 2: (2000,983000) ops and (896.1,10604.3) ops/second in (2.231865,92.698343) seconds
2026/05/26-09:26:10  ... thread 1: (2000,963000) ops and (990.3,10383.4) ops/second in (2.019686,92.744468) seconds
2026/05/26-09:26:11  ... thread 0: (1000,955000) ops and (629.1,10206.6) ops/second in (1.589544,93.567214) seconds
2026/05/26-09:26:11  ... thread 3: (2000,976000) ops and (1868.4,10429.0) ops/second in (1.070419,93.585301) seconds
2026/05/26-09:26:11  ... thread 2: (7000,990000) ops and (6831.3,10563.0) ops/second in (1.024690,93.723033) seconds
2026/05/26-09:26:11  ... thread 1: (10000,973000) ops and (9890.8,10378.1) ops/second in (1.011036,93.755504) seconds
2026/05/26-09:26:12  ... thread 0: (25000,980000) ops and (24360.6,10360.1) ops/second in (1.026249,94.593463) seconds
2026/05/26-09:26:12  ... thread 3: (29000,1005000) ops and (28423.3,10623.1) ops/second in (1.020289,94.605590) seconds
2026/05/26-09:26:12  ... thread 2: (26000,1016000) ops and (25604.3,10724.3) ops/second in (1.015453,94.738486) seconds
2026/05/26-09:26:12  ... thread 1: (23000,996000) ops and (22977.4,10511.2) ops/second in (1.000985,94.756489) seconds
2026/05/26-09:26:13  ... thread 0: (28000,1008000) ops and (27828.5,10544.0) ops/second in (1.006161,95.599624) seconds
2026/05/26-09:26:13  ... thread 3: (32000,1037000) ops and (31963.2,10846.5) ops/second in (1.001151,95.606741) seconds
2026/05/26-09:26:13  ... thread 1: (24000,1020000) ops and (16496.4,10601.7) ops/second in (1.454860,96.211349) seconds
2026/05/26-09:26:13  ... thread 2: (24000,1040000) ops and (16254.7,10809.1) ops/second in (1.476493,96.214979) seconds
2026/05/26-09:26:14  ... thread 3: (17000,1054000) ops and (14448.2,10890.3) ops/second in (1.176618,96.783359) seconds
2026/05/26-09:26:14  ... thread 0: (18000,1026000) ops and (15059.7,10599.7) ops/second in (1.195240,96.794864) seconds
2026/05/26-09:26:15  ... thread 2: (33000,1073000) ops and (28733.8,11020.6) ops/second in (1.148474,97.363453) seconds
2026/05/26-09:26:15  ... thread 1: (30000,1050000) ops and (25826.8,10783.3) ops/second in (1.161583,97.372932) seconds
2026/05/26-09:26:15  ... thread 3: (28000,1082000) ops and (27902.6,11064.9) ops/second in (1.003492,97.786851) seconds
2026/05/26-09:26:15  ... thread 0: (32000,1058000) ops and (27950.1,10802.6) ops/second in (1.144899,97.939763) seconds
2026/05/26-09:26:16  ... thread 1: (33000,1083000) ops and (28856.0,10993.1) ops/second in (1.143610,98.516542) seconds
2026/05/26-09:26:16  ... thread 2: (31000,1104000) ops and (26836.1,11206.0) ops/second in (1.155162,98.518615) seconds
2026/05/26-09:26:16  ... thread 3: (26000,1108000) ops and (25809.9,11215.2) ops/second in (1.007365,98.794216) seconds
2026/05/26-09:26:17  ... thread 1: (17000,1100000) ops and (15949.4,11046.1) ops/second in (1.065873,99.582415) seconds
2026/05/26-09:26:17  ... thread 2: (15000,1119000) ops and (13824.1,11234.5) ops/second in (1.085063,99.603678) seconds
2026/05/26-09:26:17  ... thread 0: (30000,1088000) ops and (17827.7,10921.2) ops/second in (1.682776,99.622539) seconds
2026/05/26-09:26:17  ... thread 3: (10000,1118000) ops and (9700.9,11199.6) ops/second in (1.030835,99.825051) seconds
2026/05/26-09:26:18  ... thread 1: (28000,1128000) ops and (27944.7,11214.5) ops/second in (1.001978,100.584393) seconds
2026/05/26-09:26:18  ... thread 0: (33000,1121000) ops and (30537.9,11131.7) ops/second in (1.080626,100.703165) seconds
2026/05/26-09:26:18  ... thread 2: (30000,1149000) ops and (27071.4,11408.8) ops/second in (1.108181,100.711859) seconds
2026/05/26-09:26:18  ... thread 3: (32000,1150000) ops and (29846.8,11397.7) ops/second in (1.072141,100.897192) seconds
2026/05/26-09:26:19  ... thread 1: (26000,1154000) ops and (25557.5,11358.1) ops/second in (1.017312,101.601705) seconds
2026/05/26-09:26:19  ... thread 2: (28000,1177000) ops and (27304.7,11569.0) ops/second in (1.025464,101.737323) seconds
2026/05/26-09:26:19  ... thread 0: (30000,1151000) ops and (28726.5,11312.3) ops/second in (1.044332,101.747497) seconds
2026/05/26-09:26:20  ... thread 3: (28000,1178000) ops and (13471.4,11439.6) ops/second in (2.078478,102.975670) seconds
2026/05/26-09:26:20  ... thread 2: (2000,1179000) ops and (1368.7,11424.6) ops/second in (1.461252,103.198575) seconds
2026/05/26-09:26:20  ... thread 0: (3000,1154000) ops and (2037.4,11180.0) ops/second in (1.472440,103.219937) seconds
2026/05/26-09:26:21  ... thread 1: (5000,1159000) ops and (2346.3,11172.9) ops/second in (2.131058,103.732763) seconds
2026/05/26-09:26:22  ... thread 3: (1000,1179000) ops and (640.0,11278.2) ops/second in (1.562594,104.538264) seconds
2026/05/26-09:26:22  ... thread 0: (2000,1156000) ops and (1031.9,10993.0) ops/second in (1.938119,105.158056) seconds
2026/05/26-09:26:22  ... thread 1: (1000,1160000) ops and (677.3,11025.7) ops/second in (1.476361,105.209124) seconds
2026/05/26-09:26:22  ... thread 2: (1000,1180000) ops and (473.5,11204.9) ops/second in (2.112052,105.310627) seconds
2026/05/26-09:26:23  ... thread 3: (1000,1180000) ops and (835.1,11159.9) ops/second in (1.197532,105.735796) seconds
2026/05/26-09:26:24  ... thread 1: (1000,1161000) ops and (701.5,10887.7) ops/second in (1.425457,106.634581) seconds
2026/05/26-09:26:24  ... thread 2: (1000,1181000) ops and (719.8,11068.4) ops/second in (1.389358,106.699985) seconds
2026/05/26-09:26:25  ... thread 3: (1000,1181000) ops and (541.8,10977.7) ops/second in (1.845565,107.581361) seconds
2026/05/26-09:26:25  ... thread 2: (2000,1183000) ops and (1498.7,10950.2) ops/second in (1.334533,108.034518) seconds
2026/05/26-09:26:25  ... thread 0: (2000,1158000) ops and (694.0,10718.3) ops/second in (2.881664,108.039720) seconds
2026/05/26-09:26:25  ... thread 1: (2000,1163000) ops and (1395.8,10761.8) ops/second in (1.432892,108.067473) seconds
2026/05/26-09:26:26  ... thread 3: (15000,1196000) ops and (14711.9,11012.8) ops/second in (1.019584,108.600945) seconds
2026/05/26-09:26:26  ... thread 2: (28000,1211000) ops and (27690.3,11105.4) ops/second in (1.011186,109.045704) seconds
2026/05/26-09:26:26  ... thread 0: (28000,1186000) ops and (27491.5,10874.9) ops/second in (1.018497,109.058217) seconds
2026/05/26-09:26:26  ... thread 1: (29000,1192000) ops and (28763.8,10928.2) ops/second in (1.008211,109.075684) seconds
2026/05/26-09:26:27  ... thread 3: (26000,1222000) ops and (24023.8,11141.2) ops/second in (1.082260,109.683205) seconds
2026/05/26-09:26:27  ... thread 2: (30000,1241000) ops and (29365.9,11274.9) ops/second in (1.021593,110.067297) seconds
2026/05/26-09:26:27  ... thread 0: (29000,1215000) ops and (28674.2,11038.5) ops/second in (1.011362,110.069579) seconds
2026/05/26-09:26:27  ... thread 1: (28000,1220000) ops and (27748.9,11082.4) ops/second in (1.009048,110.084732) seconds
2026/05/26-09:26:28  ... thread 3: (14000,1236000) ops and (12820.5,11157.7) ops/second in (1.092000,110.775205) seconds
2026/05/26-09:26:28  ... thread 0: (8000,1223000) ops and (7995.5,11011.1) ops/second in (1.000557,111.070136) seconds
2026/05/26-09:26:28  ... thread 1: (9000,1229000) ops and (8831.8,11061.7) ops/second in (1.019041,111.103773) seconds
2026/05/26-09:26:28  ... thread 2: (9000,1250000) ops and (8599.2,11249.7) ops/second in (1.046604,111.113901) seconds
Initializing RocksDB Options from the specified file
Initializing RocksDB Options from command-line flags
Integrated BlobDB: blob cache disabled
Keys:       16 bytes each (+ 0 bytes user-defined timestamp)
Values:     1024 bytes each (512 bytes after compression)
Entries:    1250000
Prefix:    0 bytes
Keys per prefix:    0
RawSize:    1239.8 MB (estimated)
FileSize:   629.4 MB (estimated)
Write rate: 0 bytes/second
Read rate: 0 ops/second
Compression: Snappy
Compression sampling rate: 0
Memtablerep: SkipListFactory
Perf Level: 1
WARNING: Assertions are enabled; benchmarks unnecessarily slow
------------------------------------------------
Initializing RocksDB Options from the specified file
Initializing RocksDB Options from command-line flags
Integrated BlobDB: blob cache disabled
DB path: [/tmp/rocksdb_comp_exp_db]
fillrandom   :      89.093 micros/op 44819 ops/sec 111.559 seconds 5000000 operations;   44.5 MB/s
2026/05/26-09:26:32  ... thread 0: (1000,1000) ops and (360.3,360.3) ops/second in (2.775206,2.775206) seconds
2026/05/26-09:26:32  ... thread 3: (1000,1000) ops and (339.5,339.5) ops/second in (2.945093,2.945093) seconds
2026/05/26-09:26:32  ... thread 2: (1000,1000) ops and (335.7,335.7) ops/second in (2.978941,2.978941) seconds
2026/05/26-09:26:32  ... thread 1: (1000,1000) ops and (330.2,330.2) ops/second in (3.028297,3.028297) seconds
2026/05/26-09:26:35  ... thread 0: (1000,2000) ops and (324.2,341.3) ops/second in (3.084668,5.859874) seconds
2026/05/26-09:26:35  ... thread 3: (1000,2000) ops and (340.2,339.9) ops/second in (2.939232,5.884325) seconds
2026/05/26-09:26:35  ... thread 1: (1000,2000) ops and (339.7,334.9) ops/second in (2.943809,5.972106) seconds
2026/05/26-09:26:35  ... thread 2: (1000,2000) ops and (332.9,334.3) ops/second in (3.003871,5.982812) seconds
2026/05/26-09:26:38  ... thread 0: (1000,3000) ops and (320.9,334.2) ops/second in (3.116216,8.976090) seconds
2026/05/26-09:26:38  ... thread 3: (1000,3000) ops and (310.8,329.6) ops/second in (3.217331,9.101656) seconds
2026/05/26-09:26:39  ... thread 2: (1000,3000) ops and (248.3,299.7) ops/second in (4.028046,10.010858) seconds
2026/05/26-09:26:39  ... thread 1: (1000,3000) ops and (236.7,294.2) ops/second in (4.225176,10.197282) seconds
2026/05/26-09:26:42  ... thread 0: (1000,4000) ops and (222.3,296.8) ops/second in (4.498778,13.474868) seconds
2026/05/26-09:26:42  ... thread 2: (1000,4000) ops and (280.9,294.7) ops/second in (3.560017,13.570875) seconds
2026/05/26-09:26:42  ... thread 3: (1000,4000) ops and (223.5,294.6) ops/second in (4.474196,13.575852) seconds
2026/05/26-09:26:42  ... thread 1: (1000,4000) ops and (286.1,292.1) ops/second in (3.495615,13.692897) seconds
2026/05/26-09:26:44  ... thread 0: (1000,5000) ops and (483.9,321.7) ops/second in (2.066335,15.541203) seconds
2026/05/26-09:26:44  ... thread 2: (1000,5000) ops and (501.8,321.3) ops/second in (1.992940,15.563815) seconds
2026/05/26-09:26:44  ... thread 3: (1000,5000) ops and (492.8,320.4) ops/second in (2.029355,15.605207) seconds
2026/05/26-09:26:44  ... thread 1: (1000,5000) ops and (497.2,318.4) ops/second in (2.011213,15.704110) seconds
2026/05/26-09:26:46  ... thread 0: (1000,6000) ops and (655.0,351.5) ops/second in (1.526745,17.067948) seconds
2026/05/26-09:26:46  ... thread 2: (1000,6000) ops and (533.6,344.1) ops/second in (1.873903,17.437718) seconds
2026/05/26-09:26:46  ... thread 3: (1000,6000) ops and (523.9,342.6) ops/second in (1.908758,17.513965) seconds
2026/05/26-09:26:46  ... thread 1: (1000,6000) ops and (524.8,340.7) ops/second in (1.905596,17.609706) seconds
2026/05/26-09:26:47  ... thread 0: (1000,7000) ops and (770.2,381.1) ops/second in (1.298381,18.366329) seconds
2026/05/26-09:26:49  ... thread 0: (1000,8000) ops and (663.8,402.6) ops/second in (1.506547,19.872876) seconds
2026/05/26-09:26:49  ... thread 3: (2000,8000) ops and (826.5,401.3) ops/second in (2.419938,19.933903) seconds
2026/05/26-09:26:49  ... thread 2: (2000,8000) ops and (797.5,401.1) ops/second in (2.507693,19.945411) seconds
2026/05/26-09:26:49  ... thread 1: (2000,8000) ops and (834.5,399.9) ops/second in (2.396612,20.006318) seconds
2026/05/26-09:26:51  ... thread 0: (2000,10000) ops and (991.7,456.8) ops/second in (2.016693,21.889569) seconds
2026/05/26-09:26:51  ... thread 2: (2000,10000) ops and (1018.6,456.4) ops/second in (1.963557,21.908968) seconds
2026/05/26-09:26:51  ... thread 3: (2000,10000) ops and (1002.2,456.0) ops/second in (1.995691,21.929594) seconds
2026/05/26-09:26:51  ... thread 1: (2000,10000) ops and (988.3,453.9) ops/second in (2.023616,22.029934) seconds
2026/05/26-09:26:52  ... thread 3: (2000,12000) ops and (1641.5,518.4) ops/second in (1.218378,23.147972) seconds
2026/05/26-09:26:52  ... thread 0: (2000,12000) ops and (1575.7,518.2) ops/second in (1.269312,23.158881) seconds
2026/05/26-09:26:52  ... thread 2: (2000,12000) ops and (1559.3,517.4) ops/second in (1.282616,23.191584) seconds
2026/05/26-09:26:52  ... thread 1: (2000,12000) ops and (1514.9,513.9) ops/second in (1.320214,23.350148) seconds
2026/05/26-09:26:54  ... thread 0: (2000,14000) ops and (1230.8,564.9) ops/second in (1.624940,24.783821) seconds
2026/05/26-09:26:54  ... thread 3: (2000,14000) ops and (1218.6,564.8) ops/second in (1.641276,24.789248) seconds
2026/05/26-09:26:54  ... thread 2: (2000,14000) ops and (1187.8,562.8) ops/second in (1.683755,24.875339) seconds
2026/05/26-09:26:54  ... thread 1: (2000,14000) ops and (1213.6,560.0) ops/second in (1.647977,24.998125) seconds
2026/05/26-09:26:55  ... thread 1: (2000,16000) ops and (1318.9,603.4) ops/second in (1.516465,26.514590) seconds
2026/05/26-09:26:55  ... thread 3: (3000,17000) ops and (1613.0,637.9) ops/second in (1.859875,26.649123) seconds
2026/05/26-09:26:55  ... thread 0: (3000,17000) ops and (1589.5,637.4) ops/second in (1.887420,26.671241) seconds
2026/05/26-09:26:56  ... thread 2: (3000,17000) ops and (1546.5,634.0) ops/second in (1.939916,26.815255) seconds
2026/05/26-09:26:57  ... thread 3: (2000,19000) ops and (1283.0,673.6) ops/second in (1.558905,28.208028) seconds
2026/05/26-09:26:57  ... thread 0: (2000,19000) ops and (1236.9,671.7) ops/second in (1.616993,28.288234) seconds
2026/05/26-09:26:57  ... thread 2: (2000,19000) ops and (1270.6,669.3) ops/second in (1.574013,28.389268) seconds
2026/05/26-09:26:57  ... thread 1: (3000,19000) ops and (1599.1,669.2) ops/second in (1.876033,28.390623) seconds
2026/05/26-09:26:58  ... thread 3: (2000,21000) ops and (1342.4,707.1) ops/second in (1.489822,29.697850) seconds
2026/05/26-09:26:58  ... thread 0: (2000,21000) ops and (1357.3,705.6) ops/second in (1.473542,29.761776) seconds
2026/05/26-09:26:59  ... thread 1: (2000,21000) ops and (1349.7,703.0) ops/second in (1.481842,29.872465) seconds
2026/05/26-09:26:59  ... thread 2: (2000,21000) ops and (1293.7,701.5) ops/second in (1.545977,29.935245) seconds
2026/05/26-09:27:00  ... thread 3: (2000,23000) ops and (1320.7,736.9) ops/second in (1.514341,31.212191) seconds
2026/05/26-09:27:00  ... thread 0: (2000,23000) ops and (1330.5,735.6) ops/second in (1.503246,31.265022) seconds
2026/05/26-09:27:00  ... thread 1: (2000,23000) ops and (1366.4,734.0) ops/second in (1.463707,31.336172) seconds
2026/05/26-09:27:00  ... thread 2: (2000,23000) ops and (1235.4,728.9) ops/second in (1.618950,31.554195) seconds
2026/05/26-09:27:02  ... thread 0: (2000,25000) ops and (1270.9,761.3) ops/second in (1.573684,32.838706) seconds
2026/05/26-09:27:02  ... thread 1: (2000,25000) ops and (1329.4,761.3) ops/second in (1.504487,32.840659) seconds
2026/05/26-09:27:02  ... thread 2: (2000,25000) ops and (1386.8,757.7) ops/second in (1.442184,32.996379) seconds
2026/05/26-09:27:02  ... thread 3: (3000,26000) ops and (1604.3,785.9) ops/second in (1.869999,33.082190) seconds
2026/05/26-09:27:03  ... thread 3: (2000,28000) ops and (1672.4,816.8) ops/second in (1.195872,34.278062) seconds
2026/05/26-09:27:03  ... thread 0: (3000,28000) ops and (2020.4,815.8) ops/second in (1.484856,34.323562) seconds
2026/05/26-09:27:03  ... thread 1: (3000,28000) ops and (1846.1,812.4) ops/second in (1.625049,34.465708) seconds
2026/05/26-09:27:03  ... thread 2: (3000,28000) ops and (1989.2,811.5) ops/second in (1.508139,34.504518) seconds
2026/05/26-09:27:04  ... thread 3: (8000,36000) ops and (7745.6,1019.5) ops/second in (1.032841,35.310903) seconds
2026/05/26-09:27:04  ... thread 0: (8000,36000) ops and (7987.1,1019.1) ops/second in (1.001617,35.325179) seconds
2026/05/26-09:27:04  ... thread 1: (10000,38000) ops and (9285.1,1069.1) ops/second in (1.076998,35.542706) seconds
2026/05/26-09:27:04  ... thread 2: (10000,38000) ops and (9627.9,1069.1) ops/second in (1.038647,35.543165) seconds
2026/05/26-09:27:05  ... thread 3: (11000,47000) ops and (10984.0,1294.3) ops/second in (1.001460,36.312363) seconds
2026/05/26-09:27:05  ... thread 0: (12000,48000) ops and (10982.0,1318.0) ops/second in (1.092693,36.417872) seconds
2026/05/26-09:27:05  ... thread 1: (11000,49000) ops and (10573.3,1339.4) ops/second in (1.040354,36.583060) seconds
2026/05/26-09:27:05  ... thread 2: (12000,50000) ops and (11109.4,1365.3) ops/second in (1.080163,36.623328) seconds
2026/05/26-09:27:06  ... thread 3: (13000,60000) ops and (12193.3,1605.2) ops/second in (1.066163,37.378526) seconds
2026/05/26-09:27:06  ... thread 0: (13000,61000) ops and (12186.4,1627.3) ops/second in (1.066760,37.484632) seconds
2026/05/26-09:27:06  ... thread 1: (12000,61000) ops and (11405.7,1620.8) ops/second in (1.052105,37.635165) seconds
2026/05/26-09:27:06  ... thread 2: (13000,63000) ops and (12180.8,1671.5) ops/second in (1.067251,37.690579) seconds
2026/05/26-09:27:07  ... thread 3: (14000,74000) ops and (13851.4,1927.6) ops/second in (1.010729,38.389255) seconds
2026/05/26-09:27:07  ... thread 0: (14000,75000) ops and (13087.8,1945.3) ops/second in (1.069701,38.554333) seconds
2026/05/26-09:27:07  ... thread 1: (14000,75000) ops and (13408.4,1939.0) ops/second in (1.044121,38.679286) seconds
2026/05/26-09:27:07  ... thread 2: (14000,77000) ops and (13861.1,1989.6) ops/second in (1.010018,38.700597) seconds
2026/05/26-09:27:08  ... thread 3: (16000,90000) ops and (15191.0,2281.8) ops/second in (1.053256,39.442511) seconds
2026/05/26-09:27:08  ... thread 0: (15000,90000) ops and (14432.6,2273.1) ops/second in (1.039314,39.593647) seconds
2026/05/26-09:27:08  ... thread 1: (16000,91000) ops and (15680.7,2292.2) ops/second in (1.020362,39.699648) seconds
2026/05/26-09:27:08  ... thread 2: (17000,94000) ops and (16655.2,2366.5) ops/second in (1.020704,39.721301) seconds
DB path: [/tmp/rocksdb_comp_exp_db]
readrandom   :     401.400 micros/op 9942 ops/sec 40.231 seconds 400000 operations;    9.7 MB/s (98115 of 100000 found)

STATISTICS:
rocksdb.block.cache.miss COUNT : 3723737
rocksdb.block.cache.hit COUNT : 65871
rocksdb.block.cache.add COUNT : 917487
rocksdb.block.cache.add.failures COUNT : 0
rocksdb.block.cache.index.miss COUNT : 0
rocksdb.block.cache.index.hit COUNT : 0
rocksdb.block.cache.index.add COUNT : 0
rocksdb.block.cache.index.bytes.insert COUNT : 0
rocksdb.block.cache.filter.miss COUNT : 0
rocksdb.block.cache.filter.hit COUNT : 0
rocksdb.block.cache.filter.add COUNT : 0
rocksdb.block.cache.filter.bytes.insert COUNT : 0
rocksdb.block.cache.data.miss COUNT : 3723737
rocksdb.block.cache.data.hit COUNT : 65871
rocksdb.block.cache.data.add COUNT : 917487
rocksdb.block.cache.data.bytes.insert COUNT : 3948835088
rocksdb.block.cache.bytes.read COUNT : 283508784
rocksdb.block.cache.bytes.write COUNT : 3948835088
rocksdb.block.cache.compression.dict.miss COUNT : 0
rocksdb.block.cache.compression.dict.hit COUNT : 0
rocksdb.block.cache.compression.dict.add COUNT : 0
rocksdb.block.cache.compression.dict.bytes.insert COUNT : 0
rocksdb.block.cache.add.redundant COUNT : 15
rocksdb.block.cache.index.add.redundant COUNT : 0
rocksdb.block.cache.filter.add.redundant COUNT : 0
rocksdb.block.cache.data.add.redundant COUNT : 15
rocksdb.block.cache.compression.dict.add.redundant COUNT : 0
rocksdb.secondary.cache.hits COUNT : 0
rocksdb.secondary.cache.filter.hits COUNT : 0
rocksdb.secondary.cache.index.hits COUNT : 0
rocksdb.secondary.cache.data.hits COUNT : 0
rocksdb.compressed.secondary.cache.dummy.hits COUNT : 0
rocksdb.compressed.secondary.cache.hits COUNT : 0
rocksdb.compressed.secondary.cache.promotions COUNT : 0
rocksdb.compressed.secondary.cache.promotion.skips COUNT : 0
rocksdb.bloom.filter.useful COUNT : 0
rocksdb.bloom.filter.full.positive COUNT : 0
rocksdb.bloom.filter.full.true.positive COUNT : 0
rocksdb.bloom.filter.prefix.checked COUNT : 0
rocksdb.bloom.filter.prefix.useful COUNT : 0
rocksdb.bloom.filter.prefix.true.positive COUNT : 0
rocksdb.persistent.cache.hit COUNT : 0
rocksdb.persistent.cache.miss COUNT : 0
rocksdb.sim.block.cache.hit COUNT : 0
rocksdb.sim.block.cache.miss COUNT : 0
rocksdb.memtable.hit COUNT : 7010
rocksdb.memtable.miss COUNT : 392990
rocksdb.l0.hit COUNT : 21607
rocksdb.l1.hit COUNT : 105418
rocksdb.l2andup.hit COUNT : 258485
rocksdb.compaction.key.drop.new COUNT : 3350605
rocksdb.compaction.key.drop.obsolete COUNT : 0
rocksdb.compaction.key.drop.range_del COUNT : 0
rocksdb.compaction.key.drop.user COUNT : 0
rocksdb.compaction.range_del.drop.obsolete COUNT : 0
rocksdb.compaction.optimized.del.drop.obsolete COUNT : 0
rocksdb.compaction.cancelled COUNT : 0
rocksdb.compaction.aborted COUNT : 0
rocksdb.number.keys.written COUNT : 5000000
rocksdb.number.keys.read COUNT : 400000
rocksdb.number.keys.updated COUNT : 0
rocksdb.bytes.written COUNT : 5278212480
rocksdb.bytes.read COUNT : 401940480
rocksdb.number.db.seek COUNT : 0
rocksdb.number.db.next COUNT : 0
rocksdb.number.db.prev COUNT : 0
rocksdb.number.db.seek.found COUNT : 0
rocksdb.number.db.next.found COUNT : 0
rocksdb.number.db.prev.found COUNT : 0
rocksdb.db.iter.bytes.read COUNT : 0
rocksdb.number.iter.skip COUNT : 0
rocksdb.number.reseeks.iteration COUNT : 0
rocksdb.num.iterator.created COUNT : 0
rocksdb.num.iterator.deleted COUNT : 0
rocksdb.no.file.opens COUNT : 154
rocksdb.no.file.errors COUNT : 0
rocksdb.stall.micros COUNT : 72268080
rocksdb.db.mutex.wait.micros COUNT : 0
rocksdb.number.multiget.get COUNT : 0
rocksdb.number.multiget.keys.read COUNT : 0
rocksdb.number.multiget.bytes.read COUNT : 0
rocksdb.number.multiget.keys.found COUNT : 0
rocksdb.number.merge.failures COUNT : 0
rocksdb.getupdatessince.calls COUNT : 0
rocksdb.wal.synced COUNT : 0
rocksdb.wal.bytes COUNT : 5278212480
rocksdb.write.self COUNT : 4851040
rocksdb.write.other COUNT : 148960
rocksdb.write.wal COUNT : 5000000
rocksdb.compact.read.bytes COUNT : 6845732643
rocksdb.compact.write.bytes COUNT : 4835663523
rocksdb.flush.write.bytes COUNT : 2971379763
rocksdb.compact.read.marked.bytes COUNT : 0
rocksdb.compact.read.periodic.bytes COUNT : 0
rocksdb.compact.read.ttl.bytes COUNT : 0
rocksdb.compact.write.marked.bytes COUNT : 0
rocksdb.compact.write.periodic.bytes COUNT : 0
rocksdb.compact.write.ttl.bytes COUNT : 0
rocksdb.number.direct.load.table.properties COUNT : 0
rocksdb.number.superversion_acquires COUNT : 40
rocksdb.number.superversion_releases COUNT : 35
rocksdb.number.superversion_cleanups COUNT : 9
rocksdb.number.block.compressed COUNT : 3196303
rocksdb.number.block.decompressed COUNT : 3723891
rocksdb.bytes.compressed.from COUNT : 13471558379
rocksdb.bytes.compressed.to COUNT : 7790856953
rocksdb.bytes.compression_bypassed COUNT : 0
rocksdb.bytes.compression.rejected COUNT : 0
rocksdb.number.block_compression_bypassed COUNT : 0
rocksdb.number.block_compression_rejected COUNT : 0
rocksdb.bytes.decompressed.from COUNT : 9073034448
rocksdb.bytes.decompressed.to COUNT : 15684924493
rocksdb.merge.operation.time.nanos COUNT : 0
rocksdb.filter.operation.time.nanos COUNT : 0
rocksdb.compaction.total.time.cpu_micros COUNT : 38697975
rocksdb.row.cache.hit COUNT : 0
rocksdb.row.cache.miss COUNT : 0
rocksdb.read.amp.estimate.useful.bytes COUNT : 0
rocksdb.read.amp.total.read.bytes COUNT : 0
rocksdb.number.rate_limiter.drains COUNT : 0
rocksdb.blobdb.num.put COUNT : 0
rocksdb.blobdb.num.write COUNT : 0
rocksdb.blobdb.num.get COUNT : 0
rocksdb.blobdb.num.multiget COUNT : 0
rocksdb.blobdb.num.seek COUNT : 0
rocksdb.blobdb.num.next COUNT : 0
rocksdb.blobdb.num.prev COUNT : 0
rocksdb.blobdb.num.keys.written COUNT : 0
rocksdb.blobdb.num.keys.read COUNT : 0
rocksdb.blobdb.bytes.written COUNT : 0
rocksdb.blobdb.bytes.read COUNT : 0
rocksdb.blobdb.write.inlined COUNT : 0
rocksdb.blobdb.write.inlined.ttl COUNT : 0
rocksdb.blobdb.write.blob COUNT : 0
rocksdb.blobdb.write.blob.ttl COUNT : 0
rocksdb.blobdb.blob.file.bytes.written COUNT : 0
rocksdb.blobdb.blob.file.bytes.read COUNT : 0
rocksdb.blobdb.blob.file.synced COUNT : 0
rocksdb.blobdb.blob.index.expired.count COUNT : 0
rocksdb.blobdb.blob.index.expired.size COUNT : 0
rocksdb.blobdb.blob.index.evicted.count COUNT : 0
rocksdb.blobdb.blob.index.evicted.size COUNT : 0
rocksdb.blobdb.gc.num.files COUNT : 0
rocksdb.blobdb.gc.num.new.files COUNT : 0
rocksdb.blobdb.gc.failures COUNT : 0
rocksdb.blobdb.gc.num.keys.relocated COUNT : 0
rocksdb.blobdb.gc.bytes.relocated COUNT : 0
rocksdb.blobdb.fifo.num.files.evicted COUNT : 0
rocksdb.blobdb.fifo.num.keys.evicted COUNT : 0
rocksdb.blobdb.fifo.bytes.evicted COUNT : 0
rocksdb.blobdb.cache.miss COUNT : 0
rocksdb.blobdb.cache.hit COUNT : 0
rocksdb.blobdb.cache.add COUNT : 0
rocksdb.blobdb.cache.add.failures COUNT : 0
rocksdb.blobdb.cache.bytes.read COUNT : 0
rocksdb.blobdb.cache.bytes.write COUNT : 0
rocksdb.txn.overhead.mutex.prepare COUNT : 0
rocksdb.txn.overhead.mutex.old.commit.map COUNT : 0
rocksdb.txn.overhead.duplicate.key COUNT : 0
rocksdb.txn.overhead.mutex.snapshot COUNT : 0
rocksdb.txn.get.tryagain COUNT : 0
rocksdb.files.marked.trash COUNT : 0
rocksdb.files.marked.trash.deleted COUNT : 0
rocksdb.files.deleted.immediately COUNT : 215
rocksdb.error.handler.bg.error.count COUNT : 0
rocksdb.error.handler.bg.io.error.count COUNT : 0
rocksdb.error.handler.bg.retryable.io.error.count COUNT : 0
rocksdb.error.handler.autoresume.count COUNT : 0
rocksdb.error.handler.autoresume.retry.total.count COUNT : 0
rocksdb.error.handler.autoresume.success.count COUNT : 0
rocksdb.memtable.payload.bytes.at.flush COUNT : 5217105392
rocksdb.memtable.garbage.bytes.at.flush COUNT : 128192408
rocksdb.verify_checksum.read.bytes COUNT : 0
rocksdb.backup.read.bytes COUNT : 0
rocksdb.backup.write.bytes COUNT : 0
rocksdb.remote.compact.read.bytes COUNT : 0
rocksdb.remote.compact.write.bytes COUNT : 0
rocksdb.remote.compact.resumed.bytes COUNT : 0
rocksdb.hot.file.read.bytes COUNT : 0
rocksdb.warm.file.read.bytes COUNT : 0
rocksdb.cool.file.read.bytes COUNT : 0
rocksdb.cold.file.read.bytes COUNT : 0
rocksdb.ice.file.read.bytes COUNT : 0
rocksdb.hot.file.read.count COUNT : 0
rocksdb.warm.file.read.count COUNT : 0
rocksdb.cool.file.read.count COUNT : 0
rocksdb.cold.file.read.count COUNT : 0
rocksdb.ice.file.read.count COUNT : 0
rocksdb.last.level.read.bytes COUNT : 0
rocksdb.last.level.read.count COUNT : 0
rocksdb.non.last.level.read.bytes COUNT : 9091847314
rocksdb.non.last.level.read.count COUNT : 3724353
rocksdb.last.level.seek.filtered COUNT : 0
rocksdb.last.level.seek.filter.match COUNT : 0
rocksdb.last.level.seek.data COUNT : 0
rocksdb.last.level.seek.data.useful.no.filter COUNT : 0
rocksdb.last.level.seek.data.useful.filter.match COUNT : 0
rocksdb.non.last.level.seek.filtered COUNT : 0
rocksdb.non.last.level.seek.filter.match COUNT : 0
rocksdb.non.last.level.seek.data COUNT : 0
rocksdb.non.last.level.seek.data.useful.no.filter COUNT : 0
rocksdb.non.last.level.seek.data.useful.filter.match COUNT : 0
rocksdb.block.checksum.compute.count COUNT : 3724045
rocksdb.block.checksum.mismatch.count COUNT : 0
rocksdb.multiget.coroutine.count COUNT : 0
rocksdb.read.async.micros COUNT : 0
rocksdb.async.read.error.count COUNT : 0
rocksdb.table.open.prefetch.tail.miss COUNT : 0
rocksdb.table.open.prefetch.tail.hit COUNT : 0
rocksdb.timestamp.filter.table.checked COUNT : 0
rocksdb.timestamp.filter.table.filtered COUNT : 0
rocksdb.readahead.trimmed COUNT : 0
rocksdb.fifo.max.size.compactions COUNT : 0
rocksdb.fifo.ttl.compactions COUNT : 0
rocksdb.fifo.change_temperature.compactions COUNT : 0
rocksdb.prefetch.bytes COUNT : 0
rocksdb.prefetch.bytes.useful COUNT : 0
rocksdb.prefetch.hits COUNT : 0
rocksdb.footer.corruption.count COUNT : 0
rocksdb.file.read.corruption.retry.count COUNT : 0
rocksdb.file.read.corruption.retry.success.count COUNT : 0
rocksdb.number.wbwi.ingest COUNT : 0
rocksdb.sst.user.defined.index.load.fail.count COUNT : 0
rocksdb.multiscan.prepare.calls COUNT : 0
rocksdb.multiscan.prepare.errors COUNT : 0
rocksdb.multiscan.blocks.prefetched COUNT : 0
rocksdb.multiscan.blocks.from.cache COUNT : 0
rocksdb.multiscan.prefetch.bytes COUNT : 0
rocksdb.multiscan.prefetch.blocks.wasted COUNT : 0
rocksdb.multiscan.io.requests COUNT : 0
rocksdb.multiscan.io.coalesced.nonadjacent COUNT : 0
rocksdb.multiscan.seek.errors COUNT : 0
rocksdb.prefetch.memory.bytes.granted COUNT : 0
rocksdb.prefetch.memory.bytes.released COUNT : 0
rocksdb.prefetch.memory.requests.blocked COUNT : 0
rocksdb.read.path.range.tombstones.inserted COUNT : 0
rocksdb.read.path.range.tombstones.discarded COUNT : 0
rocksdb.file.open.metadata.retrieved COUNT : 0
rocksdb.file.open.metadata.passed COUNT : 0
rocksdb.manifest.validation.failure.count COUNT : 0
rocksdb.db.get.micros P50 : 18.204692 P95 : 1397.071299 P99 : 5938.009050 P100 : 653305.000000 COUNT : 400000 SUM : 160278812
rocksdb.db.write.micros P50 : 5.561583 P95 : 54.641440 P99 : 1515.799111 P100 : 889298.000000 COUNT : 5000000 SUM : 441523693
rocksdb.compaction.times.micros P50 : 5400000.000000 P95 : 22353579.000000 P99 : 22353579.000000 P100 : 22353579.000000 COUNT : 16 SUM : 141348368
rocksdb.compaction.times.cpu_micros P50 : 1725000.000000 P95 : 5628845.000000 P99 : 5628845.000000 P100 : 5628845.000000 COUNT : 16 SUM : 38697975
rocksdb.subcompaction.setup.times.micros P50 : 0.000000 P95 : 0.000000 P99 : 0.000000 P100 : 0.000000 COUNT : 0 SUM : 0
rocksdb.table.sync.micros P50 : 342857.142857 P95 : 929792.000000 P99 : 929792.000000 P100 : 929792.000000 COUNT : 80 SUM : 38269367
rocksdb.compaction.outfile.sync.micros P50 : 718717.948718 P95 : 1146000.000000 P99 : 1382000.000000 P100 : 1512825.000000 COUNT : 74 SUM : 48474639
rocksdb.wal.file.sync.micros P50 : 0.000000 P95 : 0.000000 P99 : 0.000000 P100 : 0.000000 COUNT : 0 SUM : 0
rocksdb.manifest.file.sync.micros P50 : 5547.826087 P95 : 18900.000000 P99 : 74500.000000 P100 : 298185.000000 COUNT : 102 SUM : 993978
rocksdb.table.open.io.micros P50 : 696.000000 P95 : 3350.000000 P99 : 6402.000000 P100 : 9444.000000 COUNT : 154 SUM : 150402
rocksdb.db.multiget.micros P50 : 0.000000 P95 : 0.000000 P99 : 0.000000 P100 : 0.000000 COUNT : 0 SUM : 0
rocksdb.read.block.compaction.micros P50 : 3.267684 P95 : 7.913025 P99 : 18.366704 P100 : 326654.000000 COUNT : 2806250 SUM : 62764892
rocksdb.read.block.get.micros P50 : 5.937803 P95 : 961.587173 P99 : 1754.293041 P100 : 613749.000000 COUNT : 917641 SUM : 155592202
rocksdb.write.raw.block.micros P50 : 0.531601 P95 : 1.202939 P99 : 2.480551 P100 : 14017.000000 COUNT : 3196611 SUM : 9093703
rocksdb.numfiles.in.singlecompaction P50 : 4.000000 P95 : 19.900000 P99 : 21.580000 P100 : 22.000000 COUNT : 18 SUM : 144
rocksdb.db.seek.micros P50 : 0.000000 P95 : 0.000000 P99 : 0.000000 P100 : 0.000000 COUNT : 0 SUM : 0
rocksdb.db.write.stall P50 : 1215.515036 P95 : 2769.979144 P99 : 2880.607910 P100 : 887063.000000 COUNT : 35805 SUM : 72268080
rocksdb.sst.read.micros P50 : 0.870339 P95 : 5.516586 P99 : 1234.007425 P100 : 613680.000000 COUNT : 3724353 SUM : 204854310
rocksdb.file.read.flush.micros P50 : 3.833333 P95 : 67.666667 P99 : 99.314286 P100 : 113.000000 COUNT : 320 SUM : 5365
rocksdb.file.read.compaction.micros P50 : 0.717292 P95 : 4.272050 P99 : 9.628965 P100 : 326638.000000 COUNT : 2806546 SUM : 54562269
rocksdb.file.read.db.open.micros P50 : 0.000000 P95 : 0.000000 P99 : 0.000000 P100 : 0.000000 COUNT : 0 SUM : 0
rocksdb.file.read.get.micros P50 : 0.000000 P95 : 0.000000 P99 : 0.000000 P100 : 0.000000 COUNT : 0 SUM : 0
rocksdb.file.read.multiget.micros P50 : 0.000000 P95 : 0.000000 P99 : 0.000000 P100 : 0.000000 COUNT : 0 SUM : 0
rocksdb.file.read.db.iterator.micros P50 : 0.000000 P95 : 0.000000 P99 : 0.000000 P100 : 0.000000 COUNT : 0 SUM : 0
rocksdb.file.read.verify.db.checksum.micros P50 : 0.000000 P95 : 0.000000 P99 : 0.000000 P100 : 0.000000 COUNT : 0 SUM : 0
rocksdb.file.read.verify.file.checksums.micros P50 : 0.000000 P95 : 0.000000 P99 : 0.000000 P100 : 0.000000 COUNT : 0 SUM : 0
rocksdb.sst.write.micros P50 : 0.502072 P95 : 0.953937 P99 : 0.994103 P100 : 14015.000000 COUNT : 6393376 SUM : 7420790
rocksdb.file.write.flush.micros P50 : 0.501589 P95 : 0.953019 P99 : 0.993146 P100 : 14015.000000 COUNT : 2428536 SUM : 3118986
rocksdb.file.write.compaction.micros P50 : 0.502369 P95 : 0.954500 P99 : 0.994690 P100 : 10497.000000 COUNT : 3964840 SUM : 4301804
rocksdb.file.write.db.open.micros P50 : 0.000000 P95 : 0.000000 P99 : 0.000000 P100 : 0.000000 COUNT : 0 SUM : 0
rocksdb.num.subcompactions.scheduled P50 : 0.000000 P95 : 0.000000 P99 : 0.000000 P100 : 0.000000 COUNT : 0 SUM : 0
rocksdb.bytes.per.read P50 : 1024.000000 P95 : 1024.000000 P99 : 1024.000000 P100 : 1024.000000 COUNT : 400000 SUM : 401940480
rocksdb.bytes.per.write P50 : 1088.658431 P95 : 1285.451018 P99 : 2813.975425 P100 : 4188.000000 COUNT : 4851040 SUM : 5278212480
rocksdb.bytes.per.multiget P50 : 0.000000 P95 : 0.000000 P99 : 0.000000 P100 : 0.000000 COUNT : 0 SUM : 0
rocksdb.compression.times.nanos P50 : 0.000000 P95 : 0.000000 P99 : 0.000000 P100 : 0.000000 COUNT : 0 SUM : 0
rocksdb.decompression.times.nanos P50 : 0.000000 P95 : 0.000000 P99 : 0.000000 P100 : 0.000000 COUNT : 0 SUM : 0
rocksdb.read.num.merge_operands P50 : 0.000000 P95 : 0.000000 P99 : 0.000000 P100 : 0.000000 COUNT : 0 SUM : 0
rocksdb.blobdb.key.size P50 : 0.000000 P95 : 0.000000 P99 : 0.000000 P100 : 0.000000 COUNT : 0 SUM : 0
rocksdb.blobdb.value.size P50 : 0.000000 P95 : 0.000000 P99 : 0.000000 P100 : 0.000000 COUNT : 0 SUM : 0
rocksdb.blobdb.write.micros P50 : 0.000000 P95 : 0.000000 P99 : 0.000000 P100 : 0.000000 COUNT : 0 SUM : 0
rocksdb.blobdb.get.micros P50 : 0.000000 P95 : 0.000000 P99 : 0.000000 P100 : 0.000000 COUNT : 0 SUM : 0
rocksdb.blobdb.multiget.micros P50 : 0.000000 P95 : 0.000000 P99 : 0.000000 P100 : 0.000000 COUNT : 0 SUM : 0
rocksdb.blobdb.seek.micros P50 : 0.000000 P95 : 0.000000 P99 : 0.000000 P100 : 0.000000 COUNT : 0 SUM : 0
rocksdb.blobdb.next.micros P50 : 0.000000 P95 : 0.000000 P99 : 0.000000 P100 : 0.000000 COUNT : 0 SUM : 0
rocksdb.blobdb.prev.micros P50 : 0.000000 P95 : 0.000000 P99 : 0.000000 P100 : 0.000000 COUNT : 0 SUM : 0
rocksdb.blobdb.blob.file.write.micros P50 : 0.000000 P95 : 0.000000 P99 : 0.000000 P100 : 0.000000 COUNT : 0 SUM : 0
rocksdb.blobdb.blob.file.read.micros P50 : 0.000000 P95 : 0.000000 P99 : 0.000000 P100 : 0.000000 COUNT : 0 SUM : 0
rocksdb.blobdb.blob.file.sync.micros P50 : 0.000000 P95 : 0.000000 P99 : 0.000000 P100 : 0.000000 COUNT : 0 SUM : 0
rocksdb.blobdb.compression.micros P50 : 0.000000 P95 : 0.000000 P99 : 0.000000 P100 : 0.000000 COUNT : 0 SUM : 0
rocksdb.blobdb.decompression.micros P50 : 0.000000 P95 : 0.000000 P99 : 0.000000 P100 : 0.000000 COUNT : 0 SUM : 0
rocksdb.db.flush.micros P50 : 622727.272727 P95 : 1182105.263158 P99 : 1269326.000000 P100 : 1269326.000000 COUNT : 80 SUM : 54963519
rocksdb.sst.batch.size P50 : 0.000000 P95 : 0.000000 P99 : 0.000000 P100 : 0.000000 COUNT : 0 SUM : 0
rocksdb.multiget.io.batch.size P50 : 0.000000 P95 : 0.000000 P99 : 0.000000 P100 : 0.000000 COUNT : 0 SUM : 0
rocksdb.num.index.and.filter.blocks.read.per.level P50 : 0.000000 P95 : 0.000000 P99 : 0.000000 P100 : 0.000000 COUNT : 0 SUM : 0
rocksdb.num.sst.read.per.level P50 : 0.000000 P95 : 0.000000 P99 : 0.000000 P100 : 0.000000 COUNT : 0 SUM : 0
rocksdb.num.level.read.per.multiget P50 : 0.000000 P95 : 0.000000 P99 : 0.000000 P100 : 0.000000 COUNT : 0 SUM : 0
rocksdb.error.handler.autoresume.retry.count P50 : 0.000000 P95 : 0.000000 P99 : 0.000000 P100 : 0.000000 COUNT : 0 SUM : 0
rocksdb.async.read.bytes P50 : 0.000000 P95 : 0.000000 P99 : 0.000000 P100 : 0.000000 COUNT : 0 SUM : 0
rocksdb.poll.wait.micros P50 : 0.000000 P95 : 0.000000 P99 : 0.000000 P100 : 0.000000 COUNT : 0 SUM : 0
rocksdb.compaction.prefetch.bytes P50 : 0.000000 P95 : 0.000000 P99 : 0.000000 P100 : 0.000000 COUNT : 0 SUM : 0
rocksdb.prefetched.bytes.discarded P50 : 0.000000 P95 : 0.000000 P99 : 0.000000 P100 : 0.000000 COUNT : 0 SUM : 0
rocksdb.async.prefetch.abort.micros P50 : 0.000000 P95 : 0.000000 P99 : 0.000000 P100 : 0.000000 COUNT : 0 SUM : 0
rocksdb.table.open.prefetch.tail.read.bytes P50 : 0.000000 P95 : 0.000000 P99 : 0.000000 P100 : 0.000000 COUNT : 0 SUM : 0
rocksdb.num.op.per.transaction P50 : 0.000000 P95 : 0.000000 P99 : 0.000000 P100 : 0.000000 COUNT : 0 SUM : 0
rocksdb.multiscan.op.prepare.iterators.micros P50 : 0.000000 P95 : 0.000000 P99 : 0.000000 P100 : 0.000000 COUNT : 0 SUM : 0
rocksdb.multiscan.prepare.micros P50 : 0.000000 P95 : 0.000000 P99 : 0.000000 P100 : 0.000000 COUNT : 0 SUM : 0
rocksdb.multiscan.blocks.per.prepare P50 : 0.000000 P95 : 0.000000 P99 : 0.000000 P100 : 0.000000 COUNT : 0 SUM : 0
rocksdb.block.key.distribution.cv P50 : 0.000000 P95 : 0.000000 P99 : 0.000000 P100 : 0.000000 COUNT : 0 SUM : 0

[EXPERIMENT_COMPLETED]
