RocksDB:    version 11.3.0
Date:       Tue May 26 11:58:00 2026
CPU:        2 * Intel Xeon Processor (SapphireRapids)
CPUCache:   16384 KB
2026/05/26-11:58:01  ... thread 0: (30000,30000) ops and (29911.5,29911.5) ops/second in (1.002959,1.002959) seconds
2026/05/26-11:58:01  ... thread 1: (37000,37000) ops and (36671.7,36671.7) ops/second in (1.008952,1.008952) seconds
2026/05/26-11:58:01  ... thread 2: (37000,37000) ops and (35851.4,35851.4) ops/second in (1.032037,1.032037) seconds
2026/05/26-11:58:01  ... thread 3: (43000,43000) ops and (40993.8,40993.8) ops/second in (1.048940,1.048940) seconds
2026/05/26-11:58:02  ... thread 0: (32000,62000) ops and (31606.9,30763.2) ops/second in (1.012437,2.015396) seconds
2026/05/26-11:58:02  ... thread 1: (36000,73000) ops and (35518.5,36093.8) ops/second in (1.013557,2.022509) seconds
2026/05/26-11:58:02  ... thread 2: (38000,75000) ops and (37252.6,36547.9) ops/second in (1.020063,2.052100) seconds
2026/05/26-11:58:02  ... thread 3: (36000,79000) ops and (35335.2,38205.7) ops/second in (1.018813,2.067753) seconds
2026/05/26-11:58:03  ... thread 1: (20000,93000) ops and (15256.8,27899.4) ops/second in (1.310894,3.333403) seconds
2026/05/26-11:58:03  ... thread 3: (22000,101000) ops and (17145.7,30141.4) ops/second in (1.283123,3.350876) seconds
2026/05/26-11:58:03  ... thread 2: (24000,99000) ops and (18350.1,29464.3) ops/second in (1.307895,3.359995) seconds
2026/05/26-11:58:04  ... thread 0: (21000,83000) ops and (15571.6,24673.0) ops/second in (1.348605,3.364001) seconds
2026/05/26-11:58:04  ... thread 1: (27000,120000) ops and (26734.0,27628.4) ops/second in (1.009948,4.343351) seconds
2026/05/26-11:58:05  ... thread 3: (32000,133000) ops and (21752.4,27582.0) ops/second in (1.471103,4.821979) seconds
2026/05/26-11:58:05  ... thread 0: (29000,112000) ops and (19763.4,23181.9) ops/second in (1.467360,4.831361) seconds
2026/05/26-11:58:05  ... thread 2: (34000,133000) ops and (22299.2,27227.8) ops/second in (1.524720,4.884715) seconds
2026/05/26-11:58:05  ... thread 1: (19000,139000) ops and (18977.6,26007.9) ops/second in (1.001181,5.344532) seconds
2026/05/26-11:58:07  ... thread 3: (38000,171000) ops and (22007.7,26112.3) ops/second in (1.726669,6.548648) seconds
2026/05/26-11:58:07  ... thread 2: (25000,158000) ops and (14947.4,24095.5) ops/second in (1.672536,6.557251) seconds
2026/05/26-11:58:07  ... thread 1: (13000,152000) ops and (10698.9,23172.1) ops/second in (1.215080,6.559612) seconds
2026/05/26-11:58:07  ... thread 0: (31000,143000) ops and (17862.1,21776.0) ops/second in (1.735514,6.566875) seconds
2026/05/26-11:58:08  ... thread 1: (19000,171000) ops and (15416.6,21945.4) ops/second in (1.232439,7.792051) seconds
2026/05/26-11:58:08  ... thread 0: (14000,157000) ops and (11422.9,20147.6) ops/second in (1.225613,7.792488) seconds
2026/05/26-11:58:08  ... thread 3: (13000,184000) ops and (10179.3,23512.1) ops/second in (1.277100,7.825748) seconds
2026/05/26-11:58:08  ... thread 2: (16000,174000) ops and (12444.4,22185.5) ops/second in (1.285720,7.842971) seconds
2026/05/26-11:58:09  ... thread 1: (28000,199000) ops and (18482.5,21381.8) ops/second in (1.514943,9.306994) seconds
2026/05/26-11:58:09  ... thread 3: (34000,218000) ops and (22690.5,23380.1) ops/second in (1.498423,9.324171) seconds
2026/05/26-11:58:09  ... thread 2: (26000,200000) ops and (17499.9,21439.2) ops/second in (1.485721,9.328692) seconds
2026/05/26-11:58:10  ... thread 0: (37000,194000) ops and (23487.5,20709.2) ops/second in (1.575309,9.367797) seconds
2026/05/26-11:58:11  ... thread 1: (17000,216000) ops and (15606.6,20776.7) ops/second in (1.089283,10.396277) seconds
2026/05/26-11:58:11  ... thread 2: (18000,218000) ops and (16784.5,20959.3) ops/second in (1.072421,10.401113) seconds
2026/05/26-11:58:11  ... thread 0: (14000,208000) ops and (13576.9,20002.0) ops/second in (1.031160,10.398957) seconds
2026/05/26-11:58:11  ... thread 3: (15000,233000) ops and (13748.7,22371.2) ops/second in (1.091009,10.415180) seconds
2026/05/26-11:58:12  ... thread 3: (11000,244000) ops and (9093.0,20989.4) ops/second in (1.209716,11.624896) seconds
2026/05/26-11:58:12  ... thread 2: (12000,230000) ops and (9758.8,19775.1) ops/second in (1.229660,11.630773) seconds
2026/05/26-11:58:12  ... thread 0: (21000,229000) ops and (17105.9,19696.2) ops/second in (1.227646,11.626603) seconds
2026/05/26-11:58:12  ... thread 1: (16000,232000) ops and (12762.8,19914.3) ops/second in (1.253641,11.649918) seconds
2026/05/26-11:58:13  ... thread 3: (30000,274000) ops and (18775.1,20721.9) ops/second in (1.597861,13.222757) seconds
2026/05/26-11:58:13  ... thread 1: (30000,262000) ops and (18932.4,19796.7) ops/second in (1.584586,13.234504) seconds
2026/05/26-11:58:13  ... thread 2: (29000,259000) ops and (17980.2,19556.5) ops/second in (1.612885,13.243658) seconds
2026/05/26-11:58:13  ... thread 0: (36000,265000) ops and (22119.5,19993.8) ops/second in (1.627523,13.254126) seconds
2026/05/26-11:58:14  ... thread 1: (12000,274000) ops and (10790.9,19098.7) ops/second in (1.112048,14.346552) seconds
2026/05/26-11:58:14  ... thread 0: (14000,279000) ops and (12754.0,19440.0) ops/second in (1.097693,14.351819) seconds
2026/05/26-11:58:15  ... thread 3: (18000,292000) ops and (15721.9,20323.4) ops/second in (1.144901,14.367658) seconds
2026/05/26-11:58:15  ... thread 2: (18000,277000) ops and (15919.6,19270.4) ops/second in (1.130683,14.374341) seconds
2026/05/26-11:58:16  ... thread 2: (39000,316000) ops and (26290.4,19927.1) ops/second in (1.483432,15.857773) seconds
2026/05/26-11:58:16  ... thread 0: (28000,307000) ops and (18514.9,19351.9) ops/second in (1.512297,15.864116) seconds
2026/05/26-11:58:16  ... thread 1: (26000,300000) ops and (17070.4,18904.0) ops/second in (1.523106,15.869658) seconds
2026/05/26-11:58:16  ... thread 3: (32000,324000) ops and (21022.2,20390.4) ops/second in (1.522197,15.889855) seconds
2026/05/26-11:58:17  ... thread 1: (16000,316000) ops and (14646.0,18629.8) ops/second in (1.092447,16.962105) seconds
2026/05/26-11:58:17  ... thread 0: (15000,322000) ops and (13606.0,18978.5) ops/second in (1.102453,16.966569) seconds
2026/05/26-11:58:17  ... thread 3: (14000,338000) ops and (12748.8,19896.4) ops/second in (1.098139,16.987994) seconds
2026/05/26-11:58:17  ... thread 2: (17000,333000) ops and (14850.9,19585.4) ops/second in (1.144714,17.002487) seconds
2026/05/26-11:58:18  ... thread 1: (18000,334000) ops and (17819.4,18584.2) ops/second in (1.010137,17.972242) seconds
2026/05/26-11:58:18  ... thread 3: (20000,358000) ops and (19901.5,19896.7) ops/second in (1.004948,17.992942) seconds
2026/05/26-11:58:18  ... thread 0: (18000,340000) ops and (17567.5,18898.1) ops/second in (1.024619,17.991188) seconds
2026/05/26-11:58:18  ... thread 2: (23000,356000) ops and (22800.5,19765.4) ops/second in (1.008751,18.011238) seconds
2026/05/26-11:58:20  ... thread 2: (9000,365000) ops and (5397.4,18548.0) ops/second in (1.667470,19.678708) seconds
2026/05/26-11:58:20  ... thread 0: (13000,353000) ops and (7606.0,17918.5) ops/second in (1.709170,19.700358) seconds
2026/05/26-11:58:20  ... thread 1: (10000,344000) ops and (5742.2,17449.8) ops/second in (1.741484,19.713726) seconds
2026/05/26-11:58:20  ... thread 3: (14000,372000) ops and (8099.9,18862.8) ops/second in (1.728427,19.721369) seconds
2026/05/26-11:58:21  ... thread 2: (13000,378000) ops and (11420.0,18158.2) ops/second in (1.138356,20.817064) seconds
2026/05/26-11:58:21  ... thread 1: (13000,357000) ops and (11788.3,17149.8) ops/second in (1.102788,20.816514) seconds
2026/05/26-11:58:21  ... thread 3: (20000,392000) ops and (18197.5,18827.7) ops/second in (1.099050,20.820419) seconds
2026/05/26-11:58:21  ... thread 0: (16000,369000) ops and (14324.6,17725.6) ops/second in (1.116959,20.817317) seconds
2026/05/26-11:58:23  ... thread 0: (27000,396000) ops and (17167.2,17686.4) ops/second in (1.572767,22.390084) seconds
2026/05/26-11:58:23  ... thread 3: (31000,423000) ops and (19518.6,18876.6) ops/second in (1.588232,22.408651) seconds
2026/05/26-11:58:23  ... thread 1: (30000,387000) ops and (18800.0,17267.3) ops/second in (1.595746,22.412260) seconds
2026/05/26-11:58:23  ... thread 2: (36000,414000) ops and (22453.4,18465.3) ops/second in (1.603319,22.420383) seconds
2026/05/26-11:58:24  ... thread 2: (14000,428000) ops and (12357.1,18171.5) ops/second in (1.132954,23.553337) seconds
2026/05/26-11:58:24  ... thread 0: (16000,412000) ops and (13682.5,17487.7) ops/second in (1.169379,23.559463) seconds
2026/05/26-11:58:24  ... thread 1: (15000,402000) ops and (12984.9,17057.4) ops/second in (1.155188,23.567448) seconds
2026/05/26-11:58:24  ... thread 3: (17000,440000) ops and (14385.2,18651.6) ops/second in (1.181772,23.590423) seconds
2026/05/26-11:58:25  ... thread 1: (31000,433000) ops and (23673.8,17405.7) ops/second in (1.309465,24.876913) seconds
2026/05/26-11:58:25  ... thread 3: (29000,469000) ops and (22364.1,18845.1) ops/second in (1.296723,24.887146) seconds
2026/05/26-11:58:25  ... thread 2: (33000,461000) ops and (24707.5,18522.3) ops/second in (1.335629,24.888966) seconds
2026/05/26-11:58:25  ... thread 0: (32000,444000) ops and (23915.6,17833.1) ops/second in (1.338041,24.897504) seconds
2026/05/26-11:58:26  ... thread 3: (18000,487000) ops and (17863.7,18806.9) ops/second in (1.007630,25.894776) seconds
2026/05/26-11:58:26  ... thread 0: (19000,463000) ops and (18890.9,17874.2) ops/second in (1.005777,25.903281) seconds
2026/05/26-11:58:26  ... thread 2: (21000,482000) ops and (20495.2,18600.3) ops/second in (1.024631,25.913597) seconds
2026/05/26-11:58:26  ... thread 1: (21000,454000) ops and (20227.0,17518.7) ops/second in (1.038216,25.915129) seconds
2026/05/26-11:58:27  ... thread 3: (11000,498000) ops and (10736.8,18499.7) ops/second in (1.024517,26.919293) seconds
2026/05/26-11:58:27  ... thread 1: (12000,466000) ops and (11825.3,17304.2) ops/second in (1.014777,26.929906) seconds
2026/05/26-11:58:27  ... thread 0: (13000,476000) ops and (12665.2,17675.6) ops/second in (1.026432,26.929713) seconds
2026/05/26-11:58:27  ... thread 2: (11000,493000) ops and (10713.7,18299.7) ops/second in (1.026719,26.940316) seconds
2026/05/26-11:58:28  ... thread 1: (27000,493000) ops and (26662.1,17643.3) ops/second in (1.012673,27.942579) seconds
2026/05/26-11:58:28  ... thread 3: (30000,528000) ops and (29192.5,18892.9) ops/second in (1.027660,27.946953) seconds
2026/05/26-11:58:28  ... thread 0: (27000,503000) ops and (26280.6,17991.9) ops/second in (1.027372,27.957085) seconds
2026/05/26-11:58:28  ... thread 2: (28000,521000) ops and (26902.5,18619.7) ops/second in (1.040797,27.981113) seconds
2026/05/26-11:58:29  ... thread 3: (22000,550000) ops and (21015.0,18969.6) ops/second in (1.046873,28.993826) seconds
2026/05/26-11:58:29  ... thread 2: (18000,539000) ops and (15234.3,18482.5) ops/second in (1.181546,29.162659) seconds
2026/05/26-11:58:30  ... thread 1: (17000,510000) ops and (11784.4,17355.7) ops/second in (1.442585,29.385164) seconds
2026/05/26-11:58:30  ... thread 3: (4000,554000) ops and (3728.2,18425.7) ops/second in (1.072905,30.066731) seconds
2026/05/26-11:58:30  ... thread 0: (18000,521000) ops and (7933.2,17236.8) ops/second in (2.268932,30.226017) seconds
2026/05/26-11:58:31  ... thread 1: (1000,511000) ops and (988.8,16811.2) ops/second in (1.011303,30.396467) seconds
2026/05/26-11:58:31  ... thread 2: (2000,541000) ops and (1553.5,17766.8) ops/second in (1.287428,30.450087) seconds
2026/05/26-11:58:31  ... thread 0: (2000,523000) ops and (1902.8,16721.5) ops/second in (1.051082,31.277099) seconds
2026/05/26-11:58:32  ... thread 1: (2000,513000) ops and (1643.5,16227.3) ops/second in (1.216891,31.613358) seconds
2026/05/26-11:58:32  ... thread 2: (2000,543000) ops and (1416.8,17042.4) ops/second in (1.411590,31.861677) seconds
2026/05/26-11:58:32  ... thread 3: (2000,556000) ops and (898.5,17217.6) ops/second in (2.225881,32.292612) seconds
2026/05/26-11:58:33  ... thread 0: (3000,526000) ops and (1792.7,15963.3) ops/second in (1.673473,32.950572) seconds
2026/05/26-11:58:33  ... thread 1: (3000,516000) ops and (1754.2,15484.6) ops/second in (1.710147,33.323505) seconds
2026/05/26-11:58:33  ... thread 3: (2000,558000) ops and (1928.7,16741.9) ops/second in (1.036971,33.329583) seconds
2026/05/26-11:58:33  ... thread 2: (3000,546000) ops and (2043.1,16381.6) ops/second in (1.468390,33.330067) seconds
2026/05/26-11:58:34  ... thread 0: (26000,552000) ops and (25734.9,16254.0) ops/second in (1.010300,33.960872) seconds
2026/05/26-11:58:34  ... thread 1: (34000,550000) ops and (33973.1,16023.6) ops/second in (1.000792,34.324297) seconds
2026/05/26-11:58:34  ... thread 3: (36000,594000) ops and (35290.5,17292.7) ops/second in (1.020104,34.349687) seconds
2026/05/26-11:58:35  ... thread 2: (40000,586000) ops and (34277.2,16987.0) ops/second in (1.166955,34.497022) seconds
2026/05/26-11:58:35  ... thread 0: (35000,587000) ops and (33506.1,16768.8) ops/second in (1.044585,35.005457) seconds
2026/05/26-11:58:36  ... thread 3: (31000,625000) ops and (27106.6,17608.9) ops/second in (1.143631,35.493318) seconds
2026/05/26-11:58:36  ... thread 2: (31000,617000) ops and (30919.5,17380.5) ops/second in (1.002603,35.499625) seconds
2026/05/26-11:58:36  ... thread 1: (34000,584000) ops and (28921.2,16450.7) ops/second in (1.175610,35.499907) seconds
2026/05/26-11:58:36  ... thread 0: (31000,618000) ops and (30576.8,17157.5) ops/second in (1.013842,36.019299) seconds
2026/05/26-11:58:37  ... thread 1: (32000,616000) ops and (20793.3,16631.2) ops/second in (1.538954,37.038861) seconds
2026/05/26-11:58:37  ... thread 0: (14000,632000) ops and (13553.7,17057.0) ops/second in (1.032931,37.052230) seconds
2026/05/26-11:58:37  ... thread 2: (34000,651000) ops and (21735.7,17564.3) ops/second in (1.564247,37.063872) seconds
2026/05/26-11:58:37  ... thread 3: (30000,655000) ops and (18848.3,17662.1) ops/second in (1.591655,37.084973) seconds
2026/05/26-11:58:38  ... thread 0: (14000,646000) ops and (11189.2,16865.3) ops/second in (1.251209,38.303439) seconds
2026/05/26-11:58:39  ... thread 2: (16000,667000) ops and (10872.2,17308.7) ops/second in (1.471646,38.535518) seconds
2026/05/26-11:58:39  ... thread 1: (23000,639000) ops and (13214.2,16477.8) ops/second in (1.740557,38.779418) seconds
2026/05/26-11:58:39  ... thread 3: (13000,668000) ops and (7179.5,17174.1) ops/second in (1.810710,38.895683) seconds
2026/05/26-11:58:40  ... thread 0: (2000,648000) ops and (1293.0,16260.9) ops/second in (1.546731,39.850170) seconds
2026/05/26-11:58:40  ... thread 1: (2000,641000) ops and (1763.0,16059.6) ops/second in (1.134410,39.913828) seconds
2026/05/26-11:58:40  ... thread 3: (2000,670000) ops and (1504.8,16656.4) ops/second in (1.329080,40.224763) seconds
2026/05/26-11:58:41  ... thread 2: (4000,671000) ops and (1825.4,16475.6) ops/second in (2.191350,40.726868) seconds
2026/05/26-11:58:41  ... thread 0: (3000,651000) ops and (2213.0,15798.7) ops/second in (1.355628,41.205798) seconds
2026/05/26-11:58:42  ... thread 1: (2000,643000) ops and (1186.4,15456.9) ops/second in (1.685830,41.599658) seconds
2026/05/26-11:58:42  ... thread 3: (3000,673000) ops and (1822.6,16073.3) ops/second in (1.646001,41.870764) seconds
2026/05/26-11:58:42  ... thread 0: (3000,654000) ops and (2984.3,15493.6) ops/second in (1.005264,42.211062) seconds
2026/05/26-11:58:43  ... thread 2: (2000,673000) ops and (968.0,15726.8) ops/second in (2.066199,42.793067) seconds
2026/05/26-11:58:43  ... thread 3: (3000,676000) ops and (2655.3,15720.7) ops/second in (1.129824,43.000588) seconds
2026/05/26-11:58:43  ... thread 1: (2000,645000) ops and (1182.5,14899.2) ops/second in (1.691389,43.291047) seconds
2026/05/26-11:58:44  ... thread 0: (2000,656000) ops and (1303.7,14996.0) ops/second in (1.534079,43.745141) seconds
2026/05/26-11:58:44  ... thread 2: (2000,675000) ops and (1867.6,15388.5) ops/second in (1.070917,43.863984) seconds
2026/05/26-11:58:44  ... thread 3: (2000,678000) ops and (1751.2,15359.3) ops/second in (1.142089,44.142677) seconds
2026/05/26-11:58:45  ... thread 1: (1000,646000) ops and (792.4,14499.6) ops/second in (1.261945,44.552992) seconds
2026/05/26-11:58:45  ... thread 0: (3000,659000) ops and (2746.1,14697.5) ops/second in (1.092443,44.837584) seconds
2026/05/26-11:58:45  ... thread 2: (2000,677000) ops and (1610.9,15009.2) ops/second in (1.241540,45.105524) seconds
2026/05/26-11:58:45  ... thread 3: (1000,679000) ops and (905.9,15006.7) ops/second in (1.103819,45.246496) seconds
2026/05/26-11:58:46  ... thread 2: (2000,679000) ops and (1974.6,14723.0) ops/second in (1.012873,46.118397) seconds
2026/05/26-11:58:46  ... thread 0: (3000,662000) ops and (2331.1,14352.5) ops/second in (1.286930,46.124514) seconds
2026/05/26-11:58:46  ... thread 3: (1000,680000) ops and (918.6,14675.7) ops/second in (1.088658,46.335154) seconds
2026/05/26-11:58:46  ... thread 1: (2000,648000) ops and (1108.0,13978.1) ops/second in (1.805098,46.358090) seconds
2026/05/26-11:58:48  ... thread 3: (2000,682000) ops and (1854.9,14384.1) ops/second in (1.078210,47.413364) seconds
2026/05/26-11:58:48  ... thread 1: (1000,649000) ops and (920.8,13679.3) ops/second in (1.086013,47.444103) seconds
2026/05/26-11:58:48  ... thread 2: (2000,681000) ops and (1439.0,14334.3) ops/second in (1.389869,47.508266) seconds
2026/05/26-11:58:48  ... thread 0: (3000,665000) ops and (1948.2,13951.7) ops/second in (1.539872,47.664386) seconds
2026/05/26-11:58:49  ... thread 1: (1000,650000) ops and (972.7,13409.8) ops/second in (1.028076,48.472179) seconds
2026/05/26-11:58:49  ... thread 3: (2000,684000) ops and (1555.6,14045.5) ops/second in (1.285668,48.699032) seconds
2026/05/26-11:58:49  ... thread 2: (2000,683000) ops and (1239.5,13904.2) ops/second in (1.613496,49.121762) seconds
2026/05/26-11:58:50  ... thread 0: (2000,667000) ops and (1027.8,13444.8) ops/second in (1.945984,49.610370) seconds
2026/05/26-11:58:50  ... thread 3: (1000,685000) ops and (988.0,13779.6) ops/second in (1.012162,49.711194) seconds
2026/05/26-11:58:51  ... thread 1: (2000,652000) ops and (1008.5,12922.3) ops/second in (1.983048,50.455227) seconds
2026/05/26-11:58:51  ... thread 2: (1000,684000) ops and (641.7,13496.4) ops/second in (1.558432,50.680194) seconds
2026/05/26-11:58:51  ... thread 0: (2000,669000) ops and (1340.4,13091.3) ops/second in (1.492097,51.102467) seconds
2026/05/26-11:58:51  ... thread 3: (1000,686000) ops and (643.6,13381.5) ops/second in (1.553701,51.264895) seconds
2026/05/26-11:58:52  ... thread 1: (2000,654000) ops and (1197.7,12546.7) ops/second in (1.669870,52.125097) seconds
2026/05/26-11:58:53  ... thread 2: (2000,686000) ops and (1059.3,13049.7) ops/second in (1.887973,52.568167) seconds
2026/05/26-11:58:53  ... thread 3: (2000,688000) ops and (1015.4,12923.9) ops/second in (1.969731,53.234626) seconds
2026/05/26-11:58:54  ... thread 1: (1000,655000) ops and (771.4,12261.0) ops/second in (1.296288,53.421385) seconds
2026/05/26-11:58:54  ... thread 0: (2000,671000) ops and (709.6,12444.2) ops/second in (2.818361,53.920828) seconds
2026/05/26-11:58:54  ... thread 2: (3000,689000) ops and (1751.2,12693.1) ops/second in (1.713113,54.281280) seconds
2026/05/26-11:58:55  ... thread 3: (2000,690000) ops and (1212.0,12571.8) ops/second in (1.650214,54.884840) seconds
2026/05/26-11:58:55  ... thread 1: (2000,657000) ops and (1366.8,11970.6) ops/second in (1.463258,54.884643) seconds
2026/05/26-11:58:55  ... thread 0: (3000,674000) ops and (2934.0,12267.2) ops/second in (1.022485,54.943313) seconds
2026/05/26-11:58:55  ... thread 2: (15000,704000) ops and (14981.2,12734.6) ops/second in (1.001256,55.282536) seconds
2026/05/26-11:58:56  ... thread 3: (25000,715000) ops and (24189.1,12786.5) ops/second in (1.033523,55.918363) seconds
2026/05/26-11:58:56  ... thread 1: (23000,680000) ops and (22004.6,12158.1) ops/second in (1.045234,55.929877) seconds
2026/05/26-11:58:56  ... thread 0: (22000,696000) ops and (21709.5,12438.2) ops/second in (1.013379,55.956692) seconds
2026/05/26-11:58:56  ... thread 2: (20000,724000) ops and (19806.5,12861.4) ops/second in (1.009771,56.292307) seconds
2026/05/26-11:58:57  ... thread 3: (27000,742000) ops and (26974.6,13036.0) ops/second in (1.000941,56.919304) seconds
2026/05/26-11:58:57  ... thread 1: (31000,711000) ops and (30542.6,12485.8) ops/second in (1.014977,56.944854) seconds
2026/05/26-11:58:57  ... thread 0: (29000,725000) ops and (28391.3,12724.2) ops/second in (1.021438,56.978130) seconds
2026/05/26-11:58:58  ... thread 2: (18000,742000) ops and (16399.2,12929.1) ops/second in (1.097614,57.389921) seconds
2026/05/26-11:58:58  ... thread 3: (17000,759000) ops and (16403.4,13096.2) ops/second in (1.036371,57.955675) seconds
2026/05/26-11:58:58  ... thread 1: (12000,723000) ops and (11527.1,12468.6) ops/second in (1.041027,57.985881) seconds
2026/05/26-11:58:58  ... thread 0: (13000,738000) ops and (12894.2,12727.1) ops/second in (1.008205,57.986335) seconds
2026/05/26-11:58:59  ... thread 2: (25000,767000) ops and (24617.0,13132.3) ops/second in (1.015557,58.405478) seconds
2026/05/26-11:58:59  ... thread 3: (23000,782000) ops and (22311.4,13257.3) ops/second in (1.030861,58.986536) seconds
2026/05/26-11:58:59  ... thread 1: (23000,746000) ops and (22836.4,12645.6) ops/second in (1.007165,58.993046) seconds
2026/05/26-11:58:59  ... thread 0: (25000,763000) ops and (24233.0,12928.3) ops/second in (1.031652,59.017987) seconds
2026/05/26-11:59:00  ... thread 2: (35000,802000) ops and (28733.8,13451.1) ops/second in (1.218076,59.623554) seconds
2026/05/26-11:59:00  ... thread 3: (22000,804000) ops and (21404.8,13396.8) ops/second in (1.027805,60.014341) seconds
2026/05/26-11:59:00  ... thread 0: (19000,782000) ops and (15579.9,12981.9) ops/second in (1.219522,60.237509) seconds
2026/05/26-11:59:00  ... thread 1: (23000,769000) ops and (18279.9,12763.2) ops/second in (1.258216,60.251262) seconds
2026/05/26-11:59:01  ... thread 2: (32000,834000) ops and (27133.3,13716.4) ops/second in (1.179364,60.802918) seconds
2026/05/26-11:59:01  ... thread 3: (27000,831000) ops and (26602.7,13616.4) ops/second in (1.014934,61.029275) seconds
2026/05/26-11:59:01  ... thread 1: (32000,801000) ops and (31874.1,13076.4) ops/second in (1.003951,61.255213) seconds
2026/05/26-11:59:01  ... thread 0: (34000,816000) ops and (32684.3,13316.4) ops/second in (1.040254,61.277763) seconds
2026/05/26-11:59:02  ... thread 2: (29000,863000) ops and (28569.3,13960.3) ops/second in (1.015075,61.817993) seconds
2026/05/26-11:59:02  ... thread 0: (28000,844000) ops and (26745.4,13542.0) ops/second in (1.046910,62.324673) seconds
2026/05/26-11:59:03  ... thread 3: (42000,873000) ops and (23311.0,13894.4) ops/second in (1.801727,62.831002) seconds
2026/05/26-11:59:03  ... thread 2: (11000,874000) ops and (8637.7,13852.9) ops/second in (1.273493,63.091486) seconds
2026/05/26-11:59:03  ... thread 1: (33000,834000) ops and (16979.8,13196.5) ops/second in (1.943481,63.198694) seconds
2026/05/26-11:59:03  ... thread 0: (2000,846000) ops and (1947.9,13354.1) ops/second in (1.026771,63.351444) seconds
2026/05/26-11:59:04  ... thread 3: (1000,874000) ops and (662.1,13583.8) ops/second in (1.510279,64.341281) seconds
2026/05/26-11:59:05  ... thread 2: (1000,875000) ops and (716.4,13568.6) ops/second in (1.395779,64.487265) seconds
2026/05/26-11:59:05  ... thread 1: (2000,836000) ops and (1123.3,12865.7) ops/second in (1.780519,64.979213) seconds
2026/05/26-11:59:05  ... thread 0: (3000,849000) ops and (1504.1,12992.4) ops/second in (1.994554,65.345998) seconds
2026/05/26-11:59:06  ... thread 3: (1000,875000) ops and (975.3,13386.1) ops/second in (1.025275,65.366556) seconds
2026/05/26-11:59:07  ... thread 0: (2000,851000) ops and (1915.7,12818.2) ops/second in (1.043988,66.389986) seconds
2026/05/26-11:59:07  ... thread 1: (1000,837000) ops and (678.9,12595.5) ops/second in (1.472932,66.452145) seconds
2026/05/26-11:59:07  ... thread 3: (2000,877000) ops and (1747.0,13185.7) ops/second in (1.144812,66.511368) seconds
2026/05/26-11:59:07  ... thread 2: (3000,878000) ops and (1169.5,13094.2) ops/second in (2.565198,67.052463) seconds
2026/05/26-11:59:08  ... thread 1: (1000,838000) ops and (904.3,12404.2) ops/second in (1.105793,67.557938) seconds
2026/05/26-11:59:08  ... thread 0: (2000,853000) ops and (1299.1,12557.1) ops/second in (1.539544,67.929530) seconds
2026/05/26-11:59:09  ... thread 3: (2000,879000) ops and (1053.4,12849.0) ops/second in (1.898697,68.410065) seconds
2026/05/26-11:59:09  ... thread 2: (2000,880000) ops and (1411.5,12852.4) ops/second in (1.416980,68.469443) seconds
2026/05/26-11:59:09  ... thread 1: (2000,840000) ops and (1412.1,12178.5) ops/second in (1.416309,68.974247) seconds
2026/05/26-11:59:09  ... thread 0: (1000,854000) ops and (723.2,12321.0) ops/second in (1.382828,69.312358) seconds
2026/05/26-11:59:10  ... thread 2: (2000,882000) ops and (1386.2,12615.8) ops/second in (1.442807,69.912250) seconds
2026/05/26-11:59:10  ... thread 3: (1000,880000) ops and (649.8,12580.6) ops/second in (1.539032,69.949097) seconds
2026/05/26-11:59:10  ... thread 1: (2000,842000) ops and (1443.5,11967.1) ops/second in (1.385493,70.359740) seconds
2026/05/26-11:59:12  ... thread 2: (2000,884000) ops and (1331.9,12378.6) ops/second in (1.501597,71.413847) seconds
2026/05/26-11:59:12  ... thread 1: (2000,844000) ops and (1850.8,11814.1) ops/second in (1.080602,71.440342) seconds
2026/05/26-11:59:12  ... thread 0: (2000,856000) ops and (798.4,11919.1) ops/second in (2.504875,71.817233) seconds
2026/05/26-11:59:12  ... thread 3: (1000,881000) ops and (516.3,12255.5) ops/second in (1.937004,71.886101) seconds
2026/05/26-11:59:13  ... thread 2: (2000,886000) ops and (1690.2,12204.3) ops/second in (1.183326,72.597173) seconds
2026/05/26-11:59:13  ... thread 1: (2000,846000) ops and (1437.9,11615.9) ops/second in (1.390930,72.831272) seconds
2026/05/26-11:59:13  ... thread 0: (2000,858000) ops and (1322.6,11700.6) ops/second in (1.512198,73.329431) seconds
2026/05/26-11:59:14  ... thread 3: (1000,882000) ops and (673.9,12021.3) ops/second in (1.483919,73.370020) seconds
2026/05/26-11:59:14  ... thread 1: (1000,847000) ops and (923.6,11459.3) ops/second in (1.082732,73.914004) seconds
2026/05/26-11:59:14  ... thread 2: (2000,888000) ops and (1438.6,12002.0) ops/second in (1.390200,73.987373) seconds
2026/05/26-11:59:15  ... thread 3: (2000,884000) ops and (1229.8,11787.3) ops/second in (1.626250,74.996270) seconds
2026/05/26-11:59:16  ... thread 2: (2000,890000) ops and (1431.3,11806.1) ops/second in (1.397343,75.384716) seconds
2026/05/26-11:59:16  ... thread 0: (2000,860000) ops and (941.9,11397.9) ops/second in (2.123260,75.452691) seconds
2026/05/26-11:59:16  ... thread 1: (2000,849000) ops and (1009.0,11186.3) ops/second in (1.982078,75.896082) seconds
2026/05/26-11:59:16  ... thread 3: (7000,891000) ops and (6951.0,11723.2) ops/second in (1.007045,76.003315) seconds
2026/05/26-11:59:17  ... thread 2: (17000,907000) ops and (16614.1,11870.5) ops/second in (1.023225,76.407941) seconds
2026/05/26-11:59:17  ... thread 0: (21000,881000) ops and (20939.4,11523.0) ops/second in (1.002894,76.455585) seconds
2026/05/26-11:59:17  ... thread 1: (32000,881000) ops and (29936.0,11446.8) ops/second in (1.068948,76.965030) seconds
2026/05/26-11:59:17  ... thread 3: (32000,923000) ops and (31251.5,11982.8) ops/second in (1.023952,77.027267) seconds
2026/05/26-11:59:18  ... thread 2: (37000,944000) ops and (36640.9,12193.6) ops/second in (1.009801,77.417742) seconds
2026/05/26-11:59:18  ... thread 0: (48000,929000) ops and (47949.6,11993.8) ops/second in (1.001051,77.456636) seconds
2026/05/26-11:59:18  ... thread 1: (21000,902000) ops and (20940.2,11568.9) ops/second in (1.002856,77.967886) seconds
2026/05/26-11:59:18  ... thread 3: (18000,941000) ops and (17877.9,12058.8) ops/second in (1.006828,78.034095) seconds
2026/05/26-11:59:19  ... thread 2: (29000,973000) ops and (28659.0,12406.0) ops/second in (1.011899,78.429641) seconds
2026/05/26-11:59:19  ... thread 0: (37000,966000) ops and (36683.9,12311.2) ops/second in (1.008617,78.465253) seconds
2026/05/26-11:59:19  ... thread 1: (38000,940000) ops and (37117.6,11900.0) ops/second in (1.023772,78.991658) seconds
2026/05/26-11:59:19  ... thread 3: (34000,975000) ops and (33767.9,12335.4) ops/second in (1.006872,79.040967) seconds
2026/05/26-11:59:20  ... thread 2: (36000,1009000) ops and (35970.9,12702.9) ops/second in (1.000808,79.430449) seconds
2026/05/26-11:59:20  ... thread 0: (33000,999000) ops and (32763.9,12570.4) ops/second in (1.007205,79.472458) seconds
2026/05/26-11:59:20  ... thread 1: (21000,961000) ops and (17318.9,11981.9) ops/second in (1.212548,80.204206) seconds
2026/05/26-11:59:21  ... thread 3: (28000,1003000) ops and (18146.3,12446.6) ops/second in (1.543014,80.583981) seconds
2026/05/26-11:59:21  ... thread 0: (6000,1005000) ops and (3352.0,12367.3) ops/second in (1.789955,81.262413) seconds
2026/05/26-11:59:21  ... thread 2: (9000,1018000) ops and (4752.7,12517.8) ops/second in (1.893656,81.324105) seconds
2026/05/26-11:59:22  ... thread 3: (2000,1005000) ops and (1757.8,12297.8) ops/second in (1.137763,81.721744) seconds
2026/05/26-11:59:22  ... thread 1: (1000,962000) ops and (524.3,11715.8) ops/second in (1.907300,82.111506) seconds
2026/05/26-11:59:23  ... thread 3: (2000,1007000) ops and (1648.4,12142.0) ops/second in (1.213274,82.935018) seconds
2026/05/26-11:59:23  ... thread 0: (2000,1007000) ops and (1121.8,12125.9) ops/second in (1.782864,83.045277) seconds
2026/05/26-11:59:23  ... thread 2: (2000,1020000) ops and (1018.5,12246.7) ops/second in (1.963694,83.287799) seconds
2026/05/26-11:59:24  ... thread 1: (1000,963000) ops and (769.3,11545.2) ops/second in (1.299958,83.411464) seconds
2026/05/26-11:59:24  ... thread 3: (1000,1008000) ops and (920.4,11996.9) ops/second in (1.086514,84.021532) seconds
2026/05/26-11:59:25  ... thread 2: (1000,1021000) ops and (841.3,12086.2) ops/second in (1.188685,84.476484) seconds
2026/05/26-11:59:25  ... thread 0: (2000,1009000) ops and (1154.5,11901.7) ops/second in (1.732417,84.777694) seconds
2026/05/26-11:59:25  ... thread 3: (1000,1009000) ops and (905.0,11853.0) ops/second in (1.104921,85.126453) seconds
2026/05/26-11:59:25  ... thread 1: (2000,965000) ops and (1142.0,11331.3) ops/second in (1.751243,85.162707) seconds
2026/05/26-11:59:26  ... thread 2: (1000,1022000) ops and (930.9,11946.1) ops/second in (1.074203,85.550687) seconds
2026/05/26-11:59:26  ... thread 0: (1000,1010000) ops and (999.5,11774.6) ops/second in (1.000457,85.778151) seconds
2026/05/26-11:59:26  ... thread 3: (1000,1010000) ops and (847.7,11702.5) ops/second in (1.179675,86.306128) seconds
2026/05/26-11:59:26  ... thread 1: (1000,966000) ops and (838.1,11186.3) ops/second in (1.193239,86.355946) seconds
2026/05/26-11:59:27  ... thread 0: (2000,1012000) ops and (1331.4,11594.8) ops/second in (1.502173,87.280324) seconds
2026/05/26-11:59:28  ... thread 2: (2000,1024000) ops and (1094.2,11719.1) ops/second in (1.827838,87.378525) seconds
2026/05/26-11:59:28  ... thread 1: (2000,968000) ops and (1229.8,11002.2) ops/second in (1.626332,87.982278) seconds
2026/05/26-11:59:29  ... thread 3: (2000,1012000) ops and (760.4,11378.9) ops/second in (2.630104,88.936232) seconds
2026/05/26-11:59:29  ... thread 0: (1000,1013000) ops and (560.3,11373.7) ops/second in (1.784791,89.065115) seconds
2026/05/26-11:59:30  ... thread 1: (2000,970000) ops and (1281.0,10832.7) ops/second in (1.561234,89.543512) seconds
2026/05/26-11:59:30  ... thread 2: (3000,1027000) ops and (1257.3,11441.0) ops/second in (2.386006,89.764531) seconds
2026/05/26-11:59:30  ... thread 3: (2000,1014000) ops and (1622.5,11245.6) ops/second in (1.232659,90.168891) seconds
2026/05/26-11:59:31  ... thread 0: (1000,1014000) ops and (668.7,11196.9) ops/second in (1.495383,90.560498) seconds
2026/05/26-11:59:31  ... thread 2: (1000,1028000) ops and (792.6,11293.5) ops/second in (1.261650,91.026181) seconds
2026/05/26-11:59:32  ... thread 1: (2000,972000) ops and (1052.3,10629.4) ops/second in (1.900607,91.444119) seconds
2026/05/26-11:59:32  ... thread 0: (1000,1015000) ops and (964.9,11081.2) ops/second in (1.036325,91.596823) seconds
2026/05/26-11:59:32  ... thread 3: (2000,1016000) ops and (1076.8,11040.3) ops/second in (1.857297,92.026188) seconds
2026/05/26-11:59:33  ... thread 2: (1000,1029000) ops and (679.2,11124.5) ops/second in (1.472312,92.498493) seconds
2026/05/26-11:59:33  ... thread 1: (2000,974000) ops and (1671.7,10513.8) ops/second in (1.196407,92.640526) seconds
2026/05/26-11:59:33  ... thread 0: (1000,1016000) ops and (643.0,10906.9) ops/second in (1.555183,93.152006) seconds
2026/05/26-11:59:34  ... thread 3: (2000,1018000) ops and (1478.0,10901.8) ops/second in (1.353194,93.379382) seconds
2026/05/26-11:59:34  ... thread 2: (1000,1030000) ops and (807.9,10988.3) ops/second in (1.237705,93.736198) seconds
2026/05/26-11:59:34  ... thread 1: (1000,975000) ops and (748.8,10375.0) ops/second in (1.335418,93.975944) seconds
2026/05/26-11:59:34  ... thread 0: (1000,1017000) ops and (917.7,10791.4) ops/second in (1.089668,94.241674) seconds
2026/05/26-11:59:35  ... thread 3: (1000,1019000) ops and (828.4,10773.2) ops/second in (1.207202,94.586584) seconds
2026/05/26-11:59:35  ... thread 2: (2000,1032000) ops and (1534.4,10858.6) ops/second in (1.303476,95.039674) seconds
2026/05/26-11:59:36  ... thread 1: (2000,977000) ops and (1395.3,10240.1) ops/second in (1.433372,95.409316) seconds
2026/05/26-11:59:36  ... thread 0: (1000,1018000) ops and (646.0,10627.4) ops/second in (1.548033,95.789707) seconds
2026/05/26-11:59:37  ... thread 1: (2000,979000) ops and (1486.9,10118.4) ops/second in (1.345085,96.754401) seconds
2026/05/26-11:59:37  ... thread 3: (1000,1020000) ops and (396.8,10503.9) ops/second in (2.520381,97.106965) seconds
2026/05/26-11:59:37  ... thread 0: (1000,1019000) ops and (697.6,10481.0) ops/second in (1.433493,97.223200) seconds
2026/05/26-11:59:38  ... thread 2: (1000,1033000) ops and (368.8,10567.6) ops/second in (2.711643,97.751317) seconds
2026/05/26-11:59:39  ... thread 1: (1000,980000) ops and (442.4,9897.5) ops/second in (2.260456,99.014857) seconds
2026/05/26-11:59:39  ... thread 3: (2000,1022000) ops and (954.6,10302.2) ops/second in (2.095025,99.201990) seconds
2026/05/26-11:59:39  ... thread 2: (2000,1035000) ops and (1241.4,10416.4) ops/second in (1.611123,99.362440) seconds
2026/05/26-11:59:40  ... thread 0: (1000,1020000) ops and (377.1,10212.8) ops/second in (2.651567,99.874767) seconds
2026/05/26-11:59:40  ... thread 1: (1000,981000) ops and (902.0,9797.9) ops/second in (1.108601,100.123458) seconds
2026/05/26-11:59:40  ... thread 3: (1000,1023000) ops and (886.8,10196.4) ops/second in (1.127705,100.329695) seconds
2026/05/26-11:59:41  ... thread 0: (1000,1021000) ops and (682.8,10075.1) ops/second in (1.464583,101.339350) seconds
2026/05/26-11:59:42  ... thread 1: (1000,982000) ops and (515.6,9621.5) ops/second in (1.939399,102.062857) seconds
2026/05/26-11:59:42  ... thread 2: (1000,1036000) ops and (353.3,10137.7) ops/second in (2.830572,102.193012) seconds
2026/05/26-11:59:43  ... thread 3: (2000,1025000) ops and (731.0,9945.1) ops/second in (2.736034,103.065729) seconds
2026/05/26-11:59:43  ... thread 1: (1000,983000) ops and (980.7,9536.0) ops/second in (1.019705,103.082562) seconds
2026/05/26-11:59:43  ... thread 0: (1000,1022000) ops and (530.0,9900.6) ops/second in (1.886737,103.226087) seconds
2026/05/26-11:59:44  ... thread 2: (1000,1037000) ops and (581.6,9979.6) ops/second in (1.719360,103.912372) seconds
2026/05/26-11:59:44  ... thread 3: (1000,1026000) ops and (899.4,9848.6) ops/second in (1.111843,104.177572) seconds
2026/05/26-11:59:44  ... thread 1: (1000,984000) ops and (909.9,9445.0) ops/second in (1.098999,104.181561) seconds
2026/05/26-11:59:44  ... thread 0: (2000,1024000) ops and (1868.1,9818.1) ops/second in (1.070588,104.296675) seconds
2026/05/26-11:59:45  ... thread 2: (21000,1058000) ops and (20577.2,10082.6) ops/second in (1.020547,104.932919) seconds
2026/05/26-11:59:45  ... thread 3: (25000,1051000) ops and (23129.4,9984.9) ops/second in (1.080877,105.258449) seconds
2026/05/26-11:59:45  ... thread 1: (25000,1009000) ops and (23173.0,9585.8) ops/second in (1.078843,105.260404) seconds
2026/05/26-11:59:45  ... thread 0: (27000,1051000) ops and (26374.5,9979.1) ops/second in (1.023716,105.320391) seconds
2026/05/26-11:59:46  ... thread 2: (21000,1079000) ops and (20284.1,10182.3) ops/second in (1.035293,105.968212) seconds
2026/05/26-11:59:46  ... thread 3: (23000,1074000) ops and (22992.8,10107.4) ops/second in (1.000315,106.258764) seconds
2026/05/26-11:59:46  ... thread 1: (27000,1036000) ops and (25947.5,9745.9) ops/second in (1.040564,106.300968) seconds
2026/05/26-11:59:46  ... thread 0: (24000,1075000) ops and (23335.4,10108.2) ops/second in (1.028480,106.348871) seconds
2026/05/26-11:59:47  ... thread 2: (16000,1095000) ops and (15844.4,10235.7) ops/second in (1.009819,106.978031) seconds
2026/05/26-11:59:47  ... thread 3: (14000,1088000) ops and (13694.3,10141.6) ops/second in (1.022323,107.281087) seconds
2026/05/26-11:59:47  ... thread 1: (15000,1051000) ops and (14816.7,9793.7) ops/second in (1.012370,107.313338) seconds
2026/05/26-11:59:48  ... thread 0: (15000,1090000) ops and (14530.1,10150.8) ops/second in (1.032342,107.381213) seconds
2026/05/26-11:59:48  ... thread 2: (26000,1121000) ops and (25818.3,10381.1) ops/second in (1.007036,107.985067) seconds
2026/05/26-11:59:48  ... thread 3: (25000,1113000) ops and (24970.1,10278.7) ops/second in (1.001196,108.282283) seconds
2026/05/26-11:59:48  ... thread 1: (24000,1075000) ops and (23657.3,9923.6) ops/second in (1.014487,108.327825) seconds
2026/05/26-11:59:49  ... thread 0: (27000,1117000) ops and (26177.9,10303.2) ops/second in (1.031405,108.412618) seconds
2026/05/26-11:59:49  ... thread 2: (29000,1150000) ops and (28461.3,10550.1) ops/second in (1.018926,109.003993) seconds
2026/05/26-11:59:49  ... thread 3: (27000,1140000) ops and (25758.6,10427.1) ops/second in (1.048194,109.330477) seconds
2026/05/26-11:59:50  ... thread 1: (24000,1099000) ops and (23158.1,10049.0) ops/second in (1.036354,109.364179) seconds
2026/05/26-11:59:50  ... thread 0: (23000,1140000) ops and (16242.0,10379.8) ops/second in (1.416085,109.828703) seconds
2026/05/26-11:59:50  ... thread 2: (17000,1167000) ops and (16634.9,10606.6) ops/second in (1.021946,110.025939) seconds
2026/05/26-11:59:50  ... thread 3: (12000,1152000) ops and (11892.1,10440.5) ops/second in (1.009075,110.339552) seconds
2026/05/26-11:59:51  ... thread 1: (13000,1112000) ops and (12632.5,10073.1) ops/second in (1.029092,110.393271) seconds
2026/05/26-11:59:51  ... thread 0: (31000,1171000) ops and (29956.1,10562.5) ops/second in (1.034847,110.863550) seconds
2026/05/26-11:59:51  ... thread 2: (28000,1195000) ops and (27910.2,10762.9) ops/second in (1.003217,111.029156) seconds
2026/05/26-11:59:52  ... thread 3: (32000,1184000) ops and (31051.0,10631.2) ops/second in (1.030563,111.370115) seconds
2026/05/26-11:59:52  ... thread 1: (27000,1139000) ops and (26495.1,10223.3) ops/second in (1.019056,111.412327) seconds
2026/05/26-11:59:53  ... thread 2: (14000,1209000) ops and (8103.2,10722.2) ops/second in (1.727716,112.756872) seconds
2026/05/26-11:59:53  ... thread 1: (4000,1143000) ops and (2959.0,10136.2) ops/second in (1.351815,112.764142) seconds
2026/05/26-11:59:53  ... thread 3: (5000,1189000) ops and (2633.8,10497.2) ops/second in (1.898402,113.268517) seconds
2026/05/26-11:59:54  ... thread 0: (20000,1191000) ops and (6823.9,10466.2) ops/second in (2.930869,113.794419) seconds
2026/05/26-11:59:54  ... thread 1: (1000,1144000) ops and (712.0,10020.3) ops/second in (1.404408,114.168550) seconds
2026/05/26-11:59:55  ... thread 3: (1000,1190000) ops and (717.9,10378.4) ops/second in (1.392884,114.661401) seconds
2026/05/26-11:59:55  ... thread 2: (1000,1210000) ops and (422.8,10510.6) ops/second in (2.364965,115.121837) seconds
2026/05/26-11:59:56  ... thread 0: (1000,1192000) ops and (537.3,10306.5) ops/second in (1.861031,115.655450) seconds
2026/05/26-11:59:56  ... thread 3: (1000,1191000) ops and (687.8,10257.0) ops/second in (1.453983,116.115384) seconds
2026/05/26-11:59:56  ... thread 1: (1000,1145000) ops and (475.8,9847.8) ops/second in (2.101532,116.270082) seconds
2026/05/26-11:59:57  ... thread 2: (1000,1211000) ops and (462.3,10325.3) ops/second in (2.162927,117.284764) seconds
2026/05/26-11:59:58  ... thread 1: (1000,1146000) ops and (773.0,9747.9) ops/second in (1.293695,117.563777) seconds
2026/05/26-11:59:58  ... thread 3: (1000,1192000) ops and (650.0,10131.4) ops/second in (1.538402,117.653786) seconds
2026/05/26-11:59:59  ... thread 0: (1000,1193000) ops and (323.6,10046.7) ops/second in (3.090230,118.745680) seconds
2026/05/26-11:59:59  ... thread 2: (1000,1212000) ops and (512.5,10164.7) ops/second in (1.951101,119.235865) seconds
2026/05/26-12:00:00  ... thread 1: (1000,1147000) ops and (476.6,9585.3) ops/second in (2.098027,119.661804) seconds
2026/05/26-12:00:00  ... thread 3: (2000,1194000) ops and (980.1,9975.4) ops/second in (2.040640,119.694426) seconds
2026/05/26-12:00:00  ... thread 0: (1000,1194000) ops and (780.6,9947.8) ops/second in (1.281054,120.026734) seconds
2026/05/26-12:00:01  ... thread 3: (1000,1195000) ops and (704.7,9866.8) ops/second in (1.419036,121.113462) seconds
2026/05/26-12:00:02  ... thread 0: (1000,1195000) ops and (732.7,9844.2) ops/second in (1.364873,121.391607) seconds
2026/05/26-12:00:02  ... thread 2: (1000,1213000) ops and (440.4,9983.0) ops/second in (2.270511,121.506376) seconds
2026/05/26-12:00:02  ... thread 1: (1000,1148000) ops and (537.6,9446.9) ops/second in (1.860002,121.521806) seconds
2026/05/26-12:00:03  ... thread 3: (1000,1196000) ops and (752.0,9767.8) ops/second in (1.329752,122.443214) seconds
2026/05/26-12:00:03  ... thread 1: (1000,1149000) ops and (798.2,9358.6) ops/second in (1.252836,122.774642) seconds
2026/05/26-12:00:03  ... thread 0: (1000,1196000) ops and (532.9,9702.4) ops/second in (1.876468,123.268075) seconds
2026/05/26-12:00:04  ... thread 3: (1000,1197000) ops and (766.0,9672.8) ops/second in (1.305519,123.748733) seconds
2026/05/26-12:00:04  ... thread 1: (1000,1150000) ops and (845.1,9277.3) ops/second in (1.183331,123.957973) seconds
2026/05/26-12:00:05  ... thread 2: (1000,1214000) ops and (343.1,9757.2) ops/second in (2.914613,124.420989) seconds
2026/05/26-12:00:05  ... thread 0: (1000,1197000) ops and (585.5,9577.8) ops/second in (1.707964,124.976039) seconds
2026/05/26-12:00:05  ... thread 3: (1000,1198000) ops and (707.0,9571.5) ops/second in (1.414494,125.163227) seconds
2026/05/26-12:00:06  ... thread 1: (1000,1151000) ops and (485.1,9133.5) ops/second in (2.061259,126.019232) seconds
2026/05/26-12:00:06  ... thread 3: (1000,1199000) ops and (874.3,9492.7) ops/second in (1.143833,126.307060) seconds
2026/05/26-12:00:07  ... thread 2: (1000,1215000) ops and (476.5,9603.3) ops/second in (2.098648,126.519637) seconds
2026/05/26-12:00:07  ... thread 0: (1000,1198000) ops and (611.8,9462.1) ops/second in (1.634561,126.610600) seconds
2026/05/26-12:00:08  ... thread 1: (1000,1152000) ops and (544.7,9010.2) ops/second in (1.835932,127.855164) seconds
2026/05/26-12:00:08  ... thread 0: (1000,1199000) ops and (742.6,9370.3) ops/second in (1.346684,127.957284) seconds
2026/05/26-12:00:08  ... thread 2: (1000,1216000) ops and (602.5,9486.7) ops/second in (1.659728,128.179365) seconds
2026/05/26-12:00:09  ... thread 3: (1000,1200000) ops and (405.8,9318.9) ops/second in (2.463970,128.771030) seconds
2026/05/26-12:00:09  ... thread 1: (1000,1153000) ops and (816.4,8932.4) ops/second in (1.224866,129.080030) seconds
2026/05/26-12:00:10  ... thread 0: (1000,1200000) ops and (518.6,9238.9) ops/second in (1.928095,129.885379) seconds
2026/05/26-12:00:11  ... thread 1: (1000,1154000) ops and (744.9,8848.2) ops/second in (1.342470,130.422500) seconds
2026/05/26-12:00:11  ... thread 2: (1000,1217000) ops and (388.2,9307.5) ops/second in (2.575964,130.755329) seconds
2026/05/26-12:00:12  ... thread 0: (1000,1201000) ops and (615.2,9132.3) ops/second in (1.625541,131.510920) seconds
2026/05/26-12:00:13  ... thread 3: (2000,1202000) ops and (547.3,9076.8) ops/second in (3.654310,132.425340) seconds
2026/05/26-12:00:13  ... thread 2: (1000,1218000) ops and (579.5,9193.8) ops/second in (1.725690,132.481019) seconds
2026/05/26-12:00:13  ... thread 1: (1000,1155000) ops and (363.0,8672.6) ops/second in (2.755171,133.177671) seconds
2026/05/26-12:00:14  ... thread 3: (1000,1203000) ops and (925.1,9010.8) ops/second in (1.080917,133.506257) seconds
2026/05/26-12:00:14  ... thread 0: (2000,1203000) ops and (789.3,8974.6) ops/second in (2.533980,134.044900) seconds
2026/05/26-12:00:14  ... thread 2: (1000,1219000) ops and (550.0,9076.8) ops/second in (1.818018,134.299037) seconds
2026/05/26-12:00:15  ... thread 1: (1000,1156000) ops and (636.9,8579.0) ops/second in (1.570015,134.747686) seconds
2026/05/26-12:00:16  ... thread 3: (1000,1204000) ops and (414.3,8858.1) ops/second in (2.413992,135.920249) seconds
2026/05/26-12:00:16  ... thread 1: (1000,1157000) ops and (697.1,8496.0) ops/second in (1.434496,136.182182) seconds
2026/05/26-12:00:17  ... thread 2: (2000,1221000) ops and (826.7,8930.8) ops/second in (2.419237,136.718274) seconds
2026/05/26-12:00:17  ... thread 0: (1000,1204000) ops and (339.7,8789.0) ops/second in (2.944086,136.988986) seconds
2026/05/26-12:00:18  ... thread 1: (1000,1158000) ops and (615.8,8403.1) ops/second in (1.623811,137.805993) seconds
2026/05/26-12:00:18  ... thread 2: (1000,1222000) ops and (907.2,8866.6) ops/second in (1.102336,137.820610) seconds
2026/05/26-12:00:18  ... thread 3: (1000,1205000) ops and (520.3,8741.9) ops/second in (1.921784,137.842033) seconds
2026/05/26-12:00:19  ... thread 0: (1000,1205000) ops and (586.5,8688.2) ops/second in (1.704929,138.693915) seconds
2026/05/26-12:00:19  ... thread 2: (1000,1223000) ops and (657.2,8777.0) ops/second in (1.521609,139.342219) seconds
2026/05/26-12:00:20  ... thread 0: (1000,1206000) ops and (733.5,8610.8) ops/second in (1.363398,140.057313) seconds
2026/05/26-12:00:20  ... thread 1: (1000,1159000) ops and (426.1,8269.5) ops/second in (2.347096,140.153089) seconds
2026/05/26-12:00:20  ... thread 3: (1000,1206000) ops and (426.4,8602.8) ops/second in (2.345419,140.187452) seconds
2026/05/26-12:00:20  ... thread 2: (1000,1224000) ops and (984.6,8720.6) ops/second in (1.015636,140.357855) seconds
2026/05/26-12:00:21  ... thread 0: (20000,1226000) ops and (19319.3,8689.3) ops/second in (1.035233,141.092546) seconds
2026/05/26-12:00:21  ... thread 1: (25000,1184000) ops and (24795.7,8387.6) ops/second in (1.008241,141.161330) seconds
2026/05/26-12:00:21  ... thread 3: (23000,1229000) ops and (22675.8,8703.9) ops/second in (1.014296,141.201748) seconds
2026/05/26-12:00:22  ... thread 2: (24000,1248000) ops and (23333.0,8826.9) ops/second in (1.028586,141.386441) seconds
2026/05/26-12:00:22  ... thread 1: (45000,1229000) ops and (44018.9,8643.8) ops/second in (1.022287,142.183617) seconds
Initializing RocksDB Options from the specified file
Initializing RocksDB Options from command-line flags
Integrated BlobDB: blob cache disabled
Keys:       16 bytes each (+ 0 bytes user-defined timestamp)
Values:     1024 bytes each (512 bytes after compression)
Entries:    1250000
Prefix:    0 bytes
Keys per prefix:    0
RawSize:    1239.8 MB (estimated)
FileSize:   629.4 MB (estimated)
Write rate: 0 bytes/second
Read rate: 0 ops/second
Compression: Snappy
Compression sampling rate: 0
Memtablerep: SkipListFactory
Perf Level: 1
WARNING: Assertions are enabled; benchmarks unnecessarily slow
------------------------------------------------
Initializing RocksDB Options from the specified file
Initializing RocksDB Options from command-line flags
Integrated BlobDB: blob cache disabled
DB path: [/tmp/rocksdb_comp_exp_db]
fillrandom   :     113.483 micros/op 35129 ops/sec 142.329 seconds 5000000 operations;   34.8 MB/s
2026/05/26-12:00:28  ... thread 0: (1000,1000) ops and (191.9,191.9) ops/second in (5.209880,5.209880) seconds
2026/05/26-12:00:28  ... thread 3: (1000,1000) ops and (190.4,190.4) ops/second in (5.252564,5.252564) seconds
2026/05/26-12:00:28  ... thread 1: (1000,1000) ops and (186.9,186.9) ops/second in (5.349097,5.349097) seconds
2026/05/26-12:00:28  ... thread 2: (1000,1000) ops and (179.2,179.2) ops/second in (5.579493,5.579493) seconds
2026/05/26-12:00:31  ... thread 0: (1000,2000) ops and (306.0,235.9) ops/second in (3.268350,8.478230) seconds
2026/05/26-12:00:31  ... thread 1: (1000,2000) ops and (309.6,233.1) ops/second in (3.229604,8.578701) seconds
2026/05/26-12:00:31  ... thread 3: (1000,2000) ops and (297.1,232.1) ops/second in (3.365352,8.617916) seconds
2026/05/26-12:00:31  ... thread 2: (1000,2000) ops and (303.7,225.4) ops/second in (3.292808,8.872301) seconds
2026/05/26-12:00:36  ... thread 1: (1000,3000) ops and (223.3,229.8) ops/second in (4.478922,13.057623) seconds
2026/05/26-12:00:36  ... thread 0: (1000,3000) ops and (217.9,229.6) ops/second in (4.588290,13.066520) seconds
2026/05/26-12:00:36  ... thread 3: (1000,3000) ops and (213.4,225.5) ops/second in (4.686339,13.304255) seconds
2026/05/26-12:00:36  ... thread 2: (1000,3000) ops and (209.0,219.7) ops/second in (4.783779,13.656080) seconds
2026/05/26-12:00:41  ... thread 0: (1000,4000) ops and (173.8,212.5) ops/second in (5.753464,18.819984) seconds
2026/05/26-12:00:41  ... thread 3: (1000,4000) ops and (178.9,211.7) ops/second in (5.588744,18.892999) seconds
2026/05/26-12:00:42  ... thread 1: (1000,4000) ops and (163.4,208.6) ops/second in (6.118599,19.176222) seconds
2026/05/26-12:00:42  ... thread 2: (1000,4000) ops and (176.9,207.1) ops/second in (5.654119,19.310199) seconds
2026/05/26-12:00:45  ... thread 3: (1000,5000) ops and (276.5,222.1) ops/second in (3.617011,22.510010) seconds
2026/05/26-12:00:45  ... thread 0: (1000,5000) ops and (269.9,222.0) ops/second in (3.705610,22.525594) seconds
2026/05/26-12:00:45  ... thread 1: (1000,5000) ops and (285.0,220.4) ops/second in (3.508862,22.685084) seconds
2026/05/26-12:00:45  ... thread 2: (1000,5000) ops and (294.8,220.2) ops/second in (3.392091,22.702290) seconds
2026/05/26-12:00:47  ... thread 0: (1000,6000) ops and (481.9,243.9) ops/second in (2.075062,24.600656) seconds
2026/05/26-12:00:47  ... thread 3: (1000,6000) ops and (477.3,243.9) ops/second in (2.094963,24.604973) seconds
2026/05/26-12:00:47  ... thread 2: (1000,6000) ops and (489.7,242.5) ops/second in (2.042039,24.744329) seconds
2026/05/26-12:00:47  ... thread 1: (1000,6000) ops and (478.1,242.2) ops/second in (2.091478,24.776562) seconds
2026/05/26-12:00:49  ... thread 2: (2000,8000) ops and (1313.9,304.6) ops/second in (1.522225,26.266554) seconds
2026/05/26-12:00:49  ... thread 0: (2000,8000) ops and (1198.9,304.5) ops/second in (1.668198,26.268854) seconds
2026/05/26-12:00:49  ... thread 3: (2000,8000) ops and (1190.9,304.4) ops/second in (1.679428,26.284401) seconds
2026/05/26-12:00:49  ... thread 1: (2000,8000) ops and (1215.5,302.8) ops/second in (1.645378,26.421940) seconds
2026/05/26-12:00:50  ... thread 2: (2000,10000) ops and (1592.0,363.3) ops/second in (1.256314,27.522868) seconds
2026/05/26-12:00:50  ... thread 3: (2000,10000) ops and (1549.6,362.6) ops/second in (1.290623,27.575024) seconds
2026/05/26-12:00:50  ... thread 0: (2000,10000) ops and (1525.1,362.6) ops/second in (1.311387,27.580241) seconds
2026/05/26-12:00:50  ... thread 1: (2000,10000) ops and (1676.7,362.1) ops/second in (1.192827,27.614767) seconds
2026/05/26-12:00:51  ... thread 2: (2000,12000) ops and (1878.6,419.8) ops/second in (1.064632,28.587500) seconds
2026/05/26-12:00:51  ... thread 3: (2000,12000) ops and (1903.7,419.2) ops/second in (1.050609,28.625633) seconds
2026/05/26-12:00:51  ... thread 1: (2000,12000) ops and (1938.2,418.9) ops/second in (1.031879,28.646646) seconds
2026/05/26-12:00:51  ... thread 0: (2000,12000) ops and (1827.7,418.5) ops/second in (1.094259,28.674500) seconds
2026/05/26-12:00:52  ... thread 2: (3000,15000) ops and (2113.6,499.9) ops/second in (1.419403,30.006903) seconds
2026/05/26-12:00:53  ... thread 1: (3000,15000) ops and (2123.4,499.0) ops/second in (1.412822,30.059468) seconds
2026/05/26-12:00:53  ... thread 3: (3000,15000) ops and (2054.8,498.6) ops/second in (1.460013,30.085646) seconds
2026/05/26-12:00:53  ... thread 0: (3000,15000) ops and (2115.4,498.5) ops/second in (1.418141,30.092641) seconds
2026/05/26-12:00:54  ... thread 2: (3000,18000) ops and (2158.1,573.3) ops/second in (1.390100,31.397003) seconds
2026/05/26-12:00:54  ... thread 1: (3000,18000) ops and (2213.5,573.0) ops/second in (1.355307,31.414775) seconds
2026/05/26-12:00:54  ... thread 3: (3000,18000) ops and (2250.4,572.9) ops/second in (1.333125,31.418771) seconds
2026/05/26-12:00:54  ... thread 0: (3000,18000) ops and (2192.8,572.1) ops/second in (1.368118,31.460759) seconds
2026/05/26-12:00:55  ... thread 3: (3000,21000) ops and (2146.3,639.9) ops/second in (1.397746,32.816517) seconds
2026/05/26-12:00:55  ... thread 1: (3000,21000) ops and (2113.0,639.6) ops/second in (1.419770,32.834545) seconds
2026/05/26-12:00:55  ... thread 2: (3000,21000) ops and (2038.9,638.9) ops/second in (1.471355,32.868358) seconds
2026/05/26-12:00:55  ... thread 0: (3000,21000) ops and (2082.7,638.3) ops/second in (1.440418,32.901177) seconds
2026/05/26-12:00:56  ... thread 2: (3000,24000) ops and (2605.2,705.5) ops/second in (1.151543,34.019901) seconds
2026/05/26-12:00:56  ... thread 1: (3000,24000) ops and (2525.6,705.4) ops/second in (1.187823,34.022368) seconds
2026/05/26-12:00:57  ... thread 3: (3000,24000) ops and (2449.0,705.0) ops/second in (1.224965,34.041482) seconds
2026/05/26-12:00:57  ... thread 0: (3000,24000) ops and (2419.1,703.0) ops/second in (1.240111,34.141288) seconds
2026/05/26-12:00:58  ... thread 1: (3000,27000) ops and (2760.4,769.0) ops/second in (1.086805,35.109173) seconds
2026/05/26-12:00:58  ... thread 3: (3000,27000) ops and (2709.4,768.2) ops/second in (1.107237,35.148719) seconds
2026/05/26-12:00:58  ... thread 2: (3000,27000) ops and (2631.0,767.9) ops/second in (1.140272,35.160173) seconds
2026/05/26-12:00:58  ... thread 0: (3000,27000) ops and (2709.6,766.0) ops/second in (1.107163,35.248451) seconds
2026/05/26-12:00:59  ... thread 3: (3000,30000) ops and (2958.7,829.6) ops/second in (1.013948,36.162667) seconds
2026/05/26-12:00:59  ... thread 2: (3000,30000) ops and (2972.6,829.4) ops/second in (1.009222,36.169395) seconds
2026/05/26-12:00:59  ... thread 0: (3000,30000) ops and (2930.6,827.1) ops/second in (1.023681,36.272132) seconds
2026/05/26-12:00:59  ... thread 1: (4000,31000) ops and (3099.2,851.7) ops/second in (1.290660,36.399833) seconds
2026/05/26-12:01:00  ... thread 0: (3000,33000) ops and (2911.9,884.7) ops/second in (1.030257,37.302389) seconds
2026/05/26-12:01:00  ... thread 2: (4000,34000) ops and (3184.1,908.5) ops/second in (1.256242,37.425637) seconds
2026/05/26-12:01:00  ... thread 3: (4000,34000) ops and (3143.7,908.2) ops/second in (1.272382,37.435049) seconds
2026/05/26-12:01:00  ... thread 1: (4000,35000) ops and (3077.9,928.4) ops/second in (1.299586,37.699419) seconds
2026/05/26-12:01:01  ... thread 0: (4000,37000) ops and (3291.3,960.6) ops/second in (1.215320,38.517709) seconds
2026/05/26-12:01:01  ... thread 3: (4000,38000) ops and (3487.1,984.9) ops/second in (1.147087,38.582136) seconds
2026/05/26-12:01:01  ... thread 2: (4000,38000) ops and (3212.4,982.7) ops/second in (1.245186,38.670823) seconds
2026/05/26-12:01:01  ... thread 1: (4000,39000) ops and (3267.8,1002.0) ops/second in (1.224054,38.923473) seconds
2026/05/26-12:01:02  ... thread 0: (4000,41000) ops and (3896.6,1036.8) ops/second in (1.026526,39.544235) seconds
2026/05/26-12:01:02  ... thread 3: (5000,43000) ops and (4204.0,1081.2) ops/second in (1.189338,39.771474) seconds
2026/05/26-12:01:02  ... thread 2: (5000,43000) ops and (4273.9,1079.3) ops/second in (1.169886,39.840709) seconds
2026/05/26-12:01:02  ... thread 1: (5000,44000) ops and (4577.8,1099.6) ops/second in (1.092234,40.015707) seconds
2026/05/26-12:01:03  ... thread 0: (6000,47000) ops and (5395.4,1156.0) ops/second in (1.112050,40.656285) seconds
2026/05/26-12:01:03  ... thread 3: (6000,49000) ops and (5455.7,1198.9) ops/second in (1.099765,40.871239) seconds
2026/05/26-12:01:03  ... thread 2: (6000,49000) ops and (5172.7,1195.1) ops/second in (1.159931,41.000640) seconds
2026/05/26-12:01:04  ... thread 1: (6000,50000) ops and (5805.5,1218.1) ops/second in (1.033500,41.049207) seconds
2026/05/26-12:01:04  ... thread 0: (6000,53000) ops and (5763.5,1271.1) ops/second in (1.041026,41.697311) seconds
2026/05/26-12:01:04  ... thread 3: (7000,56000) ops and (6097.3,1332.7) ops/second in (1.148057,42.019296) seconds
2026/05/26-12:01:05  ... thread 1: (7000,57000) ops and (6639.7,1353.8) ops/second in (1.054270,42.103477) seconds
2026/05/26-12:01:05  ... thread 2: (7000,56000) ops and (6280.9,1329.7) ops/second in (1.114491,42.115131) seconds
2026/05/26-12:01:05  ... thread 0: (7000,60000) ops and (6543.1,1402.9) ops/second in (1.069830,42.767141) seconds
2026/05/26-12:01:06  ... thread 2: (7000,63000) ops and (6854.4,1460.5) ops/second in (1.021244,43.136375) seconds
2026/05/26-12:01:06  ... thread 3: (8000,64000) ops and (7084.5,1483.2) ops/second in (1.129226,43.148522) seconds
2026/05/26-12:01:06  ... thread 1: (8000,65000) ops and (7263.3,1504.5) ops/second in (1.101433,43.204910) seconds
2026/05/26-12:01:06  ... thread 0: (8000,68000) ops and (7683.1,1552.2) ops/second in (1.041240,43.808381) seconds
2026/05/26-12:01:07  ... thread 2: (8000,71000) ops and (7710.7,1607.3) ops/second in (1.037515,44.173890) seconds
2026/05/26-12:01:07  ... thread 3: (8000,72000) ops and (7793.3,1629.9) ops/second in (1.026517,44.175039) seconds
2026/05/26-12:01:07  ... thread 1: (9000,74000) ops and (8245.3,1670.6) ops/second in (1.091532,44.296442) seconds
2026/05/26-12:01:07  ... thread 0: (9000,77000) ops and (8853.8,1717.8) ops/second in (1.016514,44.824895) seconds
2026/05/26-12:01:08  ... thread 3: (10000,82000) ops and (9223.9,1811.8) ops/second in (1.084138,45.259177) seconds
2026/05/26-12:01:08  ... thread 2: (10000,81000) ops and (9212.4,1789.7) ops/second in (1.085499,45.259389) seconds
2026/05/26-12:01:08  ... thread 1: (9000,83000) ops and (8901.0,1831.9) ops/second in (1.011123,45.307565) seconds
2026/05/26-12:01:08  ... thread 0: (11000,88000) ops and (10548.0,1918.6) ops/second in (1.042853,45.867748) seconds
2026/05/26-12:01:09  ... thread 2: (11000,92000) ops and (10452.6,1986.5) ops/second in (1.052365,46.311754) seconds
2026/05/26-12:01:09  ... thread 3: (11000,93000) ops and (10400.1,2007.9) ops/second in (1.057686,46.316863) seconds
2026/05/26-12:01:09  ... thread 1: (11000,94000) ops and (10506.1,2027.8) ops/second in (1.047015,46.354580) seconds
2026/05/26-12:01:09  ... thread 0: (11000,99000) ops and (10893.3,2111.9) ops/second in (1.009791,46.877539) seconds
DB path: [/tmp/rocksdb_comp_exp_db]
readrandom   :     469.314 micros/op 8513 ops/sec 46.982 seconds 400000 operations;    8.3 MB/s (98233 of 100000 found)

STATISTICS:
rocksdb.block.cache.miss COUNT : 4066411
rocksdb.block.cache.hit COUNT : 181109
rocksdb.block.cache.add COUNT : 1456239
rocksdb.block.cache.add.failures COUNT : 0
rocksdb.block.cache.index.miss COUNT : 0
rocksdb.block.cache.index.hit COUNT : 0
rocksdb.block.cache.index.add COUNT : 0
rocksdb.block.cache.index.bytes.insert COUNT : 0
rocksdb.block.cache.filter.miss COUNT : 0
rocksdb.block.cache.filter.hit COUNT : 0
rocksdb.block.cache.filter.add COUNT : 0
rocksdb.block.cache.filter.bytes.insert COUNT : 0
rocksdb.block.cache.data.miss COUNT : 4066411
rocksdb.block.cache.data.hit COUNT : 181109
rocksdb.block.cache.data.add COUNT : 1456239
rocksdb.block.cache.data.bytes.insert COUNT : 6267566384
rocksdb.block.cache.bytes.read COUNT : 779473392
rocksdb.block.cache.bytes.write COUNT : 6267566384
rocksdb.block.cache.compression.dict.miss COUNT : 0
rocksdb.block.cache.compression.dict.hit COUNT : 0
rocksdb.block.cache.compression.dict.add COUNT : 0
rocksdb.block.cache.compression.dict.bytes.insert COUNT : 0
rocksdb.block.cache.add.redundant COUNT : 11
rocksdb.block.cache.index.add.redundant COUNT : 0
rocksdb.block.cache.filter.add.redundant COUNT : 0
rocksdb.block.cache.data.add.redundant COUNT : 11
rocksdb.block.cache.compression.dict.add.redundant COUNT : 0
rocksdb.secondary.cache.hits COUNT : 0
rocksdb.secondary.cache.filter.hits COUNT : 0
rocksdb.secondary.cache.index.hits COUNT : 0
rocksdb.secondary.cache.data.hits COUNT : 0
rocksdb.compressed.secondary.cache.dummy.hits COUNT : 0
rocksdb.compressed.secondary.cache.hits COUNT : 0
rocksdb.compressed.secondary.cache.promotions COUNT : 0
rocksdb.compressed.secondary.cache.promotion.skips COUNT : 0
rocksdb.bloom.filter.useful COUNT : 0
rocksdb.bloom.filter.full.positive COUNT : 0
rocksdb.bloom.filter.full.true.positive COUNT : 0
rocksdb.bloom.filter.prefix.checked COUNT : 0
rocksdb.bloom.filter.prefix.useful COUNT : 0
rocksdb.bloom.filter.prefix.true.positive COUNT : 0
rocksdb.persistent.cache.hit COUNT : 0
rocksdb.persistent.cache.miss COUNT : 0
rocksdb.sim.block.cache.hit COUNT : 0
rocksdb.sim.block.cache.miss COUNT : 0
rocksdb.memtable.hit COUNT : 6734
rocksdb.memtable.miss COUNT : 393266
rocksdb.l0.hit COUNT : 60877
rocksdb.l1.hit COUNT : 100898
rocksdb.l2andup.hit COUNT : 224314
rocksdb.compaction.key.drop.new COUNT : 3157411
rocksdb.compaction.key.drop.obsolete COUNT : 0
rocksdb.compaction.key.drop.range_del COUNT : 0
rocksdb.compaction.key.drop.user COUNT : 0
rocksdb.compaction.range_del.drop.obsolete COUNT : 0
rocksdb.compaction.optimized.del.drop.obsolete COUNT : 0
rocksdb.compaction.cancelled COUNT : 0
rocksdb.compaction.aborted COUNT : 0
rocksdb.number.keys.written COUNT : 5000000
rocksdb.number.keys.read COUNT : 400000
rocksdb.number.keys.updated COUNT : 0
rocksdb.bytes.written COUNT : 5277373992
rocksdb.bytes.read COUNT : 402250752
rocksdb.number.db.seek COUNT : 0
rocksdb.number.db.next COUNT : 0
rocksdb.number.db.prev COUNT : 0
rocksdb.number.db.seek.found COUNT : 0
rocksdb.number.db.next.found COUNT : 0
rocksdb.number.db.prev.found COUNT : 0
rocksdb.db.iter.bytes.read COUNT : 0
rocksdb.number.iter.skip COUNT : 0
rocksdb.number.reseeks.iteration COUNT : 0
rocksdb.num.iterator.created COUNT : 0
rocksdb.num.iterator.deleted COUNT : 0
rocksdb.no.file.opens COUNT : 141
rocksdb.no.file.errors COUNT : 0
rocksdb.stall.micros COUNT : 101999375
rocksdb.db.mutex.wait.micros COUNT : 0
rocksdb.number.multiget.get COUNT : 0
rocksdb.number.multiget.keys.read COUNT : 0
rocksdb.number.multiget.bytes.read COUNT : 0
rocksdb.number.multiget.keys.found COUNT : 0
rocksdb.number.merge.failures COUNT : 0
rocksdb.getupdatessince.calls COUNT : 0
rocksdb.wal.synced COUNT : 0
rocksdb.wal.bytes COUNT : 5277373992
rocksdb.write.self COUNT : 4781166
rocksdb.write.other COUNT : 218834
rocksdb.write.wal COUNT : 5000000
rocksdb.compact.read.bytes COUNT : 6366987338
rocksdb.compact.write.bytes COUNT : 4455809381
rocksdb.flush.write.bytes COUNT : 2971411970
rocksdb.compact.read.marked.bytes COUNT : 0
rocksdb.compact.read.periodic.bytes COUNT : 0
rocksdb.compact.read.ttl.bytes COUNT : 0
rocksdb.compact.write.marked.bytes COUNT : 0
rocksdb.compact.write.periodic.bytes COUNT : 0
rocksdb.compact.write.ttl.bytes COUNT : 0
rocksdb.number.direct.load.table.properties COUNT : 0
rocksdb.number.superversion_acquires COUNT : 19
rocksdb.number.superversion_releases COUNT : 15
rocksdb.number.superversion_cleanups COUNT : 4
rocksdb.number.block.compressed COUNT : 3039967
rocksdb.number.block.decompressed COUNT : 4066552
rocksdb.bytes.compressed.from COUNT : 12812682121
rocksdb.bytes.compressed.to COUNT : 7411832973
rocksdb.bytes.compression_bypassed COUNT : 0
rocksdb.bytes.compression.rejected COUNT : 0
rocksdb.number.block_compression_bypassed COUNT : 0
rocksdb.number.block_compression_rejected COUNT : 0
rocksdb.bytes.decompressed.from COUNT : 9907004667
rocksdb.bytes.decompressed.to COUNT : 17119463191
rocksdb.merge.operation.time.nanos COUNT : 0
rocksdb.filter.operation.time.nanos COUNT : 0
rocksdb.compaction.total.time.cpu_micros COUNT : 35872331
rocksdb.row.cache.hit COUNT : 0
rocksdb.row.cache.miss COUNT : 0
rocksdb.read.amp.estimate.useful.bytes COUNT : 0
rocksdb.read.amp.total.read.bytes COUNT : 0
rocksdb.number.rate_limiter.drains COUNT : 0
rocksdb.blobdb.num.put COUNT : 0
rocksdb.blobdb.num.write COUNT : 0
rocksdb.blobdb.num.get COUNT : 0
rocksdb.blobdb.num.multiget COUNT : 0
rocksdb.blobdb.num.seek COUNT : 0
rocksdb.blobdb.num.next COUNT : 0
rocksdb.blobdb.num.prev COUNT : 0
rocksdb.blobdb.num.keys.written COUNT : 0
rocksdb.blobdb.num.keys.read COUNT : 0
rocksdb.blobdb.bytes.written COUNT : 0
rocksdb.blobdb.bytes.read COUNT : 0
rocksdb.blobdb.write.inlined COUNT : 0
rocksdb.blobdb.write.inlined.ttl COUNT : 0
rocksdb.blobdb.write.blob COUNT : 0
rocksdb.blobdb.write.blob.ttl COUNT : 0
rocksdb.blobdb.blob.file.bytes.written COUNT : 0
rocksdb.blobdb.blob.file.bytes.read COUNT : 0
rocksdb.blobdb.blob.file.synced COUNT : 0
rocksdb.blobdb.blob.index.expired.count COUNT : 0
rocksdb.blobdb.blob.index.expired.size COUNT : 0
rocksdb.blobdb.blob.index.evicted.count COUNT : 0
rocksdb.blobdb.blob.index.evicted.size COUNT : 0
rocksdb.blobdb.gc.num.files COUNT : 0
rocksdb.blobdb.gc.num.new.files COUNT : 0
rocksdb.blobdb.gc.failures COUNT : 0
rocksdb.blobdb.gc.num.keys.relocated COUNT : 0
rocksdb.blobdb.gc.bytes.relocated COUNT : 0
rocksdb.blobdb.fifo.num.files.evicted COUNT : 0
rocksdb.blobdb.fifo.num.keys.evicted COUNT : 0
rocksdb.blobdb.fifo.bytes.evicted COUNT : 0
rocksdb.blobdb.cache.miss COUNT : 0
rocksdb.blobdb.cache.hit COUNT : 0
rocksdb.blobdb.cache.add COUNT : 0
rocksdb.blobdb.cache.add.failures COUNT : 0
rocksdb.blobdb.cache.bytes.read COUNT : 0
rocksdb.blobdb.cache.bytes.write COUNT : 0
rocksdb.txn.overhead.mutex.prepare COUNT : 0
rocksdb.txn.overhead.mutex.old.commit.map COUNT : 0
rocksdb.txn.overhead.duplicate.key COUNT : 0
rocksdb.txn.overhead.mutex.snapshot COUNT : 0
rocksdb.txn.get.tryagain COUNT : 0
rocksdb.files.marked.trash COUNT : 0
rocksdb.files.marked.trash.deleted COUNT : 0
rocksdb.files.deleted.immediately COUNT : 204
rocksdb.error.handler.bg.error.count COUNT : 0
rocksdb.error.handler.bg.io.error.count COUNT : 0
rocksdb.error.handler.bg.retryable.io.error.count COUNT : 0
rocksdb.error.handler.autoresume.count COUNT : 0
rocksdb.error.handler.autoresume.retry.total.count COUNT : 0
rocksdb.error.handler.autoresume.success.count COUNT : 0
rocksdb.memtable.payload.bytes.at.flush COUNT : 5217259448
rocksdb.memtable.garbage.bytes.at.flush COUNT : 128216512
rocksdb.verify_checksum.read.bytes COUNT : 0
rocksdb.backup.read.bytes COUNT : 0
rocksdb.backup.write.bytes COUNT : 0
rocksdb.remote.compact.read.bytes COUNT : 0
rocksdb.remote.compact.write.bytes COUNT : 0
rocksdb.remote.compact.resumed.bytes COUNT : 0
rocksdb.hot.file.read.bytes COUNT : 0
rocksdb.warm.file.read.bytes COUNT : 0
rocksdb.cool.file.read.bytes COUNT : 0
rocksdb.cold.file.read.bytes COUNT : 0
rocksdb.ice.file.read.bytes COUNT : 0
rocksdb.hot.file.read.count COUNT : 0
rocksdb.warm.file.read.count COUNT : 0
rocksdb.cool.file.read.count COUNT : 0
rocksdb.cold.file.read.count COUNT : 0
rocksdb.ice.file.read.count COUNT : 0
rocksdb.last.level.read.bytes COUNT : 0
rocksdb.last.level.read.count COUNT : 0
rocksdb.non.last.level.read.bytes COUNT : 9927514563
rocksdb.non.last.level.read.count COUNT : 4066975
rocksdb.last.level.seek.filtered COUNT : 0
rocksdb.last.level.seek.filter.match COUNT : 0
rocksdb.last.level.seek.data COUNT : 0
rocksdb.last.level.seek.data.useful.no.filter COUNT : 0
rocksdb.last.level.seek.data.useful.filter.match COUNT : 0
rocksdb.non.last.level.seek.filtered COUNT : 0
rocksdb.non.last.level.seek.filter.match COUNT : 0
rocksdb.non.last.level.seek.data COUNT : 0
rocksdb.non.last.level.seek.data.useful.no.filter COUNT : 0
rocksdb.non.last.level.seek.data.useful.filter.match COUNT : 0
rocksdb.block.checksum.compute.count COUNT : 4066693
rocksdb.block.checksum.mismatch.count COUNT : 0
rocksdb.multiget.coroutine.count COUNT : 0
rocksdb.read.async.micros COUNT : 0
rocksdb.async.read.error.count COUNT : 0
rocksdb.table.open.prefetch.tail.miss COUNT : 0
rocksdb.table.open.prefetch.tail.hit COUNT : 0
rocksdb.timestamp.filter.table.checked COUNT : 0
rocksdb.timestamp.filter.table.filtered COUNT : 0
rocksdb.readahead.trimmed COUNT : 0
rocksdb.fifo.max.size.compactions COUNT : 0
rocksdb.fifo.ttl.compactions COUNT : 0
rocksdb.fifo.change_temperature.compactions COUNT : 0
rocksdb.prefetch.bytes COUNT : 0
rocksdb.prefetch.bytes.useful COUNT : 0
rocksdb.prefetch.hits COUNT : 0
rocksdb.footer.corruption.count COUNT : 0
rocksdb.file.read.corruption.retry.count COUNT : 0
rocksdb.file.read.corruption.retry.success.count COUNT : 0
rocksdb.number.wbwi.ingest COUNT : 0
rocksdb.sst.user.defined.index.load.fail.count COUNT : 0
rocksdb.multiscan.prepare.calls COUNT : 0
rocksdb.multiscan.prepare.errors COUNT : 0
rocksdb.multiscan.blocks.prefetched COUNT : 0
rocksdb.multiscan.blocks.from.cache COUNT : 0
rocksdb.multiscan.prefetch.bytes COUNT : 0
rocksdb.multiscan.prefetch.blocks.wasted COUNT : 0
rocksdb.multiscan.io.requests COUNT : 0
rocksdb.multiscan.io.coalesced.nonadjacent COUNT : 0
rocksdb.multiscan.seek.errors COUNT : 0
rocksdb.prefetch.memory.bytes.granted COUNT : 0
rocksdb.prefetch.memory.bytes.released COUNT : 0
rocksdb.prefetch.memory.requests.blocked COUNT : 0
rocksdb.read.path.range.tombstones.inserted COUNT : 0
rocksdb.read.path.range.tombstones.discarded COUNT : 0
rocksdb.file.open.metadata.retrieved COUNT : 0
rocksdb.file.open.metadata.passed COUNT : 0
rocksdb.manifest.validation.failure.count COUNT : 0
rocksdb.db.get.micros P50 : 32.727091 P95 : 1801.146339 P99 : 5969.603098 P100 : 1186907.000000 COUNT : 400000 SUM : 187420800
rocksdb.db.write.micros P50 : 5.366125 P95 : 75.720758 P99 : 2120.089356 P100 : 1365588.000000 COUNT : 5000000 SUM : 563721428
rocksdb.compaction.times.micros P50 : 16666666.666667 P95 : 36032456.000000 P99 : 36032456.000000 P100 : 36032456.000000 COUNT : 10 SUM : 163205348
rocksdb.compaction.times.cpu_micros P50 : 3600000.000000 P95 : 7543991.000000 P99 : 7543991.000000 P100 : 7543991.000000 COUNT : 10 SUM : 35872331
rocksdb.subcompaction.setup.times.micros P50 : 0.000000 P95 : 0.000000 P99 : 0.000000 P100 : 0.000000 COUNT : 0 SUM : 0
rocksdb.table.sync.micros P50 : 348113.207547 P95 : 1098000.000000 P99 : 1340000.000000 P100 : 1556850.000000 COUNT : 80 SUM : 40218172
rocksdb.compaction.outfile.sync.micros P50 : 790185.185185 P95 : 1199190.476190 P99 : 1524278.000000 P100 : 1524278.000000 COUNT : 61 SUM : 46574182
rocksdb.wal.file.sync.micros P50 : 0.000000 P95 : 0.000000 P99 : 0.000000 P100 : 0.000000 COUNT : 0 SUM : 0
rocksdb.manifest.file.sync.micros P50 : 5791.176471 P95 : 14400.000000 P99 : 22440.000000 P100 : 25850.000000 COUNT : 96 SUM : 617007
rocksdb.table.open.io.micros P50 : 772.346939 P95 : 4936.250000 P99 : 6487.250000 P100 : 9585.000000 COUNT : 141 SUM : 170577
rocksdb.db.multiget.micros P50 : 0.000000 P95 : 0.000000 P99 : 0.000000 P100 : 0.000000 COUNT : 0 SUM : 0
rocksdb.read.block.compaction.micros P50 : 3.246797 P95 : 6.447174 P99 : 1295.031366 P100 : 510674.000000 COUNT : 2610172 SUM : 89670394
rocksdb.read.block.get.micros P50 : 6.142929 P95 : 1072.481483 P99 : 1795.468170 P100 : 635844.000000 COUNT : 1456380 SUM : 180368091
rocksdb.write.raw.block.micros P50 : 0.548155 P95 : 1.532195 P99 : 2.948436 P100 : 35498.000000 COUNT : 3040249 SUM : 8545532
rocksdb.numfiles.in.singlecompaction P50 : 10.000000 P95 : 20.950000 P99 : 21.000000 P100 : 21.000000 COUNT : 12 SUM : 134
rocksdb.db.seek.micros P50 : 0.000000 P95 : 0.000000 P99 : 0.000000 P100 : 0.000000 COUNT : 0 SUM : 0
rocksdb.db.write.stall P50 : 1295.250574 P95 : 2802.426024 P99 : 2886.192542 P100 : 1363815.000000 COUNT : 51663 SUM : 101999375
rocksdb.sst.read.micros P50 : 0.979256 P95 : 6.145731 P99 : 1618.412142 P100 : 635830.000000 COUNT : 4066975 SUM : 254215550
rocksdb.file.read.flush.micros P50 : 4.181818 P95 : 74.333333 P99 : 109.320000 P100 : 131.000000 COUNT : 320 SUM : 6316
rocksdb.file.read.compaction.micros P50 : 0.825763 P95 : 2.598770 P99 : 1266.251448 P100 : 510637.000000 COUNT : 2610416 SUM : 82393696
rocksdb.file.read.db.open.micros P50 : 0.000000 P95 : 0.000000 P99 : 0.000000 P100 : 0.000000 COUNT : 0 SUM : 0
rocksdb.file.read.get.micros P50 : 0.000000 P95 : 0.000000 P99 : 0.000000 P100 : 0.000000 COUNT : 0 SUM : 0
rocksdb.file.read.multiget.micros P50 : 0.000000 P95 : 0.000000 P99 : 0.000000 P100 : 0.000000 COUNT : 0 SUM : 0
rocksdb.file.read.db.iterator.micros P50 : 0.000000 P95 : 0.000000 P99 : 0.000000 P100 : 0.000000 COUNT : 0 SUM : 0
rocksdb.file.read.verify.db.checksum.micros P50 : 0.000000 P95 : 0.000000 P99 : 0.000000 P100 : 0.000000 COUNT : 0 SUM : 0
rocksdb.file.read.verify.file.checksums.micros P50 : 0.000000 P95 : 0.000000 P99 : 0.000000 P100 : 0.000000 COUNT : 0 SUM : 0
rocksdb.sst.write.micros P50 : 0.502866 P95 : 0.955445 P99 : 0.995674 P100 : 35495.000000 COUNT : 6080639 SUM : 7067327
rocksdb.file.write.flush.micros P50 : 0.501917 P95 : 0.953643 P99 : 0.993796 P100 : 35495.000000 COUNT : 2428598 SUM : 3027375
rocksdb.file.write.compaction.micros P50 : 0.503498 P95 : 0.956647 P99 : 0.996927 P100 : 6118.000000 COUNT : 3652041 SUM : 4039952
rocksdb.file.write.db.open.micros P50 : 0.000000 P95 : 0.000000 P99 : 0.000000 P100 : 0.000000 COUNT : 0 SUM : 0
rocksdb.num.subcompactions.scheduled P50 : 0.000000 P95 : 0.000000 P99 : 0.000000 P100 : 0.000000 COUNT : 0 SUM : 0
rocksdb.bytes.per.read P50 : 1024.000000 P95 : 1024.000000 P99 : 1024.000000 P100 : 1024.000000 COUNT : 400000 SUM : 402250752
rocksdb.bytes.per.write P50 : 1090.177138 P95 : 1288.336561 P99 : 3331.296437 P100 : 4188.000000 COUNT : 4781166 SUM : 5277373992
rocksdb.bytes.per.multiget P50 : 0.000000 P95 : 0.000000 P99 : 0.000000 P100 : 0.000000 COUNT : 0 SUM : 0
rocksdb.compression.times.nanos P50 : 0.000000 P95 : 0.000000 P99 : 0.000000 P100 : 0.000000 COUNT : 0 SUM : 0
rocksdb.decompression.times.nanos P50 : 0.000000 P95 : 0.000000 P99 : 0.000000 P100 : 0.000000 COUNT : 0 SUM : 0
rocksdb.read.num.merge_operands P50 : 0.000000 P95 : 0.000000 P99 : 0.000000 P100 : 0.000000 COUNT : 0 SUM : 0
rocksdb.blobdb.key.size P50 : 0.000000 P95 : 0.000000 P99 : 0.000000 P100 : 0.000000 COUNT : 0 SUM : 0
rocksdb.blobdb.value.size P50 : 0.000000 P95 : 0.000000 P99 : 0.000000 P100 : 0.000000 COUNT : 0 SUM : 0
rocksdb.blobdb.write.micros P50 : 0.000000 P95 : 0.000000 P99 : 0.000000 P100 : 0.000000 COUNT : 0 SUM : 0
rocksdb.blobdb.get.micros P50 : 0.000000 P95 : 0.000000 P99 : 0.000000 P100 : 0.000000 COUNT : 0 SUM : 0
rocksdb.blobdb.multiget.micros P50 : 0.000000 P95 : 0.000000 P99 : 0.000000 P100 : 0.000000 COUNT : 0 SUM : 0
rocksdb.blobdb.seek.micros P50 : 0.000000 P95 : 0.000000 P99 : 0.000000 P100 : 0.000000 COUNT : 0 SUM : 0
rocksdb.blobdb.next.micros P50 : 0.000000 P95 : 0.000000 P99 : 0.000000 P100 : 0.000000 COUNT : 0 SUM : 0
rocksdb.blobdb.prev.micros P50 : 0.000000 P95 : 0.000000 P99 : 0.000000 P100 : 0.000000 COUNT : 0 SUM : 0
rocksdb.blobdb.blob.file.write.micros P50 : 0.000000 P95 : 0.000000 P99 : 0.000000 P100 : 0.000000 COUNT : 0 SUM : 0
rocksdb.blobdb.blob.file.read.micros P50 : 0.000000 P95 : 0.000000 P99 : 0.000000 P100 : 0.000000 COUNT : 0 SUM : 0
rocksdb.blobdb.blob.file.sync.micros P50 : 0.000000 P95 : 0.000000 P99 : 0.000000 P100 : 0.000000 COUNT : 0 SUM : 0
rocksdb.blobdb.compression.micros P50 : 0.000000 P95 : 0.000000 P99 : 0.000000 P100 : 0.000000 COUNT : 0 SUM : 0
rocksdb.blobdb.decompression.micros P50 : 0.000000 P95 : 0.000000 P99 : 0.000000 P100 : 0.000000 COUNT : 0 SUM : 0
rocksdb.db.flush.micros P50 : 565365.853659 P95 : 1433333.333333 P99 : 1806666.666667 P100 : 1845276.000000 COUNT : 80 SUM : 55577334
rocksdb.sst.batch.size P50 : 0.000000 P95 : 0.000000 P99 : 0.000000 P100 : 0.000000 COUNT : 0 SUM : 0
rocksdb.multiget.io.batch.size P50 : 0.000000 P95 : 0.000000 P99 : 0.000000 P100 : 0.000000 COUNT : 0 SUM : 0
rocksdb.num.index.and.filter.blocks.read.per.level P50 : 0.000000 P95 : 0.000000 P99 : 0.000000 P100 : 0.000000 COUNT : 0 SUM : 0
rocksdb.num.sst.read.per.level P50 : 0.000000 P95 : 0.000000 P99 : 0.000000 P100 : 0.000000 COUNT : 0 SUM : 0
rocksdb.num.level.read.per.multiget P50 : 0.000000 P95 : 0.000000 P99 : 0.000000 P100 : 0.000000 COUNT : 0 SUM : 0
rocksdb.error.handler.autoresume.retry.count P50 : 0.000000 P95 : 0.000000 P99 : 0.000000 P100 : 0.000000 COUNT : 0 SUM : 0
rocksdb.async.read.bytes P50 : 0.000000 P95 : 0.000000 P99 : 0.000000 P100 : 0.000000 COUNT : 0 SUM : 0
rocksdb.poll.wait.micros P50 : 0.000000 P95 : 0.000000 P99 : 0.000000 P100 : 0.000000 COUNT : 0 SUM : 0
rocksdb.compaction.prefetch.bytes P50 : 0.000000 P95 : 0.000000 P99 : 0.000000 P100 : 0.000000 COUNT : 0 SUM : 0
rocksdb.prefetched.bytes.discarded P50 : 0.000000 P95 : 0.000000 P99 : 0.000000 P100 : 0.000000 COUNT : 0 SUM : 0
rocksdb.async.prefetch.abort.micros P50 : 0.000000 P95 : 0.000000 P99 : 0.000000 P100 : 0.000000 COUNT : 0 SUM : 0
rocksdb.table.open.prefetch.tail.read.bytes P50 : 0.000000 P95 : 0.000000 P99 : 0.000000 P100 : 0.000000 COUNT : 0 SUM : 0
rocksdb.num.op.per.transaction P50 : 0.000000 P95 : 0.000000 P99 : 0.000000 P100 : 0.000000 COUNT : 0 SUM : 0
rocksdb.multiscan.op.prepare.iterators.micros P50 : 0.000000 P95 : 0.000000 P99 : 0.000000 P100 : 0.000000 COUNT : 0 SUM : 0
rocksdb.multiscan.prepare.micros P50 : 0.000000 P95 : 0.000000 P99 : 0.000000 P100 : 0.000000 COUNT : 0 SUM : 0
rocksdb.multiscan.blocks.per.prepare P50 : 0.000000 P95 : 0.000000 P99 : 0.000000 P100 : 0.000000 COUNT : 0 SUM : 0
rocksdb.block.key.distribution.cv P50 : 0.000000 P95 : 0.000000 P99 : 0.000000 P100 : 0.000000 COUNT : 0 SUM : 0

[EXPERIMENT_COMPLETED]
