RocksDB:    version 11.3.0
Date:       Tue May 26 10:59:23 2026
CPU:        2 * Intel Xeon Processor (SapphireRapids)
CPUCache:   16384 KB
2026/05/26-10:59:24  ... thread 0: (45000,45000) ops and (44829.6,44829.6) ops/second in (1.003802,1.003802) seconds
2026/05/26-10:59:24  ... thread 2: (43000,43000) ops and (42545.9,42545.9) ops/second in (1.010672,1.010672) seconds
2026/05/26-10:59:24  ... thread 1: (39000,39000) ops and (38626.0,38626.0) ops/second in (1.009682,1.009682) seconds
2026/05/26-10:59:24  ... thread 3: (34000,34000) ops and (33143.5,33143.5) ops/second in (1.025842,1.025842) seconds
2026/05/26-10:59:25  ... thread 0: (34000,79000) ops and (33748.4,39278.9) ops/second in (1.007454,2.011256) seconds
2026/05/26-10:59:25  ... thread 1: (36000,75000) ops and (35782.7,37206.9) ops/second in (1.006073,2.015755) seconds
2026/05/26-10:59:25  ... thread 2: (37000,80000) ops and (36103.5,39302.3) ops/second in (1.024831,2.035503) seconds
2026/05/26-10:59:25  ... thread 3: (35000,69000) ops and (34611.6,33872.3) ops/second in (1.011223,2.037065) seconds
2026/05/26-10:59:26  ... thread 0: (21000,100000) ops and (15292.5,29546.7) ops/second in (1.373222,3.384478) seconds
2026/05/26-10:59:27  ... thread 2: (15000,95000) ops and (11057.4,28006.6) ops/second in (1.356554,3.392057) seconds
2026/05/26-10:59:27  ... thread 1: (17000,92000) ops and (12363.3,27132.3) ops/second in (1.375042,3.390797) seconds
2026/05/26-10:59:27  ... thread 3: (19000,88000) ops and (13550.5,25587.2) ops/second in (1.402161,3.439226) seconds
2026/05/26-10:59:28  ... thread 1: (14000,106000) ops and (12624.3,23556.7) ops/second in (1.108975,4.499772) seconds
2026/05/26-10:59:28  ... thread 2: (15000,110000) ops and (13442.3,24401.4) ops/second in (1.115883,4.507940) seconds
2026/05/26-10:59:28  ... thread 3: (18000,106000) ops and (16766.8,23488.9) ops/second in (1.073548,4.512774) seconds
2026/05/26-10:59:28  ... thread 0: (16000,116000) ops and (14027.1,25634.6) ops/second in (1.140651,4.525129) seconds
2026/05/26-10:59:29  ... thread 1: (42000,148000) ops and (41179.4,26813.1) ops/second in (1.019927,5.519699) seconds
2026/05/26-10:59:29  ... thread 3: (31000,137000) ops and (30677.5,24804.1) ops/second in (1.010513,5.523287) seconds
2026/05/26-10:59:29  ... thread 2: (33000,143000) ops and (31888.2,25799.2) ops/second in (1.034867,5.542807) seconds
2026/05/26-10:59:29  ... thread 0: (29000,145000) ops and (28089.5,26090.7) ops/second in (1.032414,5.557543) seconds
2026/05/26-10:59:30  ... thread 0: (14000,159000) ops and (13780.8,24188.2) ops/second in (1.015906,6.573449) seconds
2026/05/26-10:59:30  ... thread 2: (12000,155000) ops and (11349.4,23484.4) ops/second in (1.057324,6.600131) seconds
2026/05/26-10:59:30  ... thread 1: (12000,160000) ops and (11045.3,24219.9) ops/second in (1.086439,6.606138) seconds
2026/05/26-10:59:30  ... thread 3: (13000,150000) ops and (11961.9,22692.6) ops/second in (1.086786,6.610073) seconds
2026/05/26-10:59:31  ... thread 0: (17000,176000) ops and (14984.5,22833.5) ops/second in (1.134508,7.707957) seconds
2026/05/26-10:59:31  ... thread 1: (12000,172000) ops and (10796.7,22286.8) ops/second in (1.111447,7.717585) seconds
2026/05/26-10:59:31  ... thread 3: (10000,160000) ops and (8906.6,20691.0) ops/second in (1.122760,7.732833) seconds
2026/05/26-10:59:31  ... thread 2: (24000,179000) ops and (21079.0,23130.5) ops/second in (1.138575,7.738706) seconds
2026/05/26-10:59:32  ... thread 2: (14000,193000) ops and (12537.6,21794.7) ops/second in (1.116639,8.855345) seconds
2026/05/26-10:59:32  ... thread 1: (16000,188000) ops and (14075.8,21232.6) ops/second in (1.136705,8.854290) seconds
2026/05/26-10:59:32  ... thread 3: (16000,176000) ops and (14171.0,19860.3) ops/second in (1.129068,8.861901) seconds
2026/05/26-10:59:32  ... thread 0: (15000,191000) ops and (13012.7,21555.9) ops/second in (1.152719,8.860676) seconds
2026/05/26-10:59:33  ... thread 1: (13000,201000) ops and (12924.5,20385.1) ops/second in (1.005841,9.860131) seconds
2026/05/26-10:59:33  ... thread 2: (20000,213000) ops and (19866.0,21597.9) ops/second in (1.006746,9.862091) seconds
2026/05/26-10:59:33  ... thread 3: (28000,204000) ops and (27932.1,20680.6) ops/second in (1.002431,9.864332) seconds
2026/05/26-10:59:33  ... thread 0: (18000,209000) ops and (17516.1,21136.1) ops/second in (1.027624,9.888300) seconds
2026/05/26-10:59:34  ... thread 2: (10000,223000) ops and (9951.0,20520.8) ops/second in (1.004920,10.867011) seconds
2026/05/26-10:59:34  ... thread 1: (9000,210000) ops and (8856.4,19308.0) ops/second in (1.016210,10.876341) seconds
2026/05/26-10:59:34  ... thread 3: (11000,215000) ops and (10804.8,19756.7) ops/second in (1.018064,10.882396) seconds
2026/05/26-10:59:34  ... thread 0: (18000,227000) ops and (17973.6,20845.3) ops/second in (1.001470,10.889770) seconds
2026/05/26-10:59:35  ... thread 2: (18000,241000) ops and (15892.6,20084.0) ops/second in (1.132600,11.999611) seconds
2026/05/26-10:59:35  ... thread 0: (16000,243000) ops and (14441.6,20253.9) ops/second in (1.107911,11.997681) seconds
2026/05/26-10:59:35  ... thread 3: (12000,227000) ops and (10527.0,18881.5) ops/second in (1.139926,12.022322) seconds
2026/05/26-10:59:35  ... thread 1: (15000,225000) ops and (12993.8,18702.1) ops/second in (1.154401,12.030742) seconds
2026/05/26-10:59:36  ... thread 3: (18000,245000) ops and (16636.2,18696.2) ops/second in (1.081977,13.104299) seconds
2026/05/26-10:59:36  ... thread 2: (12000,253000) ops and (10847.6,19304.4) ops/second in (1.106237,13.105848) seconds
2026/05/26-10:59:36  ... thread 0: (16000,259000) ops and (14395.1,19757.2) ops/second in (1.111490,13.109171) seconds
2026/05/26-10:59:36  ... thread 1: (16000,241000) ops and (14604.1,18360.1) ops/second in (1.095583,13.126325) seconds
2026/05/26-10:59:37  ... thread 2: (14000,267000) ops and (11881.0,18692.0) ops/second in (1.178355,14.284203) seconds
2026/05/26-10:59:37  ... thread 1: (22000,263000) ops and (18902.8,18404.3) ops/second in (1.163849,14.290174) seconds
2026/05/26-10:59:37  ... thread 0: (13000,272000) ops and (11006.9,19034.0) ops/second in (1.181081,14.290252) seconds
2026/05/26-10:59:37  ... thread 3: (13000,258000) ops and (10833.6,18036.6) ops/second in (1.199970,14.304269) seconds
2026/05/26-10:59:39  ... thread 1: (16000,279000) ops and (14422.4,18117.4) ops/second in (1.109384,15.399558) seconds
2026/05/26-10:59:39  ... thread 0: (14000,286000) ops and (12596.4,18569.4) ops/second in (1.111433,15.401685) seconds
2026/05/26-10:59:39  ... thread 3: (17000,275000) ops and (15424.1,17849.7) ops/second in (1.102170,15.406439) seconds
2026/05/26-10:59:39  ... thread 2: (14000,281000) ops and (12452.6,18236.7) ops/second in (1.124259,15.408462) seconds
2026/05/26-10:59:40  ... thread 3: (31000,306000) ops and (17445.9,17807.9) ops/second in (1.776924,17.183363) seconds
2026/05/26-10:59:40  ... thread 0: (31000,317000) ops and (17365.5,18444.4) ops/second in (1.785147,17.186832) seconds
2026/05/26-10:59:40  ... thread 2: (30000,311000) ops and (16666.8,18072.5) ops/second in (1.799981,17.208443) seconds
2026/05/26-10:59:40  ... thread 1: (34000,313000) ops and (18614.0,18170.1) ops/second in (1.826587,17.226145) seconds
2026/05/26-10:59:41  ... thread 3: (13000,319000) ops and (11579.4,17425.9) ops/second in (1.122682,18.306045) seconds
2026/05/26-10:59:41  ... thread 0: (15000,332000) ops and (13359.6,18132.5) ops/second in (1.122786,18.309618) seconds
2026/05/26-10:59:41  ... thread 1: (12000,325000) ops and (11012.8,17744.3) ops/second in (1.089637,18.315782) seconds
2026/05/26-10:59:41  ... thread 2: (21000,332000) ops and (18870.4,18121.0) ops/second in (1.112853,18.321296) seconds
2026/05/26-10:59:43  ... thread 2: (16000,348000) ops and (14408.6,17908.8) ops/second in (1.110451,19.431747) seconds
2026/05/26-10:59:43  ... thread 3: (13000,332000) ops and (11544.3,17085.1) ops/second in (1.126097,19.432142) seconds
2026/05/26-10:59:43  ... thread 0: (19000,351000) ops and (16940.9,18063.8) ops/second in (1.121549,19.431167) seconds
2026/05/26-10:59:43  ... thread 1: (15000,340000) ops and (13426.5,17496.0) ops/second in (1.117191,19.432973) seconds
2026/05/26-10:59:44  ... thread 0: (11000,362000) ops and (9559.4,17588.3) ops/second in (1.150694,20.581861) seconds
2026/05/26-10:59:44  ... thread 1: (14000,354000) ops and (12148.2,17196.6) ops/second in (1.152438,20.585411) seconds
2026/05/26-10:59:44  ... thread 2: (25000,373000) ops and (21470.3,18110.2) ops/second in (1.164399,20.596146) seconds
2026/05/26-10:59:44  ... thread 3: (13000,345000) ops and (11167.8,16750.7) ops/second in (1.164066,20.596208) seconds
2026/05/26-10:59:45  ... thread 0: (16000,378000) ops and (14398.1,17424.9) ops/second in (1.111261,21.693122) seconds
2026/05/26-10:59:45  ... thread 2: (14000,387000) ops and (12690.7,17834.7) ops/second in (1.103170,21.699316) seconds
2026/05/26-10:59:45  ... thread 1: (15000,369000) ops and (13380.2,16999.5) ops/second in (1.121062,21.706473) seconds
2026/05/26-10:59:45  ... thread 3: (16000,361000) ops and (13663.9,16584.6) ops/second in (1.170972,21.767180) seconds
2026/05/26-10:59:46  ... thread 2: (30000,417000) ops and (18852.7,17904.2) ops/second in (1.591280,23.290596) seconds
2026/05/26-10:59:46  ... thread 1: (42000,411000) ops and (26418.7,17642.3) ops/second in (1.589782,23.296255) seconds
2026/05/26-10:59:46  ... thread 3: (26000,387000) ops and (16926.4,16607.1) ops/second in (1.536063,23.303243) seconds
2026/05/26-10:59:46  ... thread 0: (27000,405000) ops and (16595.8,17367.0) ops/second in (1.626913,23.320035) seconds
2026/05/26-10:59:48  ... thread 3: (33000,420000) ops and (29530.0,17198.5) ops/second in (1.117508,24.420751) seconds
2026/05/26-10:59:48  ... thread 2: (35000,452000) ops and (30487.9,18495.3) ops/second in (1.147998,24.438594) seconds
2026/05/26-10:59:48  ... thread 1: (28000,439000) ops and (24475.0,17962.2) ops/second in (1.144026,24.440281) seconds
2026/05/26-10:59:48  ... thread 0: (29000,434000) ops and (25619.8,17749.1) ops/second in (1.131937,24.451972) seconds
2026/05/26-10:59:49  ... thread 1: (34000,473000) ops and (33994.1,18592.4) ops/second in (1.000173,25.440454) seconds
2026/05/26-10:59:49  ... thread 3: (32000,452000) ops and (31256.8,17764.1) ops/second in (1.023777,25.444528) seconds
2026/05/26-10:59:49  ... thread 2: (31000,483000) ops and (30455.0,18973.6) ops/second in (1.017896,25.456490) seconds
2026/05/26-10:59:49  ... thread 0: (28000,462000) ops and (27771.9,18146.0) ops/second in (1.008215,25.460187) seconds
2026/05/26-10:59:50  ... thread 1: (37000,510000) ops and (24522.4,18924.4) ops/second in (1.508826,26.949280) seconds
2026/05/26-10:59:50  ... thread 2: (34000,517000) ops and (22732.5,19182.1) ops/second in (1.495658,26.952148) seconds
2026/05/26-10:59:50  ... thread 3: (26000,478000) ops and (17169.8,17730.7) ops/second in (1.514288,26.958816) seconds
2026/05/26-10:59:50  ... thread 0: (27000,489000) ops and (18036.8,18139.9) ops/second in (1.496939,26.957126) seconds
2026/05/26-10:59:52  ... thread 3: (40000,518000) ops and (24460.4,18115.6) ops/second in (1.635295,28.594111) seconds
2026/05/26-10:59:52  ... thread 2: (23000,540000) ops and (13913.6,18877.7) ops/second in (1.653056,28.605204) seconds
2026/05/26-10:59:52  ... thread 1: (36000,546000) ops and (21547.4,19077.6) ops/second in (1.670735,28.620015) seconds
2026/05/26-10:59:52  ... thread 0: (25000,514000) ops and (14937.3,17952.7) ops/second in (1.673657,28.630783) seconds
2026/05/26-10:59:53  ... thread 3: (33000,551000) ops and (32983.2,18618.2) ops/second in (1.000508,29.594619) seconds
2026/05/26-10:59:53  ... thread 2: (33000,573000) ops and (32633.7,19347.4) ops/second in (1.011225,29.616429) seconds
2026/05/26-10:59:53  ... thread 1: (42000,588000) ops and (41414.1,19842.0) ops/second in (1.014147,29.634162) seconds
2026/05/26-10:59:53  ... thread 0: (34000,548000) ops and (33403.1,18483.1) ops/second in (1.017870,29.648653) seconds
2026/05/26-10:59:54  ... thread 2: (29000,602000) ops and (27480.5,19627.2) ops/second in (1.055292,30.671721) seconds
2026/05/26-10:59:54  ... thread 0: (24000,572000) ops and (19683.0,18530.5) ops/second in (1.219324,30.867977) seconds
2026/05/26-10:59:54  ... thread 1: (26000,614000) ops and (20520.9,19869.8) ops/second in (1.267002,30.901164) seconds
2026/05/26-10:59:54  ... thread 3: (29000,580000) ops and (17135.8,18538.1) ops/second in (1.692362,31.286981) seconds
2026/05/26-10:59:55  ... thread 2: (1000,603000) ops and (949.1,19006.9) ops/second in (1.053631,31.725352) seconds
2026/05/26-10:59:55  ... thread 0: (2000,574000) ops and (1819.5,17955.9) ops/second in (1.099178,31.967155) seconds
2026/05/26-10:59:55  ... thread 1: (2000,616000) ops and (1734.2,19217.3) ops/second in (1.153246,32.054410) seconds
2026/05/26-10:59:56  ... thread 3: (3000,583000) ops and (2139.4,17834.6) ops/second in (1.402266,32.689247) seconds
2026/05/26-10:59:56  ... thread 2: (3000,606000) ops and (2134.5,18291.1) ops/second in (1.405466,33.130818) seconds
2026/05/26-10:59:56  ... thread 1: (2000,618000) ops and (1741.2,18612.8) ops/second in (1.148628,33.203038) seconds
2026/05/26-10:59:57  ... thread 0: (2000,576000) ops and (1095.7,17045.2) ops/second in (1.825378,33.792533) seconds
2026/05/26-10:59:57  ... thread 3: (1000,584000) ops and (881.3,17265.9) ops/second in (1.134710,33.823957) seconds
2026/05/26-10:59:58  ... thread 2: (3000,609000) ops and (2122.1,17629.4) ops/second in (1.413688,34.544506) seconds
2026/05/26-10:59:58  ... thread 1: (2000,620000) ops and (1296.9,17844.2) ops/second in (1.542132,34.745170) seconds
2026/05/26-10:59:58  ... thread 3: (2000,586000) ops and (1870.3,16794.1) ops/second in (1.069329,34.893286) seconds
2026/05/26-10:59:58  ... thread 0: (2000,578000) ops and (1381.5,16401.7) ops/second in (1.447664,35.240197) seconds
2026/05/26-10:59:59  ... thread 2: (2000,611000) ops and (1920.4,17169.7) ops/second in (1.041476,35.585982) seconds
2026/05/26-10:59:59  ... thread 1: (2000,622000) ops and (1523.8,17250.1) ops/second in (1.312549,36.057719) seconds
2026/05/26-10:59:59  ... thread 3: (2000,588000) ops and (1665.0,16290.6) ops/second in (1.201219,36.094505) seconds
2026/05/26-11:00:00  ... thread 2: (2000,613000) ops and (1551.2,16623.6) ops/second in (1.289314,36.875296) seconds
2026/05/26-11:00:00  ... thread 3: (4000,592000) ops and (3476.2,15894.7) ops/second in (1.150698,37.245203) seconds
2026/05/26-11:00:01  ... thread 1: (1000,623000) ops and (713.3,16631.2) ops/second in (1.401994,37.459713) seconds
2026/05/26-11:00:01  ... thread 0: (2000,580000) ops and (806.0,15375.8) ops/second in (2.481356,37.721553) seconds
2026/05/26-11:00:01  ... thread 2: (2000,615000) ops and (1701.5,16162.6) ops/second in (1.175459,38.050755) seconds
2026/05/26-11:00:01  ... thread 3: (2000,594000) ops and (1778.8,15481.0) ops/second in (1.124337,38.369540) seconds
2026/05/26-11:00:02  ... thread 1: (2000,625000) ops and (1394.7,16069.4) ops/second in (1.433999,38.893712) seconds
2026/05/26-11:00:02  ... thread 0: (3000,583000) ops and (1982.9,14859.4) ops/second in (1.512916,39.234469) seconds
2026/05/26-11:00:03  ... thread 3: (2000,596000) ops and (1724.2,15077.4) ops/second in (1.159950,39.529490) seconds
2026/05/26-11:00:03  ... thread 2: (3000,618000) ops and (1681.0,15513.9) ops/second in (1.784612,39.835367) seconds
2026/05/26-11:00:04  ... thread 1: (2000,627000) ops and (1323.3,15517.8) ops/second in (1.511406,40.405118) seconds
2026/05/26-11:00:04  ... thread 0: (2000,585000) ops and (1606.3,14451.7) ops/second in (1.245126,40.479595) seconds
2026/05/26-11:00:04  ... thread 3: (2000,598000) ops and (1510.1,14637.5) ops/second in (1.324408,40.853898) seconds
2026/05/26-11:00:04  ... thread 2: (2000,620000) ops and (1825.8,15147.5) ops/second in (1.095438,40.930805) seconds
2026/05/26-11:00:05  ... thread 0: (1000,586000) ops and (882.9,14082.4) ops/second in (1.132668,41.612263) seconds
2026/05/26-11:00:05  ... thread 1: (1000,628000) ops and (824.5,15089.6) ops/second in (1.212856,41.617974) seconds
2026/05/26-11:00:05  ... thread 3: (11000,609000) ops and (10970.6,14549.7) ops/second in (1.002676,41.856574) seconds
2026/05/26-11:00:05  ... thread 2: (13000,633000) ops and (12926.2,15094.2) ops/second in (1.005711,41.936516) seconds
2026/05/26-11:00:06  ... thread 0: (31000,617000) ops and (30256.9,14471.1) ops/second in (1.024560,42.636823) seconds
2026/05/26-11:00:06  ... thread 1: (33000,661000) ops and (31291.2,15490.0) ops/second in (1.054608,42.672582) seconds
2026/05/26-11:00:06  ... thread 3: (33000,642000) ops and (32550.6,14975.4) ops/second in (1.013807,42.870381) seconds
2026/05/26-11:00:06  ... thread 2: (28000,661000) ops and (27890.7,15393.4) ops/second in (1.003919,42.940435) seconds
2026/05/26-11:00:07  ... thread 1: (29000,690000) ops and (17914.5,15578.7) ops/second in (1.618802,44.291384) seconds
2026/05/26-11:00:07  ... thread 3: (21000,663000) ops and (14738.0,14967.7) ops/second in (1.424891,44.295272) seconds
2026/05/26-11:00:07  ... thread 2: (17000,678000) ops and (12502.2,15304.7) ops/second in (1.359764,44.300199) seconds
2026/05/26-11:00:07  ... thread 0: (30000,647000) ops and (17927.9,14601.6) ops/second in (1.673369,44.310192) seconds
2026/05/26-11:00:09  ... thread 2: (29000,707000) ops and (25614.9,15561.6) ops/second in (1.132154,45.432353) seconds
2026/05/26-11:00:09  ... thread 1: (33000,723000) ops and (28871.5,15913.1) ops/second in (1.142996,45.434380) seconds
2026/05/26-11:00:09  ... thread 0: (30000,677000) ops and (26249.6,14894.5) ops/second in (1.142873,45.453065) seconds
2026/05/26-11:00:09  ... thread 3: (32000,695000) ops and (27402.4,15287.1) ops/second in (1.167779,45.463051) seconds
2026/05/26-11:00:10  ... thread 3: (27000,722000) ops and (22082.5,15465.1) ops/second in (1.222690,46.685741) seconds
2026/05/26-11:00:10  ... thread 1: (29000,752000) ops and (22988.2,16104.2) ops/second in (1.261516,46.695896) seconds
2026/05/26-11:00:10  ... thread 0: (38000,715000) ops and (30072.8,15305.0) ops/second in (1.263602,46.716667) seconds
2026/05/26-11:00:10  ... thread 2: (31000,738000) ops and (23701.9,15789.4) ops/second in (1.307910,46.740263) seconds
2026/05/26-11:00:11  ... thread 1: (16000,768000) ops and (15311.8,16086.9) ops/second in (1.044947,47.740843) seconds
2026/05/26-11:00:11  ... thread 3: (16000,738000) ops and (13589.5,15419.0) ops/second in (1.177377,47.863118) seconds
2026/05/26-11:00:11  ... thread 0: (15000,730000) ops and (12137.4,15223.4) ops/second in (1.235851,47.952518) seconds
2026/05/26-11:00:11  ... thread 2: (15000,753000) ops and (11865.9,15686.1) ops/second in (1.264131,48.004394) seconds
2026/05/26-11:00:12  ... thread 3: (1000,739000) ops and (946.2,15106.3) ops/second in (1.056874,48.919992) seconds
2026/05/26-11:00:12  ... thread 2: (3000,756000) ops and (2221.4,15317.6) ops/second in (1.350524,49.354918) seconds
2026/05/26-11:00:13  ... thread 1: (2000,770000) ops and (1113.7,15544.0) ops/second in (1.795884,49.536727) seconds
2026/05/26-11:00:13  ... thread 0: (1000,731000) ops and (585.0,14719.5) ops/second in (1.709426,49.661944) seconds
2026/05/26-11:00:13  ... thread 3: (2000,741000) ops and (1796.3,14810.1) ops/second in (1.113430,50.033422) seconds
2026/05/26-11:00:14  ... thread 0: (2000,733000) ops and (1537.1,14383.0) ops/second in (1.301123,50.963067) seconds
2026/05/26-11:00:14  ... thread 1: (1000,771000) ops and (579.1,15039.9) ops/second in (1.726931,51.263658) seconds
2026/05/26-11:00:14  ... thread 2: (2000,758000) ops and (1029.7,14776.6) ops/second in (1.942339,51.297257) seconds
2026/05/26-11:00:15  ... thread 0: (1000,734000) ops and (842.4,14074.8) ops/second in (1.187053,52.150120) seconds
2026/05/26-11:00:15  ... thread 1: (1000,772000) ops and (968.4,14762.0) ops/second in (1.032602,52.296260) seconds
2026/05/26-11:00:15  ... thread 3: (2000,743000) ops and (850.9,14183.7) ops/second in (2.350556,52.383978) seconds
2026/05/26-11:00:16  ... thread 2: (3000,761000) ops and (1468.4,14266.9) ops/second in (2.043099,53.340356) seconds
2026/05/26-11:00:17  ... thread 0: (1000,735000) ops and (774.7,13753.5) ops/second in (1.290763,53.440883) seconds
2026/05/26-11:00:17  ... thread 3: (2000,745000) ops and (1770.6,13921.7) ops/second in (1.129581,53.513559) seconds
2026/05/26-11:00:18  ... thread 2: (1000,762000) ops and (930.0,14003.3) ops/second in (1.075218,54.415574) seconds
2026/05/26-11:00:18  ... thread 3: (2000,747000) ops and (1528.5,13625.9) ops/second in (1.308513,54.822072) seconds
2026/05/26-11:00:18  ... thread 1: (2000,774000) ops and (717.4,14051.3) ops/second in (2.787749,55.084009) seconds
2026/05/26-11:00:19  ... thread 0: (3000,738000) ops and (1462.0,13299.0) ops/second in (2.051995,55.492878) seconds
2026/05/26-11:00:19  ... thread 2: (2000,764000) ops and (1138.5,13601.0) ops/second in (1.756659,56.172233) seconds
2026/05/26-11:00:19  ... thread 3: (2000,749000) ops and (1396.0,13314.4) ops/second in (1.432715,56.254787) seconds
2026/05/26-11:00:20  ... thread 1: (2000,776000) ops and (1305.9,13706.5) ops/second in (1.531524,56.615533) seconds
2026/05/26-11:00:20  ... thread 0: (1000,739000) ops and (850.1,13040.6) ops/second in (1.176291,56.669169) seconds
2026/05/26-11:00:20  ... thread 2: (1000,765000) ops and (931.6,13363.5) ops/second in (1.073402,57.245635) seconds
2026/05/26-11:00:21  ... thread 3: (1000,750000) ops and (834.2,13054.0) ops/second in (1.198736,57.453523) seconds
2026/05/26-11:00:21  ... thread 2: (2000,767000) ops and (1942.9,13161.7) ops/second in (1.029399,58.275034) seconds
2026/05/26-11:00:21  ... thread 0: (2000,741000) ops and (1171.1,12693.4) ops/second in (1.707749,58.376918) seconds
2026/05/26-11:00:22  ... thread 1: (2000,778000) ops and (1127.3,13324.3) ops/second in (1.774072,58.389605) seconds
2026/05/26-11:00:22  ... thread 3: (1000,751000) ops and (593.4,12699.0) ops/second in (1.685100,59.138623) seconds
2026/05/26-11:00:23  ... thread 0: (2000,743000) ops and (1471.4,12438.0) ops/second in (1.359217,59.736135) seconds
2026/05/26-11:00:23  ... thread 2: (2000,769000) ops and (1296.0,12855.6) ops/second in (1.543172,59.818206) seconds
2026/05/26-11:00:23  ... thread 1: (2000,780000) ops and (1160.3,12975.5) ops/second in (1.723750,60.113355) seconds
2026/05/26-11:00:24  ... thread 3: (1000,752000) ops and (646.2,12391.6) ops/second in (1.547543,60.686166) seconds
2026/05/26-11:00:24  ... thread 2: (2000,771000) ops and (1941.8,12670.9) ops/second in (1.029949,60.848155) seconds
2026/05/26-11:00:24  ... thread 0: (1000,744000) ops and (729.5,12175.4) ops/second in (1.370742,61.106877) seconds
2026/05/26-11:00:25  ... thread 3: (2000,754000) ops and (1446.9,12147.9) ops/second in (1.382246,62.068412) seconds
2026/05/26-11:00:26  ... thread 1: (2000,782000) ops and (709.0,12425.6) ops/second in (2.820990,62.934345) seconds
2026/05/26-11:00:26  ... thread 0: (1000,745000) ops and (477.9,11788.1) ops/second in (2.092365,63.199242) seconds
2026/05/26-11:00:26  ... thread 3: (2000,756000) ops and (1598.2,11939.4) ops/second in (1.251396,63.319808) seconds
2026/05/26-11:00:26  ... thread 2: (2000,773000) ops and (797.9,12201.2) ops/second in (2.506442,63.354597) seconds
2026/05/26-11:00:28  ... thread 1: (1000,783000) ops and (592.0,12116.3) ops/second in (1.689279,64.623624) seconds
2026/05/26-11:00:28  ... thread 0: (2000,747000) ops and (1370.0,11552.9) ops/second in (1.459905,64.659147) seconds
2026/05/26-11:00:28  ... thread 2: (1000,774000) ops and (662.7,11932.7) ops/second in (1.508962,64.863559) seconds
2026/05/26-11:00:28  ... thread 3: (1000,757000) ops and (517.2,11600.9) ops/second in (1.933489,65.253297) seconds
2026/05/26-11:00:29  ... thread 1: (1000,784000) ops and (686.9,11864.5) ops/second in (1.455796,66.079420) seconds
2026/05/26-11:00:29  ... thread 2: (1000,775000) ops and (708.0,11693.5) ops/second in (1.412404,66.275963) seconds
2026/05/26-11:00:29  ... thread 0: (1000,748000) ops and (580.1,11267.9) ops/second in (1.723907,66.383054) seconds
2026/05/26-11:00:30  ... thread 2: (1000,776000) ops and (951.9,11525.9) ops/second in (1.050537,67.326500) seconds
2026/05/26-11:00:31  ... thread 3: (1000,758000) ops and (448.8,11232.7) ops/second in (2.228004,67.481301) seconds
2026/05/26-11:00:31  ... thread 0: (1000,749000) ops and (698.2,11044.7) ops/second in (1.432323,67.815377) seconds
2026/05/26-11:00:32  ... thread 2: (1000,777000) ops and (818.8,11335.2) ops/second in (1.221301,68.547801) seconds
2026/05/26-11:00:32  ... thread 3: (1000,759000) ops and (721.2,11021.1) ops/second in (1.386593,68.867894) seconds
2026/05/26-11:00:32  ... thread 0: (1000,750000) ops and (950.4,10890.5) ops/second in (1.052230,68.867607) seconds
2026/05/26-11:00:32  ... thread 1: (2000,786000) ops and (693.4,11397.3) ops/second in (2.884383,68.963803) seconds
2026/05/26-11:00:33  ... thread 0: (1000,751000) ops and (864.0,10724.7) ops/second in (1.157413,70.025020) seconds
2026/05/26-11:00:33  ... thread 2: (2000,779000) ops and (1194.2,11093.3) ops/second in (1.674740,70.222541) seconds
2026/05/26-11:00:34  ... thread 3: (1000,760000) ops and (534.2,10743.6) ops/second in (1.872013,70.739907) seconds
2026/05/26-11:00:34  ... thread 1: (1000,787000) ops and (519.0,11101.6) ops/second in (1.926729,70.890532) seconds
2026/05/26-11:00:34  ... thread 2: (1000,780000) ops and (923.6,10938.9) ops/second in (1.082719,71.305260) seconds
2026/05/26-11:00:34  ... thread 0: (1000,752000) ops and (767.9,10543.0) ops/second in (1.302221,71.327241) seconds
2026/05/26-11:00:35  ... thread 3: (1000,761000) ops and (769.0,10563.5) ops/second in (1.300402,72.040309) seconds
2026/05/26-11:00:36  ... thread 1: (1000,788000) ops and (625.3,10870.5) ops/second in (1.599248,72.489780) seconds
2026/05/26-11:00:36  ... thread 0: (1000,753000) ops and (828.4,10381.3) ops/second in (1.207165,72.534406) seconds
2026/05/26-11:00:36  ... thread 2: (1000,781000) ops and (550.0,10680.5) ops/second in (1.818344,73.123604) seconds
2026/05/26-11:00:36  ... thread 3: (1000,762000) ops and (917.8,10419.8) ops/second in (1.089514,73.129823) seconds
2026/05/26-11:00:37  ... thread 1: (16000,804000) ops and (15997.2,10940.3) ops/second in (1.000172,73.489952) seconds
2026/05/26-11:00:37  ... thread 0: (14000,767000) ops and (13474.7,10425.0) ops/second in (1.038987,73.573393) seconds
2026/05/26-11:00:37  ... thread 3: (26000,788000) ops and (25873.2,10629.3) ops/second in (1.004901,74.134724) seconds
2026/05/26-11:00:37  ... thread 2: (24000,805000) ops and (23171.2,10855.0) ops/second in (1.035769,74.159373) seconds
2026/05/26-11:00:38  ... thread 1: (28000,832000) ops and (26572.6,11161.2) ops/second in (1.053718,74.543670) seconds
2026/05/26-11:00:38  ... thread 0: (25000,792000) ops and (24321.4,10616.4) ops/second in (1.027901,74.601294) seconds
2026/05/26-11:00:39  ... thread 2: (27000,832000) ops and (17239.2,10987.0) ops/second in (1.566194,75.725567) seconds
2026/05/26-11:00:39  ... thread 1: (18000,850000) ops and (15133.4,11223.6) ops/second in (1.189419,75.733089) seconds
2026/05/26-11:00:39  ... thread 3: (24000,812000) ops and (14936.4,10720.7) ops/second in (1.606811,75.741535) seconds
2026/05/26-11:00:39  ... thread 0: (15000,807000) ops and (13106.0,10654.1) ops/second in (1.144518,75.745812) seconds
2026/05/26-11:00:40  ... thread 0: (29000,836000) ops and (26411.5,10879.2) ops/second in (1.098006,76.843818) seconds
2026/05/26-11:00:40  ... thread 2: (31000,863000) ops and (27554.9,11229.6) ops/second in (1.125027,76.850594) seconds
2026/05/26-11:00:40  ... thread 3: (32000,844000) ops and (28815.0,10982.1) ops/second in (1.110533,76.852068) seconds
2026/05/26-11:00:40  ... thread 1: (32000,882000) ops and (28044.7,11473.3) ops/second in (1.141034,76.874123) seconds
2026/05/26-11:00:41  ... thread 1: (28000,910000) ops and (26503.6,11677.1) ops/second in (1.056459,77.930582) seconds
2026/05/26-11:00:41  ... thread 0: (31000,867000) ops and (28524.2,11125.3) ops/second in (1.086798,77.930616) seconds
2026/05/26-11:00:41  ... thread 2: (33000,896000) ops and (30157.0,11495.3) ops/second in (1.094274,77.944868) seconds
2026/05/26-11:00:41  ... thread 3: (32000,876000) ops and (29237.2,11238.5) ops/second in (1.094497,77.946565) seconds
2026/05/26-11:00:42  ... thread 0: (17000,884000) ops and (16962.3,11199.4) ops/second in (1.002223,78.932839) seconds
2026/05/26-11:00:42  ... thread 1: (17000,927000) ops and (16816.3,11742.9) ops/second in (1.010921,78.941503) seconds
2026/05/26-11:00:42  ... thread 2: (18000,914000) ops and (17703.6,11575.2) ops/second in (1.016742,78.961610) seconds
2026/05/26-11:00:42  ... thread 3: (16000,892000) ops and (15602.1,11295.1) ops/second in (1.025501,78.972066) seconds
2026/05/26-11:00:43  ... thread 0: (30000,914000) ops and (24551.7,11402.9) ops/second in (1.221909,80.154748) seconds
2026/05/26-11:00:44  ... thread 2: (27000,941000) ops and (14666.0,11645.7) ops/second in (1.840990,80.802600) seconds
2026/05/26-11:00:44  ... thread 1: (32000,959000) ops and (16573.6,11858.2) ops/second in (1.930783,80.872286) seconds
2026/05/26-11:00:44  ... thread 3: (30000,922000) ops and (13760.9,11361.4) ops/second in (2.180091,81.152157) seconds
2026/05/26-11:00:44  ... thread 0: (2000,916000) ops and (1984.8,11286.0) ops/second in (1.007674,81.162422) seconds
2026/05/26-11:00:45  ... thread 2: (1000,942000) ops and (986.6,11513.6) ops/second in (1.013611,81.816211) seconds
2026/05/26-11:00:45  ... thread 0: (2000,918000) ops and (1873.8,11163.8) ops/second in (1.067342,82.229764) seconds
2026/05/26-11:00:46  ... thread 1: (1000,960000) ops and (471.9,11567.4) ops/second in (2.119250,82.991536) seconds
2026/05/26-11:00:46  ... thread 2: (1000,943000) ops and (724.2,11334.5) ops/second in (1.380800,83.197011) seconds
2026/05/26-11:00:47  ... thread 3: (1000,923000) ops and (377.6,11014.2) ops/second in (2.648528,83.800685) seconds
2026/05/26-11:00:47  ... thread 1: (1000,961000) ops and (816.9,11411.2) ops/second in (1.224183,84.215719) seconds
2026/05/26-11:00:48  ... thread 0: (1000,919000) ops and (395.2,10842.4) ops/second in (2.530116,84.759880) seconds
2026/05/26-11:00:48  ... thread 2: (2000,945000) ops and (1091.1,11113.7) ops/second in (1.832957,85.029968) seconds
2026/05/26-11:00:48  ... thread 3: (2000,925000) ops and (1331.4,10843.7) ops/second in (1.502122,85.302807) seconds
2026/05/26-11:00:49  ... thread 1: (1000,962000) ops and (727.1,11239.5) ops/second in (1.375294,85.591013) seconds
2026/05/26-11:00:49  ... thread 0: (1000,920000) ops and (931.4,10718.4) ops/second in (1.073701,85.833581) seconds
2026/05/26-11:00:50  ... thread 3: (1000,926000) ops and (908.2,10717.1) ops/second in (1.101109,86.403916) seconds
2026/05/26-11:00:50  ... thread 1: (1000,963000) ops and (903.8,11107.6) ops/second in (1.106461,86.697474) seconds
2026/05/26-11:00:50  ... thread 0: (1000,921000) ops and (910.4,10594.5) ops/second in (1.098407,86.931988) seconds
2026/05/26-11:00:51  ... thread 2: (2000,947000) ops and (839.4,10833.7) ops/second in (2.382523,87.412491) seconds
2026/05/26-11:00:51  ... thread 3: (1000,927000) ops and (772.0,10570.2) ops/second in (1.295337,87.699253) seconds
2026/05/26-11:00:52  ... thread 2: (1000,948000) ops and (971.6,10718.9) ops/second in (1.029211,88.441702) seconds
2026/05/26-11:00:52  ... thread 1: (2000,965000) ops and (1122.2,10906.4) ops/second in (1.782279,88.479753) seconds
2026/05/26-11:00:52  ... thread 0: (1000,922000) ops and (500.4,10367.7) ops/second in (1.998286,88.930274) seconds
2026/05/26-11:00:52  ... thread 3: (1000,928000) ops and (668.5,10404.2) ops/second in (1.495809,89.195062) seconds
2026/05/26-11:00:53  ... thread 0: (1000,923000) ops and (863.6,10245.5) ops/second in (1.157901,90.088175) seconds
2026/05/26-11:00:53  ... thread 2: (1000,949000) ops and (519.5,10501.7) ops/second in (1.924858,90.366560) seconds
2026/05/26-11:00:54  ... thread 1: (2000,967000) ops and (740.8,10605.5) ops/second in (2.699703,91.179456) seconds
2026/05/26-11:00:55  ... thread 3: (2000,930000) ops and (879.8,10167.5) ops/second in (2.273215,91.468277) seconds
2026/05/26-11:00:55  ... thread 2: (2000,951000) ops and (1204.3,10333.9) ops/second in (1.660694,92.027254) seconds
2026/05/26-11:00:55  ... thread 1: (1000,968000) ops and (927.5,10492.4) ops/second in (1.078213,92.257669) seconds
2026/05/26-11:00:56  ... thread 0: (1000,924000) ops and (407.4,9984.6) ops/second in (2.454394,92.542569) seconds
2026/05/26-11:00:57  ... thread 3: (2000,932000) ops and (922.4,9953.4) ops/second in (2.168147,93.636424) seconds
2026/05/26-11:00:57  ... thread 1: (1000,969000) ops and (646.7,10330.0) ops/second in (1.546388,93.804057) seconds
2026/05/26-11:00:57  ... thread 2: (2000,953000) ops and (1043.1,10144.3) ops/second in (1.917393,93.944647) seconds
2026/05/26-11:00:57  ... thread 0: (2000,926000) ops and (1171.6,9825.0) ops/second in (1.707028,94.249597) seconds
2026/05/26-11:00:58  ... thread 3: (1000,933000) ops and (826.4,9836.9) ops/second in (1.210073,94.846497) seconds
2026/05/26-11:00:58  ... thread 2: (1000,954000) ops and (706.5,10004.2) ops/second in (1.415341,95.359988) seconds
2026/05/26-11:00:59  ... thread 0: (2000,928000) ops and (1232.4,9679.5) ops/second in (1.622798,95.872395) seconds
2026/05/26-11:00:59  ... thread 1: (1000,970000) ops and (476.2,10114.3) ops/second in (2.099741,95.903798) seconds
2026/05/26-11:00:59  ... thread 3: (1000,934000) ops and (692.2,9699.7) ops/second in (1.444665,96.291162) seconds
2026/05/26-11:01:00  ... thread 2: (1000,955000) ops and (703.1,9867.5) ops/second in (1.422352,96.782340) seconds
2026/05/26-11:01:01  ... thread 3: (1000,935000) ops and (666.3,9561.1) ops/second in (1.500809,97.791971) seconds
2026/05/26-11:01:01  ... thread 0: (1000,929000) ops and (487.8,9487.1) ops/second in (2.050001,97.922396) seconds
2026/05/26-11:01:01  ... thread 2: (2000,957000) ops and (1597.1,9761.9) ops/second in (1.252269,98.034609) seconds
2026/05/26-11:01:02  ... thread 1: (2000,972000) ops and (802.9,9878.6) ops/second in (2.490985,98.394783) seconds
2026/05/26-11:01:02  ... thread 3: (1000,936000) ops and (840.5,9456.3) ops/second in (1.189724,98.981695) seconds
2026/05/26-11:01:03  ... thread 1: (1000,973000) ops and (898.6,9778.1) ops/second in (1.112834,99.507617) seconds
2026/05/26-11:01:04  ... thread 2: (2000,959000) ops and (818.8,9544.5) ops/second in (2.442606,100.477215) seconds
2026/05/26-11:01:04  ... thread 0: (1000,930000) ops and (370.5,9242.6) ops/second in (2.698982,100.621378) seconds
2026/05/26-11:01:05  ... thread 3: (1000,937000) ops and (400.8,9233.6) ops/second in (2.495263,101.476958) seconds
2026/05/26-11:01:05  ... thread 2: (1000,960000) ops and (696.6,9419.8) ops/second in (1.435544,101.912759) seconds
2026/05/26-11:01:06  ... thread 1: (2000,975000) ops and (686.8,9519.7) ops/second in (2.912057,102.419674) seconds
2026/05/26-11:01:06  ... thread 0: (1000,931000) ops and (478.5,9064.2) ops/second in (2.090048,102.711426) seconds
2026/05/26-11:01:06  ... thread 3: (1000,938000) ops and (620.9,9099.1) ops/second in (1.610482,103.087440) seconds
2026/05/26-11:01:07  ... thread 2: (1000,961000) ops and (473.4,9238.2) ops/second in (2.112217,104.024976) seconds
2026/05/26-11:01:08  ... thread 1: (1000,976000) ops and (441.9,9323.4) ops/second in (2.263186,104.682860) seconds
2026/05/26-11:01:08  ... thread 3: (1000,939000) ops and (529.2,8944.8) ops/second in (1.889670,104.977110) seconds
2026/05/26-11:01:08  ... thread 0: (1000,932000) ops and (427.2,8871.8) ops/second in (2.340776,105.052202) seconds
2026/05/26-11:01:09  ... thread 2: (1000,962000) ops and (688.8,9120.5) ops/second in (1.451751,105.476727) seconds
2026/05/26-11:01:09  ... thread 0: (1000,933000) ops and (930.6,8791.4) ops/second in (1.074564,106.126766) seconds
2026/05/26-11:01:09  ... thread 3: (1000,940000) ops and (861.1,8856.4) ops/second in (1.161321,106.138431) seconds
2026/05/26-11:01:09  ... thread 1: (1000,977000) ops and (684.7,9204.5) ops/second in (1.460482,106.143342) seconds
2026/05/26-11:01:10  ... thread 2: (9000,971000) ops and (8424.9,9113.5) ops/second in (1.068256,106.544983) seconds
2026/05/26-11:01:10  ... thread 3: (15000,955000) ops and (14469.9,8910.7) ops/second in (1.036638,107.175069) seconds
2026/05/26-11:01:10  ... thread 0: (15000,948000) ops and (14268.4,8845.1) ops/second in (1.051271,107.178037) seconds
2026/05/26-11:01:10  ... thread 1: (14000,991000) ops and (13287.5,9244.7) ops/second in (1.053623,107.196965) seconds
2026/05/26-11:01:11  ... thread 2: (18000,989000) ops and (17798.0,9195.2) ops/second in (1.011352,107.556335) seconds
2026/05/26-11:01:11  ... thread 0: (24000,972000) ops and (23940.6,8985.0) ops/second in (1.002481,108.180518) seconds
2026/05/26-11:01:11  ... thread 3: (25000,980000) ops and (24209.2,9056.7) ops/second in (1.032667,108.207736) seconds
2026/05/26-11:01:11  ... thread 1: (25000,1016000) ops and (24396.3,9388.1) ops/second in (1.024744,108.221709) seconds
2026/05/26-11:01:12  ... thread 2: (23000,1012000) ops and (18141.1,9299.4) ops/second in (1.267839,108.824174) seconds
2026/05/26-11:01:12  ... thread 3: (14000,994000) ops and (13839.6,9101.0) ops/second in (1.011590,109.219326) seconds
2026/05/26-11:01:12  ... thread 0: (15000,987000) ops and (14350.7,9036.3) ops/second in (1.045245,109.225763) seconds
2026/05/26-11:01:12  ... thread 1: (16000,1032000) ops and (15449.2,9445.6) ops/second in (1.035649,109.257358) seconds
2026/05/26-11:01:13  ... thread 2: (19000,1031000) ops and (18883.2,9387.2) ops/second in (1.006188,109.830362) seconds
2026/05/26-11:01:13  ... thread 3: (23000,1017000) ops and (22784.8,9226.3) ops/second in (1.009446,110.228772) seconds
2026/05/26-11:01:13  ... thread 0: (26000,1013000) ops and (25957.9,9190.1) ops/second in (1.001620,110.227383) seconds
2026/05/26-11:01:13  ... thread 1: (27000,1059000) ops and (26278.9,9602.4) ops/second in (1.027442,110.284800) seconds
2026/05/26-11:01:14  ... thread 2: (24000,1055000) ops and (18055.8,9490.9) ops/second in (1.329211,111.159573) seconds
2026/05/26-11:01:14  ... thread 0: (12000,1025000) ops and (11977.5,9215.2) ops/second in (1.001882,111.229265) seconds
2026/05/26-11:01:14  ... thread 3: (13000,1030000) ops and (12557.8,9257.3) ops/second in (1.035216,111.263988) seconds
2026/05/26-11:01:14  ... thread 1: (13000,1072000) ops and (12802.8,9631.6) ops/second in (1.015400,111.300200) seconds
2026/05/26-11:01:15  ... thread 2: (30000,1085000) ops and (28213.0,9668.3) ops/second in (1.063338,112.222911) seconds
2026/05/26-11:01:15  ... thread 0: (28000,1053000) ops and (27723.7,9381.7) ops/second in (1.009968,112.239233) seconds
2026/05/26-11:01:15  ... thread 3: (30000,1060000) ops and (29169.9,9439.6) ops/second in (1.028457,112.292445) seconds
2026/05/26-11:01:15  ... thread 1: (34000,1106000) ops and (33584.4,9847.5) ops/second in (1.012376,112.312576) seconds
2026/05/26-11:01:17  ... thread 0: (14000,1067000) ops and (9814.3,9387.2) ops/second in (1.426497,113.665730) seconds
2026/05/26-11:01:17  ... thread 2: (16000,1101000) ops and (10470.4,9679.0) ops/second in (1.528118,113.751029) seconds
2026/05/26-11:01:17  ... thread 3: (12000,1072000) ops and (7636.8,9414.8) ops/second in (1.571330,113.863775) seconds
2026/05/26-11:01:17  ... thread 1: (13000,1119000) ops and (7895.5,9819.3) ops/second in (1.646516,113.959092) seconds
2026/05/26-11:01:18  ... thread 0: (1000,1068000) ops and (584.1,9256.5) ops/second in (1.712166,115.377896) seconds
2026/05/26-11:01:19  ... thread 1: (1000,1120000) ops and (599.0,9686.2) ops/second in (1.669506,115.628598) seconds
2026/05/26-11:01:19  ... thread 2: (1000,1102000) ops and (419.6,9489.0) ops/second in (2.383190,116.134219) seconds
2026/05/26-11:01:19  ... thread 3: (1000,1073000) ops and (430.8,9235.3) ops/second in (2.321009,116.184784) seconds
2026/05/26-11:01:20  ... thread 0: (1000,1069000) ops and (895.5,9176.4) ops/second in (1.116744,116.494640) seconds
2026/05/26-11:01:21  ... thread 1: (1000,1121000) ops and (509.4,9533.0) ops/second in (1.962993,117.591591) seconds
2026/05/26-11:01:21  ... thread 2: (1000,1103000) ops and (516.8,9342.0) ops/second in (1.934820,118.069039) seconds
2026/05/26-11:01:22  ... thread 0: (2000,1071000) ops and (960.8,9032.2) ops/second in (2.081571,118.576211) seconds
2026/05/26-11:01:22  ... thread 1: (1000,1122000) ops and (988.5,9460.1) ops/second in (1.011676,118.603267) seconds
2026/05/26-11:01:22  ... thread 3: (1000,1074000) ops and (405.3,9051.7) ops/second in (2.467180,118.651964) seconds
2026/05/26-11:01:24  ... thread 2: (1000,1104000) ops and (415.1,9163.5) ops/second in (2.409020,120.478059) seconds
2026/05/26-11:01:24  ... thread 0: (1000,1072000) ops and (505.4,8892.2) ops/second in (1.978532,120.554743) seconds
2026/05/26-11:01:24  ... thread 1: (2000,1124000) ops and (856.6,9294.0) ops/second in (2.334921,120.938188) seconds
2026/05/26-11:01:24  ... thread 3: (1000,1075000) ops and (390.4,8868.6) ops/second in (2.561762,121.213726) seconds
2026/05/26-11:01:25  ... thread 1: (1000,1125000) ops and (774.2,9204.0) ops/second in (1.291606,122.229794) seconds
2026/05/26-11:01:26  ... thread 0: (2000,1074000) ops and (1033.4,8768.1) ops/second in (1.935353,122.490096) seconds
2026/05/26-11:01:26  ... thread 2: (1000,1105000) ops and (373.2,8972.3) ops/second in (2.679399,123.157458) seconds
2026/05/26-11:01:27  ... thread 3: (1000,1076000) ops and (401.4,8698.1) ops/second in (2.491331,123.705057) seconds
2026/05/26-11:01:28  ... thread 0: (2000,1076000) ops and (996.0,8642.7) ops/second in (2.008002,124.498098) seconds
2026/05/26-11:01:28  ... thread 2: (1000,1106000) ops and (603.6,8861.2) ops/second in (1.656659,124.814117) seconds
2026/05/26-11:01:28  ... thread 3: (1000,1077000) ops and (623.5,8594.8) ops/second in (1.603777,125.308834) seconds
2026/05/26-11:01:29  ... thread 0: (1000,1077000) ops and (675.4,8549.1) ops/second in (1.480686,125.978784) seconds
2026/05/26-11:01:29  ... thread 1: (1000,1126000) ops and (261.4,8932.6) ops/second in (3.825761,126.055555) seconds
2026/05/26-11:01:30  ... thread 3: (1000,1078000) ops and (836.6,8521.5) ops/second in (1.195360,126.504194) seconds
2026/05/26-11:01:30  ... thread 2: (1000,1107000) ops and (409.7,8699.1) ops/second in (2.441075,127.255192) seconds
2026/05/26-11:01:31  ... thread 0: (1000,1078000) ops and (699.4,8461.0) ops/second in (1.429856,127.408640) seconds
2026/05/26-11:01:32  ... thread 0: (1000,1079000) ops and (846.1,8391.0) ops/second in (1.181947,128.590587) seconds
2026/05/26-11:01:32  ... thread 3: (1000,1079000) ops and (430.5,8375.6) ops/second in (2.323137,128.827331) seconds
2026/05/26-11:01:32  ... thread 1: (2000,1128000) ops and (631.3,8729.1) ops/second in (3.167844,129.223399) seconds
2026/05/26-11:01:32  ... thread 2: (1000,1108000) ops and (485.0,8568.1) ops/second in (2.061799,129.316991) seconds
2026/05/26-11:01:33  ... thread 0: (1000,1080000) ops and (594.7,8290.3) ops/second in (1.681602,130.272189) seconds
2026/05/26-11:01:33  ... thread 3: (1000,1080000) ops and (642.9,8283.3) ops/second in (1.555538,130.382869) seconds
2026/05/26-11:01:34  ... thread 1: (1000,1129000) ops and (763.0,8649.1) ops/second in (1.310662,130.534061) seconds
2026/05/26-11:01:34  ... thread 2: (1000,1109000) ops and (722.5,8485.0) ops/second in (1.384000,130.700991) seconds
2026/05/26-11:01:36  ... thread 0: (1000,1081000) ops and (438.8,8155.3) ops/second in (2.278992,132.551181) seconds
2026/05/26-11:01:36  ... thread 2: (1000,1110000) ops and (503.3,8365.5) ops/second in (1.987008,132.687999) seconds
2026/05/26-11:01:36  ... thread 3: (1000,1081000) ops and (414.0,8140.2) ops/second in (2.415582,132.798451) seconds
2026/05/26-11:01:36  ... thread 1: (2000,1131000) ops and (853.4,8511.6) ops/second in (2.343675,132.877736) seconds
2026/05/26-11:01:37  ... thread 3: (1000,1082000) ops and (960.4,8084.3) ops/second in (1.041261,133.839712) seconds
2026/05/26-11:01:38  ... thread 2: (1000,1111000) ops and (559.9,8261.8) ops/second in (1.786116,134.474115) seconds
2026/05/26-11:01:38  ... thread 0: (1000,1082000) ops and (427.8,8021.4) ops/second in (2.337457,134.888638) seconds
2026/05/26-11:01:39  ... thread 1: (1000,1132000) ops and (325.8,8326.7) ops/second in (3.069764,135.947500) seconds
2026/05/26-11:01:39  ... thread 2: (1000,1112000) ops and (612.4,8170.0) ops/second in (1.632796,136.106911) seconds
2026/05/26-11:01:39  ... thread 3: (2000,1084000) ops and (836.8,7957.1) ops/second in (2.390033,136.229745) seconds
2026/05/26-11:01:40  ... thread 0: (1000,1083000) ops and (523.6,7916.8) ops/second in (1.909787,136.798425) seconds
2026/05/26-11:01:41  ... thread 2: (1000,1113000) ops and (480.3,8054.2) ops/second in (2.082222,138.189133) seconds
2026/05/26-11:01:42  ... thread 0: (2000,1085000) ops and (1007.0,7817.9) ops/second in (1.986032,138.784457) seconds
2026/05/26-11:01:42  ... thread 1: (2000,1134000) ops and (678.9,8164.5) ops/second in (2.945840,138.893340) seconds
2026/05/26-11:01:42  ... thread 3: (1000,1085000) ops and (346.2,7799.1) ops/second in (2.888635,139.118380) seconds
2026/05/26-11:01:43  ... thread 2: (1000,1114000) ops and (492.8,7944.7) ops/second in (2.029341,140.218474) seconds
2026/05/26-11:01:43  ... thread 1: (1000,1135000) ops and (688.7,8087.2) ops/second in (1.452026,140.345366) seconds
2026/05/26-11:01:44  ... thread 0: (1000,1086000) ops and (388.2,7682.5) ops/second in (2.576041,141.360498) seconds
2026/05/26-11:01:45  ... thread 3: (1000,1086000) ops and (369.9,7657.5) ops/second in (2.703714,141.822094) seconds
2026/05/26-11:01:46  ... thread 2: (1000,1115000) ops and (417.4,7818.3) ops/second in (2.396043,142.614517) seconds
2026/05/26-11:01:46  ... thread 1: (1000,1136000) ops and (439.6,7965.2) ops/second in (2.274915,142.620281) seconds
2026/05/26-11:01:46  ... thread 0: (1000,1087000) ops and (789.4,7621.3) ops/second in (1.266774,142.627272) seconds
2026/05/26-11:01:46  ... thread 3: (8000,1094000) ops and (7893.6,7659.2) ops/second in (1.013478,142.835572) seconds
2026/05/26-11:01:47  ... thread 2: (29000,1144000) ops and (28678.2,7965.1) ops/second in (1.011221,143.625738) seconds
2026/05/26-11:01:47  ... thread 1: (31000,1167000) ops and (30672.3,8125.0) ops/second in (1.010683,143.630964) seconds
2026/05/26-11:01:47  ... thread 0: (31000,1118000) ops and (29876.1,7782.0) ops/second in (1.037619,143.664891) seconds
2026/05/26-11:01:47  ... thread 3: (31000,1125000) ops and (30513.0,7820.6) ops/second in (1.015959,143.851531) seconds
2026/05/26-11:01:48  ... thread 1: (31000,1198000) ops and (18736.0,8245.8) ops/second in (1.654571,145.285535) seconds
2026/05/26-11:01:48  ... thread 2: (29000,1173000) ops and (17439.1,8073.6) ops/second in (1.662931,145.288669) seconds
2026/05/26-11:01:48  ... thread 3: (24000,1149000) ops and (16646.3,7908.1) ops/second in (1.441761,145.293292) seconds
2026/05/26-11:01:48  ... thread 0: (32000,1150000) ops and (19598.4,7914.8) ops/second in (1.632789,145.297680) seconds
2026/05/26-11:01:49  ... thread 1: (31000,1229000) ops and (30668.5,8400.8) ops/second in (1.010810,146.296345) seconds
2026/05/26-11:01:49  ... thread 0: (30000,1180000) ops and (29943.1,8065.6) ops/second in (1.001900,146.299580) seconds
2026/05/26-11:01:49  ... thread 2: (30000,1203000) ops and (29487.2,8222.5) ops/second in (1.017389,146.306058) seconds
2026/05/26-11:01:49  ... thread 3: (28000,1177000) ops and (27470.5,8044.4) ops/second in (1.019274,146.312566) seconds
2026/05/26-11:01:50  ... thread 0: (26000,1206000) ops and (25919.8,8187.2) ops/second in (1.003094,147.302674) seconds
2026/05/26-11:01:50  ... thread 2: (27000,1230000) ops and (26904.0,8349.8) ops/second in (1.003570,147.309628) seconds
2026/05/26-11:01:50  ... thread 3: (25000,1202000) ops and (24896.1,8159.3) ops/second in (1.004173,147.316739) seconds
2026/05/26-11:01:51  ... thread 2: (15000,1245000) ops and (14989.6,8394.6) ops/second in (1.000697,148.310325) seconds
2026/05/26-11:01:51  ... thread 0: (15000,1221000) ops and (14888.0,8232.7) ops/second in (1.007523,148.310197) seconds
2026/05/26-11:01:51  ... thread 3: (16000,1218000) ops and (15810.4,8211.5) ops/second in (1.011994,148.328733) seconds
Initializing RocksDB Options from the specified file
Initializing RocksDB Options from command-line flags
Integrated BlobDB: blob cache disabled
Keys:       16 bytes each (+ 0 bytes user-defined timestamp)
Values:     1024 bytes each (512 bytes after compression)
Entries:    1250000
Prefix:    0 bytes
Keys per prefix:    0
RawSize:    1239.8 MB (estimated)
FileSize:   629.4 MB (estimated)
Write rate: 0 bytes/second
Read rate: 0 ops/second
Compression: Snappy
Compression sampling rate: 0
Memtablerep: SkipListFactory
Perf Level: 1
WARNING: Assertions are enabled; benchmarks unnecessarily slow
------------------------------------------------
Initializing RocksDB Options from the specified file
Initializing RocksDB Options from command-line flags
Integrated BlobDB: blob cache disabled
DB path: [/tmp/rocksdb_comp_exp_db]
fillrandom   :     118.649 micros/op 33594 ops/sec 148.834 seconds 5000000 operations;   33.3 MB/s
2026/05/26-11:01:57  ... thread 2: (1000,1000) ops and (183.7,183.7) ops/second in (5.443982,5.443982) seconds
2026/05/26-11:01:58  ... thread 0: (1000,1000) ops and (179.3,179.3) ops/second in (5.578738,5.578738) seconds
2026/05/26-11:01:58  ... thread 3: (1000,1000) ops and (177.4,177.4) ops/second in (5.637067,5.637067) seconds
2026/05/26-11:01:58  ... thread 1: (1000,1000) ops and (173.5,173.5) ops/second in (5.764774,5.764774) seconds
2026/05/26-11:02:02  ... thread 3: (1000,2000) ops and (207.7,191.3) ops/second in (4.815372,10.452439) seconds
2026/05/26-11:02:02  ... thread 2: (1000,2000) ops and (197.5,190.3) ops/second in (5.063911,10.507893) seconds
2026/05/26-11:02:03  ... thread 0: (1000,2000) ops and (196.1,187.3) ops/second in (5.099592,10.678330) seconds
2026/05/26-11:02:03  ... thread 1: (1000,2000) ops and (194.6,183.4) ops/second in (5.139573,10.904347) seconds
2026/05/26-11:02:08  ... thread 3: (1000,3000) ops and (185.9,189.5) ops/second in (5.380434,15.832873) seconds
2026/05/26-11:02:08  ... thread 2: (1000,3000) ops and (184.5,188.4) ops/second in (5.419329,15.927222) seconds
2026/05/26-11:02:08  ... thread 0: (1000,3000) ops and (189.0,187.9) ops/second in (5.291273,15.969603) seconds
2026/05/26-11:02:08  ... thread 1: (1000,3000) ops and (185.9,184.2) ops/second in (5.380163,16.284510) seconds
2026/05/26-11:02:13  ... thread 2: (1000,4000) ops and (191.9,189.2) ops/second in (5.210978,21.138200) seconds
2026/05/26-11:02:13  ... thread 3: (1000,4000) ops and (177.8,186.4) ops/second in (5.623191,21.456064) seconds
2026/05/26-11:02:13  ... thread 0: (1000,4000) ops and (180.7,186.0) ops/second in (5.533311,21.502914) seconds
2026/05/26-11:02:14  ... thread 1: (1000,4000) ops and (171.1,180.7) ops/second in (5.846122,22.130632) seconds
2026/05/26-11:02:23  ... thread 2: (1000,5000) ops and (104.9,163.0) ops/second in (9.530019,30.668219) seconds
2026/05/26-11:02:23  ... thread 0: (1000,5000) ops and (107.1,162.1) ops/second in (9.339543,30.842457) seconds
2026/05/26-11:02:24  ... thread 3: (1000,5000) ops and (97.4,157.6) ops/second in (10.272058,31.728122) seconds
2026/05/26-11:02:24  ... thread 1: (1000,5000) ops and (96.3,153.8) ops/second in (10.389132,32.519764) seconds
2026/05/26-11:02:30  ... thread 0: (1000,6000) ops and (146.6,159.3) ops/second in (6.820578,37.663035) seconds
2026/05/26-11:02:30  ... thread 2: (1000,6000) ops and (137.3,158.1) ops/second in (7.285928,37.954147) seconds
2026/05/26-11:02:30  ... thread 3: (1000,6000) ops and (160.5,158.1) ops/second in (6.231882,37.960004) seconds
2026/05/26-11:02:30  ... thread 1: (1000,6000) ops and (175.4,157.0) ops/second in (5.700685,38.220449) seconds
2026/05/26-11:02:35  ... thread 3: (1000,7000) ops and (200.6,163.0) ops/second in (4.985251,42.945255) seconds
2026/05/26-11:02:35  ... thread 0: (1000,7000) ops and (188.2,162.9) ops/second in (5.313630,42.976665) seconds
2026/05/26-11:02:35  ... thread 2: (1000,7000) ops and (195.3,162.5) ops/second in (5.120530,43.074677) seconds
2026/05/26-11:02:35  ... thread 1: (1000,7000) ops and (198.5,161.8) ops/second in (5.037842,43.258291) seconds
2026/05/26-11:02:38  ... thread 0: (1000,8000) ops and (284.0,172.1) ops/second in (3.521434,46.498099) seconds
2026/05/26-11:02:38  ... thread 3: (1000,8000) ops and (281.1,172.0) ops/second in (3.557637,46.502892) seconds
2026/05/26-11:02:38  ... thread 2: (1000,8000) ops and (288.1,171.9) ops/second in (3.470656,46.545333) seconds
2026/05/26-11:02:39  ... thread 1: (1000,8000) ops and (299.1,171.7) ops/second in (3.343462,46.601753) seconds
2026/05/26-11:02:40  ... thread 0: (2000,10000) ops and (1716.8,209.8) ops/second in (1.164972,47.663071) seconds
2026/05/26-11:02:40  ... thread 3: (2000,10000) ops and (1664.9,209.6) ops/second in (1.201242,47.704134) seconds
2026/05/26-11:02:40  ... thread 2: (2000,10000) ops and (1646.2,209.4) ops/second in (1.214946,47.760279) seconds
2026/05/26-11:02:40  ... thread 1: (2000,10000) ops and (1700.5,209.3) ops/second in (1.176092,47.777845) seconds
2026/05/26-11:02:41  ... thread 0: (2000,12000) ops and (1820.5,246.1) ops/second in (1.098586,48.761657) seconds
2026/05/26-11:02:41  ... thread 3: (2000,12000) ops and (1875.8,246.1) ops/second in (1.066187,48.770321) seconds
2026/05/26-11:02:41  ... thread 1: (2000,12000) ops and (1888.9,245.7) ops/second in (1.058803,48.836648) seconds
2026/05/26-11:02:41  ... thread 2: (2000,12000) ops and (1808.1,245.6) ops/second in (1.106117,48.866396) seconds
2026/05/26-11:02:42  ... thread 0: (2000,14000) ops and (1983.8,281.3) ops/second in (1.008148,49.769805) seconds
2026/05/26-11:02:42  ... thread 3: (2000,14000) ops and (1964.7,281.2) ops/second in (1.017985,49.788306) seconds
2026/05/26-11:02:42  ... thread 1: (2000,14000) ops and (1944.5,280.8) ops/second in (1.028559,49.865207) seconds
2026/05/26-11:02:42  ... thread 2: (2000,14000) ops and (1938.7,280.6) ops/second in (1.031622,49.898018) seconds
2026/05/26-11:02:43  ... thread 0: (2000,16000) ops and (1928.6,314.9) ops/second in (1.037008,50.806813) seconds
2026/05/26-11:02:43  ... thread 1: (2000,16000) ops and (1988.0,314.5) ops/second in (1.006037,50.871244) seconds
2026/05/26-11:02:43  ... thread 3: (3000,17000) ops and (2017.1,331.5) ops/second in (1.487299,51.275605) seconds
2026/05/26-11:02:43  ... thread 2: (3000,17000) ops and (2057.4,331.0) ops/second in (1.458129,51.356147) seconds
2026/05/26-11:02:44  ... thread 0: (3000,19000) ops and (2176.5,364.1) ops/second in (1.378372,52.185185) seconds
2026/05/26-11:02:44  ... thread 1: (3000,19000) ops and (2183.8,363.7) ops/second in (1.373737,52.244981) seconds
2026/05/26-11:02:45  ... thread 3: (3000,20000) ops and (2324.1,380.5) ops/second in (1.290825,52.566430) seconds
2026/05/26-11:02:45  ... thread 2: (3000,20000) ops and (2252.3,379.6) ops/second in (1.331970,52.688117) seconds
2026/05/26-11:02:45  ... thread 0: (3000,22000) ops and (2428.4,411.8) ops/second in (1.235382,53.420567) seconds
2026/05/26-11:02:45  ... thread 1: (3000,22000) ops and (2420.3,411.3) ops/second in (1.239523,53.484504) seconds
2026/05/26-11:02:46  ... thread 3: (3000,23000) ops and (2446.6,427.6) ops/second in (1.226214,53.792644) seconds
2026/05/26-11:02:46  ... thread 2: (3000,23000) ops and (2494.0,426.8) ops/second in (1.202866,53.890983) seconds
2026/05/26-11:02:47  ... thread 0: (3000,25000) ops and (2617.1,458.2) ops/second in (1.146297,54.566864) seconds
2026/05/26-11:02:47  ... thread 1: (3000,25000) ops and (2660.0,457.8) ops/second in (1.127829,54.612333) seconds
2026/05/26-11:02:47  ... thread 3: (3000,26000) ops and (2651.5,473.4) ops/second in (1.131437,54.924081) seconds
2026/05/26-11:02:47  ... thread 2: (3000,26000) ops and (2547.6,472.1) ops/second in (1.177575,55.068558) seconds
2026/05/26-11:02:48  ... thread 0: (3000,28000) ops and (2718.4,503.0) ops/second in (1.103581,55.670445) seconds
2026/05/26-11:02:48  ... thread 1: (3000,28000) ops and (2782.4,502.8) ops/second in (1.078193,55.690526) seconds
2026/05/26-11:02:48  ... thread 3: (3000,29000) ops and (2635.9,517.3) ops/second in (1.138113,56.062194) seconds
2026/05/26-11:02:48  ... thread 2: (3000,29000) ops and (2633.1,515.9) ops/second in (1.139351,56.207909) seconds
2026/05/26-11:02:49  ... thread 0: (3000,31000) ops and (2643.0,545.7) ops/second in (1.135055,56.805500) seconds
2026/05/26-11:02:49  ... thread 1: (3000,31000) ops and (2638.6,545.5) ops/second in (1.136952,56.827478) seconds
2026/05/26-11:02:49  ... thread 3: (3000,32000) ops and (2747.4,559.9) ops/second in (1.091950,57.154144) seconds
2026/05/26-11:02:49  ... thread 2: (3000,32000) ops and (2589.4,557.8) ops/second in (1.158574,57.366483) seconds
2026/05/26-11:02:50  ... thread 1: (3000,34000) ops and (2936.0,587.7) ops/second in (1.021800,57.849278) seconds
2026/05/26-11:02:50  ... thread 0: (3000,34000) ops and (2870.4,587.7) ops/second in (1.045168,57.850668) seconds
2026/05/26-11:02:50  ... thread 3: (3000,35000) ops and (2865.4,601.4) ops/second in (1.046979,58.201123) seconds
2026/05/26-11:02:50  ... thread 2: (3000,35000) ops and (2752.2,598.7) ops/second in (1.090046,58.456529) seconds
2026/05/26-11:02:51  ... thread 1: (3000,37000) ops and (2921.2,628.4) ops/second in (1.026959,58.876237) seconds
2026/05/26-11:02:51  ... thread 0: (3000,37000) ops and (2919.9,628.4) ops/second in (1.027441,58.878109) seconds
2026/05/26-11:02:51  ... thread 3: (3000,38000) ops and (2912.1,641.6) ops/second in (1.030192,59.231315) seconds
2026/05/26-11:02:52  ... thread 2: (4000,39000) ops and (3214.4,653.3) ops/second in (1.244389,59.700918) seconds
2026/05/26-11:02:52  ... thread 1: (4000,41000) ops and (3133.8,681.6) ops/second in (1.276391,60.152628) seconds
2026/05/26-11:02:52  ... thread 0: (4000,41000) ops and (3115.3,681.5) ops/second in (1.283968,60.162077) seconds
2026/05/26-11:02:52  ... thread 3: (4000,42000) ops and (3132.3,694.1) ops/second in (1.277025,60.508340) seconds
2026/05/26-11:02:53  ... thread 2: (3000,42000) ops and (2864.5,691.4) ops/second in (1.047315,60.748233) seconds
2026/05/26-11:02:53  ... thread 1: (3000,44000) ops and (2760.1,718.5) ops/second in (1.086916,61.239544) seconds
2026/05/26-11:02:53  ... thread 0: (3000,44000) ops and (2739.8,718.3) ops/second in (1.094974,61.257051) seconds
2026/05/26-11:02:54  ... thread 3: (3000,45000) ops and (2822.9,730.9) ops/second in (1.062733,61.571073) seconds
2026/05/26-11:02:54  ... thread 2: (3000,45000) ops and (2924.7,728.5) ops/second in (1.025742,61.773975) seconds
2026/05/26-11:02:55  ... thread 0: (4000,48000) ops and (2988.8,766.8) ops/second in (1.338316,62.595367) seconds
2026/05/26-11:02:55  ... thread 1: (4000,48000) ops and (2944.6,766.8) ops/second in (1.358406,62.597950) seconds
2026/05/26-11:02:55  ... thread 3: (3000,48000) ops and (2897.8,766.7) ops/second in (1.035272,62.606345) seconds
2026/05/26-11:02:55  ... thread 2: (3000,48000) ops and (2848.3,764.0) ops/second in (1.053273,62.827248) seconds
2026/05/26-11:02:56  ... thread 0: (3000,51000) ops and (2929.5,801.6) ops/second in (1.024056,63.619423) seconds
2026/05/26-11:02:56  ... thread 3: (3000,51000) ops and (2867.5,801.2) ops/second in (1.046216,63.652561) seconds
2026/05/26-11:02:56  ... thread 2: (3000,51000) ops and (2955.2,798.8) ops/second in (1.015172,63.842420) seconds
2026/05/26-11:02:56  ... thread 1: (4000,52000) ops and (3040.4,813.6) ops/second in (1.315617,63.913567) seconds
2026/05/26-11:02:57  ... thread 2: (3000,54000) ops and (2933.2,832.5) ops/second in (1.022760,64.865180) seconds
2026/05/26-11:02:57  ... thread 1: (3000,55000) ops and (2972.6,847.2) ops/second in (1.009230,64.922797) seconds
2026/05/26-11:02:57  ... thread 0: (4000,55000) ops and (3016.5,846.9) ops/second in (1.326035,64.945458) seconds
2026/05/26-11:02:57  ... thread 3: (4000,55000) ops and (3087.1,846.8) ops/second in (1.295704,64.948265) seconds
2026/05/26-11:02:58  ... thread 2: (4000,58000) ops and (3250.8,877.5) ops/second in (1.230470,66.095650) seconds
2026/05/26-11:02:58  ... thread 0: (4000,59000) ops and (3383.0,892.2) ops/second in (1.182377,66.127835) seconds
2026/05/26-11:02:58  ... thread 1: (4000,59000) ops and (3231.7,891.8) ops/second in (1.237744,66.160541) seconds
2026/05/26-11:02:58  ... thread 3: (4000,59000) ops and (3164.2,891.1) ops/second in (1.264136,66.212401) seconds
2026/05/26-11:02:59  ... thread 2: (4000,62000) ops and (3408.9,921.7) ops/second in (1.173410,67.269060) seconds
2026/05/26-11:02:59  ... thread 1: (4000,63000) ops and (3536.5,936.2) ops/second in (1.131074,67.291615) seconds
2026/05/26-11:02:59  ... thread 0: (4000,63000) ops and (3253.0,935.3) ops/second in (1.229646,67.357481) seconds
2026/05/26-11:02:59  ... thread 3: (4000,63000) ops and (3241.1,934.1) ops/second in (1.234150,67.446551) seconds
2026/05/26-11:03:00  ... thread 2: (4000,66000) ops and (3339.4,964.0) ops/second in (1.197818,68.466878) seconds
2026/05/26-11:03:00  ... thread 1: (4000,67000) ops and (3386.1,978.5) ops/second in (1.181290,68.472905) seconds
2026/05/26-11:03:00  ... thread 0: (4000,67000) ops and (3437.0,977.8) ops/second in (1.163795,68.521276) seconds
2026/05/26-11:03:01  ... thread 3: (4000,67000) ops and (3506.0,976.9) ops/second in (1.140901,68.587452) seconds
2026/05/26-11:03:01  ... thread 1: (4000,71000) ops and (3743.5,1021.0) ops/second in (1.068517,69.541422) seconds
2026/05/26-11:03:02  ... thread 2: (4000,70000) ops and (3602.0,1006.1) ops/second in (1.110507,69.577385) seconds
2026/05/26-11:03:02  ... thread 0: (4000,71000) ops and (3543.0,1019.4) ops/second in (1.128976,69.650252) seconds
2026/05/26-11:03:02  ... thread 3: (4000,71000) ops and (3563.5,1018.5) ops/second in (1.122501,69.709953) seconds
2026/05/26-11:03:03  ... thread 1: (4000,75000) ops and (3690.2,1061.9) ops/second in (1.083965,70.625387) seconds
2026/05/26-11:03:03  ... thread 2: (4000,74000) ops and (3603.6,1046.9) ops/second in (1.110012,70.687397) seconds
2026/05/26-11:03:03  ... thread 0: (4000,75000) ops and (3768.0,1060.6) ops/second in (1.061566,70.711818) seconds
2026/05/26-11:03:03  ... thread 3: (4000,75000) ops and (3715.8,1059.5) ops/second in (1.076491,70.786444) seconds
2026/05/26-11:03:04  ... thread 1: (4000,79000) ops and (3986.6,1102.9) ops/second in (1.003353,71.628740) seconds
2026/05/26-11:03:04  ... thread 2: (4000,78000) ops and (3956.5,1087.9) ops/second in (1.010997,71.698394) seconds
2026/05/26-11:03:04  ... thread 0: (4000,79000) ops and (3677.7,1100.3) ops/second in (1.087639,71.799457) seconds
2026/05/26-11:03:04  ... thread 3: (4000,79000) ops and (3660.9,1099.1) ops/second in (1.092617,71.879061) seconds
2026/05/26-11:03:05  ... thread 1: (4000,83000) ops and (3997.4,1142.8) ops/second in (1.000652,72.629392) seconds
2026/05/26-11:03:05  ... thread 2: (5000,83000) ops and (4097.6,1138.3) ops/second in (1.220230,72.918624) seconds
2026/05/26-11:03:05  ... thread 0: (5000,84000) ops and (4068.2,1150.2) ops/second in (1.229049,73.028506) seconds
2026/05/26-11:03:05  ... thread 3: (5000,84000) ops and (4109.4,1149.2) ops/second in (1.216712,73.095773) seconds
2026/05/26-11:03:06  ... thread 1: (5000,88000) ops and (4377.6,1192.9) ops/second in (1.142172,73.771564) seconds
2026/05/26-11:03:06  ... thread 2: (5000,88000) ops and (4373.3,1188.2) ops/second in (1.143303,74.061927) seconds
2026/05/26-11:03:06  ... thread 0: (5000,89000) ops and (4355.3,1199.8) ops/second in (1.148015,74.176521) seconds
2026/05/26-11:03:06  ... thread 3: (5000,89000) ops and (4514.9,1199.4) ops/second in (1.107451,74.203224) seconds
2026/05/26-11:03:07  ... thread 1: (5000,93000) ops and (4622.8,1242.4) ops/second in (1.081588,74.853152) seconds
2026/05/26-11:03:07  ... thread 2: (5000,93000) ops and (4733.5,1238.0) ops/second in (1.056304,75.118231) seconds
2026/05/26-11:03:07  ... thread 3: (5000,94000) ops and (4964.3,1249.8) ops/second in (1.007193,75.210417) seconds
2026/05/26-11:03:07  ... thread 0: (5000,94000) ops and (4794.1,1249.7) ops/second in (1.042958,75.219479) seconds
2026/05/26-11:03:08  ... thread 1: (5000,98000) ops and (4744.1,1291.1) ops/second in (1.053940,75.907092) seconds
2026/05/26-11:03:08  ... thread 2: (5000,98000) ops and (4600.0,1286.0) ops/second in (1.086964,76.205195) seconds
2026/05/26-11:03:08  ... thread 0: (5000,99000) ops and (4697.3,1297.8) ops/second in (1.064443,76.283922) seconds
2026/05/26-11:03:08  ... thread 3: (6000,100000) ops and (5057.6,1309.0) ops/second in (1.186335,76.396752) seconds
DB path: [/tmp/rocksdb_comp_exp_db]
readrandom   :     764.542 micros/op 5219 ops/sec 76.640 seconds 400000 operations;    5.1 MB/s (98128 of 100000 found)

STATISTICS:
rocksdb.block.cache.miss COUNT : 3745879
rocksdb.block.cache.hit COUNT : 32635
rocksdb.block.cache.add COUNT : 678895
rocksdb.block.cache.add.failures COUNT : 0
rocksdb.block.cache.index.miss COUNT : 0
rocksdb.block.cache.index.hit COUNT : 0
rocksdb.block.cache.index.add COUNT : 0
rocksdb.block.cache.index.bytes.insert COUNT : 0
rocksdb.block.cache.filter.miss COUNT : 0
rocksdb.block.cache.filter.hit COUNT : 0
rocksdb.block.cache.filter.add COUNT : 0
rocksdb.block.cache.filter.bytes.insert COUNT : 0
rocksdb.block.cache.data.miss COUNT : 3745879
rocksdb.block.cache.data.hit COUNT : 32635
rocksdb.block.cache.data.add COUNT : 678895
rocksdb.block.cache.data.bytes.insert COUNT : 2921936096
rocksdb.block.cache.bytes.read COUNT : 140461056
rocksdb.block.cache.bytes.write COUNT : 2921936096
rocksdb.block.cache.compression.dict.miss COUNT : 0
rocksdb.block.cache.compression.dict.hit COUNT : 0
rocksdb.block.cache.compression.dict.add COUNT : 0
rocksdb.block.cache.compression.dict.bytes.insert COUNT : 0
rocksdb.block.cache.add.redundant COUNT : 13
rocksdb.block.cache.index.add.redundant COUNT : 0
rocksdb.block.cache.filter.add.redundant COUNT : 0
rocksdb.block.cache.data.add.redundant COUNT : 13
rocksdb.block.cache.compression.dict.add.redundant COUNT : 0
rocksdb.secondary.cache.hits COUNT : 0
rocksdb.secondary.cache.filter.hits COUNT : 0
rocksdb.secondary.cache.index.hits COUNT : 0
rocksdb.secondary.cache.data.hits COUNT : 0
rocksdb.compressed.secondary.cache.dummy.hits COUNT : 0
rocksdb.compressed.secondary.cache.hits COUNT : 0
rocksdb.compressed.secondary.cache.promotions COUNT : 0
rocksdb.compressed.secondary.cache.promotion.skips COUNT : 0
rocksdb.bloom.filter.useful COUNT : 0
rocksdb.bloom.filter.full.positive COUNT : 0
rocksdb.bloom.filter.full.true.positive COUNT : 0
rocksdb.bloom.filter.prefix.checked COUNT : 0
rocksdb.bloom.filter.prefix.useful COUNT : 0
rocksdb.bloom.filter.prefix.true.positive COUNT : 0
rocksdb.persistent.cache.hit COUNT : 0
rocksdb.persistent.cache.miss COUNT : 0
rocksdb.sim.block.cache.hit COUNT : 0
rocksdb.sim.block.cache.miss COUNT : 0
rocksdb.memtable.hit COUNT : 6955
rocksdb.memtable.miss COUNT : 393045
rocksdb.l0.hit COUNT : 15491
rocksdb.l1.hit COUNT : 370249
rocksdb.l2andup.hit COUNT : 0
rocksdb.compaction.key.drop.new COUNT : 3629442
rocksdb.compaction.key.drop.obsolete COUNT : 0
rocksdb.compaction.key.drop.range_del COUNT : 0
rocksdb.compaction.key.drop.user COUNT : 0
rocksdb.compaction.range_del.drop.obsolete COUNT : 0
rocksdb.compaction.optimized.del.drop.obsolete COUNT : 0
rocksdb.compaction.cancelled COUNT : 0
rocksdb.compaction.aborted COUNT : 0
rocksdb.number.keys.written COUNT : 5000000
rocksdb.number.keys.read COUNT : 400000
rocksdb.number.keys.updated COUNT : 0
rocksdb.bytes.written COUNT : 5278944828
rocksdb.bytes.read COUNT : 402119680
rocksdb.number.db.seek COUNT : 0
rocksdb.number.db.next COUNT : 0
rocksdb.number.db.prev COUNT : 0
rocksdb.number.db.seek.found COUNT : 0
rocksdb.number.db.next.found COUNT : 0
rocksdb.number.db.prev.found COUNT : 0
rocksdb.db.iter.bytes.read COUNT : 0
rocksdb.number.iter.skip COUNT : 0
rocksdb.number.reseeks.iteration COUNT : 0
rocksdb.num.iterator.created COUNT : 0
rocksdb.num.iterator.deleted COUNT : 0
rocksdb.no.file.opens COUNT : 164
rocksdb.no.file.errors COUNT : 0
rocksdb.stall.micros COUNT : 114046237
rocksdb.db.mutex.wait.micros COUNT : 0
rocksdb.number.multiget.get COUNT : 0
rocksdb.number.multiget.keys.read COUNT : 0
rocksdb.number.multiget.bytes.read COUNT : 0
rocksdb.number.multiget.keys.found COUNT : 0
rocksdb.number.merge.failures COUNT : 0
rocksdb.getupdatessince.calls COUNT : 0
rocksdb.wal.synced COUNT : 0
rocksdb.wal.bytes COUNT : 5278944828
rocksdb.write.self COUNT : 4912069
rocksdb.write.other COUNT : 87931
rocksdb.write.wal COUNT : 5000000
rocksdb.compact.read.bytes COUNT : 7466375931
rocksdb.compact.write.bytes COUNT : 5276634165
rocksdb.flush.write.bytes COUNT : 2971573628
rocksdb.compact.read.marked.bytes COUNT : 0
rocksdb.compact.read.periodic.bytes COUNT : 0
rocksdb.compact.read.ttl.bytes COUNT : 0
rocksdb.compact.write.marked.bytes COUNT : 0
rocksdb.compact.write.periodic.bytes COUNT : 0
rocksdb.compact.write.ttl.bytes COUNT : 0
rocksdb.number.direct.load.table.properties COUNT : 0
rocksdb.number.superversion_acquires COUNT : 16
rocksdb.number.superversion_releases COUNT : 12
rocksdb.number.superversion_cleanups COUNT : 3
rocksdb.number.block.compressed COUNT : 3383725
rocksdb.number.block.decompressed COUNT : 3746043
rocksdb.bytes.compressed.from COUNT : 14261426366
rocksdb.bytes.compressed.to COUNT : 8231071958
rocksdb.bytes.compression_bypassed COUNT : 0
rocksdb.bytes.compression.rejected COUNT : 0
rocksdb.number.block_compression_bypassed COUNT : 0
rocksdb.number.block_compression_rejected COUNT : 0
rocksdb.bytes.decompressed.from COUNT : 9110559083
rocksdb.bytes.decompressed.to COUNT : 15781449700
rocksdb.merge.operation.time.nanos COUNT : 0
rocksdb.filter.operation.time.nanos COUNT : 0
rocksdb.compaction.total.time.cpu_micros COUNT : 42205752
rocksdb.row.cache.hit COUNT : 0
rocksdb.row.cache.miss COUNT : 0
rocksdb.read.amp.estimate.useful.bytes COUNT : 0
rocksdb.read.amp.total.read.bytes COUNT : 0
rocksdb.number.rate_limiter.drains COUNT : 0
rocksdb.blobdb.num.put COUNT : 0
rocksdb.blobdb.num.write COUNT : 0
rocksdb.blobdb.num.get COUNT : 0
rocksdb.blobdb.num.multiget COUNT : 0
rocksdb.blobdb.num.seek COUNT : 0
rocksdb.blobdb.num.next COUNT : 0
rocksdb.blobdb.num.prev COUNT : 0
rocksdb.blobdb.num.keys.written COUNT : 0
rocksdb.blobdb.num.keys.read COUNT : 0
rocksdb.blobdb.bytes.written COUNT : 0
rocksdb.blobdb.bytes.read COUNT : 0
rocksdb.blobdb.write.inlined COUNT : 0
rocksdb.blobdb.write.inlined.ttl COUNT : 0
rocksdb.blobdb.write.blob COUNT : 0
rocksdb.blobdb.write.blob.ttl COUNT : 0
rocksdb.blobdb.blob.file.bytes.written COUNT : 0
rocksdb.blobdb.blob.file.bytes.read COUNT : 0
rocksdb.blobdb.blob.file.synced COUNT : 0
rocksdb.blobdb.blob.index.expired.count COUNT : 0
rocksdb.blobdb.blob.index.expired.size COUNT : 0
rocksdb.blobdb.blob.index.evicted.count COUNT : 0
rocksdb.blobdb.blob.index.evicted.size COUNT : 0
rocksdb.blobdb.gc.num.files COUNT : 0
rocksdb.blobdb.gc.num.new.files COUNT : 0
rocksdb.blobdb.gc.failures COUNT : 0
rocksdb.blobdb.gc.num.keys.relocated COUNT : 0
rocksdb.blobdb.gc.bytes.relocated COUNT : 0
rocksdb.blobdb.fifo.num.files.evicted COUNT : 0
rocksdb.blobdb.fifo.num.keys.evicted COUNT : 0
rocksdb.blobdb.fifo.bytes.evicted COUNT : 0
rocksdb.blobdb.cache.miss COUNT : 0
rocksdb.blobdb.cache.hit COUNT : 0
rocksdb.blobdb.cache.add COUNT : 0
rocksdb.blobdb.cache.add.failures COUNT : 0
rocksdb.blobdb.cache.bytes.read COUNT : 0
rocksdb.blobdb.cache.bytes.write COUNT : 0
rocksdb.txn.overhead.mutex.prepare COUNT : 0
rocksdb.txn.overhead.mutex.old.commit.map COUNT : 0
rocksdb.txn.overhead.duplicate.key COUNT : 0
rocksdb.txn.overhead.mutex.snapshot COUNT : 0
rocksdb.txn.get.tryagain COUNT : 0
rocksdb.files.marked.trash COUNT : 0
rocksdb.files.marked.trash.deleted COUNT : 0
rocksdb.files.deleted.immediately COUNT : 212
rocksdb.error.handler.bg.error.count COUNT : 0
rocksdb.error.handler.bg.io.error.count COUNT : 0
rocksdb.error.handler.bg.retryable.io.error.count COUNT : 0
rocksdb.error.handler.autoresume.count COUNT : 0
rocksdb.error.handler.autoresume.retry.total.count COUNT : 0
rocksdb.error.handler.autoresume.success.count COUNT : 0
rocksdb.memtable.payload.bytes.at.flush COUNT : 5217189232
rocksdb.memtable.garbage.bytes.at.flush COUNT : 127809888
rocksdb.verify_checksum.read.bytes COUNT : 0
rocksdb.backup.read.bytes COUNT : 0
rocksdb.backup.write.bytes COUNT : 0
rocksdb.remote.compact.read.bytes COUNT : 0
rocksdb.remote.compact.write.bytes COUNT : 0
rocksdb.remote.compact.resumed.bytes COUNT : 0
rocksdb.hot.file.read.bytes COUNT : 0
rocksdb.warm.file.read.bytes COUNT : 0
rocksdb.cool.file.read.bytes COUNT : 0
rocksdb.cold.file.read.bytes COUNT : 0
rocksdb.ice.file.read.bytes COUNT : 0
rocksdb.hot.file.read.count COUNT : 0
rocksdb.warm.file.read.count COUNT : 0
rocksdb.cool.file.read.count COUNT : 0
rocksdb.cold.file.read.count COUNT : 0
rocksdb.ice.file.read.count COUNT : 0
rocksdb.last.level.read.bytes COUNT : 0
rocksdb.last.level.read.count COUNT : 0
rocksdb.non.last.level.read.bytes COUNT : 9129495103
rocksdb.non.last.level.read.count COUNT : 3746535
rocksdb.last.level.seek.filtered COUNT : 0
rocksdb.last.level.seek.filter.match COUNT : 0
rocksdb.last.level.seek.data COUNT : 0
rocksdb.last.level.seek.data.useful.no.filter COUNT : 0
rocksdb.last.level.seek.data.useful.filter.match COUNT : 0
rocksdb.non.last.level.seek.filtered COUNT : 0
rocksdb.non.last.level.seek.filter.match COUNT : 0
rocksdb.non.last.level.seek.data COUNT : 0
rocksdb.non.last.level.seek.data.useful.no.filter COUNT : 0
rocksdb.non.last.level.seek.data.useful.filter.match COUNT : 0
rocksdb.block.checksum.compute.count COUNT : 3746207
rocksdb.block.checksum.mismatch.count COUNT : 0
rocksdb.multiget.coroutine.count COUNT : 0
rocksdb.read.async.micros COUNT : 0
rocksdb.async.read.error.count COUNT : 0
rocksdb.table.open.prefetch.tail.miss COUNT : 0
rocksdb.table.open.prefetch.tail.hit COUNT : 0
rocksdb.timestamp.filter.table.checked COUNT : 0
rocksdb.timestamp.filter.table.filtered COUNT : 0
rocksdb.readahead.trimmed COUNT : 0
rocksdb.fifo.max.size.compactions COUNT : 0
rocksdb.fifo.ttl.compactions COUNT : 0
rocksdb.fifo.change_temperature.compactions COUNT : 0
rocksdb.prefetch.bytes COUNT : 0
rocksdb.prefetch.bytes.useful COUNT : 0
rocksdb.prefetch.hits COUNT : 0
rocksdb.footer.corruption.count COUNT : 0
rocksdb.file.read.corruption.retry.count COUNT : 0
rocksdb.file.read.corruption.retry.success.count COUNT : 0
rocksdb.number.wbwi.ingest COUNT : 0
rocksdb.sst.user.defined.index.load.fail.count COUNT : 0
rocksdb.multiscan.prepare.calls COUNT : 0
rocksdb.multiscan.prepare.errors COUNT : 0
rocksdb.multiscan.blocks.prefetched COUNT : 0
rocksdb.multiscan.blocks.from.cache COUNT : 0
rocksdb.multiscan.prefetch.bytes COUNT : 0
rocksdb.multiscan.prefetch.blocks.wasted COUNT : 0
rocksdb.multiscan.io.requests COUNT : 0
rocksdb.multiscan.io.coalesced.nonadjacent COUNT : 0
rocksdb.multiscan.seek.errors COUNT : 0
rocksdb.prefetch.memory.bytes.granted COUNT : 0
rocksdb.prefetch.memory.bytes.released COUNT : 0
rocksdb.prefetch.memory.requests.blocked COUNT : 0
rocksdb.read.path.range.tombstones.inserted COUNT : 0
rocksdb.read.path.range.tombstones.discarded COUNT : 0
rocksdb.file.open.metadata.retrieved COUNT : 0
rocksdb.file.open.metadata.passed COUNT : 0
rocksdb.manifest.validation.failure.count COUNT : 0
rocksdb.db.get.micros P50 : 14.882147 P95 : 1818.616763 P99 : 11703.599756 P100 : 615548.000000 COUNT : 400000 SUM : 305461063
rocksdb.db.write.micros P50 : 4.782732 P95 : 30.805586 P99 : 2131.956612 P100 : 867890.000000 COUNT : 5000000 SUM : 589777268
rocksdb.compaction.times.micros P50 : 18000000.000000 P95 : 36379220.000000 P99 : 36379220.000000 P100 : 36379220.000000 COUNT : 10 SUM : 191190420
rocksdb.compaction.times.cpu_micros P50 : 4300000.000000 P95 : 7713242.000000 P99 : 7713242.000000 P100 : 7713242.000000 COUNT : 10 SUM : 42205752
rocksdb.subcompaction.setup.times.micros P50 : 0.000000 P95 : 0.000000 P99 : 0.000000 P100 : 0.000000 COUNT : 0 SUM : 0
rocksdb.table.sync.micros P50 : 356122.448980 P95 : 942844.000000 P99 : 942844.000000 P100 : 942844.000000 COUNT : 80 SUM : 42183672
rocksdb.compaction.outfile.sync.micros P50 : 728593.750000 P95 : 943694.000000 P99 : 943694.000000 P100 : 943694.000000 COUNT : 84 SUM : 54029417
rocksdb.wal.file.sync.micros P50 : 0.000000 P95 : 0.000000 P99 : 0.000000 P100 : 0.000000 COUNT : 0 SUM : 0
rocksdb.manifest.file.sync.micros P50 : 5800.000000 P95 : 21440.000000 P99 : 257800.000000 P100 : 328033.000000 COUNT : 94 SUM : 1191068
rocksdb.table.open.io.micros P50 : 757.551020 P95 : 5560.000000 P99 : 7542.000000 P100 : 7542.000000 COUNT : 164 SUM : 200090
rocksdb.db.multiget.micros P50 : 0.000000 P95 : 0.000000 P99 : 0.000000 P100 : 0.000000 COUNT : 0 SUM : 0
rocksdb.read.block.compaction.micros P50 : 3.117129 P95 : 8.583666 P99 : 1187.259033 P100 : 310425.000000 COUNT : 3066984 SUM : 105591520
rocksdb.read.block.get.micros P50 : 8.326536 P95 : 1586.086343 P99 : 2674.412055 P100 : 365163.000000 COUNT : 679059 SUM : 300254270
rocksdb.write.raw.block.micros P50 : 0.539639 P95 : 1.442882 P99 : 2.821967 P100 : 75845.000000 COUNT : 3384053 SUM : 8648043
rocksdb.numfiles.in.singlecompaction P50 : 16.400000 P95 : 23.000000 P99 : 23.000000 P100 : 23.000000 COUNT : 10 SUM : 152
rocksdb.db.seek.micros P50 : 0.000000 P95 : 0.000000 P99 : 0.000000 P100 : 0.000000 COUNT : 0 SUM : 0
rocksdb.db.write.stall P50 : 1969.098299 P95 : 2814.065675 P99 : 2889.173887 P100 : 865763.000000 COUNT : 52664 SUM : 114046237
rocksdb.sst.read.micros P50 : 0.834241 P95 : 915.303863 P99 : 1670.971385 P100 : 365144.000000 COUNT : 3746535 SUM : 392132644
rocksdb.file.read.flush.micros P50 : 3.636364 P95 : 69.421053 P99 : 109.150000 P100 : 1405.000000 COUNT : 320 SUM : 9260
rocksdb.file.read.compaction.micros P50 : 0.707435 P95 : 4.154171 P99 : 1169.660739 P100 : 310395.000000 COUNT : 3067320 SUM : 96966821
rocksdb.file.read.db.open.micros P50 : 0.000000 P95 : 0.000000 P99 : 0.000000 P100 : 0.000000 COUNT : 0 SUM : 0
rocksdb.file.read.get.micros P50 : 0.000000 P95 : 0.000000 P99 : 0.000000 P100 : 0.000000 COUNT : 0 SUM : 0
rocksdb.file.read.multiget.micros P50 : 0.000000 P95 : 0.000000 P99 : 0.000000 P100 : 0.000000 COUNT : 0 SUM : 0
rocksdb.file.read.db.iterator.micros P50 : 0.000000 P95 : 0.000000 P99 : 0.000000 P100 : 0.000000 COUNT : 0 SUM : 0
rocksdb.file.read.verify.db.checksum.micros P50 : 0.000000 P95 : 0.000000 P99 : 0.000000 P100 : 0.000000 COUNT : 0 SUM : 0
rocksdb.file.read.verify.file.checksums.micros P50 : 0.000000 P95 : 0.000000 P99 : 0.000000 P100 : 0.000000 COUNT : 0 SUM : 0
rocksdb.sst.write.micros P50 : 0.502924 P95 : 0.955555 P99 : 0.995789 P100 : 75835.000000 COUNT : 6768270 SUM : 7079532
rocksdb.file.write.flush.micros P50 : 0.502074 P95 : 0.953941 P99 : 0.994107 P100 : 75835.000000 COUNT : 2428750 SUM : 2697501
rocksdb.file.write.compaction.micros P50 : 0.503400 P95 : 0.956461 P99 : 0.996733 P100 : 39901.000000 COUNT : 4339520 SUM : 4382618
rocksdb.file.write.db.open.micros P50 : 0.000000 P95 : 0.000000 P99 : 0.000000 P100 : 0.000000 COUNT : 0 SUM : 0
rocksdb.num.subcompactions.scheduled P50 : 0.000000 P95 : 0.000000 P99 : 0.000000 P100 : 0.000000 COUNT : 0 SUM : 0
rocksdb.bytes.per.read P50 : 1024.000000 P95 : 1024.000000 P99 : 1024.000000 P100 : 1024.000000 COUNT : 400000 SUM : 402119680
rocksdb.bytes.per.write P50 : 1087.025038 P95 : 1282.347572 P99 : 1299.709575 P100 : 4188.000000 COUNT : 4912069 SUM : 5278944828
rocksdb.bytes.per.multiget P50 : 0.000000 P95 : 0.000000 P99 : 0.000000 P100 : 0.000000 COUNT : 0 SUM : 0
rocksdb.compression.times.nanos P50 : 0.000000 P95 : 0.000000 P99 : 0.000000 P100 : 0.000000 COUNT : 0 SUM : 0
rocksdb.decompression.times.nanos P50 : 0.000000 P95 : 0.000000 P99 : 0.000000 P100 : 0.000000 COUNT : 0 SUM : 0
rocksdb.read.num.merge_operands P50 : 0.000000 P95 : 0.000000 P99 : 0.000000 P100 : 0.000000 COUNT : 0 SUM : 0
rocksdb.blobdb.key.size P50 : 0.000000 P95 : 0.000000 P99 : 0.000000 P100 : 0.000000 COUNT : 0 SUM : 0
rocksdb.blobdb.value.size P50 : 0.000000 P95 : 0.000000 P99 : 0.000000 P100 : 0.000000 COUNT : 0 SUM : 0
rocksdb.blobdb.write.micros P50 : 0.000000 P95 : 0.000000 P99 : 0.000000 P100 : 0.000000 COUNT : 0 SUM : 0
rocksdb.blobdb.get.micros P50 : 0.000000 P95 : 0.000000 P99 : 0.000000 P100 : 0.000000 COUNT : 0 SUM : 0
rocksdb.blobdb.multiget.micros P50 : 0.000000 P95 : 0.000000 P99 : 0.000000 P100 : 0.000000 COUNT : 0 SUM : 0
rocksdb.blobdb.seek.micros P50 : 0.000000 P95 : 0.000000 P99 : 0.000000 P100 : 0.000000 COUNT : 0 SUM : 0
rocksdb.blobdb.next.micros P50 : 0.000000 P95 : 0.000000 P99 : 0.000000 P100 : 0.000000 COUNT : 0 SUM : 0
rocksdb.blobdb.prev.micros P50 : 0.000000 P95 : 0.000000 P99 : 0.000000 P100 : 0.000000 COUNT : 0 SUM : 0
rocksdb.blobdb.blob.file.write.micros P50 : 0.000000 P95 : 0.000000 P99 : 0.000000 P100 : 0.000000 COUNT : 0 SUM : 0
rocksdb.blobdb.blob.file.read.micros P50 : 0.000000 P95 : 0.000000 P99 : 0.000000 P100 : 0.000000 COUNT : 0 SUM : 0
rocksdb.blobdb.blob.file.sync.micros P50 : 0.000000 P95 : 0.000000 P99 : 0.000000 P100 : 0.000000 COUNT : 0 SUM : 0
rocksdb.blobdb.compression.micros P50 : 0.000000 P95 : 0.000000 P99 : 0.000000 P100 : 0.000000 COUNT : 0 SUM : 0
rocksdb.blobdb.decompression.micros P50 : 0.000000 P95 : 0.000000 P99 : 0.000000 P100 : 0.000000 COUNT : 0 SUM : 0
rocksdb.db.flush.micros P50 : 570000.000000 P95 : 1149629.629630 P99 : 1170202.000000 P100 : 1170202.000000 COUNT : 80 SUM : 56893394
rocksdb.sst.batch.size P50 : 0.000000 P95 : 0.000000 P99 : 0.000000 P100 : 0.000000 COUNT : 0 SUM : 0
rocksdb.multiget.io.batch.size P50 : 0.000000 P95 : 0.000000 P99 : 0.000000 P100 : 0.000000 COUNT : 0 SUM : 0
rocksdb.num.index.and.filter.blocks.read.per.level P50 : 0.000000 P95 : 0.000000 P99 : 0.000000 P100 : 0.000000 COUNT : 0 SUM : 0
rocksdb.num.sst.read.per.level P50 : 0.000000 P95 : 0.000000 P99 : 0.000000 P100 : 0.000000 COUNT : 0 SUM : 0
rocksdb.num.level.read.per.multiget P50 : 0.000000 P95 : 0.000000 P99 : 0.000000 P100 : 0.000000 COUNT : 0 SUM : 0
rocksdb.error.handler.autoresume.retry.count P50 : 0.000000 P95 : 0.000000 P99 : 0.000000 P100 : 0.000000 COUNT : 0 SUM : 0
rocksdb.async.read.bytes P50 : 0.000000 P95 : 0.000000 P99 : 0.000000 P100 : 0.000000 COUNT : 0 SUM : 0
rocksdb.poll.wait.micros P50 : 0.000000 P95 : 0.000000 P99 : 0.000000 P100 : 0.000000 COUNT : 0 SUM : 0
rocksdb.compaction.prefetch.bytes P50 : 0.000000 P95 : 0.000000 P99 : 0.000000 P100 : 0.000000 COUNT : 0 SUM : 0
rocksdb.prefetched.bytes.discarded P50 : 0.000000 P95 : 0.000000 P99 : 0.000000 P100 : 0.000000 COUNT : 0 SUM : 0
rocksdb.async.prefetch.abort.micros P50 : 0.000000 P95 : 0.000000 P99 : 0.000000 P100 : 0.000000 COUNT : 0 SUM : 0
rocksdb.table.open.prefetch.tail.read.bytes P50 : 0.000000 P95 : 0.000000 P99 : 0.000000 P100 : 0.000000 COUNT : 0 SUM : 0
rocksdb.num.op.per.transaction P50 : 0.000000 P95 : 0.000000 P99 : 0.000000 P100 : 0.000000 COUNT : 0 SUM : 0
rocksdb.multiscan.op.prepare.iterators.micros P50 : 0.000000 P95 : 0.000000 P99 : 0.000000 P100 : 0.000000 COUNT : 0 SUM : 0
rocksdb.multiscan.prepare.micros P50 : 0.000000 P95 : 0.000000 P99 : 0.000000 P100 : 0.000000 COUNT : 0 SUM : 0
rocksdb.multiscan.blocks.per.prepare P50 : 0.000000 P95 : 0.000000 P99 : 0.000000 P100 : 0.000000 COUNT : 0 SUM : 0
rocksdb.block.key.distribution.cv P50 : 0.000000 P95 : 0.000000 P99 : 0.000000 P100 : 0.000000 COUNT : 0 SUM : 0

[EXPERIMENT_COMPLETED]
