RocksDB:    version 11.3.0
Date:       Tue May 26 10:45:08 2026
CPU:        2 * Intel Xeon Processor (SapphireRapids)
CPUCache:   16384 KB
2026/05/26-10:45:09  ... thread 1: (36000,36000) ops and (34997.9,34997.9) ops/second in (1.028632,1.028632) seconds
2026/05/26-10:45:09  ... thread 3: (36000,36000) ops and (34736.6,34736.6) ops/second in (1.036370,1.036370) seconds
2026/05/26-10:45:09  ... thread 0: (35000,35000) ops and (33772.8,33772.8) ops/second in (1.036338,1.036338) seconds
2026/05/26-10:45:09  ... thread 2: (36000,36000) ops and (34001.9,34001.9) ops/second in (1.058765,1.058765) seconds
2026/05/26-10:45:11  ... thread 3: (26000,62000) ops and (16166.6,23443.8) ops/second in (1.608250,2.644620) seconds
2026/05/26-10:45:11  ... thread 1: (29000,65000) ops and (17778.1,24437.4) ops/second in (1.631223,2.659855) seconds
2026/05/26-10:45:11  ... thread 2: (28000,64000) ops and (17494.6,24066.8) ops/second in (1.600495,2.659260) seconds
2026/05/26-10:45:11  ... thread 0: (25000,60000) ops and (15355.8,22519.3) ops/second in (1.628046,2.664384) seconds
2026/05/26-10:45:12  ... thread 3: (26000,88000) ops and (25550.8,24029.3) ops/second in (1.017580,3.662200) seconds
2026/05/26-10:45:12  ... thread 0: (30000,90000) ops and (29978.1,24555.9) ops/second in (1.000729,3.665113) seconds
2026/05/26-10:45:12  ... thread 2: (28000,92000) ops and (27651.6,25055.4) ops/second in (1.012599,3.671859) seconds
2026/05/26-10:45:12  ... thread 1: (30000,95000) ops and (29428.1,25820.2) ops/second in (1.019433,3.679288) seconds
2026/05/26-10:45:13  ... thread 2: (10000,102000) ops and (9998.7,21832.2) ops/second in (1.000130,4.671989) seconds
2026/05/26-10:45:13  ... thread 3: (12000,100000) ops and (11596.5,21290.2) ops/second in (1.034796,4.696996) seconds
2026/05/26-10:45:13  ... thread 0: (11000,101000) ops and (10658.4,21502.4) ops/second in (1.032047,4.697160) seconds
2026/05/26-10:45:13  ... thread 1: (12000,107000) ops and (11726.6,22753.4) ops/second in (1.023315,4.702603) seconds
2026/05/26-10:45:14  ... thread 2: (23000,125000) ops and (22755.6,21996.5) ops/second in (1.010741,5.682730) seconds
2026/05/26-10:45:14  ... thread 0: (18000,119000) ops and (17827.2,20852.1) ops/second in (1.009692,5.706852) seconds
2026/05/26-10:45:14  ... thread 3: (24000,124000) ops and (23018.3,21604.1) ops/second in (1.042649,5.739645) seconds
2026/05/26-10:45:14  ... thread 1: (23000,130000) ops and (22143.6,22643.1) ops/second in (1.038673,5.741276) seconds
2026/05/26-10:45:16  ... thread 0: (13000,132000) ops and (7053.3,17483.5) ops/second in (1.843117,7.549969) seconds
2026/05/26-10:45:16  ... thread 2: (16000,141000) ops and (8564.0,18673.0) ops/second in (1.868277,7.551007) seconds
2026/05/26-10:45:16  ... thread 3: (19000,143000) ops and (10419.4,18907.4) ops/second in (1.823514,7.563159) seconds
2026/05/26-10:45:16  ... thread 1: (16000,146000) ops and (8705.3,19263.1) ops/second in (1.837971,7.579247) seconds
2026/05/26-10:45:17  ... thread 3: (30000,173000) ops and (29741.4,20182.3) ops/second in (1.008695,8.571854) seconds
2026/05/26-10:45:17  ... thread 2: (32000,173000) ops and (31441.6,20189.6) ops/second in (1.017759,8.568766) seconds
2026/05/26-10:45:17  ... thread 0: (31000,163000) ops and (29874.9,18980.8) ops/second in (1.037662,8.587631) seconds
2026/05/26-10:45:17  ... thread 1: (27000,173000) ops and (26706.3,20139.1) ops/second in (1.010996,8.590243) seconds
2026/05/26-10:45:18  ... thread 3: (14000,187000) ops and (13915.8,19524.1) ops/second in (1.006052,9.577906) seconds
2026/05/26-10:45:18  ... thread 2: (14000,187000) ops and (13885.1,19525.9) ops/second in (1.008277,9.577043) seconds
2026/05/26-10:45:18  ... thread 0: (14000,177000) ops and (13744.7,18425.6) ops/second in (1.018571,9.606202) seconds
2026/05/26-10:45:18  ... thread 1: (15000,188000) ops and (14788.7,19574.1) ops/second in (1.014286,9.604529) seconds
2026/05/26-10:45:19  ... thread 3: (6000,193000) ops and (5885.0,18211.9) ops/second in (1.019547,10.597453) seconds
2026/05/26-10:45:19  ... thread 0: (4000,181000) ops and (3978.1,17056.7) ops/second in (1.005494,10.611696) seconds
2026/05/26-10:45:19  ... thread 2: (5000,192000) ops and (4799.3,18081.0) ops/second in (1.041827,10.618870) seconds
2026/05/26-10:45:19  ... thread 1: (4000,192000) ops and (3932.2,18076.1) ops/second in (1.017242,10.621771) seconds
2026/05/26-10:45:20  ... thread 0: (13000,194000) ops and (12971.0,16704.1) ops/second in (1.002239,11.613935) seconds
2026/05/26-10:45:20  ... thread 3: (15000,208000) ops and (14569.4,17889.4) ops/second in (1.029558,11.627011) seconds
2026/05/26-10:45:20  ... thread 1: (12000,204000) ops and (11848.5,17534.0) ops/second in (1.012790,11.634561) seconds
2026/05/26-10:45:20  ... thread 2: (16000,208000) ops and (15656.8,17868.2) ops/second in (1.021920,11.640790) seconds
2026/05/26-10:45:21  ... thread 0: (30000,224000) ops and (19633.6,17044.7) ops/second in (1.527989,13.141924) seconds
2026/05/26-10:45:21  ... thread 3: (31000,239000) ops and (20279.3,18167.1) ops/second in (1.528654,13.155665) seconds
2026/05/26-10:45:21  ... thread 1: (30000,234000) ops and (19744.3,17789.3) ops/second in (1.519423,13.153984) seconds
2026/05/26-10:45:21  ... thread 2: (31000,239000) ops and (20295.4,18149.7) ops/second in (1.527438,13.168228) seconds
2026/05/26-10:45:22  ... thread 0: (18000,242000) ops and (15100.5,16883.0) ops/second in (1.192016,14.333940) seconds
2026/05/26-10:45:22  ... thread 1: (14000,248000) ops and (11843.3,17299.0) ops/second in (1.182104,14.336088) seconds
2026/05/26-10:45:22  ... thread 2: (13000,252000) ops and (11089.5,17572.6) ops/second in (1.172280,14.340508) seconds
2026/05/26-10:45:22  ... thread 3: (16000,255000) ops and (13085.2,17734.9) ops/second in (1.222759,14.378424) seconds
2026/05/26-10:45:23  ... thread 2: (19000,271000) ops and (18930.7,17661.4) ops/second in (1.003659,15.344167) seconds
2026/05/26-10:45:23  ... thread 1: (18000,266000) ops and (17782.6,17330.9) ops/second in (1.012228,15.348316) seconds
2026/05/26-10:45:23  ... thread 0: (19000,261000) ops and (18610.8,16997.9) ops/second in (1.020911,15.354851) seconds
2026/05/26-10:45:23  ... thread 3: (23000,278000) ops and (21888.8,18017.8) ops/second in (1.050768,15.429192) seconds
2026/05/26-10:45:25  ... thread 0: (28000,289000) ops and (23409.8,17461.3) ops/second in (1.196080,16.550931) seconds
2026/05/26-10:45:25  ... thread 2: (21000,292000) ops and (17459.0,17646.7) ops/second in (1.202818,16.546985) seconds
2026/05/26-10:45:25  ... thread 1: (27000,293000) ops and (21908.6,17671.1) ops/second in (1.232390,16.580706) seconds
2026/05/26-10:45:25  ... thread 3: (23000,301000) ops and (19777.7,18141.1) ops/second in (1.162924,16.592116) seconds
2026/05/26-10:45:27  ... thread 3: (31000,332000) ops and (15138.5,17811.3) ops/second in (2.047757,18.639873) seconds
2026/05/26-10:45:27  ... thread 1: (33000,326000) ops and (16038.0,17490.8) ops/second in (2.057616,18.638322) seconds
2026/05/26-10:45:27  ... thread 2: (34000,326000) ops and (16261.4,17491.3) ops/second in (2.090835,18.637820) seconds
2026/05/26-10:45:27  ... thread 0: (36000,325000) ops and (17196.0,17431.5) ops/second in (2.093506,18.644437) seconds
2026/05/26-10:45:28  ... thread 3: (29000,361000) ops and (28972.7,18380.1) ops/second in (1.000943,19.640816) seconds
2026/05/26-10:45:28  ... thread 2: (30000,356000) ops and (29753.4,18120.6) ops/second in (1.008288,19.646108) seconds
2026/05/26-10:45:28  ... thread 1: (31000,357000) ops and (30599.2,18166.6) ops/second in (1.013097,19.651419) seconds
2026/05/26-10:45:28  ... thread 0: (29000,354000) ops and (28411.9,18001.4) ops/second in (1.020700,19.665137) seconds
2026/05/26-10:45:29  ... thread 0: (1000,355000) ops and (899.3,17086.1) ops/second in (1.111963,20.777100) seconds
2026/05/26-10:45:29  ... thread 2: (1000,357000) ops and (886.2,17184.5) ops/second in (1.128425,20.774533) seconds
2026/05/26-10:45:29  ... thread 3: (2000,363000) ops and (1739.6,17459.9) ops/second in (1.149712,20.790528) seconds
2026/05/26-10:45:29  ... thread 1: (2000,359000) ops and (1745.6,17262.0) ops/second in (1.145740,20.797159) seconds
2026/05/26-10:45:30  ... thread 2: (25000,382000) ops and (24787.0,17536.5) ops/second in (1.008594,21.783127) seconds
2026/05/26-10:45:30  ... thread 3: (32000,395000) ops and (18531.7,17542.1) ops/second in (1.726770,22.517298) seconds
2026/05/26-10:45:30  ... thread 0: (34000,389000) ops and (19489.5,17272.3) ops/second in (1.744525,22.521625) seconds
2026/05/26-10:45:30  ... thread 1: (31000,390000) ops and (17921.3,17312.6) ops/second in (1.729784,22.526943) seconds
2026/05/26-10:45:31  ... thread 2: (8000,390000) ops and (7980.1,17116.1) ops/second in (1.002496,22.785623) seconds
2026/05/26-10:45:31  ... thread 0: (33000,422000) ops and (32557.5,17930.6) ops/second in (1.013590,23.535215) seconds
2026/05/26-10:45:31  ... thread 3: (30000,425000) ops and (29288.8,18053.2) ops/second in (1.024284,23.541582) seconds
2026/05/26-10:45:31  ... thread 1: (21000,411000) ops and (20745.9,17460.2) ops/second in (1.012250,23.539193) seconds
2026/05/26-10:45:32  ... thread 2: (20000,410000) ops and (12692.0,16829.9) ops/second in (1.575792,24.361415) seconds
2026/05/26-10:45:33  ... thread 0: (8000,430000) ops and (7877.8,17514.8) ops/second in (1.015510,24.550725) seconds
2026/05/26-10:45:33  ... thread 3: (11000,436000) ops and (10829.0,17754.3) ops/second in (1.015794,24.557376) seconds
2026/05/26-10:45:33  ... thread 1: (10000,421000) ops and (9814.0,17143.0) ops/second in (1.018955,24.558148) seconds
2026/05/26-10:45:34  ... thread 1: (10000,431000) ops and (9859.7,16854.1) ops/second in (1.014231,25.572379) seconds
2026/05/26-10:45:34  ... thread 0: (9000,439000) ops and (8760.2,17163.1) ops/second in (1.027370,25.578095) seconds
2026/05/26-10:45:34  ... thread 2: (13000,423000) ops and (10632.8,16533.7) ops/second in (1.222627,25.584042) seconds
2026/05/26-10:45:34  ... thread 3: (15000,451000) ops and (14525.8,17624.1) ops/second in (1.032644,25.590020) seconds
2026/05/26-10:45:35  ... thread 1: (29000,460000) ops and (28949.9,17310.1) ops/second in (1.001729,26.574108) seconds
2026/05/26-10:45:35  ... thread 0: (30000,469000) ops and (29939.0,17644.8) ops/second in (1.002039,26.580134) seconds
2026/05/26-10:45:35  ... thread 2: (32000,455000) ops and (31908.0,17113.7) ops/second in (1.002883,26.586925) seconds
2026/05/26-10:45:35  ... thread 3: (26000,477000) ops and (25636.8,17929.5) ops/second in (1.014168,26.604188) seconds
2026/05/26-10:45:36  ... thread 1: (26000,486000) ops and (25740.8,17618.8) ops/second in (1.010070,27.584178) seconds
2026/05/26-10:45:36  ... thread 0: (24000,493000) ops and (23671.9,17866.2) ops/second in (1.013862,27.593996) seconds
2026/05/26-10:45:36  ... thread 2: (29000,484000) ops and (28737.0,17538.7) ops/second in (1.009151,27.596076) seconds
2026/05/26-10:45:36  ... thread 3: (22000,499000) ops and (21532.1,18062.7) ops/second in (1.021728,27.625916) seconds
2026/05/26-10:45:37  ... thread 0: (37000,530000) ops and (36270.0,18522.3) ops/second in (1.020126,28.614122) seconds
2026/05/26-10:45:37  ... thread 2: (41000,525000) ops and (40401.2,18349.7) ops/second in (1.014821,28.610897) seconds
2026/05/26-10:45:37  ... thread 3: (26000,525000) ops and (25938.7,18338.5) ops/second in (1.002365,28.628281) seconds
2026/05/26-10:45:37  ... thread 1: (35000,521000) ops and (33543.9,18199.2) ops/second in (1.043408,28.627586) seconds
2026/05/26-10:45:39  ... thread 0: (21000,551000) ops and (10523.4,18000.8) ops/second in (1.995545,30.609667) seconds
2026/05/26-10:45:39  ... thread 3: (19000,544000) ops and (9578.7,17770.9) ops/second in (1.983565,30.611846) seconds
2026/05/26-10:45:39  ... thread 1: (20000,541000) ops and (10070.5,17671.9) ops/second in (1.986000,30.613586) seconds
2026/05/26-10:45:39  ... thread 2: (18000,543000) ops and (8974.8,17735.5) ops/second in (2.005613,30.616510) seconds
2026/05/26-10:45:40  ... thread 3: (30000,574000) ops and (29950.3,18156.8) ops/second in (1.001658,31.613504) seconds
2026/05/26-10:45:40  ... thread 1: (32000,573000) ops and (31753.7,18120.7) ops/second in (1.007757,31.621343) seconds
2026/05/26-10:45:40  ... thread 0: (32000,583000) ops and (31205.7,18428.9) ops/second in (1.025453,31.635120) seconds
2026/05/26-10:45:40  ... thread 2: (33000,576000) ops and (32240.8,18204.8) ops/second in (1.023549,31.640059) seconds
2026/05/26-10:45:41  ... thread 1: (15000,588000) ops and (13885.4,17980.8) ops/second in (1.080268,32.701611) seconds
2026/05/26-10:45:41  ... thread 2: (18000,594000) ops and (15549.0,18111.0) ops/second in (1.157633,32.797692) seconds
2026/05/26-10:45:41  ... thread 3: (16000,590000) ops and (12722.5,17948.9) ops/second in (1.257618,32.871122) seconds
2026/05/26-10:45:41  ... thread 0: (15000,598000) ops and (8157.6,17864.7) ops/second in (1.838775,33.473895) seconds
2026/05/26-10:45:42  ... thread 3: (1000,591000) ops and (891.2,17385.8) ops/second in (1.122131,33.993253) seconds
2026/05/26-10:45:42  ... thread 2: (4000,598000) ops and (2875.3,17491.1) ops/second in (1.391177,34.188869) seconds
2026/05/26-10:45:42  ... thread 1: (2000,590000) ops and (1155.1,17134.7) ops/second in (1.731437,34.433048) seconds
2026/05/26-10:45:43  ... thread 3: (2000,593000) ops and (1508.1,16789.6) ops/second in (1.326161,35.319414) seconds
2026/05/26-10:45:43  ... thread 1: (1000,591000) ops and (978.1,16668.8) ops/second in (1.022349,35.455397) seconds
2026/05/26-10:45:44  ... thread 0: (2000,600000) ops and (658.4,16433.2) ops/second in (3.037502,36.511397) seconds
2026/05/26-10:45:44  ... thread 2: (5000,603000) ops and (2142.7,16510.4) ops/second in (2.333480,36.522349) seconds
2026/05/26-10:45:45  ... thread 1: (5000,596000) ops and (3276.2,16116.1) ops/second in (1.526149,36.981546) seconds
2026/05/26-10:45:45  ... thread 3: (2000,595000) ops and (1196.0,16084.7) ops/second in (1.672172,36.991586) seconds
2026/05/26-10:45:46  ... thread 0: (3000,603000) ops and (2878.8,16057.1) ops/second in (1.042115,37.553512) seconds
2026/05/26-10:45:46  ... thread 2: (2000,605000) ops and (1576.6,16009.2) ops/second in (1.268516,37.790865) seconds
2026/05/26-10:45:46  ... thread 3: (7000,602000) ops and (6969.1,15843.8) ops/second in (1.004434,37.996020) seconds
2026/05/26-10:45:46  ... thread 1: (10000,606000) ops and (9604.5,15937.8) ops/second in (1.041178,38.022724) seconds
2026/05/26-10:45:47  ... thread 0: (23000,626000) ops and (20562.3,16187.4) ops/second in (1.118550,38.672062) seconds
2026/05/26-10:45:47  ... thread 2: (27000,632000) ops and (26149.8,16278.9) ops/second in (1.032514,38.823379) seconds
2026/05/26-10:45:47  ... thread 3: (29000,631000) ops and (28977.3,16180.8) ops/second in (1.000783,38.996803) seconds
2026/05/26-10:45:47  ... thread 1: (28000,634000) ops and (27978.4,16246.6) ops/second in (1.000773,39.023497) seconds
2026/05/26-10:45:48  ... thread 0: (31000,657000) ops and (29189.3,16534.9) ops/second in (1.062033,39.734095) seconds
2026/05/26-10:45:48  ... thread 2: (27000,659000) ops and (26239.9,16536.0) ops/second in (1.028969,39.852348) seconds
2026/05/26-10:45:48  ... thread 3: (28000,659000) ops and (27298.5,16465.7) ops/second in (1.025698,40.022501) seconds
2026/05/26-10:45:48  ... thread 1: (29000,663000) ops and (28585.1,16559.3) ops/second in (1.014514,40.038011) seconds
2026/05/26-10:45:49  ... thread 2: (31000,690000) ops and (30995.9,16890.0) ops/second in (1.000132,40.852480) seconds
2026/05/26-10:45:49  ... thread 0: (31000,688000) ops and (27552.2,16838.3) ops/second in (1.125137,40.859232) seconds
2026/05/26-10:45:49  ... thread 3: (27000,686000) ops and (26932.8,16721.5) ops/second in (1.002495,41.024996) seconds
2026/05/26-10:45:49  ... thread 1: (30000,693000) ops and (29161.6,16875.0) ops/second in (1.028749,41.066760) seconds
2026/05/26-10:45:50  ... thread 0: (31000,719000) ops and (28642.5,17142.9) ops/second in (1.082306,41.941538) seconds
2026/05/26-10:45:50  ... thread 2: (30000,720000) ops and (27227.6,17161.5) ops/second in (1.101824,41.954304) seconds
2026/05/26-10:45:50  ... thread 3: (29000,715000) ops and (28381.4,17004.9) ops/second in (1.021797,42.046793) seconds
2026/05/26-10:45:50  ... thread 1: (29000,722000) ops and (28747.5,17159.6) ops/second in (1.008782,42.075542) seconds
2026/05/26-10:45:51  ... thread 0: (18000,737000) ops and (17581.9,17153.4) ops/second in (1.023782,42.965320) seconds
2026/05/26-10:45:51  ... thread 2: (18000,738000) ops and (17790.1,17176.3) ops/second in (1.011799,42.966103) seconds
2026/05/26-10:45:51  ... thread 3: (20000,735000) ops and (19845.5,17071.4) ops/second in (1.007786,43.054579) seconds
2026/05/26-10:45:51  ... thread 1: (19000,741000) ops and (18769.4,17197.4) ops/second in (1.012287,43.087829) seconds
2026/05/26-10:45:52  ... thread 3: (10000,745000) ops and (8797.7,16858.5) ops/second in (1.136658,44.191237) seconds
2026/05/26-10:45:52  ... thread 1: (8000,749000) ops and (6063.6,16866.6) ops/second in (1.319340,44.407169) seconds
2026/05/26-10:45:53  ... thread 2: (11000,749000) ops and (6695.8,16790.4) ops/second in (1.642810,44.608913) seconds
2026/05/26-10:45:53  ... thread 0: (14000,751000) ops and (7552.9,16756.3) ops/second in (1.853582,44.818902) seconds
2026/05/26-10:45:53  ... thread 3: (2000,747000) ops and (1833.0,16496.5) ops/second in (1.091118,45.282355) seconds
2026/05/26-10:45:54  ... thread 1: (3000,752000) ops and (2050.8,16394.2) ops/second in (1.462817,45.869986) seconds
2026/05/26-10:45:54  ... thread 2: (3000,752000) ops and (1895.7,16280.1) ops/second in (1.582528,46.191441) seconds
2026/05/26-10:45:55  ... thread 1: (3000,755000) ops and (2515.7,16042.5) ops/second in (1.192515,47.062501) seconds
2026/05/26-10:45:55  ... thread 0: (2000,753000) ops and (879.9,15990.0) ops/second in (2.273011,47.091913) seconds
2026/05/26-10:45:55  ... thread 2: (5000,757000) ops and (4643.8,16015.0) ops/second in (1.076697,47.268138) seconds
2026/05/26-10:45:56  ... thread 3: (3000,750000) ops and (1321.1,15771.8) ops/second in (2.270823,47.553178) seconds
2026/05/26-10:45:56  ... thread 0: (2000,755000) ops and (1909.7,15683.7) ops/second in (1.047279,48.139192) seconds
2026/05/26-10:45:56  ... thread 1: (2000,757000) ops and (1689.3,15690.3) ops/second in (1.183954,48.246455) seconds
2026/05/26-10:45:57  ... thread 2: (3000,760000) ops and (2209.1,15629.4) ops/second in (1.358047,48.626185) seconds
2026/05/26-10:45:57  ... thread 3: (2000,752000) ops and (1502.9,15383.4) ops/second in (1.330748,48.883926) seconds
2026/05/26-10:45:57  ... thread 1: (1000,758000) ops and (990.1,15388.8) ops/second in (1.010038,49.256493) seconds
2026/05/26-10:45:58  ... thread 2: (2000,762000) ops and (1605.4,15279.1) ops/second in (1.245769,49.871954) seconds
2026/05/26-10:45:58  ... thread 3: (3000,755000) ops and (2597.3,15088.2) ops/second in (1.155033,50.038959) seconds
2026/05/26-10:45:58  ... thread 0: (5000,760000) ops and (2619.9,15185.5) ops/second in (1.908451,50.047643) seconds
2026/05/26-10:45:59  ... thread 1: (3000,761000) ops and (2144.4,15023.1) ops/second in (1.398990,50.655483) seconds
2026/05/26-10:45:59  ... thread 2: (2000,764000) ops and (1848.2,14993.9) ops/second in (1.082153,50.954107) seconds
2026/05/26-10:45:59  ... thread 3: (2000,757000) ops and (1992.7,14830.7) ops/second in (1.003648,51.042607) seconds
2026/05/26-10:45:59  ... thread 0: (2000,762000) ops and (1942.3,14918.5) ops/second in (1.029714,51.077357) seconds
2026/05/26-10:46:00  ... thread 1: (2000,763000) ops and (1728.2,14726.1) ops/second in (1.157246,51.812729) seconds
2026/05/26-10:46:00  ... thread 2: (2000,766000) ops and (1939.2,14734.9) ops/second in (1.031363,51.985470) seconds
2026/05/26-10:46:00  ... thread 3: (2000,759000) ops and (1458.2,14480.8) ops/second in (1.371518,52.414125) seconds
2026/05/26-10:46:01  ... thread 1: (3000,766000) ops and (2186.8,14402.7) ops/second in (1.371880,53.184609) seconds
2026/05/26-10:46:01  ... thread 0: (3000,765000) ops and (1420.6,14382.6) ops/second in (2.111809,53.189166) seconds
2026/05/26-10:46:02  ... thread 3: (2000,761000) ops and (1476.7,14153.3) ops/second in (1.354405,53.768530) seconds
2026/05/26-10:46:02  ... thread 2: (1000,767000) ops and (562.4,14266.2) ops/second in (1.778126,53.763596) seconds
2026/05/26-10:46:03  ... thread 1: (2000,768000) ops and (1340.4,14046.2) ops/second in (1.492093,54.676702) seconds
2026/05/26-10:46:03  ... thread 2: (1000,768000) ops and (977.8,14018.1) ops/second in (1.022697,54.786293) seconds
2026/05/26-10:46:03  ... thread 0: (3000,768000) ops and (1601.8,13947.9) ops/second in (1.872841,55.062007) seconds
2026/05/26-10:46:03  ... thread 3: (2000,763000) ops and (1480.7,13842.7) ops/second in (1.350743,55.119273) seconds
2026/05/26-10:46:04  ... thread 2: (2000,770000) ops and (1758.2,13768.7) ops/second in (1.137498,55.923791) seconds
2026/05/26-10:46:04  ... thread 3: (2000,765000) ops and (1725.0,13593.1) ops/second in (1.159395,56.278668) seconds
2026/05/26-10:46:04  ... thread 1: (2000,770000) ops and (1073.9,13618.9) ops/second in (1.862394,56.539096) seconds
2026/05/26-10:46:05  ... thread 0: (1000,769000) ops and (656.4,13590.0) ops/second in (1.523551,56.585558) seconds
2026/05/26-10:46:05  ... thread 2: (2000,772000) ops and (1455.5,13473.5) ops/second in (1.374056,57.297847) seconds
2026/05/26-10:46:05  ... thread 3: (2000,767000) ops and (1873.3,13374.9) ops/second in (1.067660,57.346328) seconds
2026/05/26-10:46:06  ... thread 0: (2000,771000) ops and (1598.9,13330.7) ops/second in (1.250837,57.836395) seconds
2026/05/26-10:46:06  ... thread 3: (1000,768000) ops and (908.3,13140.0) ops/second in (1.101006,58.447334) seconds
2026/05/26-10:46:07  ... thread 2: (1000,773000) ops and (680.6,13153.6) ops/second in (1.469394,58.767241) seconds
2026/05/26-10:46:07  ... thread 1: (2000,772000) ops and (864.5,13117.5) ops/second in (2.313456,58.852552) seconds
2026/05/26-10:46:08  ... thread 3: (2000,770000) ops and (1755.2,12922.3) ops/second in (1.139461,59.586795) seconds
2026/05/26-10:46:08  ... thread 0: (3000,774000) ops and (1476.6,12928.4) ops/second in (2.031657,59.868052) seconds
2026/05/26-10:46:08  ... thread 2: (2000,775000) ops and (1522.5,12899.3) ops/second in (1.313606,60.080847) seconds
2026/05/26-10:46:09  ... thread 1: (2000,774000) ops and (868.8,12656.5) ops/second in (2.301928,61.154480) seconds
2026/05/26-10:46:09  ... thread 3: (2000,772000) ops and (1271.1,12622.6) ops/second in (1.573431,61.160226) seconds
2026/05/26-10:46:09  ... thread 0: (2000,776000) ops and (1290.1,12634.7) ops/second in (1.550246,61.418298) seconds
2026/05/26-10:46:09  ... thread 2: (3000,778000) ops and (2109.9,12649.8) ops/second in (1.421880,61.502727) seconds
2026/05/26-10:46:10  ... thread 3: (1000,773000) ops and (972.3,12429.9) ops/second in (1.028497,62.188723) seconds
2026/05/26-10:46:11  ... thread 1: (2000,776000) ops and (1409.4,12401.4) ops/second in (1.419020,62.573500) seconds
2026/05/26-10:46:11  ... thread 2: (1000,779000) ops and (780.8,12407.7) ops/second in (1.280787,62.783514) seconds
2026/05/26-10:46:11  ... thread 0: (2000,778000) ops and (1129.9,12312.4) ops/second in (1.770095,63.188393) seconds
2026/05/26-10:46:11  ... thread 3: (2000,775000) ops and (1949.5,12259.8) ops/second in (1.025900,63.214623) seconds
2026/05/26-10:46:12  ... thread 2: (1000,780000) ops and (891.4,12205.6) ops/second in (1.121821,63.905335) seconds
2026/05/26-10:46:12  ... thread 1: (2000,778000) ops and (1170.2,12102.8) ops/second in (1.709071,64.282571) seconds
2026/05/26-10:46:13  ... thread 3: (2000,777000) ops and (1210.3,11978.3) ops/second in (1.652469,64.867092) seconds
2026/05/26-10:46:13  ... thread 0: (2000,780000) ops and (1002.6,11966.3) ops/second in (1.994803,65.183196) seconds
2026/05/26-10:46:13  ... thread 2: (1000,781000) ops and (658.0,11937.3) ops/second in (1.519698,65.425033) seconds
2026/05/26-10:46:14  ... thread 3: (2000,779000) ops and (1211.7,11711.2) ops/second in (1.650604,66.517696) seconds
2026/05/26-10:46:15  ... thread 0: (2000,782000) ops and (1364.7,11733.2) ops/second in (1.465542,66.648738) seconds
2026/05/26-10:46:15  ... thread 1: (1000,779000) ops and (403.1,11668.0) ops/second in (2.480982,66.763553) seconds
2026/05/26-10:46:15  ... thread 2: (1000,782000) ops and (672.7,11687.1) ops/second in (1.486548,66.911581) seconds
2026/05/26-10:46:16  ... thread 2: (1000,783000) ops and (901.1,11511.1) ops/second in (1.109779,68.021360) seconds
2026/05/26-10:46:16  ... thread 1: (2000,781000) ops and (1451.4,11461.4) ops/second in (1.378021,68.141574) seconds
2026/05/26-10:46:16  ... thread 0: (1000,783000) ops and (567.7,11445.6) ops/second in (1.761614,68.410352) seconds
2026/05/26-10:46:16  ... thread 3: (1000,780000) ops and (520.9,11397.3) ops/second in (1.919679,68.437375) seconds
2026/05/26-10:46:17  ... thread 1: (1000,782000) ops and (847.4,11280.7) ops/second in (1.180107,69.321681) seconds
2026/05/26-10:46:18  ... thread 0: (1000,784000) ops and (834.5,11263.0) ops/second in (1.198366,69.608718) seconds
2026/05/26-10:46:18  ... thread 3: (1000,781000) ops and (753.0,11194.7) ops/second in (1.328069,69.765444) seconds
2026/05/26-10:46:18  ... thread 2: (2000,785000) ops and (845.2,11152.5) ops/second in (2.366385,70.387745) seconds
2026/05/26-10:46:19  ... thread 1: (2000,784000) ops and (1242.4,11052.9) ops/second in (1.609818,70.931499) seconds
2026/05/26-10:46:19  ... thread 0: (1000,785000) ops and (635.4,11028.0) ops/second in (1.573812,71.182530) seconds
2026/05/26-10:46:20  ... thread 3: (2000,783000) ops and (779.8,10825.4) ops/second in (2.564604,72.330048) seconds
2026/05/26-10:46:20  ... thread 2: (1000,786000) ops and (515.6,10867.3) ops/second in (1.939468,72.327213) seconds
2026/05/26-10:46:20  ... thread 1: (1000,785000) ops and (711.7,10852.0) ops/second in (1.405174,72.336673) seconds
2026/05/26-10:46:20  ... thread 0: (3000,788000) ops and (2590.7,10892.9) ops/second in (1.157999,72.340529) seconds
2026/05/26-10:46:21  ... thread 3: (31000,814000) ops and (30864.5,11099.8) ops/second in (1.004389,73.334437) seconds
2026/05/26-10:46:21  ... thread 2: (28000,814000) ops and (27774.4,11099.7) ops/second in (1.008121,73.335334) seconds
2026/05/26-10:46:21  ... thread 1: (33000,818000) ops and (32901.8,11153.6) ops/second in (1.002984,73.339657) seconds
2026/05/26-10:46:21  ... thread 0: (30000,818000) ops and (29591.3,11151.4) ops/second in (1.013811,73.354340) seconds
2026/05/26-10:46:23  ... thread 3: (24000,838000) ops and (14782.5,11179.6) ops/second in (1.623537,74.957974) seconds
2026/05/26-10:46:23  ... thread 1: (26000,844000) ops and (16095.4,11260.1) ops/second in (1.615366,74.955023) seconds
2026/05/26-10:46:23  ... thread 0: (21000,839000) ops and (13100.3,11193.0) ops/second in (1.603016,74.957356) seconds
2026/05/26-10:46:23  ... thread 2: (26000,840000) ops and (15889.6,11204.2) ops/second in (1.636287,74.971621) seconds
2026/05/26-10:46:24  ... thread 1: (32000,876000) ops and (31804.9,11532.2) ops/second in (1.006134,75.961157) seconds
2026/05/26-10:46:24  ... thread 0: (32000,871000) ops and (31452.4,11464.3) ops/second in (1.017412,75.974768) seconds
2026/05/26-10:46:24  ... thread 3: (31000,869000) ops and (30424.1,11437.7) ops/second in (1.018928,75.976902) seconds
2026/05/26-10:46:24  ... thread 2: (27000,867000) ops and (26988.1,11412.1) ops/second in (1.000440,75.972061) seconds
2026/05/26-10:46:25  ... thread 0: (28000,899000) ops and (27884.3,11678.5) ops/second in (1.004150,76.978918) seconds
2026/05/26-10:46:25  ... thread 2: (29000,896000) ops and (28894.6,11640.0) ops/second in (1.003647,76.975708) seconds
2026/05/26-10:46:25  ... thread 3: (26000,895000) ops and (25857.8,11626.0) ops/second in (1.005499,76.982401) seconds
2026/05/26-10:46:25  ... thread 1: (28000,904000) ops and (27395.8,11742.8) ops/second in (1.022055,76.983212) seconds
2026/05/26-10:46:26  ... thread 0: (28000,927000) ops and (27933.0,11887.5) ops/second in (1.002397,77.981315) seconds
2026/05/26-10:46:26  ... thread 2: (27000,923000) ops and (26493.1,11834.1) ops/second in (1.019133,77.994841) seconds
2026/05/26-10:46:26  ... thread 1: (30000,934000) ops and (29508.2,11974.4) ops/second in (1.016666,77.999878) seconds
2026/05/26-10:46:26  ... thread 3: (30000,925000) ops and (29350.8,11858.3) ops/second in (1.022117,78.004518) seconds
2026/05/26-10:46:27  ... thread 0: (17000,944000) ops and (16863.2,11951.0) ops/second in (1.008111,78.989426) seconds
2026/05/26-10:46:27  ... thread 2: (15000,938000) ops and (14889.5,11873.1) ops/second in (1.007423,79.002264) seconds
2026/05/26-10:46:27  ... thread 3: (17000,942000) ops and (16808.2,11921.6) ops/second in (1.011411,79.015929) seconds
2026/05/26-10:46:27  ... thread 1: (15000,949000) ops and (14694.2,12009.5) ops/second in (1.020808,79.020686) seconds
2026/05/26-10:46:28  ... thread 0: (30000,974000) ops and (29670.5,12174.9) ops/second in (1.011107,80.000533) seconds
2026/05/26-10:46:28  ... thread 2: (34000,972000) ops and (33964.4,12149.5) ops/second in (1.001047,80.003311) seconds
2026/05/26-10:46:28  ... thread 1: (31000,980000) ops and (30805.7,12245.9) ops/second in (1.006307,80.026993) seconds
2026/05/26-10:46:28  ... thread 3: (32000,974000) ops and (31328.1,12169.3) ops/second in (1.021446,80.037375) seconds
2026/05/26-10:46:29  ... thread 0: (22000,996000) ops and (21541.0,12293.0) ops/second in (1.021310,81.021843) seconds
2026/05/26-10:46:29  ... thread 2: (27000,999000) ops and (26417.0,12329.5) ops/second in (1.022068,81.025379) seconds
2026/05/26-10:46:29  ... thread 1: (24000,1004000) ops and (23786.0,12389.6) ops/second in (1.008997,81.035990) seconds
2026/05/26-10:46:29  ... thread 3: (26000,1000000) ops and (25402.3,12336.4) ops/second in (1.023530,81.060905) seconds
2026/05/26-10:46:30  ... thread 0: (29000,1025000) ops and (28972.5,12496.5) ops/second in (1.000950,82.022793) seconds
2026/05/26-10:46:30  ... thread 1: (29000,1033000) ops and (28985.3,12592.0) ops/second in (1.000508,82.036498) seconds
2026/05/26-10:46:30  ... thread 2: (26000,1025000) ops and (25595.9,12493.7) ops/second in (1.015788,82.041167) seconds
2026/05/26-10:46:30  ... thread 3: (28000,1028000) ops and (27982.8,12527.2) ops/second in (1.000616,82.061521) seconds
2026/05/26-10:46:31  ... thread 1: (15000,1048000) ops and (14571.3,12616.5) ops/second in (1.029421,83.065919) seconds
2026/05/26-10:46:31  ... thread 2: (16000,1041000) ops and (15626.1,12532.3) ops/second in (1.023929,83.065096) seconds
2026/05/26-10:46:31  ... thread 3: (12000,1040000) ops and (11849.5,12518.9) ops/second in (1.012698,83.074219) seconds
2026/05/26-10:46:31  ... thread 0: (18000,1043000) ops and (16736.2,12551.4) ops/second in (1.075516,83.098309) seconds
2026/05/26-10:46:32  ... thread 1: (28000,1076000) ops and (22120.5,12759.1) ops/second in (1.265796,84.331715) seconds
2026/05/26-10:46:32  ... thread 3: (33000,1073000) ops and (23517.3,12701.6) ops/second in (1.403225,84.477444) seconds
2026/05/26-10:46:33  ... thread 0: (30000,1073000) ops and (17822.6,12656.1) ops/second in (1.683254,84.781563) seconds
2026/05/26-10:46:33  ... thread 1: (1000,1077000) ops and (926.8,12609.7) ops/second in (1.078924,85.410639) seconds
2026/05/26-10:46:33  ... thread 2: (33000,1074000) ops and (13693.5,12565.1) ops/second in (2.409898,85.474994) seconds
2026/05/26-10:46:34  ... thread 3: (1000,1074000) ops and (673.3,12493.8) ops/second in (1.485284,85.962728) seconds
2026/05/26-10:46:34  ... thread 0: (2000,1075000) ops and (1246.7,12444.2) ops/second in (1.604202,86.385765) seconds
2026/05/26-10:46:34  ... thread 2: (1000,1075000) ops and (942.4,12422.6) ops/second in (1.061114,86.536108) seconds
2026/05/26-10:46:35  ... thread 1: (2000,1079000) ops and (1602.0,12451.1) ops/second in (1.248417,86.659056) seconds
2026/05/26-10:46:35  ... thread 3: (2000,1076000) ops and (1321.7,12300.5) ops/second in (1.513182,87.475910) seconds
2026/05/26-10:46:36  ... thread 2: (1000,1076000) ops and (934.6,12282.2) ops/second in (1.070019,87.606127) seconds
2026/05/26-10:46:36  ... thread 0: (1000,1076000) ops and (692.0,12250.8) ops/second in (1.444992,87.830757) seconds
2026/05/26-10:46:37  ... thread 1: (3000,1082000) ops and (1505.7,12205.1) ops/second in (1.992457,88.651513) seconds
2026/05/26-10:46:37  ... thread 2: (1000,1077000) ops and (785.1,12117.5) ops/second in (1.273739,88.879866) seconds
2026/05/26-10:46:37  ... thread 3: (2000,1078000) ops and (1347.6,12117.8) ops/second in (1.484157,88.960067) seconds
2026/05/26-10:46:37  ... thread 0: (2000,1078000) ops and (1219.3,12048.6) ops/second in (1.640234,89.470991) seconds
2026/05/26-10:46:38  ... thread 1: (2000,1084000) ops and (1663.1,12064.0) ops/second in (1.202574,89.854087) seconds
2026/05/26-10:46:38  ... thread 2: (1000,1078000) ops and (641.6,11919.7) ops/second in (1.558529,90.438395) seconds
2026/05/26-10:46:39  ... thread 3: (2000,1080000) ops and (929.7,11853.6) ops/second in (2.151222,91.111289) seconds
2026/05/26-10:46:39  ... thread 0: (3000,1081000) ops and (1823.6,11864.0) ops/second in (1.645133,91.116124) seconds
2026/05/26-10:46:39  ... thread 1: (1000,1085000) ops and (677.2,11879.9) ops/second in (1.476718,91.330805) seconds
2026/05/26-10:46:40  ... thread 2: (2000,1080000) ops and (1670.4,11785.8) ops/second in (1.197326,91.635721) seconds
2026/05/26-10:46:40  ... thread 0: (1000,1082000) ops and (938.5,11737.7) ops/second in (1.065488,92.181612) seconds
2026/05/26-10:46:40  ... thread 3: (2000,1082000) ops and (1547.0,11709.4) ops/second in (1.292850,92.404139) seconds
2026/05/26-10:46:41  ... thread 1: (1000,1086000) ops and (749.9,11719.7) ops/second in (1.333438,92.664243) seconds
2026/05/26-10:46:41  ... thread 2: (1000,1081000) ops and (853.7,11647.8) ops/second in (1.171320,92.807041) seconds
2026/05/26-10:46:42  ... thread 1: (2000,1088000) ops and (1584.4,11583.5) ops/second in (1.262336,93.926579) seconds
2026/05/26-10:46:42  ... thread 3: (2000,1084000) ops and (1234.7,11529.0) ops/second in (1.619829,94.023968) seconds
2026/05/26-10:46:43  ... thread 0: (2000,1084000) ops and (771.9,11437.9) ops/second in (2.591170,94.772782) seconds
2026/05/26-10:46:43  ... thread 2: (2000,1083000) ops and (997.2,11422.5) ops/second in (2.005599,94.812640) seconds
2026/05/26-10:46:43  ... thread 3: (1000,1085000) ops and (831.4,11393.9) ops/second in (1.202765,95.226733) seconds
2026/05/26-10:46:44  ... thread 0: (2000,1086000) ops and (1407.8,11289.8) ops/second in (1.420619,96.193401) seconds
2026/05/26-10:46:44  ... thread 1: (3000,1091000) ops and (1266.4,11329.7) ops/second in (2.368838,96.295417) seconds
2026/05/26-10:46:45  ... thread 2: (2000,1085000) ops and (1133.1,11234.5) ops/second in (1.765147,96.577787) seconds
2026/05/26-10:46:45  ... thread 3: (2000,1087000) ops and (1279.6,11230.5) ops/second in (1.563000,96.789733) seconds
2026/05/26-10:46:45  ... thread 1: (1000,1092000) ops and (892.0,11209.6) ops/second in (1.121052,97.416469) seconds
2026/05/26-10:46:46  ... thread 0: (2000,1088000) ops and (973.9,11074.1) ops/second in (2.053646,98.247047) seconds
2026/05/26-10:46:46  ... thread 3: (2000,1089000) ops and (1272.0,11071.3) ops/second in (1.572374,98.362107) seconds
2026/05/26-10:46:47  ... thread 1: (2000,1094000) ops and (1595.8,11087.5) ops/second in (1.253251,98.669720) seconds
2026/05/26-10:46:47  ... thread 2: (2000,1087000) ops and (802.7,10972.1) ops/second in (2.491439,99.069226) seconds
2026/05/26-10:46:47  ... thread 3: (1000,1090000) ops and (915.6,10959.8) ops/second in (1.092125,99.454232) seconds
2026/05/26-10:46:48  ... thread 0: (1000,1089000) ops and (728.0,10931.5) ops/second in (1.373554,99.620601) seconds
2026/05/26-10:46:48  ... thread 2: (1000,1088000) ops and (971.2,10869.2) ops/second in (1.029697,100.098923) seconds
2026/05/26-10:46:48  ... thread 1: (1000,1095000) ops and (565.0,10902.1) ops/second in (1.769898,100.439618) seconds
2026/05/26-10:46:48  ... thread 3: (1000,1091000) ops and (948.1,10854.7) ops/second in (1.054795,100.509027) seconds
2026/05/26-10:46:49  ... thread 2: (1000,1089000) ops and (773.1,10740.4) ops/second in (1.293492,101.392415) seconds
2026/05/26-10:46:50  ... thread 1: (1000,1096000) ops and (679.6,10754.5) ops/second in (1.471547,101.911165) seconds
2026/05/26-10:46:50  ... thread 0: (1000,1090000) ops and (407.3,10678.4) ops/second in (2.454915,102.075516) seconds
2026/05/26-10:46:50  ... thread 3: (2000,1093000) ops and (1107.5,10682.7) ops/second in (1.805840,102.314867) seconds
2026/05/26-10:46:51  ... thread 1: (1000,1097000) ops and (974.9,10657.0) ops/second in (1.025733,102.936898) seconds
2026/05/26-10:46:51  ... thread 2: (1000,1090000) ops and (526.0,10552.5) ops/second in (1.900976,103.293391) seconds
2026/05/26-10:46:52  ... thread 0: (1000,1091000) ops and (676.9,10535.7) ops/second in (1.477229,103.552745) seconds
2026/05/26-10:46:52  ... thread 3: (1000,1094000) ops and (642.2,10532.2) ops/second in (1.557099,103.871966) seconds
2026/05/26-10:46:52  ... thread 1: (1000,1098000) ops and (969.3,10560.9) ops/second in (1.031665,103.968563) seconds
2026/05/26-10:46:52  ... thread 2: (1000,1091000) ops and (810.3,10437.4) ops/second in (1.234144,104.527535) seconds
2026/05/26-10:46:53  ... thread 0: (1000,1092000) ops and (850.5,10427.0) ops/second in (1.175820,104.728565) seconds
2026/05/26-10:46:54  ... thread 3: (1000,1095000) ops and (549.8,10360.4) ops/second in (1.818830,105.690796) seconds
2026/05/26-10:46:54  ... thread 1: (1000,1099000) ops and (576.0,10396.9) ops/second in (1.735969,105.704532) seconds
2026/05/26-10:46:54  ... thread 0: (1000,1093000) ops and (965.2,10334.3) ops/second in (1.036088,105.764653) seconds
2026/05/26-10:46:54  ... thread 2: (1000,1092000) ops and (670.6,10300.1) ops/second in (1.491274,106.018809) seconds
2026/05/26-10:46:55  ... thread 1: (1000,1100000) ops and (737.6,10274.6) ops/second in (1.355658,107.060190) seconds
2026/05/26-10:46:55  ... thread 0: (1000,1094000) ops and (678.8,10201.6) ops/second in (1.473124,107.237777) seconds
2026/05/26-10:46:55  ... thread 3: (1000,1096000) ops and (567.0,10199.7) ops/second in (1.763606,107.454402) seconds
2026/05/26-10:46:56  ... thread 1: (1000,1101000) ops and (999.1,10188.7) ops/second in (1.000853,108.061043) seconds
2026/05/26-10:46:56  ... thread 2: (2000,1094000) ops and (937.8,10115.4) ops/second in (2.132711,108.151520) seconds
2026/05/26-10:46:56  ... thread 0: (1000,1095000) ops and (779.8,10090.3) ops/second in (1.282353,108.520130) seconds
2026/05/26-10:46:57  ... thread 3: (1000,1097000) ops and (676.7,10070.5) ops/second in (1.477780,108.932182) seconds
2026/05/26-10:46:57  ... thread 1: (1000,1102000) ops and (964.9,10101.1) ops/second in (1.036325,109.097368) seconds
2026/05/26-10:46:58  ... thread 2: (1000,1095000) ops and (534.6,9952.6) ops/second in (1.870432,110.021952) seconds
2026/05/26-10:46:58  ... thread 1: (1000,1103000) ops and (744.0,9987.2) ops/second in (1.344107,110.441475) seconds
2026/05/26-10:46:59  ... thread 0: (1000,1096000) ops and (380.5,9860.7) ops/second in (2.627779,111.147909) seconds
2026/05/26-10:46:59  ... thread 2: (1000,1096000) ops and (875.2,9859.3) ops/second in (1.142632,111.164584) seconds
2026/05/26-10:46:59  ... thread 3: (2000,1099000) ops and (890.2,9885.0) ops/second in (2.246584,111.178766) seconds
2026/05/26-10:47:00  ... thread 1: (2000,1105000) ops and (1242.2,9861.5) ops/second in (1.610050,112.051525) seconds
2026/05/26-10:47:00  ... thread 2: (1000,1097000) ops and (767.3,9753.9) ops/second in (1.303346,112.467930) seconds
2026/05/26-10:47:01  ... thread 3: (1000,1100000) ops and (669.7,9762.9) ops/second in (1.493195,112.671961) seconds
2026/05/26-10:47:01  ... thread 0: (1000,1097000) ops and (505.0,9697.0) ops/second in (1.980264,113.128173) seconds
2026/05/26-10:47:01  ... thread 1: (1000,1106000) ops and (817.2,9763.8) ops/second in (1.223632,113.275157) seconds
2026/05/26-10:47:02  ... thread 2: (1000,1098000) ops and (854.1,9662.2) ops/second in (1.170856,113.638786) seconds
2026/05/26-10:47:02  ... thread 3: (1000,1101000) ops and (692.6,9648.1) ops/second in (1.443892,114.115853) seconds
2026/05/26-10:47:03  ... thread 1: (1000,1107000) ops and (756.4,9659.9) ops/second in (1.322037,114.597194) seconds
2026/05/26-10:47:03  ... thread 0: (1000,1098000) ops and (642.2,9574.0) ops/second in (1.557245,114.685418) seconds
2026/05/26-10:47:03  ... thread 2: (1000,1099000) ops and (735.6,9556.7) ops/second in (1.359503,114.998289) seconds
2026/05/26-10:47:03  ... thread 3: (1000,1102000) ops and (826.8,9555.6) ops/second in (1.209441,115.325294) seconds
2026/05/26-10:47:04  ... thread 1: (1000,1108000) ops and (836.2,9568.8) ops/second in (1.195848,115.793042) seconds
2026/05/26-10:47:04  ... thread 2: (1000,1100000) ops and (922.7,9476.1) ops/second in (1.083722,116.082011) seconds
2026/05/26-10:47:04  ... thread 0: (1000,1099000) ops and (609.5,9447.6) ops/second in (1.640799,116.326217) seconds
2026/05/26-10:47:05  ... thread 3: (1000,1103000) ops and (628.8,9434.1) ops/second in (1.590416,116.915710) seconds
2026/05/26-10:47:05  ... thread 1: (1000,1109000) ops and (708.3,9462.1) ops/second in (1.411896,117.204938) seconds
2026/05/26-10:47:06  ... thread 2: (1000,1101000) ops and (578.1,9345.4) ops/second in (1.729699,117.811710) seconds
2026/05/26-10:47:06  ... thread 0: (1000,1100000) ops and (597.3,9322.0) ops/second in (1.674143,118.000360) seconds
2026/05/26-10:47:06  ... thread 1: (1000,1110000) ops and (975.9,9388.5) ops/second in (1.024738,118.229676) seconds
2026/05/26-10:47:06  ... thread 3: (1000,1104000) ops and (681.7,9325.7) ops/second in (1.466846,118.382556) seconds
2026/05/26-10:47:07  ... thread 0: (1000,1101000) ops and (964.4,9249.2) ops/second in (1.036892,119.037252) seconds
2026/05/26-10:47:07  ... thread 2: (1000,1102000) ops and (581.2,9219.3) ops/second in (1.720574,119.532284) seconds
2026/05/26-10:47:08  ... thread 3: (1000,1105000) ops and (649.8,9214.4) ops/second in (1.538910,119.921466) seconds
2026/05/26-10:47:08  ... thread 0: (1000,1102000) ops and (784.4,9159.5) ops/second in (1.274918,120.312170) seconds
2026/05/26-10:47:08  ... thread 1: (1000,1111000) ops and (480.2,9234.3) ops/second in (2.082448,120.312124) seconds
2026/05/26-10:47:08  ... thread 2: (8000,1110000) ops and (7963.3,9208.8) ops/second in (1.004609,120.536893) seconds
2026/05/26-10:47:09  ... thread 3: (23000,1128000) ops and (22240.9,9325.7) ops/second in (1.034131,120.955597) seconds
2026/05/26-10:47:09  ... thread 0: (30000,1132000) ops and (29908.3,9331.1) ops/second in (1.003066,121.315236) seconds
2026/05/26-10:47:09  ... thread 1: (33000,1144000) ops and (32925.4,9430.0) ops/second in (1.002266,121.314390) seconds
2026/05/26-10:47:10  ... thread 2: (32000,1142000) ops and (30968.9,9393.8) ops/second in (1.033294,121.570187) seconds
2026/05/26-10:47:10  ... thread 3: (28000,1156000) ops and (27483.6,9477.4) ops/second in (1.018791,121.974388) seconds
2026/05/26-10:47:10  ... thread 0: (29000,1161000) ops and (25839.1,9482.4) ops/second in (1.122331,122.437567) seconds
2026/05/26-10:47:10  ... thread 1: (33000,1177000) ops and (29369.8,9613.0) ops/second in (1.123602,122.437992) seconds
2026/05/26-10:47:11  ... thread 2: (24000,1166000) ops and (23813.6,9512.3) ops/second in (1.007829,122.578016) seconds
2026/05/26-10:47:12  ... thread 3: (28000,1184000) ops and (17690.9,9582.6) ops/second in (1.582736,123.557124) seconds
2026/05/26-10:47:12  ... thread 1: (16000,1193000) ops and (14253.9,9655.2) ops/second in (1.122497,123.560489) seconds
2026/05/26-10:47:12  ... thread 0: (18000,1179000) ops and (15987.9,9541.7) ops/second in (1.125850,123.563417) seconds
2026/05/26-10:47:12  ... thread 2: (10000,1176000) ops and (9693.4,9513.8) ops/second in (1.031630,123.609646) seconds
2026/05/26-10:47:13  ... thread 3: (27000,1211000) ops and (26865.4,9722.1) ops/second in (1.005009,124.562133) seconds
2026/05/26-10:47:13  ... thread 0: (27000,1206000) ops and (26873.8,9681.5) ops/second in (1.004695,124.568112) seconds
2026/05/26-10:47:13  ... thread 1: (28000,1221000) ops and (27707.2,9801.6) ops/second in (1.010568,124.571057) seconds
2026/05/26-10:47:13  ... thread 2: (30000,1206000) ops and (29574.6,9677.1) ops/second in (1.014383,124.624029) seconds
2026/05/26-10:47:14  ... thread 0: (27000,1233000) ops and (26733.6,9818.6) ops/second in (1.009964,125.578076) seconds
2026/05/26-10:47:14  ... thread 3: (30000,1241000) ops and (29321.1,9881.7) ops/second in (1.023154,125.585287) seconds
2026/05/26-10:47:14  ... thread 2: (31000,1237000) ops and (30845.4,9846.4) ops/second in (1.005012,125.629041) seconds
Initializing RocksDB Options from the specified file
Initializing RocksDB Options from command-line flags
Integrated BlobDB: blob cache disabled
Keys:       16 bytes each (+ 0 bytes user-defined timestamp)
Values:     1024 bytes each (512 bytes after compression)
Entries:    1250000
Prefix:    0 bytes
Keys per prefix:    0
RawSize:    1239.8 MB (estimated)
FileSize:   629.4 MB (estimated)
Write rate: 0 bytes/second
Read rate: 0 ops/second
Compression: Snappy
Compression sampling rate: 0
Memtablerep: SkipListFactory
Perf Level: 1
WARNING: Assertions are enabled; benchmarks unnecessarily slow
------------------------------------------------
Initializing RocksDB Options from the specified file
Initializing RocksDB Options from command-line flags
Integrated BlobDB: blob cache disabled
DB path: [/tmp/rocksdb_comp_exp_db]
fillrandom   :     100.692 micros/op 39673 ops/sec 126.030 seconds 5000000 operations;   39.3 MB/s
2026/05/26-10:47:16  ... thread 3: (1000,1000) ops and (576.2,576.2) ops/second in (1.735576,1.735576) seconds
2026/05/26-10:47:16  ... thread 2: (1000,1000) ops and (559.5,559.5) ops/second in (1.787300,1.787300) seconds
2026/05/26-10:47:16  ... thread 0: (1000,1000) ops and (538.5,538.5) ops/second in (1.856974,1.856974) seconds
2026/05/26-10:47:16  ... thread 1: (1000,1000) ops and (514.4,514.4) ops/second in (1.943874,1.943874) seconds
2026/05/26-10:47:17  ... thread 1: (1000,2000) ops and (912.5,657.9) ops/second in (1.095923,3.039797) seconds
2026/05/26-10:47:18  ... thread 3: (2000,3000) ops and (1004.4,805.0) ops/second in (1.991259,3.726835) seconds
2026/05/26-10:47:18  ... thread 0: (2000,3000) ops and (1019.5,785.6) ops/second in (1.961670,3.818644) seconds
2026/05/26-10:47:18  ... thread 2: (2000,3000) ops and (961.0,775.5) ops/second in (2.081133,3.868433) seconds
2026/05/26-10:47:18  ... thread 1: (1000,3000) ops and (877.1,717.7) ops/second in (1.140064,4.179861) seconds
2026/05/26-10:47:20  ... thread 3: (1000,4000) ops and (431.9,662.0) ops/second in (2.315276,6.042111) seconds
2026/05/26-10:47:20  ... thread 0: (1000,4000) ops and (420.8,645.7) ops/second in (2.376159,6.194803) seconds
2026/05/26-10:47:20  ... thread 2: (1000,4000) ops and (399.9,628.0) ops/second in (2.500937,6.369370) seconds
2026/05/26-10:47:21  ... thread 1: (1000,4000) ops and (333.8,557.4) ops/second in (2.995810,7.175671) seconds
2026/05/26-10:47:22  ... thread 3: (1000,5000) ops and (421.8,594.3) ops/second in (2.370936,8.413047) seconds
2026/05/26-10:47:22  ... thread 0: (1000,5000) ops and (432.8,587.9) ops/second in (2.310723,8.505526) seconds
2026/05/26-10:47:23  ... thread 2: (1000,5000) ops and (449.8,581.9) ops/second in (2.223438,8.592808) seconds
2026/05/26-10:47:23  ... thread 1: (1000,5000) ops and (667.8,576.5) ops/second in (1.497367,8.673038) seconds
2026/05/26-10:47:23  ... thread 3: (1000,6000) ops and (911.8,630.9) ops/second in (1.096759,9.509806) seconds
2026/05/26-10:47:24  ... thread 0: (1000,6000) ops and (906.9,624.5) ops/second in (1.102691,9.608217) seconds
2026/05/26-10:47:24  ... thread 2: (1000,6000) ops and (959.7,622.7) ops/second in (1.042044,9.634852) seconds
2026/05/26-10:47:24  ... thread 1: (1000,6000) ops and (982.2,619.1) ops/second in (1.018151,9.691189) seconds
2026/05/26-10:47:25  ... thread 3: (2000,8000) ops and (1402.9,731.6) ops/second in (1.425618,10.935424) seconds
2026/05/26-10:47:26  ... thread 0: (2000,8000) ops and (1031.7,692.8) ops/second in (1.938632,11.546849) seconds
2026/05/26-10:47:26  ... thread 2: (2000,8000) ops and (1045.5,692.8) ops/second in (1.912979,11.547831) seconds
2026/05/26-10:47:26  ... thread 1: (2000,8000) ops and (1021.6,686.8) ops/second in (1.957720,11.648909) seconds
2026/05/26-10:47:26  ... thread 3: (1000,9000) ops and (977.5,752.6) ops/second in (1.023046,11.958470) seconds
2026/05/26-10:47:27  ... thread 2: (1000,9000) ops and (977.3,715.9) ops/second in (1.023254,12.571085) seconds
2026/05/26-10:47:27  ... thread 1: (1000,9000) ops and (928.9,707.2) ops/second in (1.076582,12.725491) seconds
2026/05/26-10:47:27  ... thread 3: (1000,10000) ops and (757.0,753.0) ops/second in (1.321068,13.279538) seconds
2026/05/26-10:47:27  ... thread 0: (2000,10000) ops and (1151.5,752.8) ops/second in (1.736878,13.283727) seconds
2026/05/26-10:47:29  ... thread 0: (1000,11000) ops and (615.0,737.8) ops/second in (1.625966,14.909693) seconds
2026/05/26-10:47:29  ... thread 3: (1000,11000) ops and (607.8,737.0) ops/second in (1.645355,14.924893) seconds
2026/05/26-10:47:29  ... thread 2: (2000,11000) ops and (837.6,735.3) ops/second in (2.387824,14.958909) seconds
2026/05/26-10:47:29  ... thread 1: (2000,11000) ops and (866.6,731.7) ops/second in (2.307834,15.033325) seconds
2026/05/26-10:47:32  ... thread 0: (2000,13000) ops and (750.9,739.8) ops/second in (2.663449,17.573142) seconds
2026/05/26-10:47:32  ... thread 3: (2000,13000) ops and (720.6,734.4) ops/second in (2.775592,17.700485) seconds
2026/05/26-10:47:32  ... thread 2: (2000,13000) ops and (683.3,726.8) ops/second in (2.926803,17.885712) seconds
2026/05/26-10:47:32  ... thread 1: (2000,13000) ops and (663.6,720.3) ops/second in (3.013673,18.046998) seconds
2026/05/26-10:47:34  ... thread 0: (1000,14000) ops and (451.5,707.5) ops/second in (2.214897,19.788039) seconds
2026/05/26-10:47:34  ... thread 3: (1000,14000) ops and (470.1,706.1) ops/second in (2.127155,19.827640) seconds
2026/05/26-10:47:34  ... thread 2: (1000,14000) ops and (464.7,698.7) ops/second in (2.151795,20.037507) seconds
2026/05/26-10:47:34  ... thread 1: (1000,14000) ops and (490.8,697.1) ops/second in (2.037483,20.084481) seconds
2026/05/26-10:47:36  ... thread 0: (1000,15000) ops and (474.8,685.1) ops/second in (2.106048,21.894087) seconds
2026/05/26-10:47:36  ... thread 3: (1000,15000) ops and (432.7,677.5) ops/second in (2.311021,22.138661) seconds
2026/05/26-10:47:36  ... thread 2: (1000,15000) ops and (426.3,670.1) ops/second in (2.345955,22.383462) seconds
2026/05/26-10:47:36  ... thread 1: (1000,15000) ops and (431.1,669.5) ops/second in (2.319552,22.404033) seconds
2026/05/26-10:47:38  ... thread 0: (1000,16000) ops and (426.0,660.0) ops/second in (2.347303,24.241390) seconds
2026/05/26-10:47:38  ... thread 3: (1000,16000) ops and (464.6,658.7) ops/second in (2.152418,24.291079) seconds
2026/05/26-10:47:38  ... thread 2: (1000,16000) ops and (479.1,653.8) ops/second in (2.087102,24.470564) seconds
2026/05/26-10:47:38  ... thread 1: (1000,16000) ops and (483.8,653.8) ops/second in (2.066962,24.470995) seconds
2026/05/26-10:47:40  ... thread 0: (1000,17000) ops and (595.6,655.9) ops/second in (1.678949,25.920339) seconds
2026/05/26-10:47:40  ... thread 3: (1000,17000) ops and (612.1,655.7) ops/second in (1.633778,25.924857) seconds
2026/05/26-10:47:40  ... thread 1: (1000,17000) ops and (602.1,650.6) ops/second in (1.660724,26.131719) seconds
2026/05/26-10:47:40  ... thread 2: (1000,17000) ops and (581.3,649.1) ops/second in (1.720212,26.190776) seconds
2026/05/26-10:47:41  ... thread 3: (1000,18000) ops and (632.9,654.4) ops/second in (1.579930,27.504787) seconds
2026/05/26-10:47:41  ... thread 0: (1000,18000) ops and (630.8,654.4) ops/second in (1.585342,27.505681) seconds
2026/05/26-10:47:42  ... thread 1: (1000,18000) ops and (703.1,653.3) ops/second in (1.422297,27.554016) seconds
2026/05/26-10:47:42  ... thread 2: (1000,18000) ops and (688.9,651.2) ops/second in (1.451516,27.642292) seconds
2026/05/26-10:47:43  ... thread 3: (1000,19000) ops and (953.5,665.4) ops/second in (1.048734,28.553521) seconds
2026/05/26-10:47:43  ... thread 0: (1000,19000) ops and (927.5,664.7) ops/second in (1.078220,28.583901) seconds
2026/05/26-10:47:43  ... thread 1: (1000,19000) ops and (935.4,663.8) ops/second in (1.069017,28.623033) seconds
2026/05/26-10:47:43  ... thread 2: (1000,19000) ops and (897.8,660.7) ops/second in (1.113784,28.756076) seconds
2026/05/26-10:47:44  ... thread 0: (3000,22000) ops and (2929.3,743.0) ops/second in (1.024148,29.608049) seconds
2026/05/26-10:47:44  ... thread 3: (3000,22000) ops and (2826.8,742.9) ops/second in (1.061279,29.614800) seconds
2026/05/26-10:47:44  ... thread 1: (4000,23000) ops and (3119.6,769.1) ops/second in (1.282214,29.905247) seconds
2026/05/26-10:47:44  ... thread 2: (4000,23000) ops and (3155.3,766.1) ops/second in (1.267716,30.023792) seconds
2026/05/26-10:47:45  ... thread 0: (4000,26000) ops and (3769.1,847.8) ops/second in (1.061259,30.669308) seconds
2026/05/26-10:47:45  ... thread 3: (4000,26000) ops and (3644.8,846.6) ops/second in (1.097447,30.712247) seconds
2026/05/26-10:47:45  ... thread 1: (5000,28000) ops and (4289.5,901.2) ops/second in (1.165640,31.070887) seconds
2026/05/26-10:47:45  ... thread 2: (5000,28000) ops and (3544.2,890.7) ops/second in (1.410750,31.434542) seconds
2026/05/26-10:47:46  ... thread 3: (4000,30000) ops and (3721.2,943.8) ops/second in (1.074929,31.787176) seconds
2026/05/26-10:47:46  ... thread 0: (4000,30000) ops and (3541.2,943.4) ops/second in (1.129545,31.798853) seconds
2026/05/26-10:47:46  ... thread 1: (4000,32000) ops and (3892.8,996.9) ops/second in (1.027528,32.098415) seconds
2026/05/26-10:47:46  ... thread 2: (5000,33000) ops and (4985.9,1017.3) ops/second in (1.002823,32.437365) seconds
2026/05/26-10:47:47  ... thread 0: (5000,35000) ops and (4976.3,1067.0) ops/second in (1.004765,32.803618) seconds
2026/05/26-10:47:47  ... thread 3: (6000,36000) ops and (5458.4,1094.7) ops/second in (1.099228,32.886404) seconds
2026/05/26-10:47:47  ... thread 1: (6000,38000) ops and (5702.4,1146.3) ops/second in (1.052189,33.150604) seconds
2026/05/26-10:47:48  ... thread 2: (7000,40000) ops and (6034.4,1190.6) ops/second in (1.160018,33.597383) seconds
2026/05/26-10:47:48  ... thread 0: (7000,42000) ops and (6828.4,1241.5) ops/second in (1.025137,33.828755) seconds
2026/05/26-10:47:48  ... thread 3: (8000,44000) ops and (7329.0,1295.0) ops/second in (1.091553,33.977957) seconds
2026/05/26-10:47:48  ... thread 1: (8000,46000) ops and (7453.9,1344.1) ops/second in (1.073264,34.223868) seconds
2026/05/26-10:47:49  ... thread 2: (9000,49000) ops and (8330.8,1413.0) ops/second in (1.080334,34.677717) seconds
2026/05/26-10:47:49  ... thread 0: (9000,51000) ops and (8710.5,1462.9) ops/second in (1.033239,34.861994) seconds
2026/05/26-10:47:49  ... thread 3: (10000,54000) ops and (9729.6,1542.6) ops/second in (1.027788,35.005745) seconds
2026/05/26-10:47:49  ... thread 1: (10000,56000) ops and (9591.4,1587.9) ops/second in (1.042605,35.266473) seconds
2026/05/26-10:47:50  ... thread 2: (11000,60000) ops and (10962.3,1681.6) ops/second in (1.003438,35.681155) seconds
2026/05/26-10:47:50  ... thread 0: (11000,62000) ops and (10949.0,1728.6) ops/second in (1.004661,35.866655) seconds
2026/05/26-10:47:50  ... thread 3: (13000,67000) ops and (12049.3,1856.7) ops/second in (1.078905,36.084650) seconds
2026/05/26-10:47:50  ... thread 1: (14000,70000) ops and (13230.0,1927.1) ops/second in (1.058205,36.324678) seconds
2026/05/26-10:47:51  ... thread 2: (15000,75000) ops and (14380.6,2042.2) ops/second in (1.043072,36.724227) seconds
2026/05/26-10:47:51  ... thread 0: (15000,77000) ops and (14389.6,2086.2) ops/second in (1.042418,36.909073) seconds
2026/05/26-10:47:51  ... thread 3: (17000,84000) ops and (16818.3,2264.4) ops/second in (1.010804,37.095454) seconds
2026/05/26-10:47:51  ... thread 1: (18000,88000) ops and (17266.0,2355.0) ops/second in (1.042509,37.367187) seconds
2026/05/26-10:47:52  ... thread 2: (19000,94000) ops and (18452.9,2489.8) ops/second in (1.029648,37.753875) seconds
2026/05/26-10:47:52  ... thread 0: (20000,97000) ops and (19449.3,2556.8) ops/second in (1.028314,37.937387) seconds
DB path: [/tmp/rocksdb_comp_exp_db]
readrandom   :     379.753 micros/op 10508 ops/sec 38.063 seconds 400000 operations;   10.2 MB/s (98164 of 100000 found)

STATISTICS:
rocksdb.block.cache.miss COUNT : 3563970
rocksdb.block.cache.hit COUNT : 44551
rocksdb.block.cache.add COUNT : 856972
rocksdb.block.cache.add.failures COUNT : 0
rocksdb.block.cache.index.miss COUNT : 0
rocksdb.block.cache.index.hit COUNT : 0
rocksdb.block.cache.index.add COUNT : 0
rocksdb.block.cache.index.bytes.insert COUNT : 0
rocksdb.block.cache.filter.miss COUNT : 0
rocksdb.block.cache.filter.hit COUNT : 0
rocksdb.block.cache.filter.add COUNT : 0
rocksdb.block.cache.filter.bytes.insert COUNT : 0
rocksdb.block.cache.data.miss COUNT : 3563970
rocksdb.block.cache.data.hit COUNT : 44551
rocksdb.block.cache.data.add COUNT : 856972
rocksdb.block.cache.data.bytes.insert COUNT : 3688366048
rocksdb.block.cache.bytes.read COUNT : 191747552
rocksdb.block.cache.bytes.write COUNT : 3688366048
rocksdb.block.cache.compression.dict.miss COUNT : 0
rocksdb.block.cache.compression.dict.hit COUNT : 0
rocksdb.block.cache.compression.dict.add COUNT : 0
rocksdb.block.cache.compression.dict.bytes.insert COUNT : 0
rocksdb.block.cache.add.redundant COUNT : 5
rocksdb.block.cache.index.add.redundant COUNT : 0
rocksdb.block.cache.filter.add.redundant COUNT : 0
rocksdb.block.cache.data.add.redundant COUNT : 5
rocksdb.block.cache.compression.dict.add.redundant COUNT : 0
rocksdb.secondary.cache.hits COUNT : 0
rocksdb.secondary.cache.filter.hits COUNT : 0
rocksdb.secondary.cache.index.hits COUNT : 0
rocksdb.secondary.cache.data.hits COUNT : 0
rocksdb.compressed.secondary.cache.dummy.hits COUNT : 0
rocksdb.compressed.secondary.cache.hits COUNT : 0
rocksdb.compressed.secondary.cache.promotions COUNT : 0
rocksdb.compressed.secondary.cache.promotion.skips COUNT : 0
rocksdb.bloom.filter.useful COUNT : 0
rocksdb.bloom.filter.full.positive COUNT : 0
rocksdb.bloom.filter.full.true.positive COUNT : 0
rocksdb.bloom.filter.prefix.checked COUNT : 0
rocksdb.bloom.filter.prefix.useful COUNT : 0
rocksdb.bloom.filter.prefix.true.positive COUNT : 0
rocksdb.persistent.cache.hit COUNT : 0
rocksdb.persistent.cache.miss COUNT : 0
rocksdb.sim.block.cache.hit COUNT : 0
rocksdb.sim.block.cache.miss COUNT : 0
rocksdb.memtable.hit COUNT : 6828
rocksdb.memtable.miss COUNT : 393172
rocksdb.l0.hit COUNT : 21020
rocksdb.l1.hit COUNT : 47725
rocksdb.l2andup.hit COUNT : 317218
rocksdb.compaction.key.drop.new COUNT : 3445238
rocksdb.compaction.key.drop.obsolete COUNT : 0
rocksdb.compaction.key.drop.range_del COUNT : 0
rocksdb.compaction.key.drop.user COUNT : 0
rocksdb.compaction.range_del.drop.obsolete COUNT : 0
rocksdb.compaction.optimized.del.drop.obsolete COUNT : 0
rocksdb.compaction.cancelled COUNT : 0
rocksdb.compaction.aborted COUNT : 0
rocksdb.number.keys.written COUNT : 5000000
rocksdb.number.keys.read COUNT : 400000
rocksdb.number.keys.updated COUNT : 0
rocksdb.bytes.written COUNT : 5278827000
rocksdb.bytes.read COUNT : 402217984
rocksdb.number.db.seek COUNT : 0
rocksdb.number.db.next COUNT : 0
rocksdb.number.db.prev COUNT : 0
rocksdb.number.db.seek.found COUNT : 0
rocksdb.number.db.next.found COUNT : 0
rocksdb.number.db.prev.found COUNT : 0
rocksdb.db.iter.bytes.read COUNT : 0
rocksdb.number.iter.skip COUNT : 0
rocksdb.number.reseeks.iteration COUNT : 0
rocksdb.num.iterator.created COUNT : 0
rocksdb.num.iterator.deleted COUNT : 0
rocksdb.no.file.opens COUNT : 159
rocksdb.no.file.errors COUNT : 0
rocksdb.stall.micros COUNT : 88720353
rocksdb.db.mutex.wait.micros COUNT : 0
rocksdb.number.multiget.get COUNT : 0
rocksdb.number.multiget.keys.read COUNT : 0
rocksdb.number.multiget.bytes.read COUNT : 0
rocksdb.number.multiget.keys.found COUNT : 0
rocksdb.number.merge.failures COUNT : 0
rocksdb.getupdatessince.calls COUNT : 0
rocksdb.wal.synced COUNT : 0
rocksdb.wal.bytes COUNT : 5278827000
rocksdb.write.self COUNT : 4902250
rocksdb.write.other COUNT : 97750
rocksdb.write.wal COUNT : 5000000
rocksdb.compact.read.bytes COUNT : 6609319726
rocksdb.compact.write.bytes COUNT : 4533362812
rocksdb.flush.write.bytes COUNT : 2971778798
rocksdb.compact.read.marked.bytes COUNT : 0
rocksdb.compact.read.periodic.bytes COUNT : 0
rocksdb.compact.read.ttl.bytes COUNT : 0
rocksdb.compact.write.marked.bytes COUNT : 0
rocksdb.compact.write.periodic.bytes COUNT : 0
rocksdb.compact.write.ttl.bytes COUNT : 0
rocksdb.number.direct.load.table.properties COUNT : 0
rocksdb.number.superversion_acquires COUNT : 60
rocksdb.number.superversion_releases COUNT : 56
rocksdb.number.superversion_cleanups COUNT : 14
rocksdb.number.block.compressed COUNT : 3070503
rocksdb.number.block.decompressed COUNT : 3564126
rocksdb.bytes.compressed.from COUNT : 12941325658
rocksdb.bytes.compressed.to COUNT : 7489577989
rocksdb.bytes.compression_bypassed COUNT : 0
rocksdb.bytes.compression.rejected COUNT : 42
rocksdb.number.block_compression_bypassed COUNT : 0
rocksdb.number.block_compression_rejected COUNT : 3
rocksdb.bytes.decompressed.from COUNT : 8689225716
rocksdb.bytes.decompressed.to COUNT : 15012203240
rocksdb.merge.operation.time.nanos COUNT : 0
rocksdb.filter.operation.time.nanos COUNT : 0
rocksdb.compaction.total.time.cpu_micros COUNT : 37033573
rocksdb.row.cache.hit COUNT : 0
rocksdb.row.cache.miss COUNT : 0
rocksdb.read.amp.estimate.useful.bytes COUNT : 0
rocksdb.read.amp.total.read.bytes COUNT : 0
rocksdb.number.rate_limiter.drains COUNT : 0
rocksdb.blobdb.num.put COUNT : 0
rocksdb.blobdb.num.write COUNT : 0
rocksdb.blobdb.num.get COUNT : 0
rocksdb.blobdb.num.multiget COUNT : 0
rocksdb.blobdb.num.seek COUNT : 0
rocksdb.blobdb.num.next COUNT : 0
rocksdb.blobdb.num.prev COUNT : 0
rocksdb.blobdb.num.keys.written COUNT : 0
rocksdb.blobdb.num.keys.read COUNT : 0
rocksdb.blobdb.bytes.written COUNT : 0
rocksdb.blobdb.bytes.read COUNT : 0
rocksdb.blobdb.write.inlined COUNT : 0
rocksdb.blobdb.write.inlined.ttl COUNT : 0
rocksdb.blobdb.write.blob COUNT : 0
rocksdb.blobdb.write.blob.ttl COUNT : 0
rocksdb.blobdb.blob.file.bytes.written COUNT : 0
rocksdb.blobdb.blob.file.bytes.read COUNT : 0
rocksdb.blobdb.blob.file.synced COUNT : 0
rocksdb.blobdb.blob.index.expired.count COUNT : 0
rocksdb.blobdb.blob.index.expired.size COUNT : 0
rocksdb.blobdb.blob.index.evicted.count COUNT : 0
rocksdb.blobdb.blob.index.evicted.size COUNT : 0
rocksdb.blobdb.gc.num.files COUNT : 0
rocksdb.blobdb.gc.num.new.files COUNT : 0
rocksdb.blobdb.gc.failures COUNT : 0
rocksdb.blobdb.gc.num.keys.relocated COUNT : 0
rocksdb.blobdb.gc.bytes.relocated COUNT : 0
rocksdb.blobdb.fifo.num.files.evicted COUNT : 0
rocksdb.blobdb.fifo.num.keys.evicted COUNT : 0
rocksdb.blobdb.fifo.bytes.evicted COUNT : 0
rocksdb.blobdb.cache.miss COUNT : 0
rocksdb.blobdb.cache.hit COUNT : 0
rocksdb.blobdb.cache.add COUNT : 0
rocksdb.blobdb.cache.add.failures COUNT : 0
rocksdb.blobdb.cache.bytes.read COUNT : 0
rocksdb.blobdb.cache.bytes.write COUNT : 0
rocksdb.txn.overhead.mutex.prepare COUNT : 0
rocksdb.txn.overhead.mutex.old.commit.map COUNT : 0
rocksdb.txn.overhead.duplicate.key COUNT : 0
rocksdb.txn.overhead.mutex.snapshot COUNT : 0
rocksdb.txn.get.tryagain COUNT : 0
rocksdb.files.marked.trash COUNT : 0
rocksdb.files.marked.trash.deleted COUNT : 0
rocksdb.files.deleted.immediately COUNT : 220
rocksdb.error.handler.bg.error.count COUNT : 0
rocksdb.error.handler.bg.io.error.count COUNT : 0
rocksdb.error.handler.bg.retryable.io.error.count COUNT : 0
rocksdb.error.handler.autoresume.count COUNT : 0
rocksdb.error.handler.autoresume.retry.total.count COUNT : 0
rocksdb.error.handler.autoresume.success.count COUNT : 0
rocksdb.memtable.payload.bytes.at.flush COUNT : 5217041464
rocksdb.memtable.garbage.bytes.at.flush COUNT : 127224056
rocksdb.verify_checksum.read.bytes COUNT : 0
rocksdb.backup.read.bytes COUNT : 0
rocksdb.backup.write.bytes COUNT : 0
rocksdb.remote.compact.read.bytes COUNT : 0
rocksdb.remote.compact.write.bytes COUNT : 0
rocksdb.remote.compact.resumed.bytes COUNT : 0
rocksdb.hot.file.read.bytes COUNT : 0
rocksdb.warm.file.read.bytes COUNT : 0
rocksdb.cool.file.read.bytes COUNT : 0
rocksdb.cold.file.read.bytes COUNT : 0
rocksdb.ice.file.read.bytes COUNT : 0
rocksdb.hot.file.read.count COUNT : 0
rocksdb.warm.file.read.count COUNT : 0
rocksdb.cool.file.read.count COUNT : 0
rocksdb.cold.file.read.count COUNT : 0
rocksdb.ice.file.read.count COUNT : 0
rocksdb.last.level.read.bytes COUNT : 0
rocksdb.last.level.read.count COUNT : 0
rocksdb.non.last.level.read.bytes COUNT : 8707246055
rocksdb.non.last.level.read.count COUNT : 3564606
rocksdb.last.level.seek.filtered COUNT : 0
rocksdb.last.level.seek.filter.match COUNT : 0
rocksdb.last.level.seek.data COUNT : 0
rocksdb.last.level.seek.data.useful.no.filter COUNT : 0
rocksdb.last.level.seek.data.useful.filter.match COUNT : 0
rocksdb.non.last.level.seek.filtered COUNT : 0
rocksdb.non.last.level.seek.filter.match COUNT : 0
rocksdb.non.last.level.seek.data COUNT : 0
rocksdb.non.last.level.seek.data.useful.no.filter COUNT : 0
rocksdb.non.last.level.seek.data.useful.filter.match COUNT : 0
rocksdb.block.checksum.compute.count COUNT : 3564288
rocksdb.block.checksum.mismatch.count COUNT : 0
rocksdb.multiget.coroutine.count COUNT : 0
rocksdb.read.async.micros COUNT : 0
rocksdb.async.read.error.count COUNT : 0
rocksdb.table.open.prefetch.tail.miss COUNT : 0
rocksdb.table.open.prefetch.tail.hit COUNT : 0
rocksdb.timestamp.filter.table.checked COUNT : 0
rocksdb.timestamp.filter.table.filtered COUNT : 0
rocksdb.readahead.trimmed COUNT : 0
rocksdb.fifo.max.size.compactions COUNT : 0
rocksdb.fifo.ttl.compactions COUNT : 0
rocksdb.fifo.change_temperature.compactions COUNT : 0
rocksdb.prefetch.bytes COUNT : 0
rocksdb.prefetch.bytes.useful COUNT : 0
rocksdb.prefetch.hits COUNT : 0
rocksdb.footer.corruption.count COUNT : 0
rocksdb.file.read.corruption.retry.count COUNT : 0
rocksdb.file.read.corruption.retry.success.count COUNT : 0
rocksdb.number.wbwi.ingest COUNT : 0
rocksdb.sst.user.defined.index.load.fail.count COUNT : 0
rocksdb.multiscan.prepare.calls COUNT : 0
rocksdb.multiscan.prepare.errors COUNT : 0
rocksdb.multiscan.blocks.prefetched COUNT : 0
rocksdb.multiscan.blocks.from.cache COUNT : 0
rocksdb.multiscan.prefetch.bytes COUNT : 0
rocksdb.multiscan.prefetch.blocks.wasted COUNT : 0
rocksdb.multiscan.io.requests COUNT : 0
rocksdb.multiscan.io.coalesced.nonadjacent COUNT : 0
rocksdb.multiscan.seek.errors COUNT : 0
rocksdb.prefetch.memory.bytes.granted COUNT : 0
rocksdb.prefetch.memory.bytes.released COUNT : 0
rocksdb.prefetch.memory.requests.blocked COUNT : 0
rocksdb.read.path.range.tombstones.inserted COUNT : 0
rocksdb.read.path.range.tombstones.discarded COUNT : 0
rocksdb.file.open.metadata.retrieved COUNT : 0
rocksdb.file.open.metadata.passed COUNT : 0
rocksdb.manifest.validation.failure.count COUNT : 0
rocksdb.db.get.micros P50 : 13.901701 P95 : 1556.451317 P99 : 4126.500566 P100 : 594783.000000 COUNT : 400000 SUM : 151683676
rocksdb.db.write.micros P50 : 5.473065 P95 : 36.651598 P99 : 1923.466809 P100 : 1160616.000000 COUNT : 5000000 SUM : 499611594
rocksdb.compaction.times.micros P50 : 3040000.000000 P95 : 30250000.000000 P99 : 34974506.000000 P100 : 34974506.000000 COUNT : 25 SUM : 151918633
rocksdb.compaction.times.cpu_micros P50 : 894000.000000 P95 : 5950000.000000 P99 : 6907650.000000 P100 : 6907650.000000 COUNT : 25 SUM : 37033573
rocksdb.subcompaction.setup.times.micros P50 : 0.000000 P95 : 0.000000 P99 : 0.000000 P100 : 0.000000 COUNT : 0 SUM : 0
rocksdb.table.sync.micros P50 : 346296.296296 P95 : 1200000.000000 P99 : 1460514.000000 P100 : 1460514.000000 COUNT : 80 SUM : 40290773
rocksdb.compaction.outfile.sync.micros P50 : 615000.000000 P95 : 1149000.000000 P99 : 1525911.000000 P100 : 1525911.000000 COUNT : 79 SUM : 46405469
rocksdb.wal.file.sync.micros P50 : 0.000000 P95 : 0.000000 P99 : 0.000000 P100 : 0.000000 COUNT : 0 SUM : 0
rocksdb.manifest.file.sync.micros P50 : 5623.750000 P95 : 18333.333333 P99 : 104750.000000 P100 : 259085.000000 COUNT : 115 SUM : 1081399
rocksdb.table.open.io.micros P50 : 727.900000 P95 : 4422.000000 P99 : 8926.500000 P100 : 11389.000000 COUNT : 159 SUM : 175587
rocksdb.db.multiget.micros P50 : 0.000000 P95 : 0.000000 P99 : 0.000000 P100 : 0.000000 COUNT : 0 SUM : 0
rocksdb.read.block.compaction.micros P50 : 3.295549 P95 : 6.301067 P99 : 749.964589 P100 : 317972.000000 COUNT : 2706998 SUM : 76325271
rocksdb.read.block.get.micros P50 : 5.664943 P95 : 1011.007050 P99 : 1828.297779 P100 : 501847.000000 COUNT : 857131 SUM : 147398567
rocksdb.write.raw.block.micros P50 : 0.533295 P95 : 1.261695 P99 : 2.632066 P100 : 11069.000000 COUNT : 3070824 SUM : 8727376
rocksdb.numfiles.in.singlecompaction P50 : 2.071429 P95 : 24.700000 P99 : 26.000000 P100 : 26.000000 COUNT : 31 SUM : 156
rocksdb.db.seek.micros P50 : 0.000000 P95 : 0.000000 P99 : 0.000000 P100 : 0.000000 COUNT : 0 SUM : 0
rocksdb.db.write.stall P50 : 1249.034578 P95 : 2789.106501 P99 : 2885.124205 P100 : 1160052.000000 COUNT : 43388 SUM : 88720353
rocksdb.sst.read.micros P50 : 0.846602 P95 : 3.047173 P99 : 1408.684084 P100 : 501830.000000 COUNT : 3564606 SUM : 210817888
rocksdb.file.read.flush.micros P50 : 3.700000 P95 : 71.000000 P99 : 158.000000 P100 : 2877.000000 COUNT : 320 SUM : 11477
rocksdb.file.read.compaction.micros P50 : 0.708753 P95 : 1.989652 P99 : 343.422727 P100 : 317952.000000 COUNT : 2707314 SUM : 68245687
rocksdb.file.read.db.open.micros P50 : 0.000000 P95 : 0.000000 P99 : 0.000000 P100 : 0.000000 COUNT : 0 SUM : 0
rocksdb.file.read.get.micros P50 : 0.000000 P95 : 0.000000 P99 : 0.000000 P100 : 0.000000 COUNT : 0 SUM : 0
rocksdb.file.read.multiget.micros P50 : 0.000000 P95 : 0.000000 P99 : 0.000000 P100 : 0.000000 COUNT : 0 SUM : 0
rocksdb.file.read.db.iterator.micros P50 : 0.000000 P95 : 0.000000 P99 : 0.000000 P100 : 0.000000 COUNT : 0 SUM : 0
rocksdb.file.read.verify.db.checksum.micros P50 : 0.000000 P95 : 0.000000 P99 : 0.000000 P100 : 0.000000 COUNT : 0 SUM : 0
rocksdb.file.read.verify.file.checksums.micros P50 : 0.000000 P95 : 0.000000 P99 : 0.000000 P100 : 0.000000 COUNT : 0 SUM : 0
rocksdb.sst.write.micros P50 : 0.502141 P95 : 0.954068 P99 : 0.994240 P100 : 10622.000000 COUNT : 6141807 SUM : 7102919
rocksdb.file.write.flush.micros P50 : 0.501321 P95 : 0.952509 P99 : 0.992615 P100 : 10622.000000 COUNT : 2428964 SUM : 2921783
rocksdb.file.write.compaction.micros P50 : 0.502680 P95 : 0.955091 P99 : 0.995306 P100 : 10517.000000 COUNT : 3712843 SUM : 4181136
rocksdb.file.write.db.open.micros P50 : 0.000000 P95 : 0.000000 P99 : 0.000000 P100 : 0.000000 COUNT : 0 SUM : 0
rocksdb.num.subcompactions.scheduled P50 : 0.000000 P95 : 0.000000 P99 : 0.000000 P100 : 0.000000 COUNT : 0 SUM : 0
rocksdb.bytes.per.read P50 : 1024.000000 P95 : 1024.000000 P99 : 1024.000000 P100 : 1024.000000 COUNT : 400000 SUM : 402217984
rocksdb.bytes.per.write P50 : 1087.303065 P95 : 1282.875823 P99 : 2050.135626 P100 : 4188.000000 COUNT : 4902250 SUM : 5278827000
rocksdb.bytes.per.multiget P50 : 0.000000 P95 : 0.000000 P99 : 0.000000 P100 : 0.000000 COUNT : 0 SUM : 0
rocksdb.compression.times.nanos P50 : 0.000000 P95 : 0.000000 P99 : 0.000000 P100 : 0.000000 COUNT : 0 SUM : 0
rocksdb.decompression.times.nanos P50 : 0.000000 P95 : 0.000000 P99 : 0.000000 P100 : 0.000000 COUNT : 0 SUM : 0
rocksdb.read.num.merge_operands P50 : 0.000000 P95 : 0.000000 P99 : 0.000000 P100 : 0.000000 COUNT : 0 SUM : 0
rocksdb.blobdb.key.size P50 : 0.000000 P95 : 0.000000 P99 : 0.000000 P100 : 0.000000 COUNT : 0 SUM : 0
rocksdb.blobdb.value.size P50 : 0.000000 P95 : 0.000000 P99 : 0.000000 P100 : 0.000000 COUNT : 0 SUM : 0
rocksdb.blobdb.write.micros P50 : 0.000000 P95 : 0.000000 P99 : 0.000000 P100 : 0.000000 COUNT : 0 SUM : 0
rocksdb.blobdb.get.micros P50 : 0.000000 P95 : 0.000000 P99 : 0.000000 P100 : 0.000000 COUNT : 0 SUM : 0
rocksdb.blobdb.multiget.micros P50 : 0.000000 P95 : 0.000000 P99 : 0.000000 P100 : 0.000000 COUNT : 0 SUM : 0
rocksdb.blobdb.seek.micros P50 : 0.000000 P95 : 0.000000 P99 : 0.000000 P100 : 0.000000 COUNT : 0 SUM : 0
rocksdb.blobdb.next.micros P50 : 0.000000 P95 : 0.000000 P99 : 0.000000 P100 : 0.000000 COUNT : 0 SUM : 0
rocksdb.blobdb.prev.micros P50 : 0.000000 P95 : 0.000000 P99 : 0.000000 P100 : 0.000000 COUNT : 0 SUM : 0
rocksdb.blobdb.blob.file.write.micros P50 : 0.000000 P95 : 0.000000 P99 : 0.000000 P100 : 0.000000 COUNT : 0 SUM : 0
rocksdb.blobdb.blob.file.read.micros P50 : 0.000000 P95 : 0.000000 P99 : 0.000000 P100 : 0.000000 COUNT : 0 SUM : 0
rocksdb.blobdb.blob.file.sync.micros P50 : 0.000000 P95 : 0.000000 P99 : 0.000000 P100 : 0.000000 COUNT : 0 SUM : 0
rocksdb.blobdb.compression.micros P50 : 0.000000 P95 : 0.000000 P99 : 0.000000 P100 : 0.000000 COUNT : 0 SUM : 0
rocksdb.blobdb.decompression.micros P50 : 0.000000 P95 : 0.000000 P99 : 0.000000 P100 : 0.000000 COUNT : 0 SUM : 0
rocksdb.db.flush.micros P50 : 552727.272727 P95 : 1340000.000000 P99 : 1788000.000000 P100 : 1796624.000000 COUNT : 80 SUM : 56362998
rocksdb.sst.batch.size P50 : 0.000000 P95 : 0.000000 P99 : 0.000000 P100 : 0.000000 COUNT : 0 SUM : 0
rocksdb.multiget.io.batch.size P50 : 0.000000 P95 : 0.000000 P99 : 0.000000 P100 : 0.000000 COUNT : 0 SUM : 0
rocksdb.num.index.and.filter.blocks.read.per.level P50 : 0.000000 P95 : 0.000000 P99 : 0.000000 P100 : 0.000000 COUNT : 0 SUM : 0
rocksdb.num.sst.read.per.level P50 : 0.000000 P95 : 0.000000 P99 : 0.000000 P100 : 0.000000 COUNT : 0 SUM : 0
rocksdb.num.level.read.per.multiget P50 : 0.000000 P95 : 0.000000 P99 : 0.000000 P100 : 0.000000 COUNT : 0 SUM : 0
rocksdb.error.handler.autoresume.retry.count P50 : 0.000000 P95 : 0.000000 P99 : 0.000000 P100 : 0.000000 COUNT : 0 SUM : 0
rocksdb.async.read.bytes P50 : 0.000000 P95 : 0.000000 P99 : 0.000000 P100 : 0.000000 COUNT : 0 SUM : 0
rocksdb.poll.wait.micros P50 : 0.000000 P95 : 0.000000 P99 : 0.000000 P100 : 0.000000 COUNT : 0 SUM : 0
rocksdb.compaction.prefetch.bytes P50 : 0.000000 P95 : 0.000000 P99 : 0.000000 P100 : 0.000000 COUNT : 0 SUM : 0
rocksdb.prefetched.bytes.discarded P50 : 0.000000 P95 : 0.000000 P99 : 0.000000 P100 : 0.000000 COUNT : 0 SUM : 0
rocksdb.async.prefetch.abort.micros P50 : 0.000000 P95 : 0.000000 P99 : 0.000000 P100 : 0.000000 COUNT : 0 SUM : 0
rocksdb.table.open.prefetch.tail.read.bytes P50 : 0.000000 P95 : 0.000000 P99 : 0.000000 P100 : 0.000000 COUNT : 0 SUM : 0
rocksdb.num.op.per.transaction P50 : 0.000000 P95 : 0.000000 P99 : 0.000000 P100 : 0.000000 COUNT : 0 SUM : 0
rocksdb.multiscan.op.prepare.iterators.micros P50 : 0.000000 P95 : 0.000000 P99 : 0.000000 P100 : 0.000000 COUNT : 0 SUM : 0
rocksdb.multiscan.prepare.micros P50 : 0.000000 P95 : 0.000000 P99 : 0.000000 P100 : 0.000000 COUNT : 0 SUM : 0
rocksdb.multiscan.blocks.per.prepare P50 : 0.000000 P95 : 0.000000 P99 : 0.000000 P100 : 0.000000 COUNT : 0 SUM : 0
rocksdb.block.key.distribution.cv P50 : 0.000000 P95 : 0.000000 P99 : 0.000000 P100 : 0.000000 COUNT : 0 SUM : 0

[EXPERIMENT_COMPLETED]
