RocksDB:    version 11.3.0
Date:       Tue May 26 09:38:50 2026
CPU:        2 * Intel Xeon Processor (SapphireRapids)
CPUCache:   16384 KB
2026/05/26-09:38:51  ... thread 0: (33000,33000) ops and (32876.8,32876.8) ops/second in (1.003746,1.003746) seconds
2026/05/26-09:38:51  ... thread 2: (35000,35000) ops and (34849.1,34849.1) ops/second in (1.004330,1.004330) seconds
2026/05/26-09:38:51  ... thread 3: (40000,40000) ops and (39688.8,39688.8) ops/second in (1.007841,1.007841) seconds
2026/05/26-09:38:51  ... thread 1: (37000,37000) ops and (36546.1,36546.1) ops/second in (1.012420,1.012420) seconds
2026/05/26-09:38:52  ... thread 0: (30000,63000) ops and (29964.0,31422.3) ops/second in (1.001202,2.004948) seconds
2026/05/26-09:38:52  ... thread 3: (32000,72000) ops and (31993.5,35855.8) ops/second in (1.000203,2.008044) seconds
2026/05/26-09:38:52  ... thread 2: (28000,63000) ops and (27910.5,31381.8) ops/second in (1.003205,2.007535) seconds
2026/05/26-09:38:52  ... thread 1: (30000,67000) ops and (29551.2,33043.9) ops/second in (1.015186,2.027606) seconds
2026/05/26-09:38:54  ... thread 1: (26000,93000) ops and (15733.8,25271.0) ops/second in (1.652496,3.680102) seconds
2026/05/26-09:38:54  ... thread 2: (28000,91000) ops and (16565.3,24609.1) ops/second in (1.690281,3.697816) seconds
2026/05/26-09:38:54  ... thread 3: (32000,104000) ops and (18860.3,28072.2) ops/second in (1.696686,3.704730) seconds
2026/05/26-09:38:54  ... thread 0: (24000,87000) ops and (14114.0,23479.3) ops/second in (1.700443,3.705391) seconds
2026/05/26-09:38:55  ... thread 2: (18000,109000) ops and (16254.9,22683.9) ops/second in (1.107358,4.805174) seconds
2026/05/26-09:38:55  ... thread 3: (19000,123000) ops and (17182.1,25568.9) ops/second in (1.105800,4.810530) seconds
2026/05/26-09:38:55  ... thread 1: (14000,107000) ops and (12319.3,22215.2) ops/second in (1.136425,4.816527) seconds
2026/05/26-09:38:55  ... thread 0: (11000,98000) ops and (9846.4,20321.2) ops/second in (1.117159,4.822550) seconds
2026/05/26-09:38:56  ... thread 3: (35000,158000) ops and (34682.9,27149.3) ops/second in (1.009144,5.819674) seconds
2026/05/26-09:38:56  ... thread 2: (30000,139000) ops and (29389.0,23858.7) ops/second in (1.020789,5.825963) seconds
2026/05/26-09:38:56  ... thread 0: (30000,128000) ops and (28667.5,21809.4) ops/second in (1.046480,5.869030) seconds
2026/05/26-09:38:56  ... thread 1: (31000,138000) ops and (29497.2,23519.5) ops/second in (1.050946,5.867473) seconds
2026/05/26-09:38:57  ... thread 2: (17000,156000) ops and (13945.0,22143.2) ops/second in (1.219075,7.045038) seconds
2026/05/26-09:38:57  ... thread 3: (17000,175000) ops and (13833.8,24827.8) ops/second in (1.228874,7.048548) seconds
2026/05/26-09:38:57  ... thread 0: (14000,142000) ops and (11751.7,20112.3) ops/second in (1.191322,7.060352) seconds
2026/05/26-09:38:57  ... thread 1: (13000,151000) ops and (10692.4,21317.8) ops/second in (1.215816,7.083289) seconds
2026/05/26-09:38:59  ... thread 1: (13000,164000) ops and (10847.3,19802.6) ops/second in (1.198451,8.281740) seconds
2026/05/26-09:38:59  ... thread 0: (17000,159000) ops and (13886.8,19192.4) ops/second in (1.224180,8.284532) seconds
2026/05/26-09:38:59  ... thread 2: (15000,171000) ops and (12048.0,20627.1) ops/second in (1.245019,8.290057) seconds
2026/05/26-09:38:59  ... thread 3: (17000,192000) ops and (13574.6,23130.1) ops/second in (1.252339,8.300887) seconds
2026/05/26-09:39:00  ... thread 1: (16000,180000) ops and (14219.2,19134.7) ops/second in (1.125242,9.406982) seconds
2026/05/26-09:39:00  ... thread 2: (17000,188000) ops and (15111.2,19968.0) ops/second in (1.124995,9.415052) seconds
2026/05/26-09:39:00  ... thread 3: (14000,206000) ops and (12416.8,21848.9) ops/second in (1.127503,9.428390) seconds
2026/05/26-09:39:00  ... thread 0: (16000,175000) ops and (13792.3,18529.1) ops/second in (1.160070,9.444602) seconds
2026/05/26-09:39:01  ... thread 1: (16000,196000) ops and (15963.3,18829.3) ops/second in (1.002300,10.409282) seconds
2026/05/26-09:39:01  ... thread 2: (16000,204000) ops and (15381.5,19511.7) ops/second in (1.040213,10.455265) seconds
2026/05/26-09:39:01  ... thread 0: (17000,192000) ops and (16736.8,18355.1) ops/second in (1.015728,10.460330) seconds
2026/05/26-09:39:01  ... thread 3: (21000,227000) ops and (20340.0,21700.0) ops/second in (1.032446,10.460836) seconds
2026/05/26-09:39:02  ... thread 1: (29000,225000) ops and (28510.0,19691.1) ops/second in (1.017188,11.426470) seconds
2026/05/26-09:39:02  ... thread 2: (30000,234000) ops and (29863.1,20419.1) ops/second in (1.004585,11.459850) seconds
2026/05/26-09:39:02  ... thread 0: (28000,220000) ops and (27718.7,19179.7) ops/second in (1.010147,11.470477) seconds
2026/05/26-09:39:03  ... thread 3: (24000,251000) ops and (10557.2,19710.7) ops/second in (2.273338,12.734174) seconds
2026/05/26-09:39:03  ... thread 2: (1000,235000) ops and (783.6,18451.7) ops/second in (1.276085,12.735935) seconds
2026/05/26-09:39:03  ... thread 1: (3000,228000) ops and (2277.9,17891.5) ops/second in (1.317007,12.743477) seconds
2026/05/26-09:39:03  ... thread 0: (1000,221000) ops and (737.6,17230.4) ops/second in (1.355664,12.826141) seconds
2026/05/26-09:39:04  ... thread 2: (28000,263000) ops and (27854.9,19139.6) ops/second in (1.005210,13.741145) seconds
2026/05/26-09:39:04  ... thread 1: (29000,257000) ops and (28722.0,18686.6) ops/second in (1.009679,13.753156) seconds
2026/05/26-09:39:04  ... thread 3: (32000,283000) ops and (30968.8,20555.7) ops/second in (1.033298,13.767472) seconds
2026/05/26-09:39:05  ... thread 0: (33000,254000) ops and (20186.4,17564.6) ops/second in (1.634767,14.460908) seconds
2026/05/26-09:39:05  ... thread 1: (10000,267000) ops and (9965.8,18093.6) ops/second in (1.003431,14.756587) seconds
2026/05/26-09:39:05  ... thread 2: (8000,271000) ops and (7841.6,18358.8) ops/second in (1.020199,14.761344) seconds
2026/05/26-09:39:05  ... thread 3: (8000,291000) ops and (7827.0,19676.0) ops/second in (1.022108,14.789580) seconds
2026/05/26-09:39:06  ... thread 0: (16000,270000) ops and (12748.9,17180.0) ops/second in (1.255012,15.715920) seconds
2026/05/26-09:39:06  ... thread 2: (10000,281000) ops and (9849.6,17811.2) ops/second in (1.015274,15.776618) seconds
2026/05/26-09:39:06  ... thread 1: (10000,277000) ops and (9689.9,17544.3) ops/second in (1.032005,15.788592) seconds
2026/05/26-09:39:06  ... thread 3: (9000,300000) ops and (8800.5,18972.6) ops/second in (1.022672,15.812252) seconds
2026/05/26-09:39:07  ... thread 0: (15000,285000) ops and (12293.8,16828.0) ops/second in (1.220125,16.936045) seconds
2026/05/26-09:39:07  ... thread 1: (12000,289000) ops and (10274.7,17043.6) ops/second in (1.167915,16.956507) seconds
2026/05/26-09:39:07  ... thread 3: (15000,315000) ops and (12945.9,18561.2) ops/second in (1.158666,16.970918) seconds
2026/05/26-09:39:07  ... thread 2: (15000,296000) ops and (12077.3,17392.7) ops/second in (1.241998,17.018616) seconds
2026/05/26-09:39:09  ... thread 0: (19000,304000) ops and (15065.7,16705.9) ops/second in (1.261147,18.197192) seconds
2026/05/26-09:39:09  ... thread 1: (13000,302000) ops and (10313.7,16577.9) ops/second in (1.260462,18.216969) seconds
2026/05/26-09:39:09  ... thread 3: (15000,330000) ops and (11841.4,18094.4) ops/second in (1.266746,18.237664) seconds
2026/05/26-09:39:09  ... thread 2: (15000,311000) ops and (12170.8,17040.1) ops/second in (1.232456,18.251072) seconds
2026/05/26-09:39:10  ... thread 1: (15000,317000) ops and (11412.2,16230.3) ops/second in (1.314384,19.531353) seconds
2026/05/26-09:39:10  ... thread 3: (13000,343000) ops and (10016.1,17557.7) ops/second in (1.297905,19.535569) seconds
2026/05/26-09:39:10  ... thread 2: (15000,326000) ops and (11517.0,16672.2) ops/second in (1.302418,19.553490) seconds
2026/05/26-09:39:10  ... thread 0: (18000,322000) ops and (13055.5,16448.8) ops/second in (1.378725,19.575917) seconds
2026/05/26-09:39:13  ... thread 2: (29000,355000) ops and (10321.7,15874.4) ops/second in (2.809628,22.363118) seconds
2026/05/26-09:39:13  ... thread 1: (34000,351000) ops and (11924.8,15681.9) ops/second in (2.851200,22.382553) seconds
2026/05/26-09:39:13  ... thread 3: (31000,374000) ops and (10855.3,16702.9) ops/second in (2.855744,22.391313) seconds
2026/05/26-09:39:13  ... thread 0: (31000,353000) ops and (10939.1,15752.0) ops/second in (2.833879,22.409796) seconds
2026/05/26-09:39:14  ... thread 2: (26000,381000) ops and (25870.2,16304.3) ops/second in (1.005017,23.368135) seconds
2026/05/26-09:39:14  ... thread 1: (27000,378000) ops and (26848.0,16162.0) ops/second in (1.005662,23.388215) seconds
2026/05/26-09:39:14  ... thread 0: (28000,381000) ops and (27657.0,16266.6) ops/second in (1.012402,23.422198) seconds
2026/05/26-09:39:14  ... thread 3: (25000,399000) ops and (24186.5,17033.1) ops/second in (1.033633,23.424946) seconds
2026/05/26-09:39:15  ... thread 2: (26000,407000) ops and (25859.0,16698.4) ops/second in (1.005452,24.373587) seconds
2026/05/26-09:39:15  ... thread 1: (28000,406000) ops and (27511.5,16635.3) ops/second in (1.017756,24.405971) seconds
2026/05/26-09:39:15  ... thread 3: (28000,427000) ops and (27945.3,17480.7) ops/second in (1.001957,24.426903) seconds
2026/05/26-09:39:15  ... thread 0: (28000,409000) ops and (27649.3,16738.4) ops/second in (1.012684,24.434882) seconds
2026/05/26-09:39:16  ... thread 2: (12000,419000) ops and (11924.1,16509.1) ops/second in (1.006364,25.379951) seconds
2026/05/26-09:39:16  ... thread 1: (10000,416000) ops and (9778.0,16359.5) ops/second in (1.022709,25.428680) seconds
2026/05/26-09:39:16  ... thread 3: (11000,438000) ops and (10813.3,17214.2) ops/second in (1.017267,25.444170) seconds
2026/05/26-09:39:16  ... thread 0: (12000,421000) ops and (11887.5,16545.9) ops/second in (1.009466,25.444348) seconds
2026/05/26-09:39:17  ... thread 2: (28000,447000) ops and (27465.5,16932.2) ops/second in (1.019461,26.399412) seconds
2026/05/26-09:39:17  ... thread 1: (29000,445000) ops and (25694.9,16756.2) ops/second in (1.128627,26.557307) seconds
2026/05/26-09:39:17  ... thread 0: (26000,447000) ops and (22678.0,16810.3) ops/second in (1.146487,26.590835) seconds
2026/05/26-09:39:17  ... thread 3: (28000,466000) ops and (23933.4,17509.5) ops/second in (1.169914,26.614084) seconds
2026/05/26-09:39:20  ... thread 1: (17000,462000) ops and (6693.3,15877.8) ops/second in (2.539868,29.097175) seconds
2026/05/26-09:39:20  ... thread 3: (14000,480000) ops and (5608.6,16489.0) ops/second in (2.496167,29.110251) seconds
2026/05/26-09:39:20  ... thread 2: (17000,464000) ops and (6258.8,15936.5) ops/second in (2.716180,29.115592) seconds
2026/05/26-09:39:20  ... thread 0: (16000,463000) ops and (6307.3,15895.6) ops/second in (2.536741,29.127576) seconds
2026/05/26-09:39:21  ... thread 1: (26000,488000) ops and (25216.8,16197.4) ops/second in (1.031058,30.128233) seconds
2026/05/26-09:39:21  ... thread 2: (23000,487000) ops and (22659.6,16163.0) ops/second in (1.015022,30.130614) seconds
2026/05/26-09:39:21  ... thread 3: (25000,505000) ops and (24353.0,16756.9) ops/second in (1.026566,30.136817) seconds
2026/05/26-09:39:21  ... thread 0: (25000,488000) ops and (24720.4,16191.7) ops/second in (1.011312,30.138888) seconds
2026/05/26-09:39:22  ... thread 0: (21000,509000) ops and (12169.4,15973.9) ops/second in (1.725642,31.864530) seconds
2026/05/26-09:39:22  ... thread 3: (22000,527000) ops and (12720.6,16537.8) ops/second in (1.729478,31.866295) seconds
2026/05/26-09:39:22  ... thread 2: (21000,508000) ops and (12054.9,15938.4) ops/second in (1.742031,31.872645) seconds
2026/05/26-09:39:22  ... thread 1: (23000,511000) ops and (13074.9,16025.2) ops/second in (1.759100,31.887333) seconds
2026/05/26-09:39:25  ... thread 0: (15000,524000) ops and (5042.2,15040.4) ops/second in (2.974920,34.839450) seconds
2026/05/26-09:39:25  ... thread 3: (15000,542000) ops and (5040.6,15555.9) ops/second in (2.975857,34.842152) seconds
2026/05/26-09:39:25  ... thread 2: (16000,524000) ops and (5382.8,15038.0) ops/second in (2.972439,34.845084) seconds
2026/05/26-09:39:25  ... thread 1: (16000,527000) ops and (5374.8,15115.8) ops/second in (2.976864,34.864197) seconds
2026/05/26-09:39:26  ... thread 0: (28000,552000) ops and (27708.8,15397.5) ops/second in (1.010511,35.849961) seconds
2026/05/26-09:39:26  ... thread 2: (29000,553000) ops and (28821.2,15424.8) ops/second in (1.006204,35.851288) seconds
2026/05/26-09:39:26  ... thread 3: (27000,569000) ops and (26485.1,15866.6) ops/second in (1.019440,35.861592) seconds
2026/05/26-09:39:26  ... thread 1: (31000,558000) ops and (30520.0,15551.9) ops/second in (1.015727,35.879924) seconds
2026/05/26-09:39:27  ... thread 2: (16000,569000) ops and (14771.5,15405.7) ops/second in (1.083165,36.934453) seconds
2026/05/26-09:39:27  ... thread 1: (18000,576000) ops and (16677.4,15584.7) ops/second in (1.079305,36.959229) seconds
2026/05/26-09:39:27  ... thread 3: (19000,588000) ops and (17185.0,15906.0) ops/second in (1.105617,36.967209) seconds
2026/05/26-09:39:27  ... thread 0: (20000,572000) ops and (17638.4,15466.2) ops/second in (1.133887,36.983848) seconds
2026/05/26-09:39:28  ... thread 2: (27000,596000) ops and (26706.0,15706.8) ops/second in (1.011010,37.945463) seconds
2026/05/26-09:39:28  ... thread 1: (31000,607000) ops and (30720.0,15987.0) ops/second in (1.009113,37.968342) seconds
2026/05/26-09:39:28  ... thread 3: (32000,620000) ops and (31304.7,16320.3) ops/second in (1.022211,37.989420) seconds
2026/05/26-09:39:30  ... thread 1: (1000,608000) ops and (650.3,15390.1) ops/second in (1.537689,39.506031) seconds
2026/05/26-09:39:30  ... thread 0: (30000,602000) ops and (11874.6,15236.6) ops/second in (2.526401,39.510249) seconds
2026/05/26-09:39:30  ... thread 3: (1000,621000) ops and (655.7,15715.8) ops/second in (1.525011,39.514431) seconds
2026/05/26-09:39:30  ... thread 2: (2000,598000) ops and (1260.2,15126.8) ops/second in (1.587103,39.532566) seconds
2026/05/26-09:39:31  ... thread 1: (27000,635000) ops and (26979.8,15676.4) ops/second in (1.000749,40.506780) seconds
2026/05/26-09:39:31  ... thread 0: (26000,628000) ops and (25887.0,15500.6) ops/second in (1.004364,40.514613) seconds
2026/05/26-09:39:31  ... thread 3: (24000,645000) ops and (23591.0,15913.4) ops/second in (1.017335,40.531766) seconds
2026/05/26-09:39:31  ... thread 2: (26000,624000) ops and (25527.2,15388.0) ops/second in (1.018520,40.551086) seconds
2026/05/26-09:39:32  ... thread 0: (24000,652000) ops and (23454.5,15696.5) ops/second in (1.023257,41.537870) seconds
2026/05/26-09:39:32  ... thread 1: (22000,657000) ops and (21171.4,15813.8) ops/second in (1.039137,41.545917) seconds
2026/05/26-09:39:32  ... thread 3: (23000,668000) ops and (22637.3,16077.9) ops/second in (1.016020,41.547786) seconds
2026/05/26-09:39:32  ... thread 2: (23000,647000) ops and (22879.9,15569.2) ops/second in (1.005248,41.556334) seconds
2026/05/26-09:39:34  ... thread 3: (29000,697000) ops and (12494.2,15888.3) ops/second in (2.321073,43.868859) seconds
2026/05/26-09:39:34  ... thread 1: (32000,689000) ops and (13762.7,15705.1) ops/second in (2.325118,43.871035) seconds
2026/05/26-09:39:34  ... thread 0: (27000,679000) ops and (11495.8,15471.7) ops/second in (2.348694,43.886564) seconds
2026/05/26-09:39:34  ... thread 2: (28000,675000) ops and (11989.8,15378.8) ops/second in (2.335323,43.891657) seconds
2026/05/26-09:39:35  ... thread 3: (29000,726000) ops and (28783.1,16177.8) ops/second in (1.007535,44.876394) seconds
2026/05/26-09:39:35  ... thread 0: (31000,710000) ops and (30996.1,15817.6) ops/second in (1.000127,44.886691) seconds
2026/05/26-09:39:35  ... thread 1: (27000,716000) ops and (26571.3,15951.1) ops/second in (1.016135,44.887170) seconds
2026/05/26-09:39:35  ... thread 2: (29000,704000) ops and (28745.8,15679.1) ops/second in (1.008842,44.900499) seconds
2026/05/26-09:39:37  ... thread 0: (19000,729000) ops and (9927.6,15576.7) ops/second in (1.913850,46.800541) seconds
2026/05/26-09:39:37  ... thread 3: (18000,744000) ops and (9327.3,15895.3) ops/second in (1.929820,46.806214) seconds
2026/05/26-09:39:37  ... thread 2: (16000,720000) ops and (8374.1,15381.0) ops/second in (1.910643,46.811142) seconds
2026/05/26-09:39:37  ... thread 1: (18000,734000) ops and (9327.7,15678.1) ops/second in (1.929740,46.816910) seconds
2026/05/26-09:39:38  ... thread 1: (29000,763000) ops and (25969.1,15917.8) ops/second in (1.116711,47.933621) seconds
2026/05/26-09:39:38  ... thread 3: (32000,776000) ops and (28321.0,16188.2) ops/second in (1.129904,47.936118) seconds
2026/05/26-09:39:38  ... thread 2: (33000,753000) ops and (29353.9,15708.7) ops/second in (1.124210,47.935352) seconds
2026/05/26-09:39:38  ... thread 0: (30000,759000) ops and (26174.8,15830.1) ops/second in (1.146142,47.946683) seconds
2026/05/26-09:39:39  ... thread 3: (30000,806000) ops and (29692.2,16467.0) ops/second in (1.010366,48.946484) seconds
2026/05/26-09:39:39  ... thread 2: (29000,782000) ops and (28659.3,15976.4) ops/second in (1.011887,48.947239) seconds
2026/05/26-09:39:39  ... thread 0: (30000,789000) ops and (29883.4,16118.3) ops/second in (1.003901,48.950584) seconds
2026/05/26-09:39:39  ... thread 1: (30000,793000) ops and (29216.8,16196.8) ops/second in (1.026805,48.960426) seconds
2026/05/26-09:39:41  ... thread 0: (16000,805000) ops and (12915.0,16039.2) ops/second in (1.238872,50.189456) seconds
2026/05/26-09:39:41  ... thread 3: (17000,823000) ops and (13570.8,16394.7) ops/second in (1.252694,50.199178) seconds
2026/05/26-09:39:41  ... thread 1: (16000,809000) ops and (12921.3,16116.0) ops/second in (1.238262,50.198688) seconds
2026/05/26-09:39:41  ... thread 2: (19000,801000) ops and (14957.1,15950.6) ops/second in (1.270302,50.217541) seconds
2026/05/26-09:39:42  ... thread 0: (18000,823000) ops and (12877.7,15953.6) ops/second in (1.397767,51.587223) seconds
2026/05/26-09:39:42  ... thread 1: (13000,822000) ops and (9369.0,15934.5) ops/second in (1.387559,51.586247) seconds
2026/05/26-09:39:42  ... thread 3: (18000,841000) ops and (12949.2,16301.9) ops/second in (1.390047,51.589225) seconds
2026/05/26-09:39:42  ... thread 2: (13000,814000) ops and (9483.4,15778.8) ops/second in (1.370811,51.588352) seconds
2026/05/26-09:39:44  ... thread 0: (30000,853000) ops and (13118.1,15833.2) ops/second in (2.286917,53.874140) seconds
2026/05/26-09:39:44  ... thread 3: (31000,872000) ops and (13534.5,16184.2) ops/second in (2.290440,53.879665) seconds
2026/05/26-09:39:44  ... thread 1: (31000,853000) ops and (13512.1,15831.3) ops/second in (2.294246,53.880493) seconds
2026/05/26-09:39:44  ... thread 2: (33000,847000) ops and (14290.2,15715.0) ops/second in (2.309268,53.897620) seconds
2026/05/26-09:39:45  ... thread 3: (43000,915000) ops and (39558.0,16646.4) ops/second in (1.087011,54.966676) seconds
2026/05/26-09:39:45  ... thread 2: (24000,871000) ops and (22427.5,15845.7) ops/second in (1.070115,54.967735) seconds
2026/05/26-09:39:45  ... thread 0: (26000,879000) ops and (23696.0,15990.1) ops/second in (1.097230,54.971370) seconds
2026/05/26-09:39:45  ... thread 1: (31000,884000) ops and (26474.0,16057.7) ops/second in (1.170959,55.051452) seconds
2026/05/26-09:39:46  ... thread 3: (28000,943000) ops and (27369.6,16842.4) ops/second in (1.023031,55.989707) seconds
2026/05/26-09:39:46  ... thread 0: (27000,906000) ops and (26195.1,16178.0) ops/second in (1.030727,56.002097) seconds
2026/05/26-09:39:46  ... thread 2: (34000,905000) ops and (32848.6,16159.9) ops/second in (1.035051,56.002786) seconds
2026/05/26-09:39:46  ... thread 1: (25000,909000) ops and (24630.5,16212.9) ops/second in (1.015001,56.066453) seconds
2026/05/26-09:39:49  ... thread 0: (18000,924000) ops and (7216.1,15795.8) ops/second in (2.494415,58.496512) seconds
2026/05/26-09:39:49  ... thread 2: (20000,925000) ops and (8001.5,15811.3) ops/second in (2.499519,58.502305) seconds
2026/05/26-09:39:49  ... thread 3: (19000,962000) ops and (7522.1,16440.1) ops/second in (2.525896,58.515603) seconds
2026/05/26-09:39:49  ... thread 1: (16000,925000) ops and (6528.5,15807.3) ops/second in (2.450804,58.517257) seconds
2026/05/26-09:39:50  ... thread 0: (31000,955000) ops and (29267.1,16035.4) ops/second in (1.059209,59.555721) seconds
2026/05/26-09:39:50  ... thread 2: (31000,956000) ops and (29299.6,16050.9) ops/second in (1.058034,59.560339) seconds
2026/05/26-09:39:50  ... thread 1: (29000,954000) ops and (27701.7,16016.4) ops/second in (1.046866,59.564123) seconds
2026/05/26-09:39:50  ... thread 3: (33000,995000) ops and (31179.9,16701.9) ops/second in (1.058375,59.573978) seconds
2026/05/26-09:39:51  ... thread 0: (32000,987000) ops and (31664.1,16296.2) ops/second in (1.010607,60.566328) seconds
2026/05/26-09:39:51  ... thread 2: (30000,986000) ops and (29764.0,16279.2) ops/second in (1.007928,60.568267) seconds
2026/05/26-09:39:51  ... thread 1: (30000,984000) ops and (29393.8,16241.7) ops/second in (1.020622,60.584745) seconds
2026/05/26-09:39:51  ... thread 3: (29000,1024000) ops and (24062.3,16847.9) ops/second in (1.205206,60.779184) seconds
2026/05/26-09:39:52  ... thread 0: (23000,1010000) ops and (22904.9,16404.0) ops/second in (1.004153,61.570481) seconds
2026/05/26-09:39:52  ... thread 2: (23000,1009000) ops and (22658.7,16384.3) ops/second in (1.015061,61.583328) seconds
2026/05/26-09:39:52  ... thread 1: (21000,1005000) ops and (20660.9,16314.6) ops/second in (1.016413,61.601158) seconds
2026/05/26-09:39:52  ... thread 3: (33000,1057000) ops and (32485.1,17104.9) ops/second in (1.015851,61.795035) seconds
2026/05/26-09:39:54  ... thread 1: (9000,1014000) ops and (4655.4,15959.9) ops/second in (1.933254,63.534412) seconds
2026/05/26-09:39:54  ... thread 3: (1000,1058000) ops and (573.4,16651.2) ops/second in (1.743853,63.538888) seconds
2026/05/26-09:39:54  ... thread 0: (10000,1020000) ops and (5068.5,16052.0) ops/second in (1.972979,63.543460) seconds
2026/05/26-09:39:54  ... thread 2: (8000,1017000) ops and (4078.1,16004.4) ops/second in (1.961680,63.545008) seconds
2026/05/26-09:39:55  ... thread 1: (16000,1030000) ops and (10465.5,15830.7) ops/second in (1.528837,65.063249) seconds
2026/05/26-09:39:55  ... thread 3: (17000,1075000) ops and (11068.5,16519.5) ops/second in (1.535894,65.074782) seconds
2026/05/26-09:39:55  ... thread 2: (15000,1032000) ops and (9752.8,15856.7) ops/second in (1.538012,65.083020) seconds
2026/05/26-09:39:56  ... thread 0: (15000,1035000) ops and (9582.3,15896.5) ops/second in (1.565379,65.108839) seconds
2026/05/26-09:39:56  ... thread 1: (31000,1061000) ops and (30926.3,16059.8) ops/second in (1.002384,66.065633) seconds
2026/05/26-09:39:56  ... thread 2: (28000,1060000) ops and (27909.2,16039.6) ops/second in (1.003254,66.086274) seconds
2026/05/26-09:39:57  ... thread 3: (30000,1105000) ops and (29348.8,16717.9) ops/second in (1.022188,66.096970) seconds
2026/05/26-09:39:57  ... thread 0: (28000,1063000) ops and (27844.1,16078.2) ops/second in (1.005598,66.114437) seconds
2026/05/26-09:39:57  ... thread 1: (20000,1081000) ops and (19990.2,16118.4) ops/second in (1.000490,67.066123) seconds
2026/05/26-09:39:58  ... thread 2: (23000,1083000) ops and (22776.4,16141.0) ops/second in (1.009817,67.096091) seconds
2026/05/26-09:39:58  ... thread 3: (26000,1131000) ops and (25753.2,16853.8) ops/second in (1.009584,67.106554) seconds
2026/05/26-09:39:58  ... thread 0: (23000,1086000) ops and (22745.5,16178.6) ops/second in (1.011191,67.125628) seconds
2026/05/26-09:39:59  ... thread 1: (10000,1091000) ops and (9687.9,16020.9) ops/second in (1.032211,68.098334) seconds
2026/05/26-09:39:59  ... thread 0: (10000,1096000) ops and (9404.0,16073.0) ops/second in (1.063381,68.189009) seconds
2026/05/26-09:39:59  ... thread 2: (12000,1095000) ops and (10103.5,16036.0) ops/second in (1.187710,68.283801) seconds
2026/05/26-09:39:59  ... thread 3: (11000,1142000) ops and (7237.7,16640.8) ops/second in (1.519826,68.626380) seconds
2026/05/26-09:40:00  ... thread 1: (3000,1094000) ops and (2697.8,15806.9) ops/second in (1.112007,69.210341) seconds
2026/05/26-09:40:00  ... thread 0: (2000,1098000) ops and (1940.2,15862.5) ops/second in (1.030837,69.219846) seconds
2026/05/26-09:40:00  ... thread 2: (3000,1098000) ops and (2571.4,15809.8) ops/second in (1.166682,69.450483) seconds
2026/05/26-09:40:00  ... thread 3: (9000,1151000) ops and (8884.3,16528.0) ops/second in (1.013023,69.639403) seconds
2026/05/26-09:40:01  ... thread 0: (28000,1126000) ops and (23862.3,15995.9) ops/second in (1.173400,70.393246) seconds
2026/05/26-09:40:01  ... thread 1: (28000,1122000) ops and (23650.5,15938.8) ops/second in (1.183906,70.394247) seconds
2026/05/26-09:40:01  ... thread 2: (30000,1128000) ops and (29739.2,16009.3) ops/second in (1.008768,70.459251) seconds
2026/05/26-09:40:01  ... thread 3: (29000,1180000) ops and (28355.2,16699.2) ops/second in (1.022739,70.662142) seconds
2026/05/26-09:40:02  ... thread 0: (18000,1144000) ops and (17014.1,16010.9) ops/second in (1.057945,71.451191) seconds
2026/05/26-09:40:02  ... thread 1: (15000,1137000) ops and (11917.2,15868.2) ops/second in (1.258687,71.652934) seconds
2026/05/26-09:40:02  ... thread 2: (15000,1143000) ops and (12417.9,15948.7) ops/second in (1.207937,71.667188) seconds
2026/05/26-09:40:02  ... thread 3: (6000,1186000) ops and (5246.5,16516.8) ops/second in (1.143623,71.805765) seconds
2026/05/26-09:40:03  ... thread 0: (2000,1146000) ops and (1984.4,15815.8) ops/second in (1.007846,72.459037) seconds
2026/05/26-09:40:03  ... thread 1: (2000,1139000) ops and (1884.8,15664.1) ops/second in (1.061148,72.714082) seconds
2026/05/26-09:40:03  ... thread 2: (1000,1144000) ops and (787.6,15684.8) ops/second in (1.269662,72.936850) seconds
2026/05/26-09:40:04  ... thread 3: (2000,1188000) ops and (1355.9,16211.6) ops/second in (1.475055,73.280820) seconds
2026/05/26-09:40:04  ... thread 0: (3000,1149000) ops and (2354.3,15583.2) ops/second in (1.274279,73.733316) seconds
2026/05/26-09:40:04  ... thread 1: (1000,1140000) ops and (852.0,15428.8) ops/second in (1.173773,73.887855) seconds
2026/05/26-09:40:05  ... thread 3: (1000,1189000) ops and (962.0,15998.3) ops/second in (1.039453,74.320273) seconds
2026/05/26-09:40:05  ... thread 2: (3000,1147000) ops and (2082.9,15421.4) ops/second in (1.440315,74.377165) seconds
2026/05/26-09:40:05  ... thread 1: (1000,1141000) ops and (984.6,15232.9) ops/second in (1.015634,74.903489) seconds
2026/05/26-09:40:05  ... thread 0: (3000,1152000) ops and (2535.2,15377.1) ops/second in (1.183357,74.916673) seconds
2026/05/26-09:40:06  ... thread 3: (15000,1204000) ops and (14873.0,15983.3) ops/second in (1.008541,75.328814) seconds
2026/05/26-09:40:06  ... thread 2: (19000,1166000) ops and (18831.0,15467.0) ops/second in (1.008972,75.386137) seconds
2026/05/26-09:40:06  ... thread 0: (31000,1183000) ops and (30653.2,15580.6) ops/second in (1.011315,75.927988) seconds
2026/05/26-09:40:06  ... thread 1: (31000,1172000) ops and (30203.7,15435.3) ops/second in (1.026365,75.929854) seconds
2026/05/26-09:40:07  ... thread 2: (25000,1191000) ops and (22592.6,15570.1) ops/second in (1.106555,76.492692) seconds
2026/05/26-09:40:07  ... thread 0: (10000,1193000) ops and (9219.6,15491.0) ops/second in (1.084641,77.012629) seconds
2026/05/26-09:40:08  ... thread 1: (10000,1182000) ops and (8149.3,15319.4) ops/second in (1.227099,77.156953) seconds
2026/05/26-09:40:08  ... thread 3: (27000,1231000) ops and (12975.5,15902.4) ops/second in (2.080843,77.409657) seconds
2026/05/26-09:40:08  ... thread 0: (2000,1195000) ops and (1960.3,15314.1) ops/second in (1.020256,78.032885) seconds
2026/05/26-09:40:09  ... thread 2: (2000,1193000) ops and (1100.8,15234.4) ops/second in (1.816932,78.309624) seconds
2026/05/26-09:40:09  ... thread 3: (2000,1233000) ops and (1726.8,15693.4) ops/second in (1.158237,78.567894) seconds
2026/05/26-09:40:09  ... thread 1: (3000,1185000) ops and (1958.4,15059.3) ops/second in (1.531851,78.688804) seconds
2026/05/26-09:40:09  ... thread 0: (6000,1201000) ops and (5991.4,15195.9) ops/second in (1.001436,79.034321) seconds
2026/05/26-09:40:10  ... thread 2: (17000,1210000) ops and (16860.9,15255.1) ops/second in (1.008249,79.317873) seconds
2026/05/26-09:40:10  ... thread 1: (27000,1212000) ops and (26989.9,15209.1) ops/second in (1.000374,79.689178) seconds
2026/05/26-09:40:10  ... thread 0: (42000,1243000) ops and (41878.8,15530.3) ops/second in (1.002895,80.037216) seconds
2026/05/26-09:40:11  ... thread 2: (36000,1246000) ops and (29364.3,15469.8) ops/second in (1.225977,80.543850) seconds
2026/05/26-09:40:11  ... thread 1: (24000,1236000) ops and (18552.0,15262.5) ops/second in (1.293658,80.982836) seconds
2026/05/26-09:40:12  ... thread 2: (4000,1250000) ops and (3820.1,15320.3) ops/second in (1.047100,81.590950) seconds
2026/05/26-09:40:12  ... thread 1: (4000,1240000) ops and (3986.2,15124.5) ops/second in (1.003460,81.986296) seconds
2026/05/26-09:40:13  ... thread 1: (7000,1247000) ops and (6357.5,15008.3) ops/second in (1.101069,83.087365) seconds
Initializing RocksDB Options from the specified file
Initializing RocksDB Options from command-line flags
Integrated BlobDB: blob cache disabled
Keys:       16 bytes each (+ 0 bytes user-defined timestamp)
Values:     1024 bytes each (512 bytes after compression)
Entries:    1250000
Prefix:    0 bytes
Keys per prefix:    0
RawSize:    1239.8 MB (estimated)
FileSize:   629.4 MB (estimated)
Write rate: 0 bytes/second
Read rate: 0 ops/second
Compression: Snappy
Compression sampling rate: 0
Memtablerep: SkipListFactory
Perf Level: 1
WARNING: Assertions are enabled; benchmarks unnecessarily slow
------------------------------------------------
Initializing RocksDB Options from the specified file
Initializing RocksDB Options from command-line flags
Integrated BlobDB: blob cache disabled
DB path: [/tmp/rocksdb_comp_exp_db]
fillrandom   :      64.983 micros/op 60017 ops/sec 83.308 seconds 5000000 operations;   59.5 MB/s
2026/05/26-09:40:23  ... thread 2: (1000,1000) ops and (106.6,106.6) ops/second in (9.376756,9.376756) seconds
2026/05/26-09:40:23  ... thread 0: (1000,1000) ops and (102.2,102.2) ops/second in (9.783197,9.783197) seconds
2026/05/26-09:40:24  ... thread 3: (1000,1000) ops and (101.1,101.1) ops/second in (9.888011,9.888011) seconds
2026/05/26-09:40:24  ... thread 1: (1000,1000) ops and (101.1,101.1) ops/second in (9.893155,9.893155) seconds
2026/05/26-09:40:30  ... thread 2: (1000,2000) ops and (153.2,125.7) ops/second in (6.527867,15.904623) seconds
2026/05/26-09:40:32  ... thread 1: (1000,2000) ops and (126.2,112.2) ops/second in (7.925851,17.819006) seconds
2026/05/26-09:40:32  ... thread 0: (1000,2000) ops and (118.8,109.9) ops/second in (8.418023,18.201220) seconds
2026/05/26-09:40:33  ... thread 3: (1000,2000) ops and (103.9,102.5) ops/second in (9.621257,19.509268) seconds
2026/05/26-09:40:38  ... thread 2: (1000,3000) ops and (116.4,122.5) ops/second in (8.591332,24.495955) seconds
2026/05/26-09:40:39  ... thread 1: (1000,3000) ops and (141.5,120.5) ops/second in (7.067547,24.886553) seconds
2026/05/26-09:40:39  ... thread 3: (1000,3000) ops and (179.2,119.6) ops/second in (5.579757,25.089025) seconds
2026/05/26-09:40:39  ... thread 0: (1000,3000) ops and (141.6,118.7) ops/second in (7.062098,25.263318) seconds
2026/05/26-09:40:43  ... thread 2: (1000,4000) ops and (214.2,137.1) ops/second in (4.669536,29.165491) seconds
2026/05/26-09:40:44  ... thread 3: (1000,4000) ops and (210.5,134.0) ops/second in (4.750990,29.840015) seconds
2026/05/26-09:40:44  ... thread 1: (1000,4000) ops and (201.8,134.0) ops/second in (4.956596,29.843149) seconds
2026/05/26-09:40:45  ... thread 0: (1000,4000) ops and (166.1,127.9) ops/second in (6.019701,31.283019) seconds
2026/05/26-09:40:48  ... thread 2: (1000,5000) ops and (185.1,144.6) ops/second in (5.403856,34.569347) seconds
2026/05/26-09:40:49  ... thread 3: (1000,5000) ops and (169.4,139.9) ops/second in (5.904515,35.744530) seconds
2026/05/26-09:40:50  ... thread 1: (1000,5000) ops and (161.3,138.7) ops/second in (6.200991,36.044140) seconds
2026/05/26-09:40:50  ... thread 0: (1000,5000) ops and (197.5,137.6) ops/second in (5.062697,36.345716) seconds
2026/05/26-09:40:53  ... thread 2: (1000,6000) ops and (217.9,153.2) ops/second in (4.589686,39.159033) seconds
2026/05/26-09:40:53  ... thread 3: (1000,6000) ops and (288.3,153.0) ops/second in (3.468431,39.212961) seconds
2026/05/26-09:40:53  ... thread 1: (1000,6000) ops and (315.6,153.0) ops/second in (3.168865,39.213005) seconds
2026/05/26-09:40:53  ... thread 0: (1000,6000) ops and (329.2,152.3) ops/second in (3.038128,39.383844) seconds
2026/05/26-09:40:57  ... thread 1: (1000,7000) ops and (254.9,162.3) ops/second in (3.922346,43.135351) seconds
2026/05/26-09:40:57  ... thread 2: (1000,7000) ops and (249.3,162.1) ops/second in (4.011043,43.170076) seconds
2026/05/26-09:40:57  ... thread 3: (1000,7000) ops and (251.9,162.1) ops/second in (3.969257,43.182218) seconds
2026/05/26-09:40:57  ... thread 0: (1000,7000) ops and (228.7,160.0) ops/second in (4.371898,43.755742) seconds
2026/05/26-09:41:00  ... thread 1: (1000,8000) ops and (371.6,174.6) ops/second in (2.691021,45.826372) seconds
2026/05/26-09:41:00  ... thread 2: (1000,8000) ops and (372.4,174.5) ops/second in (2.684983,45.855059) seconds
2026/05/26-09:41:00  ... thread 3: (1000,8000) ops and (363.7,174.2) ops/second in (2.749807,45.932025) seconds
2026/05/26-09:41:01  ... thread 0: (1000,8000) ops and (298.4,169.8) ops/second in (3.350645,47.106387) seconds
2026/05/26-09:41:02  ... thread 1: (1000,9000) ops and (365.1,185.3) ops/second in (2.738865,48.565237) seconds
2026/05/26-09:41:02  ... thread 2: (1000,9000) ops and (364.0,185.2) ops/second in (2.747421,48.602480) seconds
2026/05/26-09:41:02  ... thread 3: (1000,9000) ops and (374.1,185.2) ops/second in (2.673096,48.605121) seconds
2026/05/26-09:41:02  ... thread 0: (1000,9000) ops and (607.6,184.6) ops/second in (1.645701,48.752088) seconds
2026/05/26-09:41:05  ... thread 3: (1000,10000) ops and (368.4,194.9) ops/second in (2.714577,51.319698) seconds
2026/05/26-09:41:05  ... thread 1: (1000,10000) ops and (360.6,194.8) ops/second in (2.772988,51.338225) seconds
2026/05/26-09:41:05  ... thread 2: (1000,10000) ops and (360.2,194.6) ops/second in (2.775855,51.378335) seconds
2026/05/26-09:41:05  ... thread 0: (1000,10000) ops and (356.9,194.0) ops/second in (2.801907,51.553995) seconds
2026/05/26-09:41:08  ... thread 3: (1000,11000) ops and (345.7,202.9) ops/second in (2.892617,54.212315) seconds
2026/05/26-09:41:08  ... thread 1: (1000,11000) ops and (345.8,202.8) ops/second in (2.891743,54.229968) seconds
2026/05/26-09:41:08  ... thread 2: (1000,11000) ops and (345.1,202.7) ops/second in (2.897546,54.275881) seconds
2026/05/26-09:41:08  ... thread 0: (1000,11000) ops and (367.0,202.7) ops/second in (2.724869,54.278864) seconds
2026/05/26-09:41:09  ... thread 1: (1000,12000) ops and (703.4,215.6) ops/second in (1.421738,55.651706) seconds
2026/05/26-09:41:09  ... thread 0: (1000,12000) ops and (722.2,215.6) ops/second in (1.384738,55.663602) seconds
2026/05/26-09:41:09  ... thread 3: (1000,12000) ops and (684.4,215.5) ops/second in (1.461160,55.673475) seconds
2026/05/26-09:41:09  ... thread 2: (1000,12000) ops and (699.8,215.4) ops/second in (1.429078,55.704959) seconds
2026/05/26-09:41:12  ... thread 3: (1000,13000) ops and (411.4,223.7) ops/second in (2.430544,58.104019) seconds
2026/05/26-09:41:12  ... thread 0: (1000,13000) ops and (405.5,223.6) ops/second in (2.465814,58.129416) seconds
2026/05/26-09:41:12  ... thread 2: (1000,13000) ops and (411.8,223.6) ops/second in (2.428103,58.133062) seconds
2026/05/26-09:41:12  ... thread 1: (1000,13000) ops and (397.5,223.5) ops/second in (2.515843,58.167549) seconds
2026/05/26-09:41:14  ... thread 3: (1000,14000) ops and (565.7,233.8) ops/second in (1.767600,59.871619) seconds
2026/05/26-09:41:14  ... thread 1: (1000,14000) ops and (585.1,233.8) ops/second in (1.709158,59.876707) seconds
2026/05/26-09:41:14  ... thread 0: (1000,14000) ops and (571.2,233.8) ops/second in (1.750609,59.880025) seconds
2026/05/26-09:41:14  ... thread 2: (1000,14000) ops and (561.0,233.7) ops/second in (1.782687,59.915749) seconds
2026/05/26-09:41:15  ... thread 3: (1000,15000) ops and (718.7,244.8) ops/second in (1.391375,61.262994) seconds
2026/05/26-09:41:15  ... thread 0: (1000,15000) ops and (689.4,244.6) ops/second in (1.450544,61.330569) seconds
2026/05/26-09:41:15  ... thread 2: (1000,15000) ops and (694.1,244.5) ops/second in (1.440640,61.356389) seconds
2026/05/26-09:41:15  ... thread 1: (1000,15000) ops and (668.0,244.4) ops/second in (1.496897,61.373604) seconds
2026/05/26-09:41:18  ... thread 3: (1000,16000) ops and (291.4,247.3) ops/second in (3.432149,64.695143) seconds
2026/05/26-09:41:19  ... thread 2: (1000,16000) ops and (282.4,246.5) ops/second in (3.541646,64.898035) seconds
2026/05/26-09:41:19  ... thread 1: (1000,16000) ops and (277.7,246.3) ops/second in (3.600388,64.973992) seconds
2026/05/26-09:41:19  ... thread 0: (1000,16000) ops and (273.4,246.2) ops/second in (3.657252,64.987821) seconds
2026/05/26-09:41:21  ... thread 3: (1000,17000) ops and (433.5,253.7) ops/second in (2.306758,67.001901) seconds
2026/05/26-09:41:21  ... thread 2: (1000,17000) ops and (463.1,253.5) ops/second in (2.159312,67.057347) seconds
2026/05/26-09:41:21  ... thread 0: (1000,17000) ops and (465.4,253.2) ops/second in (2.148598,67.136419) seconds
2026/05/26-09:41:21  ... thread 1: (1000,17000) ops and (459.5,253.2) ops/second in (2.176060,67.150052) seconds
2026/05/26-09:41:22  ... thread 2: (1000,18000) ops and (828.5,263.7) ops/second in (1.207072,68.264419) seconds
2026/05/26-09:41:22  ... thread 3: (1000,18000) ops and (772.3,263.6) ops/second in (1.294886,68.296787) seconds
2026/05/26-09:41:22  ... thread 1: (1000,18000) ops and (792.6,263.1) ops/second in (1.261745,68.411797) seconds
2026/05/26-09:41:22  ... thread 0: (1000,18000) ops and (758.0,262.9) ops/second in (1.319224,68.455643) seconds
2026/05/26-09:41:23  ... thread 3: (1000,19000) ops and (802.8,273.2) ops/second in (1.245620,69.542407) seconds
2026/05/26-09:41:23  ... thread 2: (1000,19000) ops and (751.5,273.0) ops/second in (1.330737,69.595156) seconds
2026/05/26-09:41:23  ... thread 0: (1000,19000) ops and (803.1,272.6) ops/second in (1.245166,69.700809) seconds
2026/05/26-09:41:23  ... thread 1: (1000,19000) ops and (771.7,272.6) ops/second in (1.295901,69.707698) seconds
2026/05/26-09:41:25  ... thread 1: (1000,20000) ops and (758.3,281.6) ops/second in (1.318717,71.026415) seconds
2026/05/26-09:41:25  ... thread 0: (1000,20000) ops and (714.4,281.3) ops/second in (1.399755,71.100564) seconds
2026/05/26-09:41:25  ... thread 3: (2000,21000) ops and (1020.0,293.7) ops/second in (1.960852,71.503259) seconds
2026/05/26-09:41:25  ... thread 2: (2000,21000) ops and (1018.1,293.5) ops/second in (1.964534,71.559690) seconds
2026/05/26-09:41:26  ... thread 3: (1000,22000) ops and (859.7,302.8) ops/second in (1.163209,72.666468) seconds
2026/05/26-09:41:26  ... thread 2: (1000,22000) ops and (874.3,302.6) ops/second in (1.143822,72.703512) seconds
2026/05/26-09:41:27  ... thread 0: (2000,22000) ops and (1172.6,302.2) ops/second in (1.705544,72.806108) seconds
2026/05/26-09:41:27  ... thread 1: (2000,22000) ops and (1054.5,301.7) ops/second in (1.896676,72.923091) seconds
2026/05/26-09:41:28  ... thread 0: (1000,23000) ops and (845.8,310.9) ops/second in (1.182379,73.988487) seconds
2026/05/26-09:41:28  ... thread 1: (1000,23000) ops and (924.6,310.8) ops/second in (1.081534,74.004625) seconds
2026/05/26-09:41:28  ... thread 3: (2000,24000) ops and (1340.8,323.6) ops/second in (1.491614,74.158082) seconds
2026/05/26-09:41:28  ... thread 2: (2000,24000) ops and (1350.1,323.5) ops/second in (1.481326,74.184838) seconds
2026/05/26-09:41:29  ... thread 1: (5000,28000) ops and (4721.5,373.0) ops/second in (1.058976,75.063601) seconds
2026/05/26-09:41:29  ... thread 0: (5000,28000) ops and (4405.5,372.7) ops/second in (1.134950,75.123437) seconds
2026/05/26-09:41:29  ... thread 3: (5000,29000) ops and (4351.8,385.1) ops/second in (1.148951,75.307033) seconds
2026/05/26-09:41:29  ... thread 2: (5000,29000) ops and (4381.6,385.0) ops/second in (1.141132,75.325970) seconds
2026/05/26-09:41:30  ... thread 0: (6000,34000) ops and (5428.2,446.0) ops/second in (1.105347,76.228784) seconds
2026/05/26-09:41:30  ... thread 1: (6000,34000) ops and (5148.6,446.0) ops/second in (1.165363,76.228964) seconds
2026/05/26-09:41:30  ... thread 2: (6000,35000) ops and (5399.1,457.9) ops/second in (1.111289,76.437259) seconds
2026/05/26-09:41:30  ... thread 3: (6000,35000) ops and (5267.5,457.8) ops/second in (1.139066,76.446099) seconds
2026/05/26-09:41:31  ... thread 0: (6000,40000) ops and (5882.4,517.8) ops/second in (1.019994,77.248778) seconds
2026/05/26-09:41:31  ... thread 1: (7000,41000) ops and (6404.5,530.3) ops/second in (1.092989,77.321953) seconds
2026/05/26-09:41:31  ... thread 2: (7000,42000) ops and (6489.0,541.8) ops/second in (1.078755,77.516014) seconds
2026/05/26-09:41:31  ... thread 3: (7000,42000) ops and (6396.4,541.7) ops/second in (1.094367,77.540466) seconds
2026/05/26-09:41:32  ... thread 0: (7000,47000) ops and (6739.5,600.4) ops/second in (1.038654,78.287432) seconds
2026/05/26-09:41:32  ... thread 1: (7000,48000) ops and (6822.2,612.7) ops/second in (1.026069,78.348022) seconds
2026/05/26-09:41:32  ... thread 3: (8000,50000) ops and (7609.3,636.2) ops/second in (1.051339,78.591805) seconds
2026/05/26-09:41:32  ... thread 2: (8000,50000) ops and (7244.7,636.0) ops/second in (1.104251,78.620265) seconds
2026/05/26-09:41:33  ... thread 1: (9000,57000) ops and (8995.3,718.3) ops/second in (1.000528,79.348550) seconds
2026/05/26-09:41:33  ... thread 0: (10000,57000) ops and (9318.2,718.2) ops/second in (1.073163,79.360595) seconds
2026/05/26-09:41:33  ... thread 2: (11000,61000) ops and (10396.4,765.6) ops/second in (1.058058,79.678323) seconds
2026/05/26-09:41:33  ... thread 3: (10000,60000) ops and (9186.5,753.0) ops/second in (1.088549,79.680354) seconds
2026/05/26-09:41:34  ... thread 1: (12000,69000) ops and (11278.2,858.1) ops/second in (1.064003,80.412553) seconds
2026/05/26-09:41:34  ... thread 0: (11000,68000) ops and (10312.0,845.5) ops/second in (1.066723,80.427318) seconds
2026/05/26-09:41:34  ... thread 2: (13000,74000) ops and (12723.8,917.0) ops/second in (1.021710,80.700033) seconds
2026/05/26-09:41:34  ... thread 3: (13000,73000) ops and (12411.8,904.3) ops/second in (1.047391,80.727745) seconds
2026/05/26-09:41:35  ... thread 1: (15000,84000) ops and (14796.7,1031.6) ops/second in (1.013741,81.426294) seconds
2026/05/26-09:41:35  ... thread 0: (16000,84000) ops and (15363.5,1031.1) ops/second in (1.041427,81.468745) seconds
2026/05/26-09:41:35  ... thread 3: (17000,90000) ops and (16980.3,1101.2) ops/second in (1.001159,81.728904) seconds
2026/05/26-09:41:35  ... thread 2: (16000,90000) ops and (15389.6,1101.1) ops/second in (1.039666,81.739699) seconds
DB path: [/tmp/rocksdb_comp_exp_db]
readrandom   :     823.023 micros/op 4857 ops/sec 82.351 seconds 400000 operations;    4.7 MB/s (98173 of 100000 found)

STATISTICS:
rocksdb.block.cache.miss COUNT : 3857884
rocksdb.block.cache.hit COUNT : 33461
rocksdb.block.cache.add COUNT : 465719
rocksdb.block.cache.add.failures COUNT : 0
rocksdb.block.cache.index.miss COUNT : 0
rocksdb.block.cache.index.hit COUNT : 0
rocksdb.block.cache.index.add COUNT : 0
rocksdb.block.cache.index.bytes.insert COUNT : 0
rocksdb.block.cache.filter.miss COUNT : 0
rocksdb.block.cache.filter.hit COUNT : 0
rocksdb.block.cache.filter.add COUNT : 0
rocksdb.block.cache.filter.bytes.insert COUNT : 0
rocksdb.block.cache.data.miss COUNT : 3857884
rocksdb.block.cache.data.hit COUNT : 33461
rocksdb.block.cache.data.add COUNT : 465719
rocksdb.block.cache.data.bytes.insert COUNT : 2004435008
rocksdb.block.cache.bytes.read COUNT : 144016144
rocksdb.block.cache.bytes.write COUNT : 2004435008
rocksdb.block.cache.compression.dict.miss COUNT : 0
rocksdb.block.cache.compression.dict.hit COUNT : 0
rocksdb.block.cache.compression.dict.add COUNT : 0
rocksdb.block.cache.compression.dict.bytes.insert COUNT : 0
rocksdb.block.cache.add.redundant COUNT : 8
rocksdb.block.cache.index.add.redundant COUNT : 0
rocksdb.block.cache.filter.add.redundant COUNT : 0
rocksdb.block.cache.data.add.redundant COUNT : 8
rocksdb.block.cache.compression.dict.add.redundant COUNT : 0
rocksdb.secondary.cache.hits COUNT : 0
rocksdb.secondary.cache.filter.hits COUNT : 0
rocksdb.secondary.cache.index.hits COUNT : 0
rocksdb.secondary.cache.data.hits COUNT : 0
rocksdb.compressed.secondary.cache.dummy.hits COUNT : 0
rocksdb.compressed.secondary.cache.hits COUNT : 0
rocksdb.compressed.secondary.cache.promotions COUNT : 0
rocksdb.compressed.secondary.cache.promotion.skips COUNT : 0
rocksdb.bloom.filter.useful COUNT : 0
rocksdb.bloom.filter.full.positive COUNT : 0
rocksdb.bloom.filter.full.true.positive COUNT : 0
rocksdb.bloom.filter.prefix.checked COUNT : 0
rocksdb.bloom.filter.prefix.useful COUNT : 0
rocksdb.bloom.filter.prefix.true.positive COUNT : 0
rocksdb.persistent.cache.hit COUNT : 0
rocksdb.persistent.cache.miss COUNT : 0
rocksdb.sim.block.cache.hit COUNT : 0
rocksdb.sim.block.cache.miss COUNT : 0
rocksdb.memtable.hit COUNT : 6960
rocksdb.memtable.miss COUNT : 393040
rocksdb.l0.hit COUNT : 46409
rocksdb.l1.hit COUNT : 61965
rocksdb.l2andup.hit COUNT : 277311
rocksdb.compaction.key.drop.new COUNT : 3481467
rocksdb.compaction.key.drop.obsolete COUNT : 0
rocksdb.compaction.key.drop.range_del COUNT : 0
rocksdb.compaction.key.drop.user COUNT : 0
rocksdb.compaction.range_del.drop.obsolete COUNT : 0
rocksdb.compaction.optimized.del.drop.obsolete COUNT : 0
rocksdb.compaction.cancelled COUNT : 0
rocksdb.compaction.aborted COUNT : 0
rocksdb.number.keys.written COUNT : 5000000
rocksdb.number.keys.read COUNT : 400000
rocksdb.number.keys.updated COUNT : 0
rocksdb.bytes.written COUNT : 5278374540
rocksdb.bytes.read COUNT : 402068480
rocksdb.number.db.seek COUNT : 0
rocksdb.number.db.next COUNT : 0
rocksdb.number.db.prev COUNT : 0
rocksdb.number.db.seek.found COUNT : 0
rocksdb.number.db.next.found COUNT : 0
rocksdb.number.db.prev.found COUNT : 0
rocksdb.db.iter.bytes.read COUNT : 0
rocksdb.number.iter.skip COUNT : 0
rocksdb.number.reseeks.iteration COUNT : 0
rocksdb.num.iterator.created COUNT : 0
rocksdb.num.iterator.deleted COUNT : 0
rocksdb.no.file.opens COUNT : 140
rocksdb.no.file.errors COUNT : 0
rocksdb.stall.micros COUNT : 43194430
rocksdb.db.mutex.wait.micros COUNT : 0
rocksdb.number.multiget.get COUNT : 0
rocksdb.number.multiget.keys.read COUNT : 0
rocksdb.number.multiget.bytes.read COUNT : 0
rocksdb.number.multiget.keys.found COUNT : 0
rocksdb.number.merge.failures COUNT : 0
rocksdb.getupdatessince.calls COUNT : 0
rocksdb.wal.synced COUNT : 0
rocksdb.wal.bytes COUNT : 5278374540
rocksdb.write.self COUNT : 4864545
rocksdb.write.other COUNT : 135455
rocksdb.write.wal COUNT : 5000000
rocksdb.compact.read.bytes COUNT : 8287473877
rocksdb.compact.write.bytes COUNT : 6217911974
rocksdb.flush.write.bytes COUNT : 2969547531
rocksdb.compact.read.marked.bytes COUNT : 0
rocksdb.compact.read.periodic.bytes COUNT : 0
rocksdb.compact.read.ttl.bytes COUNT : 0
rocksdb.compact.write.marked.bytes COUNT : 0
rocksdb.compact.write.periodic.bytes COUNT : 0
rocksdb.compact.write.ttl.bytes COUNT : 0
rocksdb.number.direct.load.table.properties COUNT : 0
rocksdb.number.superversion_acquires COUNT : 48
rocksdb.number.superversion_releases COUNT : 44
rocksdb.number.superversion_cleanups COUNT : 11
rocksdb.number.block.compressed COUNT : 3757357
rocksdb.number.block.decompressed COUNT : 3858023
rocksdb.bytes.compressed.from COUNT : 15836733934
rocksdb.bytes.compressed.to COUNT : 9168485522
rocksdb.bytes.compression_bypassed COUNT : 0
rocksdb.bytes.compression.rejected COUNT : 14
rocksdb.number.block_compression_bypassed COUNT : 0
rocksdb.number.block_compression_rejected COUNT : 1
rocksdb.bytes.decompressed.from COUNT : 9413597183
rocksdb.bytes.decompressed.to COUNT : 16259048682
rocksdb.merge.operation.time.nanos COUNT : 0
rocksdb.filter.operation.time.nanos COUNT : 0
rocksdb.compaction.total.time.cpu_micros COUNT : 49099441
rocksdb.row.cache.hit COUNT : 0
rocksdb.row.cache.miss COUNT : 0
rocksdb.read.amp.estimate.useful.bytes COUNT : 0
rocksdb.read.amp.total.read.bytes COUNT : 0
rocksdb.number.rate_limiter.drains COUNT : 0
rocksdb.blobdb.num.put COUNT : 0
rocksdb.blobdb.num.write COUNT : 0
rocksdb.blobdb.num.get COUNT : 0
rocksdb.blobdb.num.multiget COUNT : 0
rocksdb.blobdb.num.seek COUNT : 0
rocksdb.blobdb.num.next COUNT : 0
rocksdb.blobdb.num.prev COUNT : 0
rocksdb.blobdb.num.keys.written COUNT : 0
rocksdb.blobdb.num.keys.read COUNT : 0
rocksdb.blobdb.bytes.written COUNT : 0
rocksdb.blobdb.bytes.read COUNT : 0
rocksdb.blobdb.write.inlined COUNT : 0
rocksdb.blobdb.write.inlined.ttl COUNT : 0
rocksdb.blobdb.write.blob COUNT : 0
rocksdb.blobdb.write.blob.ttl COUNT : 0
rocksdb.blobdb.blob.file.bytes.written COUNT : 0
rocksdb.blobdb.blob.file.bytes.read COUNT : 0
rocksdb.blobdb.blob.file.synced COUNT : 0
rocksdb.blobdb.blob.index.expired.count COUNT : 0
rocksdb.blobdb.blob.index.expired.size COUNT : 0
rocksdb.blobdb.blob.index.evicted.count COUNT : 0
rocksdb.blobdb.blob.index.evicted.size COUNT : 0
rocksdb.blobdb.gc.num.files COUNT : 0
rocksdb.blobdb.gc.num.new.files COUNT : 0
rocksdb.blobdb.gc.failures COUNT : 0
rocksdb.blobdb.gc.num.keys.relocated COUNT : 0
rocksdb.blobdb.gc.bytes.relocated COUNT : 0
rocksdb.blobdb.fifo.num.files.evicted COUNT : 0
rocksdb.blobdb.fifo.num.keys.evicted COUNT : 0
rocksdb.blobdb.fifo.bytes.evicted COUNT : 0
rocksdb.blobdb.cache.miss COUNT : 0
rocksdb.blobdb.cache.hit COUNT : 0
rocksdb.blobdb.cache.add COUNT : 0
rocksdb.blobdb.cache.add.failures COUNT : 0
rocksdb.blobdb.cache.bytes.read COUNT : 0
rocksdb.blobdb.cache.bytes.write COUNT : 0
rocksdb.txn.overhead.mutex.prepare COUNT : 0
rocksdb.txn.overhead.mutex.old.commit.map COUNT : 0
rocksdb.txn.overhead.duplicate.key COUNT : 0
rocksdb.txn.overhead.mutex.snapshot COUNT : 0
rocksdb.txn.get.tryagain COUNT : 0
rocksdb.files.marked.trash COUNT : 0
rocksdb.files.marked.trash.deleted COUNT : 0
rocksdb.files.deleted.immediately COUNT : 203
rocksdb.error.handler.bg.error.count COUNT : 0
rocksdb.error.handler.bg.io.error.count COUNT : 0
rocksdb.error.handler.bg.retryable.io.error.count COUNT : 0
rocksdb.error.handler.autoresume.count COUNT : 0
rocksdb.error.handler.autoresume.retry.total.count COUNT : 0
rocksdb.error.handler.autoresume.success.count COUNT : 0
rocksdb.memtable.payload.bytes.at.flush COUNT : 5217294032
rocksdb.memtable.garbage.bytes.at.flush COUNT : 131421296
rocksdb.verify_checksum.read.bytes COUNT : 0
rocksdb.backup.read.bytes COUNT : 0
rocksdb.backup.write.bytes COUNT : 0
rocksdb.remote.compact.read.bytes COUNT : 0
rocksdb.remote.compact.write.bytes COUNT : 0
rocksdb.remote.compact.resumed.bytes COUNT : 0
rocksdb.hot.file.read.bytes COUNT : 0
rocksdb.warm.file.read.bytes COUNT : 0
rocksdb.cool.file.read.bytes COUNT : 0
rocksdb.cold.file.read.bytes COUNT : 0
rocksdb.ice.file.read.bytes COUNT : 0
rocksdb.hot.file.read.count COUNT : 0
rocksdb.warm.file.read.count COUNT : 0
rocksdb.cool.file.read.count COUNT : 0
rocksdb.cold.file.read.count COUNT : 0
rocksdb.ice.file.read.count COUNT : 0
rocksdb.last.level.read.bytes COUNT : 0
rocksdb.last.level.read.count COUNT : 0
rocksdb.non.last.level.read.bytes COUNT : 9433063253
rocksdb.non.last.level.read.count COUNT : 3858444
rocksdb.last.level.seek.filtered COUNT : 0
rocksdb.last.level.seek.filter.match COUNT : 0
rocksdb.last.level.seek.data COUNT : 0
rocksdb.last.level.seek.data.useful.no.filter COUNT : 0
rocksdb.last.level.seek.data.useful.filter.match COUNT : 0
rocksdb.non.last.level.seek.filtered COUNT : 0
rocksdb.non.last.level.seek.filter.match COUNT : 0
rocksdb.non.last.level.seek.data COUNT : 0
rocksdb.non.last.level.seek.data.useful.no.filter COUNT : 0
rocksdb.non.last.level.seek.data.useful.filter.match COUNT : 0
rocksdb.block.checksum.compute.count COUNT : 3858164
rocksdb.block.checksum.mismatch.count COUNT : 0
rocksdb.multiget.coroutine.count COUNT : 0
rocksdb.read.async.micros COUNT : 0
rocksdb.async.read.error.count COUNT : 0
rocksdb.table.open.prefetch.tail.miss COUNT : 0
rocksdb.table.open.prefetch.tail.hit COUNT : 0
rocksdb.timestamp.filter.table.checked COUNT : 0
rocksdb.timestamp.filter.table.filtered COUNT : 0
rocksdb.readahead.trimmed COUNT : 0
rocksdb.fifo.max.size.compactions COUNT : 0
rocksdb.fifo.ttl.compactions COUNT : 0
rocksdb.fifo.change_temperature.compactions COUNT : 0
rocksdb.prefetch.bytes COUNT : 0
rocksdb.prefetch.bytes.useful COUNT : 0
rocksdb.prefetch.hits COUNT : 0
rocksdb.footer.corruption.count COUNT : 0
rocksdb.file.read.corruption.retry.count COUNT : 0
rocksdb.file.read.corruption.retry.success.count COUNT : 0
rocksdb.number.wbwi.ingest COUNT : 0
rocksdb.sst.user.defined.index.load.fail.count COUNT : 0
rocksdb.multiscan.prepare.calls COUNT : 0
rocksdb.multiscan.prepare.errors COUNT : 0
rocksdb.multiscan.blocks.prefetched COUNT : 0
rocksdb.multiscan.blocks.from.cache COUNT : 0
rocksdb.multiscan.prefetch.bytes COUNT : 0
rocksdb.multiscan.prefetch.blocks.wasted COUNT : 0
rocksdb.multiscan.io.requests COUNT : 0
rocksdb.multiscan.io.coalesced.nonadjacent COUNT : 0
rocksdb.multiscan.seek.errors COUNT : 0
rocksdb.prefetch.memory.bytes.granted COUNT : 0
rocksdb.prefetch.memory.bytes.released COUNT : 0
rocksdb.prefetch.memory.requests.blocked COUNT : 0
rocksdb.read.path.range.tombstones.inserted COUNT : 0
rocksdb.read.path.range.tombstones.discarded COUNT : 0
rocksdb.file.open.metadata.retrieved COUNT : 0
rocksdb.file.open.metadata.passed COUNT : 0
rocksdb.manifest.validation.failure.count COUNT : 0
rocksdb.db.get.micros P50 : 13.181499 P95 : 2030.803640 P99 : 13065.000000 P100 : 726333.000000 COUNT : 400000 SUM : 328940371
rocksdb.db.write.micros P50 : 5.441532 P95 : 34.842152 P99 : 792.779905 P100 : 2590081.000000 COUNT : 5000000 SUM : 320993005
rocksdb.compaction.times.micros P50 : 4630000.000000 P95 : 20200000.000000 P99 : 66750000.000000 P100 : 67309892.000000 COUNT : 29 SUM : 223236773
rocksdb.compaction.times.cpu_micros P50 : 1083125.000000 P95 : 7407500.000000 P99 : 7872718.000000 P100 : 7872718.000000 COUNT : 29 SUM : 49099441
rocksdb.subcompaction.setup.times.micros P50 : 0.000000 P95 : 0.000000 P99 : 0.000000 P100 : 0.000000 COUNT : 0 SUM : 0
rocksdb.table.sync.micros P50 : 352700.000000 P95 : 1605000.000000 P99 : 2110000.000000 P100 : 2113999.000000 COUNT : 79 SUM : 48221690
rocksdb.compaction.outfile.sync.micros P50 : 787500.000000 P95 : 2137500.000000 P99 : 2473933.000000 P100 : 2473933.000000 COUNT : 61 SUM : 56753429
rocksdb.wal.file.sync.micros P50 : 0.000000 P95 : 0.000000 P99 : 0.000000 P100 : 0.000000 COUNT : 0 SUM : 0
rocksdb.manifest.file.sync.micros P50 : 5650.684932 P95 : 117500.000000 P99 : 408095.000000 P100 : 408095.000000 COUNT : 115 SUM : 2464911
rocksdb.table.open.io.micros P50 : 789.787234 P95 : 3900.000000 P99 : 9460.000000 P100 : 10696.000000 COUNT : 140 SUM : 183391
rocksdb.db.multiget.micros P50 : 0.000000 P95 : 0.000000 P99 : 0.000000 P100 : 0.000000 COUNT : 0 SUM : 0
rocksdb.read.block.compaction.micros P50 : 3.306300 P95 : 6.595939 P99 : 17.835219 P100 : 1099585.000000 COUNT : 3392165 SUM : 123186073
rocksdb.read.block.get.micros P50 : 7.548806 P95 : 1772.413641 P99 : 11549.903639 P100 : 483055.000000 COUNT : 465859 SUM : 324987296
rocksdb.write.raw.block.micros P50 : 0.530512 P95 : 1.188074 P99 : 2.792960 P100 : 547960.000000 COUNT : 3757638 SUM : 13041889
rocksdb.numfiles.in.singlecompaction P50 : 3.444444 P95 : 8.800000 P99 : 12.000000 P100 : 12.000000 COUNT : 32 SUM : 133
rocksdb.db.seek.micros P50 : 0.000000 P95 : 0.000000 P99 : 0.000000 P100 : 0.000000 COUNT : 0 SUM : 0
rocksdb.db.write.stall P50 : 1126.547724 P95 : 2617.695853 P99 : 3869.310345 P100 : 2587761.000000 COUNT : 8126 SUM : 43194430
rocksdb.sst.read.micros P50 : 0.807741 P95 : 4.733770 P99 : 1620.352619 P100 : 1099556.000000 COUNT : 3858444 SUM : 433912961
rocksdb.file.read.flush.micros P50 : 3.666667 P95 : 68.777778 P99 : 103.426667 P100 : 1446.000000 COUNT : 316 SUM : 8124
rocksdb.file.read.compaction.micros P50 : 0.728610 P95 : 2.475234 P99 : 8.708008 P100 : 1099556.000000 COUNT : 3392409 SUM : 112464714
rocksdb.file.read.db.open.micros P50 : 0.000000 P95 : 0.000000 P99 : 0.000000 P100 : 0.000000 COUNT : 0 SUM : 0
rocksdb.file.read.get.micros P50 : 0.000000 P95 : 0.000000 P99 : 0.000000 P100 : 0.000000 COUNT : 0 SUM : 0
rocksdb.file.read.multiget.micros P50 : 0.000000 P95 : 0.000000 P99 : 0.000000 P100 : 0.000000 COUNT : 0 SUM : 0
rocksdb.file.read.db.iterator.micros P50 : 0.000000 P95 : 0.000000 P99 : 0.000000 P100 : 0.000000 COUNT : 0 SUM : 0
rocksdb.file.read.verify.db.checksum.micros P50 : 0.000000 P95 : 0.000000 P99 : 0.000000 P100 : 0.000000 COUNT : 0 SUM : 0
rocksdb.file.read.verify.file.checksums.micros P50 : 0.000000 P95 : 0.000000 P99 : 0.000000 P100 : 0.000000 COUNT : 0 SUM : 0
rocksdb.sst.write.micros P50 : 0.502349 P95 : 0.954464 P99 : 0.994652 P100 : 547951.000000 COUNT : 7515416 SUM : 10920838
rocksdb.file.write.flush.micros P50 : 0.501491 P95 : 0.952833 P99 : 0.992953 P100 : 12580.000000 COUNT : 2427075 SUM : 3385049
rocksdb.file.write.compaction.micros P50 : 0.502760 P95 : 0.955244 P99 : 0.995464 P100 : 547951.000000 COUNT : 5088341 SUM : 7535790
rocksdb.file.write.db.open.micros P50 : 0.000000 P95 : 0.000000 P99 : 0.000000 P100 : 0.000000 COUNT : 0 SUM : 0
rocksdb.num.subcompactions.scheduled P50 : 0.000000 P95 : 0.000000 P99 : 0.000000 P100 : 0.000000 COUNT : 0 SUM : 0
rocksdb.bytes.per.read P50 : 1024.000000 P95 : 1024.000000 P99 : 1024.000000 P100 : 1024.000000 COUNT : 400000 SUM : 402068480
rocksdb.bytes.per.write P50 : 1088.199421 P95 : 1284.578900 P99 : 2669.004272 P100 : 4188.000000 COUNT : 4864545 SUM : 5278374540
rocksdb.bytes.per.multiget P50 : 0.000000 P95 : 0.000000 P99 : 0.000000 P100 : 0.000000 COUNT : 0 SUM : 0
rocksdb.compression.times.nanos P50 : 0.000000 P95 : 0.000000 P99 : 0.000000 P100 : 0.000000 COUNT : 0 SUM : 0
rocksdb.decompression.times.nanos P50 : 0.000000 P95 : 0.000000 P99 : 0.000000 P100 : 0.000000 COUNT : 0 SUM : 0
rocksdb.read.num.merge_operands P50 : 0.000000 P95 : 0.000000 P99 : 0.000000 P100 : 0.000000 COUNT : 0 SUM : 0
rocksdb.blobdb.key.size P50 : 0.000000 P95 : 0.000000 P99 : 0.000000 P100 : 0.000000 COUNT : 0 SUM : 0
rocksdb.blobdb.value.size P50 : 0.000000 P95 : 0.000000 P99 : 0.000000 P100 : 0.000000 COUNT : 0 SUM : 0
rocksdb.blobdb.write.micros P50 : 0.000000 P95 : 0.000000 P99 : 0.000000 P100 : 0.000000 COUNT : 0 SUM : 0
rocksdb.blobdb.get.micros P50 : 0.000000 P95 : 0.000000 P99 : 0.000000 P100 : 0.000000 COUNT : 0 SUM : 0
rocksdb.blobdb.multiget.micros P50 : 0.000000 P95 : 0.000000 P99 : 0.000000 P100 : 0.000000 COUNT : 0 SUM : 0
rocksdb.blobdb.seek.micros P50 : 0.000000 P95 : 0.000000 P99 : 0.000000 P100 : 0.000000 COUNT : 0 SUM : 0
rocksdb.blobdb.next.micros P50 : 0.000000 P95 : 0.000000 P99 : 0.000000 P100 : 0.000000 COUNT : 0 SUM : 0
rocksdb.blobdb.prev.micros P50 : 0.000000 P95 : 0.000000 P99 : 0.000000 P100 : 0.000000 COUNT : 0 SUM : 0
rocksdb.blobdb.blob.file.write.micros P50 : 0.000000 P95 : 0.000000 P99 : 0.000000 P100 : 0.000000 COUNT : 0 SUM : 0
rocksdb.blobdb.blob.file.read.micros P50 : 0.000000 P95 : 0.000000 P99 : 0.000000 P100 : 0.000000 COUNT : 0 SUM : 0
rocksdb.blobdb.blob.file.sync.micros P50 : 0.000000 P95 : 0.000000 P99 : 0.000000 P100 : 0.000000 COUNT : 0 SUM : 0
rocksdb.blobdb.compression.micros P50 : 0.000000 P95 : 0.000000 P99 : 0.000000 P100 : 0.000000 COUNT : 0 SUM : 0
rocksdb.blobdb.decompression.micros P50 : 0.000000 P95 : 0.000000 P99 : 0.000000 P100 : 0.000000 COUNT : 0 SUM : 0
rocksdb.db.flush.micros P50 : 702391.304348 P95 : 1912500.000000 P99 : 2702500.000000 P100 : 2732706.000000 COUNT : 79 SUM : 68525472
rocksdb.sst.batch.size P50 : 0.000000 P95 : 0.000000 P99 : 0.000000 P100 : 0.000000 COUNT : 0 SUM : 0
rocksdb.multiget.io.batch.size P50 : 0.000000 P95 : 0.000000 P99 : 0.000000 P100 : 0.000000 COUNT : 0 SUM : 0
rocksdb.num.index.and.filter.blocks.read.per.level P50 : 0.000000 P95 : 0.000000 P99 : 0.000000 P100 : 0.000000 COUNT : 0 SUM : 0
rocksdb.num.sst.read.per.level P50 : 0.000000 P95 : 0.000000 P99 : 0.000000 P100 : 0.000000 COUNT : 0 SUM : 0
rocksdb.num.level.read.per.multiget P50 : 0.000000 P95 : 0.000000 P99 : 0.000000 P100 : 0.000000 COUNT : 0 SUM : 0
rocksdb.error.handler.autoresume.retry.count P50 : 0.000000 P95 : 0.000000 P99 : 0.000000 P100 : 0.000000 COUNT : 0 SUM : 0
rocksdb.async.read.bytes P50 : 0.000000 P95 : 0.000000 P99 : 0.000000 P100 : 0.000000 COUNT : 0 SUM : 0
rocksdb.poll.wait.micros P50 : 0.000000 P95 : 0.000000 P99 : 0.000000 P100 : 0.000000 COUNT : 0 SUM : 0
rocksdb.compaction.prefetch.bytes P50 : 0.000000 P95 : 0.000000 P99 : 0.000000 P100 : 0.000000 COUNT : 0 SUM : 0
rocksdb.prefetched.bytes.discarded P50 : 0.000000 P95 : 0.000000 P99 : 0.000000 P100 : 0.000000 COUNT : 0 SUM : 0
rocksdb.async.prefetch.abort.micros P50 : 0.000000 P95 : 0.000000 P99 : 0.000000 P100 : 0.000000 COUNT : 0 SUM : 0
rocksdb.table.open.prefetch.tail.read.bytes P50 : 0.000000 P95 : 0.000000 P99 : 0.000000 P100 : 0.000000 COUNT : 0 SUM : 0
rocksdb.num.op.per.transaction P50 : 0.000000 P95 : 0.000000 P99 : 0.000000 P100 : 0.000000 COUNT : 0 SUM : 0
rocksdb.multiscan.op.prepare.iterators.micros P50 : 0.000000 P95 : 0.000000 P99 : 0.000000 P100 : 0.000000 COUNT : 0 SUM : 0
rocksdb.multiscan.prepare.micros P50 : 0.000000 P95 : 0.000000 P99 : 0.000000 P100 : 0.000000 COUNT : 0 SUM : 0
rocksdb.multiscan.blocks.per.prepare P50 : 0.000000 P95 : 0.000000 P99 : 0.000000 P100 : 0.000000 COUNT : 0 SUM : 0
rocksdb.block.key.distribution.cv P50 : 0.000000 P95 : 0.000000 P99 : 0.000000 P100 : 0.000000 COUNT : 0 SUM : 0

[EXPERIMENT_COMPLETED]
