RocksDB:    version 11.3.0
Date:       Tue May 26 09:47:01 2026
CPU:        2 * Intel Xeon Processor (SapphireRapids)
CPUCache:   16384 KB
2026/05/26-09:47:02  ... thread 1: (31000,31000) ops and (30865.4,30865.4) ops/second in (1.004360,1.004360) seconds
2026/05/26-09:47:02  ... thread 2: (35000,35000) ops and (34686.2,34686.2) ops/second in (1.009048,1.009048) seconds
2026/05/26-09:47:02  ... thread 0: (36000,36000) ops and (35339.2,35339.2) ops/second in (1.018700,1.018700) seconds
2026/05/26-09:47:02  ... thread 3: (34000,34000) ops and (33094.2,33094.2) ops/second in (1.027369,1.027369) seconds
2026/05/26-09:47:03  ... thread 1: (29000,60000) ops and (28868.0,29866.6) ops/second in (1.004574,2.008934) seconds
2026/05/26-09:47:03  ... thread 2: (29000,64000) ops and (28593.0,31631.8) ops/second in (1.014234,2.023282) seconds
2026/05/26-09:47:03  ... thread 0: (31000,67000) ops and (30756.0,33059.7) ops/second in (1.007934,2.026634) seconds
2026/05/26-09:47:03  ... thread 3: (31000,65000) ops and (30930.3,32025.7) ops/second in (1.002253,2.029622) seconds
2026/05/26-09:47:05  ... thread 1: (28000,88000) ops and (16322.3,23628.1) ops/second in (1.715443,3.724377) seconds
2026/05/26-09:47:05  ... thread 0: (31000,98000) ops and (18039.6,26167.7) ops/second in (1.718446,3.745080) seconds
2026/05/26-09:47:05  ... thread 3: (28000,93000) ops and (16296.2,24814.5) ops/second in (1.718190,3.747812) seconds
2026/05/26-09:47:05  ... thread 2: (32000,96000) ops and (18558.2,25616.5) ops/second in (1.724304,3.747586) seconds
2026/05/26-09:47:06  ... thread 0: (14000,112000) ops and (11707.3,22667.9) ops/second in (1.195833,4.940913) seconds
2026/05/26-09:47:06  ... thread 1: (19000,107000) ops and (15557.4,21635.1) ops/second in (1.221283,4.945660) seconds
2026/05/26-09:47:06  ... thread 3: (15000,108000) ops and (12490.2,21823.7) ops/second in (1.200937,4.948749) seconds
2026/05/26-09:47:06  ... thread 2: (15000,111000) ops and (12453.1,22414.7) ops/second in (1.204522,4.952108) seconds
2026/05/26-09:47:07  ... thread 2: (31000,142000) ops and (29598.3,23668.8) ops/second in (1.047359,5.999467) seconds
2026/05/26-09:47:07  ... thread 0: (32000,144000) ops and (30209.9,23999.3) ops/second in (1.059254,6.000167) seconds
2026/05/26-09:47:07  ... thread 1: (30000,137000) ops and (28388.1,22824.0) ops/second in (1.056781,6.002441) seconds
2026/05/26-09:47:07  ... thread 3: (31000,139000) ops and (29074.6,23109.0) ops/second in (1.066223,6.014972) seconds
2026/05/26-09:47:08  ... thread 2: (30000,172000) ops and (18894.1,22669.6) ops/second in (1.587796,7.587263) seconds
2026/05/26-09:47:08  ... thread 0: (31000,175000) ops and (19398.6,23031.7) ops/second in (1.598055,7.598222) seconds
2026/05/26-09:47:08  ... thread 1: (32000,169000) ops and (19892.2,22204.4) ops/second in (1.608673,7.611114) seconds
2026/05/26-09:47:08  ... thread 3: (32000,171000) ops and (19987.4,22452.8) ops/second in (1.601006,7.615978) seconds
2026/05/26-09:47:10  ... thread 1: (16000,185000) ops and (13700.3,21073.1) ops/second in (1.167859,8.778973) seconds
2026/05/26-09:47:10  ... thread 2: (14000,186000) ops and (11652.6,21163.5) ops/second in (1.201445,8.788708) seconds
2026/05/26-09:47:10  ... thread 0: (17000,192000) ops and (14234.5,21836.8) ops/second in (1.194283,8.792505) seconds
2026/05/26-09:47:10  ... thread 3: (15000,186000) ops and (12692.7,21141.8) ops/second in (1.181779,8.797757) seconds
2026/05/26-09:47:11  ... thread 1: (16000,201000) ops and (12635.3,20009.4) ops/second in (1.266290,10.045263) seconds
2026/05/26-09:47:11  ... thread 2: (16000,202000) ops and (12686.9,20099.8) ops/second in (1.261141,10.049849) seconds
2026/05/26-09:47:11  ... thread 3: (15000,201000) ops and (11890.0,19981.5) ops/second in (1.261565,10.059322) seconds
2026/05/26-09:47:11  ... thread 0: (15000,207000) ops and (11631.5,20531.4) ops/second in (1.289602,10.082107) seconds
2026/05/26-09:47:12  ... thread 2: (19000,221000) ops and (15894.8,19652.8) ops/second in (1.195360,11.245209) seconds
2026/05/26-09:47:12  ... thread 3: (14000,215000) ops and (11760.1,19111.5) ops/second in (1.190469,11.249791) seconds
2026/05/26-09:47:12  ... thread 0: (13000,220000) ops and (11138.3,19556.9) ops/second in (1.167145,11.249252) seconds
2026/05/26-09:47:12  ... thread 1: (16000,217000) ops and (13188.3,19274.4) ops/second in (1.213192,11.258455) seconds
2026/05/26-09:47:14  ... thread 3: (14000,229000) ops and (7813.2,17559.2) ops/second in (1.791828,13.041619) seconds
2026/05/26-09:47:14  ... thread 1: (15000,232000) ops and (8372.4,17777.7) ops/second in (1.791610,13.050065) seconds
2026/05/26-09:47:14  ... thread 2: (18000,239000) ops and (9837.0,18279.1) ops/second in (1.829825,13.075034) seconds
2026/05/26-09:47:14  ... thread 0: (15000,235000) ops and (8212.4,17972.2) ops/second in (1.826501,13.075753) seconds
2026/05/26-09:47:15  ... thread 3: (28000,257000) ops and (27486.8,18278.4) ops/second in (1.018669,14.060288) seconds
2026/05/26-09:47:15  ... thread 1: (28000,260000) ops and (27428.4,18477.8) ops/second in (1.020839,14.070904) seconds
2026/05/26-09:47:15  ... thread 2: (28000,267000) ops and (27673.7,18953.9) ops/second in (1.011790,14.086824) seconds
2026/05/26-09:47:15  ... thread 0: (28000,263000) ops and (27248.9,18648.1) ops/second in (1.027566,14.103319) seconds
2026/05/26-09:47:16  ... thread 2: (18000,285000) ops and (16281.9,18759.4) ops/second in (1.105522,15.192346) seconds
2026/05/26-09:47:16  ... thread 0: (18000,281000) ops and (16482.0,18492.4) ops/second in (1.092102,15.195421) seconds
2026/05/26-09:47:16  ... thread 3: (20000,277000) ops and (17491.8,18219.3) ops/second in (1.143394,15.203682) seconds
2026/05/26-09:47:16  ... thread 1: (18000,278000) ops and (15824.5,18279.4) ops/second in (1.137478,15.208382) seconds
2026/05/26-09:47:17  ... thread 2: (27000,312000) ops and (26939.2,19265.7) ops/second in (1.002258,16.194604) seconds
2026/05/26-09:47:17  ... thread 0: (30000,311000) ops and (29609.5,19187.3) ops/second in (1.013190,16.208611) seconds
2026/05/26-09:47:17  ... thread 3: (27000,304000) ops and (26286.7,18729.8) ops/second in (1.027137,16.230819) seconds
2026/05/26-09:47:17  ... thread 1: (29000,307000) ops and (27960.1,18897.5) ops/second in (1.037191,16.245573) seconds
2026/05/26-09:47:18  ... thread 0: (11000,322000) ops and (10950.7,18706.7) ops/second in (1.004503,17.213114) seconds
2026/05/26-09:47:18  ... thread 2: (11000,323000) ops and (10560.4,18739.6) ops/second in (1.041625,17.236229) seconds
2026/05/26-09:47:18  ... thread 1: (10000,317000) ops and (9836.1,18363.8) ops/second in (1.016658,17.262231) seconds
2026/05/26-09:47:18  ... thread 3: (10000,314000) ops and (9445.7,18161.3) ops/second in (1.058682,17.289501) seconds
2026/05/26-09:47:19  ... thread 0: (22000,344000) ops and (21845.3,18880.1) ops/second in (1.007081,18.220195) seconds
2026/05/26-09:47:19  ... thread 2: (20000,343000) ops and (19652.4,18790.5) ops/second in (1.017686,18.253915) seconds
2026/05/26-09:47:19  ... thread 1: (24000,341000) ops and (23647.8,18657.2) ops/second in (1.014894,18.277125) seconds
2026/05/26-09:47:21  ... thread 2: (2000,345000) ops and (1121.5,17217.9) ops/second in (1.783356,20.037271) seconds
2026/05/26-09:47:21  ... thread 0: (3000,347000) ops and (1649.0,17315.8) ops/second in (1.819335,20.039530) seconds
2026/05/26-09:47:21  ... thread 3: (21000,335000) ops and (7613.2,16710.0) ops/second in (2.758354,20.047855) seconds
2026/05/26-09:47:21  ... thread 1: (2000,343000) ops and (1125.4,17103.5) ops/second in (1.777223,20.054348) seconds
2026/05/26-09:47:22  ... thread 3: (27000,362000) ops and (26947.9,17197.3) ops/second in (1.001934,21.049789) seconds
2026/05/26-09:47:22  ... thread 0: (25000,372000) ops and (24771.0,17673.2) ops/second in (1.009244,21.048774) seconds
2026/05/26-09:47:22  ... thread 2: (24000,369000) ops and (23542.5,17524.1) ops/second in (1.019434,21.056705) seconds
2026/05/26-09:47:22  ... thread 1: (27000,370000) ops and (26481.5,17557.2) ops/second in (1.019579,21.073927) seconds
2026/05/26-09:47:23  ... thread 1: (21000,391000) ops and (14290.9,17344.3) ops/second in (1.469462,22.543389) seconds
2026/05/26-09:47:23  ... thread 2: (22000,391000) ops and (14734.2,17339.4) ops/second in (1.493128,22.549833) seconds
2026/05/26-09:47:23  ... thread 0: (22000,394000) ops and (14650.9,17472.0) ops/second in (1.501618,22.550392) seconds
2026/05/26-09:47:23  ... thread 3: (20000,382000) ops and (13301.7,16937.6) ops/second in (1.503572,22.553361) seconds
2026/05/26-09:47:24  ... thread 1: (27000,418000) ops and (26700.7,17746.0) ops/second in (1.011211,23.554600) seconds
2026/05/26-09:47:24  ... thread 0: (28000,422000) ops and (27500.2,17905.2) ops/second in (1.018175,23.568567) seconds
2026/05/26-09:47:24  ... thread 2: (25000,416000) ops and (24421.8,17646.9) ops/second in (1.023675,23.573508) seconds
2026/05/26-09:47:24  ... thread 3: (28000,410000) ops and (27237.9,17386.6) ops/second in (1.027981,23.581342) seconds
2026/05/26-09:47:25  ... thread 0: (13000,435000) ops and (12953.3,17703.0) ops/second in (1.003606,24.572173) seconds
2026/05/26-09:47:25  ... thread 1: (13000,431000) ops and (12653.9,17533.2) ops/second in (1.027348,24.581948) seconds
2026/05/26-09:47:25  ... thread 3: (10000,420000) ops and (9921.4,17080.6) ops/second in (1.007925,24.589267) seconds
2026/05/26-09:47:25  ... thread 2: (10000,426000) ops and (9685.4,17312.9) ops/second in (1.032481,24.605989) seconds
2026/05/26-09:47:27  ... thread 2: (8000,434000) ops and (6879.5,16842.0) ops/second in (1.162876,25.768865) seconds
2026/05/26-09:47:27  ... thread 1: (9000,440000) ops and (7539.5,17070.4) ops/second in (1.193707,25.775655) seconds
2026/05/26-09:47:27  ... thread 3: (7000,427000) ops and (5900.0,16566.0) ops/second in (1.186448,25.775715) seconds
2026/05/26-09:47:27  ... thread 0: (9000,444000) ops and (7420.2,17219.3) ops/second in (1.212911,25.785084) seconds
2026/05/26-09:47:28  ... thread 3: (30000,457000) ops and (29521.8,17057.4) ops/second in (1.016198,26.791913) seconds
2026/05/26-09:47:28  ... thread 2: (29000,463000) ops and (28297.7,17280.2) ops/second in (1.024818,26.793683) seconds
2026/05/26-09:47:28  ... thread 1: (29000,469000) ops and (28416.6,17502.5) ops/second in (1.020530,26.796185) seconds
2026/05/26-09:47:28  ... thread 0: (31000,475000) ops and (30096.2,17713.9) ops/second in (1.030029,26.815113) seconds
2026/05/26-09:47:29  ... thread 3: (26000,483000) ops and (25689.7,17371.6) ops/second in (1.012080,27.803993) seconds
2026/05/26-09:47:29  ... thread 1: (28000,497000) ops and (27695.9,17873.1) ops/second in (1.010980,27.807165) seconds
2026/05/26-09:47:29  ... thread 2: (26000,489000) ops and (25242.0,17574.9) ops/second in (1.030029,27.823712) seconds
2026/05/26-09:47:29  ... thread 0: (26000,501000) ops and (25607.6,18001.9) ops/second in (1.015324,27.830437) seconds
2026/05/26-09:47:30  ... thread 3: (22000,505000) ops and (21419.8,17515.8) ops/second in (1.027085,28.831078) seconds
2026/05/26-09:47:30  ... thread 1: (25000,522000) ops and (24092.7,18096.8) ops/second in (1.037660,28.844825) seconds
2026/05/26-09:47:30  ... thread 0: (24000,525000) ops and (23570.2,18198.4) ops/second in (1.018236,28.848673) seconds
2026/05/26-09:47:30  ... thread 2: (25000,514000) ops and (24067.6,17808.6) ops/second in (1.038739,28.862451) seconds
2026/05/26-09:47:31  ... thread 1: (19000,541000) ops and (18958.0,18125.7) ops/second in (1.002217,29.847042) seconds
2026/05/26-09:47:31  ... thread 0: (20000,545000) ops and (19850.2,18254.2) ops/second in (1.007547,29.856220) seconds
2026/05/26-09:47:31  ... thread 3: (19000,524000) ops and (18410.8,17546.7) ops/second in (1.032004,29.863082) seconds
2026/05/26-09:47:31  ... thread 2: (19000,533000) ops and (18797.9,17842.1) ops/second in (1.010751,29.873202) seconds
2026/05/26-09:47:32  ... thread 1: (13000,554000) ops and (12781.5,17949.6) ops/second in (1.017092,30.864134) seconds
2026/05/26-09:47:32  ... thread 0: (12000,557000) ops and (11856.5,18044.4) ops/second in (1.012105,30.868325) seconds
2026/05/26-09:47:32  ... thread 3: (13000,537000) ops and (12884.4,17394.4) ops/second in (1.008969,30.872051) seconds
2026/05/26-09:47:32  ... thread 2: (14000,547000) ops and (13798.6,17709.3) ops/second in (1.014593,30.887795) seconds
2026/05/26-09:47:34  ... thread 3: (12000,549000) ops and (6284.5,16747.2) ops/second in (1.909465,32.781516) seconds
2026/05/26-09:47:34  ... thread 1: (12000,566000) ops and (6239.8,17262.8) ops/second in (1.923127,32.787261) seconds
2026/05/26-09:47:34  ... thread 0: (11000,568000) ops and (5733.4,17324.0) ops/second in (1.918571,32.786896) seconds
2026/05/26-09:47:34  ... thread 2: (12000,559000) ops and (6296.9,17046.1) ops/second in (1.905705,32.793500) seconds
2026/05/26-09:47:35  ... thread 1: (17000,583000) ops and (15746.5,17214.5) ops/second in (1.079605,33.866866) seconds
2026/05/26-09:47:35  ... thread 0: (14000,582000) ops and (12922.9,17183.2) ops/second in (1.083351,33.870247) seconds
2026/05/26-09:47:35  ... thread 3: (17000,566000) ops and (15524.3,16707.7) ops/second in (1.095058,33.876574) seconds
2026/05/26-09:47:35  ... thread 2: (15000,574000) ops and (13837.9,16943.4) ops/second in (1.083980,33.877480) seconds
2026/05/26-09:47:36  ... thread 1: (23000,606000) ops and (22775.9,17375.5) ops/second in (1.009840,34.876706) seconds
2026/05/26-09:47:36  ... thread 3: (24000,590000) ops and (23948.7,16915.8) ops/second in (1.002141,34.878715) seconds
2026/05/26-09:47:36  ... thread 2: (22000,596000) ops and (21506.0,17077.1) ops/second in (1.022970,34.900450) seconds
2026/05/26-09:47:36  ... thread 0: (22000,604000) ops and (21310.8,17305.3) ops/second in (1.032342,34.902589) seconds
2026/05/26-09:47:38  ... thread 2: (24000,620000) ops and (11724.4,16780.6) ops/second in (2.047005,36.947455) seconds
2026/05/26-09:47:38  ... thread 0: (23000,627000) ops and (11224.7,16968.1) ops/second in (2.049051,36.951640) seconds
2026/05/26-09:47:38  ... thread 1: (23000,629000) ops and (11073.3,17021.3) ops/second in (2.077077,36.953783) seconds
2026/05/26-09:47:38  ... thread 3: (25000,615000) ops and (12038.8,16641.7) ops/second in (2.076612,36.955327) seconds
2026/05/26-09:47:39  ... thread 1: (25000,654000) ops and (24991.6,17231.3) ops/second in (1.000335,37.954118) seconds
2026/05/26-09:47:39  ... thread 2: (27000,647000) ops and (26636.0,17043.8) ops/second in (1.013664,37.961119) seconds
2026/05/26-09:47:39  ... thread 0: (24000,651000) ops and (23725.9,17148.2) ops/second in (1.011552,37.963192) seconds
2026/05/26-09:47:39  ... thread 3: (24000,639000) ops and (23576.5,16827.6) ops/second in (1.017964,37.973291) seconds
2026/05/26-09:47:40  ... thread 1: (21000,675000) ops and (13351.3,17076.9) ops/second in (1.572883,39.527001) seconds
2026/05/26-09:47:40  ... thread 0: (22000,673000) ops and (14076.6,17026.7) ops/second in (1.562875,39.526067) seconds
2026/05/26-09:47:40  ... thread 2: (21000,668000) ops and (13383.4,16898.5) ops/second in (1.569107,39.530226) seconds
2026/05/26-09:47:40  ... thread 3: (23000,662000) ops and (14473.0,16733.0) ops/second in (1.589164,39.562455) seconds
2026/05/26-09:47:42  ... thread 2: (16000,684000) ops and (11155.3,16697.4) ops/second in (1.434293,40.964519) seconds
2026/05/26-09:47:42  ... thread 3: (14000,676000) ops and (9947.9,16500.0) ops/second in (1.407339,40.969794) seconds
2026/05/26-09:47:42  ... thread 0: (17000,690000) ops and (11740.4,16839.9) ops/second in (1.447992,40.974059) seconds
2026/05/26-09:47:42  ... thread 1: (15000,690000) ops and (10203.7,16830.5) ops/second in (1.470053,40.997054) seconds
2026/05/26-09:47:43  ... thread 2: (24000,708000) ops and (23520.0,16863.2) ops/second in (1.020410,41.984929) seconds
2026/05/26-09:47:43  ... thread 3: (23000,699000) ops and (22574.6,16647.4) ops/second in (1.018843,41.988637) seconds
2026/05/26-09:47:43  ... thread 0: (25000,715000) ops and (24545.3,17026.8) ops/second in (1.018526,41.992585) seconds
2026/05/26-09:47:43  ... thread 1: (27000,717000) ops and (26217.4,17060.5) ops/second in (1.029849,42.026903) seconds
2026/05/26-09:47:44  ... thread 2: (26000,734000) ops and (25950.0,17075.0) ops/second in (1.001927,42.986856) seconds
2026/05/26-09:47:44  ... thread 3: (26000,725000) ops and (25637.5,16859.4) ops/second in (1.014139,43.002776) seconds
2026/05/26-09:47:44  ... thread 0: (23000,738000) ops and (22764.9,17161.6) ops/second in (1.010329,43.002914) seconds
2026/05/26-09:47:44  ... thread 1: (25000,742000) ops and (24673.3,17239.7) ops/second in (1.013243,43.040146) seconds
2026/05/26-09:47:46  ... thread 0: (29000,767000) ops and (13633.0,16995.3) ops/second in (2.127185,45.130099) seconds
2026/05/26-09:47:46  ... thread 3: (28000,753000) ops and (13100.6,16681.4) ops/second in (2.137307,45.140083) seconds
2026/05/26-09:47:46  ... thread 1: (29000,771000) ops and (13770.2,17077.9) ops/second in (2.106003,45.146149) seconds
2026/05/26-09:47:46  ... thread 2: (26000,760000) ops and (12036.7,16833.9) ops/second in (2.160052,45.146908) seconds
2026/05/26-09:47:47  ... thread 2: (27000,787000) ops and (25119.4,17026.6) ops/second in (1.074867,46.221775) seconds
2026/05/26-09:47:47  ... thread 3: (34000,787000) ops and (31178.2,17023.4) ops/second in (1.090507,46.230590) seconds
2026/05/26-09:47:47  ... thread 1: (33000,804000) ops and (30351.0,17390.0) ops/second in (1.087280,46.233429) seconds
2026/05/26-09:47:47  ... thread 0: (30000,797000) ops and (26946.4,17234.9) ops/second in (1.113323,46.243422) seconds
2026/05/26-09:47:48  ... thread 2: (23000,810000) ops and (22910.7,17151.7) ops/second in (1.003899,47.225674) seconds
2026/05/26-09:47:48  ... thread 3: (23000,810000) ops and (22735.8,17145.7) ops/second in (1.011622,47.242212) seconds
2026/05/26-09:47:48  ... thread 0: (27000,824000) ops and (26713.5,17437.6) ops/second in (1.010724,47.254146) seconds
2026/05/26-09:47:48  ... thread 1: (27000,831000) ops and (26169.3,17581.7) ops/second in (1.031745,47.265174) seconds
2026/05/26-09:47:50  ... thread 3: (6000,816000) ops and (3779.6,16711.2) ops/second in (1.587455,48.829667) seconds
2026/05/26-09:47:50  ... thread 2: (7000,817000) ops and (4318.6,16725.8) ops/second in (1.620911,48.846585) seconds
2026/05/26-09:47:50  ... thread 0: (6000,830000) ops and (3731.2,16986.5) ops/second in (1.608054,48.862200) seconds
2026/05/26-09:47:50  ... thread 1: (6000,837000) ops and (3750.3,17128.8) ops/second in (1.599879,48.865053) seconds
2026/05/26-09:47:52  ... thread 3: (17000,833000) ops and (9158.6,16434.6) ops/second in (1.856182,50.685849) seconds
2026/05/26-09:47:52  ... thread 0: (14000,844000) ops and (7624.0,16647.4) ops/second in (1.836297,50.698497) seconds
2026/05/26-09:47:52  ... thread 1: (17000,854000) ops and (9251.0,16843.3) ops/second in (1.837643,50.702696) seconds
2026/05/26-09:47:52  ... thread 2: (15000,832000) ops and (8058.3,16407.7) ops/second in (1.861428,50.708013) seconds
2026/05/26-09:47:53  ... thread 0: (28000,872000) ops and (27669.9,16863.1) ops/second in (1.011929,51.710426) seconds
2026/05/26-09:47:53  ... thread 1: (29000,883000) ops and (28709.2,17075.1) ops/second in (1.010130,51.712826) seconds
2026/05/26-09:47:53  ... thread 3: (31000,864000) ops and (30132.3,16707.1) ops/second in (1.028796,51.714645) seconds
2026/05/26-09:47:53  ... thread 2: (27000,859000) ops and (26332.8,16604.4) ops/second in (1.025338,51.733351) seconds
2026/05/26-09:47:54  ... thread 3: (23000,887000) ops and (22973.1,16826.1) ops/second in (1.001169,52.715814) seconds
2026/05/26-09:47:54  ... thread 1: (29000,912000) ops and (28759.6,17298.5) ops/second in (1.008358,52.721184) seconds
2026/05/26-09:47:54  ... thread 2: (27000,886000) ops and (26961.6,16801.1) ops/second in (1.001425,52.734776) seconds
2026/05/26-09:47:54  ... thread 0: (26000,898000) ops and (24969.1,17023.1) ops/second in (1.041286,52.751712) seconds
2026/05/26-09:47:55  ... thread 0: (25000,923000) ops and (24096.3,17159.6) ops/second in (1.037505,53.789217) seconds
2026/05/26-09:47:55  ... thread 2: (21000,907000) ops and (19912.4,16862.1) ops/second in (1.054617,53.789393) seconds
2026/05/26-09:47:55  ... thread 3: (21000,908000) ops and (19530.3,16880.1) ops/second in (1.075252,53.791066) seconds
2026/05/26-09:47:55  ... thread 1: (22000,934000) ops and (20382.0,17360.4) ops/second in (1.079386,53.800570) seconds
2026/05/26-09:47:56  ... thread 0: (18000,941000) ops and (14110.3,17088.9) ops/second in (1.275661,55.064878) seconds
2026/05/26-09:47:56  ... thread 2: (15000,922000) ops and (11690.4,16741.6) ops/second in (1.283107,55.072500) seconds
2026/05/26-09:47:56  ... thread 1: (16000,950000) ops and (12517.5,17248.0) ops/second in (1.278210,55.078780) seconds
2026/05/26-09:47:56  ... thread 3: (16000,924000) ops and (12368.9,16774.2) ops/second in (1.293567,55.084633) seconds
2026/05/26-09:47:57  ... thread 3: (14000,938000) ops and (10139.9,16612.0) ops/second in (1.380683,56.465316) seconds
2026/05/26-09:47:57  ... thread 1: (16000,966000) ops and (11525.5,17107.3) ops/second in (1.388221,56.467001) seconds
2026/05/26-09:47:57  ... thread 0: (16000,957000) ops and (11415.4,16948.1) ops/second in (1.401612,56.466490) seconds
2026/05/26-09:47:57  ... thread 2: (16000,938000) ops and (11468.9,16611.3) ops/second in (1.395073,56.467573) seconds
2026/05/26-09:47:58  ... thread 2: (28000,966000) ops and (25977.0,16786.7) ops/second in (1.077876,57.545449) seconds
2026/05/26-09:47:58  ... thread 0: (33000,990000) ops and (30209.0,17199.8) ops/second in (1.092388,57.558878) seconds
2026/05/26-09:47:58  ... thread 1: (31000,997000) ops and (27902.0,17315.6) ops/second in (1.111030,57.578031) seconds
2026/05/26-09:47:58  ... thread 3: (31000,969000) ops and (27712.7,16827.6) ops/second in (1.118619,57.583935) seconds
2026/05/26-09:47:59  ... thread 2: (26000,992000) ops and (25757.4,16941.4) ops/second in (1.009419,58.554868) seconds
2026/05/26-09:47:59  ... thread 0: (27000,1017000) ops and (26742.2,17364.3) ops/second in (1.009639,58.568517) seconds
2026/05/26-09:47:59  ... thread 1: (30000,1027000) ops and (29486.2,17527.0) ops/second in (1.017425,58.595456) seconds
2026/05/26-09:47:59  ... thread 3: (26000,995000) ops and (25685.5,16980.6) ops/second in (1.012246,58.596181) seconds
2026/05/26-09:48:00  ... thread 0: (17000,1034000) ops and (16939.8,17357.1) ops/second in (1.003555,59.572072) seconds
2026/05/26-09:48:00  ... thread 2: (16000,1008000) ops and (15660.2,16919.4) ops/second in (1.021700,59.576568) seconds
2026/05/26-09:48:00  ... thread 3: (18000,1013000) ops and (17826.7,16995.0) ops/second in (1.009720,59.605901) seconds
2026/05/26-09:48:00  ... thread 1: (18000,1045000) ops and (17654.4,17529.1) ops/second in (1.019578,59.615034) seconds
2026/05/26-09:48:01  ... thread 2: (7000,1015000) ops and (6958.8,16754.0) ops/second in (1.005915,60.582483) seconds
2026/05/26-09:48:01  ... thread 0: (8000,1042000) ops and (7832.2,17196.6) ops/second in (1.021423,60.593495) seconds
2026/05/26-09:48:01  ... thread 1: (9000,1054000) ops and (8980.6,17387.8) ops/second in (1.002163,60.617197) seconds
2026/05/26-09:48:01  ... thread 3: (9000,1022000) ops and (8863.2,16858.7) ops/second in (1.015440,60.621341) seconds
2026/05/26-09:48:02  ... thread 2: (21000,1036000) ops and (20978.1,16822.7) ops/second in (1.001043,61.583526) seconds
2026/05/26-09:48:02  ... thread 0: (25000,1067000) ops and (24541.1,17318.0) ops/second in (1.018699,61.612194) seconds
2026/05/26-09:48:02  ... thread 3: (20000,1042000) ops and (19970.7,16909.3) ops/second in (1.001465,61.622806) seconds
2026/05/26-09:48:03  ... thread 1: (22000,1076000) ops and (21782.2,17459.8) ops/second in (1.009998,61.627195) seconds
2026/05/26-09:48:03  ... thread 0: (20000,1087000) ops and (19876.1,17359.1) ops/second in (1.006233,62.618427) seconds
2026/05/26-09:48:04  ... thread 1: (18000,1094000) ops and (15625.3,17426.2) ops/second in (1.151977,62.779172) seconds
2026/05/26-09:48:04  ... thread 3: (19000,1061000) ops and (13080.2,16821.1) ops/second in (1.452581,63.075387) seconds
2026/05/26-09:48:04  ... thread 2: (18000,1054000) ops and (11480.4,16690.0) ops/second in (1.567889,63.151415) seconds
2026/05/26-09:48:05  ... thread 1: (2000,1096000) ops and (1967.8,17179.9) ops/second in (1.016349,63.795521) seconds
2026/05/26-09:48:05  ... thread 0: (3000,1090000) ops and (2157.8,17028.9) ops/second in (1.390285,64.008712) seconds
2026/05/26-09:48:05  ... thread 3: (5000,1066000) ops and (4962.2,16634.7) ops/second in (1.007615,64.083002) seconds
2026/05/26-09:48:05  ... thread 2: (6000,1060000) ops and (5975.0,16522.3) ops/second in (1.004187,64.155602) seconds
2026/05/26-09:48:06  ... thread 1: (30000,1126000) ops and (23385.7,17302.2) ops/second in (1.282836,65.078357) seconds
2026/05/26-09:48:06  ... thread 3: (27000,1093000) ops and (26184.7,16785.9) ops/second in (1.031137,65.114139) seconds
2026/05/26-09:48:06  ... thread 0: (28000,1118000) ops and (25329.6,17169.9) ops/second in (1.105425,65.114137) seconds
2026/05/26-09:48:06  ... thread 2: (27000,1087000) ops and (26459.6,16677.9) ops/second in (1.020424,65.176026) seconds
2026/05/26-09:48:07  ... thread 1: (17000,1143000) ops and (15042.0,17263.6) ops/second in (1.130168,66.208525) seconds
2026/05/26-09:48:08  ... thread 3: (17000,1110000) ops and (10255.6,16623.8) ops/second in (1.657625,66.771764) seconds
2026/05/26-09:48:08  ... thread 2: (14000,1101000) ops and (8753.3,16488.1) ops/second in (1.599398,66.775424) seconds
2026/05/26-09:48:08  ... thread 0: (14000,1132000) ops and (8396.0,16950.8) ops/second in (1.667464,66.781601) seconds
2026/05/26-09:48:08  ... thread 1: (2000,1145000) ops and (1549.6,16963.2) ops/second in (1.290658,67.499183) seconds
2026/05/26-09:48:09  ... thread 3: (10000,1120000) ops and (9961.6,16525.1) ops/second in (1.003851,67.775615) seconds
2026/05/26-09:48:09  ... thread 2: (13000,1114000) ops and (12994.7,16436.5) ops/second in (1.000410,67.775834) seconds
2026/05/26-09:48:09  ... thread 0: (17000,1149000) ops and (16612.9,16945.7) ops/second in (1.023302,67.804903) seconds
2026/05/26-09:48:09  ... thread 1: (33000,1178000) ops and (31688.8,17186.9) ops/second in (1.041379,68.540562) seconds
2026/05/26-09:48:10  ... thread 2: (31000,1145000) ops and (30611.7,16645.2) ops/second in (1.012684,68.788518) seconds
2026/05/26-09:48:10  ... thread 3: (32000,1152000) ops and (31524.5,16746.4) ops/second in (1.015085,68.790700) seconds
2026/05/26-09:48:10  ... thread 0: (32000,1181000) ops and (26727.1,17115.4) ops/second in (1.197288,69.002191) seconds
2026/05/26-09:48:11  ... thread 1: (13000,1191000) ops and (9730.7,17044.3) ops/second in (1.335979,69.876541) seconds
2026/05/26-09:48:11  ... thread 3: (4000,1156000) ops and (3049.3,16490.1) ops/second in (1.311788,70.102488) seconds
2026/05/26-09:48:11  ... thread 0: (2000,1183000) ops and (1427.3,16803.1) ops/second in (1.401291,70.403482) seconds
2026/05/26-09:48:11  ... thread 2: (1000,1146000) ops and (583.0,16254.5) ops/second in (1.715157,70.503675) seconds
2026/05/26-09:48:12  ... thread 1: (1000,1192000) ops and (834.3,16771.0) ops/second in (1.198647,71.075188) seconds
2026/05/26-09:48:12  ... thread 3: (2000,1158000) ops and (1701.0,16246.2) ops/second in (1.175809,71.278297) seconds
2026/05/26-09:48:12  ... thread 0: (3000,1186000) ops and (2719.5,16585.9) ops/second in (1.103159,71.506641) seconds
2026/05/26-09:48:13  ... thread 2: (2000,1148000) ops and (1728.0,16019.9) ops/second in (1.157387,71.661062) seconds
2026/05/26-09:48:13  ... thread 1: (18000,1210000) ops and (17961.0,16787.5) ops/second in (1.002172,72.077360) seconds
2026/05/26-09:48:13  ... thread 3: (26000,1184000) ops and (25234.5,16374.3) ops/second in (1.030334,72.308631) seconds
2026/05/26-09:48:13  ... thread 0: (29000,1215000) ops and (28906.2,16756.3) ops/second in (1.003245,72.509886) seconds
2026/05/26-09:48:14  ... thread 2: (34000,1182000) ops and (33503.3,16264.0) ops/second in (1.014824,72.675886) seconds
2026/05/26-09:48:14  ... thread 1: (22000,1232000) ops and (15582.8,16764.4) ops/second in (1.411812,73.489172) seconds
2026/05/26-09:48:15  ... thread 0: (9000,1224000) ops and (7742.8,16614.1) ops/second in (1.162377,73.672263) seconds
2026/05/26-09:48:15  ... thread 2: (3000,1185000) ops and (2682.0,16058.1) ops/second in (1.118589,73.794475) seconds
2026/05/26-09:48:15  ... thread 3: (14000,1198000) ops and (8300.7,16190.2) ops/second in (1.686599,73.995230) seconds
2026/05/26-09:48:16  ... thread 1: (2000,1234000) ops and (1603.8,16511.4) ops/second in (1.247056,74.736228) seconds
2026/05/26-09:48:16  ... thread 0: (3000,1227000) ops and (1915.0,16308.1) ops/second in (1.566599,75.238862) seconds
2026/05/26-09:48:16  ... thread 2: (3000,1188000) ops and (1891.7,15760.1) ops/second in (1.585880,75.380355) seconds
2026/05/26-09:48:16  ... thread 3: (3000,1201000) ops and (2143.8,15929.5) ops/second in (1.399357,75.394587) seconds
2026/05/26-09:48:17  ... thread 1: (14000,1248000) ops and (13716.5,16473.7) ops/second in (1.020666,75.756894) seconds
2026/05/26-09:48:17  ... thread 3: (44000,1245000) ops and (40191.8,16276.8) ops/second in (1.094750,76.489337) seconds
2026/05/26-09:48:17  ... thread 2: (46000,1234000) ops and (41434.3,16132.7) ops/second in (1.110191,76.490546) seconds
Initializing RocksDB Options from the specified file
Initializing RocksDB Options from command-line flags
Integrated BlobDB: blob cache disabled
Keys:       16 bytes each (+ 0 bytes user-defined timestamp)
Values:     1024 bytes each (512 bytes after compression)
Entries:    1250000
Prefix:    0 bytes
Keys per prefix:    0
RawSize:    1239.8 MB (estimated)
FileSize:   629.4 MB (estimated)
Write rate: 0 bytes/second
Read rate: 0 ops/second
Compression: Snappy
Compression sampling rate: 0
Memtablerep: SkipListFactory
Perf Level: 1
WARNING: Assertions are enabled; benchmarks unnecessarily slow
------------------------------------------------
Initializing RocksDB Options from the specified file
Initializing RocksDB Options from command-line flags
Integrated BlobDB: blob cache disabled
DB path: [/tmp/rocksdb_comp_exp_db]
fillrandom   :      61.000 micros/op 65265 ops/sec 76.610 seconds 5000000 operations;   64.7 MB/s
2026/05/26-09:48:29  ... thread 0: (1000,1000) ops and (86.4,86.4) ops/second in (11.570182,11.570182) seconds
2026/05/26-09:48:29  ... thread 1: (1000,1000) ops and (84.7,84.7) ops/second in (11.809773,11.809773) seconds
2026/05/26-09:48:29  ... thread 3: (1000,1000) ops and (83.7,83.7) ops/second in (11.947091,11.947091) seconds
2026/05/26-09:48:30  ... thread 2: (1000,1000) ops and (82.9,82.9) ops/second in (12.065144,12.065144) seconds
2026/05/26-09:48:39  ... thread 0: (1000,2000) ops and (98.8,92.2) ops/second in (10.121449,21.691631) seconds
2026/05/26-09:48:39  ... thread 3: (1000,2000) ops and (102.5,92.2) ops/second in (9.751735,21.698826) seconds
2026/05/26-09:48:39  ... thread 1: (1000,2000) ops and (100.1,91.8) ops/second in (9.988386,21.798159) seconds
2026/05/26-09:48:40  ... thread 2: (1000,2000) ops and (96.5,89.2) ops/second in (10.365233,22.430377) seconds
2026/05/26-09:48:46  ... thread 0: (1000,3000) ops and (145.4,105.0) ops/second in (6.878944,28.570575) seconds
2026/05/26-09:48:46  ... thread 3: (1000,3000) ops and (144.7,104.9) ops/second in (6.909356,28.608182) seconds
2026/05/26-09:48:46  ... thread 1: (1000,3000) ops and (141.7,104.0) ops/second in (7.059617,28.857776) seconds
2026/05/26-09:48:47  ... thread 2: (1000,3000) ops and (132.4,100.1) ops/second in (7.554622,29.984999) seconds
2026/05/26-09:48:52  ... thread 0: (1000,4000) ops and (155.2,114.2) ops/second in (6.443031,35.013606) seconds
2026/05/26-09:48:53  ... thread 3: (1000,4000) ops and (151.2,113.6) ops/second in (6.612417,35.220599) seconds
2026/05/26-09:48:53  ... thread 1: (1000,4000) ops and (144.3,111.8) ops/second in (6.931012,35.788788) seconds
2026/05/26-09:48:55  ... thread 2: (1000,4000) ops and (137.9,107.4) ops/second in (7.250105,37.235104) seconds
2026/05/26-09:49:01  ... thread 3: (1000,5000) ops and (121.8,115.1) ops/second in (8.207842,43.428441) seconds
2026/05/26-09:49:01  ... thread 0: (1000,5000) ops and (112.4,113.9) ops/second in (8.896930,43.910536) seconds
2026/05/26-09:49:02  ... thread 1: (1000,5000) ops and (121.5,113.6) ops/second in (8.227779,44.016567) seconds
2026/05/26-09:49:03  ... thread 2: (1000,5000) ops and (115.9,109.0) ops/second in (8.629439,45.864543) seconds
2026/05/26-09:49:09  ... thread 3: (1000,6000) ops and (125.8,116.8) ops/second in (7.950351,51.378792) seconds
2026/05/26-09:49:10  ... thread 0: (1000,6000) ops and (122.8,115.3) ops/second in (8.140220,52.050756) seconds
2026/05/26-09:49:10  ... thread 1: (1000,6000) ops and (124.0,115.2) ops/second in (8.066324,52.082891) seconds
2026/05/26-09:49:10  ... thread 2: (1000,6000) ops and (145.8,113.8) ops/second in (6.856395,52.720938) seconds
2026/05/26-09:49:14  ... thread 3: (1000,7000) ops and (196.1,123.9) ops/second in (5.098960,56.477752) seconds
2026/05/26-09:49:14  ... thread 1: (1000,7000) ops and (216.9,123.5) ops/second in (4.609614,56.692505) seconds
2026/05/26-09:49:14  ... thread 0: (1000,7000) ops and (211.5,123.3) ops/second in (4.727655,56.778411) seconds
2026/05/26-09:49:15  ... thread 2: (1000,7000) ops and (225.8,122.5) ops/second in (4.428947,57.149885) seconds
2026/05/26-09:49:17  ... thread 1: (1000,8000) ops and (420.7,135.4) ops/second in (2.377088,59.069593) seconds
2026/05/26-09:49:17  ... thread 3: (1000,8000) ops and (384.2,135.4) ops/second in (2.603110,59.080862) seconds
2026/05/26-09:49:17  ... thread 0: (1000,8000) ops and (409.0,135.1) ops/second in (2.445047,59.223458) seconds
2026/05/26-09:49:18  ... thread 2: (1000,8000) ops and (290.8,132.0) ops/second in (3.438766,60.588651) seconds
2026/05/26-09:49:20  ... thread 3: (1000,9000) ops and (320.1,144.7) ops/second in (3.123603,62.204465) seconds
2026/05/26-09:49:20  ... thread 1: (1000,9000) ops and (310.4,144.5) ops/second in (3.221870,62.291463) seconds
2026/05/26-09:49:20  ... thread 0: (1000,9000) ops and (296.2,143.8) ops/second in (3.375842,62.599300) seconds
2026/05/26-09:49:20  ... thread 2: (1000,9000) ops and (447.6,143.3) ops/second in (2.234002,62.822653) seconds
2026/05/26-09:49:23  ... thread 3: (1000,10000) ops and (298.9,152.6) ops/second in (3.346152,65.550617) seconds
2026/05/26-09:49:23  ... thread 1: (1000,10000) ops and (301.6,152.4) ops/second in (3.316171,65.607634) seconds
2026/05/26-09:49:24  ... thread 0: (1000,10000) ops and (274.6,151.0) ops/second in (3.641948,66.241248) seconds
2026/05/26-09:49:24  ... thread 2: (1000,10000) ops and (280.7,150.6) ops/second in (3.562047,66.384700) seconds
2026/05/26-09:49:24  ... thread 1: (1000,11000) ops and (789.7,164.5) ops/second in (1.266246,66.873880) seconds
2026/05/26-09:49:24  ... thread 3: (1000,11000) ops and (723.8,164.3) ops/second in (1.381609,66.932226) seconds
2026/05/26-09:49:25  ... thread 0: (2000,12000) ops and (1552.5,177.7) ops/second in (1.288278,67.529526) seconds
2026/05/26-09:49:25  ... thread 2: (2000,12000) ops and (1461.9,177.1) ops/second in (1.368099,67.752799) seconds
2026/05/26-09:49:26  ... thread 1: (2000,13000) ops and (1450.9,190.5) ops/second in (1.378458,68.252338) seconds
2026/05/26-09:49:26  ... thread 3: (2000,13000) ops and (1467.3,190.3) ops/second in (1.363058,68.295284) seconds
2026/05/26-09:49:26  ... thread 0: (2000,14000) ops and (1555.1,203.4) ops/second in (1.286076,68.815602) seconds
2026/05/26-09:49:27  ... thread 2: (2000,14000) ops and (1581.7,202.8) ops/second in (1.264494,69.017293) seconds
2026/05/26-09:49:27  ... thread 1: (2000,15000) ops and (1579.6,215.8) ops/second in (1.266162,69.518500) seconds
2026/05/26-09:49:27  ... thread 3: (2000,15000) ops and (1619.1,215.7) ops/second in (1.235276,69.530560) seconds
2026/05/26-09:49:28  ... thread 0: (2000,16000) ops and (1661.2,228.5) ops/second in (1.203922,70.019524) seconds
2026/05/26-09:49:28  ... thread 2: (2000,16000) ops and (1706.8,228.0) ops/second in (1.171798,70.189091) seconds
2026/05/26-09:49:28  ... thread 1: (2000,17000) ops and (1762.6,240.6) ops/second in (1.134670,70.653170) seconds
2026/05/26-09:49:28  ... thread 3: (2000,17000) ops and (1699.5,240.4) ops/second in (1.176830,70.707390) seconds
2026/05/26-09:49:29  ... thread 0: (2000,18000) ops and (1718.7,252.9) ops/second in (1.163653,71.183177) seconds
2026/05/26-09:49:29  ... thread 2: (2000,18000) ops and (1715.2,252.3) ops/second in (1.166055,71.355146) seconds
2026/05/26-09:49:29  ... thread 1: (2000,19000) ops and (1728.9,264.6) ops/second in (1.156792,71.809962) seconds
2026/05/26-09:49:29  ... thread 3: (2000,19000) ops and (1688.2,264.3) ops/second in (1.184665,71.892055) seconds
2026/05/26-09:49:30  ... thread 0: (2000,20000) ops and (1775.5,276.6) ops/second in (1.126418,72.309595) seconds
2026/05/26-09:49:30  ... thread 2: (2000,20000) ops and (1854.7,276.1) ops/second in (1.078328,72.433474) seconds
2026/05/26-09:49:30  ... thread 1: (2000,21000) ops and (1762.9,287.9) ops/second in (1.134524,72.944486) seconds
2026/05/26-09:49:30  ... thread 3: (2000,21000) ops and (1830.1,287.7) ops/second in (1.092866,72.984921) seconds
2026/05/26-09:49:31  ... thread 0: (2000,22000) ops and (1863.7,299.8) ops/second in (1.073143,73.382738) seconds
2026/05/26-09:49:31  ... thread 2: (2000,22000) ops and (1719.5,298.9) ops/second in (1.163120,73.596594) seconds
2026/05/26-09:49:32  ... thread 3: (2000,23000) ops and (1897.8,310.6) ops/second in (1.053859,74.038780) seconds
2026/05/26-09:49:32  ... thread 1: (2000,23000) ops and (1814.3,310.6) ops/second in (1.102368,74.046854) seconds
2026/05/26-09:49:32  ... thread 0: (2000,24000) ops and (1992.0,322.6) ops/second in (1.004013,74.386751) seconds
2026/05/26-09:49:32  ... thread 2: (2000,24000) ops and (1939.0,321.6) ops/second in (1.031480,74.628074) seconds
2026/05/26-09:49:33  ... thread 3: (2000,25000) ops and (1979.2,333.1) ops/second in (1.010504,75.049284) seconds
2026/05/26-09:49:33  ... thread 1: (2000,25000) ops and (1957.5,333.0) ops/second in (1.021721,75.068575) seconds
2026/05/26-09:49:33  ... thread 0: (3000,27000) ops and (2188.3,356.4) ops/second in (1.370947,75.757698) seconds
2026/05/26-09:49:34  ... thread 2: (3000,27000) ops and (2098.5,355.0) ops/second in (1.429622,76.057696) seconds
2026/05/26-09:49:34  ... thread 3: (3000,28000) ops and (2296.2,366.7) ops/second in (1.306524,76.355808) seconds
2026/05/26-09:49:34  ... thread 1: (3000,28000) ops and (2184.4,366.3) ops/second in (1.373344,76.441919) seconds
2026/05/26-09:49:35  ... thread 0: (3000,30000) ops and (2233.4,389.1) ops/second in (1.343249,77.100947) seconds
2026/05/26-09:49:35  ... thread 2: (3000,30000) ops and (2292.3,387.8) ops/second in (1.308726,77.366422) seconds
2026/05/26-09:49:35  ... thread 3: (3000,31000) ops and (2473.1,399.6) ops/second in (1.213030,77.568838) seconds
2026/05/26-09:49:35  ... thread 1: (3000,31000) ops and (2345.7,398.9) ops/second in (1.278917,77.720836) seconds
2026/05/26-09:49:36  ... thread 0: (3000,33000) ops and (2524.6,421.5) ops/second in (1.188304,78.289251) seconds
2026/05/26-09:49:36  ... thread 2: (3000,33000) ops and (2473.4,420.0) ops/second in (1.212884,78.579306) seconds
2026/05/26-09:49:36  ... thread 3: (3000,34000) ops and (2494.9,431.6) ops/second in (1.202453,78.771291) seconds
2026/05/26-09:49:36  ... thread 1: (3000,34000) ops and (2631.9,431.1) ops/second in (1.139873,78.860709) seconds
2026/05/26-09:49:37  ... thread 0: (3000,36000) ops and (2632.5,453.2) ops/second in (1.139599,79.428850) seconds
2026/05/26-09:49:37  ... thread 2: (3000,36000) ops and (2848.5,452.1) ops/second in (1.053203,79.632509) seconds
2026/05/26-09:49:37  ... thread 3: (3000,37000) ops and (2804.9,463.4) ops/second in (1.069566,79.840857) seconds
2026/05/26-09:49:37  ... thread 1: (3000,37000) ops and (2828.8,463.0) ops/second in (1.060503,79.921212) seconds
2026/05/26-09:49:38  ... thread 0: (4000,40000) ops and (3305.2,496.0) ops/second in (1.210203,80.639053) seconds
2026/05/26-09:49:38  ... thread 2: (4000,40000) ops and (3251.9,494.7) ops/second in (1.230061,80.862570) seconds
2026/05/26-09:49:39  ... thread 3: (4000,41000) ops and (3110.9,505.4) ops/second in (1.285795,81.126652) seconds
2026/05/26-09:49:39  ... thread 1: (4000,41000) ops and (3142.8,505.0) ops/second in (1.272755,81.193967) seconds
2026/05/26-09:49:39  ... thread 0: (4000,44000) ops and (3322.3,537.6) ops/second in (1.203981,81.843034) seconds
2026/05/26-09:49:40  ... thread 2: (4000,44000) ops and (3427.4,536.4) ops/second in (1.167058,82.029628) seconds
2026/05/26-09:49:40  ... thread 3: (4000,45000) ops and (3580.3,547.2) ops/second in (1.117222,82.243874) seconds
2026/05/26-09:49:40  ... thread 1: (4000,45000) ops and (3585.2,546.7) ops/second in (1.115690,82.309657) seconds
2026/05/26-09:49:40  ... thread 0: (4000,48000) ops and (3751.7,578.9) ops/second in (1.066174,82.909208) seconds
2026/05/26-09:49:41  ... thread 2: (4000,48000) ops and (3857.3,577.8) ops/second in (1.036996,83.066624) seconds
2026/05/26-09:49:41  ... thread 3: (4000,49000) ops and (3792.5,588.2) ops/second in (1.054717,83.298591) seconds
2026/05/26-09:49:41  ... thread 1: (4000,49000) ops and (3907.6,588.0) ops/second in (1.023651,83.333308) seconds
2026/05/26-09:49:42  ... thread 0: (5000,53000) ops and (4266.8,630.3) ops/second in (1.171834,84.081042) seconds
2026/05/26-09:49:42  ... thread 2: (5000,53000) ops and (4414.6,629.5) ops/second in (1.132605,84.199229) seconds
2026/05/26-09:49:42  ... thread 3: (5000,54000) ops and (4495.3,639.7) ops/second in (1.112285,84.410876) seconds
2026/05/26-09:49:42  ... thread 1: (5000,54000) ops and (4304.5,639.1) ops/second in (1.161567,84.494875) seconds
2026/05/26-09:49:43  ... thread 0: (5000,58000) ops and (4816.7,681.4) ops/second in (1.038054,85.119096) seconds
2026/05/26-09:49:43  ... thread 2: (5000,58000) ops and (4947.0,680.7) ops/second in (1.010714,85.209943) seconds
2026/05/26-09:49:43  ... thread 3: (6000,60000) ops and (5197.1,701.2) ops/second in (1.154496,85.565372) seconds
2026/05/26-09:49:43  ... thread 1: (6000,60000) ops and (5249.1,700.6) ops/second in (1.143055,85.637930) seconds
2026/05/26-09:49:44  ... thread 0: (6000,64000) ops and (5558.2,742.5) ops/second in (1.079481,86.198577) seconds
2026/05/26-09:49:44  ... thread 2: (6000,64000) ops and (5859.3,742.2) ops/second in (1.024006,86.233949) seconds
2026/05/26-09:49:44  ... thread 3: (6000,66000) ops and (5697.6,762.0) ops/second in (1.053075,86.618447) seconds
2026/05/26-09:49:44  ... thread 1: (6000,66000) ops and (5988.0,761.8) ops/second in (1.002010,86.639940) seconds
2026/05/26-09:49:45  ... thread 0: (7000,71000) ops and (6204.1,813.0) ops/second in (1.128289,87.326866) seconds
2026/05/26-09:49:45  ... thread 2: (7000,71000) ops and (6380.0,813.0) ops/second in (1.097183,87.331132) seconds
2026/05/26-09:49:45  ... thread 3: (7000,73000) ops and (6296.1,832.1) ops/second in (1.111803,87.730250) seconds
2026/05/26-09:49:45  ... thread 1: (8000,74000) ops and (7110.5,843.2) ops/second in (1.125099,87.765039) seconds
2026/05/26-09:49:46  ... thread 2: (7000,78000) ops and (6949.4,883.0) ops/second in (1.007276,88.338408) seconds
2026/05/26-09:49:46  ... thread 0: (8000,79000) ops and (7283.6,893.4) ops/second in (1.098357,88.425223) seconds
2026/05/26-09:49:46  ... thread 3: (8000,81000) ops and (7669.8,912.4) ops/second in (1.043046,88.773296) seconds
2026/05/26-09:49:46  ... thread 1: (8000,82000) ops and (7747.2,923.4) ops/second in (1.032625,88.797664) seconds
2026/05/26-09:49:47  ... thread 2: (9000,87000) ops and (8864.7,973.7) ops/second in (1.015260,89.353668) seconds
2026/05/26-09:49:47  ... thread 0: (9000,88000) ops and (8571.9,983.5) ops/second in (1.049946,89.475169) seconds
2026/05/26-09:49:47  ... thread 3: (10000,91000) ops and (9350.8,1012.9) ops/second in (1.069430,89.842726) seconds
2026/05/26-09:49:47  ... thread 1: (10000,92000) ops and (9281.7,1023.6) ops/second in (1.077393,89.875057) seconds
2026/05/26-09:49:48  ... thread 2: (11000,98000) ops and (10133.9,1083.6) ops/second in (1.085461,90.439129) seconds
2026/05/26-09:49:48  ... thread 0: (11000,99000) ops and (10231.4,1093.3) ops/second in (1.075126,90.550295) seconds
DB path: [/tmp/rocksdb_comp_exp_db]
readrandom   :     906.455 micros/op 4409 ops/sec 90.716 seconds 400000 operations;    4.3 MB/s (98199 of 100000 found)

STATISTICS:
rocksdb.block.cache.miss COUNT : 3391826
rocksdb.block.cache.hit COUNT : 34639
rocksdb.block.cache.add COUNT : 565451
rocksdb.block.cache.add.failures COUNT : 0
rocksdb.block.cache.index.miss COUNT : 0
rocksdb.block.cache.index.hit COUNT : 0
rocksdb.block.cache.index.add COUNT : 0
rocksdb.block.cache.index.bytes.insert COUNT : 0
rocksdb.block.cache.filter.miss COUNT : 0
rocksdb.block.cache.filter.hit COUNT : 0
rocksdb.block.cache.filter.add COUNT : 0
rocksdb.block.cache.filter.bytes.insert COUNT : 0
rocksdb.block.cache.data.miss COUNT : 3391826
rocksdb.block.cache.data.hit COUNT : 34639
rocksdb.block.cache.data.add COUNT : 565451
rocksdb.block.cache.data.bytes.insert COUNT : 2433673104
rocksdb.block.cache.bytes.read COUNT : 149083120
rocksdb.block.cache.bytes.write COUNT : 2433673104
rocksdb.block.cache.compression.dict.miss COUNT : 0
rocksdb.block.cache.compression.dict.hit COUNT : 0
rocksdb.block.cache.compression.dict.add COUNT : 0
rocksdb.block.cache.compression.dict.bytes.insert COUNT : 0
rocksdb.block.cache.add.redundant COUNT : 4
rocksdb.block.cache.index.add.redundant COUNT : 0
rocksdb.block.cache.filter.add.redundant COUNT : 0
rocksdb.block.cache.data.add.redundant COUNT : 4
rocksdb.block.cache.compression.dict.add.redundant COUNT : 0
rocksdb.secondary.cache.hits COUNT : 0
rocksdb.secondary.cache.filter.hits COUNT : 0
rocksdb.secondary.cache.index.hits COUNT : 0
rocksdb.secondary.cache.data.hits COUNT : 0
rocksdb.compressed.secondary.cache.dummy.hits COUNT : 0
rocksdb.compressed.secondary.cache.hits COUNT : 0
rocksdb.compressed.secondary.cache.promotions COUNT : 0
rocksdb.compressed.secondary.cache.promotion.skips COUNT : 0
rocksdb.bloom.filter.useful COUNT : 0
rocksdb.bloom.filter.full.positive COUNT : 0
rocksdb.bloom.filter.full.true.positive COUNT : 0
rocksdb.bloom.filter.prefix.checked COUNT : 0
rocksdb.bloom.filter.prefix.useful COUNT : 0
rocksdb.bloom.filter.prefix.true.positive COUNT : 0
rocksdb.persistent.cache.hit COUNT : 0
rocksdb.persistent.cache.miss COUNT : 0
rocksdb.sim.block.cache.hit COUNT : 0
rocksdb.sim.block.cache.miss COUNT : 0
rocksdb.memtable.hit COUNT : 6796
rocksdb.memtable.miss COUNT : 393204
rocksdb.l0.hit COUNT : 33643
rocksdb.l1.hit COUNT : 103878
rocksdb.l2andup.hit COUNT : 248434
rocksdb.compaction.key.drop.new COUNT : 3302109
rocksdb.compaction.key.drop.obsolete COUNT : 0
rocksdb.compaction.key.drop.range_del COUNT : 0
rocksdb.compaction.key.drop.user COUNT : 0
rocksdb.compaction.range_del.drop.obsolete COUNT : 0
rocksdb.compaction.optimized.del.drop.obsolete COUNT : 0
rocksdb.compaction.cancelled COUNT : 0
rocksdb.compaction.aborted COUNT : 0
rocksdb.number.keys.written COUNT : 5000000
rocksdb.number.keys.read COUNT : 400000
rocksdb.number.keys.updated COUNT : 0
rocksdb.bytes.written COUNT : 5279157672
rocksdb.bytes.read COUNT : 402177024
rocksdb.number.db.seek COUNT : 0
rocksdb.number.db.next COUNT : 0
rocksdb.number.db.prev COUNT : 0
rocksdb.number.db.seek.found COUNT : 0
rocksdb.number.db.next.found COUNT : 0
rocksdb.number.db.prev.found COUNT : 0
rocksdb.db.iter.bytes.read COUNT : 0
rocksdb.number.iter.skip COUNT : 0
rocksdb.number.reseeks.iteration COUNT : 0
rocksdb.num.iterator.created COUNT : 0
rocksdb.num.iterator.deleted COUNT : 0
rocksdb.no.file.opens COUNT : 129
rocksdb.no.file.errors COUNT : 0
rocksdb.stall.micros COUNT : 35586871
rocksdb.db.mutex.wait.micros COUNT : 0
rocksdb.number.multiget.get COUNT : 0
rocksdb.number.multiget.keys.read COUNT : 0
rocksdb.number.multiget.bytes.read COUNT : 0
rocksdb.number.multiget.keys.found COUNT : 0
rocksdb.number.merge.failures COUNT : 0
rocksdb.getupdatessince.calls COUNT : 0
rocksdb.wal.synced COUNT : 0
rocksdb.wal.bytes COUNT : 5279157672
rocksdb.write.self COUNT : 4929806
rocksdb.write.other COUNT : 70194
rocksdb.write.wal COUNT : 5000000
rocksdb.compact.read.bytes COUNT : 6900035773
rocksdb.compact.write.bytes COUNT : 4915593327
rocksdb.flush.write.bytes COUNT : 2971820553
rocksdb.compact.read.marked.bytes COUNT : 0
rocksdb.compact.read.periodic.bytes COUNT : 0
rocksdb.compact.read.ttl.bytes COUNT : 0
rocksdb.compact.write.marked.bytes COUNT : 0
rocksdb.compact.write.periodic.bytes COUNT : 0
rocksdb.compact.write.ttl.bytes COUNT : 0
rocksdb.number.direct.load.table.properties COUNT : 0
rocksdb.number.superversion_acquires COUNT : 25
rocksdb.number.superversion_releases COUNT : 21
rocksdb.number.superversion_cleanups COUNT : 6
rocksdb.number.block.compressed COUNT : 3226283
rocksdb.number.block.decompressed COUNT : 3391955
rocksdb.bytes.compressed.from COUNT : 13598235845
rocksdb.bytes.compressed.to COUNT : 7871108948
rocksdb.bytes.compression_bypassed COUNT : 0
rocksdb.bytes.compression.rejected COUNT : 0
rocksdb.number.block_compression_bypassed COUNT : 0
rocksdb.number.block_compression_rejected COUNT : 0
rocksdb.bytes.decompressed.from COUNT : 8274695738
rocksdb.bytes.decompressed.to COUNT : 14293271626
rocksdb.merge.operation.time.nanos COUNT : 0
rocksdb.filter.operation.time.nanos COUNT : 0
rocksdb.compaction.total.time.cpu_micros COUNT : 42669274
rocksdb.row.cache.hit COUNT : 0
rocksdb.row.cache.miss COUNT : 0
rocksdb.read.amp.estimate.useful.bytes COUNT : 0
rocksdb.read.amp.total.read.bytes COUNT : 0
rocksdb.number.rate_limiter.drains COUNT : 0
rocksdb.blobdb.num.put COUNT : 0
rocksdb.blobdb.num.write COUNT : 0
rocksdb.blobdb.num.get COUNT : 0
rocksdb.blobdb.num.multiget COUNT : 0
rocksdb.blobdb.num.seek COUNT : 0
rocksdb.blobdb.num.next COUNT : 0
rocksdb.blobdb.num.prev COUNT : 0
rocksdb.blobdb.num.keys.written COUNT : 0
rocksdb.blobdb.num.keys.read COUNT : 0
rocksdb.blobdb.bytes.written COUNT : 0
rocksdb.blobdb.bytes.read COUNT : 0
rocksdb.blobdb.write.inlined COUNT : 0
rocksdb.blobdb.write.inlined.ttl COUNT : 0
rocksdb.blobdb.write.blob COUNT : 0
rocksdb.blobdb.write.blob.ttl COUNT : 0
rocksdb.blobdb.blob.file.bytes.written COUNT : 0
rocksdb.blobdb.blob.file.bytes.read COUNT : 0
rocksdb.blobdb.blob.file.synced COUNT : 0
rocksdb.blobdb.blob.index.expired.count COUNT : 0
rocksdb.blobdb.blob.index.expired.size COUNT : 0
rocksdb.blobdb.blob.index.evicted.count COUNT : 0
rocksdb.blobdb.blob.index.evicted.size COUNT : 0
rocksdb.blobdb.gc.num.files COUNT : 0
rocksdb.blobdb.gc.num.new.files COUNT : 0
rocksdb.blobdb.gc.failures COUNT : 0
rocksdb.blobdb.gc.num.keys.relocated COUNT : 0
rocksdb.blobdb.gc.bytes.relocated COUNT : 0
rocksdb.blobdb.fifo.num.files.evicted COUNT : 0
rocksdb.blobdb.fifo.num.keys.evicted COUNT : 0
rocksdb.blobdb.fifo.bytes.evicted COUNT : 0
rocksdb.blobdb.cache.miss COUNT : 0
rocksdb.blobdb.cache.hit COUNT : 0
rocksdb.blobdb.cache.add COUNT : 0
rocksdb.blobdb.cache.add.failures COUNT : 0
rocksdb.blobdb.cache.bytes.read COUNT : 0
rocksdb.blobdb.cache.bytes.write COUNT : 0
rocksdb.txn.overhead.mutex.prepare COUNT : 0
rocksdb.txn.overhead.mutex.old.commit.map COUNT : 0
rocksdb.txn.overhead.duplicate.key COUNT : 0
rocksdb.txn.overhead.mutex.snapshot COUNT : 0
rocksdb.txn.get.tryagain COUNT : 0
rocksdb.files.marked.trash COUNT : 0
rocksdb.files.marked.trash.deleted COUNT : 0
rocksdb.files.deleted.immediately COUNT : 197
rocksdb.error.handler.bg.error.count COUNT : 0
rocksdb.error.handler.bg.io.error.count COUNT : 0
rocksdb.error.handler.bg.retryable.io.error.count COUNT : 0
rocksdb.error.handler.autoresume.count COUNT : 0
rocksdb.error.handler.autoresume.retry.total.count COUNT : 0
rocksdb.error.handler.autoresume.success.count COUNT : 0
rocksdb.memtable.payload.bytes.at.flush COUNT : 5217231152
rocksdb.memtable.garbage.bytes.at.flush COUNT : 127407456
rocksdb.verify_checksum.read.bytes COUNT : 0
rocksdb.backup.read.bytes COUNT : 0
rocksdb.backup.write.bytes COUNT : 0
rocksdb.remote.compact.read.bytes COUNT : 0
rocksdb.remote.compact.write.bytes COUNT : 0
rocksdb.remote.compact.resumed.bytes COUNT : 0
rocksdb.hot.file.read.bytes COUNT : 0
rocksdb.warm.file.read.bytes COUNT : 0
rocksdb.cool.file.read.bytes COUNT : 0
rocksdb.cold.file.read.bytes COUNT : 0
rocksdb.ice.file.read.bytes COUNT : 0
rocksdb.hot.file.read.count COUNT : 0
rocksdb.warm.file.read.count COUNT : 0
rocksdb.cool.file.read.count COUNT : 0
rocksdb.cold.file.read.count COUNT : 0
rocksdb.ice.file.read.count COUNT : 0
rocksdb.last.level.read.bytes COUNT : 0
rocksdb.last.level.read.count COUNT : 0
rocksdb.non.last.level.read.bytes COUNT : 8291817648
rocksdb.non.last.level.read.count COUNT : 3392342
rocksdb.last.level.seek.filtered COUNT : 0
rocksdb.last.level.seek.filter.match COUNT : 0
rocksdb.last.level.seek.data COUNT : 0
rocksdb.last.level.seek.data.useful.no.filter COUNT : 0
rocksdb.last.level.seek.data.useful.filter.match COUNT : 0
rocksdb.non.last.level.seek.filtered COUNT : 0
rocksdb.non.last.level.seek.filter.match COUNT : 0
rocksdb.non.last.level.seek.data COUNT : 0
rocksdb.non.last.level.seek.data.useful.no.filter COUNT : 0
rocksdb.non.last.level.seek.data.useful.filter.match COUNT : 0
rocksdb.block.checksum.compute.count COUNT : 3392084
rocksdb.block.checksum.mismatch.count COUNT : 0
rocksdb.multiget.coroutine.count COUNT : 0
rocksdb.read.async.micros COUNT : 0
rocksdb.async.read.error.count COUNT : 0
rocksdb.table.open.prefetch.tail.miss COUNT : 0
rocksdb.table.open.prefetch.tail.hit COUNT : 0
rocksdb.timestamp.filter.table.checked COUNT : 0
rocksdb.timestamp.filter.table.filtered COUNT : 0
rocksdb.readahead.trimmed COUNT : 0
rocksdb.fifo.max.size.compactions COUNT : 0
rocksdb.fifo.ttl.compactions COUNT : 0
rocksdb.fifo.change_temperature.compactions COUNT : 0
rocksdb.prefetch.bytes COUNT : 0
rocksdb.prefetch.bytes.useful COUNT : 0
rocksdb.prefetch.hits COUNT : 0
rocksdb.footer.corruption.count COUNT : 0
rocksdb.file.read.corruption.retry.count COUNT : 0
rocksdb.file.read.corruption.retry.success.count COUNT : 0
rocksdb.number.wbwi.ingest COUNT : 0
rocksdb.sst.user.defined.index.load.fail.count COUNT : 0
rocksdb.multiscan.prepare.calls COUNT : 0
rocksdb.multiscan.prepare.errors COUNT : 0
rocksdb.multiscan.blocks.prefetched COUNT : 0
rocksdb.multiscan.blocks.from.cache COUNT : 0
rocksdb.multiscan.prefetch.bytes COUNT : 0
rocksdb.multiscan.prefetch.blocks.wasted COUNT : 0
rocksdb.multiscan.io.requests COUNT : 0
rocksdb.multiscan.io.coalesced.nonadjacent COUNT : 0
rocksdb.multiscan.seek.errors COUNT : 0
rocksdb.prefetch.memory.bytes.granted COUNT : 0
rocksdb.prefetch.memory.bytes.released COUNT : 0
rocksdb.prefetch.memory.requests.blocked COUNT : 0
rocksdb.read.path.range.tombstones.inserted COUNT : 0
rocksdb.read.path.range.tombstones.discarded COUNT : 0
rocksdb.file.open.metadata.retrieved COUNT : 0
rocksdb.file.open.metadata.passed COUNT : 0
rocksdb.manifest.validation.failure.count COUNT : 0
rocksdb.db.get.micros P50 : 14.111955 P95 : 2616.989247 P99 : 14852.173913 P100 : 1426391.000000 COUNT : 400000 SUM : 362250870
rocksdb.db.write.micros P50 : 5.556296 P95 : 18.774752 P99 : 824.084606 P100 : 1727988.000000 COUNT : 4999967 SUM : 300844573
rocksdb.compaction.times.micros P50 : 4160000.000000 P95 : 31900000.000000 P99 : 68500000.000000 P100 : 72904019.000000 COUNT : 22 SUM : 214334168
rocksdb.compaction.times.cpu_micros P50 : 1080000.000000 P95 : 6390000.000000 P99 : 10291864.000000 P100 : 10291864.000000 COUNT : 22 SUM : 42669274
rocksdb.subcompaction.setup.times.micros P50 : 0.000000 P95 : 0.000000 P99 : 0.000000 P100 : 0.000000 COUNT : 0 SUM : 0
rocksdb.table.sync.micros P50 : 365555.555556 P95 : 1480000.000000 P99 : 1988760.000000 P100 : 1988760.000000 COUNT : 80 SUM : 44953381
rocksdb.compaction.outfile.sync.micros P50 : 888333.333333 P95 : 2416666.666667 P99 : 2915126.000000 P100 : 2915126.000000 COUNT : 49 SUM : 48527461
rocksdb.wal.file.sync.micros P50 : 0.000000 P95 : 0.000000 P99 : 0.000000 P100 : 0.000000 COUNT : 0 SUM : 0
rocksdb.manifest.file.sync.micros P50 : 6134.615385 P95 : 158000.000000 P99 : 374800.000000 P100 : 446681.000000 COUNT : 108 SUM : 3004393
rocksdb.table.open.io.micros P50 : 845.833333 P95 : 5846.923077 P99 : 7771.500000 P100 : 8308.000000 COUNT : 129 SUM : 211817
rocksdb.db.multiget.micros P50 : 0.000000 P95 : 0.000000 P99 : 0.000000 P100 : 0.000000 COUNT : 0 SUM : 0
rocksdb.read.block.compaction.micros P50 : 3.392135 P95 : 7.960204 P99 : 39.543091 P100 : 874280.000000 COUNT : 2826375 SUM : 126141062
rocksdb.read.block.get.micros P50 : 8.579261 P95 : 1732.689262 P99 : 10982.238141 P100 : 1334082.000000 COUNT : 565580 SUM : 357455753
rocksdb.write.raw.block.micros P50 : 0.534449 P95 : 1.323633 P99 : 2.870266 P100 : 368939.000000 COUNT : 3226541 SUM : 12808629
rocksdb.numfiles.in.singlecompaction P50 : 4.000000 P95 : 14.000000 P99 : 17.000000 P100 : 17.000000 COUNT : 24 SUM : 125
rocksdb.db.seek.micros P50 : 0.000000 P95 : 0.000000 P99 : 0.000000 P100 : 0.000000 COUNT : 0 SUM : 0
rocksdb.db.write.stall P50 : 1112.540967 P95 : 2488.692946 P99 : 105770.833333 P100 : 1727437.000000 COUNT : 5645 SUM : 35586871
rocksdb.sst.read.micros P50 : 0.863272 P95 : 873.078427 P99 : 1745.131161 P100 : 1334035.000000 COUNT : 3392342 SUM : 469387437
rocksdb.file.read.flush.micros P50 : 3.333333 P95 : 67.964286 P99 : 101.840000 P100 : 1113.000000 COUNT : 320 SUM : 6639
rocksdb.file.read.compaction.micros P50 : 0.741062 P95 : 2.686391 P99 : 13.718504 P100 : 874246.000000 COUNT : 2826571 SUM : 116450818
rocksdb.file.read.db.open.micros P50 : 0.000000 P95 : 0.000000 P99 : 0.000000 P100 : 0.000000 COUNT : 0 SUM : 0
rocksdb.file.read.get.micros P50 : 0.000000 P95 : 0.000000 P99 : 0.000000 P100 : 0.000000 COUNT : 0 SUM : 0
rocksdb.file.read.multiget.micros P50 : 0.000000 P95 : 0.000000 P99 : 0.000000 P100 : 0.000000 COUNT : 0 SUM : 0
rocksdb.file.read.db.iterator.micros P50 : 0.000000 P95 : 0.000000 P99 : 0.000000 P100 : 0.000000 COUNT : 0 SUM : 0
rocksdb.file.read.verify.db.checksum.micros P50 : 0.000000 P95 : 0.000000 P99 : 0.000000 P100 : 0.000000 COUNT : 0 SUM : 0
rocksdb.file.read.verify.file.checksums.micros P50 : 0.000000 P95 : 0.000000 P99 : 0.000000 P100 : 0.000000 COUNT : 0 SUM : 0
rocksdb.sst.write.micros P50 : 0.502625 P95 : 0.954988 P99 : 0.995198 P100 : 368836.000000 COUNT : 6453211 SUM : 10806367
rocksdb.file.write.flush.micros P50 : 0.501617 P95 : 0.953072 P99 : 0.993202 P100 : 6712.000000 COUNT : 2428974 SUM : 3473697
rocksdb.file.write.compaction.micros P50 : 0.503215 P95 : 0.956108 P99 : 0.996366 P100 : 368836.000000 COUNT : 4024237 SUM : 7332670
rocksdb.file.write.db.open.micros P50 : 0.000000 P95 : 0.000000 P99 : 0.000000 P100 : 0.000000 COUNT : 0 SUM : 0
rocksdb.num.subcompactions.scheduled P50 : 0.000000 P95 : 0.000000 P99 : 0.000000 P100 : 0.000000 COUNT : 0 SUM : 0
rocksdb.bytes.per.read P50 : 1024.000000 P95 : 1024.000000 P99 : 1024.000000 P100 : 1024.000000 COUNT : 400000 SUM : 402177024
rocksdb.bytes.per.write P50 : 1086.639804 P95 : 1281.615627 P99 : 1298.946811 P100 : 4188.000000 COUNT : 4929806 SUM : 5279157672
rocksdb.bytes.per.multiget P50 : 0.000000 P95 : 0.000000 P99 : 0.000000 P100 : 0.000000 COUNT : 0 SUM : 0
rocksdb.compression.times.nanos P50 : 0.000000 P95 : 0.000000 P99 : 0.000000 P100 : 0.000000 COUNT : 0 SUM : 0
rocksdb.decompression.times.nanos P50 : 0.000000 P95 : 0.000000 P99 : 0.000000 P100 : 0.000000 COUNT : 0 SUM : 0
rocksdb.read.num.merge_operands P50 : 0.000000 P95 : 0.000000 P99 : 0.000000 P100 : 0.000000 COUNT : 0 SUM : 0
rocksdb.blobdb.key.size P50 : 0.000000 P95 : 0.000000 P99 : 0.000000 P100 : 0.000000 COUNT : 0 SUM : 0
rocksdb.blobdb.value.size P50 : 0.000000 P95 : 0.000000 P99 : 0.000000 P100 : 0.000000 COUNT : 0 SUM : 0
rocksdb.blobdb.write.micros P50 : 0.000000 P95 : 0.000000 P99 : 0.000000 P100 : 0.000000 COUNT : 0 SUM : 0
rocksdb.blobdb.get.micros P50 : 0.000000 P95 : 0.000000 P99 : 0.000000 P100 : 0.000000 COUNT : 0 SUM : 0
rocksdb.blobdb.multiget.micros P50 : 0.000000 P95 : 0.000000 P99 : 0.000000 P100 : 0.000000 COUNT : 0 SUM : 0
rocksdb.blobdb.seek.micros P50 : 0.000000 P95 : 0.000000 P99 : 0.000000 P100 : 0.000000 COUNT : 0 SUM : 0
rocksdb.blobdb.next.micros P50 : 0.000000 P95 : 0.000000 P99 : 0.000000 P100 : 0.000000 COUNT : 0 SUM : 0
rocksdb.blobdb.prev.micros P50 : 0.000000 P95 : 0.000000 P99 : 0.000000 P100 : 0.000000 COUNT : 0 SUM : 0
rocksdb.blobdb.blob.file.write.micros P50 : 0.000000 P95 : 0.000000 P99 : 0.000000 P100 : 0.000000 COUNT : 0 SUM : 0
rocksdb.blobdb.blob.file.read.micros P50 : 0.000000 P95 : 0.000000 P99 : 0.000000 P100 : 0.000000 COUNT : 0 SUM : 0
rocksdb.blobdb.blob.file.sync.micros P50 : 0.000000 P95 : 0.000000 P99 : 0.000000 P100 : 0.000000 COUNT : 0 SUM : 0
rocksdb.blobdb.compression.micros P50 : 0.000000 P95 : 0.000000 P99 : 0.000000 P100 : 0.000000 COUNT : 0 SUM : 0
rocksdb.blobdb.decompression.micros P50 : 0.000000 P95 : 0.000000 P99 : 0.000000 P100 : 0.000000 COUNT : 0 SUM : 0
rocksdb.db.flush.micros P50 : 710000.000000 P95 : 1725000.000000 P99 : 2100000.000000 P100 : 2335820.000000 COUNT : 80 SUM : 65622402
rocksdb.sst.batch.size P50 : 0.000000 P95 : 0.000000 P99 : 0.000000 P100 : 0.000000 COUNT : 0 SUM : 0
rocksdb.multiget.io.batch.size P50 : 0.000000 P95 : 0.000000 P99 : 0.000000 P100 : 0.000000 COUNT : 0 SUM : 0
rocksdb.num.index.and.filter.blocks.read.per.level P50 : 0.000000 P95 : 0.000000 P99 : 0.000000 P100 : 0.000000 COUNT : 0 SUM : 0
rocksdb.num.sst.read.per.level P50 : 0.000000 P95 : 0.000000 P99 : 0.000000 P100 : 0.000000 COUNT : 0 SUM : 0
rocksdb.num.level.read.per.multiget P50 : 0.000000 P95 : 0.000000 P99 : 0.000000 P100 : 0.000000 COUNT : 0 SUM : 0
rocksdb.error.handler.autoresume.retry.count P50 : 0.000000 P95 : 0.000000 P99 : 0.000000 P100 : 0.000000 COUNT : 0 SUM : 0
rocksdb.async.read.bytes P50 : 0.000000 P95 : 0.000000 P99 : 0.000000 P100 : 0.000000 COUNT : 0 SUM : 0
rocksdb.poll.wait.micros P50 : 0.000000 P95 : 0.000000 P99 : 0.000000 P100 : 0.000000 COUNT : 0 SUM : 0
rocksdb.compaction.prefetch.bytes P50 : 0.000000 P95 : 0.000000 P99 : 0.000000 P100 : 0.000000 COUNT : 0 SUM : 0
rocksdb.prefetched.bytes.discarded P50 : 0.000000 P95 : 0.000000 P99 : 0.000000 P100 : 0.000000 COUNT : 0 SUM : 0
rocksdb.async.prefetch.abort.micros P50 : 0.000000 P95 : 0.000000 P99 : 0.000000 P100 : 0.000000 COUNT : 0 SUM : 0
rocksdb.table.open.prefetch.tail.read.bytes P50 : 0.000000 P95 : 0.000000 P99 : 0.000000 P100 : 0.000000 COUNT : 0 SUM : 0
rocksdb.num.op.per.transaction P50 : 0.000000 P95 : 0.000000 P99 : 0.000000 P100 : 0.000000 COUNT : 0 SUM : 0
rocksdb.multiscan.op.prepare.iterators.micros P50 : 0.000000 P95 : 0.000000 P99 : 0.000000 P100 : 0.000000 COUNT : 0 SUM : 0
rocksdb.multiscan.prepare.micros P50 : 0.000000 P95 : 0.000000 P99 : 0.000000 P100 : 0.000000 COUNT : 0 SUM : 0
rocksdb.multiscan.blocks.per.prepare P50 : 0.000000 P95 : 0.000000 P99 : 0.000000 P100 : 0.000000 COUNT : 0 SUM : 0
rocksdb.block.key.distribution.cv P50 : 0.000000 P95 : 0.000000 P99 : 0.000000 P100 : 0.000000 COUNT : 0 SUM : 0

[EXPERIMENT_COMPLETED]
