RocksDB:    version 11.3.0
Date:       Tue May 26 10:07:03 2026
CPU:        2 * Intel Xeon Processor (SapphireRapids)
CPUCache:   16384 KB
2026/05/26-10:07:04  ... thread 3: (36000,36000) ops and (35938.8,35938.8) ops/second in (1.001702,1.001702) seconds
2026/05/26-10:07:04  ... thread 2: (39000,39000) ops and (38791.4,38791.4) ops/second in (1.005377,1.005377) seconds
2026/05/26-10:07:04  ... thread 0: (38000,38000) ops and (37754.4,37754.4) ops/second in (1.006504,1.006504) seconds
2026/05/26-10:07:04  ... thread 1: (37000,37000) ops and (36148.4,36148.4) ops/second in (1.023558,1.023558) seconds
2026/05/26-10:07:05  ... thread 3: (35000,71000) ops and (34809.0,35372.9) ops/second in (1.005487,2.007189) seconds
2026/05/26-10:07:05  ... thread 0: (37000,75000) ops and (36804.9,37279.9) ops/second in (1.005302,2.011806) seconds
2026/05/26-10:07:05  ... thread 1: (32000,69000) ops and (31936.4,34064.8) ops/second in (1.001992,2.025550) seconds
2026/05/26-10:07:05  ... thread 2: (29000,68000) ops and (27997.4,33314.0) ops/second in (1.035809,2.041186) seconds
2026/05/26-10:07:07  ... thread 1: (22000,91000) ops and (14212.0,25465.0) ops/second in (1.547983,3.573533) seconds
2026/05/26-10:07:07  ... thread 0: (23000,98000) ops and (14746.5,27439.5) ops/second in (1.559688,3.571494) seconds
2026/05/26-10:07:07  ... thread 3: (25000,96000) ops and (15879.1,26803.8) ops/second in (1.574396,3.581585) seconds
2026/05/26-10:07:07  ... thread 2: (23000,91000) ops and (14832.7,25335.4) ops/second in (1.550631,3.591817) seconds
2026/05/26-10:07:08  ... thread 2: (15000,106000) ops and (14171.4,22794.3) ops/second in (1.058473,4.650290) seconds
2026/05/26-10:07:08  ... thread 0: (14000,112000) ops and (12898.3,24050.3) ops/second in (1.085417,4.656911) seconds
2026/05/26-10:07:08  ... thread 3: (12000,108000) ops and (11100.0,23162.7) ops/second in (1.081081,4.662666) seconds
2026/05/26-10:07:08  ... thread 1: (21000,112000) ops and (19154.3,23983.4) ops/second in (1.096360,4.669893) seconds
2026/05/26-10:07:09  ... thread 2: (34000,140000) ops and (33695.6,24737.9) ops/second in (1.009034,5.659324) seconds
2026/05/26-10:07:09  ... thread 1: (32000,144000) ops and (31861.8,25377.9) ops/second in (1.004337,5.674230) seconds
2026/05/26-10:07:09  ... thread 0: (28000,140000) ops and (27583.5,24682.6) ops/second in (1.015099,5.672010) seconds
2026/05/26-10:07:09  ... thread 3: (30000,138000) ops and (28385.4,24127.8) ops/second in (1.056882,5.719548) seconds
2026/05/26-10:07:10  ... thread 3: (14000,152000) ops and (13557.6,22511.3) ops/second in (1.032629,6.752177) seconds
2026/05/26-10:07:10  ... thread 0: (18000,158000) ops and (16676.9,23402.7) ops/second in (1.079339,6.751349) seconds
2026/05/26-10:07:10  ... thread 2: (15000,155000) ops and (13669.4,22940.3) ops/second in (1.097341,6.756665) seconds
2026/05/26-10:07:10  ... thread 1: (16000,160000) ops and (14645.6,23645.2) ops/second in (1.092482,6.766712) seconds
2026/05/26-10:07:11  ... thread 2: (27000,182000) ops and (18255.5,22099.0) ops/second in (1.479007,8.235672) seconds
2026/05/26-10:07:11  ... thread 0: (29000,187000) ops and (19560.5,22710.9) ops/second in (1.482580,8.233929) seconds
2026/05/26-10:07:11  ... thread 1: (38000,198000) ops and (25406.0,23963.9) ops/second in (1.495707,8.262419) seconds
2026/05/26-10:07:11  ... thread 3: (31000,183000) ops and (20454.4,22134.2) ops/second in (1.515566,8.267743) seconds
2026/05/26-10:07:13  ... thread 0: (31000,218000) ops and (21396.8,22514.3) ops/second in (1.448818,9.682747) seconds
2026/05/26-10:07:13  ... thread 2: (38000,220000) ops and (26148.9,22706.4) ops/second in (1.453218,9.688890) seconds
2026/05/26-10:07:13  ... thread 3: (28000,211000) ops and (19656.0,21770.0) ops/second in (1.424500,9.692243) seconds
2026/05/26-10:07:13  ... thread 1: (26000,224000) ops and (17842.1,23046.1) ops/second in (1.457226,9.719645) seconds
2026/05/26-10:07:14  ... thread 3: (11000,222000) ops and (10588.3,20687.5) ops/second in (1.038882,10.731125) seconds
2026/05/26-10:07:14  ... thread 1: (15000,239000) ops and (14819.3,22270.2) ops/second in (1.012193,10.731838) seconds
2026/05/26-10:07:14  ... thread 2: (21000,241000) ops and (20122.8,22455.2) ops/second in (1.043592,10.732482) seconds
2026/05/26-10:07:14  ... thread 0: (15000,233000) ops and (14281.9,21708.7) ops/second in (1.050284,10.733031) seconds
2026/05/26-10:07:15  ... thread 3: (30000,252000) ops and (19595.8,20551.2) ops/second in (1.530940,12.262065) seconds
2026/05/26-10:07:15  ... thread 1: (34000,273000) ops and (22212.6,22263.0) ops/second in (1.530663,12.262501) seconds
2026/05/26-10:07:15  ... thread 0: (29000,262000) ops and (18948.9,21364.3) ops/second in (1.530432,12.263463) seconds
2026/05/26-10:07:15  ... thread 2: (32000,273000) ops and (20452.1,22200.3) ops/second in (1.564630,12.297112) seconds
2026/05/26-10:07:16  ... thread 2: (12000,285000) ops and (9804.7,21078.3) ops/second in (1.223900,13.521012) seconds
2026/05/26-10:07:16  ... thread 1: (16000,289000) ops and (12648.3,21363.9) ops/second in (1.264988,13.527489) seconds
2026/05/26-10:07:17  ... thread 3: (21000,273000) ops and (16387.3,20157.2) ops/second in (1.281479,13.543544) seconds
2026/05/26-10:07:17  ... thread 0: (13000,275000) ops and (10024.5,20279.8) ops/second in (1.296825,13.560288) seconds
2026/05/26-10:07:18  ... thread 2: (17000,302000) ops and (14783.7,20584.9) ops/second in (1.149917,14.670929) seconds
2026/05/26-10:07:18  ... thread 0: (16000,291000) ops and (14424.4,19837.1) ops/second in (1.109230,14.669518) seconds
2026/05/26-10:07:18  ... thread 1: (15000,304000) ops and (13025.2,20709.7) ops/second in (1.151618,14.679107) seconds
2026/05/26-10:07:18  ... thread 3: (15000,288000) ops and (13033.0,19599.2) ops/second in (1.150922,14.694466) seconds
2026/05/26-10:07:19  ... thread 0: (23000,314000) ops and (19748.8,19830.6) ops/second in (1.164628,15.834146) seconds
2026/05/26-10:07:19  ... thread 2: (14000,316000) ops and (11983.3,19950.5) ops/second in (1.168296,15.839225) seconds
2026/05/26-10:07:19  ... thread 1: (14000,318000) ops and (11943.3,20061.4) ops/second in (1.172203,15.851310) seconds
2026/05/26-10:07:19  ... thread 3: (10000,298000) ops and (8629.8,18797.4) ops/second in (1.158769,15.853235) seconds
2026/05/26-10:07:20  ... thread 3: (16000,314000) ops and (13275.8,18407.3) ops/second in (1.205198,17.058433) seconds
2026/05/26-10:07:20  ... thread 0: (15000,329000) ops and (12141.9,19274.1) ops/second in (1.235393,17.069539) seconds
2026/05/26-10:07:20  ... thread 1: (14000,332000) ops and (9640.9,19186.9) ops/second in (1.452144,17.303454) seconds
2026/05/26-10:07:20  ... thread 2: (17000,333000) ops and (10655.1,19099.8) ops/second in (1.595473,17.434698) seconds
2026/05/26-10:07:21  ... thread 0: (11000,340000) ops and (10901.8,18806.8) ops/second in (1.009012,18.078551) seconds
2026/05/26-10:07:21  ... thread 3: (9000,323000) ops and (8578.6,17837.9) ops/second in (1.049128,18.107561) seconds
2026/05/26-10:07:21  ... thread 1: (23000,355000) ops and (22777.7,19384.9) ops/second in (1.009759,18.313213) seconds
2026/05/26-10:07:21  ... thread 2: (34000,367000) ops and (33882.2,19904.4) ops/second in (1.003477,18.438175) seconds
2026/05/26-10:07:22  ... thread 1: (8000,363000) ops and (7332.5,18707.2) ops/second in (1.091034,19.404247) seconds
2026/05/26-10:07:22  ... thread 0: (20000,360000) ops and (14572.8,18508.1) ops/second in (1.372419,19.450970) seconds
2026/05/26-10:07:22  ... thread 3: (20000,343000) ops and (14817.6,17628.3) ops/second in (1.349742,19.457303) seconds
2026/05/26-10:07:22  ... thread 2: (8000,375000) ops and (7647.4,19246.3) ops/second in (1.046108,19.484283) seconds
2026/05/26-10:07:23  ... thread 0: (16000,376000) ops and (15123.2,18333.5) ops/second in (1.057975,20.508945) seconds
2026/05/26-10:07:23  ... thread 3: (12000,355000) ops and (11345.4,17304.4) ops/second in (1.057693,20.514996) seconds
2026/05/26-10:07:23  ... thread 2: (11000,386000) ops and (10579.4,18807.2) ops/second in (1.039756,20.524039) seconds
2026/05/26-10:07:24  ... thread 1: (16000,379000) ops and (14118.5,18454.0) ops/second in (1.133261,20.537508) seconds
2026/05/26-10:07:25  ... thread 2: (19000,405000) ops and (15760.9,18638.2) ops/second in (1.205518,21.729557) seconds
2026/05/26-10:07:25  ... thread 1: (14000,393000) ops and (11640.0,18077.1) ops/second in (1.202744,21.740252) seconds
2026/05/26-10:07:25  ... thread 0: (13000,389000) ops and (10454.4,17883.0) ops/second in (1.243498,21.752443) seconds
2026/05/26-10:07:25  ... thread 3: (16000,371000) ops and (12626.1,17032.2) ops/second in (1.267218,21.782214) seconds
2026/05/26-10:07:26  ... thread 0: (13000,402000) ops and (10708.2,17503.8) ops/second in (1.214024,22.966467) seconds
2026/05/26-10:07:26  ... thread 3: (14000,385000) ops and (11782.1,16760.7) ops/second in (1.188241,22.970455) seconds
2026/05/26-10:07:26  ... thread 2: (18000,423000) ops and (14325.9,18402.5) ops/second in (1.256462,22.986019) seconds
2026/05/26-10:07:26  ... thread 1: (16000,409000) ops and (12846.2,17793.6) ops/second in (1.245508,22.985760) seconds
2026/05/26-10:07:27  ... thread 1: (17000,426000) ops and (15232.3,17675.0) ops/second in (1.116052,24.101812) seconds
2026/05/26-10:07:27  ... thread 2: (15000,438000) ops and (10760.4,17965.5) ops/second in (1.393994,24.380013) seconds
2026/05/26-10:07:28  ... thread 0: (16000,418000) ops and (9773.7,16989.4) ops/second in (1.637049,24.603516) seconds
2026/05/26-10:07:28  ... thread 3: (20000,405000) ops and (8164.1,15932.2) ops/second in (2.449752,25.420207) seconds
2026/05/26-10:07:29  ... thread 1: (3000,429000) ops and (1944.6,16728.7) ops/second in (1.542700,25.644512) seconds
2026/05/26-10:07:29  ... thread 0: (2000,420000) ops and (1166.9,15958.9) ops/second in (1.714011,26.317527) seconds
2026/05/26-10:07:30  ... thread 2: (3000,441000) ops and (1271.0,16491.9) ops/second in (2.360414,26.740427) seconds
2026/05/26-10:07:30  ... thread 3: (3000,408000) ops and (2135.6,15209.7) ops/second in (1.404788,26.824995) seconds
2026/05/26-10:07:30  ... thread 1: (4000,433000) ops and (2596.7,15927.9) ops/second in (1.540409,27.184921) seconds
2026/05/26-10:07:30  ... thread 0: (10000,430000) ops and (9918.3,15736.1) ops/second in (1.008233,27.325760) seconds
2026/05/26-10:07:31  ... thread 3: (25000,433000) ops and (21475.9,15470.3) ops/second in (1.164098,27.989093) seconds
2026/05/26-10:07:31  ... thread 2: (27000,468000) ops and (21024.1,16699.6) ops/second in (1.284243,28.024670) seconds
2026/05/26-10:07:31  ... thread 1: (34000,467000) ops and (33659.9,16563.2) ops/second in (1.010104,28.195025) seconds
2026/05/26-10:07:31  ... thread 0: (29000,459000) ops and (28489.0,16194.1) ops/second in (1.017937,28.343697) seconds
2026/05/26-10:07:32  ... thread 1: (24000,491000) ops and (19543.6,16687.6) ops/second in (1.228026,29.423051) seconds
2026/05/26-10:07:32  ... thread 2: (29000,497000) ops and (20706.7,16890.3) ops/second in (1.400510,29.425180) seconds
2026/05/26-10:07:32  ... thread 0: (17000,476000) ops and (15641.8,16173.7) ops/second in (1.086829,29.430526) seconds
2026/05/26-10:07:32  ... thread 3: (34000,467000) ops and (23203.7,15855.0) ops/second in (1.465283,29.454376) seconds
2026/05/26-10:07:34  ... thread 0: (15000,491000) ops and (13664.5,16083.5) ops/second in (1.097732,30.528258) seconds
2026/05/26-10:07:34  ... thread 1: (13000,504000) ops and (11721.1,16507.2) ops/second in (1.109109,30.532160) seconds
2026/05/26-10:07:34  ... thread 3: (17000,484000) ops and (15711.2,15849.9) ops/second in (1.082029,30.536405) seconds
2026/05/26-10:07:34  ... thread 2: (18000,515000) ops and (15623.1,16842.5) ops/second in (1.152141,30.577321) seconds
2026/05/26-10:07:35  ... thread 0: (36000,527000) ops and (33029.7,16667.6) ops/second in (1.089929,31.618187) seconds
2026/05/26-10:07:35  ... thread 3: (31000,515000) ops and (24814.1,16202.3) ops/second in (1.249289,31.785694) seconds
2026/05/26-10:07:35  ... thread 2: (27000,542000) ops and (20418.6,16990.8) ops/second in (1.322322,31.899643) seconds
2026/05/26-10:07:35  ... thread 1: (30000,534000) ops and (20041.3,16672.4) ops/second in (1.496906,32.029066) seconds
2026/05/26-10:07:36  ... thread 3: (1000,516000) ops and (960.9,15719.1) ops/second in (1.040654,32.826348) seconds
2026/05/26-10:07:36  ... thread 0: (2000,529000) ops and (1452.6,16032.7) ops/second in (1.376845,32.995032) seconds
2026/05/26-10:07:36  ... thread 2: (3000,545000) ops and (1864.6,16264.5) ops/second in (1.608900,33.508543) seconds
2026/05/26-10:07:37  ... thread 1: (3000,537000) ops and (1681.3,15881.3) ops/second in (1.784319,33.813385) seconds
2026/05/26-10:07:37  ... thread 0: (1000,530000) ops and (993.6,15587.6) ops/second in (1.006411,34.001443) seconds
2026/05/26-10:07:37  ... thread 3: (3000,519000) ops and (2380.1,15225.8) ops/second in (1.260472,34.086820) seconds
2026/05/26-10:07:38  ... thread 2: (2000,547000) ops and (1591.4,15734.1) ops/second in (1.256781,34.765324) seconds
2026/05/26-10:07:38  ... thread 3: (1000,520000) ops and (977.1,14810.5) ops/second in (1.023488,35.110308) seconds
2026/05/26-10:07:38  ... thread 1: (3000,540000) ops and (1940.6,15271.8) ops/second in (1.545877,35.359262) seconds
2026/05/26-10:07:39  ... thread 0: (2000,532000) ops and (1293.9,14966.0) ops/second in (1.545687,35.547130) seconds
2026/05/26-10:07:39  ... thread 2: (3000,550000) ops and (2077.4,15189.4) ops/second in (1.444113,36.209437) seconds
2026/05/26-10:07:39  ... thread 1: (2000,542000) ops and (1872.3,14878.9) ops/second in (1.068215,36.427477) seconds
2026/05/26-10:07:39  ... thread 3: (3000,523000) ops and (2121.7,14319.2) ops/second in (1.413990,36.524298) seconds
2026/05/26-10:07:40  ... thread 0: (1000,533000) ops and (898.3,14538.9) ops/second in (1.113207,36.660337) seconds
2026/05/26-10:07:40  ... thread 2: (20000,570000) ops and (19643.3,15311.2) ops/second in (1.018158,37.227595) seconds
2026/05/26-10:07:40  ... thread 1: (23000,565000) ops and (22072.4,15078.9) ops/second in (1.042025,37.469502) seconds
2026/05/26-10:07:41  ... thread 3: (29000,552000) ops and (28807.2,14707.8) ops/second in (1.006693,37.530991) seconds
2026/05/26-10:07:41  ... thread 0: (33000,566000) ops and (32624.1,15024.5) ops/second in (1.011522,37.671859) seconds
2026/05/26-10:07:41  ... thread 2: (25000,595000) ops and (24529.6,15556.9) ops/second in (1.019178,38.246773) seconds
2026/05/26-10:07:42  ... thread 0: (23000,589000) ops and (20794.9,15189.1) ops/second in (1.106038,38.777897) seconds
2026/05/26-10:07:42  ... thread 1: (24000,589000) ops and (18017.3,15179.8) ops/second in (1.332052,38.801554) seconds
2026/05/26-10:07:42  ... thread 3: (36000,588000) ops and (28283.8,15153.2) ops/second in (1.272814,38.803805) seconds
2026/05/26-10:07:42  ... thread 2: (22000,617000) ops and (20281.6,15687.2) ops/second in (1.084728,39.331501) seconds
2026/05/26-10:07:43  ... thread 0: (30000,619000) ops and (29904.6,15560.2) ops/second in (1.003189,39.781086) seconds
2026/05/26-10:07:43  ... thread 1: (28000,617000) ops and (27551.4,15495.6) ops/second in (1.016281,39.817835) seconds
2026/05/26-10:07:44  ... thread 2: (17000,634000) ops and (11734.7,15546.8) ops/second in (1.448694,40.780195) seconds
2026/05/26-10:07:44  ... thread 1: (2000,619000) ops and (1610.2,15075.5) ops/second in (1.242089,41.059924) seconds
2026/05/26-10:07:44  ... thread 3: (31000,619000) ops and (12545.5,14997.0) ops/second in (2.471001,41.274806) seconds
2026/05/26-10:07:44  ... thread 0: (4000,623000) ops and (2308.2,15007.0) ops/second in (1.732965,41.514051) seconds
2026/05/26-10:07:45  ... thread 2: (2000,636000) ops and (1494.9,15100.4) ops/second in (1.337918,42.118113) seconds
2026/05/26-10:07:45  ... thread 3: (3000,622000) ops and (2527.2,14648.4) ops/second in (1.187086,42.461892) seconds
2026/05/26-10:07:46  ... thread 0: (2000,625000) ops and (1710.4,14642.7) ops/second in (1.169310,42.683361) seconds
2026/05/26-10:07:46  ... thread 1: (3000,622000) ops and (1787.7,14553.8) ops/second in (1.678132,42.738056) seconds
2026/05/26-10:07:47  ... thread 2: (2000,638000) ops and (1219.7,14580.3) ops/second in (1.639697,43.757810) seconds
2026/05/26-10:07:47  ... thread 0: (2000,627000) ops and (1791.3,14315.1) ops/second in (1.116495,43.799856) seconds
2026/05/26-10:07:47  ... thread 3: (1000,623000) ops and (691.7,14188.9) ops/second in (1.445626,43.907518) seconds
2026/05/26-10:07:47  ... thread 1: (3000,625000) ops and (2241.1,14179.8) ops/second in (1.338615,44.076671) seconds
2026/05/26-10:07:48  ... thread 2: (1000,639000) ops and (744.4,14168.1) ops/second in (1.343356,45.101166) seconds
2026/05/26-10:07:48  ... thread 1: (3000,628000) ops and (2380.2,13851.8) ops/second in (1.260415,45.337086) seconds
2026/05/26-10:07:48  ... thread 0: (3000,630000) ops and (1890.8,13880.8) ops/second in (1.586607,45.386463) seconds
2026/05/26-10:07:49  ... thread 3: (2000,625000) ops and (1224.0,13723.7) ops/second in (1.634037,45.541555) seconds
2026/05/26-10:07:49  ... thread 2: (2000,641000) ops and (1600.3,13829.3) ops/second in (1.249755,46.350921) seconds
2026/05/26-10:07:49  ... thread 1: (1000,629000) ops and (889.8,13538.3) ops/second in (1.123857,46.460943) seconds
2026/05/26-10:07:49  ... thread 0: (3000,633000) ops and (2696.8,13613.2) ops/second in (1.112431,46.498894) seconds
2026/05/26-10:07:50  ... thread 3: (2000,627000) ops and (1448.7,13362.6) ops/second in (1.380580,46.922135) seconds
2026/05/26-10:07:50  ... thread 2: (16000,657000) ops and (15926.9,13873.8) ops/second in (1.004592,47.355513) seconds
2026/05/26-10:07:51  ... thread 1: (21000,650000) ops and (18157.1,13650.4) ops/second in (1.156571,47.617514) seconds
2026/05/26-10:07:51  ... thread 0: (20000,653000) ops and (17844.1,13712.8) ops/second in (1.120821,47.619715) seconds
2026/05/26-10:07:51  ... thread 3: (36000,663000) ops and (35722.7,13832.7) ops/second in (1.007763,47.929898) seconds
2026/05/26-10:07:52  ... thread 1: (14000,664000) ops and (12389.8,13621.2) ops/second in (1.129962,48.747476) seconds
2026/05/26-10:07:52  ... thread 0: (17000,670000) ops and (14980.8,13742.3) ops/second in (1.134789,48.754504) seconds
2026/05/26-10:07:52  ... thread 2: (21000,678000) ops and (14955.9,13904.9) ops/second in (1.404125,48.759638) seconds
2026/05/26-10:07:52  ... thread 3: (16000,679000) ops and (15837.5,13874.1) ops/second in (1.010260,48.940158) seconds
2026/05/26-10:07:53  ... thread 1: (33000,697000) ops and (31465.5,13997.0) ops/second in (1.048767,49.796243) seconds
2026/05/26-10:07:53  ... thread 2: (27000,705000) ops and (25970.7,14156.8) ops/second in (1.039634,49.799272) seconds
2026/05/26-10:07:53  ... thread 0: (31000,701000) ops and (29746.5,14077.3) ops/second in (1.042139,49.796643) seconds
2026/05/26-10:07:53  ... thread 3: (27000,706000) ops and (26905.0,14135.9) ops/second in (1.003531,49.943689) seconds
2026/05/26-10:07:54  ... thread 0: (34000,735000) ops and (20486.5,14284.0) ops/second in (1.659633,51.456276) seconds
2026/05/26-10:07:55  ... thread 3: (27000,733000) ops and (16249.8,14204.0) ops/second in (1.661563,51.605252) seconds
2026/05/26-10:07:55  ... thread 1: (33000,730000) ops and (15239.4,14048.8) ops/second in (2.165442,51.961685) seconds
2026/05/26-10:07:55  ... thread 2: (25000,730000) ops and (9896.2,13951.1) ops/second in (2.526215,52.325487) seconds
2026/05/26-10:07:56  ... thread 0: (3000,738000) ops and (2742.7,14043.7) ops/second in (1.093821,52.550097) seconds
2026/05/26-10:07:56  ... thread 3: (3000,736000) ops and (2271.9,13906.3) ops/second in (1.320498,52.925750) seconds
2026/05/26-10:07:56  ... thread 1: (1000,731000) ops and (958.6,13791.2) ops/second in (1.043206,53.004891) seconds
2026/05/26-10:07:56  ... thread 2: (1000,731000) ops and (946.3,13693.7) ops/second in (1.056799,53.382286) seconds
2026/05/26-10:07:57  ... thread 0: (2000,740000) ops and (1639.1,13762.3) ops/second in (1.220162,53.770259) seconds
2026/05/26-10:07:57  ... thread 3: (1000,737000) ops and (951.9,13654.1) ops/second in (1.050562,53.976312) seconds
2026/05/26-10:07:57  ... thread 1: (4000,735000) ops and (2792.8,13501.8) ops/second in (1.432257,54.437148) seconds
2026/05/26-10:07:58  ... thread 0: (1000,741000) ops and (885.9,13497.5) ops/second in (1.128784,54.899043) seconds
2026/05/26-10:07:58  ... thread 2: (2000,733000) ops and (1201.8,13316.0) ops/second in (1.664162,55.046448) seconds
2026/05/26-10:07:58  ... thread 3: (2000,739000) ops and (1752.2,13407.7) ops/second in (1.141392,55.117704) seconds
2026/05/26-10:07:58  ... thread 1: (14000,749000) ops and (13383.2,13499.6) ops/second in (1.046090,55.483238) seconds
2026/05/26-10:07:59  ... thread 0: (24000,765000) ops and (22968.7,13674.4) ops/second in (1.044902,55.943945) seconds
2026/05/26-10:07:59  ... thread 2: (35000,768000) ops and (34946.4,13702.5) ops/second in (1.001535,56.047983) seconds
2026/05/26-10:07:59  ... thread 3: (34000,773000) ops and (33513.7,13771.1) ops/second in (1.014510,56.132214) seconds
2026/05/26-10:08:00  ... thread 1: (25000,774000) ops and (23359.2,13686.2) ops/second in (1.070244,56.553482) seconds
2026/05/26-10:08:01  ... thread 3: (20000,793000) ops and (12419.2,13733.4) ops/second in (1.610416,57.742630) seconds
2026/05/26-10:08:01  ... thread 1: (18000,792000) ops and (14902.2,13711.6) ops/second in (1.207877,57.761359) seconds
2026/05/26-10:08:01  ... thread 2: (30000,798000) ops and (17483.4,13814.9) ops/second in (1.715914,57.763897) seconds
2026/05/26-10:08:01  ... thread 0: (28000,793000) ops and (15224.5,13723.7) ops/second in (1.839145,57.783090) seconds
2026/05/26-10:08:02  ... thread 3: (14000,807000) ops and (11240.6,13680.7) ops/second in (1.245487,58.988117) seconds
2026/05/26-10:08:02  ... thread 1: (19000,811000) ops and (15450.3,13747.8) ops/second in (1.229748,58.991107) seconds
2026/05/26-10:08:02  ... thread 2: (15000,813000) ops and (12218.6,13781.6) ops/second in (1.227641,58.991538) seconds
2026/05/26-10:08:02  ... thread 0: (14000,807000) ops and (11606.5,13680.4) ops/second in (1.206219,58.989309) seconds
2026/05/26-10:08:03  ... thread 1: (17000,828000) ops and (16333.1,13792.7) ops/second in (1.040832,60.031939) seconds
2026/05/26-10:08:04  ... thread 2: (16000,829000) ops and (9918.3,13678.8) ops/second in (1.613179,60.604717) seconds
2026/05/26-10:08:04  ... thread 3: (16000,823000) ops and (9873.1,13578.9) ops/second in (1.620568,60.608685) seconds
2026/05/26-10:08:04  ... thread 0: (16000,823000) ops and (9453.2,13562.5) ops/second in (1.692557,60.681866) seconds
2026/05/26-10:08:04  ... thread 1: (4000,832000) ops and (3181.2,13575.0) ops/second in (1.257391,61.289330) seconds
2026/05/26-10:08:05  ... thread 2: (1000,830000) ops and (905.3,13450.2) ops/second in (1.104560,61.709277) seconds
2026/05/26-10:08:05  ... thread 3: (2000,825000) ops and (1744.7,13359.2) ops/second in (1.146360,61.755045) seconds
2026/05/26-10:08:05  ... thread 0: (3000,826000) ops and (2108.7,13300.2) ops/second in (1.422691,62.104557) seconds
2026/05/26-10:08:06  ... thread 1: (3000,835000) ops and (2267.2,13336.0) ops/second in (1.323194,62.612524) seconds
2026/05/26-10:08:06  ... thread 2: (1000,831000) ops and (964.3,13243.8) ops/second in (1.037006,62.746283) seconds
2026/05/26-10:08:06  ... thread 3: (2000,827000) ops and (1558.6,13119.0) ops/second in (1.283235,63.038280) seconds
2026/05/26-10:08:06  ... thread 0: (2000,828000) ops and (1910.3,13111.3) ops/second in (1.046973,63.151530) seconds
2026/05/26-10:08:07  ... thread 1: (1000,836000) ops and (886.4,13115.6) ops/second in (1.128169,63.740693) seconds
2026/05/26-10:08:07  ... thread 3: (1000,828000) ops and (987.6,12927.2) ops/second in (1.012572,64.050852) seconds
2026/05/26-10:08:07  ... thread 0: (3000,831000) ops and (2653.2,12927.4) ops/second in (1.130723,64.282253) seconds
2026/05/26-10:08:07  ... thread 2: (2000,833000) ops and (1252.2,12946.1) ops/second in (1.597248,64.343531) seconds
2026/05/26-10:08:08  ... thread 1: (3000,839000) ops and (2522.9,12921.7) ops/second in (1.189086,64.929779) seconds
2026/05/26-10:08:08  ... thread 3: (2000,830000) ops and (1458.6,12686.9) ops/second in (1.371155,65.422007) seconds
2026/05/26-10:08:09  ... thread 2: (1000,834000) ops and (805.4,12716.3) ops/second in (1.241663,65.585194) seconds
2026/05/26-10:08:09  ... thread 0: (3000,834000) ops and (2012.0,12679.9) ops/second in (1.491018,65.773271) seconds
2026/05/26-10:08:09  ... thread 1: (2000,841000) ops and (1714.2,12723.8) ops/second in (1.166737,66.096516) seconds
2026/05/26-10:08:09  ... thread 3: (14000,844000) ops and (13756.1,12703.2) ops/second in (1.017732,66.439739) seconds
2026/05/26-10:08:10  ... thread 2: (21000,855000) ops and (20677.8,12837.7) ops/second in (1.015584,66.600778) seconds
2026/05/26-10:08:10  ... thread 0: (21000,855000) ops and (20832.1,12803.0) ops/second in (1.008058,66.781329) seconds
2026/05/26-10:08:10  ... thread 1: (37000,878000) ops and (28887.9,13031.1) ops/second in (1.280812,67.377328) seconds
2026/05/26-10:08:10  ... thread 3: (25000,869000) ops and (24971.6,12885.4) ops/second in (1.001137,67.440876) seconds
2026/05/26-10:08:11  ... thread 2: (24000,879000) ops and (23335.7,12997.3) ops/second in (1.028465,67.629243) seconds
2026/05/26-10:08:11  ... thread 0: (30000,885000) ops and (27307.2,13037.7) ops/second in (1.098613,67.879942) seconds
2026/05/26-10:08:11  ... thread 1: (36000,914000) ops and (34126.2,13356.3) ops/second in (1.054909,68.432237) seconds
2026/05/26-10:08:11  ... thread 3: (29000,898000) ops and (28466.4,13117.2) ops/second in (1.018746,68.459622) seconds
2026/05/26-10:08:12  ... thread 2: (26000,905000) ops and (25112.3,13180.0) ops/second in (1.035350,68.664593) seconds
2026/05/26-10:08:12  ... thread 0: (31000,916000) ops and (28500.4,13281.6) ops/second in (1.087704,68.967646) seconds
2026/05/26-10:08:13  ... thread 3: (32000,930000) ops and (19808.6,13271.5) ops/second in (1.615456,70.075078) seconds
2026/05/26-10:08:13  ... thread 2: (23000,928000) ops and (15122.8,13222.1) ops/second in (1.520881,70.185474) seconds
2026/05/26-10:08:13  ... thread 1: (32000,946000) ops and (16791.0,13449.3) ops/second in (1.905788,70.338025) seconds
2026/05/26-10:08:13  ... thread 0: (16000,932000) ops and (11178.4,13238.8) ops/second in (1.431334,70.398980) seconds
2026/05/26-10:08:14  ... thread 3: (2000,932000) ops and (1723.6,13083.4) ops/second in (1.160362,71.235440) seconds
2026/05/26-10:08:14  ... thread 2: (2000,930000) ops and (1613.1,13020.6) ops/second in (1.239875,71.425349) seconds
2026/05/26-10:08:15  ... thread 1: (3000,949000) ops and (2400.7,13256.5) ops/second in (1.249656,71.587681) seconds
2026/05/26-10:08:15  ... thread 0: (2000,934000) ops and (1608.4,13037.0) ops/second in (1.243456,71.642436) seconds
2026/05/26-10:08:16  ... thread 3: (2000,934000) ops and (1334.8,12841.3) ops/second in (1.498389,72.733829) seconds
2026/05/26-10:08:16  ... thread 0: (6000,940000) ops and (5094.0,12908.5) ops/second in (1.177856,72.820292) seconds
2026/05/26-10:08:16  ... thread 1: (1000,950000) ops and (722.1,13018.6) ops/second in (1.384869,72.972550) seconds
2026/05/26-10:08:16  ... thread 2: (2000,932000) ops and (1226.5,12757.3) ops/second in (1.630634,73.055983) seconds
2026/05/26-10:08:17  ... thread 1: (4000,954000) ops and (3622.3,12878.5) ops/second in (1.104266,74.076816) seconds
2026/05/26-10:08:17  ... thread 3: (2000,936000) ops and (1341.3,12610.3) ops/second in (1.491076,74.224905) seconds
2026/05/26-10:08:17  ... thread 2: (1000,933000) ops and (837.7,12565.7) ops/second in (1.193762,74.249745) seconds
2026/05/26-10:08:18  ... thread 0: (3000,943000) ops and (1672.0,12638.3) ops/second in (1.794298,74.614590) seconds
2026/05/26-10:08:18  ... thread 1: (2000,956000) ops and (1996.1,12733.3) ops/second in (1.001945,75.078761) seconds
2026/05/26-10:08:18  ... thread 3: (2000,938000) ops and (1737.8,12444.3) ops/second in (1.150889,75.375794) seconds
2026/05/26-10:08:19  ... thread 1: (2000,958000) ops and (1736.9,12567.2) ops/second in (1.151473,76.230234) seconds
2026/05/26-10:08:19  ... thread 2: (4000,937000) ops and (1792.3,12251.3) ops/second in (2.231722,76.481467) seconds
2026/05/26-10:08:20  ... thread 0: (3000,946000) ops and (1505.7,12348.7) ops/second in (1.992461,76.607051) seconds
2026/05/26-10:08:20  ... thread 3: (5000,943000) ops and (3689.6,12289.7) ops/second in (1.355152,76.730946) seconds
2026/05/26-10:08:21  ... thread 3: (4000,947000) ops and (3764.3,12173.2) ops/second in (1.062609,77.793555) seconds
2026/05/26-10:08:21  ... thread 2: (2000,939000) ops and (1487.0,12065.3) ops/second in (1.344997,77.826464) seconds
2026/05/26-10:08:21  ... thread 0: (3000,949000) ops and (1910.9,12139.1) ops/second in (1.569979,78.177030) seconds
2026/05/26-10:08:21  ... thread 1: (3000,961000) ops and (1367.8,12254.0) ops/second in (2.193245,78.423479) seconds
2026/05/26-10:08:22  ... thread 3: (2000,949000) ops and (1856.4,12032.3) ops/second in (1.077358,78.870913) seconds
2026/05/26-10:08:22  ... thread 0: (2000,951000) ops and (1740.5,11988.5) ops/second in (1.149106,79.326136) seconds
2026/05/26-10:08:23  ... thread 1: (1000,962000) ops and (684.5,12042.4) ops/second in (1.460896,79.884375) seconds
2026/05/26-10:08:23  ... thread 3: (3000,952000) ops and (2417.4,11883.4) ops/second in (1.241010,80.111923) seconds
2026/05/26-10:08:23  ... thread 0: (1000,952000) ops and (909.1,11836.9) ops/second in (1.100010,80.426146) seconds
2026/05/26-10:08:23  ... thread 2: (3000,942000) ops and (1120.2,11701.2) ops/second in (2.678021,80.504485) seconds
2026/05/26-10:08:25  ... thread 1: (2000,964000) ops and (1179.0,11816.5) ops/second in (1.696294,81.580669) seconds
2026/05/26-10:08:25  ... thread 0: (2000,954000) ops and (1584.9,11678.6) ops/second in (1.261893,81.688039) seconds
2026/05/26-10:08:25  ... thread 3: (3000,955000) ops and (1703.0,11664.3) ops/second in (1.761644,81.873567) seconds
2026/05/26-10:08:26  ... thread 2: (2000,944000) ops and (946.4,11426.1) ops/second in (2.113330,82.617815) seconds
2026/05/26-10:08:26  ... thread 1: (2000,966000) ops and (1842.8,11685.6) ops/second in (1.085286,82.665955) seconds
2026/05/26-10:08:26  ... thread 0: (2000,956000) ops and (1515.7,11517.0) ops/second in (1.319554,83.007593) seconds
2026/05/26-10:08:27  ... thread 2: (2000,946000) ops and (1774.6,11296.2) ops/second in (1.126985,83.744800) seconds
2026/05/26-10:08:27  ... thread 0: (2000,958000) ops and (1730.2,11382.6) ops/second in (1.155904,84.163497) seconds
2026/05/26-10:08:27  ... thread 3: (1000,956000) ops and (408.2,11337.3) ops/second in (2.449819,84.323386) seconds
2026/05/26-10:08:28  ... thread 2: (3000,949000) ops and (2411.1,11166.1) ops/second in (1.244235,84.989035) seconds
2026/05/26-10:08:28  ... thread 1: (2000,968000) ops and (820.4,11374.3) ops/second in (2.437851,85.103806) seconds
2026/05/26-10:08:28  ... thread 0: (4000,962000) ops and (3943.6,11294.0) ops/second in (1.014294,85.177791) seconds
2026/05/26-10:08:28  ... thread 3: (9000,965000) ops and (8995.9,11309.9) ops/second in (1.000454,85.323840) seconds
2026/05/26-10:08:29  ... thread 2: (28000,977000) ops and (27975.6,11361.8) ops/second in (1.000871,85.989906) seconds
2026/05/26-10:08:29  ... thread 1: (29000,997000) ops and (28790.1,11578.1) ops/second in (1.007290,86.111096) seconds
2026/05/26-10:08:29  ... thread 0: (29000,991000) ops and (28545.3,11497.4) ops/second in (1.015929,86.193720) seconds
2026/05/26-10:08:29  ... thread 3: (31000,996000) ops and (26745.8,11516.7) ops/second in (1.159061,86.482901) seconds
2026/05/26-10:08:30  ... thread 2: (26000,1003000) ops and (24970.0,11524.6) ops/second in (1.041250,87.031156) seconds
2026/05/26-10:08:30  ... thread 1: (28000,1025000) ops and (27840.1,11765.8) ops/second in (1.005744,87.116840) seconds
2026/05/26-10:08:30  ... thread 0: (29000,1020000) ops and (28004.6,11693.3) ops/second in (1.035545,87.229265) seconds
2026/05/26-10:08:31  ... thread 3: (31000,1027000) ops and (27579.7,11722.8) ops/second in (1.124014,87.606915) seconds
2026/05/26-10:08:31  ... thread 2: (27000,1030000) ops and (26431.6,11697.5) ops/second in (1.021503,88.052659) seconds
2026/05/26-10:08:31  ... thread 1: (26000,1051000) ops and (25226.3,11923.2) ops/second in (1.030672,88.147512) seconds
2026/05/26-10:08:31  ... thread 0: (27000,1047000) ops and (26783.9,11865.7) ops/second in (1.008067,88.237332) seconds
2026/05/26-10:08:32  ... thread 3: (28000,1055000) ops and (27695.4,11905.0) ops/second in (1.010999,88.617914) seconds
2026/05/26-10:08:32  ... thread 2: (15000,1045000) ops and (13452.0,11719.5) ops/second in (1.115077,89.167736) seconds
2026/05/26-10:08:32  ... thread 1: (19000,1070000) ops and (18249.6,11997.0) ops/second in (1.041117,89.188629) seconds
2026/05/26-10:08:32  ... thread 0: (18000,1065000) ops and (17979.4,11934.3) ops/second in (1.001143,89.238475) seconds
2026/05/26-10:08:33  ... thread 3: (17000,1072000) ops and (15362.1,11947.7) ops/second in (1.106619,89.724533) seconds
2026/05/26-10:08:33  ... thread 0: (31000,1096000) ops and (28650.9,12134.6) ops/second in (1.081991,90.320466) seconds
2026/05/26-10:08:33  ... thread 2: (33000,1078000) ops and (28293.2,11933.5) ops/second in (1.166360,90.334096) seconds
2026/05/26-10:08:33  ... thread 1: (27000,1097000) ops and (23421.5,12142.8) ops/second in (1.152785,90.341414) seconds
2026/05/26-10:08:34  ... thread 3: (29000,1101000) ops and (28765.0,12134.5) ops/second in (1.008170,90.732703) seconds
2026/05/26-10:08:34  ... thread 2: (24000,1102000) ops and (23946.5,12065.3) ops/second in (1.002235,91.336331) seconds
2026/05/26-10:08:34  ... thread 0: (19000,1115000) ops and (18707.8,12207.7) ops/second in (1.015618,91.336084) seconds
2026/05/26-10:08:34  ... thread 1: (21000,1118000) ops and (20597.9,12237.2) ops/second in (1.019522,91.360936) seconds
2026/05/26-10:08:35  ... thread 3: (17000,1118000) ops and (16717.4,12185.3) ops/second in (1.016907,91.749610) seconds
2026/05/26-10:08:36  ... thread 3: (15000,1133000) ops and (13904.4,12205.3) ops/second in (1.078799,92.828409) seconds
2026/05/26-10:08:36  ... thread 0: (26000,1141000) ops and (15013.1,12259.9) ops/second in (1.731825,93.067909) seconds
2026/05/26-10:08:36  ... thread 2: (25000,1127000) ops and (12695.0,12078.6) ops/second in (1.969277,93.305608) seconds
2026/05/26-10:08:37  ... thread 1: (26000,1144000) ops and (11091.6,12208.5) ops/second in (2.344121,93.705057) seconds
2026/05/26-10:08:37  ... thread 0: (2000,1143000) ops and (1558.3,12114.3) ops/second in (1.283475,94.351384) seconds
2026/05/26-10:08:37  ... thread 2: (2000,1129000) ops and (1654.3,11945.2) ops/second in (1.208995,94.514603) seconds
2026/05/26-10:08:37  ... thread 3: (2000,1135000) ops and (1176.9,12007.0) ops/second in (1.699397,94.527806) seconds
2026/05/26-10:08:38  ... thread 1: (3000,1147000) ops and (2114.8,12058.0) ops/second in (1.418563,95.123620) seconds
2026/05/26-10:08:39  ... thread 2: (1000,1130000) ops and (932.7,11821.7) ops/second in (1.072101,95.586704) seconds
2026/05/26-10:08:39  ... thread 3: (3000,1138000) ops and (2780.6,11902.9) ops/second in (1.078897,95.606703) seconds
2026/05/26-10:08:39  ... thread 1: (3000,1150000) ops and (2641.2,11946.9) ops/second in (1.135838,96.259458) seconds
2026/05/26-10:08:39  ... thread 0: (1000,1144000) ops and (464.1,11854.2) ops/second in (2.154859,96.506243) seconds
2026/05/26-10:08:40  ... thread 2: (1000,1131000) ops and (981.9,11707.5) ops/second in (1.018401,96.605105) seconds
2026/05/26-10:08:40  ... thread 3: (3000,1141000) ops and (1992.8,11749.3) ops/second in (1.505424,97.112127) seconds
2026/05/26-10:08:40  ... thread 1: (1000,1151000) ops and (803.9,11804.7) ops/second in (1.244013,97.503471) seconds
2026/05/26-10:08:41  ... thread 0: (2000,1146000) ops and (1293.6,11687.6) ops/second in (1.546081,98.052324) seconds
2026/05/26-10:08:41  ... thread 3: (1000,1142000) ops and (945.2,11632.9) ops/second in (1.057984,98.170111) seconds
2026/05/26-10:08:42  ... thread 1: (4000,1155000) ops and (2705.2,11668.8) ops/second in (1.478607,98.982078) seconds
2026/05/26-10:08:42  ... thread 2: (2000,1133000) ops and (812.9,11436.9) ops/second in (2.460284,99.065389) seconds
2026/05/26-10:08:42  ... thread 0: (2000,1148000) ops and (1594.2,11560.1) ops/second in (1.254566,99.306890) seconds
2026/05/26-10:08:43  ... thread 1: (1000,1156000) ops and (937.0,11554.3) ops/second in (1.067274,100.049352) seconds
2026/05/26-10:08:43  ... thread 2: (2000,1135000) ops and (1545.7,11309.4) ops/second in (1.293879,100.359268) seconds
2026/05/26-10:08:43  ... thread 3: (3000,1145000) ops and (1354.3,11406.1) ops/second in (2.215165,100.385276) seconds
2026/05/26-10:08:44  ... thread 0: (2000,1150000) ops and (1432.2,11419.7) ops/second in (1.396501,100.703391) seconds
2026/05/26-10:08:44  ... thread 2: (2000,1137000) ops and (1885.7,11210.8) ops/second in (1.060629,101.419897) seconds
2026/05/26-10:08:45  ... thread 3: (3000,1148000) ops and (1996.8,11267.3) ops/second in (1.502424,101.887700) seconds
2026/05/26-10:08:45  ... thread 1: (2000,1158000) ops and (917.0,11327.4) ops/second in (2.180913,102.230265) seconds
2026/05/26-10:08:45  ... thread 0: (2000,1152000) ops and (1299.7,11267.4) ops/second in (1.538771,102.242162) seconds
2026/05/26-10:08:46  ... thread 2: (2000,1139000) ops and (1727.2,11103.8) ops/second in (1.157933,102.577830) seconds
2026/05/26-10:08:46  ... thread 3: (2000,1150000) ops and (1882.2,11170.4) ops/second in (1.062593,102.950293) seconds
2026/05/26-10:08:46  ... thread 0: (2000,1154000) ops and (1994.2,11177.3) ops/second in (1.002931,103.245093) seconds
2026/05/26-10:08:46  ... thread 1: (1000,1159000) ops and (958.1,11222.6) ops/second in (1.043760,103.274025) seconds
2026/05/26-10:08:47  ... thread 0: (1000,1155000) ops and (987.9,11078.4) ops/second in (1.012205,104.257298) seconds
2026/05/26-10:08:48  ... thread 2: (2000,1141000) ops and (978.9,10906.0) ops/second in (2.043197,104.621027) seconds
2026/05/26-10:08:48  ... thread 3: (2000,1152000) ops and (1077.7,10991.7) ops/second in (1.855744,104.806037) seconds
2026/05/26-10:08:48  ... thread 1: (2000,1161000) ops and (1087.6,11045.3) ops/second in (1.838845,105.112870) seconds
2026/05/26-10:08:49  ... thread 0: (2000,1157000) ops and (1142.8,10914.3) ops/second in (1.750017,106.007315) seconds
2026/05/26-10:08:49  ... thread 2: (1000,1142000) ops and (571.2,10735.9) ops/second in (1.750654,106.371681) seconds
2026/05/26-10:08:49  ... thread 3: (2000,1154000) ops and (1206.7,10839.4) ops/second in (1.657351,106.463388) seconds
2026/05/26-10:08:50  ... thread 1: (2000,1163000) ops and (1023.8,10862.4) ops/second in (1.953481,107.066351) seconds
2026/05/26-10:08:50  ... thread 0: (1000,1158000) ops and (708.8,10780.3) ops/second in (1.410786,107.418101) seconds
2026/05/26-10:08:51  ... thread 3: (2000,1156000) ops and (1735.9,10741.9) ops/second in (1.152142,107.615530) seconds
2026/05/26-10:08:51  ... thread 2: (1000,1143000) ops and (797.9,10620.2) ops/second in (1.253364,107.625045) seconds
2026/05/26-10:08:51  ... thread 1: (17000,1180000) ops and (16358.0,10915.3) ops/second in (1.039247,108.105598) seconds
2026/05/26-10:08:51  ... thread 0: (29000,1187000) ops and (27788.1,10944.0) ops/second in (1.043613,108.461714) seconds
2026/05/26-10:08:52  ... thread 3: (33000,1189000) ops and (32374.0,10944.9) ops/second in (1.019336,108.634866) seconds
2026/05/26-10:08:52  ... thread 2: (33000,1176000) ops and (32497.0,10824.7) ops/second in (1.015479,108.640524) seconds
2026/05/26-10:08:52  ... thread 1: (29000,1209000) ops and (28184.2,11078.1) ops/second in (1.028944,109.134542) seconds
2026/05/26-10:08:53  ... thread 0: (30000,1217000) ops and (26575.1,11105.0) ops/second in (1.128878,109.590592) seconds
2026/05/26-10:08:53  ... thread 3: (30000,1219000) ops and (29841.4,11118.2) ops/second in (1.005315,109.640181) seconds
2026/05/26-10:08:53  ... thread 2: (28000,1204000) ops and (27888.2,10980.9) ops/second in (1.004009,109.644533) seconds
2026/05/26-10:08:53  ... thread 1: (27000,1236000) ops and (25207.1,11215.4) ops/second in (1.071127,110.205669) seconds
2026/05/26-10:08:54  ... thread 3: (30000,1249000) ops and (27873.3,11281.1) ops/second in (1.076298,110.716479) seconds
2026/05/26-10:08:54  ... thread 2: (31000,1235000) ops and (28740.5,11153.9) ops/second in (1.078616,110.723149) seconds
2026/05/26-10:08:54  ... thread 0: (28000,1245000) ops and (24723.2,11244.3) ops/second in (1.132538,110.723130) seconds
Initializing RocksDB Options from the specified file
Initializing RocksDB Options from command-line flags
Integrated BlobDB: blob cache disabled
Keys:       16 bytes each (+ 0 bytes user-defined timestamp)
Values:     1024 bytes each (512 bytes after compression)
Entries:    1250000
Prefix:    0 bytes
Keys per prefix:    0
RawSize:    1239.8 MB (estimated)
FileSize:   629.4 MB (estimated)
Write rate: 0 bytes/second
Read rate: 0 ops/second
Compression: Snappy
Compression sampling rate: 0
Memtablerep: SkipListFactory
Perf Level: 1
WARNING: Assertions are enabled; benchmarks unnecessarily slow
------------------------------------------------
Initializing RocksDB Options from the specified file
Initializing RocksDB Options from command-line flags
Integrated BlobDB: blob cache disabled
DB path: [/tmp/rocksdb_comp_exp_db]
fillrandom   :      88.583 micros/op 45111 ops/sec 110.836 seconds 5000000 operations;   44.7 MB/s
2026/05/26-10:08:56  ... thread 3: (1000,1000) ops and (463.7,463.7) ops/second in (2.156441,2.156441) seconds
2026/05/26-10:08:56  ... thread 2: (1000,1000) ops and (457.4,457.4) ops/second in (2.186144,2.186144) seconds
2026/05/26-10:08:56  ... thread 1: (1000,1000) ops and (455.2,455.2) ops/second in (2.196839,2.196839) seconds
2026/05/26-10:08:56  ... thread 0: (1000,1000) ops and (452.9,452.9) ops/second in (2.208111,2.208111) seconds
2026/05/26-10:08:57  ... thread 2: (1000,2000) ops and (964.3,620.5) ops/second in (1.037068,3.223212) seconds
2026/05/26-10:08:57  ... thread 0: (1000,2000) ops and (938.3,610.9) ops/second in (1.065798,3.273909) seconds
2026/05/26-10:08:57  ... thread 1: (2000,3000) ops and (1436.4,835.8) ops/second in (1.392337,3.589176) seconds
2026/05/26-10:08:57  ... thread 3: (2000,3000) ops and (1373.8,830.5) ops/second in (1.455862,3.612303) seconds
2026/05/26-10:08:58  ... thread 2: (2000,4000) ops and (1897.8,935.2) ops/second in (1.053868,4.277080) seconds
2026/05/26-10:08:58  ... thread 0: (2000,4000) ops and (1884.2,922.6) ops/second in (1.061475,4.335384) seconds
2026/05/26-10:08:59  ... thread 3: (2000,5000) ops and (1178.8,941.8) ops/second in (1.696662,5.308965) seconds
2026/05/26-10:08:59  ... thread 1: (2000,5000) ops and (1154.8,939.7) ops/second in (1.731891,5.321067) seconds
2026/05/26-10:08:59  ... thread 2: (1000,5000) ops and (870.6,921.5) ops/second in (1.148694,5.425774) seconds
2026/05/26-10:08:59  ... thread 0: (1000,5000) ops and (883.6,914.6) ops/second in (1.131777,5.467161) seconds
2026/05/26-10:09:01  ... thread 3: (2000,7000) ops and (918.5,935.0) ops/second in (2.177432,7.486397) seconds
2026/05/26-10:09:01  ... thread 1: (2000,7000) ops and (905.5,929.6) ops/second in (2.208758,7.529825) seconds
2026/05/26-10:09:01  ... thread 2: (2000,7000) ops and (927.8,923.3) ops/second in (2.155662,7.581436) seconds
2026/05/26-10:09:01  ... thread 0: (2000,7000) ops and (914.1,914.4) ops/second in (2.187853,7.655014) seconds
2026/05/26-10:09:03  ... thread 2: (1000,8000) ops and (516.7,840.6) ops/second in (1.935451,9.516887) seconds
2026/05/26-10:09:04  ... thread 0: (1000,8000) ops and (462.3,814.8) ops/second in (2.163191,9.818205) seconds
2026/05/26-10:09:05  ... thread 3: (2000,9000) ops and (620.0,840.2) ops/second in (3.225860,10.712257) seconds
2026/05/26-10:09:05  ... thread 1: (2000,9000) ops and (596.6,827.1) ops/second in (3.352090,10.881915) seconds
2026/05/26-10:09:05  ... thread 2: (1000,9000) ops and (704.9,823.0) ops/second in (1.418738,10.935625) seconds
2026/05/26-10:09:05  ... thread 0: (1000,9000) ops and (805.3,813.7) ops/second in (1.241784,11.059989) seconds
2026/05/26-10:09:07  ... thread 3: (2000,11000) ops and (689.2,808.0) ops/second in (2.901751,13.614008) seconds
2026/05/26-10:09:08  ... thread 1: (2000,11000) ops and (610.7,777.0) ops/second in (3.274863,14.156778) seconds
2026/05/26-10:09:08  ... thread 2: (2000,11000) ops and (618.7,776.4) ops/second in (3.232624,14.168249) seconds
2026/05/26-10:09:08  ... thread 0: (2000,11000) ops and (632.0,773.3) ops/second in (3.164414,14.224403) seconds
2026/05/26-10:09:09  ... thread 3: (1000,12000) ops and (503.9,769.3) ops/second in (1.984496,15.598504) seconds
2026/05/26-10:09:10  ... thread 1: (1000,12000) ops and (600.6,758.4) ops/second in (1.665084,15.821862) seconds
2026/05/26-10:09:10  ... thread 2: (1000,12000) ops and (591.5,756.7) ops/second in (1.690735,15.858984) seconds
2026/05/26-10:09:10  ... thread 0: (1000,12000) ops and (590.7,753.9) ops/second in (1.692874,15.917277) seconds
2026/05/26-10:09:11  ... thread 0: (1000,13000) ops and (974.5,767.3) ops/second in (1.026148,16.943425) seconds
2026/05/26-10:09:12  ... thread 3: (2000,14000) ops and (827.1,777.1) ops/second in (2.418038,18.016542) seconds
2026/05/26-10:09:12  ... thread 1: (2000,14000) ops and (779.1,761.3) ops/second in (2.567112,18.388974) seconds
2026/05/26-10:09:12  ... thread 2: (2000,14000) ops and (784.2,760.5) ops/second in (2.550358,18.409342) seconds
2026/05/26-10:09:12  ... thread 0: (1000,14000) ops and (579.6,749.9) ops/second in (1.725233,18.668658) seconds
2026/05/26-10:09:14  ... thread 3: (1000,15000) ops and (516.8,751.8) ops/second in (1.935038,19.951580) seconds
2026/05/26-10:09:14  ... thread 1: (1000,15000) ops and (561.9,743.7) ops/second in (1.779518,20.168492) seconds
2026/05/26-10:09:14  ... thread 2: (1000,15000) ops and (551.6,741.8) ops/second in (1.812874,20.222216) seconds
2026/05/26-10:09:14  ... thread 0: (1000,15000) ops and (570.2,734.5) ops/second in (1.753765,20.422423) seconds
2026/05/26-10:09:15  ... thread 3: (1000,16000) ops and (677.8,746.7) ops/second in (1.475286,21.426866) seconds
2026/05/26-10:09:16  ... thread 1: (1000,16000) ops and (610.1,733.7) ops/second in (1.639170,21.807662) seconds
2026/05/26-10:09:16  ... thread 2: (1000,16000) ops and (594.0,730.4) ops/second in (1.683637,21.905853) seconds
2026/05/26-10:09:16  ... thread 0: (1000,16000) ops and (606.9,725.0) ops/second in (1.647724,22.070147) seconds
2026/05/26-10:09:16  ... thread 3: (1000,17000) ops and (950.2,756.3) ops/second in (1.052355,22.479221) seconds
2026/05/26-10:09:17  ... thread 1: (1000,17000) ops and (695.4,731.3) ops/second in (1.438124,23.245786) seconds
2026/05/26-10:09:17  ... thread 2: (1000,17000) ops and (665.0,726.2) ops/second in (1.503769,23.409622) seconds
2026/05/26-10:09:17  ... thread 0: (1000,17000) ops and (733.4,725.5) ops/second in (1.363421,23.433568) seconds
2026/05/26-10:09:18  ... thread 3: (1000,18000) ops and (813.1,759.2) ops/second in (1.229806,23.709027) seconds
2026/05/26-10:09:18  ... thread 1: (2000,19000) ops and (1464.7,772.0) ops/second in (1.365468,24.611254) seconds
2026/05/26-10:09:18  ... thread 2: (2000,19000) ops and (1627.0,771.1) ops/second in (1.229237,24.638859) seconds
2026/05/26-10:09:19  ... thread 0: (2000,19000) ops and (1537.3,768.2) ops/second in (1.300991,24.734559) seconds
2026/05/26-10:09:19  ... thread 3: (2000,20000) ops and (1676.3,803.1) ops/second in (1.193130,24.902157) seconds
2026/05/26-10:09:19  ... thread 2: (3000,22000) ops and (2934.7,857.3) ops/second in (1.022250,25.661109) seconds
2026/05/26-10:09:19  ... thread 1: (3000,22000) ops and (2854.0,857.3) ops/second in (1.051150,25.662404) seconds
2026/05/26-10:09:20  ... thread 3: (3000,23000) ops and (2944.6,887.3) ops/second in (1.018810,25.920967) seconds
2026/05/26-10:09:20  ... thread 0: (4000,23000) ops and (3059.9,883.2) ops/second in (1.307252,26.041811) seconds
2026/05/26-10:09:21  ... thread 1: (4000,26000) ops and (3672.8,971.9) ops/second in (1.089088,26.751492) seconds
2026/05/26-10:09:21  ... thread 2: (4000,26000) ops and (3505.4,970.1) ops/second in (1.141100,26.802209) seconds
2026/05/26-10:09:21  ... thread 3: (4000,27000) ops and (3476.7,997.4) ops/second in (1.150529,27.071496) seconds
2026/05/26-10:09:21  ... thread 0: (4000,27000) ops and (3772.0,996.2) ops/second in (1.060458,27.102269) seconds
2026/05/26-10:09:22  ... thread 1: (4000,30000) ops and (3758.7,1078.5) ops/second in (1.064187,27.815679) seconds
2026/05/26-10:09:22  ... thread 2: (4000,30000) ops and (3888.1,1077.9) ops/second in (1.028772,27.830981) seconds
2026/05/26-10:09:22  ... thread 0: (4000,31000) ops and (3807.7,1101.1) ops/second in (1.050511,28.152780) seconds
2026/05/26-10:09:22  ... thread 3: (5000,32000) ops and (4168.7,1131.9) ops/second in (1.199405,28.270901) seconds
2026/05/26-10:09:23  ... thread 1: (5000,35000) ops and (4365.0,1208.5) ops/second in (1.145464,28.961143) seconds
2026/05/26-10:09:23  ... thread 2: (5000,35000) ops and (4409.9,1208.4) ops/second in (1.133819,28.964800) seconds
2026/05/26-10:09:23  ... thread 0: (5000,36000) ops and (4297.7,1228.0) ops/second in (1.163422,29.316202) seconds
2026/05/26-10:09:23  ... thread 3: (5000,37000) ops and (4406.8,1258.3) ops/second in (1.134614,29.405515) seconds
2026/05/26-10:09:24  ... thread 1: (5000,40000) ops and (4961.4,1334.7) ops/second in (1.007786,29.968929) seconds
2026/05/26-10:09:24  ... thread 2: (5000,40000) ops and (4969.3,1334.6) ops/second in (1.006179,29.970979) seconds
2026/05/26-10:09:24  ... thread 3: (6000,43000) ops and (5758.8,1412.3) ops/second in (1.041892,30.447407) seconds
2026/05/26-10:09:24  ... thread 0: (6000,42000) ops and (5250.7,1378.9) ops/second in (1.142701,30.458903) seconds
2026/05/26-10:09:25  ... thread 1: (7000,47000) ops and (6392.3,1513.0) ops/second in (1.095060,31.063989) seconds
2026/05/26-10:09:25  ... thread 2: (7000,47000) ops and (6132.7,1510.7) ops/second in (1.141420,31.112399) seconds
2026/05/26-10:09:26  ... thread 3: (7000,50000) ops and (5403.8,1575.2) ops/second in (1.295392,31.742799) seconds
2026/05/26-10:09:26  ... thread 0: (7000,49000) ops and (5409.3,1543.2) ops/second in (1.294072,31.752975) seconds
2026/05/26-10:09:26  ... thread 1: (6000,53000) ops and (5944.4,1652.5) ops/second in (1.009347,32.073336) seconds
2026/05/26-10:09:26  ... thread 2: (7000,54000) ops and (6477.1,1677.4) ops/second in (1.080729,32.193128) seconds
2026/05/26-10:09:27  ... thread 3: (9000,59000) ops and (8449.9,1798.3) ops/second in (1.065105,32.807904) seconds
2026/05/26-10:09:27  ... thread 0: (9000,58000) ops and (8351.4,1766.6) ops/second in (1.077670,32.830645) seconds
2026/05/26-10:09:27  ... thread 1: (9000,62000) ops and (8778.6,1873.2) ops/second in (1.025224,33.098560) seconds
2026/05/26-10:09:27  ... thread 2: (10000,64000) ops and (9407.4,1924.5) ops/second in (1.062996,33.256124) seconds
2026/05/26-10:09:28  ... thread 0: (10000,68000) ops and (9900.9,2009.4) ops/second in (1.010011,33.840656) seconds
2026/05/26-10:09:28  ... thread 3: (11000,70000) ops and (10599.8,2068.2) ops/second in (1.037759,33.845663) seconds
2026/05/26-10:09:28  ... thread 1: (11000,73000) ops and (10593.5,2138.4) ops/second in (1.038369,34.136929) seconds
2026/05/26-10:09:28  ... thread 2: (11000,75000) ops and (10933.6,2189.0) ops/second in (1.006075,34.262199) seconds
2026/05/26-10:09:29  ... thread 3: (12000,82000) ops and (11785.3,2352.0) ops/second in (1.018221,34.863884) seconds
2026/05/26-10:09:29  ... thread 0: (12000,80000) ops and (11600.0,2293.9) ops/second in (1.034480,34.875136) seconds
2026/05/26-10:09:29  ... thread 1: (13000,86000) ops and (12059.7,2442.1) ops/second in (1.077967,35.214896) seconds
2026/05/26-10:09:29  ... thread 2: (13000,88000) ops and (12896.7,2495.0) ops/second in (1.008010,35.270209) seconds
2026/05/26-10:09:30  ... thread 3: (14000,96000) ops and (13920.4,2676.4) ops/second in (1.005721,35.869605) seconds
2026/05/26-10:09:30  ... thread 0: (15000,95000) ops and (14849.5,2647.3) ops/second in (1.010133,35.885269) seconds
DB path: [/tmp/rocksdb_comp_exp_db]
readrandom   :     361.197 micros/op 11046 ops/sec 36.209 seconds 400000 operations;   10.8 MB/s (98174 of 100000 found)

STATISTICS:
rocksdb.block.cache.miss COUNT : 3765406
rocksdb.block.cache.hit COUNT : 41878
rocksdb.block.cache.add COUNT : 754714
rocksdb.block.cache.add.failures COUNT : 0
rocksdb.block.cache.index.miss COUNT : 0
rocksdb.block.cache.index.hit COUNT : 0
rocksdb.block.cache.index.add COUNT : 0
rocksdb.block.cache.index.bytes.insert COUNT : 0
rocksdb.block.cache.filter.miss COUNT : 0
rocksdb.block.cache.filter.hit COUNT : 0
rocksdb.block.cache.filter.add COUNT : 0
rocksdb.block.cache.filter.bytes.insert COUNT : 0
rocksdb.block.cache.data.miss COUNT : 3765406
rocksdb.block.cache.data.hit COUNT : 41878
rocksdb.block.cache.data.add COUNT : 754714
rocksdb.block.cache.data.bytes.insert COUNT : 3248269536
rocksdb.block.cache.bytes.read COUNT : 180242928
rocksdb.block.cache.bytes.write COUNT : 3248269536
rocksdb.block.cache.compression.dict.miss COUNT : 0
rocksdb.block.cache.compression.dict.hit COUNT : 0
rocksdb.block.cache.compression.dict.add COUNT : 0
rocksdb.block.cache.compression.dict.bytes.insert COUNT : 0
rocksdb.block.cache.add.redundant COUNT : 5
rocksdb.block.cache.index.add.redundant COUNT : 0
rocksdb.block.cache.filter.add.redundant COUNT : 0
rocksdb.block.cache.data.add.redundant COUNT : 5
rocksdb.block.cache.compression.dict.add.redundant COUNT : 0
rocksdb.secondary.cache.hits COUNT : 0
rocksdb.secondary.cache.filter.hits COUNT : 0
rocksdb.secondary.cache.index.hits COUNT : 0
rocksdb.secondary.cache.data.hits COUNT : 0
rocksdb.compressed.secondary.cache.dummy.hits COUNT : 0
rocksdb.compressed.secondary.cache.hits COUNT : 0
rocksdb.compressed.secondary.cache.promotions COUNT : 0
rocksdb.compressed.secondary.cache.promotion.skips COUNT : 0
rocksdb.bloom.filter.useful COUNT : 0
rocksdb.bloom.filter.full.positive COUNT : 0
rocksdb.bloom.filter.full.true.positive COUNT : 0
rocksdb.bloom.filter.prefix.checked COUNT : 0
rocksdb.bloom.filter.prefix.useful COUNT : 0
rocksdb.bloom.filter.prefix.true.positive COUNT : 0
rocksdb.persistent.cache.hit COUNT : 0
rocksdb.persistent.cache.miss COUNT : 0
rocksdb.sim.block.cache.hit COUNT : 0
rocksdb.sim.block.cache.miss COUNT : 0
rocksdb.memtable.hit COUNT : 6884
rocksdb.memtable.miss COUNT : 393116
rocksdb.l0.hit COUNT : 16651
rocksdb.l1.hit COUNT : 143718
rocksdb.l2andup.hit COUNT : 225327
rocksdb.compaction.key.drop.new COUNT : 3261739
rocksdb.compaction.key.drop.obsolete COUNT : 0
rocksdb.compaction.key.drop.range_del COUNT : 0
rocksdb.compaction.key.drop.user COUNT : 0
rocksdb.compaction.range_del.drop.obsolete COUNT : 0
rocksdb.compaction.optimized.del.drop.obsolete COUNT : 0
rocksdb.compaction.cancelled COUNT : 0
rocksdb.compaction.aborted COUNT : 0
rocksdb.number.keys.written COUNT : 5000000
rocksdb.number.keys.read COUNT : 400000
rocksdb.number.keys.updated COUNT : 0
rocksdb.bytes.written COUNT : 5278335132
rocksdb.bytes.read COUNT : 402001920
rocksdb.number.db.seek COUNT : 0
rocksdb.number.db.next COUNT : 0
rocksdb.number.db.prev COUNT : 0
rocksdb.number.db.seek.found COUNT : 0
rocksdb.number.db.next.found COUNT : 0
rocksdb.number.db.prev.found COUNT : 0
rocksdb.db.iter.bytes.read COUNT : 0
rocksdb.number.iter.skip COUNT : 0
rocksdb.number.reseeks.iteration COUNT : 0
rocksdb.num.iterator.created COUNT : 0
rocksdb.num.iterator.deleted COUNT : 0
rocksdb.no.file.opens COUNT : 161
rocksdb.no.file.errors COUNT : 0
rocksdb.stall.micros COUNT : 76214145
rocksdb.db.mutex.wait.micros COUNT : 0
rocksdb.number.multiget.get COUNT : 0
rocksdb.number.multiget.keys.read COUNT : 0
rocksdb.number.multiget.bytes.read COUNT : 0
rocksdb.number.multiget.keys.found COUNT : 0
rocksdb.number.merge.failures COUNT : 0
rocksdb.getupdatessince.calls COUNT : 0
rocksdb.wal.synced COUNT : 0
rocksdb.wal.bytes COUNT : 5278335132
rocksdb.write.self COUNT : 4861261
rocksdb.write.other COUNT : 138739
rocksdb.write.wal COUNT : 5000000
rocksdb.compact.read.bytes COUNT : 7349576818
rocksdb.compact.write.bytes COUNT : 5387233778
rocksdb.flush.write.bytes COUNT : 2972021413
rocksdb.compact.read.marked.bytes COUNT : 0
rocksdb.compact.read.periodic.bytes COUNT : 0
rocksdb.compact.read.ttl.bytes COUNT : 0
rocksdb.compact.write.marked.bytes COUNT : 0
rocksdb.compact.write.periodic.bytes COUNT : 0
rocksdb.compact.write.ttl.bytes COUNT : 0
rocksdb.number.direct.load.table.properties COUNT : 0
rocksdb.number.superversion_acquires COUNT : 32
rocksdb.number.superversion_releases COUNT : 28
rocksdb.number.superversion_cleanups COUNT : 7
rocksdb.number.block.compressed COUNT : 3420550
rocksdb.number.block.decompressed COUNT : 3765567
rocksdb.bytes.compressed.from COUNT : 14416717427
rocksdb.bytes.compressed.to COUNT : 8341938769
rocksdb.bytes.compression_bypassed COUNT : 0
rocksdb.bytes.compression.rejected COUNT : 0
rocksdb.number.block_compression_bypassed COUNT : 0
rocksdb.number.block_compression_rejected COUNT : 0
rocksdb.bytes.decompressed.from COUNT : 9180639250
rocksdb.bytes.decompressed.to COUNT : 15864175362
rocksdb.merge.operation.time.nanos COUNT : 0
rocksdb.filter.operation.time.nanos COUNT : 0
rocksdb.compaction.total.time.cpu_micros COUNT : 38860177
rocksdb.row.cache.hit COUNT : 0
rocksdb.row.cache.miss COUNT : 0
rocksdb.read.amp.estimate.useful.bytes COUNT : 0
rocksdb.read.amp.total.read.bytes COUNT : 0
rocksdb.number.rate_limiter.drains COUNT : 0
rocksdb.blobdb.num.put COUNT : 0
rocksdb.blobdb.num.write COUNT : 0
rocksdb.blobdb.num.get COUNT : 0
rocksdb.blobdb.num.multiget COUNT : 0
rocksdb.blobdb.num.seek COUNT : 0
rocksdb.blobdb.num.next COUNT : 0
rocksdb.blobdb.num.prev COUNT : 0
rocksdb.blobdb.num.keys.written COUNT : 0
rocksdb.blobdb.num.keys.read COUNT : 0
rocksdb.blobdb.bytes.written COUNT : 0
rocksdb.blobdb.bytes.read COUNT : 0
rocksdb.blobdb.write.inlined COUNT : 0
rocksdb.blobdb.write.inlined.ttl COUNT : 0
rocksdb.blobdb.write.blob COUNT : 0
rocksdb.blobdb.write.blob.ttl COUNT : 0
rocksdb.blobdb.blob.file.bytes.written COUNT : 0
rocksdb.blobdb.blob.file.bytes.read COUNT : 0
rocksdb.blobdb.blob.file.synced COUNT : 0
rocksdb.blobdb.blob.index.expired.count COUNT : 0
rocksdb.blobdb.blob.index.expired.size COUNT : 0
rocksdb.blobdb.blob.index.evicted.count COUNT : 0
rocksdb.blobdb.blob.index.evicted.size COUNT : 0
rocksdb.blobdb.gc.num.files COUNT : 0
rocksdb.blobdb.gc.num.new.files COUNT : 0
rocksdb.blobdb.gc.failures COUNT : 0
rocksdb.blobdb.gc.num.keys.relocated COUNT : 0
rocksdb.blobdb.gc.bytes.relocated COUNT : 0
rocksdb.blobdb.fifo.num.files.evicted COUNT : 0
rocksdb.blobdb.fifo.num.keys.evicted COUNT : 0
rocksdb.blobdb.fifo.bytes.evicted COUNT : 0
rocksdb.blobdb.cache.miss COUNT : 0
rocksdb.blobdb.cache.hit COUNT : 0
rocksdb.blobdb.cache.add COUNT : 0
rocksdb.blobdb.cache.add.failures COUNT : 0
rocksdb.blobdb.cache.bytes.read COUNT : 0
rocksdb.blobdb.cache.bytes.write COUNT : 0
rocksdb.txn.overhead.mutex.prepare COUNT : 0
rocksdb.txn.overhead.mutex.old.commit.map COUNT : 0
rocksdb.txn.overhead.duplicate.key COUNT : 0
rocksdb.txn.overhead.mutex.snapshot COUNT : 0
rocksdb.txn.get.tryagain COUNT : 0
rocksdb.files.marked.trash COUNT : 0
rocksdb.files.marked.trash.deleted COUNT : 0
rocksdb.files.deleted.immediately COUNT : 223
rocksdb.error.handler.bg.error.count COUNT : 0
rocksdb.error.handler.bg.io.error.count COUNT : 0
rocksdb.error.handler.bg.retryable.io.error.count COUNT : 0
rocksdb.error.handler.autoresume.count COUNT : 0
rocksdb.error.handler.autoresume.retry.total.count COUNT : 0
rocksdb.error.handler.autoresume.success.count COUNT : 0
rocksdb.memtable.payload.bytes.at.flush COUNT : 5217240584
rocksdb.memtable.garbage.bytes.at.flush COUNT : 127162224
rocksdb.verify_checksum.read.bytes COUNT : 0
rocksdb.backup.read.bytes COUNT : 0
rocksdb.backup.write.bytes COUNT : 0
rocksdb.remote.compact.read.bytes COUNT : 0
rocksdb.remote.compact.write.bytes COUNT : 0
rocksdb.remote.compact.resumed.bytes COUNT : 0
rocksdb.hot.file.read.bytes COUNT : 0
rocksdb.warm.file.read.bytes COUNT : 0
rocksdb.cool.file.read.bytes COUNT : 0
rocksdb.cold.file.read.bytes COUNT : 0
rocksdb.ice.file.read.bytes COUNT : 0
rocksdb.hot.file.read.count COUNT : 0
rocksdb.warm.file.read.count COUNT : 0
rocksdb.cool.file.read.count COUNT : 0
rocksdb.cold.file.read.count COUNT : 0
rocksdb.ice.file.read.count COUNT : 0
rocksdb.last.level.read.bytes COUNT : 0
rocksdb.last.level.read.count COUNT : 0
rocksdb.non.last.level.read.bytes COUNT : 9199669345
rocksdb.non.last.level.read.count COUNT : 3766050
rocksdb.last.level.seek.filtered COUNT : 0
rocksdb.last.level.seek.filter.match COUNT : 0
rocksdb.last.level.seek.data COUNT : 0
rocksdb.last.level.seek.data.useful.no.filter COUNT : 0
rocksdb.last.level.seek.data.useful.filter.match COUNT : 0
rocksdb.non.last.level.seek.filtered COUNT : 0
rocksdb.non.last.level.seek.filter.match COUNT : 0
rocksdb.non.last.level.seek.data COUNT : 0
rocksdb.non.last.level.seek.data.useful.no.filter COUNT : 0
rocksdb.non.last.level.seek.data.useful.filter.match COUNT : 0
rocksdb.block.checksum.compute.count COUNT : 3765728
rocksdb.block.checksum.mismatch.count COUNT : 0
rocksdb.multiget.coroutine.count COUNT : 0
rocksdb.read.async.micros COUNT : 0
rocksdb.async.read.error.count COUNT : 0
rocksdb.table.open.prefetch.tail.miss COUNT : 0
rocksdb.table.open.prefetch.tail.hit COUNT : 0
rocksdb.timestamp.filter.table.checked COUNT : 0
rocksdb.timestamp.filter.table.filtered COUNT : 0
rocksdb.readahead.trimmed COUNT : 0
rocksdb.fifo.max.size.compactions COUNT : 0
rocksdb.fifo.ttl.compactions COUNT : 0
rocksdb.fifo.change_temperature.compactions COUNT : 0
rocksdb.prefetch.bytes COUNT : 0
rocksdb.prefetch.bytes.useful COUNT : 0
rocksdb.prefetch.hits COUNT : 0
rocksdb.footer.corruption.count COUNT : 0
rocksdb.file.read.corruption.retry.count COUNT : 0
rocksdb.file.read.corruption.retry.success.count COUNT : 0
rocksdb.number.wbwi.ingest COUNT : 0
rocksdb.sst.user.defined.index.load.fail.count COUNT : 0
rocksdb.multiscan.prepare.calls COUNT : 0
rocksdb.multiscan.prepare.errors COUNT : 0
rocksdb.multiscan.blocks.prefetched COUNT : 0
rocksdb.multiscan.blocks.from.cache COUNT : 0
rocksdb.multiscan.prefetch.bytes COUNT : 0
rocksdb.multiscan.prefetch.blocks.wasted COUNT : 0
rocksdb.multiscan.io.requests COUNT : 0
rocksdb.multiscan.io.coalesced.nonadjacent COUNT : 0
rocksdb.multiscan.seek.errors COUNT : 0
rocksdb.prefetch.memory.bytes.granted COUNT : 0
rocksdb.prefetch.memory.bytes.released COUNT : 0
rocksdb.prefetch.memory.requests.blocked COUNT : 0
rocksdb.read.path.range.tombstones.inserted COUNT : 0
rocksdb.read.path.range.tombstones.discarded COUNT : 0
rocksdb.file.open.metadata.retrieved COUNT : 0
rocksdb.file.open.metadata.passed COUNT : 0
rocksdb.manifest.validation.failure.count COUNT : 0
rocksdb.db.get.micros P50 : 13.707381 P95 : 1583.458607 P99 : 3256.126915 P100 : 599345.000000 COUNT : 400000 SUM : 144247516
rocksdb.db.write.micros P50 : 4.718739 P95 : 44.303517 P99 : 1237.226588 P100 : 954390.000000 COUNT : 5000000 SUM : 439685530
rocksdb.compaction.times.micros P50 : 6500000.000000 P95 : 16467548.000000 P99 : 16467548.000000 P100 : 16467548.000000 COUNT : 18 SUM : 130621458
rocksdb.compaction.times.cpu_micros P50 : 1725000.000000 P95 : 5405159.000000 P99 : 5405159.000000 P100 : 5405159.000000 COUNT : 18 SUM : 38860177
rocksdb.subcompaction.setup.times.micros P50 : 0.000000 P95 : 0.000000 P99 : 0.000000 P100 : 0.000000 COUNT : 0 SUM : 0
rocksdb.table.sync.micros P50 : 350000.000000 P95 : 968301.000000 P99 : 968301.000000 P100 : 968301.000000 COUNT : 80 SUM : 41560017
rocksdb.compaction.outfile.sync.micros P50 : 711184.210526 P95 : 1199000.000000 P99 : 1228739.000000 P100 : 1228739.000000 COUNT : 81 SUM : 54422589
rocksdb.wal.file.sync.micros P50 : 0.000000 P95 : 0.000000 P99 : 0.000000 P100 : 0.000000 COUNT : 0 SUM : 0
rocksdb.manifest.file.sync.micros P50 : 5591.666667 P95 : 13590.000000 P99 : 21920.000000 P100 : 662749.000000 COUNT : 104 SUM : 1273651
rocksdb.table.open.io.micros P50 : 717.564103 P95 : 2375.000000 P99 : 8129.000000 P100 : 8730.000000 COUNT : 161 SUM : 159806
rocksdb.db.multiget.micros P50 : 0.000000 P95 : 0.000000 P99 : 0.000000 P100 : 0.000000 COUNT : 0 SUM : 0
rocksdb.read.block.compaction.micros P50 : 3.140743 P95 : 5.998167 P99 : 11.467705 P100 : 317845.000000 COUNT : 3010692 SUM : 45682008
rocksdb.read.block.get.micros P50 : 5.799317 P95 : 1146.199756 P99 : 1818.160925 P100 : 511617.000000 COUNT : 754875 SUM : 140171311
rocksdb.write.raw.block.micros P50 : 0.525128 P95 : 0.997744 P99 : 2.332055 P100 : 34629.000000 COUNT : 3420872 SUM : 8708283
rocksdb.numfiles.in.singlecompaction P50 : 4.000000 P95 : 19.000000 P99 : 19.000000 P100 : 19.000000 COUNT : 20 SUM : 153
rocksdb.db.seek.micros P50 : 0.000000 P95 : 0.000000 P99 : 0.000000 P100 : 0.000000 COUNT : 0 SUM : 0
rocksdb.db.write.stall P50 : 1135.663640 P95 : 2638.525275 P99 : 2863.635984 P100 : 951442.000000 COUNT : 40413 SUM : 76214145
rocksdb.sst.read.micros P50 : 0.777382 P95 : 3.547844 P99 : 1210.518293 P100 : 511603.000000 COUNT : 3766050 SUM : 173004664
rocksdb.file.read.flush.micros P50 : 3.461538 P95 : 67.346154 P99 : 108.300000 P100 : 1271.000000 COUNT : 320 SUM : 6769
rocksdb.file.read.compaction.micros P50 : 0.666501 P95 : 1.967845 P99 : 5.735677 P100 : 317829.000000 COUNT : 3011016 SUM : 37192786
rocksdb.file.read.db.open.micros P50 : 0.000000 P95 : 0.000000 P99 : 0.000000 P100 : 0.000000 COUNT : 0 SUM : 0
rocksdb.file.read.get.micros P50 : 0.000000 P95 : 0.000000 P99 : 0.000000 P100 : 0.000000 COUNT : 0 SUM : 0
rocksdb.file.read.multiget.micros P50 : 0.000000 P95 : 0.000000 P99 : 0.000000 P100 : 0.000000 COUNT : 0 SUM : 0
rocksdb.file.read.db.iterator.micros P50 : 0.000000 P95 : 0.000000 P99 : 0.000000 P100 : 0.000000 COUNT : 0 SUM : 0
rocksdb.file.read.verify.db.checksum.micros P50 : 0.000000 P95 : 0.000000 P99 : 0.000000 P100 : 0.000000 COUNT : 0 SUM : 0
rocksdb.file.read.verify.file.checksums.micros P50 : 0.000000 P95 : 0.000000 P99 : 0.000000 P100 : 0.000000 COUNT : 0 SUM : 0
rocksdb.sst.write.micros P50 : 0.501778 P95 : 0.953379 P99 : 0.993521 P100 : 34627.000000 COUNT : 6841905 SUM : 7038842
rocksdb.file.write.flush.micros P50 : 0.501745 P95 : 0.953315 P99 : 0.993454 P100 : 34627.000000 COUNT : 2429096 SUM : 2757459
rocksdb.file.write.compaction.micros P50 : 0.501797 P95 : 0.953415 P99 : 0.993558 P100 : 16115.000000 COUNT : 4412809 SUM : 4281383
rocksdb.file.write.db.open.micros P50 : 0.000000 P95 : 0.000000 P99 : 0.000000 P100 : 0.000000 COUNT : 0 SUM : 0
rocksdb.num.subcompactions.scheduled P50 : 0.000000 P95 : 0.000000 P99 : 0.000000 P100 : 0.000000 COUNT : 0 SUM : 0
rocksdb.bytes.per.read P50 : 1024.000000 P95 : 1024.000000 P99 : 1024.000000 P100 : 1024.000000 COUNT : 400000 SUM : 402001920
rocksdb.bytes.per.write P50 : 1088.195511 P95 : 1284.571470 P99 : 2743.943267 P100 : 4188.000000 COUNT : 4861261 SUM : 5278335132
rocksdb.bytes.per.multiget P50 : 0.000000 P95 : 0.000000 P99 : 0.000000 P100 : 0.000000 COUNT : 0 SUM : 0
rocksdb.compression.times.nanos P50 : 0.000000 P95 : 0.000000 P99 : 0.000000 P100 : 0.000000 COUNT : 0 SUM : 0
rocksdb.decompression.times.nanos P50 : 0.000000 P95 : 0.000000 P99 : 0.000000 P100 : 0.000000 COUNT : 0 SUM : 0
rocksdb.read.num.merge_operands P50 : 0.000000 P95 : 0.000000 P99 : 0.000000 P100 : 0.000000 COUNT : 0 SUM : 0
rocksdb.blobdb.key.size P50 : 0.000000 P95 : 0.000000 P99 : 0.000000 P100 : 0.000000 COUNT : 0 SUM : 0
rocksdb.blobdb.value.size P50 : 0.000000 P95 : 0.000000 P99 : 0.000000 P100 : 0.000000 COUNT : 0 SUM : 0
rocksdb.blobdb.write.micros P50 : 0.000000 P95 : 0.000000 P99 : 0.000000 P100 : 0.000000 COUNT : 0 SUM : 0
rocksdb.blobdb.get.micros P50 : 0.000000 P95 : 0.000000 P99 : 0.000000 P100 : 0.000000 COUNT : 0 SUM : 0
rocksdb.blobdb.multiget.micros P50 : 0.000000 P95 : 0.000000 P99 : 0.000000 P100 : 0.000000 COUNT : 0 SUM : 0
rocksdb.blobdb.seek.micros P50 : 0.000000 P95 : 0.000000 P99 : 0.000000 P100 : 0.000000 COUNT : 0 SUM : 0
rocksdb.blobdb.next.micros P50 : 0.000000 P95 : 0.000000 P99 : 0.000000 P100 : 0.000000 COUNT : 0 SUM : 0
rocksdb.blobdb.prev.micros P50 : 0.000000 P95 : 0.000000 P99 : 0.000000 P100 : 0.000000 COUNT : 0 SUM : 0
rocksdb.blobdb.blob.file.write.micros P50 : 0.000000 P95 : 0.000000 P99 : 0.000000 P100 : 0.000000 COUNT : 0 SUM : 0
rocksdb.blobdb.blob.file.read.micros P50 : 0.000000 P95 : 0.000000 P99 : 0.000000 P100 : 0.000000 COUNT : 0 SUM : 0
rocksdb.blobdb.blob.file.sync.micros P50 : 0.000000 P95 : 0.000000 P99 : 0.000000 P100 : 0.000000 COUNT : 0 SUM : 0
rocksdb.blobdb.compression.micros P50 : 0.000000 P95 : 0.000000 P99 : 0.000000 P100 : 0.000000 COUNT : 0 SUM : 0
rocksdb.blobdb.decompression.micros P50 : 0.000000 P95 : 0.000000 P99 : 0.000000 P100 : 0.000000 COUNT : 0 SUM : 0
rocksdb.db.flush.micros P50 : 565365.853659 P95 : 1200000.000000 P99 : 1248947.000000 P100 : 1248947.000000 COUNT : 80 SUM : 56538453
rocksdb.sst.batch.size P50 : 0.000000 P95 : 0.000000 P99 : 0.000000 P100 : 0.000000 COUNT : 0 SUM : 0
rocksdb.multiget.io.batch.size P50 : 0.000000 P95 : 0.000000 P99 : 0.000000 P100 : 0.000000 COUNT : 0 SUM : 0
rocksdb.num.index.and.filter.blocks.read.per.level P50 : 0.000000 P95 : 0.000000 P99 : 0.000000 P100 : 0.000000 COUNT : 0 SUM : 0
rocksdb.num.sst.read.per.level P50 : 0.000000 P95 : 0.000000 P99 : 0.000000 P100 : 0.000000 COUNT : 0 SUM : 0
rocksdb.num.level.read.per.multiget P50 : 0.000000 P95 : 0.000000 P99 : 0.000000 P100 : 0.000000 COUNT : 0 SUM : 0
rocksdb.error.handler.autoresume.retry.count P50 : 0.000000 P95 : 0.000000 P99 : 0.000000 P100 : 0.000000 COUNT : 0 SUM : 0
rocksdb.async.read.bytes P50 : 0.000000 P95 : 0.000000 P99 : 0.000000 P100 : 0.000000 COUNT : 0 SUM : 0
rocksdb.poll.wait.micros P50 : 0.000000 P95 : 0.000000 P99 : 0.000000 P100 : 0.000000 COUNT : 0 SUM : 0
rocksdb.compaction.prefetch.bytes P50 : 0.000000 P95 : 0.000000 P99 : 0.000000 P100 : 0.000000 COUNT : 0 SUM : 0
rocksdb.prefetched.bytes.discarded P50 : 0.000000 P95 : 0.000000 P99 : 0.000000 P100 : 0.000000 COUNT : 0 SUM : 0
rocksdb.async.prefetch.abort.micros P50 : 0.000000 P95 : 0.000000 P99 : 0.000000 P100 : 0.000000 COUNT : 0 SUM : 0
rocksdb.table.open.prefetch.tail.read.bytes P50 : 0.000000 P95 : 0.000000 P99 : 0.000000 P100 : 0.000000 COUNT : 0 SUM : 0
rocksdb.num.op.per.transaction P50 : 0.000000 P95 : 0.000000 P99 : 0.000000 P100 : 0.000000 COUNT : 0 SUM : 0
rocksdb.multiscan.op.prepare.iterators.micros P50 : 0.000000 P95 : 0.000000 P99 : 0.000000 P100 : 0.000000 COUNT : 0 SUM : 0
rocksdb.multiscan.prepare.micros P50 : 0.000000 P95 : 0.000000 P99 : 0.000000 P100 : 0.000000 COUNT : 0 SUM : 0
rocksdb.multiscan.blocks.per.prepare P50 : 0.000000 P95 : 0.000000 P99 : 0.000000 P100 : 0.000000 COUNT : 0 SUM : 0
rocksdb.block.key.distribution.cv P50 : 0.000000 P95 : 0.000000 P99 : 0.000000 P100 : 0.000000 COUNT : 0 SUM : 0

[EXPERIMENT_COMPLETED]
