RocksDB:    version 11.3.0
Date:       Tue May 26 09:30:19 2026
CPU:        2 * Intel Xeon Processor (SapphireRapids)
CPUCache:   16384 KB
2026/05/26-09:30:21  ... thread 2: (38000,38000) ops and (37931.5,37931.5) ops/second in (1.001806,1.001806) seconds
2026/05/26-09:30:21  ... thread 3: (40000,40000) ops and (39686.8,39686.8) ops/second in (1.007893,1.007893) seconds
2026/05/26-09:30:21  ... thread 0: (42000,42000) ops and (41681.1,41681.1) ops/second in (1.007650,1.007650) seconds
2026/05/26-09:30:21  ... thread 1: (37000,37000) ops and (36449.9,36449.9) ops/second in (1.015093,1.015093) seconds
2026/05/26-09:30:22  ... thread 3: (33000,73000) ops and (32816.4,36255.5) ops/second in (1.005594,2.013487) seconds
2026/05/26-09:30:22  ... thread 0: (30000,72000) ops and (29513.6,35570.8) ops/second in (1.016481,2.024131) seconds
2026/05/26-09:30:22  ... thread 2: (30000,68000) ops and (29385.2,33618.0) ops/second in (1.020922,2.022728) seconds
2026/05/26-09:30:22  ... thread 1: (48000,85000) ops and (47233.4,41844.7) ops/second in (1.016229,2.031322) seconds
2026/05/26-09:30:23  ... thread 0: (18000,90000) ops and (13528.5,26828.4) ops/second in (1.330522,3.354653) seconds
2026/05/26-09:30:23  ... thread 2: (20000,88000) ops and (14980.0,26207.3) ops/second in (1.335111,3.357839) seconds
2026/05/26-09:30:23  ... thread 3: (19000,92000) ops and (13990.9,27287.5) ops/second in (1.358025,3.371512) seconds
2026/05/26-09:30:23  ... thread 1: (20000,105000) ops and (14701.1,30957.4) ops/second in (1.360438,3.391760) seconds
2026/05/26-09:30:24  ... thread 2: (17000,105000) ops and (14687.9,23254.5) ops/second in (1.157417,4.515256) seconds
2026/05/26-09:30:24  ... thread 3: (14000,106000) ops and (12168.4,23440.8) ops/second in (1.150517,4.522029) seconds
2026/05/26-09:30:24  ... thread 1: (12000,117000) ops and (10615.3,25872.3) ops/second in (1.130448,4.522208) seconds
2026/05/26-09:30:24  ... thread 0: (19000,109000) ops and (16220.7,24083.1) ops/second in (1.171341,4.525994) seconds
2026/05/26-09:30:25  ... thread 2: (30000,135000) ops and (29421.0,24390.5) ops/second in (1.019680,5.534936) seconds
2026/05/26-09:30:25  ... thread 1: (37000,154000) ops and (36370.4,27800.2) ops/second in (1.017311,5.539519) seconds
2026/05/26-09:30:25  ... thread 3: (31000,137000) ops and (29704.4,24615.3) ops/second in (1.043618,5.565647) seconds
2026/05/26-09:30:25  ... thread 0: (36000,145000) ops and (34371.4,26016.5) ops/second in (1.047383,5.573377) seconds
2026/05/26-09:30:26  ... thread 1: (13000,167000) ops and (12817.6,25481.6) ops/second in (1.014232,6.553751) seconds
2026/05/26-09:30:26  ... thread 2: (14000,149000) ops and (13657.4,22713.3) ops/second in (1.025083,6.560019) seconds
2026/05/26-09:30:26  ... thread 3: (16000,153000) ops and (15851.2,23269.8) ops/second in (1.009388,6.575035) seconds
2026/05/26-09:30:26  ... thread 0: (11000,156000) ops and (10870.3,23689.1) ops/second in (1.011927,6.585304) seconds
2026/05/26-09:30:28  ... thread 3: (28000,181000) ops and (19143.0,22518.8) ops/second in (1.462678,8.037713) seconds
2026/05/26-09:30:28  ... thread 2: (32000,181000) ops and (21657.1,22519.2) ops/second in (1.477577,8.037596) seconds
2026/05/26-09:30:28  ... thread 0: (29000,185000) ops and (19789.4,22979.3) ops/second in (1.465430,8.050734) seconds
2026/05/26-09:30:28  ... thread 1: (34000,201000) ops and (22619.4,24947.6) ops/second in (1.503136,8.056887) seconds
2026/05/26-09:30:29  ... thread 3: (34000,215000) ops and (23032.4,22598.5) ops/second in (1.476179,9.513892) seconds
2026/05/26-09:30:29  ... thread 0: (34000,219000) ops and (23036.2,22988.1) ops/second in (1.475939,9.526673) seconds
2026/05/26-09:30:29  ... thread 1: (29000,230000) ops and (19623.3,24122.4) ops/second in (1.477835,9.534722) seconds
2026/05/26-09:30:29  ... thread 2: (28000,209000) ops and (18008.9,21788.1) ops/second in (1.554784,9.592380) seconds
2026/05/26-09:30:30  ... thread 3: (20000,235000) ops and (19706.7,22319.8) ops/second in (1.014885,10.528777) seconds
2026/05/26-09:30:30  ... thread 1: (21000,251000) ops and (20789.9,23803.1) ops/second in (1.010105,10.544827) seconds
2026/05/26-09:30:30  ... thread 0: (16000,235000) ops and (15678.0,22280.8) ops/second in (1.020538,10.547211) seconds
2026/05/26-09:30:30  ... thread 2: (20000,229000) ops and (19900.5,21609.1) ops/second in (1.005001,10.597381) seconds
2026/05/26-09:30:32  ... thread 0: (25000,260000) ops and (16812.9,21605.2) ops/second in (1.486950,12.034161) seconds
2026/05/26-09:30:32  ... thread 3: (32000,267000) ops and (21211.2,22180.8) ops/second in (1.508635,12.037412) seconds
2026/05/26-09:30:32  ... thread 2: (29000,258000) ops and (20173.9,21437.7) ops/second in (1.437500,12.034881) seconds
2026/05/26-09:30:32  ... thread 1: (23000,274000) ops and (15357.5,22752.8) ops/second in (1.497636,12.042463) seconds
2026/05/26-09:30:33  ... thread 3: (16000,283000) ops and (12812.8,21300.4) ops/second in (1.248748,13.286160) seconds
2026/05/26-09:30:33  ... thread 1: (15000,289000) ops and (11948.9,21732.9) ops/second in (1.255342,13.297805) seconds
2026/05/26-09:30:33  ... thread 0: (16000,276000) ops and (12592.0,20744.4) ops/second in (1.270653,13.304814) seconds
2026/05/26-09:30:33  ... thread 2: (16000,274000) ops and (12602.5,20594.6) ops/second in (1.269590,13.304471) seconds
2026/05/26-09:30:34  ... thread 2: (15000,289000) ops and (12807.7,19964.6) ops/second in (1.171166,14.475637) seconds
2026/05/26-09:30:34  ... thread 0: (16000,292000) ops and (13418.6,20141.8) ops/second in (1.192378,14.497192) seconds
2026/05/26-09:30:34  ... thread 3: (16000,299000) ops and (13044.8,20602.6) ops/second in (1.226539,14.512699) seconds
2026/05/26-09:30:34  ... thread 1: (15000,304000) ops and (12297.2,20940.1) ops/second in (1.219790,14.517595) seconds
2026/05/26-09:30:35  ... thread 0: (17000,309000) ops and (14631.0,19732.9) ops/second in (1.161914,15.659106) seconds
2026/05/26-09:30:35  ... thread 3: (15000,314000) ops and (13004.1,20043.2) ops/second in (1.153486,15.666185) seconds
2026/05/26-09:30:35  ... thread 2: (16000,305000) ops and (13311.1,19454.5) ops/second in (1.202004,15.677641) seconds
2026/05/26-09:30:35  ... thread 1: (15000,319000) ops and (12734.4,20324.3) ops/second in (1.177909,15.695504) seconds
2026/05/26-09:30:37  ... thread 1: (30000,349000) ops and (19569.2,20257.1) ops/second in (1.533022,17.228526) seconds
2026/05/26-09:30:37  ... thread 0: (33000,342000) ops and (20997.4,19848.3) ops/second in (1.571625,17.230731) seconds
2026/05/26-09:30:37  ... thread 2: (27000,332000) ops and (17388.7,19268.3) ops/second in (1.552732,17.230373) seconds
2026/05/26-09:30:37  ... thread 3: (34000,348000) ops and (21314.6,20160.7) ops/second in (1.595151,17.261336) seconds
2026/05/26-09:30:38  ... thread 1: (17000,366000) ops and (16779.3,20063.9) ops/second in (1.013153,18.241679) seconds
2026/05/26-09:30:38  ... thread 2: (14000,346000) ops and (13590.1,18948.0) ops/second in (1.030165,18.260538) seconds
2026/05/26-09:30:38  ... thread 0: (18000,360000) ops and (17376.2,19708.1) ops/second in (1.035898,18.266629) seconds
2026/05/26-09:30:38  ... thread 3: (17000,365000) ops and (16109.7,19927.3) ops/second in (1.055262,18.316598) seconds
2026/05/26-09:30:39  ... thread 1: (29000,395000) ops and (28706.2,20517.4) ops/second in (1.010235,19.251914) seconds
2026/05/26-09:30:39  ... thread 2: (33000,379000) ops and (29396.3,19553.1) ops/second in (1.122589,19.383127) seconds
2026/05/26-09:30:39  ... thread 0: (32000,392000) ops and (28288.2,20208.4) ops/second in (1.131212,19.397841) seconds
2026/05/26-09:30:39  ... thread 3: (25000,390000) ops and (23063.0,20102.5) ops/second in (1.083987,19.400585) seconds
2026/05/26-09:30:40  ... thread 1: (18000,413000) ops and (15611.4,20240.2) ops/second in (1.153005,20.404919) seconds
2026/05/26-09:30:40  ... thread 3: (18000,408000) ops and (17857.6,19991.6) ops/second in (1.007973,20.408558) seconds
2026/05/26-09:30:40  ... thread 0: (15000,407000) ops and (14768.3,19937.8) ops/second in (1.015691,20.413532) seconds
2026/05/26-09:30:40  ... thread 2: (13000,392000) ops and (12578.5,19200.0) ops/second in (1.033513,20.416640) seconds
2026/05/26-09:30:41  ... thread 1: (26000,439000) ops and (25776.1,20501.0) ops/second in (1.008685,21.413604) seconds
2026/05/26-09:30:41  ... thread 3: (29000,437000) ops and (28556.8,20397.6) ops/second in (1.015520,21.424078) seconds
2026/05/26-09:30:41  ... thread 0: (30000,437000) ops and (29631.9,20395.8) ops/second in (1.012423,21.425955) seconds
2026/05/26-09:30:41  ... thread 2: (36000,428000) ops and (31709.8,19859.0) ops/second in (1.135296,21.551936) seconds
2026/05/26-09:30:42  ... thread 3: (16000,453000) ops and (12153.2,19920.3) ops/second in (1.316529,22.740607) seconds
2026/05/26-09:30:42  ... thread 2: (15000,443000) ops and (12525.4,19473.0) ops/second in (1.197565,22.749501) seconds
2026/05/26-09:30:42  ... thread 0: (16000,453000) ops and (12018.5,19905.8) ops/second in (1.331278,22.757233) seconds
2026/05/26-09:30:42  ... thread 1: (18000,457000) ops and (13323.5,20075.0) ops/second in (1.351001,22.764605) seconds
2026/05/26-09:30:43  ... thread 3: (25000,478000) ops and (24556.0,20119.0) ops/second in (1.018081,23.758688) seconds
2026/05/26-09:30:43  ... thread 2: (29000,472000) ops and (28802.2,19868.4) ops/second in (1.006869,23.756370) seconds
2026/05/26-09:30:43  ... thread 0: (26000,479000) ops and (25795.0,20155.5) ops/second in (1.007947,23.765180) seconds
2026/05/26-09:30:43  ... thread 1: (26000,483000) ops and (25962.4,20323.1) ops/second in (1.001447,23.766052) seconds
2026/05/26-09:30:44  ... thread 3: (32000,510000) ops and (31552.5,20587.0) ops/second in (1.014184,24.772872) seconds
2026/05/26-09:30:44  ... thread 2: (33000,505000) ops and (32561.1,20387.7) ops/second in (1.013479,24.769849) seconds
2026/05/26-09:30:44  ... thread 1: (31000,514000) ops and (30527.2,20741.2) ops/second in (1.015487,24.781539) seconds
2026/05/26-09:30:44  ... thread 0: (32000,511000) ops and (31360.7,20616.8) ops/second in (1.020384,24.785564) seconds
2026/05/26-09:30:45  ... thread 3: (12000,522000) ops and (11954.5,20250.9) ops/second in (1.003809,25.776681) seconds
2026/05/26-09:30:45  ... thread 2: (13000,518000) ops and (12821.4,20090.2) ops/second in (1.013927,25.783776) seconds
2026/05/26-09:30:45  ... thread 0: (12000,523000) ops and (11843.2,20272.3) ops/second in (1.013239,25.798803) seconds
2026/05/26-09:30:45  ... thread 1: (13000,527000) ops and (12783.2,20427.5) ops/second in (1.016958,25.798497) seconds
2026/05/26-09:30:46  ... thread 1: (22000,549000) ops and (20838.8,20443.7) ops/second in (1.055722,26.854219) seconds
2026/05/26-09:30:46  ... thread 2: (26000,544000) ops and (23259.0,20221.8) ops/second in (1.117849,26.901625) seconds
2026/05/26-09:30:47  ... thread 3: (23000,545000) ops and (17934.6,20141.1) ops/second in (1.282440,27.059121) seconds
2026/05/26-09:30:47  ... thread 0: (19000,542000) ops and (13266.3,19903.8) ops/second in (1.432195,27.230998) seconds
2026/05/26-09:30:48  ... thread 3: (2000,547000) ops and (1985.5,19489.5) ops/second in (1.007284,28.066405) seconds
2026/05/26-09:30:48  ... thread 0: (3000,545000) ops and (2792.4,19254.3) ops/second in (1.074339,28.305337) seconds
2026/05/26-09:30:48  ... thread 1: (1000,550000) ops and (688.3,19429.8) ops/second in (1.452794,28.307013) seconds
2026/05/26-09:30:49  ... thread 0: (3000,548000) ops and (2638.1,18612.6) ops/second in (1.137162,29.442499) seconds
2026/05/26-09:30:49  ... thread 3: (3000,550000) ops and (2065.6,18632.2) ops/second in (1.452337,29.518742) seconds
2026/05/26-09:30:49  ... thread 1: (2000,552000) ops and (1612.1,18681.7) ops/second in (1.240594,29.547607) seconds
2026/05/26-09:30:49  ... thread 2: (3000,547000) ops and (1071.6,18416.8) ops/second in (2.799489,29.701114) seconds
2026/05/26-09:30:50  ... thread 1: (2000,554000) ops and (1736.6,18046.0) ops/second in (1.151680,30.699287) seconds
2026/05/26-09:30:50  ... thread 3: (2000,552000) ops and (1564.1,17923.6) ops/second in (1.278685,30.797427) seconds
2026/05/26-09:30:51  ... thread 0: (2000,550000) ops and (1203.7,17682.6) ops/second in (1.661477,31.103976) seconds
2026/05/26-09:30:51  ... thread 2: (3000,550000) ops and (2038.1,17643.4) ops/second in (1.471976,31.173090) seconds
2026/05/26-09:30:52  ... thread 2: (2000,552000) ops and (1846.0,17112.8) ops/second in (1.083410,32.256500) seconds
2026/05/26-09:30:52  ... thread 1: (2000,556000) ops and (1261.4,17221.7) ops/second in (1.585564,32.284851) seconds
2026/05/26-09:30:52  ... thread 3: (2000,554000) ops and (1336.0,17154.6) ops/second in (1.497037,32.294464) seconds
2026/05/26-09:30:52  ... thread 0: (3000,553000) ops and (1876.7,16910.0) ops/second in (1.598548,32.702524) seconds
2026/05/26-09:30:53  ... thread 2: (5000,557000) ops and (4926.2,16741.1) ops/second in (1.014976,33.271476) seconds
2026/05/26-09:30:53  ... thread 1: (9000,565000) ops and (8880.9,16967.9) ops/second in (1.013406,33.298257) seconds
2026/05/26-09:30:53  ... thread 3: (6000,560000) ops and (5916.0,16812.4) ops/second in (1.014198,33.308662) seconds
2026/05/26-09:30:53  ... thread 0: (22000,575000) ops and (18822.7,16976.0) ops/second in (1.168802,33.871326) seconds
2026/05/26-09:30:54  ... thread 3: (34000,594000) ops and (30125.5,17248.8) ops/second in (1.128612,34.437274) seconds
2026/05/26-09:30:54  ... thread 1: (29000,594000) ops and (25109.8,17240.8) ops/second in (1.154927,34.453184) seconds
2026/05/26-09:30:54  ... thread 2: (33000,590000) ops and (27097.9,17106.8) ops/second in (1.217806,34.489282) seconds
2026/05/26-09:30:54  ... thread 0: (25000,600000) ops and (23303.4,17170.3) ops/second in (1.072806,34.944132) seconds
2026/05/26-09:30:55  ... thread 1: (36000,630000) ops and (35018.7,17755.9) ops/second in (1.028021,35.481205) seconds
2026/05/26-09:30:55  ... thread 3: (33000,627000) ops and (31497.4,17669.4) ops/second in (1.047707,35.484981) seconds
2026/05/26-09:30:55  ... thread 2: (29000,619000) ops and (28900.5,17440.2) ops/second in (1.003442,35.492724) seconds
2026/05/26-09:30:56  ... thread 0: (33000,633000) ops and (21591.5,17355.5) ops/second in (1.528378,36.472510) seconds
2026/05/26-09:30:56  ... thread 3: (17000,644000) ops and (16954.6,17649.8) ops/second in (1.002677,36.487658) seconds
2026/05/26-09:30:56  ... thread 1: (15000,645000) ops and (14626.5,17668.0) ops/second in (1.025539,36.506744) seconds
2026/05/26-09:30:56  ... thread 2: (17000,636000) ops and (16771.6,17421.6) ops/second in (1.013619,36.506343) seconds
2026/05/26-09:30:57  ... thread 1: (30000,675000) ops and (26846.7,17940.6) ops/second in (1.117457,37.624201) seconds
2026/05/26-09:30:57  ... thread 3: (32000,676000) ops and (22823.6,17841.3) ops/second in (1.402057,37.889715) seconds
2026/05/26-09:30:58  ... thread 0: (27000,660000) ops and (17907.0,17377.4) ops/second in (1.507789,37.980299) seconds
2026/05/26-09:30:58  ... thread 2: (31000,667000) ops and (20430.9,17541.7) ops/second in (1.517313,38.023656) seconds
2026/05/26-09:30:59  ... thread 3: (3000,679000) ops and (2540.6,17378.8) ops/second in (1.180829,39.070544) seconds
2026/05/26-09:30:59  ... thread 1: (3000,678000) ops and (2038.6,17342.0) ops/second in (1.471615,39.095816) seconds
2026/05/26-09:30:59  ... thread 2: (2000,669000) ops and (1539.0,17012.9) ops/second in (1.299520,39.323176) seconds
2026/05/26-09:30:59  ... thread 0: (2000,662000) ops and (1319.3,16761.1) ops/second in (1.515984,39.496283) seconds
2026/05/26-09:31:00  ... thread 3: (2000,681000) ops and (1445.9,16834.0) ops/second in (1.383215,40.453759) seconds
2026/05/26-09:31:00  ... thread 2: (2000,671000) ops and (1555.4,16523.4) ops/second in (1.285884,40.609060) seconds
2026/05/26-09:31:00  ... thread 0: (3000,665000) ops and (2063.4,16239.2) ops/second in (1.453888,40.950171) seconds
2026/05/26-09:31:00  ... thread 1: (2000,680000) ops and (1073.0,16601.7) ops/second in (1.863934,40.959750) seconds
2026/05/26-09:31:01  ... thread 3: (2000,683000) ops and (1562.8,16365.8) ops/second in (1.279733,41.733492) seconds
2026/05/26-09:31:02  ... thread 2: (2000,673000) ops and (1399.3,16009.2) ops/second in (1.429273,42.038333) seconds
2026/05/26-09:31:02  ... thread 0: (2000,667000) ops and (1465.4,15762.8) ops/second in (1.364770,42.314941) seconds
2026/05/26-09:31:02  ... thread 1: (3000,683000) ops and (2084.7,16108.9) ops/second in (1.439078,42.398828) seconds
2026/05/26-09:31:03  ... thread 3: (2000,685000) ops and (1436.3,15883.7) ops/second in (1.392511,43.126003) seconds
2026/05/26-09:31:03  ... thread 2: (2000,675000) ops and (1543.2,15576.6) ops/second in (1.295981,43.334314) seconds
2026/05/26-09:31:03  ... thread 1: (2000,685000) ops and (1548.2,15678.4) ops/second in (1.291811,43.690639) seconds
2026/05/26-09:31:03  ... thread 0: (3000,670000) ops and (1904.2,15265.3) ops/second in (1.575443,43.890384) seconds
2026/05/26-09:31:04  ... thread 1: (4000,689000) ops and (3558.7,15374.4) ops/second in (1.124013,44.814652) seconds
2026/05/26-09:31:04  ... thread 3: (2000,687000) ops and (1149.1,15312.1) ops/second in (1.740499,44.866502) seconds
2026/05/26-09:31:05  ... thread 2: (2000,677000) ops and (1104.3,14996.0) ops/second in (1.811026,45.145340) seconds
2026/05/26-09:31:05  ... thread 0: (2000,672000) ops and (1482.7,14854.4) ops/second in (1.348867,45.239251) seconds
2026/05/26-09:31:06  ... thread 3: (1000,688000) ops and (889.6,14959.6) ops/second in (1.124154,45.990656) seconds
2026/05/26-09:31:06  ... thread 0: (1000,673000) ops and (931.1,14531.5) ops/second in (1.074022,46.313273) seconds
2026/05/26-09:31:06  ... thread 2: (4000,681000) ops and (3216.5,14680.2) ops/second in (1.243597,46.388937) seconds
2026/05/26-09:31:06  ... thread 1: (1000,690000) ops and (536.3,14781.7) ops/second in (1.864588,46.679240) seconds
2026/05/26-09:31:07  ... thread 3: (3000,691000) ops and (2880.9,14692.1) ops/second in (1.041358,47.032014) seconds
2026/05/26-09:31:07  ... thread 0: (2000,675000) ops and (1666.2,14206.5) ops/second in (1.200348,47.513621) seconds
2026/05/26-09:31:08  ... thread 2: (2000,683000) ops and (1209.2,14216.5) ops/second in (1.653973,48.042910) seconds
2026/05/26-09:31:08  ... thread 1: (2000,692000) ops and (957.0,14189.3) ops/second in (2.089776,48.769016) seconds
2026/05/26-09:31:08  ... thread 3: (2000,693000) ops and (1110.5,14191.2) ops/second in (1.800927,48.832941) seconds
2026/05/26-09:31:09  ... thread 2: (2000,685000) ops and (1653.0,13907.8) ops/second in (1.209947,49.252857) seconds
2026/05/26-09:31:09  ... thread 0: (2000,677000) ops and (929.1,13631.0) ops/second in (2.152675,49.666296) seconds
2026/05/26-09:31:10  ... thread 3: (1000,694000) ops and (766.0,13841.7) ops/second in (1.305409,50.138350) seconds
2026/05/26-09:31:10  ... thread 1: (2000,694000) ops and (1161.4,13745.0) ops/second in (1.722092,50.491108) seconds
2026/05/26-09:31:10  ... thread 2: (1000,686000) ops and (803.2,13584.7) ops/second in (1.245097,50.497954) seconds
2026/05/26-09:31:11  ... thread 1: (2000,696000) ops and (1496.3,13429.1) ops/second in (1.336638,51.827746) seconds
2026/05/26-09:31:11  ... thread 0: (2000,679000) ops and (890.9,13080.0) ops/second in (2.244945,51.911241) seconds
2026/05/26-09:31:12  ... thread 2: (2000,688000) ops and (1102.0,13151.7) ops/second in (1.814817,52.312771) seconds
2026/05/26-09:31:13  ... thread 3: (2000,696000) ops and (670.6,13102.2) ops/second in (2.982322,53.120672) seconds
2026/05/26-09:31:13  ... thread 1: (1000,697000) ops and (705.0,13090.2) ops/second in (1.418369,53.246115) seconds
2026/05/26-09:31:13  ... thread 0: (2000,681000) ops and (1305.4,12742.5) ops/second in (1.532113,53.443354) seconds
2026/05/26-09:31:13  ... thread 2: (2000,690000) ops and (1521.7,12866.6) ops/second in (1.314317,53.627088) seconds
2026/05/26-09:31:14  ... thread 3: (1000,697000) ops and (939.4,12863.3) ops/second in (1.064559,54.185231) seconds
2026/05/26-09:31:14  ... thread 1: (2000,699000) ops and (1469.9,12800.6) ops/second in (1.360597,54.606712) seconds
2026/05/26-09:31:15  ... thread 0: (2000,683000) ops and (1263.7,12412.3) ops/second in (1.582678,55.026032) seconds
2026/05/26-09:31:15  ... thread 3: (1000,698000) ops and (894.1,12621.2) ops/second in (1.118436,55.303667) seconds
2026/05/26-09:31:15  ... thread 2: (1000,691000) ops and (576.9,12481.8) ops/second in (1.733433,55.360521) seconds
2026/05/26-09:31:16  ... thread 1: (2000,701000) ops and (965.8,12368.2) ops/second in (2.070860,56.677572) seconds
2026/05/26-09:31:16  ... thread 3: (2000,700000) ops and (1205.2,12288.6) ops/second in (1.659485,56.963152) seconds
2026/05/26-09:31:17  ... thread 2: (2000,693000) ops and (1186.7,12148.1) ops/second in (1.685351,57.045872) seconds
2026/05/26-09:31:17  ... thread 0: (2000,685000) ops and (921.8,11976.4) ops/second in (2.169572,57.195604) seconds
2026/05/26-09:31:18  ... thread 3: (1000,701000) ops and (687.1,11999.6) ops/second in (1.455331,58.418483) seconds
2026/05/26-09:31:18  ... thread 1: (2000,703000) ops and (1053.9,12001.6) ops/second in (1.897732,58.575304) seconds
2026/05/26-09:31:18  ... thread 2: (1000,694000) ops and (580.1,11808.8) ops/second in (1.723724,58.769596) seconds
2026/05/26-09:31:19  ... thread 0: (3000,688000) ops and (1554.5,11636.3) ops/second in (1.929888,59.125492) seconds
2026/05/26-09:31:19  ... thread 3: (1000,702000) ops and (997.0,11813.9) ops/second in (1.002984,59.421467) seconds
2026/05/26-09:31:19  ... thread 2: (1000,695000) ops and (963.6,11620.7) ops/second in (1.037723,59.807319) seconds
2026/05/26-09:31:20  ... thread 0: (1000,689000) ops and (887.0,11435.1) ops/second in (1.127427,60.252919) seconds
2026/05/26-09:31:20  ... thread 1: (2000,705000) ops and (901.9,11596.8) ops/second in (2.217581,60.792885) seconds
2026/05/26-09:31:20  ... thread 3: (2000,704000) ops and (1343.4,11558.0) ops/second in (1.488709,60.910176) seconds
2026/05/26-09:31:21  ... thread 2: (2000,697000) ops and (1226.9,11344.9) ops/second in (1.630087,61.437406) seconds
2026/05/26-09:31:21  ... thread 0: (1000,690000) ops and (707.8,11189.4) ops/second in (1.412838,61.665757) seconds
2026/05/26-09:31:22  ... thread 3: (1000,705000) ops and (918.1,11371.1) ops/second in (1.089197,61.999373) seconds
2026/05/26-09:31:22  ... thread 1: (2000,707000) ops and (1011.4,11263.3) ops/second in (1.977370,62.770255) seconds
2026/05/26-09:31:22  ... thread 0: (2000,692000) ops and (1739.7,11016.4) ops/second in (1.149619,62.815376) seconds
2026/05/26-09:31:22  ... thread 2: (1000,698000) ops and (724.2,11111.4) ops/second in (1.380781,62.818187) seconds
2026/05/26-09:31:23  ... thread 3: (8000,713000) ops and (7820.9,11313.5) ops/second in (1.022897,63.022270) seconds
2026/05/26-09:31:23  ... thread 0: (31000,723000) ops and (28934.3,11316.9) ops/second in (1.071393,63.886769) seconds
2026/05/26-09:31:23  ... thread 1: (32000,739000) ops and (28492.1,11566.1) ops/second in (1.123120,63.893375) seconds
2026/05/26-09:31:23  ... thread 2: (31000,729000) ops and (27839.9,11402.8) ops/second in (1.113509,63.931696) seconds
2026/05/26-09:31:24  ... thread 3: (25000,738000) ops and (24916.0,11526.6) ops/second in (1.003370,64.025640) seconds
2026/05/26-09:31:25  ... thread 3: (10000,748000) ops and (9599.8,11495.8) ops/second in (1.041688,65.067328) seconds
2026/05/26-09:31:25  ... thread 1: (20000,759000) ops and (16961.7,11663.9) ops/second in (1.179126,65.072501) seconds
2026/05/26-09:31:25  ... thread 0: (15000,738000) ops and (12512.8,11338.9) ops/second in (1.198773,65.085542) seconds
2026/05/26-09:31:25  ... thread 2: (15000,744000) ops and (12802.9,11428.0) ops/second in (1.171613,65.103309) seconds
2026/05/26-09:31:26  ... thread 3: (34000,782000) ops and (30635.6,11816.8) ops/second in (1.109819,66.177147) seconds
2026/05/26-09:31:26  ... thread 1: (29000,788000) ops and (26289.5,11907.7) ops/second in (1.103100,66.175601) seconds
2026/05/26-09:31:26  ... thread 0: (31000,769000) ops and (28309.2,11619.7) ops/second in (1.095049,66.180591) seconds
2026/05/26-09:31:26  ... thread 2: (31000,775000) ops and (28877.0,11711.0) ops/second in (1.073520,66.176829) seconds
2026/05/26-09:31:27  ... thread 1: (31000,819000) ops and (18116.5,12064.2) ops/second in (1.711150,67.886751) seconds
2026/05/26-09:31:27  ... thread 3: (34000,816000) ops and (19706.8,12017.2) ops/second in (1.725293,67.902440) seconds
2026/05/26-09:31:27  ... thread 0: (30000,799000) ops and (17417.3,11766.8) ops/second in (1.722423,67.903014) seconds
2026/05/26-09:31:27  ... thread 2: (29000,804000) ops and (16806.0,11840.5) ops/second in (1.725577,67.902406) seconds
2026/05/26-09:31:28  ... thread 3: (30000,846000) ops and (28468.0,12268.6) ops/second in (1.053814,68.956254) seconds
2026/05/26-09:31:28  ... thread 0: (30000,829000) ops and (28345.9,12021.2) ops/second in (1.058354,68.961368) seconds
2026/05/26-09:31:29  ... thread 1: (32000,851000) ops and (29632.5,12339.3) ops/second in (1.079895,68.966646) seconds
2026/05/26-09:31:29  ... thread 2: (32000,836000) ops and (29413.3,12117.6) ops/second in (1.087945,68.990351) seconds
2026/05/26-09:31:30  ... thread 0: (33000,862000) ops and (29000.9,12296.8) ops/second in (1.137897,70.099265) seconds
2026/05/26-09:31:30  ... thread 3: (31000,877000) ops and (26698.0,12507.6) ops/second in (1.161135,70.117389) seconds
2026/05/26-09:31:30  ... thread 1: (33000,884000) ops and (28445.4,12605.7) ops/second in (1.160117,70.126763) seconds
2026/05/26-09:31:30  ... thread 2: (27000,863000) ops and (16828.4,12224.7) ops/second in (1.604428,70.594779) seconds
2026/05/26-09:31:31  ... thread 1: (1000,885000) ops and (763.2,12388.5) ops/second in (1.310232,71.436995) seconds
2026/05/26-09:31:31  ... thread 0: (1000,863000) ops and (639.6,12042.5) ops/second in (1.563443,71.662708) seconds
2026/05/26-09:31:32  ... thread 3: (1000,878000) ops and (379.9,12068.7) ops/second in (2.632616,72.750005) seconds
2026/05/26-09:31:33  ... thread 3: (2000,880000) ops and (1866.1,11920.6) ops/second in (1.071727,73.821732) seconds
2026/05/26-09:31:34  ... thread 0: (2000,865000) ops and (831.2,11678.3) ops/second in (2.406100,74.068808) seconds
2026/05/26-09:31:34  ... thread 1: (2000,887000) ops and (712.4,11947.0) ops/second in (2.807544,74.244539) seconds
2026/05/26-09:31:34  ... thread 2: (2000,865000) ops and (504.7,11601.8) ops/second in (3.962629,74.557408) seconds
2026/05/26-09:31:35  ... thread 3: (1000,881000) ops and (743.0,11720.5) ops/second in (1.345895,75.167627) seconds
2026/05/26-09:31:35  ... thread 0: (1000,866000) ops and (650.1,11454.0) ops/second in (1.538188,75.606996) seconds
2026/05/26-09:31:35  ... thread 1: (1000,888000) ops and (720.6,11741.0) ops/second in (1.387711,75.632250) seconds
2026/05/26-09:31:35  ... thread 2: (1000,866000) ops and (711.9,11400.4) ops/second in (1.404660,75.962068) seconds
2026/05/26-09:31:37  ... thread 3: (2000,883000) ops and (936.5,11422.5) ops/second in (2.135699,77.303326) seconds
2026/05/26-09:31:37  ... thread 2: (1000,867000) ops and (683.5,11197.9) ops/second in (1.463035,77.425103) seconds
2026/05/26-09:31:37  ... thread 0: (2000,868000) ops and (1004.6,11185.9) ops/second in (1.990809,77.597805) seconds
2026/05/26-09:31:38  ... thread 3: (1000,884000) ops and (897.8,11273.0) ops/second in (1.113852,78.417178) seconds
2026/05/26-09:31:38  ... thread 2: (1000,868000) ops and (859.3,11044.8) ops/second in (1.163681,78.588784) seconds
2026/05/26-09:31:38  ... thread 1: (1000,889000) ops and (312.8,11277.5) ops/second in (3.197064,78.829314) seconds
2026/05/26-09:31:38  ... thread 0: (1000,869000) ops and (773.5,11015.3) ops/second in (1.292820,78.890625) seconds
2026/05/26-09:31:39  ... thread 2: (1000,869000) ops and (845.3,10893.6) ops/second in (1.182990,79.771774) seconds
2026/05/26-09:31:40  ... thread 1: (1000,890000) ops and (758.9,11104.6) ops/second in (1.317687,80.147001) seconds
2026/05/26-09:31:40  ... thread 0: (1000,870000) ops and (686.9,10828.1) ops/second in (1.455781,80.346406) seconds
2026/05/26-09:31:40  ... thread 3: (2000,886000) ops and (864.0,10974.6) ops/second in (2.314936,80.732114) seconds
2026/05/26-09:31:41  ... thread 0: (1000,871000) ops and (923.2,10696.4) ops/second in (1.083182,81.429588) seconds
2026/05/26-09:31:41  ... thread 1: (1000,891000) ops and (724.2,10928.8) ops/second in (1.380929,81.527930) seconds
2026/05/26-09:31:41  ... thread 2: (1000,870000) ops and (541.3,10659.2) ops/second in (1.847510,81.619284) seconds
2026/05/26-09:31:42  ... thread 3: (1000,887000) ops and (754.1,10809.4) ops/second in (1.326020,82.058134) seconds
2026/05/26-09:31:43  ... thread 0: (1000,872000) ops and (584.7,10488.3) ops/second in (1.710337,83.139925) seconds
2026/05/26-09:31:43  ... thread 3: (1000,888000) ops and (839.9,10666.8) ops/second in (1.190675,83.248809) seconds
2026/05/26-09:31:43  ... thread 1: (1000,892000) ops and (456.4,10654.7) ops/second in (2.191119,83.719049) seconds
2026/05/26-09:31:44  ... thread 2: (2000,872000) ops and (850.4,10384.5) ops/second in (2.351943,83.971227) seconds
2026/05/26-09:31:45  ... thread 3: (1000,889000) ops and (561.6,10455.2) ops/second in (1.780718,85.029527) seconds
2026/05/26-09:31:45  ... thread 0: (2000,874000) ops and (1034.2,10273.4) ops/second in (1.933847,85.073772) seconds
2026/05/26-09:31:45  ... thread 1: (1000,893000) ops and (544.1,10437.5) ops/second in (1.837858,85.556907) seconds
2026/05/26-09:31:46  ... thread 3: (1000,890000) ops and (757.7,10307.0) ops/second in (1.319855,86.349382) seconds
2026/05/26-09:31:46  ... thread 2: (2000,874000) ops and (712.8,10071.8) ops/second in (2.805819,86.777046) seconds
2026/05/26-09:31:47  ... thread 0: (2000,876000) ops and (807.7,10005.7) ops/second in (2.476266,87.550038) seconds
2026/05/26-09:31:47  ... thread 2: (1000,875000) ops and (993.0,9967.6) ops/second in (1.007019,87.784065) seconds
2026/05/26-09:31:47  ... thread 3: (1000,891000) ops and (622.5,10130.1) ops/second in (1.606403,87.955785) seconds
2026/05/26-09:31:48  ... thread 1: (2000,895000) ops and (698.1,10121.9) ops/second in (2.865113,88.422020) seconds
2026/05/26-09:31:49  ... thread 3: (1000,892000) ops and (805.6,10000.3) ops/second in (1.241282,89.197067) seconds
2026/05/26-09:31:49  ... thread 0: (1000,877000) ops and (557.2,9815.9) ops/second in (1.794831,89.344869) seconds
2026/05/26-09:31:49  ... thread 1: (1000,896000) ops and (970.0,10016.4) ops/second in (1.030939,89.452959) seconds
2026/05/26-09:31:50  ... thread 2: (2000,877000) ops and (893.4,9742.0) ops/second in (2.238545,90.022610) seconds
2026/05/26-09:31:51  ... thread 0: (1000,878000) ops and (596.8,9646.2) ops/second in (1.675515,91.020384) seconds
2026/05/26-09:31:51  ... thread 1: (2000,898000) ops and (1006.6,9820.7) ops/second in (1.986970,91.439929) seconds
2026/05/26-09:31:52  ... thread 3: (1000,893000) ops and (357.6,9707.2) ops/second in (2.796363,91.993430) seconds
2026/05/26-09:31:52  ... thread 0: (1000,879000) ops and (633.5,9492.5) ops/second in (1.578597,92.598981) seconds
2026/05/26-09:31:53  ... thread 1: (1000,899000) ops and (630.9,9664.1) ops/second in (1.585116,93.025045) seconds
2026/05/26-09:31:53  ... thread 2: (2000,879000) ops and (639.8,9436.5) ops/second in (3.126009,93.148619) seconds
2026/05/26-09:31:54  ... thread 3: (1000,894000) ops and (444.5,9486.1) ops/second in (2.249520,94.242950) seconds
2026/05/26-09:31:54  ... thread 2: (1000,880000) ops and (690.3,9302.6) ops/second in (1.448705,94.597324) seconds
2026/05/26-09:31:55  ... thread 1: (1000,900000) ops and (489.8,9467.0) ops/second in (2.041668,95.066713) seconds
2026/05/26-09:31:55  ... thread 2: (1000,881000) ops and (803.4,9192.2) ops/second in (1.244705,95.842029) seconds
2026/05/26-09:31:55  ... thread 0: (1000,880000) ops and (299.2,9172.3) ops/second in (3.342036,95.941017) seconds
2026/05/26-09:31:56  ... thread 3: (1000,895000) ops and (494.7,9297.3) ops/second in (2.021489,96.264439) seconds
2026/05/26-09:31:56  ... thread 2: (1000,882000) ops and (969.8,9104.7) ops/second in (1.031155,96.873184) seconds
2026/05/26-09:31:56  ... thread 1: (1000,901000) ops and (549.3,9299.5) ops/second in (1.820539,96.887252) seconds
2026/05/26-09:31:56  ... thread 0: (4000,884000) ops and (3899.5,9116.5) ops/second in (1.025781,96.966798) seconds
2026/05/26-09:31:57  ... thread 3: (16000,911000) ops and (15590.9,9363.7) ops/second in (1.026240,97.290679) seconds
2026/05/26-09:31:57  ... thread 1: (26000,927000) ops and (25500.1,9468.2) ops/second in (1.019605,97.906857) seconds
2026/05/26-09:31:57  ... thread 2: (31000,913000) ops and (29255.2,9322.7) ops/second in (1.059639,97.932823) seconds
2026/05/26-09:31:58  ... thread 0: (27000,911000) ops and (26754.3,9298.2) ops/second in (1.009184,97.975982) seconds
2026/05/26-09:31:58  ... thread 3: (24000,935000) ops and (23783.1,9511.7) ops/second in (1.009118,98.299797) seconds
2026/05/26-09:31:59  ... thread 1: (31000,958000) ops and (27944.4,9675.2) ops/second in (1.109346,99.016203) seconds
2026/05/26-09:31:59  ... thread 2: (31000,944000) ops and (28454.2,9533.2) ops/second in (1.089472,99.022295) seconds
2026/05/26-09:31:59  ... thread 0: (29000,940000) ops and (27361.7,9491.5) ops/second in (1.059875,99.035857) seconds
2026/05/26-09:31:59  ... thread 3: (29000,964000) ops and (28926.7,9707.7) ops/second in (1.002535,99.302332) seconds
2026/05/26-09:32:00  ... thread 2: (16000,960000) ops and (13937.6,9583.7) ops/second in (1.147973,100.170268) seconds
2026/05/26-09:32:00  ... thread 0: (15000,955000) ops and (13135.9,9533.1) ops/second in (1.141907,100.177764) seconds
2026/05/26-09:32:00  ... thread 1: (18000,976000) ops and (15342.0,9741.5) ops/second in (1.173253,100.189456) seconds
2026/05/26-09:32:00  ... thread 3: (10000,974000) ops and (9764.1,9708.3) ops/second in (1.024165,100.326497) seconds
2026/05/26-09:32:01  ... thread 2: (22000,982000) ops and (21653.1,9704.9) ops/second in (1.016022,101.186290) seconds
2026/05/26-09:32:01  ... thread 0: (28000,983000) ops and (27471.6,9713.7) ops/second in (1.019233,101.196997) seconds
2026/05/26-09:32:01  ... thread 1: (30000,1006000) ops and (29109.8,9938.7) ops/second in (1.030580,101.220036) seconds
2026/05/26-09:32:01  ... thread 3: (27000,1001000) ops and (24863.0,9870.6) ops/second in (1.085949,101.412446) seconds
2026/05/26-09:32:02  ... thread 2: (28000,1010000) ops and (27604.6,9882.5) ops/second in (1.014325,102.200615) seconds
2026/05/26-09:32:02  ... thread 0: (32000,1015000) ops and (31433.1,9930.0) ops/second in (1.018034,102.215031) seconds
2026/05/26-09:32:02  ... thread 1: (29000,1035000) ops and (28884.8,10124.8) ops/second in (1.003988,102.224024) seconds
2026/05/26-09:32:03  ... thread 3: (32000,1033000) ops and (18503.0,10015.3) ops/second in (1.729450,103.141896) seconds
2026/05/26-09:32:03  ... thread 2: (7000,1017000) ops and (4755.3,9809.7) ops/second in (1.472047,103.672662) seconds
2026/05/26-09:32:03  ... thread 0: (4000,1019000) ops and (2367.1,9807.0) ops/second in (1.689862,103.904893) seconds
2026/05/26-09:32:04  ... thread 3: (1000,1034000) ops and (696.2,9887.3) ops/second in (1.436336,104.578232) seconds
2026/05/26-09:32:05  ... thread 2: (1000,1018000) ops and (756.9,9695.8) ops/second in (1.321259,104.993921) seconds
2026/05/26-09:32:05  ... thread 1: (6000,1041000) ops and (1896.9,9877.9) ops/second in (3.163025,105.387049) seconds
2026/05/26-09:32:06  ... thread 3: (1000,1035000) ops and (696.5,9762.9) ops/second in (1.435850,106.014082) seconds
2026/05/26-09:32:06  ... thread 0: (1000,1020000) ops and (441.4,9607.2) ops/second in (2.265689,106.170582) seconds
2026/05/26-09:32:07  ... thread 1: (1000,1042000) ops and (553.2,9720.6) ops/second in (1.807554,107.194603) seconds
2026/05/26-09:32:07  ... thread 2: (1000,1019000) ops and (437.6,9498.6) ops/second in (2.285225,107.279146) seconds
2026/05/26-09:32:07  ... thread 0: (1000,1021000) ops and (604.6,9469.1) ops/second in (1.653965,107.824547) seconds
2026/05/26-09:32:08  ... thread 3: (1000,1036000) ops and (464.7,9577.9) ops/second in (2.151809,108.165891) seconds
2026/05/26-09:32:09  ... thread 1: (1000,1043000) ops and (496.5,9550.5) ops/second in (2.014063,109.208666) seconds
2026/05/26-09:32:09  ... thread 3: (1000,1037000) ops and (854.4,9484.5) ops/second in (1.170432,109.336323) seconds
2026/05/26-09:32:09  ... thread 2: (1000,1020000) ops and (389.3,9285.6) ops/second in (2.568722,109.847868) seconds
2026/05/26-09:32:10  ... thread 0: (1000,1022000) ops and (391.2,9258.9) ops/second in (2.556198,110.380745) seconds
2026/05/26-09:32:10  ... thread 1: (1000,1044000) ops and (587.8,9413.0) ops/second in (1.701262,110.909928) seconds
2026/05/26-09:32:11  ... thread 3: (1000,1038000) ops and (562.8,9341.8) ops/second in (1.776762,111.113085) seconds
2026/05/26-09:32:11  ... thread 2: (1000,1021000) ops and (666.7,9169.5) ops/second in (1.499917,111.347785) seconds
2026/05/26-09:32:12  ... thread 0: (1000,1023000) ops and (477.8,9095.5) ops/second in (2.092995,112.473740) seconds
2026/05/26-09:32:13  ... thread 3: (1000,1039000) ops and (514.2,9190.0) ops/second in (1.944908,113.057993) seconds
2026/05/26-09:32:13  ... thread 1: (1000,1045000) ops and (430.1,9228.6) ops/second in (2.325168,113.235096) seconds
2026/05/26-09:32:13  ... thread 0: (1000,1024000) ops and (826.3,9007.4) ops/second in (1.210144,113.683884) seconds
2026/05/26-09:32:14  ... thread 3: (1000,1040000) ops and (864.3,9105.6) ops/second in (1.157039,114.215032) seconds
2026/05/26-09:32:14  ... thread 2: (1000,1022000) ops and (349.2,8948.3) ops/second in (2.863322,114.211107) seconds
2026/05/26-09:32:15  ... thread 2: (1000,1023000) ops and (810.7,8861.4) ops/second in (1.233436,115.444543) seconds
2026/05/26-09:32:15  ... thread 0: (1000,1025000) ops and (471.4,8851.1) ops/second in (2.121397,115.805281) seconds
2026/05/26-09:32:15  ... thread 1: (1000,1046000) ops and (380.7,9028.0) ops/second in (2.627030,115.862126) seconds
2026/05/26-09:32:16  ... thread 3: (1000,1041000) ops and (488.9,8954.0) ops/second in (2.045246,116.260278) seconds
2026/05/26-09:32:17  ... thread 2: (1000,1024000) ops and (494.7,8717.4) ops/second in (2.021574,117.466117) seconds
2026/05/26-09:32:18  ... thread 3: (2000,1043000) ops and (1043.0,8825.7) ops/second in (1.917466,118.177744) seconds
2026/05/26-09:32:18  ... thread 1: (1000,1047000) ops and (425.0,8856.7) ops/second in (2.352896,118.215022) seconds
2026/05/26-09:32:19  ... thread 2: (1000,1025000) ops and (580.6,8599.8) ops/second in (1.722487,119.188604) seconds
2026/05/26-09:32:19  ... thread 0: (1000,1026000) ops and (289.4,8603.0) ops/second in (3.455419,119.260700) seconds
2026/05/26-09:32:19  ... thread 3: (1000,1044000) ops and (611.4,8713.5) ops/second in (1.635695,119.813439) seconds
2026/05/26-09:32:20  ... thread 1: (1000,1048000) ops and (434.9,8696.1) ops/second in (2.299374,120.514396) seconds
2026/05/26-09:32:20  ... thread 0: (1000,1027000) ops and (614.6,8495.5) ops/second in (1.627105,120.887805) seconds
2026/05/26-09:32:21  ... thread 2: (1000,1026000) ops and (403.5,8432.9) ops/second in (2.478343,121.666947) seconds
2026/05/26-09:32:21  ... thread 3: (1000,1045000) ops and (519.2,8583.9) ops/second in (1.926153,121.739592) seconds
2026/05/26-09:32:22  ... thread 1: (1000,1049000) ops and (553.9,8575.9) ops/second in (1.805511,122.319907) seconds
2026/05/26-09:32:22  ... thread 0: (1000,1028000) ops and (659.7,8398.4) ops/second in (1.515816,122.403621) seconds
2026/05/26-09:32:23  ... thread 2: (1000,1027000) ops and (552.6,8317.4) ops/second in (1.809754,123.476701) seconds
2026/05/26-09:32:23  ... thread 3: (1000,1046000) ops and (462.6,8442.2) ops/second in (2.161465,123.901057) seconds
2026/05/26-09:32:24  ... thread 0: (1000,1029000) ops and (461.6,8260.4) ops/second in (2.166410,124.570031) seconds
2026/05/26-09:32:24  ... thread 1: (1000,1050000) ops and (435.9,8426.0) ops/second in (2.293922,124.613829) seconds
2026/05/26-09:32:25  ... thread 2: (2000,1029000) ops and (905.3,8187.1) ops/second in (2.209158,125.685859) seconds
2026/05/26-09:32:26  ... thread 0: (1000,1030000) ops and (469.8,8129.5) ops/second in (2.128433,126.698464) seconds
2026/05/26-09:32:27  ... thread 3: (1000,1047000) ops and (319.5,8242.1) ops/second in (3.130360,127.031417) seconds
2026/05/26-09:32:27  ... thread 1: (1000,1051000) ops and (378.6,8259.0) ops/second in (2.641331,127.255160) seconds
2026/05/26-09:32:27  ... thread 2: (2000,1031000) ops and (1057.1,8081.3) ops/second in (1.891935,127.577794) seconds
2026/05/26-09:32:28  ... thread 0: (1000,1031000) ops and (757.3,8053.5) ops/second in (1.320426,128.018890) seconds
2026/05/26-09:32:29  ... thread 1: (1000,1052000) ops and (402.4,8108.5) ops/second in (2.485116,129.740276) seconds
2026/05/26-09:32:30  ... thread 3: (1000,1048000) ops and (321.9,8053.0) ops/second in (3.106847,130.138264) seconds
2026/05/26-09:32:30  ... thread 0: (1000,1032000) ops and (464.6,7928.0) ops/second in (2.152185,130.171075) seconds
2026/05/26-09:32:30  ... thread 2: (2000,1033000) ops and (698.7,7919.3) ops/second in (2.862420,130.440214) seconds
2026/05/26-09:32:31  ... thread 1: (1000,1053000) ops and (606.9,8014.4) ops/second in (1.647724,131.388000) seconds
2026/05/26-09:32:31  ... thread 3: (1000,1049000) ops and (660.5,7968.0) ops/second in (1.514032,131.652296) seconds
2026/05/26-09:32:32  ... thread 0: (1000,1033000) ops and (475.9,7809.6) ops/second in (2.101293,132.272368) seconds
2026/05/26-09:32:32  ... thread 2: (1000,1034000) ops and (400.4,7778.1) ops/second in (2.497648,132.937862) seconds
2026/05/26-09:32:33  ... thread 1: (1000,1054000) ops and (550.2,7912.6) ops/second in (1.817544,133.205544) seconds
2026/05/26-09:32:33  ... thread 3: (1000,1050000) ops and (609.4,7877.4) ops/second in (1.641045,133.293341) seconds
2026/05/26-09:32:33  ... thread 0: (1000,1034000) ops and (965.0,7756.4) ops/second in (1.036287,133.308655) seconds
2026/05/26-09:32:33  ... thread 2: (17000,1051000) ops and (16999.8,7846.9) ops/second in (1.000010,133.937872) seconds
2026/05/26-09:32:34  ... thread 1: (29000,1083000) ops and (27524.9,8066.5) ops/second in (1.053592,134.259136) seconds
2026/05/26-09:32:34  ... thread 3: (30000,1080000) ops and (29840.9,8041.8) ops/second in (1.005330,134.298671) seconds
2026/05/26-09:32:34  ... thread 0: (28000,1062000) ops and (27711.6,7906.5) ops/second in (1.010408,134.319063) seconds
2026/05/26-09:32:34  ... thread 2: (25000,1076000) ops and (24713.4,7973.4) ops/second in (1.011597,134.949469) seconds
2026/05/26-09:32:35  ... thread 1: (21000,1104000) ops and (20601.3,8160.9) ops/second in (1.019354,135.278490) seconds
2026/05/26-09:32:35  ... thread 3: (19000,1099000) ops and (18862.8,8122.3) ops/second in (1.007274,135.305945) seconds
2026/05/26-09:32:35  ... thread 0: (20000,1082000) ops and (19880.6,7995.6) ops/second in (1.006004,135.325067) seconds
2026/05/26-09:32:36  ... thread 1: (14000,1118000) ops and (13984.5,8203.7) ops/second in (1.001105,136.279595) seconds
2026/05/26-09:32:36  ... thread 2: (21000,1097000) ops and (15443.4,8047.9) ops/second in (1.359805,136.309274) seconds
2026/05/26-09:32:36  ... thread 3: (12000,1111000) ops and (11636.6,8148.9) ops/second in (1.031226,136.337171) seconds
2026/05/26-09:32:36  ... thread 0: (14000,1096000) ops and (13738.5,8038.5) ops/second in (1.019036,136.344103) seconds
2026/05/26-09:32:37  ... thread 1: (25000,1143000) ops and (24408.5,8324.6) ops/second in (1.024235,137.303830) seconds
2026/05/26-09:32:37  ... thread 2: (21000,1118000) ops and (20885.5,8141.9) ops/second in (1.005481,137.314755) seconds
2026/05/26-09:32:37  ... thread 3: (23000,1134000) ops and (22689.7,8256.2) ops/second in (1.013675,137.350846) seconds
2026/05/26-09:32:37  ... thread 0: (23000,1119000) ops and (21851.2,8144.3) ops/second in (1.052575,137.396678) seconds
2026/05/26-09:32:38  ... thread 2: (16000,1134000) ops and (15916.7,8198.4) ops/second in (1.005232,138.319987) seconds
2026/05/26-09:32:38  ... thread 1: (14000,1157000) ops and (13735.3,8364.5) ops/second in (1.019268,138.323098) seconds
2026/05/26-09:32:38  ... thread 3: (15000,1149000) ops and (14834.8,8304.3) ops/second in (1.011138,138.361984) seconds
2026/05/26-09:32:38  ... thread 0: (16000,1135000) ops and (15756.7,8200.1) ops/second in (1.015440,138.412118) seconds
2026/05/26-09:32:39  ... thread 2: (31000,1165000) ops and (30895.1,8361.8) ops/second in (1.003394,139.323381) seconds
2026/05/26-09:32:39  ... thread 1: (31000,1188000) ops and (30239.2,8525.4) ops/second in (1.025159,139.348257) seconds
2026/05/26-09:32:39  ... thread 3: (33000,1182000) ops and (32457.4,8480.5) ops/second in (1.016716,139.378700) seconds
2026/05/26-09:32:39  ... thread 0: (30000,1165000) ops and (29791.0,8356.1) ops/second in (1.007016,139.419134) seconds
2026/05/26-09:32:40  ... thread 2: (29000,1194000) ops and (28505.7,8507.9) ops/second in (1.017340,140.340721) seconds
2026/05/26-09:32:40  ... thread 1: (29000,1217000) ops and (28685.8,8670.6) ops/second in (1.010953,140.359210) seconds
2026/05/26-09:32:40  ... thread 3: (28000,1210000) ops and (27721.9,8618.9) ops/second in (1.010032,140.388732) seconds
2026/05/26-09:32:40  ... thread 0: (32000,1197000) ops and (31039.5,8522.6) ops/second in (1.030944,140.450078) seconds
2026/05/26-09:32:42  ... thread 1: (11000,1228000) ops and (6030.2,8636.7) ops/second in (1.824137,142.183347) seconds
2026/05/26-09:32:42  ... thread 2: (11000,1205000) ops and (5728.8,8470.4) ops/second in (1.920138,142.260859) seconds
2026/05/26-09:32:43  ... thread 3: (11000,1221000) ops and (3493.4,8506.5) ops/second in (3.148812,143.537544) seconds
2026/05/26-09:32:44  ... thread 0: (6000,1203000) ops and (1669.2,8351.6) ops/second in (3.594444,144.044522) seconds
2026/05/26-09:32:44  ... thread 1: (1000,1229000) ops and (517.6,8527.9) ops/second in (1.931944,144.115291) seconds
2026/05/26-09:32:44  ... thread 2: (1000,1206000) ops and (457.5,8349.1) ops/second in (2.185974,144.446833) seconds
2026/05/26-09:32:45  ... thread 0: (1000,1204000) ops and (752.2,8282.1) ops/second in (1.329402,145.373924) seconds
2026/05/26-09:32:46  ... thread 2: (1000,1207000) ops and (610.7,8262.3) ops/second in (1.637553,146.084386) seconds
2026/05/26-09:32:47  ... thread 1: (1000,1230000) ops and (277.0,8326.3) ops/second in (3.609926,147.725217) seconds
2026/05/26-09:32:48  ... thread 0: (1000,1205000) ops and (318.8,8113.9) ops/second in (3.136681,148.510605) seconds
2026/05/26-09:32:48  ... thread 2: (1000,1208000) ops and (399.1,8129.7) ops/second in (2.505882,148.590268) seconds
2026/05/26-09:32:48  ... thread 3: (1000,1222000) ops and (190.6,8213.3) ops/second in (5.245275,148.782819) seconds
2026/05/26-09:32:49  ... thread 1: (1000,1231000) ops and (550.9,8231.9) ops/second in (1.815205,149.540422) seconds
2026/05/26-09:32:50  ... thread 3: (1000,1223000) ops and (710.9,8143.0) ops/second in (1.406639,150.189458) seconds
2026/05/26-09:32:51  ... thread 2: (1000,1209000) ops and (335.5,7976.5) ops/second in (2.980354,151.570622) seconds
2026/05/26-09:32:52  ... thread 3: (1000,1224000) ops and (449.7,8030.8) ops/second in (2.223871,152.413329) seconds
2026/05/26-09:32:52  ... thread 0: (1000,1206000) ops and (246.1,7904.3) ops/second in (4.063751,152.574356) seconds
2026/05/26-09:32:53  ... thread 2: (1000,1210000) ops and (613.0,7898.1) ops/second in (1.631267,153.201889) seconds
2026/05/26-09:32:53  ... thread 1: (1000,1232000) ops and (250.6,8024.4) ops/second in (3.990950,153.531372) seconds
2026/05/26-09:32:54  ... thread 3: (1000,1225000) ops and (498.7,7933.0) ops/second in (2.005202,154.418531) seconds
2026/05/26-09:32:55  ... thread 0: (1000,1207000) ops and (335.8,7759.4) ops/second in (2.978240,155.552596) seconds
2026/05/26-09:32:55  ... thread 2: (1000,1211000) ops and (411.9,7781.3) ops/second in (2.427958,155.629847) seconds
2026/05/26-09:32:56  ... thread 3: (1000,1226000) ops and (477.7,7833.3) ops/second in (2.093182,156.511713) seconds
2026/05/26-09:32:56  ... thread 1: (1000,1233000) ops and (315.2,7868.3) ops/second in (3.172808,156.704180) seconds
2026/05/26-09:32:57  ... thread 2: (1000,1212000) ops and (430.2,7673.1) ops/second in (2.324567,157.954414) seconds
2026/05/26-09:32:58  ... thread 0: (1000,1208000) ops and (350.8,7626.1) ops/second in (2.850596,158.403192) seconds
2026/05/26-09:32:59  ... thread 3: (1000,1227000) ops and (326.3,7689.1) ops/second in (3.064885,159.576598) seconds
2026/05/26-09:32:59  ... thread 1: (1000,1234000) ops and (327.2,7724.1) ops/second in (3.056363,159.760543) seconds
2026/05/26-09:33:00  ... thread 2: (1000,1213000) ops and (420.4,7565.5) ops/second in (2.378634,160.333048) seconds
2026/05/26-09:33:01  ... thread 3: (1000,1228000) ops and (486.9,7597.6) ops/second in (2.053873,161.630471) seconds
2026/05/26-09:33:02  ... thread 2: (1000,1214000) ops and (548.6,7486.6) ops/second in (1.822921,162.155969) seconds
2026/05/26-09:33:02  ... thread 0: (1000,1209000) ops and (262.5,7453.2) ops/second in (3.809949,162.213141) seconds
2026/05/26-09:33:03  ... thread 1: (1000,1235000) ops and (290.1,7567.0) ops/second in (3.447154,163.207697) seconds
2026/05/26-09:33:03  ... thread 3: (1000,1229000) ops and (626.5,7529.4) ops/second in (1.596141,163.226612) seconds
2026/05/26-09:33:03  ... thread 0: (1000,1210000) ops and (986.8,7413.0) ops/second in (1.013421,163.226562) seconds
2026/05/26-09:33:03  ... thread 2: (1000,1215000) ops and (923.8,7443.1) ops/second in (1.082504,163.238473) seconds
Initializing RocksDB Options from the specified file
Initializing RocksDB Options from command-line flags
Integrated BlobDB: blob cache disabled
Keys:       16 bytes each (+ 0 bytes user-defined timestamp)
Values:     1024 bytes each (512 bytes after compression)
Entries:    1250000
Prefix:    0 bytes
Keys per prefix:    0
RawSize:    1239.8 MB (estimated)
FileSize:   629.4 MB (estimated)
Write rate: 0 bytes/second
Read rate: 0 ops/second
Compression: Snappy
Compression sampling rate: 0
Memtablerep: SkipListFactory
Perf Level: 1
WARNING: Assertions are enabled; benchmarks unnecessarily slow
------------------------------------------------
Initializing RocksDB Options from the specified file
Initializing RocksDB Options from command-line flags
Integrated BlobDB: blob cache disabled
DB path: [/tmp/rocksdb_comp_exp_db]
fillrandom   :     131.177 micros/op 30447 ops/sec 164.216 seconds 5000000 operations;   30.2 MB/s
2026/05/26-09:33:06  ... thread 1: (1000,1000) ops and (489.7,489.7) ops/second in (2.041860,2.041860) seconds
2026/05/26-09:33:06  ... thread 3: (1000,1000) ops and (486.9,486.9) ops/second in (2.053858,2.053858) seconds
2026/05/26-09:33:06  ... thread 0: (1000,1000) ops and (485.5,485.5) ops/second in (2.059524,2.059524) seconds
2026/05/26-09:33:06  ... thread 2: (1000,1000) ops and (478.1,478.1) ops/second in (2.091507,2.091507) seconds
2026/05/26-09:33:07  ... thread 3: (1000,2000) ops and (730.5,584.3) ops/second in (1.368967,3.422825) seconds
2026/05/26-09:33:07  ... thread 1: (1000,2000) ops and (723.2,584.0) ops/second in (1.382738,3.424598) seconds
2026/05/26-09:33:07  ... thread 0: (1000,2000) ops and (722.1,580.7) ops/second in (1.384779,3.444303) seconds
2026/05/26-09:33:07  ... thread 2: (1000,2000) ops and (726.7,576.8) ops/second in (1.376018,3.467525) seconds
2026/05/26-09:33:08  ... thread 1: (2000,4000) ops and (1692.6,868.4) ops/second in (1.181614,4.606212) seconds
2026/05/26-09:33:08  ... thread 0: (2000,4000) ops and (1687.6,864.0) ops/second in (1.185126,4.629429) seconds
2026/05/26-09:33:08  ... thread 3: (2000,4000) ops and (1582.2,853.4) ops/second in (1.264075,4.686900) seconds
2026/05/26-09:33:08  ... thread 2: (2000,4000) ops and (1622.3,851.0) ops/second in (1.232818,4.700343) seconds
2026/05/26-09:33:11  ... thread 1: (1000,5000) ops and (416.6,713.6) ops/second in (2.400294,7.006506) seconds
2026/05/26-09:33:11  ... thread 0: (1000,5000) ops and (406.6,705.4) ops/second in (2.459173,7.088602) seconds
2026/05/26-09:33:11  ... thread 2: (1000,5000) ops and (411.2,701.1) ops/second in (2.431738,7.132081) seconds
2026/05/26-09:33:11  ... thread 3: (1000,5000) ops and (405.8,699.2) ops/second in (2.464558,7.151458) seconds
2026/05/26-09:33:14  ... thread 1: (1000,6000) ops and (285.9,571.2) ops/second in (3.497418,10.503924) seconds
2026/05/26-09:33:15  ... thread 0: (1000,6000) ops and (260.8,549.3) ops/second in (3.833807,10.922409) seconds
2026/05/26-09:33:15  ... thread 2: (1000,6000) ops and (261.6,547.7) ops/second in (3.822421,10.954502) seconds
2026/05/26-09:33:15  ... thread 3: (1000,6000) ops and (257.8,543.9) ops/second in (3.879207,11.030665) seconds
2026/05/26-09:33:18  ... thread 1: (1000,7000) ops and (292.4,502.7) ops/second in (3.419802,13.923726) seconds
2026/05/26-09:33:18  ... thread 0: (1000,7000) ops and (318.8,497.9) ops/second in (3.137210,14.059619) seconds
2026/05/26-09:33:18  ... thread 2: (1000,7000) ops and (308.6,493.1) ops/second in (3.240799,14.195301) seconds
2026/05/26-09:33:18  ... thread 3: (1000,7000) ops and (313.4,492.2) ops/second in (3.190340,14.221005) seconds
2026/05/26-09:33:19  ... thread 1: (1000,8000) ops and (800.5,527.3) ops/second in (1.249247,15.172973) seconds
2026/05/26-09:33:19  ... thread 0: (1000,8000) ops and (860.9,525.6) ops/second in (1.161584,15.221203) seconds
2026/05/26-09:33:19  ... thread 2: (1000,8000) ops and (946.2,524.5) ops/second in (1.056893,15.252194) seconds
2026/05/26-09:33:19  ... thread 3: (1000,8000) ops and (944.5,523.6) ops/second in (1.058723,15.279728) seconds
2026/05/26-09:33:20  ... thread 1: (3000,11000) ops and (2847.1,677.9) ops/second in (1.053717,16.226690) seconds
2026/05/26-09:33:20  ... thread 2: (3000,11000) ops and (2966.3,676.4) ops/second in (1.011361,16.263555) seconds
2026/05/26-09:33:20  ... thread 0: (3000,11000) ops and (2875.3,676.3) ops/second in (1.043357,16.264560) seconds
2026/05/26-09:33:20  ... thread 3: (3000,11000) ops and (2790.2,672.6) ops/second in (1.075180,16.354908) seconds
2026/05/26-09:33:21  ... thread 0: (3000,14000) ops and (2888.1,809.1) ops/second in (1.038735,17.303295) seconds
2026/05/26-09:33:21  ... thread 1: (4000,15000) ops and (3070.2,855.7) ops/second in (1.302851,17.529541) seconds
2026/05/26-09:33:21  ... thread 2: (4000,15000) ops and (2987.4,852.2) ops/second in (1.338978,17.602533) seconds
2026/05/26-09:33:21  ... thread 3: (4000,15000) ops and (3098.9,850.1) ops/second in (1.290801,17.645709) seconds
2026/05/26-09:33:22  ... thread 0: (4000,18000) ops and (3057.8,967.1) ops/second in (1.308117,18.611412) seconds
2026/05/26-09:33:22  ... thread 1: (4000,19000) ops and (3302.5,1013.8) ops/second in (1.211204,18.740745) seconds
2026/05/26-09:33:23  ... thread 2: (4000,19000) ops and (3389.0,1011.6) ops/second in (1.180287,18.782820) seconds
2026/05/26-09:33:23  ... thread 3: (4000,19000) ops and (3422.3,1009.9) ops/second in (1.168788,18.814497) seconds
2026/05/26-09:33:23  ... thread 0: (4000,22000) ops and (3515.4,1114.0) ops/second in (1.137848,19.749260) seconds
2026/05/26-09:33:24  ... thread 1: (4000,23000) ops and (3282.6,1152.3) ops/second in (1.218546,19.959291) seconds
2026/05/26-09:33:24  ... thread 3: (4000,23000) ops and (3489.0,1152.2) ops/second in (1.146464,19.960961) seconds
2026/05/26-09:33:24  ... thread 2: (4000,23000) ops and (3389.4,1152.1) ops/second in (1.180153,19.962973) seconds
2026/05/26-09:33:25  ... thread 0: (4000,26000) ops and (3819.1,1250.2) ops/second in (1.047361,20.796621) seconds
2026/05/26-09:33:25  ... thread 1: (4000,27000) ops and (3919.6,1287.0) ops/second in (1.020504,20.979795) seconds
2026/05/26-09:33:25  ... thread 3: (4000,27000) ops and (3843.8,1285.6) ops/second in (1.040640,21.001601) seconds
2026/05/26-09:33:25  ... thread 2: (4000,27000) ops and (3839.0,1285.4) ops/second in (1.041931,21.004904) seconds
2026/05/26-09:33:26  ... thread 0: (4000,30000) ops and (3897.1,1374.7) ops/second in (1.026402,21.823023) seconds
2026/05/26-09:33:26  ... thread 1: (5000,32000) ops and (4126.4,1442.0) ops/second in (1.211697,22.191492) seconds
2026/05/26-09:33:26  ... thread 3: (5000,32000) ops and (4131.6,1440.7) ops/second in (1.210189,22.211790) seconds
2026/05/26-09:33:26  ... thread 2: (5000,32000) ops and (4012.5,1438.1) ops/second in (1.246120,22.251024) seconds
2026/05/26-09:33:27  ... thread 0: (5000,35000) ops and (4338.6,1523.4) ops/second in (1.152437,22.975460) seconds
2026/05/26-09:33:27  ... thread 1: (5000,37000) ops and (4543.5,1588.5) ops/second in (1.100477,23.291969) seconds
2026/05/26-09:33:27  ... thread 3: (5000,37000) ops and (4465.6,1585.8) ops/second in (1.119658,23.331448) seconds
2026/05/26-09:33:27  ... thread 2: (5000,37000) ops and (4348.9,1581.1) ops/second in (1.149726,23.400750) seconds
2026/05/26-09:33:28  ... thread 0: (5000,40000) ops and (4778.9,1665.2) ops/second in (1.046275,24.021735) seconds
2026/05/26-09:33:28  ... thread 1: (5000,42000) ops and (4789.7,1725.8) ops/second in (1.043903,24.335872) seconds
2026/05/26-09:33:28  ... thread 3: (5000,42000) ops and (4822.9,1723.6) ops/second in (1.036722,24.368170) seconds
2026/05/26-09:33:28  ... thread 2: (5000,42000) ops and (4609.8,1715.3) ops/second in (1.084652,24.485402) seconds
2026/05/26-09:33:29  ... thread 0: (5000,45000) ops and (4952.1,1797.7) ops/second in (1.009678,25.031413) seconds
2026/05/26-09:33:29  ... thread 1: (6000,48000) ops and (5266.1,1884.2) ops/second in (1.139360,25.475232) seconds
2026/05/26-09:33:29  ... thread 3: (6000,48000) ops and (5315.4,1882.6) ops/second in (1.128802,25.496972) seconds
2026/05/26-09:33:29  ... thread 2: (6000,48000) ops and (5364.1,1874.7) ops/second in (1.118539,25.603941) seconds
2026/05/26-09:33:30  ... thread 0: (6000,51000) ops and (5524.7,1952.7) ops/second in (1.086036,26.117449) seconds
2026/05/26-09:33:30  ... thread 1: (6000,54000) ops and (5732.0,2036.0) ops/second in (1.046754,26.521986) seconds
2026/05/26-09:33:30  ... thread 3: (6000,54000) ops and (5508.5,2031.1) ops/second in (1.089228,26.586200) seconds
2026/05/26-09:33:30  ... thread 2: (6000,54000) ops and (5688.8,2025.6) ops/second in (1.054709,26.658650) seconds
2026/05/26-09:33:31  ... thread 0: (6000,57000) ops and (5658.1,2097.3) ops/second in (1.060430,27.177879) seconds
2026/05/26-09:33:31  ... thread 3: (6000,60000) ops and (5871.4,2173.3) ops/second in (1.021909,27.608109) seconds
2026/05/26-09:33:31  ... thread 1: (7000,61000) ops and (6141.4,2205.2) ops/second in (1.139802,27.661788) seconds
2026/05/26-09:33:32  ... thread 2: (7000,61000) ops and (6386.7,2197.8) ops/second in (1.096031,27.754681) seconds
2026/05/26-09:33:32  ... thread 0: (7000,64000) ops and (6491.2,2265.0) ops/second in (1.078380,28.256259) seconds
2026/05/26-09:33:32  ... thread 3: (7000,67000) ops and (6647.6,2337.7) ops/second in (1.053005,28.661114) seconds
2026/05/26-09:33:32  ... thread 1: (7000,68000) ops and (6503.2,2366.2) ops/second in (1.076401,28.738189) seconds
2026/05/26-09:33:33  ... thread 2: (7000,68000) ops and (6485.3,2358.3) ops/second in (1.079369,28.834050) seconds
2026/05/26-09:33:33  ... thread 0: (8000,72000) ops and (7219.2,2451.9) ops/second in (1.108159,29.364418) seconds
2026/05/26-09:33:33  ... thread 3: (8000,75000) ops and (7769.0,2526.0) ops/second in (1.029736,29.690850) seconds
2026/05/26-09:33:34  ... thread 1: (9000,77000) ops and (8100.2,2579.6) ops/second in (1.111081,29.849270) seconds
2026/05/26-09:33:34  ... thread 2: (9000,77000) ops and (8165.9,2572.1) ops/second in (1.102140,29.936190) seconds
2026/05/26-09:33:34  ... thread 0: (9000,81000) ops and (8542.9,2662.9) ops/second in (1.053502,30.417920) seconds
2026/05/26-09:33:34  ... thread 3: (9000,84000) ops and (8929.5,2736.3) ops/second in (1.007899,30.698749) seconds
2026/05/26-09:33:35  ... thread 1: (10000,87000) ops and (8929.5,2809.2) ops/second in (1.119880,30.969150) seconds
2026/05/26-09:33:35  ... thread 2: (10000,87000) ops and (9254.1,2804.9) ops/second in (1.080601,31.016791) seconds
2026/05/26-09:33:35  ... thread 0: (8000,89000) ops and (7702.7,2829.3) ops/second in (1.038595,31.456515) seconds
2026/05/26-09:33:35  ... thread 3: (8000,92000) ops and (7657.8,2898.2) ops/second in (1.044686,31.743435) seconds
2026/05/26-09:33:36  ... thread 1: (8000,95000) ops and (7722.8,2968.3) ops/second in (1.035889,32.005039) seconds
2026/05/26-09:33:36  ... thread 2: (8000,95000) ops and (7567.3,2961.9) ops/second in (1.057186,32.073977) seconds
2026/05/26-09:33:36  ... thread 0: (10000,99000) ops and (9721.4,3047.5) ops/second in (1.028661,32.485176) seconds
DB path: [/tmp/rocksdb_comp_exp_db]
readrandom   :     325.341 micros/op 12274 ops/sec 32.588 seconds 400000 operations;   12.0 MB/s (98166 of 100000 found)

STATISTICS:
rocksdb.block.cache.miss COUNT : 3901311
rocksdb.block.cache.hit COUNT : 161351
rocksdb.block.cache.add COUNT : 1244983
rocksdb.block.cache.add.failures COUNT : 0
rocksdb.block.cache.index.miss COUNT : 0
rocksdb.block.cache.index.hit COUNT : 0
rocksdb.block.cache.index.add COUNT : 0
rocksdb.block.cache.index.bytes.insert COUNT : 0
rocksdb.block.cache.filter.miss COUNT : 0
rocksdb.block.cache.filter.hit COUNT : 0
rocksdb.block.cache.filter.add COUNT : 0
rocksdb.block.cache.filter.bytes.insert COUNT : 0
rocksdb.block.cache.data.miss COUNT : 3901311
rocksdb.block.cache.data.hit COUNT : 161351
rocksdb.block.cache.data.add COUNT : 1244983
rocksdb.block.cache.data.bytes.insert COUNT : 5358372688
rocksdb.block.cache.bytes.read COUNT : 694454752
rocksdb.block.cache.bytes.write COUNT : 5358372688
rocksdb.block.cache.compression.dict.miss COUNT : 0
rocksdb.block.cache.compression.dict.hit COUNT : 0
rocksdb.block.cache.compression.dict.add COUNT : 0
rocksdb.block.cache.compression.dict.bytes.insert COUNT : 0
rocksdb.block.cache.add.redundant COUNT : 10
rocksdb.block.cache.index.add.redundant COUNT : 0
rocksdb.block.cache.filter.add.redundant COUNT : 0
rocksdb.block.cache.data.add.redundant COUNT : 10
rocksdb.block.cache.compression.dict.add.redundant COUNT : 0
rocksdb.secondary.cache.hits COUNT : 0
rocksdb.secondary.cache.filter.hits COUNT : 0
rocksdb.secondary.cache.index.hits COUNT : 0
rocksdb.secondary.cache.data.hits COUNT : 0
rocksdb.compressed.secondary.cache.dummy.hits COUNT : 0
rocksdb.compressed.secondary.cache.hits COUNT : 0
rocksdb.compressed.secondary.cache.promotions COUNT : 0
rocksdb.compressed.secondary.cache.promotion.skips COUNT : 0
rocksdb.bloom.filter.useful COUNT : 0
rocksdb.bloom.filter.full.positive COUNT : 0
rocksdb.bloom.filter.full.true.positive COUNT : 0
rocksdb.bloom.filter.prefix.checked COUNT : 0
rocksdb.bloom.filter.prefix.useful COUNT : 0
rocksdb.bloom.filter.prefix.true.positive COUNT : 0
rocksdb.persistent.cache.hit COUNT : 0
rocksdb.persistent.cache.miss COUNT : 0
rocksdb.sim.block.cache.hit COUNT : 0
rocksdb.sim.block.cache.miss COUNT : 0
rocksdb.memtable.hit COUNT : 6831
rocksdb.memtable.miss COUNT : 393169
rocksdb.l0.hit COUNT : 48150
rocksdb.l1.hit COUNT : 92193
rocksdb.l2andup.hit COUNT : 245553
rocksdb.compaction.key.drop.new COUNT : 3222406
rocksdb.compaction.key.drop.obsolete COUNT : 0
rocksdb.compaction.key.drop.range_del COUNT : 0
rocksdb.compaction.key.drop.user COUNT : 0
rocksdb.compaction.range_del.drop.obsolete COUNT : 0
rocksdb.compaction.optimized.del.drop.obsolete COUNT : 0
rocksdb.compaction.cancelled COUNT : 0
rocksdb.compaction.aborted COUNT : 0
rocksdb.number.keys.written COUNT : 5000000
rocksdb.number.keys.read COUNT : 400000
rocksdb.number.keys.updated COUNT : 0
rocksdb.bytes.written COUNT : 5278642344
rocksdb.bytes.read COUNT : 402152448
rocksdb.number.db.seek COUNT : 0
rocksdb.number.db.next COUNT : 0
rocksdb.number.db.prev COUNT : 0
rocksdb.number.db.seek.found COUNT : 0
rocksdb.number.db.next.found COUNT : 0
rocksdb.number.db.prev.found COUNT : 0
rocksdb.db.iter.bytes.read COUNT : 0
rocksdb.number.iter.skip COUNT : 0
rocksdb.number.reseeks.iteration COUNT : 0
rocksdb.num.iterator.created COUNT : 0
rocksdb.num.iterator.deleted COUNT : 0
rocksdb.no.file.opens COUNT : 147
rocksdb.no.file.errors COUNT : 0
rocksdb.stall.micros COUNT : 127154218
rocksdb.db.mutex.wait.micros COUNT : 0
rocksdb.number.multiget.get COUNT : 0
rocksdb.number.multiget.keys.read COUNT : 0
rocksdb.number.multiget.bytes.read COUNT : 0
rocksdb.number.multiget.keys.found COUNT : 0
rocksdb.number.merge.failures COUNT : 0
rocksdb.getupdatessince.calls COUNT : 0
rocksdb.wal.synced COUNT : 0
rocksdb.wal.bytes COUNT : 5278642344
rocksdb.write.self COUNT : 4886862
rocksdb.write.other COUNT : 113138
rocksdb.write.wal COUNT : 5000000
rocksdb.compact.read.bytes COUNT : 6470976931
rocksdb.compact.write.bytes COUNT : 4520717307
rocksdb.flush.write.bytes COUNT : 2971292122
rocksdb.compact.read.marked.bytes COUNT : 0
rocksdb.compact.read.periodic.bytes COUNT : 0
rocksdb.compact.read.ttl.bytes COUNT : 0
rocksdb.compact.write.marked.bytes COUNT : 0
rocksdb.compact.write.periodic.bytes COUNT : 0
rocksdb.compact.write.ttl.bytes COUNT : 0
rocksdb.number.direct.load.table.properties COUNT : 0
rocksdb.number.superversion_acquires COUNT : 16
rocksdb.number.superversion_releases COUNT : 12
rocksdb.number.superversion_cleanups COUNT : 3
rocksdb.number.block.compressed COUNT : 3070160
rocksdb.number.block.decompressed COUNT : 3901458
rocksdb.bytes.compressed.from COUNT : 12939876600
rocksdb.bytes.compressed.to COUNT : 7476462644
rocksdb.bytes.compression_bypassed COUNT : 0
rocksdb.bytes.compression.rejected COUNT : 0
rocksdb.number.block_compression_bypassed COUNT : 0
rocksdb.number.block_compression_rejected COUNT : 0
rocksdb.bytes.decompressed.from COUNT : 9497002824
rocksdb.bytes.decompressed.to COUNT : 16427404480
rocksdb.merge.operation.time.nanos COUNT : 0
rocksdb.filter.operation.time.nanos COUNT : 0
rocksdb.compaction.total.time.cpu_micros COUNT : 37528531
rocksdb.row.cache.hit COUNT : 0
rocksdb.row.cache.miss COUNT : 0
rocksdb.read.amp.estimate.useful.bytes COUNT : 0
rocksdb.read.amp.total.read.bytes COUNT : 0
rocksdb.number.rate_limiter.drains COUNT : 0
rocksdb.blobdb.num.put COUNT : 0
rocksdb.blobdb.num.write COUNT : 0
rocksdb.blobdb.num.get COUNT : 0
rocksdb.blobdb.num.multiget COUNT : 0
rocksdb.blobdb.num.seek COUNT : 0
rocksdb.blobdb.num.next COUNT : 0
rocksdb.blobdb.num.prev COUNT : 0
rocksdb.blobdb.num.keys.written COUNT : 0
rocksdb.blobdb.num.keys.read COUNT : 0
rocksdb.blobdb.bytes.written COUNT : 0
rocksdb.blobdb.bytes.read COUNT : 0
rocksdb.blobdb.write.inlined COUNT : 0
rocksdb.blobdb.write.inlined.ttl COUNT : 0
rocksdb.blobdb.write.blob COUNT : 0
rocksdb.blobdb.write.blob.ttl COUNT : 0
rocksdb.blobdb.blob.file.bytes.written COUNT : 0
rocksdb.blobdb.blob.file.bytes.read COUNT : 0
rocksdb.blobdb.blob.file.synced COUNT : 0
rocksdb.blobdb.blob.index.expired.count COUNT : 0
rocksdb.blobdb.blob.index.expired.size COUNT : 0
rocksdb.blobdb.blob.index.evicted.count COUNT : 0
rocksdb.blobdb.blob.index.evicted.size COUNT : 0
rocksdb.blobdb.gc.num.files COUNT : 0
rocksdb.blobdb.gc.num.new.files COUNT : 0
rocksdb.blobdb.gc.failures COUNT : 0
rocksdb.blobdb.gc.num.keys.relocated COUNT : 0
rocksdb.blobdb.gc.bytes.relocated COUNT : 0
rocksdb.blobdb.fifo.num.files.evicted COUNT : 0
rocksdb.blobdb.fifo.num.keys.evicted COUNT : 0
rocksdb.blobdb.fifo.bytes.evicted COUNT : 0
rocksdb.blobdb.cache.miss COUNT : 0
rocksdb.blobdb.cache.hit COUNT : 0
rocksdb.blobdb.cache.add COUNT : 0
rocksdb.blobdb.cache.add.failures COUNT : 0
rocksdb.blobdb.cache.bytes.read COUNT : 0
rocksdb.blobdb.cache.bytes.write COUNT : 0
rocksdb.txn.overhead.mutex.prepare COUNT : 0
rocksdb.txn.overhead.mutex.old.commit.map COUNT : 0
rocksdb.txn.overhead.duplicate.key COUNT : 0
rocksdb.txn.overhead.mutex.snapshot COUNT : 0
rocksdb.txn.get.tryagain COUNT : 0
rocksdb.files.marked.trash COUNT : 0
rocksdb.files.marked.trash.deleted COUNT : 0
rocksdb.files.deleted.immediately COUNT : 213
rocksdb.error.handler.bg.error.count COUNT : 0
rocksdb.error.handler.bg.io.error.count COUNT : 0
rocksdb.error.handler.bg.retryable.io.error.count COUNT : 0
rocksdb.error.handler.autoresume.count COUNT : 0
rocksdb.error.handler.autoresume.retry.total.count COUNT : 0
rocksdb.error.handler.autoresume.success.count COUNT : 0
rocksdb.memtable.payload.bytes.at.flush COUNT : 5217087576
rocksdb.memtable.garbage.bytes.at.flush COUNT : 128179832
rocksdb.verify_checksum.read.bytes COUNT : 0
rocksdb.backup.read.bytes COUNT : 0
rocksdb.backup.write.bytes COUNT : 0
rocksdb.remote.compact.read.bytes COUNT : 0
rocksdb.remote.compact.write.bytes COUNT : 0
rocksdb.remote.compact.resumed.bytes COUNT : 0
rocksdb.hot.file.read.bytes COUNT : 0
rocksdb.warm.file.read.bytes COUNT : 0
rocksdb.cool.file.read.bytes COUNT : 0
rocksdb.cold.file.read.bytes COUNT : 0
rocksdb.ice.file.read.bytes COUNT : 0
rocksdb.hot.file.read.count COUNT : 0
rocksdb.warm.file.read.count COUNT : 0
rocksdb.cool.file.read.count COUNT : 0
rocksdb.cold.file.read.count COUNT : 0
rocksdb.ice.file.read.count COUNT : 0
rocksdb.last.level.read.bytes COUNT : 0
rocksdb.last.level.read.count COUNT : 0
rocksdb.non.last.level.read.bytes COUNT : 9516694696
rocksdb.non.last.level.read.count COUNT : 3901899
rocksdb.last.level.seek.filtered COUNT : 0
rocksdb.last.level.seek.filter.match COUNT : 0
rocksdb.last.level.seek.data COUNT : 0
rocksdb.last.level.seek.data.useful.no.filter COUNT : 0
rocksdb.last.level.seek.data.useful.filter.match COUNT : 0
rocksdb.non.last.level.seek.filtered COUNT : 0
rocksdb.non.last.level.seek.filter.match COUNT : 0
rocksdb.non.last.level.seek.data COUNT : 0
rocksdb.non.last.level.seek.data.useful.no.filter COUNT : 0
rocksdb.non.last.level.seek.data.useful.filter.match COUNT : 0
rocksdb.block.checksum.compute.count COUNT : 3901605
rocksdb.block.checksum.mismatch.count COUNT : 0
rocksdb.multiget.coroutine.count COUNT : 0
rocksdb.read.async.micros COUNT : 0
rocksdb.async.read.error.count COUNT : 0
rocksdb.table.open.prefetch.tail.miss COUNT : 0
rocksdb.table.open.prefetch.tail.hit COUNT : 0
rocksdb.timestamp.filter.table.checked COUNT : 0
rocksdb.timestamp.filter.table.filtered COUNT : 0
rocksdb.readahead.trimmed COUNT : 0
rocksdb.fifo.max.size.compactions COUNT : 0
rocksdb.fifo.ttl.compactions COUNT : 0
rocksdb.fifo.change_temperature.compactions COUNT : 0
rocksdb.prefetch.bytes COUNT : 0
rocksdb.prefetch.bytes.useful COUNT : 0
rocksdb.prefetch.hits COUNT : 0
rocksdb.footer.corruption.count COUNT : 0
rocksdb.file.read.corruption.retry.count COUNT : 0
rocksdb.file.read.corruption.retry.success.count COUNT : 0
rocksdb.number.wbwi.ingest COUNT : 0
rocksdb.sst.user.defined.index.load.fail.count COUNT : 0
rocksdb.multiscan.prepare.calls COUNT : 0
rocksdb.multiscan.prepare.errors COUNT : 0
rocksdb.multiscan.blocks.prefetched COUNT : 0
rocksdb.multiscan.blocks.from.cache COUNT : 0
rocksdb.multiscan.prefetch.bytes COUNT : 0
rocksdb.multiscan.prefetch.blocks.wasted COUNT : 0
rocksdb.multiscan.io.requests COUNT : 0
rocksdb.multiscan.io.coalesced.nonadjacent COUNT : 0
rocksdb.multiscan.seek.errors COUNT : 0
rocksdb.prefetch.memory.bytes.granted COUNT : 0
rocksdb.prefetch.memory.bytes.released COUNT : 0
rocksdb.prefetch.memory.requests.blocked COUNT : 0
rocksdb.read.path.range.tombstones.inserted COUNT : 0
rocksdb.read.path.range.tombstones.discarded COUNT : 0
rocksdb.file.open.metadata.retrieved COUNT : 0
rocksdb.file.open.metadata.passed COUNT : 0
rocksdb.manifest.validation.failure.count COUNT : 0
rocksdb.db.get.micros P50 : 27.411390 P95 : 1494.786030 P99 : 2710.135617 P100 : 729928.000000 COUNT : 400000 SUM : 129920581
rocksdb.db.write.micros P50 : 5.318808 P95 : 50.036635 P99 : 2322.173905 P100 : 915063.000000 COUNT : 5000000 SUM : 652092552
rocksdb.compaction.times.micros P50 : 20000000.000000 P95 : 36313757.000000 P99 : 36313757.000000 P100 : 36313757.000000 COUNT : 9 SUM : 175330283
rocksdb.compaction.times.cpu_micros P50 : 4666666.666667 P95 : 7223939.000000 P99 : 7223939.000000 P100 : 7223939.000000 COUNT : 9 SUM : 37528531
rocksdb.subcompaction.setup.times.micros P50 : 0.000000 P95 : 0.000000 P99 : 0.000000 P100 : 0.000000 COUNT : 0 SUM : 0
rocksdb.table.sync.micros P50 : 341228.070175 P95 : 947908.000000 P99 : 947908.000000 P100 : 947908.000000 COUNT : 80 SUM : 38615916
rocksdb.compaction.outfile.sync.micros P50 : 730675.675676 P95 : 1313750.000000 P99 : 1345595.000000 P100 : 1345595.000000 COUNT : 67 SUM : 46233808
rocksdb.wal.file.sync.micros P50 : 0.000000 P95 : 0.000000 P99 : 0.000000 P100 : 0.000000 COUNT : 0 SUM : 0
rocksdb.manifest.file.sync.micros P50 : 5585.937500 P95 : 16571.428571 P99 : 17303.000000 P100 : 17303.000000 COUNT : 95 SUM : 577489
rocksdb.table.open.io.micros P50 : 722.211538 P95 : 4604.285714 P99 : 6452.285714 P100 : 9471.000000 COUNT : 147 SUM : 152239
rocksdb.db.multiget.micros P50 : 0.000000 P95 : 0.000000 P99 : 0.000000 P100 : 0.000000 COUNT : 0 SUM : 0
rocksdb.read.block.compaction.micros P50 : 3.259555 P95 : 8.787679 P99 : 1370.977369 P100 : 328566.000000 COUNT : 2656328 SUM : 100954118
rocksdb.read.block.get.micros P50 : 5.400543 P95 : 897.923787 P99 : 1629.628123 P100 : 329119.000000 COUNT : 1245130 SUM : 124543914
rocksdb.write.raw.block.micros P50 : 0.538790 P95 : 1.395898 P99 : 2.700310 P100 : 25016.000000 COUNT : 3070454 SUM : 8395148
rocksdb.numfiles.in.singlecompaction P50 : 12.500000 P95 : 23.000000 P99 : 23.000000 P100 : 23.000000 COUNT : 11 SUM : 141
rocksdb.db.seek.micros P50 : 0.000000 P95 : 0.000000 P99 : 0.000000 P100 : 0.000000 COUNT : 0 SUM : 0
rocksdb.db.write.stall P50 : 2082.997275 P95 : 2827.446866 P99 : 2893.620163 P100 : 906765.000000 COUNT : 60714 SUM : 127154218
rocksdb.sst.read.micros P50 : 0.857197 P95 : 5.289985 P99 : 1464.767847 P100 : 329103.000000 COUNT : 3901899 SUM : 211494212
rocksdb.file.read.flush.micros P50 : 4.285714 P95 : 63.500000 P99 : 126.000000 P100 : 1623.000000 COUNT : 320 SUM : 6840
rocksdb.file.read.compaction.micros P50 : 0.715437 P95 : 4.729380 P99 : 1354.854396 P100 : 328540.000000 COUNT : 2656596 SUM : 93193330
rocksdb.file.read.db.open.micros P50 : 0.000000 P95 : 0.000000 P99 : 0.000000 P100 : 0.000000 COUNT : 0 SUM : 0
rocksdb.file.read.get.micros P50 : 0.000000 P95 : 0.000000 P99 : 0.000000 P100 : 0.000000 COUNT : 0 SUM : 0
rocksdb.file.read.multiget.micros P50 : 0.000000 P95 : 0.000000 P99 : 0.000000 P100 : 0.000000 COUNT : 0 SUM : 0
rocksdb.file.read.db.iterator.micros P50 : 0.000000 P95 : 0.000000 P99 : 0.000000 P100 : 0.000000 COUNT : 0 SUM : 0
rocksdb.file.read.verify.db.checksum.micros P50 : 0.000000 P95 : 0.000000 P99 : 0.000000 P100 : 0.000000 COUNT : 0 SUM : 0
rocksdb.file.read.verify.file.checksums.micros P50 : 0.000000 P95 : 0.000000 P99 : 0.000000 P100 : 0.000000 COUNT : 0 SUM : 0
rocksdb.sst.write.micros P50 : 0.502440 P95 : 0.954636 P99 : 0.994831 P100 : 25015.000000 COUNT : 6141055 SUM : 6854159
rocksdb.file.write.flush.micros P50 : 0.501804 P95 : 0.953427 P99 : 0.993572 P100 : 25015.000000 COUNT : 2428536 SUM : 2905734
rocksdb.file.write.compaction.micros P50 : 0.502857 P95 : 0.955429 P99 : 0.995657 P100 : 10138.000000 COUNT : 3712519 SUM : 3948425
rocksdb.file.write.db.open.micros P50 : 0.000000 P95 : 0.000000 P99 : 0.000000 P100 : 0.000000 COUNT : 0 SUM : 0
rocksdb.num.subcompactions.scheduled P50 : 0.000000 P95 : 0.000000 P99 : 0.000000 P100 : 0.000000 COUNT : 0 SUM : 0
rocksdb.bytes.per.read P50 : 1024.000000 P95 : 1024.000000 P99 : 1024.000000 P100 : 1024.000000 COUNT : 400000 SUM : 402152448
rocksdb.bytes.per.write P50 : 1087.673040 P95 : 1283.578776 P99 : 2359.707072 P100 : 4188.000000 COUNT : 4886862 SUM : 5278642344
rocksdb.bytes.per.multiget P50 : 0.000000 P95 : 0.000000 P99 : 0.000000 P100 : 0.000000 COUNT : 0 SUM : 0
rocksdb.compression.times.nanos P50 : 0.000000 P95 : 0.000000 P99 : 0.000000 P100 : 0.000000 COUNT : 0 SUM : 0
rocksdb.decompression.times.nanos P50 : 0.000000 P95 : 0.000000 P99 : 0.000000 P100 : 0.000000 COUNT : 0 SUM : 0
rocksdb.read.num.merge_operands P50 : 0.000000 P95 : 0.000000 P99 : 0.000000 P100 : 0.000000 COUNT : 0 SUM : 0
rocksdb.blobdb.key.size P50 : 0.000000 P95 : 0.000000 P99 : 0.000000 P100 : 0.000000 COUNT : 0 SUM : 0
rocksdb.blobdb.value.size P50 : 0.000000 P95 : 0.000000 P99 : 0.000000 P100 : 0.000000 COUNT : 0 SUM : 0
rocksdb.blobdb.write.micros P50 : 0.000000 P95 : 0.000000 P99 : 0.000000 P100 : 0.000000 COUNT : 0 SUM : 0
rocksdb.blobdb.get.micros P50 : 0.000000 P95 : 0.000000 P99 : 0.000000 P100 : 0.000000 COUNT : 0 SUM : 0
rocksdb.blobdb.multiget.micros P50 : 0.000000 P95 : 0.000000 P99 : 0.000000 P100 : 0.000000 COUNT : 0 SUM : 0
rocksdb.blobdb.seek.micros P50 : 0.000000 P95 : 0.000000 P99 : 0.000000 P100 : 0.000000 COUNT : 0 SUM : 0
rocksdb.blobdb.next.micros P50 : 0.000000 P95 : 0.000000 P99 : 0.000000 P100 : 0.000000 COUNT : 0 SUM : 0
rocksdb.blobdb.prev.micros P50 : 0.000000 P95 : 0.000000 P99 : 0.000000 P100 : 0.000000 COUNT : 0 SUM : 0
rocksdb.blobdb.blob.file.write.micros P50 : 0.000000 P95 : 0.000000 P99 : 0.000000 P100 : 0.000000 COUNT : 0 SUM : 0
rocksdb.blobdb.blob.file.read.micros P50 : 0.000000 P95 : 0.000000 P99 : 0.000000 P100 : 0.000000 COUNT : 0 SUM : 0
rocksdb.blobdb.blob.file.sync.micros P50 : 0.000000 P95 : 0.000000 P99 : 0.000000 P100 : 0.000000 COUNT : 0 SUM : 0
rocksdb.blobdb.compression.micros P50 : 0.000000 P95 : 0.000000 P99 : 0.000000 P100 : 0.000000 COUNT : 0 SUM : 0
rocksdb.blobdb.decompression.micros P50 : 0.000000 P95 : 0.000000 P99 : 0.000000 P100 : 0.000000 COUNT : 0 SUM : 0
rocksdb.db.flush.micros P50 : 541702.127660 P95 : 1149000.000000 P99 : 1227058.000000 P100 : 1227058.000000 COUNT : 80 SUM : 53955764
rocksdb.sst.batch.size P50 : 0.000000 P95 : 0.000000 P99 : 0.000000 P100 : 0.000000 COUNT : 0 SUM : 0
rocksdb.multiget.io.batch.size P50 : 0.000000 P95 : 0.000000 P99 : 0.000000 P100 : 0.000000 COUNT : 0 SUM : 0
rocksdb.num.index.and.filter.blocks.read.per.level P50 : 0.000000 P95 : 0.000000 P99 : 0.000000 P100 : 0.000000 COUNT : 0 SUM : 0
rocksdb.num.sst.read.per.level P50 : 0.000000 P95 : 0.000000 P99 : 0.000000 P100 : 0.000000 COUNT : 0 SUM : 0
rocksdb.num.level.read.per.multiget P50 : 0.000000 P95 : 0.000000 P99 : 0.000000 P100 : 0.000000 COUNT : 0 SUM : 0
rocksdb.error.handler.autoresume.retry.count P50 : 0.000000 P95 : 0.000000 P99 : 0.000000 P100 : 0.000000 COUNT : 0 SUM : 0
rocksdb.async.read.bytes P50 : 0.000000 P95 : 0.000000 P99 : 0.000000 P100 : 0.000000 COUNT : 0 SUM : 0
rocksdb.poll.wait.micros P50 : 0.000000 P95 : 0.000000 P99 : 0.000000 P100 : 0.000000 COUNT : 0 SUM : 0
rocksdb.compaction.prefetch.bytes P50 : 0.000000 P95 : 0.000000 P99 : 0.000000 P100 : 0.000000 COUNT : 0 SUM : 0
rocksdb.prefetched.bytes.discarded P50 : 0.000000 P95 : 0.000000 P99 : 0.000000 P100 : 0.000000 COUNT : 0 SUM : 0
rocksdb.async.prefetch.abort.micros P50 : 0.000000 P95 : 0.000000 P99 : 0.000000 P100 : 0.000000 COUNT : 0 SUM : 0
rocksdb.table.open.prefetch.tail.read.bytes P50 : 0.000000 P95 : 0.000000 P99 : 0.000000 P100 : 0.000000 COUNT : 0 SUM : 0
rocksdb.num.op.per.transaction P50 : 0.000000 P95 : 0.000000 P99 : 0.000000 P100 : 0.000000 COUNT : 0 SUM : 0
rocksdb.multiscan.op.prepare.iterators.micros P50 : 0.000000 P95 : 0.000000 P99 : 0.000000 P100 : 0.000000 COUNT : 0 SUM : 0
rocksdb.multiscan.prepare.micros P50 : 0.000000 P95 : 0.000000 P99 : 0.000000 P100 : 0.000000 COUNT : 0 SUM : 0
rocksdb.multiscan.blocks.per.prepare P50 : 0.000000 P95 : 0.000000 P99 : 0.000000 P100 : 0.000000 COUNT : 0 SUM : 0
rocksdb.block.key.distribution.cv P50 : 0.000000 P95 : 0.000000 P99 : 0.000000 P100 : 0.000000 COUNT : 0 SUM : 0

[EXPERIMENT_COMPLETED]
