RocksDB:    version 11.3.0
Date:       Tue May 26 10:30:52 2026
CPU:        2 * Intel Xeon Processor (SapphireRapids)
CPUCache:   16384 KB
2026/05/26-10:30:54  ... thread 2: (31000,31000) ops and (30966.9,30966.9) ops/second in (1.001068,1.001068) seconds
2026/05/26-10:30:54  ... thread 0: (29000,29000) ops and (28977.5,28977.5) ops/second in (1.000776,1.000776) seconds
2026/05/26-10:30:54  ... thread 3: (38000,38000) ops and (37595.5,37595.5) ops/second in (1.010758,1.010758) seconds
2026/05/26-10:30:54  ... thread 1: (31000,31000) ops and (30696.1,30696.1) ops/second in (1.009899,1.009899) seconds
2026/05/26-10:30:55  ... thread 2: (37000,68000) ops and (36778.8,33880.0) ops/second in (1.006013,2.007081) seconds
2026/05/26-10:30:55  ... thread 3: (30000,68000) ops and (29925.6,33776.3) ops/second in (1.002485,2.013243) seconds
2026/05/26-10:30:55  ... thread 1: (28000,59000) ops and (27708.7,29202.0) ops/second in (1.010512,2.020411) seconds
2026/05/26-10:30:55  ... thread 0: (32000,61000) ops and (31094.0,30050.5) ops/second in (1.029138,2.029914) seconds
2026/05/26-10:30:56  ... thread 2: (36000,104000) ops and (23492.8,29383.0) ops/second in (1.532384,3.539465) seconds
2026/05/26-10:30:56  ... thread 0: (25000,86000) ops and (16592.2,24316.9) ops/second in (1.506728,3.536642) seconds
2026/05/26-10:30:56  ... thread 3: (25000,93000) ops and (16234.7,26173.9) ops/second in (1.539916,3.553159) seconds
2026/05/26-10:30:56  ... thread 1: (33000,92000) ops and (21356.1,25801.9) ops/second in (1.545224,3.565635) seconds
2026/05/26-10:30:57  ... thread 1: (11000,103000) ops and (9239.6,21656.1) ops/second in (1.190524,4.756159) seconds
2026/05/26-10:30:57  ... thread 0: (17000,103000) ops and (13897.1,21639.0) ops/second in (1.223276,4.759918) seconds
2026/05/26-10:30:57  ... thread 3: (22000,115000) ops and (17964.8,24069.8) ops/second in (1.224618,4.777777) seconds
2026/05/26-10:30:57  ... thread 2: (13000,117000) ops and (10470.4,24471.6) ops/second in (1.241592,4.781057) seconds
2026/05/26-10:30:58  ... thread 2: (36000,153000) ops and (35034.9,26340.2) ops/second in (1.027548,5.808605) seconds
2026/05/26-10:30:58  ... thread 3: (31000,146000) ops and (29972.3,25120.2) ops/second in (1.034287,5.812064) seconds
2026/05/26-10:30:58  ... thread 0: (27000,130000) ops and (25662.7,22367.4) ops/second in (1.052111,5.812029) seconds
2026/05/26-10:30:58  ... thread 1: (29000,132000) ops and (27379.6,22698.6) ops/second in (1.059182,5.815341) seconds
2026/05/26-10:31:00  ... thread 0: (18000,148000) ops and (15512.1,21226.5) ops/second in (1.160385,6.972414) seconds
2026/05/26-10:31:00  ... thread 3: (16000,162000) ops and (13704.3,23210.5) ops/second in (1.167521,6.979585) seconds
2026/05/26-10:31:00  ... thread 2: (14000,167000) ops and (11907.1,23910.5) ops/second in (1.175770,6.984375) seconds
2026/05/26-10:31:00  ... thread 1: (15000,147000) ops and (12771.6,21030.6) ops/second in (1.174484,6.989825) seconds
2026/05/26-10:31:01  ... thread 0: (18000,166000) ops and (15390.1,20388.1) ops/second in (1.169586,8.142000) seconds
2026/05/26-10:31:01  ... thread 3: (15000,177000) ops and (12838.0,21723.1) ops/second in (1.168407,8.147992) seconds
2026/05/26-10:31:01  ... thread 1: (16000,163000) ops and (13636.5,19967.8) ops/second in (1.173323,8.163148) seconds
2026/05/26-10:31:01  ... thread 2: (14000,181000) ops and (11671.4,22116.6) ops/second in (1.199514,8.183889) seconds
2026/05/26-10:31:02  ... thread 3: (17000,194000) ops and (14142.8,20748.6) ops/second in (1.202025,9.350017) seconds
2026/05/26-10:31:02  ... thread 1: (15000,178000) ops and (12617.1,19033.3) ops/second in (1.188866,9.352014) seconds
2026/05/26-10:31:02  ... thread 0: (18000,184000) ops and (14796.3,19661.2) ops/second in (1.216524,9.358524) seconds
2026/05/26-10:31:02  ... thread 2: (11000,192000) ops and (9261.5,20487.4) ops/second in (1.187708,9.371597) seconds
2026/05/26-10:31:03  ... thread 3: (18000,212000) ops and (17907.3,20472.8) ops/second in (1.005175,10.355192) seconds
2026/05/26-10:31:03  ... thread 1: (20000,198000) ops and (19909.8,19118.3) ops/second in (1.004531,10.356545) seconds
2026/05/26-10:31:03  ... thread 0: (20000,204000) ops and (19848.0,19679.4) ops/second in (1.007658,10.366182) seconds
2026/05/26-10:31:03  ... thread 2: (20000,212000) ops and (19785.2,20419.1) ops/second in (1.010856,10.382453) seconds
2026/05/26-10:31:04  ... thread 3: (11000,223000) ops and (9467.5,19362.6) ops/second in (1.161864,11.517056) seconds
2026/05/26-10:31:04  ... thread 2: (13000,225000) ops and (11401.3,19526.7) ops/second in (1.140224,11.522677) seconds
2026/05/26-10:31:04  ... thread 0: (11000,215000) ops and (9374.9,18631.6) ops/second in (1.173351,11.539533) seconds
2026/05/26-10:31:04  ... thread 1: (12000,210000) ops and (10116.5,18193.3) ops/second in (1.186176,11.542721) seconds
2026/05/26-10:31:05  ... thread 2: (15000,240000) ops and (13442.4,18989.5) ops/second in (1.115876,12.638553) seconds
2026/05/26-10:31:05  ... thread 0: (16000,231000) ops and (14579.9,18279.8) ops/second in (1.097401,12.636934) seconds
2026/05/26-10:31:05  ... thread 3: (18000,241000) ops and (15989.5,19062.2) ops/second in (1.125741,12.642797) seconds
2026/05/26-10:31:05  ... thread 1: (13000,223000) ops and (11836.7,17641.0) ops/second in (1.098282,12.641003) seconds
2026/05/26-10:31:06  ... thread 2: (17000,257000) ops and (13911.3,18541.8) ops/second in (1.222030,13.860583) seconds
2026/05/26-10:31:06  ... thread 1: (15000,238000) ops and (12199.5,17158.6) ops/second in (1.229560,13.870563) seconds
2026/05/26-10:31:06  ... thread 3: (16000,257000) ops and (12838.6,18503.8) ops/second in (1.246243,13.889040) seconds
2026/05/26-10:31:06  ... thread 0: (15000,246000) ops and (11852.0,17694.6) ops/second in (1.265606,13.902540) seconds
2026/05/26-10:31:08  ... thread 0: (15000,261000) ops and (12778.9,17311.9) ops/second in (1.173806,15.076346) seconds
2026/05/26-10:31:08  ... thread 3: (15000,272000) ops and (12554.5,18032.6) ops/second in (1.194788,15.083828) seconds
2026/05/26-10:31:08  ... thread 2: (16000,273000) ops and (13017.9,18091.9) ops/second in (1.229078,15.089661) seconds
2026/05/26-10:31:08  ... thread 1: (16000,254000) ops and (12996.6,16819.3) ops/second in (1.231091,15.101654) seconds
2026/05/26-10:31:09  ... thread 2: (15000,288000) ops and (12235.7,17651.8) ops/second in (1.225923,16.315584) seconds
2026/05/26-10:31:09  ... thread 0: (13000,274000) ops and (10489.5,16793.7) ops/second in (1.239333,16.315679) seconds
2026/05/26-10:31:09  ... thread 1: (17000,271000) ops and (13857.2,16596.8) ops/second in (1.226803,16.328457) seconds
2026/05/26-10:31:09  ... thread 3: (16000,288000) ops and (12709.1,17622.5) ops/second in (1.258943,16.342771) seconds
2026/05/26-10:31:10  ... thread 3: (32000,320000) ops and (20580.7,17879.5) ops/second in (1.554853,17.897624) seconds
2026/05/26-10:31:10  ... thread 1: (31000,302000) ops and (19693.8,16869.1) ops/second in (1.574101,17.902558) seconds
2026/05/26-10:31:10  ... thread 2: (34000,322000) ops and (21333.1,17979.4) ops/second in (1.593766,17.909350) seconds
2026/05/26-10:31:10  ... thread 0: (28000,302000) ops and (17517.0,16858.2) ops/second in (1.598450,17.914129) seconds
2026/05/26-10:31:12  ... thread 2: (17000,339000) ops and (14546.7,17769.2) ops/second in (1.168653,19.078003) seconds
2026/05/26-10:31:12  ... thread 3: (16000,336000) ops and (13522.4,17609.3) ops/second in (1.183226,19.080850) seconds
2026/05/26-10:31:12  ... thread 0: (16000,318000) ops and (13486.1,16648.7) ops/second in (1.186408,19.100537) seconds
2026/05/26-10:31:12  ... thread 1: (15000,317000) ops and (12497.7,16594.4) ops/second in (1.200218,19.102776) seconds
2026/05/26-10:31:14  ... thread 3: (30000,366000) ops and (15362.2,17400.6) ops/second in (1.952850,21.033700) seconds
2026/05/26-10:31:14  ... thread 0: (31000,349000) ops and (15830.4,16572.6) ops/second in (1.958258,21.058795) seconds
2026/05/26-10:31:14  ... thread 1: (32000,349000) ops and (16288.7,16565.9) ops/second in (1.964549,21.067325) seconds
2026/05/26-10:31:14  ... thread 2: (31000,370000) ops and (15488.5,17552.6) ops/second in (2.001484,21.079487) seconds
2026/05/26-10:31:15  ... thread 1: (14000,363000) ops and (12738.2,16376.2) ops/second in (1.099056,22.166381) seconds
2026/05/26-10:31:15  ... thread 0: (18000,367000) ops and (16183.1,16553.1) ops/second in (1.112269,22.171064) seconds
2026/05/26-10:31:15  ... thread 2: (15000,385000) ops and (13621.6,17357.4) ops/second in (1.101191,22.180678) seconds
2026/05/26-10:31:15  ... thread 3: (14000,380000) ops and (12107.4,17124.8) ops/second in (1.156314,22.190014) seconds
2026/05/26-10:31:16  ... thread 0: (16000,383000) ops and (14867.3,16475.1) ops/second in (1.076185,23.247249) seconds
2026/05/26-10:31:16  ... thread 2: (14000,399000) ops and (13010.9,17156.3) ops/second in (1.076018,23.256696) seconds
2026/05/26-10:31:16  ... thread 1: (18000,381000) ops and (16502.0,16382.1) ops/second in (1.090774,23.257155) seconds
2026/05/26-10:31:16  ... thread 3: (16000,396000) ops and (14788.7,17016.2) ops/second in (1.081906,23.271920) seconds
2026/05/26-10:31:17  ... thread 0: (16000,399000) ops and (14453.3,16383.2) ops/second in (1.107010,24.354259) seconds
2026/05/26-10:31:17  ... thread 3: (13000,409000) ops and (11886.1,16785.9) ops/second in (1.093710,24.365630) seconds
2026/05/26-10:31:17  ... thread 2: (16000,415000) ops and (14262.9,17023.2) ops/second in (1.121790,24.378486) seconds
2026/05/26-10:31:17  ... thread 1: (16000,397000) ops and (14148.6,16278.5) ops/second in (1.130856,24.388011) seconds
2026/05/26-10:31:18  ... thread 0: (14000,413000) ops and (13156.7,16248.1) ops/second in (1.064100,25.418359) seconds
2026/05/26-10:31:18  ... thread 2: (15000,430000) ops and (14268.6,16909.3) ops/second in (1.051261,25.429747) seconds
2026/05/26-10:31:18  ... thread 3: (20000,429000) ops and (18876.5,16873.1) ops/second in (1.059516,25.425146) seconds
2026/05/26-10:31:18  ... thread 1: (13000,410000) ops and (12563.2,16127.3) ops/second in (1.034769,25.422780) seconds
2026/05/26-10:31:20  ... thread 3: (13000,442000) ops and (8398.1,16386.7) ops/second in (1.547965,26.973111) seconds
2026/05/26-10:31:20  ... thread 2: (17000,447000) ops and (10970.5,16568.2) ops/second in (1.549617,26.979364) seconds
2026/05/26-10:31:20  ... thread 1: (16000,426000) ops and (10271.4,15789.2) ops/second in (1.557724,26.980504) seconds
2026/05/26-10:31:20  ... thread 0: (17000,430000) ops and (10889.0,15938.0) ops/second in (1.561205,26.979564) seconds
2026/05/26-10:31:21  ... thread 0: (32000,462000) ops and (31949.8,16511.1) ops/second in (1.001571,27.981135) seconds
2026/05/26-10:31:21  ... thread 3: (31000,473000) ops and (30575.2,16900.7) ops/second in (1.013894,27.987005) seconds
2026/05/26-10:31:21  ... thread 2: (25000,472000) ops and (24645.2,16860.9) ops/second in (1.014396,27.993760) seconds
2026/05/26-10:31:21  ... thread 1: (25000,451000) ops and (24182.1,16098.9) ops/second in (1.033824,28.014328) seconds
2026/05/26-10:31:22  ... thread 2: (30000,502000) ops and (17504.7,16898.0) ops/second in (1.713827,29.707587) seconds
2026/05/26-10:31:22  ... thread 0: (37000,499000) ops and (21333.5,16792.6) ops/second in (1.734363,29.715498) seconds
2026/05/26-10:31:22  ... thread 1: (34000,485000) ops and (19936.0,16319.1) ops/second in (1.705459,29.719787) seconds
2026/05/26-10:31:22  ... thread 3: (34000,507000) ops and (19483.0,17052.3) ops/second in (1.745113,29.732118) seconds
2026/05/26-10:31:24  ... thread 3: (27000,534000) ops and (14661.1,16912.8) ops/second in (1.841606,31.573724) seconds
2026/05/26-10:31:24  ... thread 0: (32000,531000) ops and (17063.1,16808.6) ops/second in (1.875387,31.590885) seconds
2026/05/26-10:31:24  ... thread 1: (31000,516000) ops and (16519.5,16331.0) ops/second in (1.876575,31.596362) seconds
2026/05/26-10:31:24  ... thread 2: (35000,537000) ops and (18279.3,16981.7) ops/second in (1.914730,31.622317) seconds
2026/05/26-10:31:25  ... thread 3: (34000,568000) ops and (33545.8,17430.1) ops/second in (1.013541,32.587265) seconds
2026/05/26-10:31:25  ... thread 0: (28000,559000) ops and (27672.3,17145.8) ops/second in (1.011842,32.602727) seconds
2026/05/26-10:31:26  ... thread 2: (27000,564000) ops and (14630.3,16852.0) ops/second in (1.845479,33.467796) seconds
2026/05/26-10:31:26  ... thread 1: (31000,547000) ops and (16484.1,16339.6) ops/second in (1.880604,33.476966) seconds
2026/05/26-10:31:26  ... thread 3: (7000,575000) ops and (6979.7,17118.1) ops/second in (1.002915,33.590180) seconds
2026/05/26-10:31:26  ... thread 0: (6000,565000) ops and (5940.8,16809.1) ops/second in (1.009969,33.612696) seconds
2026/05/26-10:31:27  ... thread 1: (26000,573000) ops and (25167.0,16603.9) ops/second in (1.033100,34.510066) seconds
2026/05/26-10:31:27  ... thread 2: (39000,603000) ops and (36981.1,17466.9) ops/second in (1.054592,34.522388) seconds
2026/05/26-10:31:27  ... thread 0: (24000,589000) ops and (21001.1,16947.0) ops/second in (1.142795,34.755491) seconds
2026/05/26-10:31:27  ... thread 3: (30000,605000) ops and (25145.9,17393.4) ops/second in (1.193037,34.783217) seconds
2026/05/26-10:31:28  ... thread 2: (15000,618000) ops and (14490.6,17380.3) ops/second in (1.035155,35.557543) seconds
2026/05/26-10:31:28  ... thread 1: (16000,589000) ops and (14857.3,16551.0) ops/second in (1.076912,35.586978) seconds
2026/05/26-10:31:28  ... thread 3: (23000,628000) ops and (22953.9,17549.1) ops/second in (1.002007,35.785224) seconds
2026/05/26-10:31:28  ... thread 0: (22000,611000) ops and (21220.8,17070.8) ops/second in (1.036718,35.792209) seconds
2026/05/26-10:31:29  ... thread 2: (33000,651000) ops and (32801.3,17804.6) ops/second in (1.006058,36.563601) seconds
2026/05/26-10:31:29  ... thread 1: (34000,623000) ops and (32733.8,17009.9) ops/second in (1.038681,36.625659) seconds
2026/05/26-10:31:29  ... thread 3: (36000,664000) ops and (35965.1,18050.2) ops/second in (1.000971,36.786195) seconds
2026/05/26-10:31:29  ... thread 0: (37000,648000) ops and (36650.5,17607.9) ops/second in (1.009535,36.801744) seconds
2026/05/26-10:31:30  ... thread 2: (24000,675000) ops and (23906.0,17967.6) ops/second in (1.003933,37.567534) seconds
2026/05/26-10:31:30  ... thread 1: (20000,643000) ops and (19873.7,17086.5) ops/second in (1.006355,37.632014) seconds
2026/05/26-10:31:30  ... thread 3: (17000,681000) ops and (16043.1,17994.1) ops/second in (1.059648,37.845843) seconds
2026/05/26-10:31:30  ... thread 0: (18000,666000) ops and (17244.0,17597.8) ops/second in (1.043841,37.845585) seconds
2026/05/26-10:31:31  ... thread 2: (26000,701000) ops and (25326.6,18163.4) ops/second in (1.026587,38.594121) seconds
2026/05/26-10:31:31  ... thread 1: (29000,672000) ops and (28705.1,17390.3) ops/second in (1.010273,38.642287) seconds
2026/05/26-10:31:31  ... thread 0: (33000,699000) ops and (29900.4,17946.4) ops/second in (1.103664,38.949249) seconds
2026/05/26-10:31:32  ... thread 3: (34000,715000) ops and (30476.2,18351.5) ops/second in (1.115625,38.961468) seconds
2026/05/26-10:31:32  ... thread 2: (29000,730000) ops and (28719.8,18432.5) ops/second in (1.009756,39.603877) seconds
2026/05/26-10:31:32  ... thread 1: (30000,702000) ops and (29859.8,17706.3) ops/second in (1.004694,39.646981) seconds
2026/05/26-10:31:33  ... thread 3: (32000,747000) ops and (30000.6,18661.9) ops/second in (1.066647,40.028115) seconds
2026/05/26-10:31:33  ... thread 0: (29000,728000) ops and (26771.8,18185.2) ops/second in (1.083231,40.032480) seconds
2026/05/26-10:31:33  ... thread 2: (35000,765000) ops and (34479.4,18833.6) ops/second in (1.015099,40.618976) seconds
2026/05/26-10:31:33  ... thread 1: (29000,731000) ops and (28306.5,17973.3) ops/second in (1.024499,40.671480) seconds
2026/05/26-10:31:34  ... thread 0: (28000,756000) ops and (27996.5,18424.4) ops/second in (1.000125,41.032605) seconds
2026/05/26-10:31:34  ... thread 3: (29000,776000) ops and (27328.2,18885.7) ops/second in (1.061175,41.089290) seconds
2026/05/26-10:31:34  ... thread 2: (31000,796000) ops and (30827.8,19123.3) ops/second in (1.005586,41.624562) seconds
2026/05/26-10:31:34  ... thread 1: (40000,771000) ops and (39981.4,18501.7) ops/second in (1.000464,41.671944) seconds
2026/05/26-10:31:35  ... thread 0: (33000,789000) ops and (32929.3,18770.2) ops/second in (1.002146,42.034751) seconds
2026/05/26-10:31:35  ... thread 3: (36000,812000) ops and (35135.8,19281.1) ops/second in (1.024595,42.113885) seconds
2026/05/26-10:31:35  ... thread 2: (34000,830000) ops and (33738.8,19468.8) ops/second in (1.007743,42.632305) seconds
2026/05/26-10:31:35  ... thread 1: (37000,808000) ops and (36609.5,18930.4) ops/second in (1.010666,42.682610) seconds
2026/05/26-10:31:36  ... thread 0: (36000,825000) ops and (35618.3,19165.8) ops/second in (1.010715,43.045466) seconds
2026/05/26-10:31:36  ... thread 3: (37000,849000) ops and (36561.3,19686.6) ops/second in (1.012000,43.125885) seconds
2026/05/26-10:31:36  ... thread 2: (37000,867000) ops and (36726.0,19867.2) ops/second in (1.007462,43.639767) seconds
2026/05/26-10:31:36  ... thread 1: (35000,843000) ops and (30720.5,19237.0) ops/second in (1.139304,43.821914) seconds
2026/05/26-10:31:37  ... thread 0: (29000,854000) ops and (28713.4,19384.7) ops/second in (1.009980,44.055446) seconds
2026/05/26-10:31:37  ... thread 3: (34000,883000) ops and (33033.9,19997.7) ops/second in (1.029245,44.155130) seconds
2026/05/26-10:31:37  ... thread 1: (32000,875000) ops and (31884.0,19520.1) ops/second in (1.003638,44.825552) seconds
2026/05/26-10:31:37  ... thread 2: (33000,900000) ops and (27595.9,20073.3) ops/second in (1.195830,44.835597) seconds
2026/05/26-10:31:38  ... thread 0: (32000,886000) ops and (31979.2,19664.4) ops/second in (1.000649,45.056095) seconds
2026/05/26-10:31:38  ... thread 3: (33000,916000) ops and (27674.1,20199.5) ops/second in (1.192449,45.347579) seconds
2026/05/26-10:31:38  ... thread 1: (34000,909000) ops and (33767.8,19833.1) ops/second in (1.006875,45.832427) seconds
2026/05/26-10:31:38  ... thread 2: (32000,932000) ops and (31695.7,20329.3) ops/second in (1.009600,45.845197) seconds
2026/05/26-10:31:39  ... thread 0: (32000,918000) ops and (31279.3,19922.2) ops/second in (1.023042,46.079137) seconds
2026/05/26-10:31:39  ... thread 3: (35000,951000) ops and (34975.4,20518.6) ops/second in (1.000703,46.348282) seconds
2026/05/26-10:31:39  ... thread 2: (30000,962000) ops and (29955.6,20535.1) ops/second in (1.001481,46.846678) seconds
2026/05/26-10:31:39  ... thread 1: (31000,940000) ops and (30581.4,20065.7) ops/second in (1.013689,46.846116) seconds
2026/05/26-10:31:40  ... thread 0: (35000,953000) ops and (34533.0,20236.7) ops/second in (1.013524,47.092661) seconds
2026/05/26-10:31:40  ... thread 3: (30000,981000) ops and (29890.8,20717.2) ops/second in (1.003652,47.351934) seconds
2026/05/26-10:31:40  ... thread 1: (28000,968000) ops and (27929.9,20230.5) ops/second in (1.002509,47.848625) seconds
2026/05/26-10:31:40  ... thread 2: (29000,991000) ops and (28650.4,20706.7) ops/second in (1.012203,47.858881) seconds
2026/05/26-10:31:41  ... thread 0: (33000,986000) ops and (26227.2,20392.6) ops/second in (1.258236,48.350897) seconds
2026/05/26-10:31:41  ... thread 3: (32000,1013000) ops and (31460.6,20943.1) ops/second in (1.017146,48.369080) seconds
2026/05/26-10:31:41  ... thread 1: (32000,1000000) ops and (31914.0,20470.3) ops/second in (1.002696,48.851321) seconds
2026/05/26-10:31:41  ... thread 2: (33000,1024000) ops and (32646.7,20953.7) ops/second in (1.010822,48.869703) seconds
2026/05/26-10:31:42  ... thread 0: (34000,1020000) ops and (33464.1,20661.6) ops/second in (1.016013,49.366910) seconds
2026/05/26-10:31:42  ... thread 3: (31000,1044000) ops and (30625.1,21141.6) ops/second in (1.012241,49.381321) seconds
2026/05/26-10:31:42  ... thread 1: (27000,1027000) ops and (26963.3,20600.7) ops/second in (1.001361,49.852682) seconds
2026/05/26-10:31:42  ... thread 2: (30000,1054000) ops and (29810.1,21132.4) ops/second in (1.006370,49.876073) seconds
2026/05/26-10:31:43  ... thread 0: (29000,1049000) ops and (22090.2,20698.6) ops/second in (1.312797,50.679707) seconds
2026/05/26-10:31:43  ... thread 3: (28000,1072000) ops and (20306.7,21118.9) ops/second in (1.378854,50.760175) seconds
2026/05/26-10:31:44  ... thread 2: (17000,1071000) ops and (13306.9,20936.9) ops/second in (1.277536,51.153609) seconds
2026/05/26-10:31:44  ... thread 1: (17000,1044000) ops and (10755.9,20298.2) ops/second in (1.580533,51.433215) seconds
2026/05/26-10:31:44  ... thread 3: (1000,1073000) ops and (975.3,20720.1) ops/second in (1.025275,51.785450) seconds
2026/05/26-10:31:45  ... thread 2: (2000,1073000) ops and (1998.4,20573.5) ops/second in (1.000777,52.154386) seconds
2026/05/26-10:31:45  ... thread 0: (3000,1052000) ops and (1885.7,20126.0) ops/second in (1.590957,52.270664) seconds
2026/05/26-10:31:45  ... thread 1: (2000,1046000) ops and (1499.3,19822.9) ops/second in (1.333983,52.767198) seconds
2026/05/26-10:31:45  ... thread 3: (2000,1075000) ops and (1893.0,20343.7) ops/second in (1.056502,52.841952) seconds
2026/05/26-10:31:46  ... thread 0: (2000,1054000) ops and (1618.3,19698.5) ops/second in (1.235899,53.506563) seconds
2026/05/26-10:31:46  ... thread 2: (2000,1075000) ops and (1398.8,20061.9) ops/second in (1.429807,53.584193) seconds
2026/05/26-10:31:47  ... thread 1: (2000,1048000) ops and (1680.7,19422.8) ops/second in (1.189946,53.957144) seconds
2026/05/26-10:31:47  ... thread 0: (2000,1056000) ops and (1635.6,19294.9) ops/second in (1.222827,54.729390) seconds
2026/05/26-10:31:47  ... thread 3: (2000,1077000) ops and (1046.2,19669.9) ops/second in (1.911742,54.753694) seconds
2026/05/26-10:31:48  ... thread 1: (3000,1051000) ops and (2743.3,19091.5) ops/second in (1.093568,55.050712) seconds
2026/05/26-10:31:48  ... thread 2: (3000,1078000) ops and (1992.1,19567.9) ops/second in (1.505961,55.090154) seconds
2026/05/26-10:31:49  ... thread 1: (3000,1054000) ops and (2716.0,18769.4) ops/second in (1.104564,56.155276) seconds
2026/05/26-10:31:49  ... thread 0: (1000,1057000) ops and (635.1,18773.1) ops/second in (1.574623,56.304013) seconds
2026/05/26-10:31:49  ... thread 2: (2000,1080000) ops and (1359.5,19094.3) ops/second in (1.471149,56.561303) seconds
2026/05/26-10:31:49  ... thread 3: (2000,1079000) ops and (1043.1,19039.7) ops/second in (1.917433,56.671127) seconds
2026/05/26-10:31:50  ... thread 1: (2000,1056000) ops and (1635.6,18404.2) ops/second in (1.222799,57.378075) seconds
2026/05/26-10:31:50  ... thread 3: (2000,1081000) ops and (1971.2,18739.5) ops/second in (1.014596,57.685723) seconds
2026/05/26-10:31:50  ... thread 2: (2000,1082000) ops and (1597.3,18715.4) ops/second in (1.252145,57.813448) seconds
2026/05/26-10:31:51  ... thread 0: (3000,1060000) ops and (1790.0,18282.2) ops/second in (1.675987,57.980000) seconds
2026/05/26-10:31:51  ... thread 1: (2000,1058000) ops and (1548.1,18033.1) ops/second in (1.291936,58.670011) seconds
2026/05/26-10:31:51  ... thread 2: (2000,1084000) ops and (1956.7,18424.2) ops/second in (1.022120,58.835568) seconds
2026/05/26-10:31:52  ... thread 0: (2000,1062000) ops and (1746.7,17961.9) ops/second in (1.145028,59.125028) seconds
2026/05/26-10:31:52  ... thread 3: (2000,1083000) ops and (1200.6,18247.2) ops/second in (1.665768,59.351491) seconds
2026/05/26-10:31:53  ... thread 2: (2000,1086000) ops and (1466.6,18040.1) ops/second in (1.363739,60.199307) seconds
2026/05/26-10:31:53  ... thread 0: (3000,1065000) ops and (2080.1,17583.7) ops/second in (1.442263,60.567291) seconds
2026/05/26-10:31:53  ... thread 3: (2000,1085000) ops and (1614.8,17907.2) ops/second in (1.238550,60.590041) seconds
2026/05/26-10:31:53  ... thread 1: (2000,1060000) ops and (1024.8,17485.5) ops/second in (1.951687,60.621698) seconds
2026/05/26-10:31:54  ... thread 0: (1000,1066000) ops and (857.5,17267.8) ops/second in (1.166214,61.733505) seconds
2026/05/26-10:31:55  ... thread 2: (2000,1088000) ops and (1100.6,17543.7) ops/second in (1.817242,62.016549) seconds
2026/05/26-10:31:55  ... thread 1: (2000,1062000) ops and (1094.1,17005.7) ops/second in (1.827952,62.449650) seconds
2026/05/26-10:31:56  ... thread 0: (1000,1067000) ops and (759.8,16923.2) ops/second in (1.316164,63.049669) seconds
2026/05/26-10:31:56  ... thread 2: (3000,1091000) ops and (2421.8,17247.6) ops/second in (1.238723,63.255272) seconds
2026/05/26-10:31:56  ... thread 3: (2000,1087000) ops and (722.4,17156.3) ops/second in (2.768615,63.358656) seconds
2026/05/26-10:31:57  ... thread 1: (1000,1063000) ops and (654.0,16614.9) ops/second in (1.529123,63.978773) seconds
2026/05/26-10:31:57  ... thread 2: (1000,1092000) ops and (834.7,16942.5) ops/second in (1.198094,64.453366) seconds
2026/05/26-10:31:57  ... thread 0: (1000,1068000) ops and (650.0,16535.6) ops/second in (1.538388,64.588057) seconds
2026/05/26-10:31:57  ... thread 3: (2000,1089000) ops and (1395.9,16807.8) ops/second in (1.432818,64.791474) seconds
2026/05/26-10:31:58  ... thread 1: (1000,1064000) ops and (904.8,16348.1) ops/second in (1.105229,65.084002) seconds
2026/05/26-10:31:59  ... thread 2: (2000,1094000) ops and (1321.6,16584.1) ops/second in (1.513278,65.966644) seconds
2026/05/26-10:31:59  ... thread 3: (2000,1091000) ops and (1192.6,16413.8) ops/second in (1.677028,66.468502) seconds
2026/05/26-10:31:59  ... thread 1: (1000,1065000) ops and (689.4,16006.7) ops/second in (1.450572,66.534574) seconds
2026/05/26-10:32:00  ... thread 2: (2000,1096000) ops and (1764.9,16333.9) ops/second in (1.133226,67.099870) seconds
2026/05/26-10:32:00  ... thread 0: (2000,1070000) ops and (771.1,15927.0) ops/second in (2.593648,67.181705) seconds
2026/05/26-10:32:00  ... thread 1: (1000,1066000) ops and (882.3,15753.4) ops/second in (1.133370,67.667944) seconds
2026/05/26-10:32:01  ... thread 3: (2000,1093000) ops and (848.6,15880.8) ops/second in (2.356954,68.825456) seconds
2026/05/26-10:32:02  ... thread 1: (2000,1068000) ops and (1419.3,15461.0) ops/second in (1.409097,69.077041) seconds
2026/05/26-10:32:02  ... thread 0: (2000,1072000) ops and (1052.6,15517.9) ops/second in (1.900020,69.081725) seconds
2026/05/26-10:32:02  ... thread 2: (2000,1098000) ops and (825.4,15793.3) ops/second in (2.423168,69.523038) seconds
2026/05/26-10:32:03  ... thread 3: (1000,1094000) ops and (700.3,15572.2) ops/second in (1.428047,70.253503) seconds
2026/05/26-10:32:03  ... thread 1: (2000,1070000) ops and (1622.9,15218.5) ops/second in (1.232342,70.309383) seconds
2026/05/26-10:32:03  ... thread 2: (1000,1099000) ops and (871.4,15551.0) ops/second in (1.147575,70.670613) seconds
2026/05/26-10:32:04  ... thread 0: (2000,1074000) ops and (873.7,15048.2) ops/second in (2.289156,71.370881) seconds
2026/05/26-10:32:04  ... thread 3: (2000,1096000) ops and (1422.0,15294.5) ops/second in (1.406460,71.659963) seconds
2026/05/26-10:32:05  ... thread 2: (1000,1100000) ops and (644.6,15230.8) ops/second in (1.551340,72.221953) seconds
2026/05/26-10:32:05  ... thread 1: (2000,1072000) ops and (876.6,14767.7) ops/second in (2.281585,72.590968) seconds
2026/05/26-10:32:05  ... thread 0: (1000,1075000) ops and (792.5,14800.5) ops/second in (1.261798,72.632679) seconds
2026/05/26-10:32:05  ... thread 3: (2000,1098000) ops and (1743.3,15080.9) ops/second in (1.147221,72.807184) seconds
2026/05/26-10:32:06  ... thread 2: (2000,1102000) ops and (1310.0,14942.6) ops/second in (1.526697,73.748650) seconds
2026/05/26-10:32:06  ... thread 0: (1000,1076000) ops and (838.8,14575.0) ops/second in (1.192162,73.824841) seconds
2026/05/26-10:32:07  ... thread 1: (2000,1074000) ops and (1458.4,14520.9) ops/second in (1.371331,73.962299) seconds
2026/05/26-10:32:07  ... thread 3: (1000,1099000) ops and (739.4,14819.4) ops/second in (1.352496,74.159680) seconds
2026/05/26-10:32:08  ... thread 2: (1000,1103000) ops and (780.1,14700.7) ops/second in (1.281902,75.030552) seconds
2026/05/26-10:32:08  ... thread 0: (1000,1077000) ops and (793.5,14343.7) ops/second in (1.260203,75.085044) seconds
2026/05/26-10:32:08  ... thread 3: (1000,1100000) ops and (966.4,14628.7) ops/second in (1.034819,75.194499) seconds
2026/05/26-10:32:08  ... thread 1: (2000,1076000) ops and (1310.1,14253.8) ops/second in (1.526586,75.488885) seconds
2026/05/26-10:32:09  ... thread 2: (1000,1104000) ops and (592.2,14390.1) ops/second in (1.688610,76.719162) seconds
2026/05/26-10:32:09  ... thread 3: (1000,1101000) ops and (642.0,14344.9) ops/second in (1.557615,76.752114) seconds
2026/05/26-10:32:10  ... thread 0: (1000,1078000) ops and (470.2,13961.6) ops/second in (2.126975,77.212019) seconds
2026/05/26-10:32:10  ... thread 3: (1000,1102000) ops and (946.9,14163.0) ops/second in (1.056053,77.808167) seconds
2026/05/26-10:32:11  ... thread 1: (2000,1078000) ops and (691.1,13753.0) ops/second in (2.893984,78.382869) seconds
2026/05/26-10:32:12  ... thread 3: (1000,1103000) ops and (780.2,13946.2) ops/second in (1.281659,79.089826) seconds
2026/05/26-10:32:12  ... thread 2: (2000,1106000) ops and (836.2,13980.4) ops/second in (2.391706,79.110868) seconds
2026/05/26-10:32:12  ... thread 0: (1000,1079000) ops and (466.5,13597.0) ops/second in (2.143554,79.355573) seconds
2026/05/26-10:32:13  ... thread 1: (1000,1079000) ops and (597.1,13477.8) ops/second in (1.674883,80.057752) seconds
2026/05/26-10:32:13  ... thread 2: (1000,1107000) ops and (652.4,13727.1) ops/second in (1.532721,80.643589) seconds
2026/05/26-10:32:13  ... thread 3: (1000,1104000) ops and (606.1,13673.6) ops/second in (1.649931,80.739757) seconds
2026/05/26-10:32:14  ... thread 1: (1000,1080000) ops and (714.9,13258.6) ops/second in (1.398707,81.456459) seconds
2026/05/26-10:32:15  ... thread 0: (2000,1081000) ops and (697.6,13147.3) ops/second in (2.866896,82.222469) seconds
2026/05/26-10:32:15  ... thread 1: (1000,1081000) ops and (869.1,13086.0) ops/second in (1.150626,82.607085) seconds
2026/05/26-10:32:16  ... thread 2: (2000,1109000) ops and (777.9,13327.0) ops/second in (2.571040,83.214629) seconds
2026/05/26-10:32:16  ... thread 0: (1000,1082000) ops and (879.5,12979.9) ops/second in (1.137043,83.359512) seconds
2026/05/26-10:32:16  ... thread 3: (1000,1105000) ops and (348.3,13216.0) ops/second in (2.870945,83.610702) seconds
2026/05/26-10:32:17  ... thread 0: (1000,1083000) ops and (997.0,12837.5) ops/second in (1.002992,84.362504) seconds
2026/05/26-10:32:17  ... thread 1: (1000,1082000) ops and (504.1,12791.0) ops/second in (1.983547,84.590632) seconds
2026/05/26-10:32:18  ... thread 2: (1000,1110000) ops and (498.9,13025.3) ops/second in (2.004327,85.218956) seconds
2026/05/26-10:32:18  ... thread 3: (2000,1107000) ops and (1235.0,12988.4) ops/second in (1.619461,85.230163) seconds
2026/05/26-10:32:18  ... thread 0: (8000,1091000) ops and (7861.3,12778.1) ops/second in (1.017647,85.380151) seconds
2026/05/26-10:32:18  ... thread 1: (14000,1096000) ops and (13961.0,12804.7) ops/second in (1.002794,85.593426) seconds
2026/05/26-10:32:19  ... thread 2: (36000,1146000) ops and (35417.0,13289.2) ops/second in (1.016462,86.235418) seconds
2026/05/26-10:32:19  ... thread 3: (35000,1142000) ops and (34548.4,13241.6) ops/second in (1.013071,86.243234) seconds
2026/05/26-10:32:19  ... thread 0: (32000,1123000) ops and (27401.2,12975.5) ops/second in (1.167833,86.547984) seconds
2026/05/26-10:32:19  ... thread 1: (26000,1122000) ops and (25933.8,12956.7) ops/second in (1.002554,86.595980) seconds
2026/05/26-10:32:20  ... thread 2: (28000,1174000) ops and (27660.9,13455.9) ops/second in (1.012258,87.247676) seconds
2026/05/26-10:32:20  ... thread 3: (25000,1167000) ops and (24001.1,13370.0) ops/second in (1.041619,87.284853) seconds
2026/05/26-10:32:20  ... thread 0: (33000,1156000) ops and (29180.9,13184.5) ops/second in (1.130875,87.678859) seconds
2026/05/26-10:32:20  ... thread 1: (28000,1150000) ops and (25685.0,13115.0) ops/second in (1.090131,87.686111) seconds
2026/05/26-10:32:21  ... thread 2: (28000,1202000) ops and (27509.3,13618.0) ops/second in (1.017836,88.265512) seconds
2026/05/26-10:32:21  ... thread 3: (27000,1194000) ops and (26564.4,13521.9) ops/second in (1.016398,88.301251) seconds
2026/05/26-10:32:21  ... thread 0: (30000,1186000) ops and (26649.4,13355.2) ops/second in (1.125730,88.804589) seconds
2026/05/26-10:32:21  ... thread 1: (31000,1181000) ops and (27584.3,13298.1) ops/second in (1.123826,88.809937) seconds
2026/05/26-10:32:22  ... thread 3: (30000,1224000) ops and (27903.4,13694.9) ops/second in (1.075138,89.376389) seconds
2026/05/26-10:32:22  ... thread 2: (32000,1234000) ops and (28055.4,13802.2) ops/second in (1.140602,89.406114) seconds
2026/05/26-10:32:22  ... thread 1: (32000,1213000) ops and (28120.7,13485.6) ops/second in (1.137952,89.947889) seconds
2026/05/26-10:32:23  ... thread 0: (31000,1217000) ops and (26640.4,13527.0) ops/second in (1.163648,89.968237) seconds
Initializing RocksDB Options from the specified file
Initializing RocksDB Options from command-line flags
Integrated BlobDB: blob cache disabled
Keys:       16 bytes each (+ 0 bytes user-defined timestamp)
Values:     1024 bytes each (512 bytes after compression)
Entries:    1250000
Prefix:    0 bytes
Keys per prefix:    0
RawSize:    1239.8 MB (estimated)
FileSize:   629.4 MB (estimated)
Write rate: 0 bytes/second
Read rate: 0 ops/second
Compression: Snappy
Compression sampling rate: 0
Memtablerep: SkipListFactory
Perf Level: 1
WARNING: Assertions are enabled; benchmarks unnecessarily slow
------------------------------------------------
Initializing RocksDB Options from the specified file
Initializing RocksDB Options from command-line flags
Integrated BlobDB: blob cache disabled
DB path: [/tmp/rocksdb_comp_exp_db]
fillrandom   :      72.292 micros/op 55155 ops/sec 90.652 seconds 5000000 operations;   54.7 MB/s
2026/05/26-10:32:34  ... thread 2: (1000,1000) ops and (95.2,95.2) ops/second in (10.500696,10.500696) seconds
2026/05/26-10:32:34  ... thread 3: (1000,1000) ops and (93.7,93.7) ops/second in (10.676386,10.676386) seconds
2026/05/26-10:32:34  ... thread 1: (1000,1000) ops and (91.4,91.4) ops/second in (10.938425,10.938425) seconds
2026/05/26-10:32:34  ... thread 0: (1000,1000) ops and (90.0,90.0) ops/second in (11.105682,11.105682) seconds
2026/05/26-10:32:41  ... thread 2: (1000,2000) ops and (136.1,112.1) ops/second in (7.347224,17.847920) seconds
2026/05/26-10:32:42  ... thread 3: (1000,2000) ops and (127.1,107.8) ops/second in (7.868843,18.545229) seconds
2026/05/26-10:32:42  ... thread 0: (1000,2000) ops and (127.4,105.5) ops/second in (7.849041,18.954723) seconds
2026/05/26-10:32:42  ... thread 1: (1000,2000) ops and (123.9,105.2) ops/second in (8.068653,19.007078) seconds
2026/05/26-10:32:52  ... thread 2: (1000,3000) ops and (92.1,104.5) ops/second in (10.858981,28.706901) seconds
2026/05/26-10:32:52  ... thread 3: (1000,3000) ops and (94.8,103.1) ops/second in (10.546913,29.092142) seconds
2026/05/26-10:32:52  ... thread 0: (1000,3000) ops and (98.3,103.0) ops/second in (10.168475,29.123198) seconds
2026/05/26-10:32:53  ... thread 1: (1000,3000) ops and (92.7,100.7) ops/second in (10.782929,29.790007) seconds
2026/05/26-10:33:13  ... thread 0: (1000,4000) ops and (48.2,80.2) ops/second in (20.761229,49.884427) seconds
2026/05/26-10:33:13  ... thread 2: (1000,4000) ops and (46.8,79.9) ops/second in (21.385902,50.092803) seconds
2026/05/26-10:33:13  ... thread 3: (1000,4000) ops and (47.3,79.7) ops/second in (21.123239,50.215381) seconds
2026/05/26-10:33:14  ... thread 1: (1000,4000) ops and (47.0,78.3) ops/second in (21.271836,51.061843) seconds
2026/05/26-10:33:24  ... thread 2: (1000,5000) ops and (89.5,81.6) ops/second in (11.176365,61.269168) seconds
2026/05/26-10:33:25  ... thread 0: (1000,5000) ops and (87.5,81.5) ops/second in (11.434424,61.318851) seconds
2026/05/26-10:33:25  ... thread 3: (1000,5000) ops and (89.8,81.5) ops/second in (11.141887,61.357268) seconds
2026/05/26-10:33:25  ... thread 1: (1000,5000) ops and (93.6,81.0) ops/second in (10.678082,61.739925) seconds
2026/05/26-10:33:29  ... thread 0: (1000,6000) ops and (219.3,91.1) ops/second in (4.559050,65.877901) seconds
2026/05/26-10:33:29  ... thread 2: (1000,6000) ops and (216.9,91.1) ops/second in (4.610297,65.879465) seconds
2026/05/26-10:33:30  ... thread 3: (1000,6000) ops and (199.7,90.4) ops/second in (5.008519,66.365787) seconds
2026/05/26-10:33:30  ... thread 1: (1000,6000) ops and (207.7,90.2) ops/second in (4.813840,66.553765) seconds
2026/05/26-10:33:33  ... thread 2: (1000,7000) ops and (249.7,100.2) ops/second in (4.004975,69.884440) seconds
2026/05/26-10:33:33  ... thread 0: (1000,7000) ops and (241.4,100.0) ops/second in (4.143213,70.021114) seconds
2026/05/26-10:33:33  ... thread 3: (1000,7000) ops and (266.1,99.8) ops/second in (3.758442,70.124229) seconds
2026/05/26-10:33:33  ... thread 1: (1000,7000) ops and (271.2,99.7) ops/second in (3.686980,70.240745) seconds
2026/05/26-10:33:35  ... thread 2: (1000,8000) ops and (531.9,111.5) ops/second in (1.880148,71.764588) seconds
2026/05/26-10:33:35  ... thread 0: (1000,8000) ops and (553.7,111.4) ops/second in (1.806103,71.827217) seconds
2026/05/26-10:33:35  ... thread 3: (1000,8000) ops and (505.7,111.0) ops/second in (1.977651,72.101880) seconds
2026/05/26-10:33:35  ... thread 1: (1000,8000) ops and (498.8,110.7) ops/second in (2.004863,72.245608) seconds
2026/05/26-10:33:38  ... thread 2: (1000,9000) ops and (306.2,120.0) ops/second in (3.265665,75.030253) seconds
2026/05/26-10:33:38  ... thread 0: (1000,9000) ops and (311.7,119.9) ops/second in (3.207913,75.035130) seconds
2026/05/26-10:33:38  ... thread 3: (1000,9000) ops and (322.2,119.7) ops/second in (3.103449,75.205329) seconds
2026/05/26-10:33:39  ... thread 1: (1000,9000) ops and (316.3,119.4) ops/second in (3.161891,75.407499) seconds
2026/05/26-10:33:40  ... thread 2: (1000,10000) ops and (442.0,129.4) ops/second in (2.262199,77.292452) seconds
2026/05/26-10:33:41  ... thread 0: (1000,10000) ops and (436.8,129.3) ops/second in (2.289259,77.324389) seconds
2026/05/26-10:33:41  ... thread 3: (1000,10000) ops and (450.7,129.2) ops/second in (2.218722,77.424051) seconds
2026/05/26-10:33:41  ... thread 1: (1000,10000) ops and (458.1,128.9) ops/second in (2.182973,77.590472) seconds
2026/05/26-10:33:43  ... thread 2: (1000,11000) ops and (484.4,138.6) ops/second in (2.064230,79.356682) seconds
2026/05/26-10:33:43  ... thread 3: (1000,11000) ops and (476.6,138.3) ops/second in (2.098062,79.522113) seconds
2026/05/26-10:33:43  ... thread 0: (1000,11000) ops and (454.8,138.3) ops/second in (2.198715,79.523104) seconds
2026/05/26-10:33:43  ... thread 1: (1000,11000) ops and (495.7,138.2) ops/second in (2.017333,79.607805) seconds
2026/05/26-10:33:45  ... thread 2: (1000,12000) ops and (509.0,147.6) ops/second in (1.964454,81.321136) seconds
2026/05/26-10:33:45  ... thread 0: (1000,12000) ops and (543.3,147.5) ops/second in (1.840661,81.363765) seconds
2026/05/26-10:33:45  ... thread 3: (1000,12000) ops and (533.3,147.4) ops/second in (1.875022,81.397135) seconds
2026/05/26-10:33:45  ... thread 1: (1000,12000) ops and (410.6,146.3) ops/second in (2.435587,82.043392) seconds
2026/05/26-10:33:46  ... thread 0: (1000,13000) ops and (667.3,156.9) ops/second in (1.498688,82.862453) seconds
2026/05/26-10:33:46  ... thread 3: (1000,13000) ops and (657.7,156.8) ops/second in (1.520503,82.917638) seconds
2026/05/26-10:33:46  ... thread 2: (1000,13000) ops and (619.6,156.7) ops/second in (1.614015,82.935151) seconds
2026/05/26-10:33:46  ... thread 1: (1000,13000) ops and (994.7,156.5) ops/second in (1.005369,83.048761) seconds
2026/05/26-10:33:47  ... thread 0: (1000,14000) ops and (793.9,166.4) ops/second in (1.259536,84.121989) seconds
2026/05/26-10:33:47  ... thread 3: (1000,14000) ops and (810.6,166.4) ops/second in (1.233608,84.151246) seconds
2026/05/26-10:33:47  ... thread 2: (1000,14000) ops and (812.8,166.3) ops/second in (1.230362,84.165513) seconds
2026/05/26-10:33:48  ... thread 1: (1000,14000) ops and (789.0,166.0) ops/second in (1.267478,84.316239) seconds
2026/05/26-10:33:49  ... thread 0: (1000,15000) ops and (836.6,175.8) ops/second in (1.195349,85.317338) seconds
2026/05/26-10:33:49  ... thread 3: (1000,15000) ops and (767.2,175.5) ops/second in (1.303449,85.454695) seconds
2026/05/26-10:33:49  ... thread 2: (1000,15000) ops and (748.6,175.4) ops/second in (1.335899,85.501412) seconds
2026/05/26-10:33:49  ... thread 1: (1000,15000) ops and (758.5,175.2) ops/second in (1.318440,85.634679) seconds
2026/05/26-10:33:50  ... thread 0: (2000,17000) ops and (1462.4,196.1) ops/second in (1.367647,86.684985) seconds
2026/05/26-10:33:50  ... thread 3: (2000,17000) ops and (1566.8,196.0) ops/second in (1.276488,86.731183) seconds
2026/05/26-10:33:50  ... thread 2: (2000,17000) ops and (1593.4,196.0) ops/second in (1.255149,86.756561) seconds
2026/05/26-10:33:50  ... thread 1: (2000,17000) ops and (1767.6,195.9) ops/second in (1.131462,86.766141) seconds
2026/05/26-10:33:51  ... thread 0: (3000,20000) ops and (2945.4,228.0) ops/second in (1.018533,87.703518) seconds
2026/05/26-10:33:51  ... thread 1: (3000,20000) ops and (2982.7,227.9) ops/second in (1.005803,87.771944) seconds
2026/05/26-10:33:51  ... thread 2: (4000,21000) ops and (3301.1,238.7) ops/second in (1.211728,87.968289) seconds
2026/05/26-10:33:51  ... thread 3: (4000,21000) ops and (3169.6,238.7) ops/second in (1.261982,87.993165) seconds
2026/05/26-10:33:52  ... thread 0: (4000,24000) ops and (3794.4,270.4) ops/second in (1.054194,88.757712) seconds
2026/05/26-10:33:52  ... thread 1: (4000,24000) ops and (3828.9,270.2) ops/second in (1.044700,88.816644) seconds
2026/05/26-10:33:52  ... thread 2: (4000,25000) ops and (3895.5,280.9) ops/second in (1.026814,88.995103) seconds
2026/05/26-10:33:52  ... thread 3: (4000,25000) ops and (3689.7,280.7) ops/second in (1.084105,89.077270) seconds
2026/05/26-10:33:53  ... thread 0: (5000,29000) ops and (4236.2,322.4) ops/second in (1.180314,89.938026) seconds
2026/05/26-10:33:53  ... thread 1: (5000,29000) ops and (4190.9,322.2) ops/second in (1.193068,90.009712) seconds
2026/05/26-10:33:53  ... thread 2: (5000,30000) ops and (4366.5,332.8) ops/second in (1.145081,90.140184) seconds
2026/05/26-10:33:53  ... thread 3: (5000,30000) ops and (4552.1,332.7) ops/second in (1.098392,90.175662) seconds
2026/05/26-10:33:54  ... thread 1: (5000,34000) ops and (4936.4,373.5) ops/second in (1.012881,91.022593) seconds
2026/05/26-10:33:54  ... thread 0: (6000,35000) ops and (5101.2,384.1) ops/second in (1.176198,91.114224) seconds
2026/05/26-10:33:54  ... thread 2: (5000,35000) ops and (4824.1,383.9) ops/second in (1.036462,91.176646) seconds
2026/05/26-10:33:54  ... thread 3: (5000,35000) ops and (4480.2,383.4) ops/second in (1.116019,91.291681) seconds
2026/05/26-10:33:55  ... thread 1: (6000,40000) ops and (5762.4,434.5) ops/second in (1.041240,92.063833) seconds
2026/05/26-10:33:55  ... thread 2: (6000,41000) ops and (5930.8,444.7) ops/second in (1.011667,92.188313) seconds
2026/05/26-10:33:55  ... thread 0: (6000,41000) ops and (5557.1,444.7) ops/second in (1.079698,92.193922) seconds
2026/05/26-10:33:56  ... thread 3: (6000,41000) ops and (5502.9,443.8) ops/second in (1.090337,92.382018) seconds
2026/05/26-10:33:56  ... thread 1: (7000,47000) ops and (6516.8,504.6) ops/second in (1.074142,93.137975) seconds
2026/05/26-10:33:56  ... thread 0: (7000,48000) ops and (6900.0,515.0) ops/second in (1.014499,93.208421) seconds
2026/05/26-10:33:56  ... thread 2: (7000,48000) ops and (6753.3,514.9) ops/second in (1.036523,93.224836) seconds
2026/05/26-10:33:57  ... thread 3: (8000,49000) ops and (7051.6,524.0) ops/second in (1.134497,93.516515) seconds
2026/05/26-10:33:57  ... thread 1: (8000,55000) ops and (7636.8,584.0) ops/second in (1.047553,94.185528) seconds
2026/05/26-10:33:57  ... thread 0: (8000,56000) ops and (7987.3,594.4) ops/second in (1.001589,94.210010) seconds
2026/05/26-10:33:58  ... thread 2: (9000,57000) ops and (8001.9,604.1) ops/second in (1.124728,94.349564) seconds
2026/05/26-10:33:58  ... thread 3: (9000,58000) ops and (8339.8,613.1) ops/second in (1.079166,94.595681) seconds
2026/05/26-10:33:58  ... thread 0: (10000,66000) ops and (9592.6,692.9) ops/second in (1.042465,95.252475) seconds
2026/05/26-10:33:58  ... thread 1: (10000,65000) ops and (9280.8,682.3) ops/second in (1.077497,95.263025) seconds
2026/05/26-10:33:59  ... thread 2: (10000,67000) ops and (9624.5,702.4) ops/second in (1.039011,95.388575) seconds
2026/05/26-10:33:59  ... thread 3: (11000,69000) ops and (10110.9,721.1) ops/second in (1.087939,95.683620) seconds
2026/05/26-10:33:59  ... thread 1: (12000,77000) ops and (11881.4,799.8) ops/second in (1.009981,96.273006) seconds
2026/05/26-10:33:59  ... thread 0: (12000,78000) ops and (11482.9,810.0) ops/second in (1.045035,96.297510) seconds
2026/05/26-10:34:00  ... thread 2: (13000,80000) ops and (12232.9,829.4) ops/second in (1.062712,96.451287) seconds
2026/05/26-10:34:00  ... thread 3: (13000,82000) ops and (12260.2,847.6) ops/second in (1.060341,96.743961) seconds
2026/05/26-10:34:01  ... thread 1: (15000,92000) ops and (14428.6,945.4) ops/second in (1.039599,97.312605) seconds
2026/05/26-10:34:01  ... thread 0: (15000,93000) ops and (14208.8,955.3) ops/second in (1.055683,97.353193) seconds
2026/05/26-10:34:01  ... thread 2: (14000,94000) ops and (13967.7,964.6) ops/second in (1.002310,97.453597) seconds
2026/05/26-10:34:01  ... thread 3: (16000,98000) ops and (15200.9,1002.1) ops/second in (1.052568,97.796529) seconds
DB path: [/tmp/rocksdb_comp_exp_db]
readrandom   :     978.135 micros/op 4085 ops/sec 97.911 seconds 400000 operations;    4.0 MB/s (98180 of 100000 found)

STATISTICS:
rocksdb.block.cache.miss COUNT : 3368528
rocksdb.block.cache.hit COUNT : 40065
rocksdb.block.cache.add COUNT : 817500
rocksdb.block.cache.add.failures COUNT : 0
rocksdb.block.cache.index.miss COUNT : 0
rocksdb.block.cache.index.hit COUNT : 0
rocksdb.block.cache.index.add COUNT : 0
rocksdb.block.cache.index.bytes.insert COUNT : 0
rocksdb.block.cache.filter.miss COUNT : 0
rocksdb.block.cache.filter.hit COUNT : 0
rocksdb.block.cache.filter.add COUNT : 0
rocksdb.block.cache.filter.bytes.insert COUNT : 0
rocksdb.block.cache.data.miss COUNT : 3368528
rocksdb.block.cache.data.hit COUNT : 40065
rocksdb.block.cache.data.add COUNT : 817500
rocksdb.block.cache.data.bytes.insert COUNT : 3518497248
rocksdb.block.cache.bytes.read COUNT : 172439792
rocksdb.block.cache.bytes.write COUNT : 3518497248
rocksdb.block.cache.compression.dict.miss COUNT : 0
rocksdb.block.cache.compression.dict.hit COUNT : 0
rocksdb.block.cache.compression.dict.add COUNT : 0
rocksdb.block.cache.compression.dict.bytes.insert COUNT : 0
rocksdb.block.cache.add.redundant COUNT : 22
rocksdb.block.cache.index.add.redundant COUNT : 0
rocksdb.block.cache.filter.add.redundant COUNT : 0
rocksdb.block.cache.data.add.redundant COUNT : 22
rocksdb.block.cache.compression.dict.add.redundant COUNT : 0
rocksdb.secondary.cache.hits COUNT : 0
rocksdb.secondary.cache.filter.hits COUNT : 0
rocksdb.secondary.cache.index.hits COUNT : 0
rocksdb.secondary.cache.data.hits COUNT : 0
rocksdb.compressed.secondary.cache.dummy.hits COUNT : 0
rocksdb.compressed.secondary.cache.hits COUNT : 0
rocksdb.compressed.secondary.cache.promotions COUNT : 0
rocksdb.compressed.secondary.cache.promotion.skips COUNT : 0
rocksdb.bloom.filter.useful COUNT : 0
rocksdb.bloom.filter.full.positive COUNT : 0
rocksdb.bloom.filter.full.true.positive COUNT : 0
rocksdb.bloom.filter.prefix.checked COUNT : 0
rocksdb.bloom.filter.prefix.useful COUNT : 0
rocksdb.bloom.filter.prefix.true.positive COUNT : 0
rocksdb.persistent.cache.hit COUNT : 0
rocksdb.persistent.cache.miss COUNT : 0
rocksdb.sim.block.cache.hit COUNT : 0
rocksdb.sim.block.cache.miss COUNT : 0
rocksdb.memtable.hit COUNT : 7015
rocksdb.memtable.miss COUNT : 392985
rocksdb.l0.hit COUNT : 20259
rocksdb.l1.hit COUNT : 117854
rocksdb.l2andup.hit COUNT : 247517
rocksdb.compaction.key.drop.new COUNT : 3377209
rocksdb.compaction.key.drop.obsolete COUNT : 0
rocksdb.compaction.key.drop.range_del COUNT : 0
rocksdb.compaction.key.drop.user COUNT : 0
rocksdb.compaction.range_del.drop.obsolete COUNT : 0
rocksdb.compaction.optimized.del.drop.obsolete COUNT : 0
rocksdb.compaction.cancelled COUNT : 0
rocksdb.compaction.aborted COUNT : 0
rocksdb.number.keys.written COUNT : 5000000
rocksdb.number.keys.read COUNT : 400000
rocksdb.number.keys.updated COUNT : 0
rocksdb.bytes.written COUNT : 5278106928
rocksdb.bytes.read COUNT : 402068480
rocksdb.number.db.seek COUNT : 0
rocksdb.number.db.next COUNT : 0
rocksdb.number.db.prev COUNT : 0
rocksdb.number.db.seek.found COUNT : 0
rocksdb.number.db.next.found COUNT : 0
rocksdb.number.db.prev.found COUNT : 0
rocksdb.db.iter.bytes.read COUNT : 0
rocksdb.number.iter.skip COUNT : 0
rocksdb.number.reseeks.iteration COUNT : 0
rocksdb.num.iterator.created COUNT : 0
rocksdb.num.iterator.deleted COUNT : 0
rocksdb.no.file.opens COUNT : 136
rocksdb.no.file.errors COUNT : 0
rocksdb.stall.micros COUNT : 58730830
rocksdb.db.mutex.wait.micros COUNT : 0
rocksdb.number.multiget.get COUNT : 0
rocksdb.number.multiget.keys.read COUNT : 0
rocksdb.number.multiget.bytes.read COUNT : 0
rocksdb.number.multiget.keys.found COUNT : 0
rocksdb.number.merge.failures COUNT : 0
rocksdb.getupdatessince.calls COUNT : 0
rocksdb.wal.synced COUNT : 0
rocksdb.wal.bytes COUNT : 5278106928
rocksdb.write.self COUNT : 4842244
rocksdb.write.other COUNT : 157756
rocksdb.write.wal COUNT : 5000000
rocksdb.compact.read.bytes COUNT : 6228638753
rocksdb.compact.write.bytes COUNT : 4205453444
rocksdb.flush.write.bytes COUNT : 2971763932
rocksdb.compact.read.marked.bytes COUNT : 0
rocksdb.compact.read.periodic.bytes COUNT : 0
rocksdb.compact.read.ttl.bytes COUNT : 0
rocksdb.compact.write.marked.bytes COUNT : 0
rocksdb.compact.write.periodic.bytes COUNT : 0
rocksdb.compact.write.ttl.bytes COUNT : 0
rocksdb.number.direct.load.table.properties COUNT : 0
rocksdb.number.superversion_acquires COUNT : 32
rocksdb.number.superversion_releases COUNT : 28
rocksdb.number.superversion_cleanups COUNT : 7
rocksdb.number.block.compressed COUNT : 2935826
rocksdb.number.block.decompressed COUNT : 3368664
rocksdb.bytes.compressed.from COUNT : 12373812572
rocksdb.bytes.compressed.to COUNT : 7162355964
rocksdb.bytes.compression_bypassed COUNT : 0
rocksdb.bytes.compression.rejected COUNT : 0
rocksdb.number.block_compression_bypassed COUNT : 0
rocksdb.number.block_compression_rejected COUNT : 0
rocksdb.bytes.decompressed.from COUNT : 8214301044
rocksdb.bytes.decompressed.to COUNT : 14189696093
rocksdb.merge.operation.time.nanos COUNT : 0
rocksdb.filter.operation.time.nanos COUNT : 0
rocksdb.compaction.total.time.cpu_micros COUNT : 37911641
rocksdb.row.cache.hit COUNT : 0
rocksdb.row.cache.miss COUNT : 0
rocksdb.read.amp.estimate.useful.bytes COUNT : 0
rocksdb.read.amp.total.read.bytes COUNT : 0
rocksdb.number.rate_limiter.drains COUNT : 0
rocksdb.blobdb.num.put COUNT : 0
rocksdb.blobdb.num.write COUNT : 0
rocksdb.blobdb.num.get COUNT : 0
rocksdb.blobdb.num.multiget COUNT : 0
rocksdb.blobdb.num.seek COUNT : 0
rocksdb.blobdb.num.next COUNT : 0
rocksdb.blobdb.num.prev COUNT : 0
rocksdb.blobdb.num.keys.written COUNT : 0
rocksdb.blobdb.num.keys.read COUNT : 0
rocksdb.blobdb.bytes.written COUNT : 0
rocksdb.blobdb.bytes.read COUNT : 0
rocksdb.blobdb.write.inlined COUNT : 0
rocksdb.blobdb.write.inlined.ttl COUNT : 0
rocksdb.blobdb.write.blob COUNT : 0
rocksdb.blobdb.write.blob.ttl COUNT : 0
rocksdb.blobdb.blob.file.bytes.written COUNT : 0
rocksdb.blobdb.blob.file.bytes.read COUNT : 0
rocksdb.blobdb.blob.file.synced COUNT : 0
rocksdb.blobdb.blob.index.expired.count COUNT : 0
rocksdb.blobdb.blob.index.expired.size COUNT : 0
rocksdb.blobdb.blob.index.evicted.count COUNT : 0
rocksdb.blobdb.blob.index.evicted.size COUNT : 0
rocksdb.blobdb.gc.num.files COUNT : 0
rocksdb.blobdb.gc.num.new.files COUNT : 0
rocksdb.blobdb.gc.failures COUNT : 0
rocksdb.blobdb.gc.num.keys.relocated COUNT : 0
rocksdb.blobdb.gc.bytes.relocated COUNT : 0
rocksdb.blobdb.fifo.num.files.evicted COUNT : 0
rocksdb.blobdb.fifo.num.keys.evicted COUNT : 0
rocksdb.blobdb.fifo.bytes.evicted COUNT : 0
rocksdb.blobdb.cache.miss COUNT : 0
rocksdb.blobdb.cache.hit COUNT : 0
rocksdb.blobdb.cache.add COUNT : 0
rocksdb.blobdb.cache.add.failures COUNT : 0
rocksdb.blobdb.cache.bytes.read COUNT : 0
rocksdb.blobdb.cache.bytes.write COUNT : 0
rocksdb.txn.overhead.mutex.prepare COUNT : 0
rocksdb.txn.overhead.mutex.old.commit.map COUNT : 0
rocksdb.txn.overhead.duplicate.key COUNT : 0
rocksdb.txn.overhead.mutex.snapshot COUNT : 0
rocksdb.txn.get.tryagain COUNT : 0
rocksdb.files.marked.trash COUNT : 0
rocksdb.files.marked.trash.deleted COUNT : 0
rocksdb.files.deleted.immediately COUNT : 199
rocksdb.error.handler.bg.error.count COUNT : 0
rocksdb.error.handler.bg.io.error.count COUNT : 0
rocksdb.error.handler.bg.retryable.io.error.count COUNT : 0
rocksdb.error.handler.autoresume.count COUNT : 0
rocksdb.error.handler.autoresume.retry.total.count COUNT : 0
rocksdb.error.handler.autoresume.success.count COUNT : 0
rocksdb.memtable.payload.bytes.at.flush COUNT : 5217252112
rocksdb.memtable.garbage.bytes.at.flush COUNT : 127577232
rocksdb.verify_checksum.read.bytes COUNT : 0
rocksdb.backup.read.bytes COUNT : 0
rocksdb.backup.write.bytes COUNT : 0
rocksdb.remote.compact.read.bytes COUNT : 0
rocksdb.remote.compact.write.bytes COUNT : 0
rocksdb.remote.compact.resumed.bytes COUNT : 0
rocksdb.hot.file.read.bytes COUNT : 0
rocksdb.warm.file.read.bytes COUNT : 0
rocksdb.cool.file.read.bytes COUNT : 0
rocksdb.cold.file.read.bytes COUNT : 0
rocksdb.ice.file.read.bytes COUNT : 0
rocksdb.hot.file.read.count COUNT : 0
rocksdb.warm.file.read.count COUNT : 0
rocksdb.cool.file.read.count COUNT : 0
rocksdb.cold.file.read.count COUNT : 0
rocksdb.ice.file.read.count COUNT : 0
rocksdb.last.level.read.bytes COUNT : 0
rocksdb.last.level.read.count COUNT : 0
rocksdb.non.last.level.read.bytes COUNT : 8231315251
rocksdb.non.last.level.read.count COUNT : 3369072
rocksdb.last.level.seek.filtered COUNT : 0
rocksdb.last.level.seek.filter.match COUNT : 0
rocksdb.last.level.seek.data COUNT : 0
rocksdb.last.level.seek.data.useful.no.filter COUNT : 0
rocksdb.last.level.seek.data.useful.filter.match COUNT : 0
rocksdb.non.last.level.seek.filtered COUNT : 0
rocksdb.non.last.level.seek.filter.match COUNT : 0
rocksdb.non.last.level.seek.data COUNT : 0
rocksdb.non.last.level.seek.data.useful.no.filter COUNT : 0
rocksdb.non.last.level.seek.data.useful.filter.match COUNT : 0
rocksdb.block.checksum.compute.count COUNT : 3368800
rocksdb.block.checksum.mismatch.count COUNT : 0
rocksdb.multiget.coroutine.count COUNT : 0
rocksdb.read.async.micros COUNT : 0
rocksdb.async.read.error.count COUNT : 0
rocksdb.table.open.prefetch.tail.miss COUNT : 0
rocksdb.table.open.prefetch.tail.hit COUNT : 0
rocksdb.timestamp.filter.table.checked COUNT : 0
rocksdb.timestamp.filter.table.filtered COUNT : 0
rocksdb.readahead.trimmed COUNT : 0
rocksdb.fifo.max.size.compactions COUNT : 0
rocksdb.fifo.ttl.compactions COUNT : 0
rocksdb.fifo.change_temperature.compactions COUNT : 0
rocksdb.prefetch.bytes COUNT : 0
rocksdb.prefetch.bytes.useful COUNT : 0
rocksdb.prefetch.hits COUNT : 0
rocksdb.footer.corruption.count COUNT : 0
rocksdb.file.read.corruption.retry.count COUNT : 0
rocksdb.file.read.corruption.retry.success.count COUNT : 0
rocksdb.number.wbwi.ingest COUNT : 0
rocksdb.sst.user.defined.index.load.fail.count COUNT : 0
rocksdb.multiscan.prepare.calls COUNT : 0
rocksdb.multiscan.prepare.errors COUNT : 0
rocksdb.multiscan.blocks.prefetched COUNT : 0
rocksdb.multiscan.blocks.from.cache COUNT : 0
rocksdb.multiscan.prefetch.bytes COUNT : 0
rocksdb.multiscan.prefetch.blocks.wasted COUNT : 0
rocksdb.multiscan.io.requests COUNT : 0
rocksdb.multiscan.io.coalesced.nonadjacent COUNT : 0
rocksdb.multiscan.seek.errors COUNT : 0
rocksdb.prefetch.memory.bytes.granted COUNT : 0
rocksdb.prefetch.memory.bytes.released COUNT : 0
rocksdb.prefetch.memory.requests.blocked COUNT : 0
rocksdb.read.path.range.tombstones.inserted COUNT : 0
rocksdb.read.path.range.tombstones.discarded COUNT : 0
rocksdb.file.open.metadata.retrieved COUNT : 0
rocksdb.file.open.metadata.passed COUNT : 0
rocksdb.manifest.validation.failure.count COUNT : 0
rocksdb.db.get.micros P50 : 14.617358 P95 : 2291.805378 P99 : 21808.100669 P100 : 1221934.000000 COUNT : 400000 SUM : 390976207
rocksdb.db.write.micros P50 : 4.630522 P95 : 40.610229 P99 : 1056.887577 P100 : 1308112.000000 COUNT : 4999997 SUM : 357121362
rocksdb.compaction.times.micros P50 : 5400000.000000 P95 : 55104657.000000 P99 : 55104657.000000 P100 : 55104657.000000 COUNT : 13 SUM : 172899541
rocksdb.compaction.times.cpu_micros P50 : 1841666.666667 P95 : 10929405.000000 P99 : 10929405.000000 P100 : 10929405.000000 COUNT : 13 SUM : 37911641
rocksdb.subcompaction.setup.times.micros P50 : 0.000000 P95 : 0.000000 P99 : 0.000000 P100 : 0.000000 COUNT : 0 SUM : 0
rocksdb.table.sync.micros P50 : 341228.070175 P95 : 1067548.000000 P99 : 1067548.000000 P100 : 1067548.000000 COUNT : 80 SUM : 39427920
rocksdb.compaction.outfile.sync.micros P50 : 759130.434783 P95 : 1352931.000000 P99 : 1352931.000000 P100 : 1352931.000000 COUNT : 56 SUM : 40424139
rocksdb.wal.file.sync.micros P50 : 0.000000 P95 : 0.000000 P99 : 0.000000 P100 : 0.000000 COUNT : 0 SUM : 0
rocksdb.manifest.file.sync.micros P50 : 5388.135593 P95 : 14100.000000 P99 : 381900.000000 P100 : 489689.000000 COUNT : 99 SUM : 1055828
rocksdb.table.open.io.micros P50 : 650.303030 P95 : 4546.666667 P99 : 11135.000000 P100 : 11135.000000 COUNT : 136 SUM : 154965
rocksdb.db.multiget.micros P50 : 0.000000 P95 : 0.000000 P99 : 0.000000 P100 : 0.000000 COUNT : 0 SUM : 0
rocksdb.read.block.compaction.micros P50 : 3.311627 P95 : 8.270794 P99 : 1168.565396 P100 : 327710.000000 COUNT : 2551028 SUM : 104005908
rocksdb.read.block.get.micros P50 : 8.739155 P95 : 1604.688712 P99 : 6905.053787 P100 : 460332.000000 COUNT : 817636 SUM : 385396796
rocksdb.write.raw.block.micros P50 : 0.539412 P95 : 1.457024 P99 : 2.893368 P100 : 12566.000000 COUNT : 2936098 SUM : 7756312
rocksdb.numfiles.in.singlecompaction P50 : 6.400000 P95 : 25.000000 P99 : 32.200000 P100 : 34.000000 COUNT : 15 SUM : 128
rocksdb.db.seek.micros P50 : 0.000000 P95 : 0.000000 P99 : 0.000000 P100 : 0.000000 COUNT : 0 SUM : 0
rocksdb.db.write.stall P50 : 1289.940218 P95 : 2805.529041 P99 : 2889.797929 P100 : 1305070.000000 COUNT : 20747 SUM : 58730830
rocksdb.sst.read.micros P50 : 0.930267 P95 : 1016.437796 P99 : 1760.348657 P100 : 460288.000000 COUNT : 3369072 SUM : 475632720
rocksdb.file.read.flush.micros P50 : 3.555556 P95 : 62.363636 P99 : 85.066667 P100 : 113.000000 COUNT : 320 SUM : 5018
rocksdb.file.read.compaction.micros P50 : 0.740644 P95 : 2.544356 P99 : 1155.358306 P100 : 327685.000000 COUNT : 2551252 SUM : 96275959
rocksdb.file.read.db.open.micros P50 : 0.000000 P95 : 0.000000 P99 : 0.000000 P100 : 0.000000 COUNT : 0 SUM : 0
rocksdb.file.read.get.micros P50 : 0.000000 P95 : 0.000000 P99 : 0.000000 P100 : 0.000000 COUNT : 0 SUM : 0
rocksdb.file.read.multiget.micros P50 : 0.000000 P95 : 0.000000 P99 : 0.000000 P100 : 0.000000 COUNT : 0 SUM : 0
rocksdb.file.read.db.iterator.micros P50 : 0.000000 P95 : 0.000000 P99 : 0.000000 P100 : 0.000000 COUNT : 0 SUM : 0
rocksdb.file.read.verify.db.checksum.micros P50 : 0.000000 P95 : 0.000000 P99 : 0.000000 P100 : 0.000000 COUNT : 0 SUM : 0
rocksdb.file.read.verify.file.checksums.micros P50 : 0.000000 P95 : 0.000000 P99 : 0.000000 P100 : 0.000000 COUNT : 0 SUM : 0
rocksdb.sst.write.micros P50 : 0.503104 P95 : 0.955897 P99 : 0.996146 P100 : 12564.000000 COUNT : 5872332 SUM : 6241216
rocksdb.file.write.flush.micros P50 : 0.501393 P95 : 0.952647 P99 : 0.992759 P100 : 12564.000000 COUNT : 2428888 SUM : 2576650
rocksdb.file.write.compaction.micros P50 : 0.504317 P95 : 0.958203 P99 : 0.998548 P100 : 12155.000000 COUNT : 3443444 SUM : 3664566
rocksdb.file.write.db.open.micros P50 : 0.000000 P95 : 0.000000 P99 : 0.000000 P100 : 0.000000 COUNT : 0 SUM : 0
rocksdb.num.subcompactions.scheduled P50 : 0.000000 P95 : 0.000000 P99 : 0.000000 P100 : 0.000000 COUNT : 0 SUM : 0
rocksdb.bytes.per.read P50 : 1024.000000 P95 : 1024.000000 P99 : 1024.000000 P100 : 1024.000000 COUNT : 400000 SUM : 402068480
rocksdb.bytes.per.write P50 : 1088.526025 P95 : 1285.199448 P99 : 2929.415076 P100 : 4188.000000 COUNT : 4842244 SUM : 5278106928
rocksdb.bytes.per.multiget P50 : 0.000000 P95 : 0.000000 P99 : 0.000000 P100 : 0.000000 COUNT : 0 SUM : 0
rocksdb.compression.times.nanos P50 : 0.000000 P95 : 0.000000 P99 : 0.000000 P100 : 0.000000 COUNT : 0 SUM : 0
rocksdb.decompression.times.nanos P50 : 0.000000 P95 : 0.000000 P99 : 0.000000 P100 : 0.000000 COUNT : 0 SUM : 0
rocksdb.read.num.merge_operands P50 : 0.000000 P95 : 0.000000 P99 : 0.000000 P100 : 0.000000 COUNT : 0 SUM : 0
rocksdb.blobdb.key.size P50 : 0.000000 P95 : 0.000000 P99 : 0.000000 P100 : 0.000000 COUNT : 0 SUM : 0
rocksdb.blobdb.value.size P50 : 0.000000 P95 : 0.000000 P99 : 0.000000 P100 : 0.000000 COUNT : 0 SUM : 0
rocksdb.blobdb.write.micros P50 : 0.000000 P95 : 0.000000 P99 : 0.000000 P100 : 0.000000 COUNT : 0 SUM : 0
rocksdb.blobdb.get.micros P50 : 0.000000 P95 : 0.000000 P99 : 0.000000 P100 : 0.000000 COUNT : 0 SUM : 0
rocksdb.blobdb.multiget.micros P50 : 0.000000 P95 : 0.000000 P99 : 0.000000 P100 : 0.000000 COUNT : 0 SUM : 0
rocksdb.blobdb.seek.micros P50 : 0.000000 P95 : 0.000000 P99 : 0.000000 P100 : 0.000000 COUNT : 0 SUM : 0
rocksdb.blobdb.next.micros P50 : 0.000000 P95 : 0.000000 P99 : 0.000000 P100 : 0.000000 COUNT : 0 SUM : 0
rocksdb.blobdb.prev.micros P50 : 0.000000 P95 : 0.000000 P99 : 0.000000 P100 : 0.000000 COUNT : 0 SUM : 0
rocksdb.blobdb.blob.file.write.micros P50 : 0.000000 P95 : 0.000000 P99 : 0.000000 P100 : 0.000000 COUNT : 0 SUM : 0
rocksdb.blobdb.blob.file.read.micros P50 : 0.000000 P95 : 0.000000 P99 : 0.000000 P100 : 0.000000 COUNT : 0 SUM : 0
rocksdb.blobdb.blob.file.sync.micros P50 : 0.000000 P95 : 0.000000 P99 : 0.000000 P100 : 0.000000 COUNT : 0 SUM : 0
rocksdb.blobdb.compression.micros P50 : 0.000000 P95 : 0.000000 P99 : 0.000000 P100 : 0.000000 COUNT : 0 SUM : 0
rocksdb.blobdb.decompression.micros P50 : 0.000000 P95 : 0.000000 P99 : 0.000000 P100 : 0.000000 COUNT : 0 SUM : 0
rocksdb.db.flush.micros P50 : 520740.740741 P95 : 1315107.000000 P99 : 1315107.000000 P100 : 1315107.000000 COUNT : 80 SUM : 54891024
rocksdb.sst.batch.size P50 : 0.000000 P95 : 0.000000 P99 : 0.000000 P100 : 0.000000 COUNT : 0 SUM : 0
rocksdb.multiget.io.batch.size P50 : 0.000000 P95 : 0.000000 P99 : 0.000000 P100 : 0.000000 COUNT : 0 SUM : 0
rocksdb.num.index.and.filter.blocks.read.per.level P50 : 0.000000 P95 : 0.000000 P99 : 0.000000 P100 : 0.000000 COUNT : 0 SUM : 0
rocksdb.num.sst.read.per.level P50 : 0.000000 P95 : 0.000000 P99 : 0.000000 P100 : 0.000000 COUNT : 0 SUM : 0
rocksdb.num.level.read.per.multiget P50 : 0.000000 P95 : 0.000000 P99 : 0.000000 P100 : 0.000000 COUNT : 0 SUM : 0
rocksdb.error.handler.autoresume.retry.count P50 : 0.000000 P95 : 0.000000 P99 : 0.000000 P100 : 0.000000 COUNT : 0 SUM : 0
rocksdb.async.read.bytes P50 : 0.000000 P95 : 0.000000 P99 : 0.000000 P100 : 0.000000 COUNT : 0 SUM : 0
rocksdb.poll.wait.micros P50 : 0.000000 P95 : 0.000000 P99 : 0.000000 P100 : 0.000000 COUNT : 0 SUM : 0
rocksdb.compaction.prefetch.bytes P50 : 0.000000 P95 : 0.000000 P99 : 0.000000 P100 : 0.000000 COUNT : 0 SUM : 0
rocksdb.prefetched.bytes.discarded P50 : 0.000000 P95 : 0.000000 P99 : 0.000000 P100 : 0.000000 COUNT : 0 SUM : 0
rocksdb.async.prefetch.abort.micros P50 : 0.000000 P95 : 0.000000 P99 : 0.000000 P100 : 0.000000 COUNT : 0 SUM : 0
rocksdb.table.open.prefetch.tail.read.bytes P50 : 0.000000 P95 : 0.000000 P99 : 0.000000 P100 : 0.000000 COUNT : 0 SUM : 0
rocksdb.num.op.per.transaction P50 : 0.000000 P95 : 0.000000 P99 : 0.000000 P100 : 0.000000 COUNT : 0 SUM : 0
rocksdb.multiscan.op.prepare.iterators.micros P50 : 0.000000 P95 : 0.000000 P99 : 0.000000 P100 : 0.000000 COUNT : 0 SUM : 0
rocksdb.multiscan.prepare.micros P50 : 0.000000 P95 : 0.000000 P99 : 0.000000 P100 : 0.000000 COUNT : 0 SUM : 0
rocksdb.multiscan.blocks.per.prepare P50 : 0.000000 P95 : 0.000000 P99 : 0.000000 P100 : 0.000000 COUNT : 0 SUM : 0
rocksdb.block.key.distribution.cv P50 : 0.000000 P95 : 0.000000 P99 : 0.000000 P100 : 0.000000 COUNT : 0 SUM : 0

[EXPERIMENT_COMPLETED]
