RocksDB:    version 11.3.0
Date:       Tue May 26 10:23:33 2026
CPU:        2 * Intel Xeon Processor (SapphireRapids)
CPUCache:   16384 KB
2026/05/26-10:23:34  ... thread 1: (37000,37000) ops and (36750.5,36750.5) ops/second in (1.006790,1.006790) seconds
2026/05/26-10:23:34  ... thread 0: (36000,36000) ops and (35875.4,35875.4) ops/second in (1.003473,1.003473) seconds
2026/05/26-10:23:34  ... thread 3: (36000,36000) ops and (35624.5,35624.5) ops/second in (1.010541,1.010541) seconds
2026/05/26-10:23:34  ... thread 2: (33000,33000) ops and (32402.6,32402.6) ops/second in (1.018437,1.018437) seconds
2026/05/26-10:23:35  ... thread 0: (33000,69000) ops and (32500.7,34178.1) ops/second in (1.015363,2.018836) seconds
2026/05/26-10:23:35  ... thread 2: (29000,62000) ops and (28872.6,30649.8) ops/second in (1.004413,2.022850) seconds
2026/05/26-10:23:35  ... thread 3: (34000,70000) ops and (33432.7,34525.1) ops/second in (1.016967,2.027508) seconds
2026/05/26-10:23:35  ... thread 1: (34000,71000) ops and (33235.8,34979.1) ops/second in (1.022993,2.029783) seconds
2026/05/26-10:23:36  ... thread 0: (29000,98000) ops and (28586.5,32308.0) ops/second in (1.014464,3.033300) seconds
2026/05/26-10:23:36  ... thread 2: (40000,102000) ops and (39320.8,33551.3) ops/second in (1.017274,3.040124) seconds
2026/05/26-10:23:36  ... thread 1: (34000,105000) ops and (33347.5,34433.6) ops/second in (1.019566,3.049349) seconds
2026/05/26-10:23:36  ... thread 3: (29000,99000) ops and (28310.0,32439.0) ops/second in (1.024374,3.051882) seconds
2026/05/26-10:23:37  ... thread 0: (11000,109000) ops and (10791.6,26896.3) ops/second in (1.019308,4.052608) seconds
2026/05/26-10:23:37  ... thread 3: (12000,111000) ops and (11903.0,27339.7) ops/second in (1.008153,4.060035) seconds
2026/05/26-10:23:37  ... thread 2: (14000,116000) ops and (13750.6,28583.7) ops/second in (1.018136,4.058260) seconds
2026/05/26-10:23:37  ... thread 1: (13000,118000) ops and (12637.1,28935.3) ops/second in (1.028720,4.078069) seconds
2026/05/26-10:23:38  ... thread 0: (9000,118000) ops and (8925.2,23315.6) ops/second in (1.008383,5.060991) seconds
2026/05/26-10:23:38  ... thread 3: (10000,121000) ops and (9927.0,23878.2) ops/second in (1.007355,5.067390) seconds
2026/05/26-10:23:38  ... thread 2: (10000,126000) ops and (9914.8,24867.5) ops/second in (1.008597,5.066857) seconds
2026/05/26-10:23:38  ... thread 1: (25000,143000) ops and (24591.2,28068.4) ops/second in (1.016625,5.094694) seconds
2026/05/26-10:23:39  ... thread 2: (28000,154000) ops and (18162.8,23303.4) ops/second in (1.541613,6.608470) seconds
2026/05/26-10:23:39  ... thread 0: (30000,148000) ops and (19377.1,22393.0) ops/second in (1.548219,6.609210) seconds
2026/05/26-10:23:39  ... thread 3: (30000,151000) ops and (19406.2,22832.8) ops/second in (1.545901,6.613291) seconds
2026/05/26-10:23:39  ... thread 1: (27000,170000) ops and (17695.9,25677.9) ops/second in (1.525781,6.620475) seconds
2026/05/26-10:23:41  ... thread 1: (13000,183000) ops and (11146.4,23501.4) ops/second in (1.166293,7.786768) seconds
2026/05/26-10:23:41  ... thread 3: (23000,174000) ops and (19485.4,22325.8) ops/second in (1.180370,7.793661) seconds
2026/05/26-10:23:41  ... thread 2: (14000,168000) ops and (11825.4,21559.6) ops/second in (1.183889,7.792359) seconds
2026/05/26-10:23:41  ... thread 0: (13000,161000) ops and (10960.1,20653.4) ops/second in (1.186123,7.795333) seconds
2026/05/26-10:23:42  ... thread 1: (13000,196000) ops and (11138.2,21889.9) ops/second in (1.167151,8.953919) seconds
2026/05/26-10:23:42  ... thread 2: (12000,180000) ops and (10204.3,20070.6) ops/second in (1.175978,8.968337) seconds
2026/05/26-10:23:42  ... thread 0: (15000,176000) ops and (12744.1,19615.8) ops/second in (1.177013,8.972346) seconds
2026/05/26-10:23:42  ... thread 3: (23000,197000) ops and (19294.6,21923.7) ops/second in (1.192043,8.985704) seconds
2026/05/26-10:23:43  ... thread 1: (20000,216000) ops and (19552.9,21650.3) ops/second in (1.022867,9.976786) seconds
2026/05/26-10:23:43  ... thread 0: (17000,193000) ops and (16683.0,19316.7) ops/second in (1.019004,9.991350) seconds
2026/05/26-10:23:43  ... thread 2: (14000,194000) ops and (13651.1,19411.9) ops/second in (1.025555,9.993892) seconds
2026/05/26-10:23:43  ... thread 3: (17000,214000) ops and (16827.5,21408.7) ops/second in (1.010252,9.995956) seconds
2026/05/26-10:23:44  ... thread 1: (16000,232000) ops and (14923.5,20997.5) ops/second in (1.072131,11.048917) seconds
2026/05/26-10:23:44  ... thread 0: (13000,206000) ops and (12265.5,18640.4) ops/second in (1.059886,11.051236) seconds
2026/05/26-10:23:44  ... thread 2: (14000,208000) ops and (13108.6,18803.3) ops/second in (1.067998,11.061890) seconds
2026/05/26-10:23:44  ... thread 3: (13000,227000) ops and (11566.2,20413.8) ops/second in (1.123965,11.119921) seconds
2026/05/26-10:23:45  ... thread 2: (16000,224000) ops and (13579.5,18300.4) ops/second in (1.178249,12.240139) seconds
2026/05/26-10:23:45  ... thread 0: (18000,224000) ops and (15136.8,18300.1) ops/second in (1.189152,12.240388) seconds
2026/05/26-10:23:45  ... thread 1: (14000,246000) ops and (11684.1,20086.3) ops/second in (1.198213,12.247130) seconds
2026/05/26-10:23:45  ... thread 3: (15000,242000) ops and (12791.8,19686.7) ops/second in (1.172627,12.292548) seconds
2026/05/26-10:23:46  ... thread 1: (15000,261000) ops and (12632.3,19427.5) ops/second in (1.187428,13.434558) seconds
2026/05/26-10:23:46  ... thread 2: (15000,239000) ops and (12540.7,17787.7) ops/second in (1.196108,13.436247) seconds
2026/05/26-10:23:46  ... thread 3: (13000,255000) ops and (11339.0,18974.6) ops/second in (1.146482,13.439030) seconds
2026/05/26-10:23:46  ... thread 0: (18000,242000) ops and (14979.9,18003.3) ops/second in (1.201612,13.442000) seconds
2026/05/26-10:23:47  ... thread 1: (13000,274000) ops and (11565.6,18820.5) ops/second in (1.124024,14.558582) seconds
2026/05/26-10:23:47  ... thread 3: (16000,271000) ops and (14160.1,18601.2) ops/second in (1.129937,14.568967) seconds
2026/05/26-10:23:47  ... thread 0: (17000,259000) ops and (14968.9,17766.9) ops/second in (1.135691,14.577691) seconds
2026/05/26-10:23:47  ... thread 2: (17000,256000) ops and (14734.5,17546.3) ops/second in (1.153757,14.590004) seconds
2026/05/26-10:23:48  ... thread 1: (12000,286000) ops and (11080.4,18284.6) ops/second in (1.082995,15.641577) seconds
2026/05/26-10:23:48  ... thread 2: (16000,272000) ops and (15224.1,17390.2) ops/second in (1.050966,15.640970) seconds
2026/05/26-10:23:48  ... thread 0: (19000,278000) ops and (17865.5,17773.6) ops/second in (1.063505,15.641196) seconds
2026/05/26-10:23:48  ... thread 3: (14000,285000) ops and (12859.3,18201.9) ops/second in (1.088703,15.657670) seconds
2026/05/26-10:23:50  ... thread 0: (16000,294000) ops and (14150.4,17529.3) ops/second in (1.130710,16.771906) seconds
2026/05/26-10:23:50  ... thread 3: (15000,300000) ops and (13393.9,17881.0) ops/second in (1.119909,16.777579) seconds
2026/05/26-10:23:50  ... thread 1: (15000,301000) ops and (13038.4,17925.2) ops/second in (1.150449,16.792026) seconds
2026/05/26-10:23:50  ... thread 2: (17000,289000) ops and (14721.4,17206.7) ops/second in (1.154778,16.795748) seconds
2026/05/26-10:23:51  ... thread 2: (10000,299000) ops and (9316.8,16732.8) ops/second in (1.073333,17.869081) seconds
2026/05/26-10:23:51  ... thread 0: (19000,313000) ops and (17313.5,17516.1) ops/second in (1.097407,17.869313) seconds
2026/05/26-10:23:51  ... thread 1: (20000,321000) ops and (18224.1,17943.5) ops/second in (1.097446,17.889472) seconds
2026/05/26-10:23:51  ... thread 3: (13000,313000) ops and (11594.1,17487.2) ops/second in (1.121261,17.898840) seconds
2026/05/26-10:23:52  ... thread 2: (16000,315000) ops and (12128.7,16416.3) ops/second in (1.319184,19.188265) seconds
2026/05/26-10:23:52  ... thread 1: (15000,336000) ops and (11507.9,17506.5) ops/second in (1.303447,19.192919) seconds
2026/05/26-10:23:52  ... thread 3: (14000,327000) ops and (10807.9,17036.4) ops/second in (1.295349,19.194189) seconds
2026/05/26-10:23:52  ... thread 0: (18000,331000) ops and (13623.8,17248.1) ops/second in (1.321218,19.190531) seconds
2026/05/26-10:23:53  ... thread 0: (28000,359000) ops and (18946.4,17369.5) ops/second in (1.477854,20.668385) seconds
2026/05/26-10:23:53  ... thread 1: (29000,365000) ops and (19428.2,17645.1) ops/second in (1.492676,20.685595) seconds
2026/05/26-10:23:54  ... thread 2: (36000,351000) ops and (23898.8,16960.9) ops/second in (1.506353,20.694618) seconds
2026/05/26-10:23:54  ... thread 3: (31000,358000) ops and (20497.3,17289.2) ops/second in (1.512394,20.706583) seconds
2026/05/26-10:23:55  ... thread 1: (15000,380000) ops and (14818.3,17513.3) ops/second in (1.012261,21.697856) seconds
2026/05/26-10:23:55  ... thread 0: (18000,377000) ops and (17461.1,17373.9) ops/second in (1.030860,21.699245) seconds
2026/05/26-10:23:55  ... thread 3: (17000,375000) ops and (16674.0,17260.3) ops/second in (1.019553,21.726136) seconds
2026/05/26-10:23:55  ... thread 2: (15000,366000) ops and (14521.2,16844.9) ops/second in (1.032969,21.727587) seconds
2026/05/26-10:23:56  ... thread 1: (17000,397000) ops and (16808.7,17481.9) ops/second in (1.011383,22.709239) seconds
2026/05/26-10:23:56  ... thread 0: (15000,392000) ops and (14889.1,17263.6) ops/second in (1.007446,22.706691) seconds
2026/05/26-10:23:56  ... thread 2: (17000,383000) ops and (16662.6,16836.8) ops/second in (1.020249,22.747836) seconds
2026/05/26-10:23:56  ... thread 3: (18000,393000) ops and (17387.7,17266.1) ops/second in (1.035216,22.761352) seconds
2026/05/26-10:23:57  ... thread 1: (25000,422000) ops and (24892.2,17795.7) ops/second in (1.004329,23.713568) seconds
2026/05/26-10:23:57  ... thread 0: (15000,407000) ops and (14529.7,17144.7) ops/second in (1.032368,23.739059) seconds
2026/05/26-10:23:57  ... thread 2: (16000,399000) ops and (15894.8,16796.8) ops/second in (1.006619,23.754455) seconds
2026/05/26-10:23:57  ... thread 3: (14000,407000) ops and (13537.2,17104.0) ops/second in (1.034188,23.795540) seconds
2026/05/26-10:23:58  ... thread 1: (33000,455000) ops and (19371.7,17901.3) ops/second in (1.703518,25.417086) seconds
2026/05/26-10:23:58  ... thread 3: (24000,431000) ops and (14793.5,16956.6) ops/second in (1.622338,25.417878) seconds
2026/05/26-10:23:58  ... thread 0: (26000,433000) ops and (15456.2,17033.0) ops/second in (1.682173,25.421232) seconds
2026/05/26-10:23:58  ... thread 2: (26000,425000) ops and (15515.0,16712.4) ops/second in (1.675802,25.430257) seconds
2026/05/26-10:23:59  ... thread 3: (31000,462000) ops and (30716.6,17482.1) ops/second in (1.009226,26.427104) seconds
2026/05/26-10:23:59  ... thread 0: (32000,465000) ops and (31910.5,17597.6) ops/second in (1.002804,26.424036) seconds
2026/05/26-10:23:59  ... thread 1: (31000,486000) ops and (30399.2,18383.4) ops/second in (1.019764,26.436850) seconds
2026/05/26-10:23:59  ... thread 2: (32000,457000) ops and (31636.8,17283.3) ops/second in (1.011479,26.441736) seconds
2026/05/26-10:24:00  ... thread 0: (15000,480000) ops and (12500.6,17376.2) ops/second in (1.199938,27.623974) seconds
2026/05/26-10:24:00  ... thread 2: (12000,469000) ops and (10054.1,16971.1) ops/second in (1.193546,27.635282) seconds
2026/05/26-10:24:00  ... thread 1: (16000,502000) ops and (13308.6,18162.7) ops/second in (1.202230,27.639080) seconds
2026/05/26-10:24:00  ... thread 3: (17000,479000) ops and (13979.5,17328.0) ops/second in (1.216068,27.643172) seconds
2026/05/26-10:24:02  ... thread 3: (26000,505000) ops and (15891.1,17247.7) ops/second in (1.636139,29.279311) seconds
2026/05/26-10:24:02  ... thread 1: (33000,535000) ops and (20111.9,18271.9) ops/second in (1.640823,29.279903) seconds
2026/05/26-10:24:02  ... thread 2: (37000,506000) ops and (22372.4,17276.0) ops/second in (1.653826,29.289108) seconds
2026/05/26-10:24:02  ... thread 0: (28000,508000) ops and (16769.4,17341.6) ops/second in (1.669704,29.293678) seconds
2026/05/26-10:24:03  ... thread 0: (17000,525000) ops and (13905.3,17204.0) ops/second in (1.222557,30.516235) seconds
2026/05/26-10:24:03  ... thread 1: (20000,555000) ops and (16008.8,18179.3) ops/second in (1.249315,30.529218) seconds
2026/05/26-10:24:03  ... thread 2: (15000,521000) ops and (12056.5,17063.4) ops/second in (1.244142,30.533250) seconds
2026/05/26-10:24:03  ... thread 3: (12000,517000) ops and (9485.2,16926.2) ops/second in (1.265125,30.544436) seconds
2026/05/26-10:24:05  ... thread 0: (16000,541000) ops and (12839.8,17032.7) ops/second in (1.246124,31.762359) seconds
2026/05/26-10:24:05  ... thread 1: (15000,570000) ops and (12123.5,17943.4) ops/second in (1.237270,31.766488) seconds
2026/05/26-10:24:05  ... thread 3: (15000,532000) ops and (12253.9,16746.1) ops/second in (1.224103,31.768539) seconds
2026/05/26-10:24:05  ... thread 2: (15000,536000) ops and (12145.0,16872.2) ops/second in (1.235075,31.768325) seconds
2026/05/26-10:24:06  ... thread 2: (30000,566000) ops and (28509.4,17245.3) ops/second in (1.052285,32.820610) seconds
2026/05/26-10:24:06  ... thread 0: (34000,575000) ops and (32102.3,17519.0) ops/second in (1.059115,32.821474) seconds
2026/05/26-10:24:06  ... thread 3: (29000,561000) ops and (27434.2,17090.3) ops/second in (1.057073,32.825612) seconds
2026/05/26-10:24:06  ... thread 1: (31000,601000) ops and (29154.3,18306.5) ops/second in (1.063307,32.829795) seconds
2026/05/26-10:24:07  ... thread 3: (34000,595000) ops and (33954.3,17589.5) ops/second in (1.001346,33.826958) seconds
2026/05/26-10:24:07  ... thread 1: (36000,637000) ops and (35633.0,18823.8) ops/second in (1.010299,33.840094) seconds
2026/05/26-10:24:07  ... thread 2: (32000,598000) ops and (31403.3,17671.6) ops/second in (1.019001,33.839611) seconds
2026/05/26-10:24:07  ... thread 0: (32000,607000) ops and (31413.8,17937.3) ops/second in (1.018659,33.840133) seconds
2026/05/26-10:24:08  ... thread 1: (30000,667000) ops and (29864.0,19142.1) ops/second in (1.004555,34.844649) seconds
2026/05/26-10:24:08  ... thread 3: (29000,624000) ops and (28425.3,17906.8) ops/second in (1.020219,34.847177) seconds
2026/05/26-10:24:08  ... thread 2: (27000,625000) ops and (26775.5,17935.0) ops/second in (1.008386,34.847997) seconds
2026/05/26-10:24:08  ... thread 0: (31000,638000) ops and (30737.0,18307.7) ops/second in (1.008556,34.848689) seconds
2026/05/26-10:24:09  ... thread 1: (33000,700000) ops and (32592.2,19521.9) ops/second in (1.012512,35.857161) seconds
2026/05/26-10:24:09  ... thread 2: (30000,655000) ops and (29744.8,18267.2) ops/second in (1.008581,35.856578) seconds
2026/05/26-10:24:09  ... thread 3: (34000,658000) ops and (33153.9,18342.6) ops/second in (1.025521,35.872698) seconds
2026/05/26-10:24:09  ... thread 0: (35000,673000) ops and (33951.6,18757.2) ops/second in (1.030879,35.879568) seconds
2026/05/26-10:24:10  ... thread 1: (36000,736000) ops and (35967.7,19968.5) ops/second in (1.000898,36.858059) seconds
2026/05/26-10:24:10  ... thread 3: (37000,695000) ops and (36768.9,18845.4) ops/second in (1.006286,36.878984) seconds
2026/05/26-10:24:10  ... thread 2: (35000,690000) ops and (34160.3,18708.7) ops/second in (1.024580,36.881158) seconds
2026/05/26-10:24:10  ... thread 0: (34000,707000) ops and (33325.1,19160.0) ops/second in (1.020253,36.899821) seconds
2026/05/26-10:24:12  ... thread 0: (21000,728000) ops and (11505.3,18799.2) ops/second in (1.825247,38.725068) seconds
2026/05/26-10:24:12  ... thread 2: (23000,713000) ops and (12438.6,18409.4) ops/second in (1.849084,38.730242) seconds
2026/05/26-10:24:12  ... thread 3: (25000,720000) ops and (13474.5,18588.2) ops/second in (1.855356,38.734340) seconds
2026/05/26-10:24:12  ... thread 1: (29000,765000) ops and (14989.5,19720.2) ops/second in (1.934692,38.792751) seconds
2026/05/26-10:24:13  ... thread 2: (30000,743000) ops and (29810.6,18698.1) ops/second in (1.006354,39.736596) seconds
2026/05/26-10:24:13  ... thread 0: (28000,756000) ops and (27708.8,19025.8) ops/second in (1.010510,39.735578) seconds
2026/05/26-10:24:13  ... thread 3: (40000,760000) ops and (39697.9,19123.4) ops/second in (1.007610,39.741950) seconds
2026/05/26-10:24:13  ... thread 1: (24000,789000) ops and (20248.9,19735.9) ops/second in (1.185252,39.978003) seconds
2026/05/26-10:24:14  ... thread 2: (32000,775000) ops and (31860.5,19022.6) ops/second in (1.004380,40.740976) seconds
2026/05/26-10:24:14  ... thread 3: (31000,791000) ops and (30455.2,19406.4) ops/second in (1.017887,40.759837) seconds
2026/05/26-10:24:14  ... thread 0: (28000,784000) ops and (26952.4,19227.7) ops/second in (1.038867,40.774445) seconds
2026/05/26-10:24:14  ... thread 1: (31000,820000) ops and (30702.1,20006.0) ops/second in (1.009702,40.987705) seconds
2026/05/26-10:24:15  ... thread 3: (32000,823000) ops and (31961.0,19707.4) ops/second in (1.001219,41.761056) seconds
2026/05/26-10:24:15  ... thread 2: (25000,800000) ops and (24479.1,19156.1) ops/second in (1.021280,41.762256) seconds
2026/05/26-10:24:15  ... thread 0: (24000,808000) ops and (23850.2,19339.1) ops/second in (1.006279,41.780724) seconds
2026/05/26-10:24:15  ... thread 1: (36000,856000) ops and (34219.1,20361.7) ops/second in (1.052044,42.039749) seconds
2026/05/26-10:24:16  ... thread 2: (23000,823000) ops and (22761.8,19241.2) ops/second in (1.010464,42.772720) seconds
2026/05/26-10:24:16  ... thread 3: (39000,862000) ops and (37920.0,20145.1) ops/second in (1.028480,42.789536) seconds
2026/05/26-10:24:16  ... thread 0: (26000,834000) ops and (25523.1,19486.2) ops/second in (1.018687,42.799411) seconds
2026/05/26-10:24:16  ... thread 1: (31000,887000) ops and (30625.2,20603.0) ops/second in (1.012239,43.051988) seconds
2026/05/26-10:24:17  ... thread 2: (31000,854000) ops and (30780.0,19506.7) ops/second in (1.007146,43.779866) seconds
2026/05/26-10:24:17  ... thread 3: (32000,894000) ops and (31388.7,20406.8) ops/second in (1.019476,43.809012) seconds
2026/05/26-10:24:17  ... thread 0: (32000,866000) ops and (31134.9,19759.4) ops/second in (1.027786,43.827197) seconds
2026/05/26-10:24:17  ... thread 1: (34000,921000) ops and (32384.7,20883.5) ops/second in (1.049877,44.101865) seconds
2026/05/26-10:24:18  ... thread 2: (35000,889000) ops and (34339.3,19844.1) ops/second in (1.019241,44.799107) seconds
2026/05/26-10:24:18  ... thread 3: (31000,925000) ops and (30049.5,20628.6) ops/second in (1.031632,44.840644) seconds
2026/05/26-10:24:18  ... thread 0: (39000,905000) ops and (38543.3,20183.3) ops/second in (1.011848,44.839045) seconds
2026/05/26-10:24:18  ... thread 1: (29000,950000) ops and (28716.0,21058.8) ops/second in (1.009889,45.111754) seconds
2026/05/26-10:24:19  ... thread 2: (31000,920000) ops and (30712.9,20083.6) ops/second in (1.009348,45.808455) seconds
2026/05/26-10:24:19  ... thread 0: (34000,939000) ops and (33135.6,20473.1) ops/second in (1.026087,45.865132) seconds
2026/05/26-10:24:19  ... thread 3: (32000,957000) ops and (31043.6,20862.6) ops/second in (1.030807,45.871451) seconds
2026/05/26-10:24:19  ... thread 1: (31000,981000) ops and (30754.2,21270.7) ops/second in (1.007991,46.119745) seconds
2026/05/26-10:24:20  ... thread 0: (31000,970000) ops and (30465.0,20689.9) ops/second in (1.017562,46.882694) seconds
2026/05/26-10:24:20  ... thread 3: (34000,991000) ops and (33384.8,21134.6) ops/second in (1.018429,46.889880) seconds
2026/05/26-10:24:20  ... thread 2: (36000,956000) ops and (33086.9,20385.3) ops/second in (1.088045,46.896500) seconds
2026/05/26-10:24:20  ... thread 1: (35000,1016000) ops and (34783.0,21559.2) ops/second in (1.006240,47.125985) seconds
2026/05/26-10:24:21  ... thread 0: (34000,1004000) ops and (33580.7,20962.4) ops/second in (1.012487,47.895181) seconds
2026/05/26-10:24:21  ... thread 3: (41000,1032000) ops and (40489.7,21543.8) ops/second in (1.012603,47.902483) seconds
2026/05/26-10:24:21  ... thread 2: (32000,988000) ops and (31767.5,20624.7) ops/second in (1.007318,47.903818) seconds
2026/05/26-10:24:21  ... thread 1: (33000,1049000) ops and (32740.0,21793.4) ops/second in (1.007941,48.133926) seconds
2026/05/26-10:24:22  ... thread 0: (39000,1043000) ops and (38457.0,21325.2) ops/second in (1.014120,48.909301) seconds
2026/05/26-10:24:22  ... thread 2: (33000,1021000) ops and (32590.3,20872.4) ops/second in (1.012571,48.916389) seconds
2026/05/26-10:24:22  ... thread 3: (34000,1066000) ops and (33469.9,21791.4) ops/second in (1.015838,48.918321) seconds
2026/05/26-10:24:22  ... thread 1: (34000,1083000) ops and (31039.3,21999.1) ops/second in (1.095385,49.229311) seconds
2026/05/26-10:24:23  ... thread 3: (7000,1073000) ops and (5647.1,21392.4) ops/second in (1.239570,50.157891) seconds
2026/05/26-10:24:23  ... thread 1: (4000,1087000) ops and (3317.7,21552.5) ops/second in (1.205651,50.434962) seconds
2026/05/26-10:24:23  ... thread 0: (8000,1051000) ops and (5136.0,20825.5) ops/second in (1.557629,50.466930) seconds
2026/05/26-10:24:23  ... thread 2: (8000,1029000) ops and (4621.7,20317.0) ops/second in (1.730947,50.647336) seconds
2026/05/26-10:24:24  ... thread 3: (1000,1074000) ops and (931.8,20963.8) ops/second in (1.073208,51.231099) seconds
2026/05/26-10:24:24  ... thread 1: (2000,1089000) ops and (1906.7,21152.3) ops/second in (1.048918,51.483880) seconds
2026/05/26-10:24:24  ... thread 0: (2000,1053000) ops and (1812.8,20418.8) ops/second in (1.103279,51.570209) seconds
2026/05/26-10:24:25  ... thread 2: (2000,1031000) ops and (1581.5,19860.5) ops/second in (1.264660,51.911996) seconds
2026/05/26-10:24:25  ... thread 3: (1000,1075000) ops and (785.4,20474.5) ops/second in (1.273227,52.504326) seconds
2026/05/26-10:24:25  ... thread 1: (2000,1091000) ops and (1743.3,20729.2) ops/second in (1.147262,52.631142) seconds
2026/05/26-10:24:26  ... thread 0: (2000,1055000) ops and (1121.6,19773.8) ops/second in (1.783127,53.353336) seconds
2026/05/26-10:24:26  ... thread 2: (3000,1034000) ops and (1862.1,19318.8) ops/second in (1.611052,53.523048) seconds
2026/05/26-10:24:27  ... thread 1: (2000,1093000) ops and (1591.6,20282.9) ops/second in (1.256587,53.887729) seconds
2026/05/26-10:24:27  ... thread 3: (3000,1078000) ops and (2009.9,19964.1) ops/second in (1.492627,53.996953) seconds
2026/05/26-10:24:28  ... thread 2: (3000,1037000) ops and (2396.2,18932.0) ops/second in (1.251984,54.775032) seconds
2026/05/26-10:24:28  ... thread 0: (2000,1057000) ops and (1282.7,19248.8) ops/second in (1.559154,54.912490) seconds
2026/05/26-10:24:28  ... thread 1: (1000,1094000) ops and (776.4,19827.5) ops/second in (1.288069,55.175798) seconds
2026/05/26-10:24:28  ... thread 3: (3000,1081000) ops and (2376.9,19562.4) ops/second in (1.262174,55.259127) seconds
2026/05/26-10:24:29  ... thread 3: (3000,1084000) ops and (2852.3,19250.3) ops/second in (1.051794,56.310921) seconds
2026/05/26-10:24:29  ... thread 0: (2000,1059000) ops and (1378.7,18788.9) ops/second in (1.450601,56.363091) seconds
2026/05/26-10:24:29  ... thread 2: (2000,1039000) ops and (1070.7,18343.0) ops/second in (1.867864,56.642896) seconds
2026/05/26-10:24:29  ... thread 1: (2000,1096000) ops and (1333.3,19338.1) ops/second in (1.499990,56.675788) seconds
2026/05/26-10:24:30  ... thread 0: (2000,1061000) ops and (1844.0,18469.0) ops/second in (1.084615,57.447706) seconds
2026/05/26-10:24:31  ... thread 3: (1000,1085000) ops and (717.5,18802.7) ops/second in (1.393682,57.704603) seconds
2026/05/26-10:24:31  ... thread 1: (2000,1098000) ops and (1853.9,19011.5) ops/second in (1.078810,57.754598) seconds
2026/05/26-10:24:31  ... thread 2: (3000,1042000) ops and (2417.4,18001.5) ops/second in (1.241025,57.883921) seconds
2026/05/26-10:24:32  ... thread 1: (3000,1101000) ops and (2256.6,18634.5) ops/second in (1.329408,59.084006) seconds
2026/05/26-10:24:32  ... thread 0: (2000,1063000) ops and (1040.1,17904.5) ops/second in (1.922937,59.370643) seconds
2026/05/26-10:24:32  ... thread 3: (2000,1087000) ops and (1143.1,18282.9) ops/second in (1.749701,59.454304) seconds
2026/05/26-10:24:33  ... thread 2: (2000,1044000) ops and (827.1,17312.9) ops/second in (2.418063,60.301984) seconds
2026/05/26-10:24:33  ... thread 1: (3000,1104000) ops and (2043.6,18232.3) ops/second in (1.468020,60.552026) seconds
2026/05/26-10:24:34  ... thread 0: (1000,1064000) ops and (643.0,17463.9) ops/second in (1.555203,60.925846) seconds
2026/05/26-10:24:34  ... thread 3: (2000,1089000) ops and (1334.7,17866.3) ops/second in (1.498453,60.952757) seconds
2026/05/26-10:24:34  ... thread 2: (1000,1045000) ops and (781.8,16969.5) ops/second in (1.279157,61.581141) seconds
2026/05/26-10:24:35  ... thread 1: (2000,1106000) ops and (1446.1,17857.4) ops/second in (1.383013,61.935039) seconds
2026/05/26-10:24:35  ... thread 0: (2000,1066000) ops and (1216.9,17037.1) ops/second in (1.643547,62.569393) seconds
2026/05/26-10:24:36  ... thread 3: (1000,1090000) ops and (571.1,17383.3) ops/second in (1.750951,62.703708) seconds
2026/05/26-10:24:36  ... thread 2: (1000,1046000) ops and (560.6,16507.5) ops/second in (1.783900,63.365041) seconds
2026/05/26-10:24:37  ... thread 0: (3000,1069000) ops and (2360.2,16744.9) ops/second in (1.271059,63.840452) seconds
2026/05/26-10:24:37  ... thread 3: (2000,1092000) ops and (1131.9,16937.9) ops/second in (1.767002,64.470710) seconds
2026/05/26-10:24:37  ... thread 2: (1000,1047000) ops and (763.2,16188.6) ops/second in (1.310258,64.675299) seconds
2026/05/26-10:24:38  ... thread 0: (2000,1071000) ops and (1602.3,16454.5) ops/second in (1.248173,65.088625) seconds
2026/05/26-10:24:38  ... thread 1: (2000,1108000) ops and (627.5,17014.2) ops/second in (3.187017,65.122056) seconds
2026/05/26-10:24:39  ... thread 1: (1000,1109000) ops and (918.2,16749.4) ops/second in (1.089092,66.211148) seconds
2026/05/26-10:24:39  ... thread 0: (1000,1072000) ops and (806.8,16162.1) ops/second in (1.239497,66.328122) seconds
2026/05/26-10:24:39  ... thread 3: (2000,1094000) ops and (931.3,16421.9) ops/second in (2.147580,66.618290) seconds
2026/05/26-10:24:39  ... thread 2: (2000,1049000) ops and (1001.1,15733.5) ops/second in (1.997789,66.673088) seconds
2026/05/26-10:24:40  ... thread 1: (1000,1110000) ops and (894.1,16486.1) ops/second in (1.118448,67.329596) seconds
2026/05/26-10:24:41  ... thread 3: (1000,1095000) ops and (816.2,16140.1) ops/second in (1.225144,67.843434) seconds
2026/05/26-10:24:41  ... thread 1: (1000,1111000) ops and (995.6,16258.4) ops/second in (1.004374,68.333970) seconds
2026/05/26-10:24:41  ... thread 2: (3000,1052000) ops and (1745.4,15381.9) ops/second in (1.718762,68.391850) seconds
2026/05/26-10:24:42  ... thread 0: (2000,1074000) ops and (823.9,15620.5) ops/second in (2.427595,68.755717) seconds
2026/05/26-10:24:43  ... thread 2: (2000,1054000) ops and (1510.3,15118.5) ops/second in (1.324213,69.716063) seconds
2026/05/26-10:24:43  ... thread 1: (1000,1112000) ops and (657.4,15918.6) ops/second in (1.521223,69.855193) seconds
2026/05/26-10:24:43  ... thread 3: (2000,1097000) ops and (910.5,15662.5) ops/second in (2.196541,70.039975) seconds
2026/05/26-10:24:43  ... thread 0: (2000,1076000) ops and (1042.9,15225.0) ops/second in (1.917650,70.673367) seconds
2026/05/26-10:24:44  ... thread 2: (1000,1055000) ops and (702.4,14830.0) ops/second in (1.423635,71.139698) seconds
2026/05/26-10:24:44  ... thread 3: (1000,1098000) ops and (838.6,15414.3) ops/second in (1.192502,71.232477) seconds
2026/05/26-10:24:44  ... thread 1: (2000,1114000) ops and (1301.5,15604.0) ops/second in (1.536669,71.391862) seconds
2026/05/26-10:24:45  ... thread 0: (2000,1078000) ops and (1254.5,14916.8) ops/second in (1.594236,72.267603) seconds
2026/05/26-10:24:45  ... thread 3: (1000,1099000) ops and (891.5,15189.2) ops/second in (1.121700,72.354177) seconds
2026/05/26-10:24:45  ... thread 1: (1000,1115000) ops and (774.3,15340.5) ops/second in (1.291474,72.683336) seconds
2026/05/26-10:24:46  ... thread 2: (2000,1057000) ops and (1246.0,14530.2) ops/second in (1.605145,72.744843) seconds
2026/05/26-10:24:46  ... thread 0: (1000,1079000) ops and (969.3,14720.5) ops/second in (1.031657,73.299260) seconds
2026/05/26-10:24:47  ... thread 3: (1000,1100000) ops and (648.8,14885.9) ops/second in (1.541375,73.895552) seconds
2026/05/26-10:24:47  ... thread 2: (2000,1059000) ops and (1479.4,14292.1) ops/second in (1.351913,74.096756) seconds
2026/05/26-10:24:47  ... thread 0: (1000,1080000) ops and (854.2,14502.5) ops/second in (1.170749,74.470009) seconds
2026/05/26-10:24:48  ... thread 1: (2000,1117000) ops and (944.0,14932.8) ops/second in (2.118689,74.802025) seconds
2026/05/26-10:24:48  ... thread 3: (1000,1101000) ops and (668.2,14603.7) ops/second in (1.496480,75.392032) seconds
2026/05/26-10:24:49  ... thread 2: (1000,1060000) ops and (589.0,13985.2) ops/second in (1.697715,75.794471) seconds
2026/05/26-10:24:49  ... thread 3: (1000,1102000) ops and (895.6,14403.6) ops/second in (1.116588,76.508620) seconds
2026/05/26-10:24:49  ... thread 0: (2000,1082000) ops and (907.5,14111.7) ops/second in (2.203770,76.673779) seconds
2026/05/26-10:24:50  ... thread 1: (1000,1118000) ops and (507.6,14562.6) ops/second in (1.970072,76.772097) seconds
2026/05/26-10:24:50  ... thread 2: (1000,1061000) ops and (725.7,13748.4) ops/second in (1.377942,77.172413) seconds
2026/05/26-10:24:51  ... thread 0: (1000,1083000) ops and (949.1,13933.3) ops/second in (1.053621,77.727400) seconds
2026/05/26-10:24:51  ... thread 3: (1000,1103000) ops and (525.4,14066.7) ops/second in (1.903285,78.411905) seconds
2026/05/26-10:24:51  ... thread 2: (1000,1062000) ops and (787.6,13538.7) ops/second in (1.269668,78.442081) seconds
2026/05/26-10:24:52  ... thread 1: (1000,1119000) ops and (443.2,14159.5) ops/second in (2.256299,79.028396) seconds
2026/05/26-10:24:52  ... thread 3: (1000,1104000) ops and (956.8,13894.3) ops/second in (1.045167,79.457072) seconds
2026/05/26-10:24:52  ... thread 2: (1000,1063000) ops and (823.8,13344.9) ops/second in (1.213947,79.656028) seconds
2026/05/26-10:24:53  ... thread 0: (1000,1084000) ops and (478.4,13581.0) ops/second in (2.090267,79.817667) seconds
2026/05/26-10:24:53  ... thread 1: (1000,1120000) ops and (901.0,13975.8) ops/second in (1.109935,80.138331) seconds
2026/05/26-10:24:53  ... thread 3: (1000,1105000) ops and (863.9,13707.2) ops/second in (1.157493,80.614565) seconds
2026/05/26-10:24:54  ... thread 0: (1000,1085000) ops and (686.6,13349.9) ops/second in (1.456425,81.274092) seconds
2026/05/26-10:24:55  ... thread 3: (1000,1106000) ops and (804.1,13511.2) ops/second in (1.243589,81.858154) seconds
2026/05/26-10:24:55  ... thread 1: (1000,1121000) ops and (450.0,13610.9) ops/second in (2.222017,82.360348) seconds
2026/05/26-10:24:55  ... thread 2: (1000,1064000) ops and (357.0,12903.6) ops/second in (2.801377,82.457405) seconds
2026/05/26-10:24:56  ... thread 2: (1000,1065000) ops and (815.6,12726.5) ops/second in (1.226039,83.683444) seconds
2026/05/26-10:24:57  ... thread 0: (2000,1087000) ops and (748.7,12948.9) ops/second in (2.671187,83.945279) seconds
2026/05/26-10:24:57  ... thread 3: (2000,1108000) ops and (766.1,13117.3) ops/second in (2.610609,84.468763) seconds
2026/05/26-10:24:57  ... thread 1: (1000,1122000) ops and (448.0,13263.6) ops/second in (2.232151,84.592499) seconds
2026/05/26-10:24:58  ... thread 2: (1000,1066000) ops and (781.5,12546.6) ops/second in (1.279590,84.963034) seconds
2026/05/26-10:24:58  ... thread 0: (1000,1088000) ops and (872.1,12786.2) ops/second in (1.146713,85.091992) seconds
2026/05/26-10:24:59  ... thread 3: (1000,1109000) ops and (674.6,12902.7) ops/second in (1.482371,85.951134) seconds
2026/05/26-10:24:59  ... thread 1: (1000,1123000) ops and (580.0,13010.3) ops/second in (1.724006,86.316505) seconds
2026/05/26-10:24:59  ... thread 2: (1000,1067000) ops and (661.7,12338.9) ops/second in (1.511156,86.474190) seconds
2026/05/26-10:25:00  ... thread 0: (1000,1089000) ops and (611.0,12556.4) ops/second in (1.636785,86.728777) seconds
2026/05/26-10:25:00  ... thread 1: (1000,1124000) ops and (959.1,12866.4) ops/second in (1.042622,87.359127) seconds
2026/05/26-10:25:01  ... thread 2: (1000,1068000) ops and (625.1,12126.2) ops/second in (1.599676,88.073866) seconds
2026/05/26-10:25:02  ... thread 0: (2000,1091000) ops and (966.7,12286.4) ops/second in (2.068810,88.797587) seconds
2026/05/26-10:25:02  ... thread 1: (1000,1125000) ops and (565.7,12622.5) ops/second in (1.767734,89.126861) seconds
2026/05/26-10:25:02  ... thread 3: (1000,1110000) ops and (309.4,12446.3) ops/second in (3.231769,89.182903) seconds
2026/05/26-10:25:03  ... thread 0: (1000,1092000) ops and (979.1,12157.8) ops/second in (1.021355,89.818942) seconds
2026/05/26-10:25:03  ... thread 2: (1000,1069000) ops and (527.8,11881.9) ops/second in (1.894570,89.968436) seconds
2026/05/26-10:25:03  ... thread 3: (1000,1111000) ops and (845.0,12294.4) ops/second in (1.183469,90.366372) seconds
2026/05/26-10:25:03  ... thread 1: (1000,1126000) ops and (704.9,12435.7) ops/second in (1.418606,90.545467) seconds
2026/05/26-10:25:04  ... thread 0: (1000,1093000) ops and (598.7,11946.8) ops/second in (1.670198,91.489140) seconds
2026/05/26-10:25:05  ... thread 1: (1000,1127000) ops and (835.0,12284.3) ops/second in (1.197588,91.743055) seconds
2026/05/26-10:25:05  ... thread 3: (1000,1112000) ops and (673.4,12106.5) ops/second in (1.485100,91.851472) seconds
2026/05/26-10:25:05  ... thread 2: (1000,1070000) ops and (525.7,11646.8) ops/second in (1.902159,91.870595) seconds
2026/05/26-10:25:06  ... thread 2: (1000,1071000) ops and (782.7,11497.8) ops/second in (1.277577,93.148172) seconds
2026/05/26-10:25:06  ... thread 0: (1000,1094000) ops and (593.3,11741.4) ops/second in (1.685440,93.174580) seconds
2026/05/26-10:25:06  ... thread 3: (1000,1113000) ops and (739.6,11941.6) ops/second in (1.352118,93.203590) seconds
2026/05/26-10:25:07  ... thread 2: (1000,1072000) ops and (863.5,11367.2) ops/second in (1.158121,94.306293) seconds
2026/05/26-10:25:07  ... thread 1: (1000,1128000) ops and (341.9,11915.3) ops/second in (2.924907,94.667962) seconds
2026/05/26-10:25:08  ... thread 3: (2000,1115000) ops and (950.6,11699.0) ops/second in (2.104012,95.307602) seconds
2026/05/26-10:25:09  ... thread 0: (1000,1095000) ops and (379.7,11429.1) ops/second in (2.633694,95.808274) seconds
2026/05/26-10:25:09  ... thread 3: (1000,1116000) ops and (989.7,11586.6) ops/second in (1.010429,96.318031) seconds
2026/05/26-10:25:09  ... thread 1: (1000,1129000) ops and (522.8,11689.7) ops/second in (1.912719,96.580681) seconds
2026/05/26-10:25:09  ... thread 2: (2000,1074000) ops and (855.8,11113.0) ops/second in (2.337034,96.643327) seconds
2026/05/26-10:25:10  ... thread 0: (1000,1096000) ops and (593.4,11241.8) ops/second in (1.685086,97.493360) seconds
2026/05/26-10:25:10  ... thread 2: (1000,1075000) ops and (960.7,11004.8) ops/second in (1.040939,97.684266) seconds
2026/05/26-10:25:11  ... thread 1: (1000,1130000) ops and (741.6,11539.0) ops/second in (1.348427,97.929108) seconds
2026/05/26-10:25:11  ... thread 3: (1000,1117000) ops and (455.1,11338.3) ops/second in (2.197220,98.515251) seconds
2026/05/26-10:25:13  ... thread 0: (1000,1097000) ops and (453.7,11003.3) ops/second in (2.204263,99.697623) seconds
2026/05/26-10:25:13  ... thread 1: (1000,1131000) ops and (433.9,11283.6) ops/second in (2.304682,100.233790) seconds
2026/05/26-10:25:13  ... thread 3: (1000,1118000) ops and (469.3,11108.3) ops/second in (2.130618,100.645869) seconds
2026/05/26-10:25:13  ... thread 2: (1000,1076000) ops and (333.7,10687.2) ops/second in (2.997120,100.681386) seconds
2026/05/26-10:25:14  ... thread 0: (2000,1099000) ops and (1979.8,10912.8) ops/second in (1.010198,100.707821) seconds
2026/05/26-10:25:14  ... thread 1: (21000,1152000) ops and (20602.9,11377.4) ops/second in (1.019274,101.253064) seconds
2026/05/26-10:25:14  ... thread 3: (32000,1150000) ops and (31679.0,11312.7) ops/second in (1.010134,101.656003) seconds
2026/05/26-10:25:14  ... thread 2: (31000,1107000) ops and (30819.4,10886.3) ops/second in (1.005859,101.687245) seconds
2026/05/26-10:25:15  ... thread 0: (32000,1131000) ops and (31680.0,11119.0) ops/second in (1.010102,101.717923) seconds
2026/05/26-10:25:15  ... thread 1: (25000,1177000) ops and (24613.2,11508.9) ops/second in (1.015714,102.268778) seconds
2026/05/26-10:25:16  ... thread 0: (27000,1158000) ops and (25112.0,11265.3) ops/second in (1.075185,102.793108) seconds
2026/05/26-10:25:16  ... thread 2: (30000,1137000) ops and (26951.5,11060.3) ops/second in (1.113110,102.800355) seconds
2026/05/26-10:25:16  ... thread 3: (33000,1183000) ops and (28785.3,11507.5) ops/second in (1.146417,102.802420) seconds
2026/05/26-10:25:16  ... thread 1: (29000,1206000) ops and (27097.2,11670.3) ops/second in (1.070221,103.338999) seconds
2026/05/26-10:25:17  ... thread 0: (29000,1187000) ops and (25792.9,11422.5) ops/second in (1.124342,103.917450) seconds
2026/05/26-10:25:17  ... thread 2: (30000,1167000) ops and (26440.1,11228.2) ops/second in (1.134642,103.934997) seconds
2026/05/26-10:25:17  ... thread 3: (33000,1216000) ops and (29059.9,11699.3) ops/second in (1.135587,103.938007) seconds
2026/05/26-10:25:17  ... thread 1: (34000,1240000) ops and (29657.3,11867.7) ops/second in (1.146430,104.485429) seconds
2026/05/26-10:25:18  ... thread 2: (30000,1197000) ops and (26971.3,11394.9) ops/second in (1.112294,105.047291) seconds
2026/05/26-10:25:18  ... thread 0: (33000,1220000) ops and (29056.7,11613.2) ops/second in (1.135711,105.053161) seconds
Initializing RocksDB Options from the specified file
Initializing RocksDB Options from command-line flags
Integrated BlobDB: blob cache disabled
Keys:       16 bytes each (+ 0 bytes user-defined timestamp)
Values:     1024 bytes each (512 bytes after compression)
Entries:    1250000
Prefix:    0 bytes
Keys per prefix:    0
RawSize:    1239.8 MB (estimated)
FileSize:   629.4 MB (estimated)
Write rate: 0 bytes/second
Read rate: 0 ops/second
Compression: Snappy
Compression sampling rate: 0
Memtablerep: SkipListFactory
Perf Level: 1
WARNING: Assertions are enabled; benchmarks unnecessarily slow
------------------------------------------------
Initializing RocksDB Options from the specified file
Initializing RocksDB Options from command-line flags
Integrated BlobDB: blob cache disabled
DB path: [/tmp/rocksdb_comp_exp_db]
fillrandom   :      84.136 micros/op 47299 ops/sec 105.709 seconds 5000000 operations;   46.9 MB/s
2026/05/26-10:25:28  ... thread 0: (1000,1000) ops and (106.0,106.0) ops/second in (9.433620,9.433620) seconds
2026/05/26-10:25:30  ... thread 2: (1000,1000) ops and (89.6,89.6) ops/second in (11.166075,11.166075) seconds
2026/05/26-10:25:30  ... thread 3: (1000,1000) ops and (88.6,88.6) ops/second in (11.281687,11.281687) seconds
2026/05/26-10:25:30  ... thread 1: (1000,1000) ops and (87.4,87.4) ops/second in (11.440295,11.440295) seconds
2026/05/26-10:25:37  ... thread 0: (1000,2000) ops and (115.7,110.6) ops/second in (8.645098,18.078718) seconds
2026/05/26-10:25:38  ... thread 2: (1000,2000) ops and (125.6,104.5) ops/second in (7.964436,19.130511) seconds
2026/05/26-10:25:38  ... thread 3: (1000,2000) ops and (124.6,103.6) ops/second in (8.024851,19.306538) seconds
2026/05/26-10:25:38  ... thread 1: (1000,2000) ops and (121.5,101.7) ops/second in (8.231781,19.672076) seconds
2026/05/26-10:25:46  ... thread 0: (1000,3000) ops and (109.6,110.3) ops/second in (9.126137,27.204855) seconds
2026/05/26-10:25:47  ... thread 3: (1000,3000) ops and (109.2,105.4) ops/second in (9.158286,28.464824) seconds
2026/05/26-10:25:47  ... thread 2: (1000,3000) ops and (102.8,103.9) ops/second in (9.729606,28.860117) seconds
2026/05/26-10:25:48  ... thread 1: (1000,3000) ops and (105.5,102.9) ops/second in (9.474781,29.146857) seconds
2026/05/26-10:26:00  ... thread 0: (1000,4000) ops and (68.3,95.6) ops/second in (14.634480,41.839335) seconds
2026/05/26-10:26:04  ... thread 2: (1000,4000) ops and (61.0,88.4) ops/second in (16.397391,45.257508) seconds
2026/05/26-10:26:06  ... thread 3: (1000,4000) ops and (51.9,83.8) ops/second in (19.276210,47.741034) seconds
2026/05/26-10:26:07  ... thread 1: (1000,4000) ops and (51.8,82.6) ops/second in (19.298439,48.445296) seconds
2026/05/26-10:26:17  ... thread 0: (1000,5000) ops and (59.1,85.1) ops/second in (16.911673,58.751008) seconds
2026/05/26-10:26:18  ... thread 2: (1000,5000) ops and (70.6,84.1) ops/second in (14.169162,59.426670) seconds
2026/05/26-10:26:19  ... thread 3: (1000,5000) ops and (81.6,83.3) ops/second in (12.260587,60.001621) seconds
2026/05/26-10:26:19  ... thread 1: (1000,5000) ops and (85.5,83.1) ops/second in (11.689512,60.134808) seconds
2026/05/26-10:26:22  ... thread 0: (1000,6000) ops and (203.0,94.2) ops/second in (4.925053,63.676061) seconds
2026/05/26-10:26:22  ... thread 2: (1000,6000) ops and (233.2,94.2) ops/second in (4.288151,63.714821) seconds
2026/05/26-10:26:22  ... thread 3: (1000,6000) ops and (253.8,93.8) ops/second in (3.939361,63.940982) seconds
2026/05/26-10:26:23  ... thread 1: (1000,6000) ops and (255.8,93.7) ops/second in (3.909039,64.043847) seconds
2026/05/26-10:26:26  ... thread 0: (1000,7000) ops and (258.1,103.6) ops/second in (3.874579,67.550640) seconds
2026/05/26-10:26:26  ... thread 2: (1000,7000) ops and (259.0,103.6) ops/second in (3.860775,67.575596) seconds
2026/05/26-10:26:26  ... thread 3: (1000,7000) ops and (264.3,103.4) ops/second in (3.783998,67.724980) seconds
2026/05/26-10:26:26  ... thread 1: (1000,7000) ops and (269.3,103.3) ops/second in (3.713561,67.757408) seconds
2026/05/26-10:26:28  ... thread 0: (1000,8000) ops and (561.5,115.4) ops/second in (1.780789,69.331429) seconds
2026/05/26-10:26:28  ... thread 3: (1000,8000) ops and (595.7,115.3) ops/second in (1.678700,69.403680) seconds
2026/05/26-10:26:28  ... thread 2: (1000,8000) ops and (536.7,115.2) ops/second in (1.863134,69.438730) seconds
2026/05/26-10:26:28  ... thread 1: (1000,8000) ops and (580.0,115.1) ops/second in (1.724112,69.481520) seconds
2026/05/26-10:26:30  ... thread 0: (1000,9000) ops and (463.2,125.9) ops/second in (2.158775,71.490204) seconds
2026/05/26-10:26:30  ... thread 3: (1000,9000) ops and (426.7,125.4) ops/second in (2.343642,71.747322) seconds
2026/05/26-10:26:30  ... thread 1: (1000,9000) ops and (433.4,125.4) ops/second in (2.307480,71.789000) seconds
2026/05/26-10:26:30  ... thread 2: (1000,9000) ops and (411.0,125.2) ops/second in (2.433298,71.872028) seconds
2026/05/26-10:26:31  ... thread 0: (1000,10000) ops and (935.5,137.8) ops/second in (1.068997,72.559201) seconds
2026/05/26-10:26:32  ... thread 3: (1000,10000) ops and (677.7,136.6) ops/second in (1.475583,73.222905) seconds
2026/05/26-10:26:32  ... thread 2: (1000,10000) ops and (664.4,136.3) ops/second in (1.505204,73.377232) seconds
2026/05/26-10:26:32  ... thread 0: (1000,11000) ops and (728.0,148.8) ops/second in (1.373602,73.932803) seconds
2026/05/26-10:26:33  ... thread 1: (2000,11000) ops and (706.9,147.4) ops/second in (2.829272,74.618272) seconds
2026/05/26-10:26:33  ... thread 3: (1000,11000) ops and (657.5,147.2) ops/second in (1.521007,74.743912) seconds
2026/05/26-10:26:33  ... thread 2: (1000,11000) ops and (646.0,146.8) ops/second in (1.547902,74.925134) seconds
2026/05/26-10:26:34  ... thread 0: (1000,12000) ops and (708.7,159.3) ops/second in (1.411000,75.343803) seconds
2026/05/26-10:26:35  ... thread 2: (1000,12000) ops and (803.5,157.5) ops/second in (1.244583,76.169717) seconds
2026/05/26-10:26:35  ... thread 3: (1000,12000) ops and (672.1,157.4) ops/second in (1.487785,76.231697) seconds
2026/05/26-10:26:35  ... thread 0: (1000,13000) ops and (663.0,169.2) ops/second in (1.508352,76.852155) seconds
2026/05/26-10:26:36  ... thread 1: (2000,13000) ops and (823.5,168.7) ops/second in (2.428662,77.046934) seconds
2026/05/26-10:26:36  ... thread 3: (1000,13000) ops and (828.0,167.9) ops/second in (1.207750,77.439447) seconds
2026/05/26-10:26:37  ... thread 0: (1000,14000) ops and (704.3,178.9) ops/second in (1.419818,78.271973) seconds
2026/05/26-10:26:37  ... thread 1: (1000,14000) ops and (743.6,178.6) ops/second in (1.344722,78.391656) seconds
2026/05/26-10:26:37  ... thread 2: (2000,14000) ops and (892.8,178.5) ops/second in (2.240157,78.409874) seconds
2026/05/26-10:26:37  ... thread 3: (2000,15000) ops and (1410.0,190.2) ops/second in (1.418469,78.857916) seconds
2026/05/26-10:26:38  ... thread 0: (3000,17000) ops and (2365.6,213.7) ops/second in (1.268156,79.540129) seconds
2026/05/26-10:26:38  ... thread 2: (3000,17000) ops and (2614.3,213.7) ops/second in (1.147551,79.557425) seconds
2026/05/26-10:26:38  ... thread 1: (3000,17000) ops and (2522.7,213.6) ops/second in (1.189199,79.580855) seconds
2026/05/26-10:26:38  ... thread 3: (3000,18000) ops and (2781.8,225.2) ops/second in (1.078422,79.936338) seconds
2026/05/26-10:26:39  ... thread 0: (3000,20000) ops and (2750.1,248.0) ops/second in (1.090859,80.630988) seconds
2026/05/26-10:26:39  ... thread 1: (3000,20000) ops and (2776.4,248.0) ops/second in (1.080529,80.661384) seconds
2026/05/26-10:26:39  ... thread 2: (4000,21000) ops and (3030.0,259.7) ops/second in (1.320140,80.877565) seconds
2026/05/26-10:26:40  ... thread 3: (4000,22000) ops and (3038.2,270.8) ops/second in (1.316582,81.252920) seconds
2026/05/26-10:26:40  ... thread 0: (4000,24000) ops and (3233.0,293.2) ops/second in (1.237240,81.868228) seconds
2026/05/26-10:26:40  ... thread 1: (4000,24000) ops and (3194.4,293.0) ops/second in (1.252206,81.913590) seconds
2026/05/26-10:26:41  ... thread 2: (4000,25000) ops and (3443.0,304.7) ops/second in (1.161779,82.039344) seconds
2026/05/26-10:26:41  ... thread 3: (4000,26000) ops and (3224.7,315.2) ops/second in (1.240421,82.493341) seconds
2026/05/26-10:26:42  ... thread 0: (4000,28000) ops and (3556.3,337.4) ops/second in (1.124765,82.992993) seconds
2026/05/26-10:26:42  ... thread 1: (4000,28000) ops and (3531.7,337.2) ops/second in (1.132593,83.046183) seconds
2026/05/26-10:26:42  ... thread 2: (4000,29000) ops and (3661.4,348.8) ops/second in (1.092483,83.131827) seconds
2026/05/26-10:26:42  ... thread 3: (5000,31000) ops and (4046.5,370.2) ops/second in (1.235649,83.728990) seconds
2026/05/26-10:26:43  ... thread 0: (5000,33000) ops and (4333.1,392.2) ops/second in (1.153904,84.146897) seconds
2026/05/26-10:26:43  ... thread 1: (5000,33000) ops and (4154.8,391.7) ops/second in (1.203418,84.249601) seconds
2026/05/26-10:26:43  ... thread 2: (5000,34000) ops and (4037.8,403.0) ops/second in (1.238307,84.370134) seconds
2026/05/26-10:26:43  ... thread 3: (5000,36000) ops and (4637.2,424.5) ops/second in (1.078228,84.807218) seconds
2026/05/26-10:26:44  ... thread 0: (5000,38000) ops and (4751.1,446.0) ops/second in (1.052393,85.199290) seconds
2026/05/26-10:26:44  ... thread 1: (5000,38000) ops and (4737.3,445.5) ops/second in (1.055464,85.305065) seconds
2026/05/26-10:26:44  ... thread 2: (6000,40000) ops and (5073.5,467.5) ops/second in (1.182624,85.552758) seconds
2026/05/26-10:26:44  ... thread 3: (5000,41000) ops and (4915.4,477.7) ops/second in (1.017219,85.824437) seconds
2026/05/26-10:26:45  ... thread 0: (6000,44000) ops and (5219.3,509.6) ops/second in (1.149569,86.348859) seconds
2026/05/26-10:26:45  ... thread 1: (6000,44000) ops and (5259.6,509.0) ops/second in (1.140762,86.445827) seconds
2026/05/26-10:26:45  ... thread 2: (6000,46000) ops and (5888.5,531.4) ops/second in (1.018931,86.571689) seconds
2026/05/26-10:26:45  ... thread 3: (7000,48000) ops and (6084.0,551.9) ops/second in (1.150566,86.975003) seconds
2026/05/26-10:26:46  ... thread 0: (7000,51000) ops and (6745.7,583.6) ops/second in (1.037694,87.386553) seconds
2026/05/26-10:26:46  ... thread 1: (7000,51000) ops and (6876.7,583.1) ops/second in (1.017931,87.463758) seconds
2026/05/26-10:26:46  ... thread 2: (7000,53000) ops and (6550.2,604.7) ops/second in (1.068674,87.640363) seconds
2026/05/26-10:26:47  ... thread 3: (8000,56000) ops and (7547.1,636.1) ops/second in (1.060015,88.035018) seconds
2026/05/26-10:26:47  ... thread 0: (8000,59000) ops and (7439.1,667.0) ops/second in (1.075403,88.461956) seconds
2026/05/26-10:26:47  ... thread 1: (8000,59000) ops and (7209.8,666.1) ops/second in (1.109603,88.573361) seconds
2026/05/26-10:26:47  ... thread 2: (9000,62000) ops and (8138.6,698.6) ops/second in (1.105837,88.746200) seconds
2026/05/26-10:26:48  ... thread 3: (8000,64000) ops and (7923.7,718.7) ops/second in (1.009632,89.044650) seconds
2026/05/26-10:26:48  ... thread 0: (9000,68000) ops and (8725.7,759.8) ops/second in (1.031439,89.493395) seconds
2026/05/26-10:26:48  ... thread 1: (10000,69000) ops and (9512.3,769.9) ops/second in (1.051272,89.624633) seconds
2026/05/26-10:26:48  ... thread 2: (10000,72000) ops and (9355.8,801.6) ops/second in (1.068853,89.815053) seconds
2026/05/26-10:26:49  ... thread 3: (10000,74000) ops and (9831.2,821.7) ops/second in (1.017174,90.061824) seconds
2026/05/26-10:26:49  ... thread 0: (11000,79000) ops and (10531.2,872.6) ops/second in (1.044520,90.537915) seconds
2026/05/26-10:26:49  ... thread 1: (12000,81000) ops and (11422.7,893.3) ops/second in (1.050543,90.675176) seconds
2026/05/26-10:26:49  ... thread 2: (12000,84000) ops and (11675.4,924.7) ops/second in (1.027806,90.842859) seconds
2026/05/26-10:26:50  ... thread 3: (13000,87000) ops and (12153.8,954.7) ops/second in (1.069622,91.131446) seconds
2026/05/26-10:26:50  ... thread 0: (13000,92000) ops and (12340.6,1004.5) ops/second in (1.053431,91.591346) seconds
2026/05/26-10:26:50  ... thread 1: (14000,95000) ops and (13012.8,1035.4) ops/second in (1.075860,91.751036) seconds
2026/05/26-10:26:50  ... thread 2: (15000,99000) ops and (14679.2,1077.7) ops/second in (1.021854,91.864713) seconds
DB path: [/tmp/rocksdb_comp_exp_db]
readrandom   :     920.391 micros/op 4342 ops/sec 92.116 seconds 400000 operations;    4.2 MB/s (98143 of 100000 found)

STATISTICS:
rocksdb.block.cache.miss COUNT : 3353667
rocksdb.block.cache.hit COUNT : 40016
rocksdb.block.cache.add COUNT : 825960
rocksdb.block.cache.add.failures COUNT : 0
rocksdb.block.cache.index.miss COUNT : 0
rocksdb.block.cache.index.hit COUNT : 0
rocksdb.block.cache.index.add COUNT : 0
rocksdb.block.cache.index.bytes.insert COUNT : 0
rocksdb.block.cache.filter.miss COUNT : 0
rocksdb.block.cache.filter.hit COUNT : 0
rocksdb.block.cache.filter.add COUNT : 0
rocksdb.block.cache.filter.bytes.insert COUNT : 0
rocksdb.block.cache.data.miss COUNT : 3353667
rocksdb.block.cache.data.hit COUNT : 40016
rocksdb.block.cache.data.add COUNT : 825960
rocksdb.block.cache.data.bytes.insert COUNT : 3554915424
rocksdb.block.cache.bytes.read COUNT : 172228864
rocksdb.block.cache.bytes.write COUNT : 3554915424
rocksdb.block.cache.compression.dict.miss COUNT : 0
rocksdb.block.cache.compression.dict.hit COUNT : 0
rocksdb.block.cache.compression.dict.add COUNT : 0
rocksdb.block.cache.compression.dict.bytes.insert COUNT : 0
rocksdb.block.cache.add.redundant COUNT : 7
rocksdb.block.cache.index.add.redundant COUNT : 0
rocksdb.block.cache.filter.add.redundant COUNT : 0
rocksdb.block.cache.data.add.redundant COUNT : 7
rocksdb.block.cache.compression.dict.add.redundant COUNT : 0
rocksdb.secondary.cache.hits COUNT : 0
rocksdb.secondary.cache.filter.hits COUNT : 0
rocksdb.secondary.cache.index.hits COUNT : 0
rocksdb.secondary.cache.data.hits COUNT : 0
rocksdb.compressed.secondary.cache.dummy.hits COUNT : 0
rocksdb.compressed.secondary.cache.hits COUNT : 0
rocksdb.compressed.secondary.cache.promotions COUNT : 0
rocksdb.compressed.secondary.cache.promotion.skips COUNT : 0
rocksdb.bloom.filter.useful COUNT : 0
rocksdb.bloom.filter.full.positive COUNT : 0
rocksdb.bloom.filter.full.true.positive COUNT : 0
rocksdb.bloom.filter.prefix.checked COUNT : 0
rocksdb.bloom.filter.prefix.useful COUNT : 0
rocksdb.bloom.filter.prefix.true.positive COUNT : 0
rocksdb.persistent.cache.hit COUNT : 0
rocksdb.persistent.cache.miss COUNT : 0
rocksdb.sim.block.cache.hit COUNT : 0
rocksdb.sim.block.cache.miss COUNT : 0
rocksdb.memtable.hit COUNT : 7036
rocksdb.memtable.miss COUNT : 392964
rocksdb.l0.hit COUNT : 20053
rocksdb.l1.hit COUNT : 131717
rocksdb.l2andup.hit COUNT : 233863
rocksdb.compaction.key.drop.new COUNT : 3387628
rocksdb.compaction.key.drop.obsolete COUNT : 0
rocksdb.compaction.key.drop.range_del COUNT : 0
rocksdb.compaction.key.drop.user COUNT : 0
rocksdb.compaction.range_del.drop.obsolete COUNT : 0
rocksdb.compaction.optimized.del.drop.obsolete COUNT : 0
rocksdb.compaction.cancelled COUNT : 0
rocksdb.compaction.aborted COUNT : 0
rocksdb.number.keys.written COUNT : 5000000
rocksdb.number.keys.read COUNT : 400000
rocksdb.number.keys.updated COUNT : 0
rocksdb.bytes.written COUNT : 5277454716
rocksdb.bytes.read COUNT : 402093056
rocksdb.number.db.seek COUNT : 0
rocksdb.number.db.next COUNT : 0
rocksdb.number.db.prev COUNT : 0
rocksdb.number.db.seek.found COUNT : 0
rocksdb.number.db.next.found COUNT : 0
rocksdb.number.db.prev.found COUNT : 0
rocksdb.db.iter.bytes.read COUNT : 0
rocksdb.number.iter.skip COUNT : 0
rocksdb.number.reseeks.iteration COUNT : 0
rocksdb.num.iterator.created COUNT : 0
rocksdb.num.iterator.deleted COUNT : 0
rocksdb.no.file.opens COUNT : 134
rocksdb.no.file.errors COUNT : 0
rocksdb.stall.micros COUNT : 74189520
rocksdb.db.mutex.wait.micros COUNT : 0
rocksdb.number.multiget.get COUNT : 0
rocksdb.number.multiget.keys.read COUNT : 0
rocksdb.number.multiget.bytes.read COUNT : 0
rocksdb.number.multiget.keys.found COUNT : 0
rocksdb.number.merge.failures COUNT : 0
rocksdb.getupdatessince.calls COUNT : 0
rocksdb.wal.synced COUNT : 0
rocksdb.wal.bytes COUNT : 5277454716
rocksdb.write.self COUNT : 4787893
rocksdb.write.other COUNT : 212107
rocksdb.write.wal COUNT : 5000000
rocksdb.compact.read.bytes COUNT : 6171788748
rocksdb.compact.write.bytes COUNT : 4138166317
rocksdb.flush.write.bytes COUNT : 2971514570
rocksdb.compact.read.marked.bytes COUNT : 0
rocksdb.compact.read.periodic.bytes COUNT : 0
rocksdb.compact.read.ttl.bytes COUNT : 0
rocksdb.compact.write.marked.bytes COUNT : 0
rocksdb.compact.write.periodic.bytes COUNT : 0
rocksdb.compact.write.ttl.bytes COUNT : 0
rocksdb.number.direct.load.table.properties COUNT : 0
rocksdb.number.superversion_acquires COUNT : 32
rocksdb.number.superversion_releases COUNT : 28
rocksdb.number.superversion_cleanups COUNT : 7
rocksdb.number.block.compressed COUNT : 2907784
rocksdb.number.block.decompressed COUNT : 3353801
rocksdb.bytes.compressed.from COUNT : 12255599416
rocksdb.bytes.compressed.to COUNT : 7094962203
rocksdb.bytes.compression_bypassed COUNT : 0
rocksdb.bytes.compression.rejected COUNT : 0
rocksdb.number.block_compression_bypassed COUNT : 0
rocksdb.number.block_compression_rejected COUNT : 0
rocksdb.bytes.decompressed.from COUNT : 8179244016
rocksdb.bytes.decompressed.to COUNT : 14126774648
rocksdb.merge.operation.time.nanos COUNT : 0
rocksdb.filter.operation.time.nanos COUNT : 0
rocksdb.compaction.total.time.cpu_micros COUNT : 35145413
rocksdb.row.cache.hit COUNT : 0
rocksdb.row.cache.miss COUNT : 0
rocksdb.read.amp.estimate.useful.bytes COUNT : 0
rocksdb.read.amp.total.read.bytes COUNT : 0
rocksdb.number.rate_limiter.drains COUNT : 0
rocksdb.blobdb.num.put COUNT : 0
rocksdb.blobdb.num.write COUNT : 0
rocksdb.blobdb.num.get COUNT : 0
rocksdb.blobdb.num.multiget COUNT : 0
rocksdb.blobdb.num.seek COUNT : 0
rocksdb.blobdb.num.next COUNT : 0
rocksdb.blobdb.num.prev COUNT : 0
rocksdb.blobdb.num.keys.written COUNT : 0
rocksdb.blobdb.num.keys.read COUNT : 0
rocksdb.blobdb.bytes.written COUNT : 0
rocksdb.blobdb.bytes.read COUNT : 0
rocksdb.blobdb.write.inlined COUNT : 0
rocksdb.blobdb.write.inlined.ttl COUNT : 0
rocksdb.blobdb.write.blob COUNT : 0
rocksdb.blobdb.write.blob.ttl COUNT : 0
rocksdb.blobdb.blob.file.bytes.written COUNT : 0
rocksdb.blobdb.blob.file.bytes.read COUNT : 0
rocksdb.blobdb.blob.file.synced COUNT : 0
rocksdb.blobdb.blob.index.expired.count COUNT : 0
rocksdb.blobdb.blob.index.expired.size COUNT : 0
rocksdb.blobdb.blob.index.evicted.count COUNT : 0
rocksdb.blobdb.blob.index.evicted.size COUNT : 0
rocksdb.blobdb.gc.num.files COUNT : 0
rocksdb.blobdb.gc.num.new.files COUNT : 0
rocksdb.blobdb.gc.failures COUNT : 0
rocksdb.blobdb.gc.num.keys.relocated COUNT : 0
rocksdb.blobdb.gc.bytes.relocated COUNT : 0
rocksdb.blobdb.fifo.num.files.evicted COUNT : 0
rocksdb.blobdb.fifo.num.keys.evicted COUNT : 0
rocksdb.blobdb.fifo.bytes.evicted COUNT : 0
rocksdb.blobdb.cache.miss COUNT : 0
rocksdb.blobdb.cache.hit COUNT : 0
rocksdb.blobdb.cache.add COUNT : 0
rocksdb.blobdb.cache.add.failures COUNT : 0
rocksdb.blobdb.cache.bytes.read COUNT : 0
rocksdb.blobdb.cache.bytes.write COUNT : 0
rocksdb.txn.overhead.mutex.prepare COUNT : 0
rocksdb.txn.overhead.mutex.old.commit.map COUNT : 0
rocksdb.txn.overhead.duplicate.key COUNT : 0
rocksdb.txn.overhead.mutex.snapshot COUNT : 0
rocksdb.txn.get.tryagain COUNT : 0
rocksdb.files.marked.trash COUNT : 0
rocksdb.files.marked.trash.deleted COUNT : 0
rocksdb.files.deleted.immediately COUNT : 197
rocksdb.error.handler.bg.error.count COUNT : 0
rocksdb.error.handler.bg.io.error.count COUNT : 0
rocksdb.error.handler.bg.retryable.io.error.count COUNT : 0
rocksdb.error.handler.autoresume.count COUNT : 0
rocksdb.error.handler.autoresume.retry.total.count COUNT : 0
rocksdb.error.handler.autoresume.success.count COUNT : 0
rocksdb.memtable.payload.bytes.at.flush COUNT : 5216720776
rocksdb.memtable.garbage.bytes.at.flush COUNT : 127460904
rocksdb.verify_checksum.read.bytes COUNT : 0
rocksdb.backup.read.bytes COUNT : 0
rocksdb.backup.write.bytes COUNT : 0
rocksdb.remote.compact.read.bytes COUNT : 0
rocksdb.remote.compact.write.bytes COUNT : 0
rocksdb.remote.compact.resumed.bytes COUNT : 0
rocksdb.hot.file.read.bytes COUNT : 0
rocksdb.warm.file.read.bytes COUNT : 0
rocksdb.cool.file.read.bytes COUNT : 0
rocksdb.cold.file.read.bytes COUNT : 0
rocksdb.ice.file.read.bytes COUNT : 0
rocksdb.hot.file.read.count COUNT : 0
rocksdb.warm.file.read.count COUNT : 0
rocksdb.cool.file.read.count COUNT : 0
rocksdb.cold.file.read.count COUNT : 0
rocksdb.ice.file.read.count COUNT : 0
rocksdb.last.level.read.bytes COUNT : 0
rocksdb.last.level.read.count COUNT : 0
rocksdb.non.last.level.read.bytes COUNT : 8196181393
rocksdb.non.last.level.read.count COUNT : 3354203
rocksdb.last.level.seek.filtered COUNT : 0
rocksdb.last.level.seek.filter.match COUNT : 0
rocksdb.last.level.seek.data COUNT : 0
rocksdb.last.level.seek.data.useful.no.filter COUNT : 0
rocksdb.last.level.seek.data.useful.filter.match COUNT : 0
rocksdb.non.last.level.seek.filtered COUNT : 0
rocksdb.non.last.level.seek.filter.match COUNT : 0
rocksdb.non.last.level.seek.data COUNT : 0
rocksdb.non.last.level.seek.data.useful.no.filter COUNT : 0
rocksdb.non.last.level.seek.data.useful.filter.match COUNT : 0
rocksdb.block.checksum.compute.count COUNT : 3353935
rocksdb.block.checksum.mismatch.count COUNT : 0
rocksdb.multiget.coroutine.count COUNT : 0
rocksdb.read.async.micros COUNT : 0
rocksdb.async.read.error.count COUNT : 0
rocksdb.table.open.prefetch.tail.miss COUNT : 0
rocksdb.table.open.prefetch.tail.hit COUNT : 0
rocksdb.timestamp.filter.table.checked COUNT : 0
rocksdb.timestamp.filter.table.filtered COUNT : 0
rocksdb.readahead.trimmed COUNT : 0
rocksdb.fifo.max.size.compactions COUNT : 0
rocksdb.fifo.ttl.compactions COUNT : 0
rocksdb.fifo.change_temperature.compactions COUNT : 0
rocksdb.prefetch.bytes COUNT : 0
rocksdb.prefetch.bytes.useful COUNT : 0
rocksdb.prefetch.hits COUNT : 0
rocksdb.footer.corruption.count COUNT : 0
rocksdb.file.read.corruption.retry.count COUNT : 0
rocksdb.file.read.corruption.retry.success.count COUNT : 0
rocksdb.number.wbwi.ingest COUNT : 0
rocksdb.sst.user.defined.index.load.fail.count COUNT : 0
rocksdb.multiscan.prepare.calls COUNT : 0
rocksdb.multiscan.prepare.errors COUNT : 0
rocksdb.multiscan.blocks.prefetched COUNT : 0
rocksdb.multiscan.blocks.from.cache COUNT : 0
rocksdb.multiscan.prefetch.bytes COUNT : 0
rocksdb.multiscan.prefetch.blocks.wasted COUNT : 0
rocksdb.multiscan.io.requests COUNT : 0
rocksdb.multiscan.io.coalesced.nonadjacent COUNT : 0
rocksdb.multiscan.seek.errors COUNT : 0
rocksdb.prefetch.memory.bytes.granted COUNT : 0
rocksdb.prefetch.memory.bytes.released COUNT : 0
rocksdb.prefetch.memory.requests.blocked COUNT : 0
rocksdb.read.path.range.tombstones.inserted COUNT : 0
rocksdb.read.path.range.tombstones.discarded COUNT : 0
rocksdb.file.open.metadata.retrieved COUNT : 0
rocksdb.file.open.metadata.passed COUNT : 0
rocksdb.manifest.validation.failure.count COUNT : 0
rocksdb.db.get.micros P50 : 13.774489 P95 : 2141.145441 P99 : 21428.571429 P100 : 1048243.000000 COUNT : 400000 SUM : 367875750
rocksdb.db.write.micros P50 : 4.401243 P95 : 55.941905 P99 : 1125.708442 P100 : 1078555.000000 COUNT : 5000000 SUM : 417524139
rocksdb.compaction.times.micros P50 : 5400000.000000 P95 : 61918605.000000 P99 : 61918605.000000 P100 : 61918605.000000 COUNT : 12 SUM : 180058359
rocksdb.compaction.times.cpu_micros P50 : 1550000.000000 P95 : 10916038.000000 P99 : 10916038.000000 P100 : 10916038.000000 COUNT : 12 SUM : 35145413
rocksdb.subcompaction.setup.times.micros P50 : 0.000000 P95 : 0.000000 P99 : 0.000000 P100 : 0.000000 COUNT : 0 SUM : 0
rocksdb.table.sync.micros P50 : 348113.207547 P95 : 1143333.333333 P99 : 1315448.000000 P100 : 1315448.000000 COUNT : 80 SUM : 41936234
rocksdb.compaction.outfile.sync.micros P50 : 759615.384615 P95 : 1433347.000000 P99 : 1433347.000000 P100 : 1433347.000000 COUNT : 54 SUM : 41488564
rocksdb.wal.file.sync.micros P50 : 0.000000 P95 : 0.000000 P99 : 0.000000 P100 : 0.000000 COUNT : 0 SUM : 0
rocksdb.manifest.file.sync.micros P50 : 5517.187500 P95 : 15680.000000 P99 : 22110.000000 P100 : 26073.000000 COUNT : 99 SUM : 601556
rocksdb.table.open.io.micros P50 : 638.000000 P95 : 5115.000000 P99 : 10684.000000 P100 : 10684.000000 COUNT : 134 SUM : 160026
rocksdb.db.multiget.micros P50 : 0.000000 P95 : 0.000000 P99 : 0.000000 P100 : 0.000000 COUNT : 0 SUM : 0
rocksdb.read.block.compaction.micros P50 : 3.092741 P95 : 8.608162 P99 : 1292.818707 P100 : 328413.000000 COUNT : 2527707 SUM : 112924484
rocksdb.read.block.get.micros P50 : 7.885081 P95 : 1597.549733 P99 : 4988.737838 P100 : 581344.000000 COUNT : 826094 SUM : 362341086
rocksdb.write.raw.block.micros P50 : 0.537593 P95 : 1.420909 P99 : 2.904854 P100 : 20368.000000 COUNT : 2908052 SUM : 6990984
rocksdb.numfiles.in.singlecompaction P50 : 6.500000 P95 : 29.500000 P99 : 31.000000 P100 : 31.000000 COUNT : 15 SUM : 126
rocksdb.db.seek.micros P50 : 0.000000 P95 : 0.000000 P99 : 0.000000 P100 : 0.000000 COUNT : 0 SUM : 0
rocksdb.db.write.stall P50 : 1965.474675 P95 : 2813.419445 P99 : 2888.792314 P100 : 1077333.000000 COUNT : 29614 SUM : 74189520
rocksdb.sst.read.micros P50 : 0.902288 P95 : 1035.559474 P99 : 1769.326473 P100 : 581331.000000 COUNT : 3354203 SUM : 462366302
rocksdb.file.read.flush.micros P50 : 4.000000 P95 : 57.944444 P99 : 75.722222 P100 : 318.000000 COUNT : 320 SUM : 5161
rocksdb.file.read.compaction.micros P50 : 0.721467 P95 : 2.752699 P99 : 1278.988117 P100 : 328381.000000 COUNT : 2527923 SUM : 105987867
rocksdb.file.read.db.open.micros P50 : 0.000000 P95 : 0.000000 P99 : 0.000000 P100 : 0.000000 COUNT : 0 SUM : 0
rocksdb.file.read.get.micros P50 : 0.000000 P95 : 0.000000 P99 : 0.000000 P100 : 0.000000 COUNT : 0 SUM : 0
rocksdb.file.read.multiget.micros P50 : 0.000000 P95 : 0.000000 P99 : 0.000000 P100 : 0.000000 COUNT : 0 SUM : 0
rocksdb.file.read.db.iterator.micros P50 : 0.000000 P95 : 0.000000 P99 : 0.000000 P100 : 0.000000 COUNT : 0 SUM : 0
rocksdb.file.read.verify.db.checksum.micros P50 : 0.000000 P95 : 0.000000 P99 : 0.000000 P100 : 0.000000 COUNT : 0 SUM : 0
rocksdb.file.read.verify.file.checksums.micros P50 : 0.000000 P95 : 0.000000 P99 : 0.000000 P100 : 0.000000 COUNT : 0 SUM : 0
rocksdb.sst.write.micros P50 : 0.503258 P95 : 0.956191 P99 : 0.996451 P100 : 20366.000000 COUNT : 5816238 SUM : 5709444
rocksdb.file.write.flush.micros P50 : 0.501442 P95 : 0.952739 P99 : 0.992854 P100 : 6714.000000 COUNT : 2428700 SUM : 2258141
rocksdb.file.write.compaction.micros P50 : 0.504569 P95 : 0.958681 P99 : 0.999047 P100 : 20366.000000 COUNT : 3387538 SUM : 3451303
rocksdb.file.write.db.open.micros P50 : 0.000000 P95 : 0.000000 P99 : 0.000000 P100 : 0.000000 COUNT : 0 SUM : 0
rocksdb.num.subcompactions.scheduled P50 : 0.000000 P95 : 0.000000 P99 : 0.000000 P100 : 0.000000 COUNT : 0 SUM : 0
rocksdb.bytes.per.read P50 : 1024.000000 P95 : 1024.000000 P99 : 1024.000000 P100 : 1024.000000 COUNT : 400000 SUM : 402093056
rocksdb.bytes.per.write P50 : 1089.610033 P95 : 1287.259063 P99 : 3298.490874 P100 : 4188.000000 COUNT : 4787893 SUM : 5277454716
rocksdb.bytes.per.multiget P50 : 0.000000 P95 : 0.000000 P99 : 0.000000 P100 : 0.000000 COUNT : 0 SUM : 0
rocksdb.compression.times.nanos P50 : 0.000000 P95 : 0.000000 P99 : 0.000000 P100 : 0.000000 COUNT : 0 SUM : 0
rocksdb.decompression.times.nanos P50 : 0.000000 P95 : 0.000000 P99 : 0.000000 P100 : 0.000000 COUNT : 0 SUM : 0
rocksdb.read.num.merge_operands P50 : 0.000000 P95 : 0.000000 P99 : 0.000000 P100 : 0.000000 COUNT : 0 SUM : 0
rocksdb.blobdb.key.size P50 : 0.000000 P95 : 0.000000 P99 : 0.000000 P100 : 0.000000 COUNT : 0 SUM : 0
rocksdb.blobdb.value.size P50 : 0.000000 P95 : 0.000000 P99 : 0.000000 P100 : 0.000000 COUNT : 0 SUM : 0
rocksdb.blobdb.write.micros P50 : 0.000000 P95 : 0.000000 P99 : 0.000000 P100 : 0.000000 COUNT : 0 SUM : 0
rocksdb.blobdb.get.micros P50 : 0.000000 P95 : 0.000000 P99 : 0.000000 P100 : 0.000000 COUNT : 0 SUM : 0
rocksdb.blobdb.multiget.micros P50 : 0.000000 P95 : 0.000000 P99 : 0.000000 P100 : 0.000000 COUNT : 0 SUM : 0
rocksdb.blobdb.seek.micros P50 : 0.000000 P95 : 0.000000 P99 : 0.000000 P100 : 0.000000 COUNT : 0 SUM : 0
rocksdb.blobdb.next.micros P50 : 0.000000 P95 : 0.000000 P99 : 0.000000 P100 : 0.000000 COUNT : 0 SUM : 0
rocksdb.blobdb.prev.micros P50 : 0.000000 P95 : 0.000000 P99 : 0.000000 P100 : 0.000000 COUNT : 0 SUM : 0
rocksdb.blobdb.blob.file.write.micros P50 : 0.000000 P95 : 0.000000 P99 : 0.000000 P100 : 0.000000 COUNT : 0 SUM : 0
rocksdb.blobdb.blob.file.read.micros P50 : 0.000000 P95 : 0.000000 P99 : 0.000000 P100 : 0.000000 COUNT : 0 SUM : 0
rocksdb.blobdb.blob.file.sync.micros P50 : 0.000000 P95 : 0.000000 P99 : 0.000000 P100 : 0.000000 COUNT : 0 SUM : 0
rocksdb.blobdb.compression.micros P50 : 0.000000 P95 : 0.000000 P99 : 0.000000 P100 : 0.000000 COUNT : 0 SUM : 0
rocksdb.blobdb.decompression.micros P50 : 0.000000 P95 : 0.000000 P99 : 0.000000 P100 : 0.000000 COUNT : 0 SUM : 0
rocksdb.db.flush.micros P50 : 526153.846154 P95 : 1433333.333333 P99 : 1462826.000000 P100 : 1462826.000000 COUNT : 80 SUM : 54439041
rocksdb.sst.batch.size P50 : 0.000000 P95 : 0.000000 P99 : 0.000000 P100 : 0.000000 COUNT : 0 SUM : 0
rocksdb.multiget.io.batch.size P50 : 0.000000 P95 : 0.000000 P99 : 0.000000 P100 : 0.000000 COUNT : 0 SUM : 0
rocksdb.num.index.and.filter.blocks.read.per.level P50 : 0.000000 P95 : 0.000000 P99 : 0.000000 P100 : 0.000000 COUNT : 0 SUM : 0
rocksdb.num.sst.read.per.level P50 : 0.000000 P95 : 0.000000 P99 : 0.000000 P100 : 0.000000 COUNT : 0 SUM : 0
rocksdb.num.level.read.per.multiget P50 : 0.000000 P95 : 0.000000 P99 : 0.000000 P100 : 0.000000 COUNT : 0 SUM : 0
rocksdb.error.handler.autoresume.retry.count P50 : 0.000000 P95 : 0.000000 P99 : 0.000000 P100 : 0.000000 COUNT : 0 SUM : 0
rocksdb.async.read.bytes P50 : 0.000000 P95 : 0.000000 P99 : 0.000000 P100 : 0.000000 COUNT : 0 SUM : 0
rocksdb.poll.wait.micros P50 : 0.000000 P95 : 0.000000 P99 : 0.000000 P100 : 0.000000 COUNT : 0 SUM : 0
rocksdb.compaction.prefetch.bytes P50 : 0.000000 P95 : 0.000000 P99 : 0.000000 P100 : 0.000000 COUNT : 0 SUM : 0
rocksdb.prefetched.bytes.discarded P50 : 0.000000 P95 : 0.000000 P99 : 0.000000 P100 : 0.000000 COUNT : 0 SUM : 0
rocksdb.async.prefetch.abort.micros P50 : 0.000000 P95 : 0.000000 P99 : 0.000000 P100 : 0.000000 COUNT : 0 SUM : 0
rocksdb.table.open.prefetch.tail.read.bytes P50 : 0.000000 P95 : 0.000000 P99 : 0.000000 P100 : 0.000000 COUNT : 0 SUM : 0
rocksdb.num.op.per.transaction P50 : 0.000000 P95 : 0.000000 P99 : 0.000000 P100 : 0.000000 COUNT : 0 SUM : 0
rocksdb.multiscan.op.prepare.iterators.micros P50 : 0.000000 P95 : 0.000000 P99 : 0.000000 P100 : 0.000000 COUNT : 0 SUM : 0
rocksdb.multiscan.prepare.micros P50 : 0.000000 P95 : 0.000000 P99 : 0.000000 P100 : 0.000000 COUNT : 0 SUM : 0
rocksdb.multiscan.blocks.per.prepare P50 : 0.000000 P95 : 0.000000 P99 : 0.000000 P100 : 0.000000 COUNT : 0 SUM : 0
rocksdb.block.key.distribution.cv P50 : 0.000000 P95 : 0.000000 P99 : 0.000000 P100 : 0.000000 COUNT : 0 SUM : 0

[EXPERIMENT_COMPLETED]
