RocksDB:    version 11.3.0
Date:       Tue May 26 11:16:39 2026
CPU:        2 * Intel Xeon Processor (SapphireRapids)
CPUCache:   16384 KB
2026/05/26-11:16:40  ... thread 1: (31000,31000) ops and (30963.2,30963.2) ops/second in (1.001190,1.001190) seconds
2026/05/26-11:16:40  ... thread 2: (32000,32000) ops and (31704.4,31704.4) ops/second in (1.009323,1.009323) seconds
2026/05/26-11:16:40  ... thread 3: (30000,30000) ops and (29569.7,29569.7) ops/second in (1.014553,1.014553) seconds
2026/05/26-11:16:40  ... thread 0: (34000,34000) ops and (33065.7,33065.7) ops/second in (1.028257,1.028257) seconds
2026/05/26-11:16:41  ... thread 3: (31000,61000) ops and (30329.5,29951.0) ops/second in (1.022106,2.036659) seconds
2026/05/26-11:16:41  ... thread 0: (31000,65000) ops and (30717.6,31902.6) ops/second in (1.009195,2.037452) seconds
2026/05/26-11:16:41  ... thread 1: (31000,62000) ops and (29901.7,30423.2) ops/second in (1.036731,2.037921) seconds
2026/05/26-11:16:41  ... thread 2: (31000,63000) ops and (28891.3,30254.8) ops/second in (1.072989,2.082312) seconds
2026/05/26-11:16:43  ... thread 1: (29000,91000) ops and (16858.0,24213.9) ops/second in (1.720250,3.758171) seconds
2026/05/26-11:16:43  ... thread 3: (32000,93000) ops and (18510.9,24698.8) ops/second in (1.728713,3.765372) seconds
2026/05/26-11:16:43  ... thread 0: (33000,98000) ops and (19039.4,25989.9) ops/second in (1.733247,3.770699) seconds
2026/05/26-11:16:43  ... thread 2: (30000,93000) ops and (17514.8,24504.9) ops/second in (1.712842,3.795154) seconds
2026/05/26-11:16:44  ... thread 2: (16000,109000) ops and (14028.0,22083.9) ops/second in (1.140575,4.935729) seconds
2026/05/26-11:16:44  ... thread 3: (17000,110000) ops and (14453.9,22260.3) ops/second in (1.176151,4.941523) seconds
2026/05/26-11:16:44  ... thread 1: (17000,108000) ops and (14446.5,21884.8) ops/second in (1.176752,4.934923) seconds
2026/05/26-11:16:44  ... thread 0: (13000,111000) ops and (11038.8,22431.7) ops/second in (1.177661,4.948360) seconds
2026/05/26-11:16:45  ... thread 0: (31000,142000) ops and (29778.3,23708.6) ops/second in (1.041027,5.989387) seconds
2026/05/26-11:16:45  ... thread 1: (31000,139000) ops and (29085.4,23163.8) ops/second in (1.065827,6.000750) seconds
2026/05/26-11:16:45  ... thread 3: (29000,139000) ops and (27094.4,23121.0) ops/second in (1.070330,6.011853) seconds
2026/05/26-11:16:45  ... thread 2: (33000,142000) ops and (30584.4,23608.8) ops/second in (1.078981,6.014710) seconds
2026/05/26-11:16:46  ... thread 2: (16000,158000) ops and (13569.1,21963.2) ops/second in (1.179146,7.193856) seconds
2026/05/26-11:16:46  ... thread 1: (15000,154000) ops and (12467.1,21377.2) ops/second in (1.203171,7.203921) seconds
2026/05/26-11:16:46  ... thread 0: (15000,157000) ops and (12185.2,21744.0) ops/second in (1.231004,7.220391) seconds
2026/05/26-11:16:46  ... thread 3: (17000,156000) ops and (13734.1,21518.3) ops/second in (1.237793,7.249646) seconds
2026/05/26-11:16:48  ... thread 1: (31000,185000) ops and (20294.4,21187.8) ops/second in (1.527518,8.731439) seconds
2026/05/26-11:16:48  ... thread 2: (31000,189000) ops and (19940.2,21603.7) ops/second in (1.554647,8.748503) seconds
2026/05/26-11:16:48  ... thread 3: (31000,187000) ops and (20537.8,21349.3) ops/second in (1.509414,8.759060) seconds
2026/05/26-11:16:48  ... thread 0: (31000,188000) ops and (20146.1,21463.3) ops/second in (1.538756,8.759147) seconds
2026/05/26-11:16:49  ... thread 2: (15000,204000) ops and (12670.9,20539.0) ops/second in (1.183811,9.932314) seconds
2026/05/26-11:16:49  ... thread 3: (16000,203000) ops and (13429.6,20401.1) ops/second in (1.191397,9.950457) seconds
2026/05/26-11:16:49  ... thread 0: (14000,202000) ops and (11774.2,20305.2) ops/second in (1.189042,9.948189) seconds
2026/05/26-11:16:49  ... thread 1: (18000,203000) ops and (14500.4,20355.4) ops/second in (1.241347,9.972786) seconds
2026/05/26-11:16:50  ... thread 3: (19000,222000) ops and (18448.1,20217.9) ops/second in (1.029914,10.980371) seconds
2026/05/26-11:16:50  ... thread 1: (13000,216000) ops and (12759.2,19651.3) ops/second in (1.018869,10.991655) seconds
2026/05/26-11:16:50  ... thread 0: (16000,218000) ops and (15294.1,19828.4) ops/second in (1.046157,10.994346) seconds
2026/05/26-11:16:50  ... thread 2: (14000,218000) ops and (12976.1,19798.0) ops/second in (1.078910,11.011224) seconds
2026/05/26-11:16:52  ... thread 2: (30000,248000) ops and (20002.8,19822.5) ops/second in (1.499791,12.511015) seconds
2026/05/26-11:16:52  ... thread 0: (30000,248000) ops and (19638.2,19805.2) ops/second in (1.527636,12.521982) seconds
2026/05/26-11:16:52  ... thread 3: (33000,255000) ops and (20957.7,20310.7) ops/second in (1.574598,12.554969) seconds
2026/05/26-11:16:52  ... thread 1: (31000,247000) ops and (19866.0,19678.0) ops/second in (1.560454,12.552109) seconds
2026/05/26-11:16:53  ... thread 1: (16000,263000) ops and (13855.9,19187.5) ops/second in (1.154740,13.706849) seconds
2026/05/26-11:16:53  ... thread 0: (14000,262000) ops and (11653.4,19091.5) ops/second in (1.201367,13.723349) seconds
2026/05/26-11:16:53  ... thread 2: (19000,267000) ops and (15638.3,19452.2) ops/second in (1.214969,13.725984) seconds
2026/05/26-11:16:53  ... thread 3: (14000,269000) ops and (11929.6,19594.2) ops/second in (1.173553,13.728522) seconds
2026/05/26-11:16:54  ... thread 1: (19000,282000) ops and (18916.4,19169.0) ops/second in (1.004419,14.711268) seconds
2026/05/26-11:16:54  ... thread 3: (22000,291000) ops and (21993.6,19757.2) ops/second in (1.000293,14.728815) seconds
2026/05/26-11:16:54  ... thread 0: (21000,283000) ops and (20870.3,19213.1) ops/second in (1.006213,14.729562) seconds
2026/05/26-11:16:54  ... thread 2: (20000,287000) ops and (19548.1,19458.8) ops/second in (1.023115,14.749099) seconds
2026/05/26-11:16:56  ... thread 3: (26000,317000) ops and (14715.5,19217.2) ops/second in (1.766843,16.495658) seconds
2026/05/26-11:16:56  ... thread 1: (25000,307000) ops and (13947.4,18601.9) ops/second in (1.792443,16.503711) seconds
2026/05/26-11:16:56  ... thread 0: (27000,310000) ops and (15190.7,18780.0) ops/second in (1.777404,16.506966) seconds
2026/05/26-11:16:56  ... thread 2: (26000,313000) ops and (14274.2,18888.9) ops/second in (1.821467,16.570566) seconds
2026/05/26-11:16:57  ... thread 0: (17000,327000) ops and (13538.0,18409.4) ops/second in (1.255726,17.762692) seconds
2026/05/26-11:16:57  ... thread 1: (14000,321000) ops and (11069.1,18065.7) ops/second in (1.264778,17.768489) seconds
2026/05/26-11:16:57  ... thread 3: (16000,333000) ops and (12494.6,18732.9) ops/second in (1.280555,17.776213) seconds
2026/05/26-11:16:57  ... thread 2: (15000,328000) ops and (12445.8,18452.1) ops/second in (1.205226,17.775792) seconds
2026/05/26-11:16:58  ... thread 2: (17000,345000) ops and (16992.7,18374.3) ops/second in (1.000428,18.776220) seconds
2026/05/26-11:16:58  ... thread 0: (21000,348000) ops and (20666.1,18531.5) ops/second in (1.016156,18.778848) seconds
2026/05/26-11:16:58  ... thread 3: (20000,353000) ops and (19692.2,18784.7) ops/second in (1.015629,18.791842) seconds
2026/05/26-11:16:58  ... thread 1: (25000,346000) ops and (24390.1,18410.6) ops/second in (1.025006,18.793495) seconds
2026/05/26-11:16:59  ... thread 3: (26000,379000) ops and (18511.4,18765.7) ops/second in (1.404540,20.196382) seconds
2026/05/26-11:16:59  ... thread 2: (27000,372000) ops and (18991.6,18417.8) ops/second in (1.421678,20.197898) seconds
2026/05/26-11:16:59  ... thread 1: (26000,372000) ops and (18423.3,18411.5) ops/second in (1.411254,20.204749) seconds
2026/05/26-11:16:59  ... thread 0: (25000,373000) ops and (17432.7,18453.5) ops/second in (1.434089,20.212937) seconds
2026/05/26-11:17:01  ... thread 1: (14000,386000) ops and (11893.6,18052.7) ops/second in (1.177105,21.381854) seconds
2026/05/26-11:17:01  ... thread 3: (18000,397000) ops and (15100.6,18561.5) ops/second in (1.192005,21.388387) seconds
2026/05/26-11:17:01  ... thread 2: (14000,386000) ops and (11754.3,18046.7) ops/second in (1.191053,21.388951) seconds
2026/05/26-11:17:01  ... thread 0: (15000,388000) ops and (12762.0,18140.8) ops/second in (1.175365,21.388302) seconds
2026/05/26-11:17:02  ... thread 3: (32000,429000) ops and (31929.6,19159.8) ops/second in (1.002206,22.390593) seconds
2026/05/26-11:17:02  ... thread 1: (30000,416000) ops and (29656.9,18576.9) ops/second in (1.011570,22.393424) seconds
2026/05/26-11:17:02  ... thread 0: (30000,418000) ops and (29736.0,18663.1) ops/second in (1.008878,22.397180) seconds
2026/05/26-11:17:02  ... thread 2: (31000,417000) ops and (19011.9,18115.1) ops/second in (1.630560,23.019511) seconds
2026/05/26-11:17:03  ... thread 1: (15000,431000) ops and (14910.9,18419.3) ops/second in (1.005975,23.399399) seconds
2026/05/26-11:17:03  ... thread 0: (15000,433000) ops and (14599.1,18484.8) ops/second in (1.027458,23.424638) seconds
2026/05/26-11:17:03  ... thread 3: (13000,442000) ops and (12476.3,18862.6) ops/second in (1.041977,23.432570) seconds
2026/05/26-11:17:03  ... thread 2: (14000,431000) ops and (12014.6,17821.1) ops/second in (1.165251,24.184762) seconds
2026/05/26-11:17:04  ... thread 1: (8000,439000) ops and (7934.0,17986.1) ops/second in (1.008314,24.407713) seconds
2026/05/26-11:17:04  ... thread 0: (8000,441000) ops and (7843.2,18040.8) ops/second in (1.019996,24.444634) seconds
2026/05/26-11:17:04  ... thread 3: (9000,451000) ops and (8801.4,18441.9) ops/second in (1.022563,24.455133) seconds
2026/05/26-11:17:04  ... thread 2: (31000,462000) ops and (30575.5,18334.3) ops/second in (1.013884,25.198646) seconds
2026/05/26-11:17:05  ... thread 0: (24000,465000) ops and (16202.6,17935.8) ops/second in (1.481240,25.925874) seconds
2026/05/26-11:17:05  ... thread 3: (24000,475000) ops and (16155.2,18311.0) ops/second in (1.485592,25.940725) seconds
2026/05/26-11:17:05  ... thread 1: (25000,464000) ops and (16288.4,17885.7) ops/second in (1.534835,25.942548) seconds
2026/05/26-11:17:05  ... thread 2: (15000,477000) ops and (14758.9,18195.7) ops/second in (1.016336,26.214982) seconds
2026/05/26-11:17:06  ... thread 0: (29000,494000) ops and (27451.1,18308.3) ops/second in (1.056423,26.982297) seconds
2026/05/26-11:17:06  ... thread 1: (34000,498000) ops and (32502.5,18452.2) ops/second in (1.046072,26.988620) seconds
2026/05/26-11:17:06  ... thread 3: (29000,504000) ops and (27243.8,18663.1) ops/second in (1.064464,27.005189) seconds
2026/05/26-11:17:06  ... thread 2: (29000,506000) ops and (28500.8,18580.7) ops/second in (1.017516,27.232498) seconds
2026/05/26-11:17:07  ... thread 1: (31000,529000) ops and (26195.3,18777.5) ops/second in (1.183417,28.172037) seconds
2026/05/26-11:17:08  ... thread 3: (30000,534000) ops and (21965.5,18822.1) ops/second in (1.365776,28.370965) seconds
2026/05/26-11:17:08  ... thread 0: (31000,525000) ops and (19808.8,18390.6) ops/second in (1.564962,28.547259) seconds
2026/05/26-11:17:08  ... thread 2: (24000,530000) ops and (17690.5,18538.5) ops/second in (1.356659,28.589157) seconds
2026/05/26-11:17:08  ... thread 1: (2000,531000) ops and (1885.3,18164.5) ops/second in (1.060831,29.232868) seconds
2026/05/26-11:17:09  ... thread 0: (2000,527000) ops and (1369.4,17562.1) ops/second in (1.460460,30.007719) seconds
2026/05/26-11:17:09  ... thread 2: (2000,532000) ops and (1388.9,17716.1) ops/second in (1.439963,30.029120) seconds
2026/05/26-11:17:10  ... thread 3: (3000,537000) ops and (1530.2,17704.3) ops/second in (1.960584,30.331549) seconds
2026/05/26-11:17:10  ... thread 1: (3000,534000) ops and (1928.0,17343.9) ops/second in (1.556013,30.788881) seconds
2026/05/26-11:17:10  ... thread 0: (3000,530000) ops and (2968.4,17086.6) ops/second in (1.010655,31.018374) seconds
2026/05/26-11:17:10  ... thread 2: (4000,536000) ops and (3996.1,17273.6) ops/second in (1.000968,31.030088) seconds
2026/05/26-11:17:11  ... thread 3: (13000,550000) ops and (12788.3,17544.9) ops/second in (1.016555,31.348104) seconds
2026/05/26-11:17:11  ... thread 1: (28000,562000) ops and (26413.0,17645.8) ops/second in (1.060084,31.848965) seconds
2026/05/26-11:17:11  ... thread 0: (32000,562000) ops and (31865.2,17550.1) ops/second in (1.004231,32.022605) seconds
2026/05/26-11:17:11  ... thread 2: (32000,568000) ops and (31581.1,17726.0) ops/second in (1.013263,32.043351) seconds
2026/05/26-11:17:12  ... thread 3: (29000,579000) ops and (26782.3,17853.3) ops/second in (1.082803,32.430907) seconds
2026/05/26-11:17:12  ... thread 1: (32000,594000) ops and (31851.6,18080.2) ops/second in (1.004659,32.853624) seconds
2026/05/26-11:17:12  ... thread 0: (27000,589000) ops and (26819.6,17832.6) ops/second in (1.006727,33.029332) seconds
2026/05/26-11:17:12  ... thread 2: (25000,593000) ops and (24199.6,17928.2) ops/second in (1.033075,33.076426) seconds
2026/05/26-11:17:13  ... thread 0: (14000,603000) ops and (13756.3,17710.8) ops/second in (1.017717,34.047049) seconds
2026/05/26-11:17:13  ... thread 3: (31000,610000) ops and (19121.5,17913.7) ops/second in (1.621209,34.052116) seconds
2026/05/26-11:17:13  ... thread 1: (17000,611000) ops and (14110.3,17939.8) ops/second in (1.204795,34.058419) seconds
2026/05/26-11:17:13  ... thread 2: (12000,605000) ops and (11836.6,17747.0) ops/second in (1.013805,34.090231) seconds
2026/05/26-11:17:14  ... thread 0: (29000,632000) ops and (28732.2,18028.1) ops/second in (1.009319,35.056368) seconds
2026/05/26-11:17:14  ... thread 3: (30000,640000) ops and (29360.9,18247.2) ops/second in (1.021768,35.073884) seconds
2026/05/26-11:17:14  ... thread 1: (30000,641000) ops and (29673.2,18278.0) ops/second in (1.011013,35.069432) seconds
2026/05/26-11:17:14  ... thread 2: (31000,636000) ops and (27448.4,18058.1) ops/second in (1.129390,35.219621) seconds
2026/05/26-11:17:15  ... thread 0: (18000,650000) ops and (15495.7,17946.9) ops/second in (1.161611,36.217979) seconds
2026/05/26-11:17:16  ... thread 1: (18000,659000) ops and (12935.3,18074.1) ops/second in (1.391540,36.460972) seconds
2026/05/26-11:17:16  ... thread 3: (17000,657000) ops and (11253.6,17958.4) ops/second in (1.510627,36.584511) seconds
2026/05/26-11:17:16  ... thread 2: (17000,653000) ops and (11712.2,17806.9) ops/second in (1.451480,36.671101) seconds
2026/05/26-11:17:17  ... thread 0: (2000,652000) ops and (1431.2,17333.3) ops/second in (1.397430,37.615409) seconds
2026/05/26-11:17:17  ... thread 2: (2000,655000) ops and (1926.8,17369.8) ops/second in (1.037995,37.709096) seconds
2026/05/26-11:17:17  ... thread 1: (2000,661000) ops and (1150.6,17304.0) ops/second in (1.738205,38.199177) seconds
2026/05/26-11:17:18  ... thread 3: (3000,660000) ops and (1505.2,17108.4) ops/second in (1.993133,38.577644) seconds
2026/05/26-11:17:18  ... thread 2: (1000,656000) ops and (934.6,16916.3) ops/second in (1.070020,38.779116) seconds
2026/05/26-11:17:18  ... thread 0: (4000,656000) ops and (2824.2,16806.8) ops/second in (1.416352,39.031761) seconds
2026/05/26-11:17:19  ... thread 3: (1000,661000) ops and (814.7,16605.9) ops/second in (1.227471,39.805115) seconds
2026/05/26-11:17:19  ... thread 2: (4000,660000) ops and (3222.6,16491.6) ops/second in (1.241251,40.020367) seconds
2026/05/26-11:17:19  ... thread 1: (2000,663000) ops and (1070.1,16546.8) ops/second in (1.868982,40.068159) seconds
2026/05/26-11:17:20  ... thread 0: (2000,658000) ops and (1358.5,16245.3) ops/second in (1.472264,40.504025) seconds
2026/05/26-11:17:20  ... thread 3: (2000,663000) ops and (1533.8,16127.8) ops/second in (1.303965,41.109080) seconds
2026/05/26-11:17:21  ... thread 2: (2000,662000) ops and (1375.1,15961.5) ops/second in (1.454439,41.474806) seconds
2026/05/26-11:17:21  ... thread 1: (3000,666000) ops and (2113.0,16052.8) ops/second in (1.419810,41.487969) seconds
2026/05/26-11:17:21  ... thread 0: (2000,660000) ops and (1452.2,15758.8) ops/second in (1.377244,41.881269) seconds
2026/05/26-11:17:22  ... thread 2: (2000,664000) ops and (1771.8,15585.5) ops/second in (1.128790,42.603596) seconds
2026/05/26-11:17:22  ... thread 1: (3000,669000) ops and (2326.5,15639.1) ops/second in (1.289501,42.777470) seconds
2026/05/26-11:17:22  ... thread 3: (2000,665000) ops and (1153.1,15521.6) ops/second in (1.734485,42.843565) seconds
2026/05/26-11:17:22  ... thread 0: (2000,662000) ops and (1840.2,15406.8) ops/second in (1.086861,42.968130) seconds
2026/05/26-11:17:23  ... thread 3: (1000,666000) ops and (993.6,15188.2) ops/second in (1.006405,43.849970) seconds
2026/05/26-11:17:23  ... thread 1: (2000,671000) ops and (1432.0,15189.9) ops/second in (1.396676,44.174146) seconds
2026/05/26-11:17:23  ... thread 2: (3000,667000) ops and (1827.3,15075.0) ops/second in (1.641799,44.245395) seconds
2026/05/26-11:17:24  ... thread 0: (2000,664000) ops and (1329.1,14930.5) ops/second in (1.504742,44.472872) seconds
2026/05/26-11:17:24  ... thread 3: (2000,668000) ops and (1697.2,14835.1) ops/second in (1.178404,45.028374) seconds
2026/05/26-11:17:24  ... thread 1: (2000,673000) ops and (1897.6,14880.1) ops/second in (1.053936,45.228082) seconds
2026/05/26-11:17:25  ... thread 0: (2000,666000) ops and (1213.4,14440.2) ops/second in (1.648309,46.121181) seconds
2026/05/26-11:17:26  ... thread 2: (3000,670000) ops and (1422.6,14453.9) ops/second in (2.108808,46.354203) seconds
2026/05/26-11:17:26  ... thread 1: (2000,675000) ops and (1245.0,14412.4) ops/second in (1.606446,46.834528) seconds
2026/05/26-11:17:26  ... thread 3: (2000,670000) ops and (924.9,14197.7) ops/second in (2.162379,47.190753) seconds
2026/05/26-11:17:27  ... thread 0: (1000,667000) ops and (841.0,14098.4) ops/second in (1.189085,47.310266) seconds
2026/05/26-11:17:27  ... thread 2: (1000,671000) ops and (856.1,14119.7) ops/second in (1.168063,47.522266) seconds
2026/05/26-11:17:28  ... thread 0: (1000,668000) ops and (946.0,13811.0) ops/second in (1.057041,48.367307) seconds
2026/05/26-11:17:28  ... thread 1: (3000,678000) ops and (1725.2,13958.2) ops/second in (1.738916,48.573444) seconds
2026/05/26-11:17:28  ... thread 3: (1000,671000) ops and (700.7,13801.5) ops/second in (1.427131,48.617884) seconds
2026/05/26-11:17:28  ... thread 2: (2000,673000) ops and (1224.1,13691.1) ops/second in (1.633820,49.156086) seconds
2026/05/26-11:17:29  ... thread 0: (1000,669000) ops and (988.6,13548.3) ops/second in (1.011551,49.378858) seconds
2026/05/26-11:17:29  ... thread 1: (1000,679000) ops and (684.2,13570.5) ops/second in (1.461478,50.034922) seconds
2026/05/26-11:17:29  ... thread 2: (2000,675000) ops and (1953.5,13451.6) ops/second in (1.023788,50.179874) seconds
2026/05/26-11:17:30  ... thread 0: (1000,670000) ops and (941.0,13282.7) ops/second in (1.062733,50.441591) seconds
2026/05/26-11:17:30  ... thread 3: (1000,672000) ops and (467.3,13239.3) ops/second in (2.140157,50.758041) seconds
2026/05/26-11:17:31  ... thread 2: (1000,676000) ops and (715.9,13106.7) ops/second in (1.396833,51.576707) seconds
2026/05/26-11:17:31  ... thread 1: (2000,681000) ops and (971.0,13072.4) ops/second in (2.059632,52.094554) seconds
2026/05/26-11:17:32  ... thread 0: (2000,672000) ops and (1076.7,12849.2) ops/second in (1.857446,52.299037) seconds
2026/05/26-11:17:32  ... thread 3: (2000,674000) ops and (1262.3,12876.7) ops/second in (1.584436,52.342477) seconds
2026/05/26-11:17:32  ... thread 2: (9000,685000) ops and (8916.1,13026.3) ops/second in (1.009411,52.586118) seconds
2026/05/26-11:17:32  ... thread 1: (25000,706000) ops and (21909.5,13261.8) ops/second in (1.141057,53.235611) seconds
2026/05/26-11:17:33  ... thread 0: (24000,696000) ops and (23312.8,13051.2) ops/second in (1.029476,53.328513) seconds
2026/05/26-11:17:33  ... thread 3: (28000,702000) ops and (27642.0,13157.0) ops/second in (1.012953,53.355430) seconds
2026/05/26-11:17:33  ... thread 2: (30000,715000) ops and (29606.1,13339.7) ops/second in (1.013304,53.599422) seconds
2026/05/26-11:17:34  ... thread 0: (29000,725000) ops and (26477.8,13321.4) ops/second in (1.095256,54.423769) seconds
2026/05/26-11:17:34  ... thread 1: (32000,738000) ops and (26565.9,13556.2) ops/second in (1.204552,54.440163) seconds
2026/05/26-11:17:34  ... thread 3: (27000,729000) ops and (24693.5,13388.7) ops/second in (1.093407,54.448837) seconds
2026/05/26-11:17:34  ... thread 2: (26000,741000) ops and (25971.7,13571.3) ops/second in (1.001088,54.600510) seconds
2026/05/26-11:17:35  ... thread 3: (16000,745000) ops and (14696.8,13414.4) ops/second in (1.088676,55.537513) seconds
2026/05/26-11:17:35  ... thread 0: (16000,741000) ops and (14296.4,13341.0) ops/second in (1.119159,55.542928) seconds
2026/05/26-11:17:35  ... thread 1: (15000,753000) ops and (13367.1,13552.4) ops/second in (1.122154,55.562317) seconds
2026/05/26-11:17:35  ... thread 2: (12000,753000) ops and (11837.4,13539.7) ops/second in (1.013732,55.614242) seconds
2026/05/26-11:17:36  ... thread 0: (29000,770000) ops and (26295.4,13593.2) ops/second in (1.102854,56.645782) seconds
2026/05/26-11:17:36  ... thread 1: (27000,780000) ops and (24918.7,13769.8) ops/second in (1.083522,56.645839) seconds
2026/05/26-11:17:36  ... thread 2: (29000,782000) ops and (27401.2,13798.6) ops/second in (1.058348,56.672590) seconds
2026/05/26-11:17:36  ... thread 3: (36000,781000) ops and (31578.0,13779.7) ops/second in (1.140036,56.677549) seconds
2026/05/26-11:17:37  ... thread 1: (32000,812000) ops and (20287.9,13946.3) ops/second in (1.577297,58.223136) seconds
2026/05/26-11:17:37  ... thread 3: (26000,807000) ops and (16552.1,13854.5) ops/second in (1.570795,58.248344) seconds
2026/05/26-11:17:37  ... thread 2: (32000,814000) ops and (20271.7,13974.0) ops/second in (1.578553,58.251143) seconds
2026/05/26-11:17:38  ... thread 0: (35000,805000) ops and (21639.7,13816.6) ops/second in (1.617398,58.263180) seconds
2026/05/26-11:17:39  ... thread 3: (31000,838000) ops and (27961.9,14118.0) ops/second in (1.108653,59.356997) seconds
2026/05/26-11:17:39  ... thread 1: (32000,844000) ops and (27925.5,14216.2) ops/second in (1.145905,59.369041) seconds
2026/05/26-11:17:39  ... thread 2: (31000,845000) ops and (27369.3,14229.5) ops/second in (1.132658,59.383801) seconds
2026/05/26-11:17:39  ... thread 0: (31000,836000) ops and (26914.4,14070.5) ops/second in (1.151799,59.414979) seconds
2026/05/26-11:17:40  ... thread 2: (18000,863000) ops and (15702.0,14257.4) ops/second in (1.146352,60.530153) seconds
2026/05/26-11:17:40  ... thread 0: (15000,851000) ops and (11434.0,14013.6) ops/second in (1.311875,60.726854) seconds
2026/05/26-11:17:40  ... thread 1: (15000,859000) ops and (10055.6,14114.2) ops/second in (1.491707,60.860748) seconds
2026/05/26-11:17:40  ... thread 3: (16000,854000) ops and (8836.5,13961.6) ops/second in (1.810681,61.167678) seconds
2026/05/26-11:17:41  ... thread 2: (1000,864000) ops and (602.5,13892.9) ops/second in (1.659825,62.189978) seconds
2026/05/26-11:17:41  ... thread 0: (1000,852000) ops and (676.9,13696.8) ops/second in (1.477305,62.204159) seconds
2026/05/26-11:17:42  ... thread 1: (3000,862000) ops and (1734.9,13772.2) ops/second in (1.729159,62.589907) seconds
2026/05/26-11:17:42  ... thread 3: (2000,856000) ops and (1353.5,13664.2) ops/second in (1.477675,62.645353) seconds
2026/05/26-11:17:43  ... thread 3: (3000,859000) ops and (2835.1,13484.3) ops/second in (1.058151,63.703504) seconds
2026/05/26-11:17:43  ... thread 0: (3000,855000) ops and (1804.9,13387.3) ops/second in (1.662117,63.866276) seconds
2026/05/26-11:17:43  ... thread 1: (1000,863000) ops and (639.3,13452.0) ops/second in (1.564103,64.154010) seconds
2026/05/26-11:17:44  ... thread 2: (1000,865000) ops and (397.7,13368.5) ops/second in (2.514409,64.704387) seconds
2026/05/26-11:17:44  ... thread 0: (1000,856000) ops and (934.3,13182.1) ops/second in (1.070359,64.936635) seconds
2026/05/26-11:17:44  ... thread 3: (2000,861000) ops and (1406.4,13220.6) ops/second in (1.422029,65.125533) seconds
2026/05/26-11:17:45  ... thread 1: (2000,865000) ops and (1128.7,13120.8) ops/second in (1.771988,65.925998) seconds
2026/05/26-11:17:46  ... thread 2: (2000,867000) ops and (1221.7,13068.8) ops/second in (1.637033,66.341420) seconds
2026/05/26-11:17:46  ... thread 3: (2000,863000) ops and (1150.9,12906.9) ops/second in (1.737744,66.863277) seconds
2026/05/26-11:17:46  ... thread 0: (2000,858000) ops and (911.9,12781.2) ops/second in (2.193274,67.129909) seconds
2026/05/26-11:17:47  ... thread 2: (2000,869000) ops and (1692.4,12869.7) ops/second in (1.181731,67.523151) seconds
2026/05/26-11:17:47  ... thread 1: (2000,867000) ops and (1072.8,12789.5) ops/second in (1.864247,67.790245) seconds
2026/05/26-11:17:47  ... thread 3: (1000,864000) ops and (980.4,12727.7) ops/second in (1.020012,67.883289) seconds
2026/05/26-11:17:48  ... thread 0: (2000,860000) ops and (1496.4,12560.9) ops/second in (1.336516,68.466425) seconds
2026/05/26-11:17:48  ... thread 2: (1000,870000) ops and (839.4,12661.1) ops/second in (1.191305,68.714456) seconds
2026/05/26-11:17:48  ... thread 3: (1000,865000) ops and (806.2,12513.8) ops/second in (1.240330,69.123619) seconds
2026/05/26-11:17:48  ... thread 1: (2000,869000) ops and (1411.0,12556.4) ops/second in (1.417455,69.207700) seconds
2026/05/26-11:17:49  ... thread 2: (2000,872000) ops and (1326.2,12417.7) ops/second in (1.508075,70.222531) seconds
2026/05/26-11:17:50  ... thread 0: (2000,862000) ops and (1083.4,12259.6) ops/second in (1.845970,70.312395) seconds
2026/05/26-11:17:50  ... thread 1: (1000,870000) ops and (746.3,12332.1) ops/second in (1.339873,70.547573) seconds
2026/05/26-11:17:51  ... thread 0: (2000,864000) ops and (1648.1,12079.5) ops/second in (1.213500,71.525895) seconds
2026/05/26-11:17:51  ... thread 2: (1000,873000) ops and (731.8,12194.6) ops/second in (1.366529,71.589060) seconds
2026/05/26-11:17:51  ... thread 1: (3000,873000) ops and (2467.0,12164.9) ops/second in (1.216056,71.763629) seconds
2026/05/26-11:17:51  ... thread 3: (2000,867000) ops and (747.4,12075.3) ops/second in (2.676057,71.799676) seconds
2026/05/26-11:17:52  ... thread 1: (2000,875000) ops and (1788.5,12005.7) ops/second in (1.118259,72.881888) seconds
2026/05/26-11:17:52  ... thread 3: (2000,869000) ops and (1621.1,11898.7) ops/second in (1.233729,73.033405) seconds
2026/05/26-11:17:52  ... thread 0: (1000,865000) ops and (628.6,11830.4) ops/second in (1.590782,73.116677) seconds
2026/05/26-11:17:52  ... thread 2: (1000,874000) ops and (654.0,11953.3) ops/second in (1.528961,73.118021) seconds
2026/05/26-11:17:53  ... thread 1: (16000,891000) ops and (15992.8,12059.7) ops/second in (1.000450,73.882338) seconds
2026/05/26-11:17:53  ... thread 3: (26000,895000) ops and (25697.1,12087.2) ops/second in (1.011788,74.045193) seconds
2026/05/26-11:17:53  ... thread 2: (28000,902000) ops and (27883.6,12169.1) ops/second in (1.004173,74.122194) seconds
2026/05/26-11:17:53  ... thread 0: (24000,889000) ops and (23713.5,11992.6) ops/second in (1.012081,74.128758) seconds
2026/05/26-11:17:55  ... thread 2: (21000,923000) ops and (16197.8,12238.3) ops/second in (1.296475,75.418669) seconds
2026/05/26-11:17:55  ... thread 1: (31000,922000) ops and (20216.6,12225.6) ops/second in (1.533396,75.415734) seconds
2026/05/26-11:17:55  ... thread 0: (20000,909000) ops and (15406.2,12051.4) ops/second in (1.298179,75.426937) seconds
2026/05/26-11:17:55  ... thread 3: (25000,920000) ops and (17983.3,12195.9) ops/second in (1.390177,75.435370) seconds
2026/05/26-11:17:56  ... thread 2: (30000,953000) ops and (29825.6,12469.8) ops/second in (1.005848,76.424517) seconds
2026/05/26-11:17:56  ... thread 0: (29000,938000) ops and (28989.4,12273.1) ops/second in (1.000366,76.427303) seconds
2026/05/26-11:17:56  ... thread 1: (31000,953000) ops and (30501.4,12468.6) ops/second in (1.016346,76.432080) seconds
2026/05/26-11:17:56  ... thread 3: (26000,946000) ops and (25477.4,12373.1) ops/second in (1.020513,76.455883) seconds
2026/05/26-11:17:57  ... thread 2: (16000,969000) ops and (13085.9,12479.5) ops/second in (1.222686,77.647203) seconds
2026/05/26-11:17:57  ... thread 0: (17000,955000) ops and (13929.1,12299.1) ops/second in (1.220466,77.647769) seconds
2026/05/26-11:17:57  ... thread 3: (19000,965000) ops and (15876.5,12427.1) ops/second in (1.196738,77.652621) seconds
2026/05/26-11:17:57  ... thread 1: (18000,971000) ops and (14581.2,12502.2) ops/second in (1.234464,77.666544) seconds
2026/05/26-11:17:58  ... thread 2: (32000,1001000) ops and (30328.6,12718.8) ops/second in (1.055108,78.702311) seconds
2026/05/26-11:17:58  ... thread 1: (30000,1001000) ops and (27730.0,12711.4) ops/second in (1.081861,78.748405) seconds
2026/05/26-11:17:58  ... thread 0: (30000,985000) ops and (22729.7,12473.5) ops/second in (1.319860,78.967629) seconds
2026/05/26-11:17:58  ... thread 3: (32000,997000) ops and (21259.3,12595.1) ops/second in (1.505226,79.157847) seconds
2026/05/26-11:17:59  ... thread 2: (1000,1002000) ops and (817.0,12536.5) ops/second in (1.224048,79.926359) seconds
2026/05/26-11:17:59  ... thread 0: (1000,986000) ops and (842.3,12301.2) ops/second in (1.187274,80.154903) seconds
2026/05/26-11:18:00  ... thread 1: (3000,1004000) ops and (1699.3,12469.9) ops/second in (1.765404,80.513809) seconds
2026/05/26-11:18:01  ... thread 0: (1000,987000) ops and (803.6,12125.4) ops/second in (1.244420,81.399323) seconds
2026/05/26-11:18:01  ... thread 1: (2000,1006000) ops and (1707.9,12315.6) ops/second in (1.171005,81.684814) seconds
2026/05/26-11:18:01  ... thread 3: (3000,1000000) ops and (1016.5,12178.9) ops/second in (2.951347,82.109194) seconds
2026/05/26-11:18:02  ... thread 2: (4000,1006000) ops and (1575.6,12199.1) ops/second in (2.538764,82.465123) seconds
2026/05/26-11:18:02  ... thread 0: (1000,988000) ops and (646.7,11911.4) ops/second in (1.546297,82.945620) seconds
2026/05/26-11:18:02  ... thread 1: (4000,1010000) ops and (2781.4,12150.7) ops/second in (1.438135,83.122949) seconds
2026/05/26-11:18:03  ... thread 3: (2000,1002000) ops and (1264.4,11972.6) ops/second in (1.581762,83.690956) seconds
2026/05/26-11:18:03  ... thread 2: (1000,1007000) ops and (735.5,12013.2) ops/second in (1.359587,83.824710) seconds
2026/05/26-11:18:03  ... thread 1: (1000,1011000) ops and (926.5,12006.8) ops/second in (1.079298,84.202247) seconds
2026/05/26-11:18:04  ... thread 0: (2000,990000) ops and (1287.6,11716.1) ops/second in (1.553291,84.498911) seconds
2026/05/26-11:18:04  ... thread 3: (1000,1003000) ops and (867.6,11821.8) ops/second in (1.152616,84.843572) seconds
2026/05/26-11:18:05  ... thread 1: (2000,1013000) ops and (1864.1,11879.2) ops/second in (1.072893,85.275140) seconds
2026/05/26-11:18:05  ... thread 2: (3000,1010000) ops and (1636.6,11791.1) ops/second in (1.833100,85.657810) seconds
2026/05/26-11:18:05  ... thread 0: (1000,991000) ops and (760.5,11548.3) ops/second in (1.314868,85.813779) seconds
2026/05/26-11:18:05  ... thread 3: (2000,1005000) ops and (1679.5,11681.4) ops/second in (1.190809,86.034381) seconds
2026/05/26-11:18:06  ... thread 1: (1000,1014000) ops and (663.7,11684.5) ops/second in (1.506773,86.781913) seconds
2026/05/26-11:18:07  ... thread 0: (2000,993000) ops and (1385.2,11380.1) ops/second in (1.443801,87.257580) seconds
2026/05/26-11:18:07  ... thread 2: (3000,1013000) ops and (1813.7,11602.1) ops/second in (1.654064,87.311874) seconds
2026/05/26-11:18:07  ... thread 3: (2000,1007000) ops and (1197.9,11481.8) ops/second in (1.669565,87.703946) seconds
2026/05/26-11:18:07  ... thread 1: (2000,1016000) ops and (1549.3,11535.9) ops/second in (1.290895,88.072808) seconds
2026/05/26-11:18:08  ... thread 2: (1000,1014000) ops and (968.7,11477.8) ops/second in (1.032263,88.344137) seconds
2026/05/26-11:18:08  ... thread 0: (2000,995000) ops and (1540.9,11235.9) ops/second in (1.297917,88.555497) seconds
2026/05/26-11:18:08  ... thread 3: (1000,1008000) ops and (948.8,11356.7) ops/second in (1.054008,88.757954) seconds
2026/05/26-11:18:09  ... thread 1: (2000,1018000) ops and (1678.7,11404.3) ops/second in (1.191431,89.264239) seconds
2026/05/26-11:18:09  ... thread 0: (2000,997000) ops and (1504.1,11091.9) ops/second in (1.329739,89.885236) seconds
2026/05/26-11:18:09  ... thread 3: (2000,1010000) ops and (1347.0,11192.0) ops/second in (1.484806,90.242760) seconds
2026/05/26-11:18:10  ... thread 2: (2000,1016000) ops and (848.6,11201.6) ops/second in (2.356816,90.700953) seconds
2026/05/26-11:18:10  ... thread 1: (2000,1020000) ops and (1325.6,11236.8) ops/second in (1.508779,90.773018) seconds
2026/05/26-11:18:10  ... thread 0: (1000,998000) ops and (814.2,10953.4) ops/second in (1.228174,91.113410) seconds
2026/05/26-11:18:11  ... thread 3: (2000,1012000) ops and (1489.3,11049.8) ops/second in (1.342956,91.585716) seconds
2026/05/26-11:18:11  ... thread 2: (2000,1018000) ops and (1396.9,11049.3) ops/second in (1.431702,92.132655) seconds
2026/05/26-11:18:12  ... thread 1: (1000,1021000) ops and (669.4,11065.7) ops/second in (1.493799,92.266817) seconds
2026/05/26-11:18:13  ... thread 0: (1000,999000) ops and (465.6,10711.9) ops/second in (2.147565,93.260975) seconds
2026/05/26-11:18:13  ... thread 2: (1000,1019000) ops and (699.5,10891.1) ops/second in (1.429593,93.562248) seconds
2026/05/26-11:18:13  ... thread 3: (2000,1014000) ops and (975.9,10829.3) ops/second in (2.049453,93.635169) seconds
2026/05/26-11:18:14  ... thread 0: (2000,1001000) ops and (1448.4,10576.7) ops/second in (1.380871,94.641846) seconds
2026/05/26-11:18:14  ... thread 1: (1000,1022000) ops and (415.4,10794.9) ops/second in (2.407419,94.674236) seconds
2026/05/26-11:18:14  ... thread 3: (1000,1015000) ops and (842.4,10704.2) ops/second in (1.187151,94.822320) seconds
2026/05/26-11:18:15  ... thread 2: (2000,1021000) ops and (903.1,10660.2) ops/second in (2.214522,95.776770) seconds
2026/05/26-11:18:16  ... thread 0: (1000,1002000) ops and (522.5,10377.4) ops/second in (1.913808,96.555654) seconds
2026/05/26-11:18:17  ... thread 1: (2000,1024000) ops and (766.3,10525.9) ops/second in (2.609858,97.284094) seconds
2026/05/26-11:18:17  ... thread 3: (2000,1017000) ops and (809.7,10453.0) ops/second in (2.470006,97.292326) seconds
2026/05/26-11:18:17  ... thread 2: (2000,1023000) ops and (1179.2,10495.2) ops/second in (1.696103,97.472873) seconds
2026/05/26-11:18:17  ... thread 0: (2000,1004000) ops and (1540.9,10260.2) ops/second in (1.297928,97.853582) seconds
2026/05/26-11:18:18  ... thread 2: (1000,1024000) ops and (941.1,10392.2) ops/second in (1.062554,98.535427) seconds
2026/05/26-11:18:18  ... thread 3: (1000,1018000) ops and (690.1,10309.8) ops/second in (1.449080,98.741406) seconds
2026/05/26-11:18:18  ... thread 1: (1000,1025000) ops and (682.4,10379.8) ops/second in (1.465459,98.749553) seconds
2026/05/26-11:18:18  ... thread 0: (6000,1010000) ops and (5923.2,10215.8) ops/second in (1.012958,98.866540) seconds
2026/05/26-11:18:19  ... thread 2: (26000,1050000) ops and (23166.9,10536.1) ops/second in (1.122292,99.657719) seconds
2026/05/26-11:18:19  ... thread 3: (25000,1043000) ops and (23890.0,10452.2) ops/second in (1.046461,99.787867) seconds
2026/05/26-11:18:19  ... thread 1: (25000,1050000) ops and (24088.5,10522.4) ops/second in (1.037841,99.787394) seconds
2026/05/26-11:18:19  ... thread 0: (30000,1040000) ops and (29137.7,10410.8) ops/second in (1.029593,99.896133) seconds
2026/05/26-11:18:20  ... thread 2: (28000,1078000) ops and (27641.7,10708.2) ops/second in (1.012964,100.670683) seconds
2026/05/26-11:18:20  ... thread 3: (28000,1071000) ops and (25466.7,10615.8) ops/second in (1.099474,100.887341) seconds
2026/05/26-11:18:20  ... thread 1: (29000,1079000) ops and (25774.9,10692.4) ops/second in (1.125127,100.912521) seconds
2026/05/26-11:18:20  ... thread 0: (27000,1067000) ops and (26186.4,10572.0) ops/second in (1.031071,100.927204) seconds
2026/05/26-11:18:21  ... thread 3: (16000,1087000) ops and (15486.0,10665.2) ops/second in (1.033192,101.920533) seconds
2026/05/26-11:18:21  ... thread 1: (14000,1093000) ops and (13949.0,10724.5) ops/second in (1.003655,101.916176) seconds
2026/05/26-11:18:21  ... thread 2: (17000,1095000) ops and (13578.1,10743.4) ops/second in (1.252014,101.922697) seconds
2026/05/26-11:18:21  ... thread 0: (16000,1083000) ops and (15953.4,10624.9) ops/second in (1.002918,101.930122) seconds
2026/05/26-11:18:22  ... thread 2: (30000,1125000) ops and (26862.0,10918.1) ops/second in (1.116820,103.039517) seconds
2026/05/26-11:18:22  ... thread 0: (33000,1116000) ops and (29662.3,10830.5) ops/second in (1.112525,103.042647) seconds
2026/05/26-11:18:22  ... thread 3: (28000,1115000) ops and (24613.3,10819.1) ops/second in (1.137596,103.058129) seconds
2026/05/26-11:18:22  ... thread 1: (33000,1126000) ops and (28528.8,10924.3) ops/second in (1.156726,103.072902) seconds
2026/05/26-11:18:23  ... thread 1: (30000,1156000) ops and (26966.1,11095.6) ops/second in (1.112508,104.185410) seconds
2026/05/26-11:18:23  ... thread 3: (33000,1148000) ops and (29110.7,11018.1) ops/second in (1.133604,104.191733) seconds
2026/05/26-11:18:23  ... thread 0: (32000,1148000) ops and (27616.6,11017.1) ops/second in (1.158722,104.201369) seconds
2026/05/26-11:18:23  ... thread 2: (30000,1155000) ops and (25680.3,11083.6) ops/second in (1.168211,104.207728) seconds
2026/05/26-11:18:25  ... thread 2: (30000,1185000) ops and (24774.0,11240.9) ops/second in (1.210949,105.418677) seconds
2026/05/26-11:18:25  ... thread 1: (32000,1188000) ops and (23137.7,11253.4) ops/second in (1.383023,105.568433) seconds
2026/05/26-11:18:25  ... thread 0: (31000,1179000) ops and (21386.5,11159.4) ops/second in (1.449511,105.650880) seconds
2026/05/26-11:18:26  ... thread 3: (32000,1180000) ops and (14364.4,11088.2) ops/second in (2.227730,106.419463) seconds
2026/05/26-11:18:26  ... thread 1: (1000,1189000) ops and (764.5,11125.0) ops/second in (1.308007,106.876440) seconds
2026/05/26-11:18:26  ... thread 2: (1000,1186000) ops and (654.3,11089.6) ops/second in (1.528344,106.947021) seconds
2026/05/26-11:18:26  ... thread 0: (2000,1181000) ops and (1282.5,11015.7) ops/second in (1.559474,107.210354) seconds
2026/05/26-11:18:27  ... thread 3: (1000,1181000) ops and (584.8,10922.1) ops/second in (1.710016,108.129479) seconds
2026/05/26-11:18:28  ... thread 0: (2000,1183000) ops and (1359.0,10885.0) ops/second in (1.471662,108.682016) seconds
2026/05/26-11:18:28  ... thread 1: (2000,1191000) ops and (1073.4,10952.8) ops/second in (1.863312,108.739752) seconds
2026/05/26-11:18:28  ... thread 2: (1000,1187000) ops and (549.1,10913.1) ops/second in (1.821067,108.768088) seconds
2026/05/26-11:18:29  ... thread 3: (2000,1183000) ops and (1391.6,10797.1) ops/second in (1.437222,109.566701) seconds
2026/05/26-11:18:29  ... thread 0: (1000,1184000) ops and (991.1,10794.0) ops/second in (1.008962,109.690978) seconds
2026/05/26-11:18:29  ... thread 2: (1000,1188000) ops and (802.6,10798.6) ops/second in (1.245950,110.014038) seconds
2026/05/26-11:18:30  ... thread 1: (1000,1192000) ops and (633.5,10805.1) ops/second in (1.578501,110.318253) seconds
2026/05/26-11:18:31  ... thread 1: (1000,1193000) ops and (788.3,10691.2) ops/second in (1.268544,111.586797) seconds
2026/05/26-11:18:31  ... thread 2: (3000,1191000) ops and (1670.0,10652.0) ops/second in (1.796426,111.810464) seconds
2026/05/26-11:18:31  ... thread 3: (2000,1185000) ops and (831.5,10583.0) ops/second in (2.405310,111.972011) seconds
2026/05/26-11:18:31  ... thread 0: (1000,1185000) ops and (415.3,10571.0) ops/second in (2.407852,112.098830) seconds
2026/05/26-11:18:32  ... thread 2: (1000,1192000) ops and (747.6,10534.9) ops/second in (1.337529,113.147993) seconds
2026/05/26-11:18:33  ... thread 0: (2000,1187000) ops and (1532.9,10467.0) ops/second in (1.304749,113.403579) seconds
2026/05/26-11:18:33  ... thread 3: (2000,1187000) ops and (914.2,10397.7) ops/second in (2.187591,114.159602) seconds
2026/05/26-11:18:34  ... thread 1: (2000,1195000) ops and (656.1,10424.4) ops/second in (3.048465,114.635262) seconds
2026/05/26-11:18:34  ... thread 2: (2000,1194000) ops and (1293.7,10410.3) ops/second in (1.545959,114.693952) seconds
2026/05/26-11:18:34  ... thread 0: (1000,1188000) ops and (620.2,10329.0) ops/second in (1.612457,115.016036) seconds
2026/05/26-11:18:34  ... thread 3: (1000,1188000) ops and (946.0,10311.0) ops/second in (1.057131,115.216733) seconds
2026/05/26-11:18:35  ... thread 2: (1000,1195000) ops and (885.8,10317.5) ops/second in (1.128879,115.822831) seconds
2026/05/26-11:18:35  ... thread 0: (1000,1189000) ops and (991.3,10247.8) ops/second in (1.008726,116.024762) seconds
2026/05/26-11:18:36  ... thread 3: (1000,1189000) ops and (941.4,10225.4) ops/second in (1.062212,116.278945) seconds
2026/05/26-11:18:37  ... thread 3: (1000,1190000) ops and (975.9,10144.6) ops/second in (1.024653,117.303598) seconds
2026/05/26-11:18:37  ... thread 1: (2000,1197000) ops and (747.3,10203.6) ops/second in (2.676170,117.311432) seconds
2026/05/26-11:18:37  ... thread 0: (2000,1191000) ops and (1331.6,10133.9) ops/second in (1.501913,117.526675) seconds
2026/05/26-11:18:38  ... thread 1: (2000,1199000) ops and (1659.8,10116.7) ops/second in (1.204957,118.516389) seconds
2026/05/26-11:18:38  ... thread 2: (2000,1197000) ops and (692.7,10083.4) ops/second in (2.887269,118.710100) seconds
2026/05/26-11:18:38  ... thread 3: (2000,1192000) ops and (1109.2,10007.8) ops/second in (1.803104,119.106702) seconds
2026/05/26-11:18:39  ... thread 1: (1000,1200000) ops and (823.7,10022.5) ops/second in (1.214000,119.730389) seconds
2026/05/26-11:18:39  ... thread 2: (1000,1198000) ops and (810.1,9988.0) ops/second in (1.234354,119.944454) seconds
2026/05/26-11:18:39  ... thread 0: (1000,1192000) ops and (376.0,9918.0) ops/second in (2.659437,120.186112) seconds
2026/05/26-11:18:40  ... thread 3: (2000,1194000) ops and (951.5,9850.8) ops/second in (2.101999,121.208701) seconds
2026/05/26-11:18:41  ... thread 1: (2000,1202000) ops and (1176.6,9898.7) ops/second in (1.699824,121.430213) seconds
2026/05/26-11:18:42  ... thread 2: (2000,1200000) ops and (864.4,9815.3) ops/second in (2.313712,122.258166) seconds
2026/05/26-11:18:42  ... thread 0: (2000,1194000) ops and (847.0,9743.2) ops/second in (2.361353,122.547465) seconds
2026/05/26-11:18:42  ... thread 3: (1000,1195000) ops and (741.8,9750.6) ops/second in (1.348010,122.556711) seconds
2026/05/26-11:18:43  ... thread 1: (2000,1204000) ops and (946.4,9745.6) ops/second in (2.113291,123.543504) seconds
2026/05/26-11:18:44  ... thread 3: (2000,1197000) ops and (1142.0,9629.3) ops/second in (1.751367,124.308078) seconds
2026/05/26-11:18:44  ... thread 1: (1000,1205000) ops and (916.3,9668.2) ops/second in (1.091318,124.634822) seconds
2026/05/26-11:18:44  ... thread 0: (1000,1195000) ops and (431.6,9570.4) ops/second in (2.317115,124.864580) seconds
2026/05/26-11:18:44  ... thread 2: (1000,1201000) ops and (364.6,9607.9) ops/second in (2.742660,125.000826) seconds
2026/05/26-11:18:45  ... thread 3: (1000,1198000) ops and (747.4,9534.7) ops/second in (1.338061,125.646139) seconds
2026/05/26-11:18:46  ... thread 1: (1000,1206000) ops and (526.1,9530.9) ops/second in (1.900911,126.535733) seconds
2026/05/26-11:18:46  ... thread 0: (1000,1196000) ops and (528.3,9435.3) ops/second in (1.893031,126.757611) seconds
2026/05/26-11:18:46  ... thread 3: (1000,1199000) ops and (750.0,9442.5) ops/second in (1.333415,126.979554) seconds
2026/05/26-11:18:46  ... thread 2: (1000,1202000) ops and (489.6,9461.4) ops/second in (2.042315,127.043141) seconds
2026/05/26-11:18:48  ... thread 1: (1000,1207000) ops and (568.9,9408.1) ops/second in (1.757707,128.293440) seconds
2026/05/26-11:18:48  ... thread 0: (1000,1197000) ops and (501.7,9297.0) ops/second in (1.993372,128.750983) seconds
2026/05/26-11:18:49  ... thread 2: (1000,1203000) ops and (419.4,9294.8) ops/second in (2.384198,129.427339) seconds
2026/05/26-11:18:49  ... thread 3: (2000,1201000) ops and (714.2,9254.1) ops/second in (2.800286,129.779840) seconds
2026/05/26-11:18:49  ... thread 0: (1000,1198000) ops and (715.3,9204.8) ops/second in (1.397943,130.148926) seconds
2026/05/26-11:18:50  ... thread 1: (1000,1208000) ops and (459.8,9259.0) ops/second in (2.174831,130.468271) seconds
2026/05/26-11:18:51  ... thread 3: (1000,1202000) ops and (603.2,9145.0) ops/second in (1.657914,131.437754) seconds
2026/05/26-11:18:51  ... thread 2: (1000,1204000) ops and (399.6,9126.1) ops/second in (2.502664,131.930003) seconds
2026/05/26-11:18:51  ... thread 0: (1000,1199000) ops and (487.0,9069.4) ops/second in (2.053286,132.202212) seconds
2026/05/26-11:18:52  ... thread 3: (1000,1203000) ops and (983.0,9082.3) ops/second in (1.017345,132.455099) seconds
2026/05/26-11:18:53  ... thread 0: (1000,1200000) ops and (942.1,9004.7) ops/second in (1.061462,133.263674) seconds
2026/05/26-11:18:53  ... thread 2: (1000,1205000) ops and (600.0,9019.7) ops/second in (1.666673,133.596676) seconds
2026/05/26-11:18:53  ... thread 1: (2000,1210000) ops and (556.0,9025.5) ops/second in (3.596819,134.065090) seconds
2026/05/26-11:18:53  ... thread 3: (1000,1204000) ops and (581.8,8973.4) ops/second in (1.718769,134.173868) seconds
2026/05/26-11:18:54  ... thread 0: (1000,1201000) ops and (992.4,8944.6) ops/second in (1.007616,134.271290) seconds
2026/05/26-11:18:54  ... thread 2: (13000,1218000) ops and (12834.9,9048.4) ops/second in (1.012864,134.609540) seconds
2026/05/26-11:18:54  ... thread 1: (26000,1236000) ops and (25601.1,9150.1) ops/second in (1.015582,135.080672) seconds
2026/05/26-11:18:54  ... thread 3: (25000,1229000) ops and (24593.6,9090.9) ops/second in (1.016524,135.190392) seconds
2026/05/26-11:18:55  ... thread 0: (33000,1234000) ops and (32682.9,9121.8) ops/second in (1.009702,135.280992) seconds
2026/05/26-11:18:55  ... thread 2: (28000,1246000) ops and (27877.5,9187.8) ops/second in (1.004396,135.613936) seconds
Initializing RocksDB Options from the specified file
Initializing RocksDB Options from command-line flags
Integrated BlobDB: blob cache disabled
Keys:       16 bytes each (+ 0 bytes user-defined timestamp)
Values:     1024 bytes each (512 bytes after compression)
Entries:    1250000
Prefix:    0 bytes
Keys per prefix:    0
RawSize:    1239.8 MB (estimated)
FileSize:   629.4 MB (estimated)
Write rate: 0 bytes/second
Read rate: 0 ops/second
Compression: Snappy
Compression sampling rate: 0
Memtablerep: SkipListFactory
Perf Level: 1
WARNING: Assertions are enabled; benchmarks unnecessarily slow
------------------------------------------------
Initializing RocksDB Options from the specified file
Initializing RocksDB Options from command-line flags
Integrated BlobDB: blob cache disabled
DB path: [/tmp/rocksdb_comp_exp_db]
fillrandom   :     108.516 micros/op 36832 ops/sec 135.750 seconds 5000000 operations;   36.5 MB/s
2026/05/26-11:18:59  ... thread 1: (1000,1000) ops and (252.3,252.3) ops/second in (3.964121,3.964121) seconds
2026/05/26-11:19:00  ... thread 3: (1000,1000) ops and (212.5,212.5) ops/second in (4.705887,4.705887) seconds
2026/05/26-11:19:00  ... thread 0: (1000,1000) ops and (209.4,209.4) ops/second in (4.774820,4.774820) seconds
2026/05/26-11:19:00  ... thread 2: (1000,1000) ops and (205.2,205.2) ops/second in (4.874472,4.874472) seconds
2026/05/26-11:19:02  ... thread 3: (1000,2000) ops and (480.3,294.6) ops/second in (2.081980,6.787867) seconds
2026/05/26-11:19:03  ... thread 1: (1000,2000) ops and (276.7,263.9) ops/second in (3.613671,7.577792) seconds
2026/05/26-11:19:03  ... thread 0: (1000,2000) ops and (330.2,256.3) ops/second in (3.028288,7.803108) seconds
2026/05/26-11:19:03  ... thread 2: (1000,2000) ops and (308.8,246.5) ops/second in (3.238509,8.112981) seconds
2026/05/26-11:19:05  ... thread 3: (1000,3000) ops and (295.1,294.8) ops/second in (3.388850,10.176717) seconds
2026/05/26-11:19:05  ... thread 1: (1000,3000) ops and (358.0,289.3) ops/second in (2.793494,10.371286) seconds
2026/05/26-11:19:06  ... thread 0: (1000,3000) ops and (335.5,278.2) ops/second in (2.980658,10.783766) seconds
2026/05/26-11:19:06  ... thread 2: (1000,3000) ops and (334.9,270.3) ops/second in (2.985556,11.098537) seconds
2026/05/26-11:19:10  ... thread 3: (1000,4000) ops and (212.1,268.6) ops/second in (4.714118,14.890835) seconds
2026/05/26-11:19:10  ... thread 1: (1000,4000) ops and (206.8,263.0) ops/second in (4.836603,15.207889) seconds
2026/05/26-11:19:11  ... thread 0: (1000,4000) ops and (199.5,253.2) ops/second in (5.012463,15.796229) seconds
2026/05/26-11:19:11  ... thread 2: (1000,4000) ops and (210.4,252.3) ops/second in (4.753484,15.852021) seconds
2026/05/26-11:19:14  ... thread 3: (1000,5000) ops and (239.5,262.3) ops/second in (4.174875,19.065710) seconds
2026/05/26-11:19:14  ... thread 1: (1000,5000) ops and (245.6,259.3) ops/second in (4.071080,19.278969) seconds
2026/05/26-11:19:15  ... thread 0: (1000,5000) ops and (253.3,253.2) ops/second in (3.947341,19.743570) seconds
2026/05/26-11:19:15  ... thread 2: (1000,5000) ops and (255.8,253.0) ops/second in (3.910023,19.762044) seconds
2026/05/26-11:19:17  ... thread 3: (1000,6000) ops and (300.9,268.0) ops/second in (3.323877,22.389587) seconds
2026/05/26-11:19:17  ... thread 1: (1000,6000) ops and (318.3,267.6) ops/second in (3.141198,22.420167) seconds
2026/05/26-11:19:18  ... thread 2: (1000,6000) ops and (320.8,262.2) ops/second in (3.117388,22.879432) seconds
2026/05/26-11:19:18  ... thread 0: (1000,6000) ops and (318.8,262.2) ops/second in (3.136736,22.880306) seconds
2026/05/26-11:19:18  ... thread 1: (1000,7000) ops and (987.9,298.7) ops/second in (1.012236,23.432403) seconds
2026/05/26-11:19:20  ... thread 3: (2000,8000) ops and (861.6,323.7) ops/second in (2.321326,24.710913) seconds
2026/05/26-11:19:20  ... thread 1: (1000,8000) ops and (767.8,323.4) ops/second in (1.302442,24.734845) seconds
2026/05/26-11:19:20  ... thread 0: (2000,8000) ops and (1041.8,322.6) ops/second in (1.919830,24.800136) seconds
2026/05/26-11:19:20  ... thread 2: (2000,8000) ops and (925.4,319.5) ops/second in (2.161238,25.040670) seconds
2026/05/26-11:19:21  ... thread 1: (3000,11000) ops and (2668.0,425.4) ops/second in (1.124418,25.859263) seconds
2026/05/26-11:19:21  ... thread 0: (3000,11000) ops and (2733.0,424.7) ops/second in (1.097689,25.897825) seconds
2026/05/26-11:19:21  ... thread 3: (3000,11000) ops and (2512.8,424.6) ops/second in (1.193888,25.904801) seconds
2026/05/26-11:19:21  ... thread 2: (4000,12000) ops and (3323.7,457.2) ops/second in (1.203481,26.244151) seconds
2026/05/26-11:19:22  ... thread 3: (4000,15000) ops and (3609.7,555.3) ops/second in (1.108124,27.012925) seconds
2026/05/26-11:19:22  ... thread 1: (4000,15000) ops and (3325.1,554.3) ops/second in (1.202988,27.062251) seconds
2026/05/26-11:19:22  ... thread 0: (4000,15000) ops and (3405.5,554.1) ops/second in (1.174582,27.072407) seconds
2026/05/26-11:19:22  ... thread 2: (4000,16000) ops and (3370.9,583.3) ops/second in (1.186635,27.430786) seconds
2026/05/26-11:19:23  ... thread 3: (4000,19000) ops and (3669.5,676.1) ops/second in (1.090056,28.102981) seconds
2026/05/26-11:19:23  ... thread 0: (4000,19000) ops and (3606.2,674.2) ops/second in (1.109205,28.181612) seconds
2026/05/26-11:19:23  ... thread 1: (4000,19000) ops and (3572.1,674.2) ops/second in (1.119784,28.182035) seconds
2026/05/26-11:19:24  ... thread 2: (5000,21000) ops and (4181.9,733.6) ops/second in (1.195633,28.626419) seconds
2026/05/26-11:19:24  ... thread 1: (4000,23000) ops and (3997.0,788.1) ops/second in (1.000746,29.182781) seconds
2026/05/26-11:19:24  ... thread 3: (5000,24000) ops and (4147.5,818.9) ops/second in (1.205538,29.308519) seconds
2026/05/26-11:19:24  ... thread 0: (5000,24000) ops and (4104.1,816.3) ops/second in (1.218283,29.399895) seconds
2026/05/26-11:19:25  ... thread 2: (5000,26000) ops and (4115.8,871.3) ops/second in (1.214837,29.841256) seconds
2026/05/26-11:19:26  ... thread 1: (5000,28000) ops and (3725.7,917.3) ops/second in (1.342040,30.524821) seconds
2026/05/26-11:19:26  ... thread 0: (4000,28000) ops and (3518.2,916.9) ops/second in (1.136938,30.536833) seconds
2026/05/26-11:19:26  ... thread 3: (5000,29000) ops and (3853.2,947.5) ops/second in (1.297613,30.606132) seconds
2026/05/26-11:19:26  ... thread 2: (4000,30000) ops and (3839.6,971.4) ops/second in (1.041770,30.883026) seconds
2026/05/26-11:19:27  ... thread 1: (5000,33000) ops and (4808.2,1045.5) ops/second in (1.039897,31.564718) seconds
2026/05/26-11:19:27  ... thread 0: (5000,33000) ops and (4838.8,1045.3) ops/second in (1.033313,31.570146) seconds
2026/05/26-11:19:27  ... thread 3: (6000,35000) ops and (5057.9,1100.9) ops/second in (1.186260,31.792392) seconds
2026/05/26-11:19:27  ... thread 2: (6000,36000) ops and (5247.7,1124.1) ops/second in (1.143358,32.026384) seconds
2026/05/26-11:19:28  ... thread 1: (6000,39000) ops and (5434.5,1193.8) ops/second in (1.104052,32.668770) seconds
2026/05/26-11:19:28  ... thread 0: (6000,39000) ops and (5316.4,1192.7) ops/second in (1.128592,32.698738) seconds
2026/05/26-11:19:28  ... thread 3: (6000,41000) ops and (5584.9,1247.5) ops/second in (1.074317,32.866709) seconds
2026/05/26-11:19:28  ... thread 2: (6000,42000) ops and (5424.8,1267.6) ops/second in (1.106039,33.132423) seconds
2026/05/26-11:19:29  ... thread 1: (6000,45000) ops and (5638.8,1334.0) ops/second in (1.064063,33.732833) seconds
2026/05/26-11:19:29  ... thread 0: (6000,45000) ops and (5663.6,1333.0) ops/second in (1.059392,33.758130) seconds
2026/05/26-11:19:29  ... thread 3: (6000,47000) ops and (5754.9,1386.1) ops/second in (1.042582,33.909291) seconds
2026/05/26-11:19:29  ... thread 2: (7000,49000) ops and (6266.0,1430.7) ops/second in (1.117139,34.249562) seconds
2026/05/26-11:19:30  ... thread 1: (7000,52000) ops and (6481.2,1493.7) ops/second in (1.080053,34.812886) seconds
2026/05/26-11:19:30  ... thread 0: (7000,52000) ops and (6622.2,1493.6) ops/second in (1.057046,34.815176) seconds
2026/05/26-11:19:30  ... thread 3: (7000,54000) ops and (6486.9,1543.4) ops/second in (1.079106,34.988397) seconds
2026/05/26-11:19:30  ... thread 2: (7000,56000) ops and (6897.1,1588.0) ops/second in (1.014919,35.264481) seconds
2026/05/26-11:19:31  ... thread 0: (7000,59000) ops and (6909.8,1646.7) ops/second in (1.013049,35.828225) seconds
2026/05/26-11:19:31  ... thread 1: (8000,60000) ops and (7232.6,1670.4) ops/second in (1.106109,35.918995) seconds
2026/05/26-11:19:31  ... thread 3: (7000,61000) ops and (6780.6,1693.5) ops/second in (1.032359,36.020756) seconds
2026/05/26-11:19:31  ... thread 2: (8000,64000) ops and (7359.1,1760.6) ops/second in (1.087084,36.351565) seconds
2026/05/26-11:19:32  ... thread 0: (8000,67000) ops and (7852.5,1818.3) ops/second in (1.018781,36.847006) seconds
2026/05/26-11:19:32  ... thread 1: (8000,68000) ops and (7990.9,1841.8) ops/second in (1.001136,36.920131) seconds
2026/05/26-11:19:32  ... thread 3: (9000,70000) ops and (8199.6,1885.9) ops/second in (1.097612,37.118368) seconds
2026/05/26-11:19:32  ... thread 2: (9000,73000) ops and (8926.4,1954.0) ops/second in (1.008247,37.359812) seconds
2026/05/26-11:19:33  ... thread 0: (9000,76000) ops and (8827.7,2007.0) ops/second in (1.019521,37.866527) seconds
2026/05/26-11:19:33  ... thread 1: (9000,77000) ops and (8742.1,2029.0) ops/second in (1.029498,37.949629) seconds
2026/05/26-11:19:33  ... thread 3: (10000,80000) ops and (9235.2,2094.2) ops/second in (1.082812,38.201180) seconds
2026/05/26-11:19:33  ... thread 2: (9000,82000) ops and (8956.1,2137.4) ops/second in (1.004903,38.364715) seconds
2026/05/26-11:19:34  ... thread 0: (11000,87000) ops and (10165.9,2233.7) ops/second in (1.082046,38.948573) seconds
2026/05/26-11:19:34  ... thread 1: (11000,88000) ops and (10549.0,2256.9) ops/second in (1.042750,38.992379) seconds
2026/05/26-11:19:34  ... thread 3: (12000,92000) ops and (11237.7,2342.8) ops/second in (1.067830,39.269010) seconds
2026/05/26-11:19:34  ... thread 2: (12000,94000) ops and (11645.1,2386.1) ops/second in (1.030473,39.395188) seconds
2026/05/26-11:19:35  ... thread 0: (13000,100000) ops and (12884.2,2502.7) ops/second in (1.008986,39.957559) seconds
DB path: [/tmp/rocksdb_comp_exp_db]
readrandom   :     399.207 micros/op 10010 ops/sec 39.958 seconds 400000 operations;    9.7 MB/s (98183 of 100000 found)

STATISTICS:
rocksdb.block.cache.miss COUNT : 4115248
rocksdb.block.cache.hit COUNT : 181906
rocksdb.block.cache.add COUNT : 1505268
rocksdb.block.cache.add.failures COUNT : 0
rocksdb.block.cache.index.miss COUNT : 0
rocksdb.block.cache.index.hit COUNT : 0
rocksdb.block.cache.index.add COUNT : 0
rocksdb.block.cache.index.bytes.insert COUNT : 0
rocksdb.block.cache.filter.miss COUNT : 0
rocksdb.block.cache.filter.hit COUNT : 0
rocksdb.block.cache.filter.add COUNT : 0
rocksdb.block.cache.filter.bytes.insert COUNT : 0
rocksdb.block.cache.data.miss COUNT : 4115248
rocksdb.block.cache.data.hit COUNT : 181906
rocksdb.block.cache.data.add COUNT : 1505268
rocksdb.block.cache.data.bytes.insert COUNT : 6478643568
rocksdb.block.cache.bytes.read COUNT : 782920320
rocksdb.block.cache.bytes.write COUNT : 6478643568
rocksdb.block.cache.compression.dict.miss COUNT : 0
rocksdb.block.cache.compression.dict.hit COUNT : 0
rocksdb.block.cache.compression.dict.add COUNT : 0
rocksdb.block.cache.compression.dict.bytes.insert COUNT : 0
rocksdb.block.cache.add.redundant COUNT : 9
rocksdb.block.cache.index.add.redundant COUNT : 0
rocksdb.block.cache.filter.add.redundant COUNT : 0
rocksdb.block.cache.data.add.redundant COUNT : 9
rocksdb.block.cache.compression.dict.add.redundant COUNT : 0
rocksdb.secondary.cache.hits COUNT : 0
rocksdb.secondary.cache.filter.hits COUNT : 0
rocksdb.secondary.cache.index.hits COUNT : 0
rocksdb.secondary.cache.data.hits COUNT : 0
rocksdb.compressed.secondary.cache.dummy.hits COUNT : 0
rocksdb.compressed.secondary.cache.hits COUNT : 0
rocksdb.compressed.secondary.cache.promotions COUNT : 0
rocksdb.compressed.secondary.cache.promotion.skips COUNT : 0
rocksdb.bloom.filter.useful COUNT : 0
rocksdb.bloom.filter.full.positive COUNT : 0
rocksdb.bloom.filter.full.true.positive COUNT : 0
rocksdb.bloom.filter.prefix.checked COUNT : 0
rocksdb.bloom.filter.prefix.useful COUNT : 0
rocksdb.bloom.filter.prefix.true.positive COUNT : 0
rocksdb.persistent.cache.hit COUNT : 0
rocksdb.persistent.cache.miss COUNT : 0
rocksdb.sim.block.cache.hit COUNT : 0
rocksdb.sim.block.cache.miss COUNT : 0
rocksdb.memtable.hit COUNT : 6850
rocksdb.memtable.miss COUNT : 393150
rocksdb.l0.hit COUNT : 63873
rocksdb.l1.hit COUNT : 101897
rocksdb.l2andup.hit COUNT : 219819
rocksdb.compaction.key.drop.new COUNT : 3158162
rocksdb.compaction.key.drop.obsolete COUNT : 0
rocksdb.compaction.key.drop.range_del COUNT : 0
rocksdb.compaction.key.drop.user COUNT : 0
rocksdb.compaction.range_del.drop.obsolete COUNT : 0
rocksdb.compaction.optimized.del.drop.obsolete COUNT : 0
rocksdb.compaction.cancelled COUNT : 0
rocksdb.compaction.aborted COUNT : 0
rocksdb.number.keys.written COUNT : 5000000
rocksdb.number.keys.read COUNT : 400000
rocksdb.number.keys.updated COUNT : 0
rocksdb.bytes.written COUNT : 5279279988
rocksdb.bytes.read COUNT : 401857536
rocksdb.number.db.seek COUNT : 0
rocksdb.number.db.next COUNT : 0
rocksdb.number.db.prev COUNT : 0
rocksdb.number.db.seek.found COUNT : 0
rocksdb.number.db.next.found COUNT : 0
rocksdb.number.db.prev.found COUNT : 0
rocksdb.db.iter.bytes.read COUNT : 0
rocksdb.number.iter.skip COUNT : 0
rocksdb.number.reseeks.iteration COUNT : 0
rocksdb.num.iterator.created COUNT : 0
rocksdb.num.iterator.deleted COUNT : 0
rocksdb.no.file.opens COUNT : 141
rocksdb.no.file.errors COUNT : 0
rocksdb.stall.micros COUNT : 98521519
rocksdb.db.mutex.wait.micros COUNT : 0
rocksdb.number.multiget.get COUNT : 0
rocksdb.number.multiget.keys.read COUNT : 0
rocksdb.number.multiget.bytes.read COUNT : 0
rocksdb.number.multiget.keys.found COUNT : 0
rocksdb.number.merge.failures COUNT : 0
rocksdb.getupdatessince.calls COUNT : 0
rocksdb.wal.synced COUNT : 0
rocksdb.wal.bytes COUNT : 5279279988
rocksdb.write.self COUNT : 4939999
rocksdb.write.other COUNT : 60001
rocksdb.write.wal COUNT : 5000000
rocksdb.compact.read.bytes COUNT : 6366466217
rocksdb.compact.write.bytes COUNT : 4455911673
rocksdb.flush.write.bytes COUNT : 2971730111
rocksdb.compact.read.marked.bytes COUNT : 0
rocksdb.compact.read.periodic.bytes COUNT : 0
rocksdb.compact.read.ttl.bytes COUNT : 0
rocksdb.compact.write.marked.bytes COUNT : 0
rocksdb.compact.write.periodic.bytes COUNT : 0
rocksdb.compact.write.ttl.bytes COUNT : 0
rocksdb.number.direct.load.table.properties COUNT : 0
rocksdb.number.superversion_acquires COUNT : 20
rocksdb.number.superversion_releases COUNT : 16
rocksdb.number.superversion_cleanups COUNT : 4
rocksdb.number.block.compressed COUNT : 3040159
rocksdb.number.block.decompressed COUNT : 4115389
rocksdb.bytes.compressed.from COUNT : 12813508312
rocksdb.bytes.compressed.to COUNT : 7412252446
rocksdb.bytes.compression_bypassed COUNT : 0
rocksdb.bytes.compression.rejected COUNT : 0
rocksdb.number.block_compression_bypassed COUNT : 0
rocksdb.number.block_compression_rejected COUNT : 0
rocksdb.bytes.decompressed.from COUNT : 10025573346
rocksdb.bytes.decompressed.to COUNT : 17324427872
rocksdb.merge.operation.time.nanos COUNT : 0
rocksdb.filter.operation.time.nanos COUNT : 0
rocksdb.compaction.total.time.cpu_micros COUNT : 38074392
rocksdb.row.cache.hit COUNT : 0
rocksdb.row.cache.miss COUNT : 0
rocksdb.read.amp.estimate.useful.bytes COUNT : 0
rocksdb.read.amp.total.read.bytes COUNT : 0
rocksdb.number.rate_limiter.drains COUNT : 0
rocksdb.blobdb.num.put COUNT : 0
rocksdb.blobdb.num.write COUNT : 0
rocksdb.blobdb.num.get COUNT : 0
rocksdb.blobdb.num.multiget COUNT : 0
rocksdb.blobdb.num.seek COUNT : 0
rocksdb.blobdb.num.next COUNT : 0
rocksdb.blobdb.num.prev COUNT : 0
rocksdb.blobdb.num.keys.written COUNT : 0
rocksdb.blobdb.num.keys.read COUNT : 0
rocksdb.blobdb.bytes.written COUNT : 0
rocksdb.blobdb.bytes.read COUNT : 0
rocksdb.blobdb.write.inlined COUNT : 0
rocksdb.blobdb.write.inlined.ttl COUNT : 0
rocksdb.blobdb.write.blob COUNT : 0
rocksdb.blobdb.write.blob.ttl COUNT : 0
rocksdb.blobdb.blob.file.bytes.written COUNT : 0
rocksdb.blobdb.blob.file.bytes.read COUNT : 0
rocksdb.blobdb.blob.file.synced COUNT : 0
rocksdb.blobdb.blob.index.expired.count COUNT : 0
rocksdb.blobdb.blob.index.expired.size COUNT : 0
rocksdb.blobdb.blob.index.evicted.count COUNT : 0
rocksdb.blobdb.blob.index.evicted.size COUNT : 0
rocksdb.blobdb.gc.num.files COUNT : 0
rocksdb.blobdb.gc.num.new.files COUNT : 0
rocksdb.blobdb.gc.failures COUNT : 0
rocksdb.blobdb.gc.num.keys.relocated COUNT : 0
rocksdb.blobdb.gc.bytes.relocated COUNT : 0
rocksdb.blobdb.fifo.num.files.evicted COUNT : 0
rocksdb.blobdb.fifo.num.keys.evicted COUNT : 0
rocksdb.blobdb.fifo.bytes.evicted COUNT : 0
rocksdb.blobdb.cache.miss COUNT : 0
rocksdb.blobdb.cache.hit COUNT : 0
rocksdb.blobdb.cache.add COUNT : 0
rocksdb.blobdb.cache.add.failures COUNT : 0
rocksdb.blobdb.cache.bytes.read COUNT : 0
rocksdb.blobdb.cache.bytes.write COUNT : 0
rocksdb.txn.overhead.mutex.prepare COUNT : 0
rocksdb.txn.overhead.mutex.old.commit.map COUNT : 0
rocksdb.txn.overhead.duplicate.key COUNT : 0
rocksdb.txn.overhead.mutex.snapshot COUNT : 0
rocksdb.txn.get.tryagain COUNT : 0
rocksdb.files.marked.trash COUNT : 0
rocksdb.files.marked.trash.deleted COUNT : 0
rocksdb.files.deleted.immediately COUNT : 204
rocksdb.error.handler.bg.error.count COUNT : 0
rocksdb.error.handler.bg.io.error.count COUNT : 0
rocksdb.error.handler.bg.retryable.io.error.count COUNT : 0
rocksdb.error.handler.autoresume.count COUNT : 0
rocksdb.error.handler.autoresume.retry.total.count COUNT : 0
rocksdb.error.handler.autoresume.success.count COUNT : 0
rocksdb.memtable.payload.bytes.at.flush COUNT : 5217267832
rocksdb.memtable.garbage.bytes.at.flush COUNT : 127638016
rocksdb.verify_checksum.read.bytes COUNT : 0
rocksdb.backup.read.bytes COUNT : 0
rocksdb.backup.write.bytes COUNT : 0
rocksdb.remote.compact.read.bytes COUNT : 0
rocksdb.remote.compact.write.bytes COUNT : 0
rocksdb.remote.compact.resumed.bytes COUNT : 0
rocksdb.hot.file.read.bytes COUNT : 0
rocksdb.warm.file.read.bytes COUNT : 0
rocksdb.cool.file.read.bytes COUNT : 0
rocksdb.cold.file.read.bytes COUNT : 0
rocksdb.ice.file.read.bytes COUNT : 0
rocksdb.hot.file.read.count COUNT : 0
rocksdb.warm.file.read.count COUNT : 0
rocksdb.cool.file.read.count COUNT : 0
rocksdb.cold.file.read.count COUNT : 0
rocksdb.ice.file.read.count COUNT : 0
rocksdb.last.level.read.bytes COUNT : 0
rocksdb.last.level.read.count COUNT : 0
rocksdb.non.last.level.read.bytes COUNT : 10046327427
rocksdb.non.last.level.read.count COUNT : 4115812
rocksdb.last.level.seek.filtered COUNT : 0
rocksdb.last.level.seek.filter.match COUNT : 0
rocksdb.last.level.seek.data COUNT : 0
rocksdb.last.level.seek.data.useful.no.filter COUNT : 0
rocksdb.last.level.seek.data.useful.filter.match COUNT : 0
rocksdb.non.last.level.seek.filtered COUNT : 0
rocksdb.non.last.level.seek.filter.match COUNT : 0
rocksdb.non.last.level.seek.data COUNT : 0
rocksdb.non.last.level.seek.data.useful.no.filter COUNT : 0
rocksdb.non.last.level.seek.data.useful.filter.match COUNT : 0
rocksdb.block.checksum.compute.count COUNT : 4115530
rocksdb.block.checksum.mismatch.count COUNT : 0
rocksdb.multiget.coroutine.count COUNT : 0
rocksdb.read.async.micros COUNT : 0
rocksdb.async.read.error.count COUNT : 0
rocksdb.table.open.prefetch.tail.miss COUNT : 0
rocksdb.table.open.prefetch.tail.hit COUNT : 0
rocksdb.timestamp.filter.table.checked COUNT : 0
rocksdb.timestamp.filter.table.filtered COUNT : 0
rocksdb.readahead.trimmed COUNT : 0
rocksdb.fifo.max.size.compactions COUNT : 0
rocksdb.fifo.ttl.compactions COUNT : 0
rocksdb.fifo.change_temperature.compactions COUNT : 0
rocksdb.prefetch.bytes COUNT : 0
rocksdb.prefetch.bytes.useful COUNT : 0
rocksdb.prefetch.hits COUNT : 0
rocksdb.footer.corruption.count COUNT : 0
rocksdb.file.read.corruption.retry.count COUNT : 0
rocksdb.file.read.corruption.retry.success.count COUNT : 0
rocksdb.number.wbwi.ingest COUNT : 0
rocksdb.sst.user.defined.index.load.fail.count COUNT : 0
rocksdb.multiscan.prepare.calls COUNT : 0
rocksdb.multiscan.prepare.errors COUNT : 0
rocksdb.multiscan.blocks.prefetched COUNT : 0
rocksdb.multiscan.blocks.from.cache COUNT : 0
rocksdb.multiscan.prefetch.bytes COUNT : 0
rocksdb.multiscan.prefetch.blocks.wasted COUNT : 0
rocksdb.multiscan.io.requests COUNT : 0
rocksdb.multiscan.io.coalesced.nonadjacent COUNT : 0
rocksdb.multiscan.seek.errors COUNT : 0
rocksdb.prefetch.memory.bytes.granted COUNT : 0
rocksdb.prefetch.memory.bytes.released COUNT : 0
rocksdb.prefetch.memory.requests.blocked COUNT : 0
rocksdb.read.path.range.tombstones.inserted COUNT : 0
rocksdb.read.path.range.tombstones.discarded COUNT : 0
rocksdb.file.open.metadata.retrieved COUNT : 0
rocksdb.file.open.metadata.passed COUNT : 0
rocksdb.manifest.validation.failure.count COUNT : 0
rocksdb.db.get.micros P50 : 35.476671 P95 : 1627.960782 P99 : 5741.959335 P100 : 1178125.000000 COUNT : 400000 SUM : 159445161
rocksdb.db.write.micros P50 : 5.832958 P95 : 21.954513 P99 : 2049.069466 P100 : 776900.000000 COUNT : 4999809 SUM : 538298213
rocksdb.compaction.times.micros P50 : 14000000.000000 P95 : 35418409.000000 P99 : 35418409.000000 P100 : 35418409.000000 COUNT : 10 SUM : 156532212
rocksdb.compaction.times.cpu_micros P50 : 3600000.000000 P95 : 7416405.000000 P99 : 7416405.000000 P100 : 7416405.000000 COUNT : 10 SUM : 38074392
rocksdb.subcompaction.setup.times.micros P50 : 0.000000 P95 : 0.000000 P99 : 0.000000 P100 : 0.000000 COUNT : 0 SUM : 0
rocksdb.table.sync.micros P50 : 341228.070175 P95 : 927893.000000 P99 : 927893.000000 P100 : 927893.000000 COUNT : 80 SUM : 37383406
rocksdb.compaction.outfile.sync.micros P50 : 764843.750000 P95 : 1148150.000000 P99 : 1189630.000000 P100 : 1194365.000000 COUNT : 61 SUM : 44293843
rocksdb.wal.file.sync.micros P50 : 0.000000 P95 : 0.000000 P99 : 0.000000 P100 : 0.000000 COUNT : 0 SUM : 0
rocksdb.manifest.file.sync.micros P50 : 5680.597015 P95 : 18800.000000 P99 : 255200.000000 P100 : 299775.000000 COUNT : 96 SUM : 927803
rocksdb.table.open.io.micros P50 : 730.686275 P95 : 2387.500000 P99 : 6374.500000 P100 : 9692.000000 COUNT : 141 SUM : 138904
rocksdb.db.multiget.micros P50 : 0.000000 P95 : 0.000000 P99 : 0.000000 P100 : 0.000000 COUNT : 0 SUM : 0
rocksdb.read.block.compaction.micros P50 : 3.348211 P95 : 7.884247 P99 : 1048.574809 P100 : 334572.000000 COUNT : 2609980 SUM : 83063925
rocksdb.read.block.get.micros P50 : 5.479669 P95 : 878.429594 P99 : 1636.773580 P100 : 615891.000000 COUNT : 1505409 SUM : 153217974
rocksdb.write.raw.block.micros P50 : 0.536198 P95 : 1.345744 P99 : 2.725953 P100 : 14514.000000 COUNT : 3040441 SUM : 8598021
rocksdb.numfiles.in.singlecompaction P50 : 10.000000 P95 : 20.950000 P99 : 21.000000 P100 : 21.000000 COUNT : 12 SUM : 134
rocksdb.db.seek.micros P50 : 0.000000 P95 : 0.000000 P99 : 0.000000 P100 : 0.000000 COUNT : 0 SUM : 0
rocksdb.db.write.stall P50 : 1244.668076 P95 : 2785.731619 P99 : 2883.319583 P100 : 770708.000000 COUNT : 50270 SUM : 98521519
rocksdb.sst.read.micros P50 : 0.900876 P95 : 5.473178 P99 : 1335.506965 P100 : 615877.000000 COUNT : 4115812 SUM : 220476671
rocksdb.file.read.flush.micros P50 : 3.666667 P95 : 60.210526 P99 : 82.800000 P100 : 104.000000 COUNT : 320 SUM : 5154
rocksdb.file.read.compaction.micros P50 : 0.719672 P95 : 3.050384 P99 : 1033.953944 P100 : 334542.000000 COUNT : 2610224 SUM : 74981372
rocksdb.file.read.db.open.micros P50 : 0.000000 P95 : 0.000000 P99 : 0.000000 P100 : 0.000000 COUNT : 0 SUM : 0
rocksdb.file.read.get.micros P50 : 0.000000 P95 : 0.000000 P99 : 0.000000 P100 : 0.000000 COUNT : 0 SUM : 0
rocksdb.file.read.multiget.micros P50 : 0.000000 P95 : 0.000000 P99 : 0.000000 P100 : 0.000000 COUNT : 0 SUM : 0
rocksdb.file.read.db.iterator.micros P50 : 0.000000 P95 : 0.000000 P99 : 0.000000 P100 : 0.000000 COUNT : 0 SUM : 0
rocksdb.file.read.verify.db.checksum.micros P50 : 0.000000 P95 : 0.000000 P99 : 0.000000 P100 : 0.000000 COUNT : 0 SUM : 0
rocksdb.file.read.verify.file.checksums.micros P50 : 0.000000 P95 : 0.000000 P99 : 0.000000 P100 : 0.000000 COUNT : 0 SUM : 0
rocksdb.sst.write.micros P50 : 0.502400 P95 : 0.954559 P99 : 0.994751 P100 : 14510.000000 COUNT : 6081023 SUM : 6911068
rocksdb.file.write.flush.micros P50 : 0.501568 P95 : 0.952980 P99 : 0.993105 P100 : 14510.000000 COUNT : 2428868 SUM : 2941682
rocksdb.file.write.compaction.micros P50 : 0.502954 P95 : 0.955612 P99 : 0.995849 P100 : 10809.000000 COUNT : 3652155 SUM : 3969386
rocksdb.file.write.db.open.micros P50 : 0.000000 P95 : 0.000000 P99 : 0.000000 P100 : 0.000000 COUNT : 0 SUM : 0
rocksdb.num.subcompactions.scheduled P50 : 0.000000 P95 : 0.000000 P99 : 0.000000 P100 : 0.000000 COUNT : 0 SUM : 0
rocksdb.bytes.per.read P50 : 1024.000000 P95 : 1024.000000 P99 : 1024.000000 P100 : 1024.000000 COUNT : 400000 SUM : 401857536
rocksdb.bytes.per.write P50 : 1086.450834 P95 : 1281.256585 P99 : 1298.572652 P100 : 4188.000000 COUNT : 4939999 SUM : 5279279988
rocksdb.bytes.per.multiget P50 : 0.000000 P95 : 0.000000 P99 : 0.000000 P100 : 0.000000 COUNT : 0 SUM : 0
rocksdb.compression.times.nanos P50 : 0.000000 P95 : 0.000000 P99 : 0.000000 P100 : 0.000000 COUNT : 0 SUM : 0
rocksdb.decompression.times.nanos P50 : 0.000000 P95 : 0.000000 P99 : 0.000000 P100 : 0.000000 COUNT : 0 SUM : 0
rocksdb.read.num.merge_operands P50 : 0.000000 P95 : 0.000000 P99 : 0.000000 P100 : 0.000000 COUNT : 0 SUM : 0
rocksdb.blobdb.key.size P50 : 0.000000 P95 : 0.000000 P99 : 0.000000 P100 : 0.000000 COUNT : 0 SUM : 0
rocksdb.blobdb.value.size P50 : 0.000000 P95 : 0.000000 P99 : 0.000000 P100 : 0.000000 COUNT : 0 SUM : 0
rocksdb.blobdb.write.micros P50 : 0.000000 P95 : 0.000000 P99 : 0.000000 P100 : 0.000000 COUNT : 0 SUM : 0
rocksdb.blobdb.get.micros P50 : 0.000000 P95 : 0.000000 P99 : 0.000000 P100 : 0.000000 COUNT : 0 SUM : 0
rocksdb.blobdb.multiget.micros P50 : 0.000000 P95 : 0.000000 P99 : 0.000000 P100 : 0.000000 COUNT : 0 SUM : 0
rocksdb.blobdb.seek.micros P50 : 0.000000 P95 : 0.000000 P99 : 0.000000 P100 : 0.000000 COUNT : 0 SUM : 0
rocksdb.blobdb.next.micros P50 : 0.000000 P95 : 0.000000 P99 : 0.000000 P100 : 0.000000 COUNT : 0 SUM : 0
rocksdb.blobdb.prev.micros P50 : 0.000000 P95 : 0.000000 P99 : 0.000000 P100 : 0.000000 COUNT : 0 SUM : 0
rocksdb.blobdb.blob.file.write.micros P50 : 0.000000 P95 : 0.000000 P99 : 0.000000 P100 : 0.000000 COUNT : 0 SUM : 0
rocksdb.blobdb.blob.file.read.micros P50 : 0.000000 P95 : 0.000000 P99 : 0.000000 P100 : 0.000000 COUNT : 0 SUM : 0
rocksdb.blobdb.blob.file.sync.micros P50 : 0.000000 P95 : 0.000000 P99 : 0.000000 P100 : 0.000000 COUNT : 0 SUM : 0
rocksdb.blobdb.compression.micros P50 : 0.000000 P95 : 0.000000 P99 : 0.000000 P100 : 0.000000 COUNT : 0 SUM : 0
rocksdb.blobdb.decompression.micros P50 : 0.000000 P95 : 0.000000 P99 : 0.000000 P100 : 0.000000 COUNT : 0 SUM : 0
rocksdb.db.flush.micros P50 : 570000.000000 P95 : 1164210.526316 P99 : 1252930.000000 P100 : 1252930.000000 COUNT : 80 SUM : 54906280
rocksdb.sst.batch.size P50 : 0.000000 P95 : 0.000000 P99 : 0.000000 P100 : 0.000000 COUNT : 0 SUM : 0
rocksdb.multiget.io.batch.size P50 : 0.000000 P95 : 0.000000 P99 : 0.000000 P100 : 0.000000 COUNT : 0 SUM : 0
rocksdb.num.index.and.filter.blocks.read.per.level P50 : 0.000000 P95 : 0.000000 P99 : 0.000000 P100 : 0.000000 COUNT : 0 SUM : 0
rocksdb.num.sst.read.per.level P50 : 0.000000 P95 : 0.000000 P99 : 0.000000 P100 : 0.000000 COUNT : 0 SUM : 0
rocksdb.num.level.read.per.multiget P50 : 0.000000 P95 : 0.000000 P99 : 0.000000 P100 : 0.000000 COUNT : 0 SUM : 0
rocksdb.error.handler.autoresume.retry.count P50 : 0.000000 P95 : 0.000000 P99 : 0.000000 P100 : 0.000000 COUNT : 0 SUM : 0
rocksdb.async.read.bytes P50 : 0.000000 P95 : 0.000000 P99 : 0.000000 P100 : 0.000000 COUNT : 0 SUM : 0
rocksdb.poll.wait.micros P50 : 0.000000 P95 : 0.000000 P99 : 0.000000 P100 : 0.000000 COUNT : 0 SUM : 0
rocksdb.compaction.prefetch.bytes P50 : 0.000000 P95 : 0.000000 P99 : 0.000000 P100 : 0.000000 COUNT : 0 SUM : 0
rocksdb.prefetched.bytes.discarded P50 : 0.000000 P95 : 0.000000 P99 : 0.000000 P100 : 0.000000 COUNT : 0 SUM : 0
rocksdb.async.prefetch.abort.micros P50 : 0.000000 P95 : 0.000000 P99 : 0.000000 P100 : 0.000000 COUNT : 0 SUM : 0
rocksdb.table.open.prefetch.tail.read.bytes P50 : 0.000000 P95 : 0.000000 P99 : 0.000000 P100 : 0.000000 COUNT : 0 SUM : 0
rocksdb.num.op.per.transaction P50 : 0.000000 P95 : 0.000000 P99 : 0.000000 P100 : 0.000000 COUNT : 0 SUM : 0
rocksdb.multiscan.op.prepare.iterators.micros P50 : 0.000000 P95 : 0.000000 P99 : 0.000000 P100 : 0.000000 COUNT : 0 SUM : 0
rocksdb.multiscan.prepare.micros P50 : 0.000000 P95 : 0.000000 P99 : 0.000000 P100 : 0.000000 COUNT : 0 SUM : 0
rocksdb.multiscan.blocks.per.prepare P50 : 0.000000 P95 : 0.000000 P99 : 0.000000 P100 : 0.000000 COUNT : 0 SUM : 0
rocksdb.block.key.distribution.cv P50 : 0.000000 P95 : 0.000000 P99 : 0.000000 P100 : 0.000000 COUNT : 0 SUM : 0

[EXPERIMENT_COMPLETED]
