RocksDB:    version 11.3.0
Date:       Tue May 26 09:44:18 2026
CPU:        2 * Intel Xeon Processor (SapphireRapids)
CPUCache:   16384 KB
2026/05/26-09:44:19  ... thread 3: (34000,34000) ops and (33803.5,33803.5) ops/second in (1.005813,1.005813) seconds
2026/05/26-09:44:19  ... thread 0: (35000,35000) ops and (34808.9,34808.9) ops/second in (1.005490,1.005490) seconds
2026/05/26-09:44:19  ... thread 1: (33000,33000) ops and (32791.9,32791.9) ops/second in (1.006347,1.006347) seconds
2026/05/26-09:44:19  ... thread 2: (34000,34000) ops and (33484.3,33484.3) ops/second in (1.015402,1.015402) seconds
2026/05/26-09:44:20  ... thread 0: (27000,62000) ops and (26816.9,30810.2) ops/second in (1.006828,2.012318) seconds
2026/05/26-09:44:20  ... thread 3: (30000,64000) ops and (29703.2,31749.1) ops/second in (1.009993,2.015806) seconds
2026/05/26-09:44:20  ... thread 1: (30000,63000) ops and (29725.3,31256.4) ops/second in (1.009242,2.015589) seconds
2026/05/26-09:44:20  ... thread 2: (31000,65000) ops and (30783.0,32139.2) ops/second in (1.007048,2.022450) seconds
2026/05/26-09:44:21  ... thread 3: (30000,94000) ops and (29804.7,31101.5) ops/second in (1.006554,3.022360) seconds
2026/05/26-09:44:21  ... thread 0: (30000,92000) ops and (29315.1,30306.2) ops/second in (1.023364,3.035682) seconds
2026/05/26-09:44:22  ... thread 1: (30000,93000) ops and (17445.7,24898.2) ops/second in (1.719623,3.735212) seconds
2026/05/26-09:44:22  ... thread 2: (29000,94000) ops and (16772.5,25056.8) ops/second in (1.729021,3.751471) seconds
2026/05/26-09:44:22  ... thread 3: (9000,103000) ops and (8831.3,25485.8) ops/second in (1.019105,4.041465) seconds
2026/05/26-09:44:22  ... thread 0: (8000,100000) ops and (7880.2,24686.0) ops/second in (1.015198,4.050880) seconds
2026/05/26-09:44:23  ... thread 1: (18000,111000) ops and (15409.3,22637.6) ops/second in (1.168125,4.903337) seconds
2026/05/26-09:44:23  ... thread 2: (15000,109000) ops and (12928.0,22191.7) ops/second in (1.160274,4.911745) seconds
2026/05/26-09:44:23  ... thread 3: (14000,117000) ops and (13696.1,23105.9) ops/second in (1.022186,5.063651) seconds
2026/05/26-09:44:23  ... thread 0: (13000,113000) ops and (12702.1,22268.9) ops/second in (1.023452,5.074332) seconds
2026/05/26-09:44:24  ... thread 2: (32000,141000) ops and (29606.4,23529.1) ops/second in (1.080846,5.992591) seconds
2026/05/26-09:44:24  ... thread 1: (29000,140000) ops and (26501.7,23342.6) ops/second in (1.094269,5.997606) seconds
2026/05/26-09:44:24  ... thread 0: (29000,142000) ops and (28806.3,23351.2) ops/second in (1.006725,6.081057) seconds
2026/05/26-09:44:25  ... thread 3: (28000,145000) ops and (26747.2,23729.7) ops/second in (1.046837,6.110488) seconds
2026/05/26-09:44:26  ... thread 2: (16000,157000) ops and (13915.1,21981.3) ops/second in (1.149832,7.142423) seconds
2026/05/26-09:44:26  ... thread 0: (13000,155000) ops and (12099.3,21661.7) ops/second in (1.074439,7.155496) seconds
2026/05/26-09:44:26  ... thread 3: (13000,158000) ops and (12370.5,22062.8) ops/second in (1.050888,7.161376) seconds
2026/05/26-09:44:26  ... thread 1: (14000,154000) ops and (11856.2,21453.2) ops/second in (1.180815,7.178421) seconds
2026/05/26-09:44:27  ... thread 3: (15000,173000) ops and (12244.5,20628.6) ops/second in (1.225041,8.386417) seconds
2026/05/26-09:44:27  ... thread 0: (13000,168000) ops and (10563.6,20033.1) ops/second in (1.230640,8.386136) seconds
2026/05/26-09:44:27  ... thread 2: (19000,176000) ops and (15272.5,20986.1) ops/second in (1.244064,8.386487) seconds
2026/05/26-09:44:27  ... thread 1: (14000,168000) ops and (11495.5,20008.8) ops/second in (1.217869,8.396290) seconds
2026/05/26-09:44:28  ... thread 3: (30000,203000) ops and (19387.6,20435.3) ops/second in (1.547384,9.933801) seconds
2026/05/26-09:44:28  ... thread 2: (32000,208000) ops and (20703.6,20942.2) ops/second in (1.545628,9.932115) seconds
2026/05/26-09:44:28  ... thread 0: (32000,200000) ops and (20641.6,20128.0) ops/second in (1.550266,9.936402) seconds
2026/05/26-09:44:28  ... thread 1: (31000,199000) ops and (20115.1,20025.3) ops/second in (1.541134,9.937424) seconds
2026/05/26-09:44:29  ... thread 3: (17000,220000) ops and (14974.7,19875.2) ops/second in (1.135247,11.069048) seconds
2026/05/26-09:44:29  ... thread 0: (12000,212000) ops and (10511.8,19137.1) ops/second in (1.141570,11.077972) seconds
2026/05/26-09:44:29  ... thread 1: (17000,216000) ops and (14863.5,19492.5) ops/second in (1.143740,11.081164) seconds
2026/05/26-09:44:30  ... thread 2: (17000,225000) ops and (14620.4,20279.6) ops/second in (1.162760,11.094875) seconds
2026/05/26-09:44:31  ... thread 3: (15000,235000) ops and (8062.4,18175.4) ops/second in (1.860482,12.929530) seconds
2026/05/26-09:44:31  ... thread 2: (15000,240000) ops and (8183.2,18564.5) ops/second in (1.833029,12.927904) seconds
2026/05/26-09:44:31  ... thread 1: (15000,231000) ops and (8093.1,17859.1) ops/second in (1.853423,12.934587) seconds
2026/05/26-09:44:31  ... thread 0: (16000,228000) ops and (8574.5,17614.4) ops/second in (1.865997,12.943969) seconds
2026/05/26-09:44:32  ... thread 2: (32000,272000) ops and (31685.8,19515.2) ops/second in (1.009917,13.937821) seconds
2026/05/26-09:44:32  ... thread 0: (29000,257000) ops and (28968.5,18429.5) ops/second in (1.001088,13.945057) seconds
2026/05/26-09:44:32  ... thread 1: (32000,263000) ops and (31618.4,18857.6) ops/second in (1.012069,13.946656) seconds
2026/05/26-09:44:32  ... thread 3: (28000,263000) ops and (27295.3,18845.8) ops/second in (1.025819,13.955349) seconds
2026/05/26-09:44:33  ... thread 0: (15000,272000) ops and (13870.4,18101.4) ops/second in (1.081438,15.026495) seconds
2026/05/26-09:44:33  ... thread 3: (15000,278000) ops and (13886.4,18489.5) ops/second in (1.080196,15.035545) seconds
2026/05/26-09:44:33  ... thread 1: (20000,283000) ops and (18319.8,18818.5) ops/second in (1.091715,15.038371) seconds
2026/05/26-09:44:33  ... thread 2: (17000,289000) ops and (15137.0,19188.8) ops/second in (1.123074,15.060895) seconds
2026/05/26-09:44:35  ... thread 0: (17000,289000) ops and (14180.4,17811.7) ops/second in (1.198838,16.225333) seconds
2026/05/26-09:44:35  ... thread 3: (16000,294000) ops and (13378.4,18112.9) ops/second in (1.195960,16.231505) seconds
2026/05/26-09:44:35  ... thread 1: (15000,298000) ops and (12456.2,18346.8) ops/second in (1.204223,16.242594) seconds
2026/05/26-09:44:35  ... thread 2: (14000,303000) ops and (11797.8,18649.0) ops/second in (1.186658,16.247553) seconds
2026/05/26-09:44:36  ... thread 0: (32000,321000) ops and (20929.6,18080.2) ops/second in (1.528934,17.754267) seconds
2026/05/26-09:44:36  ... thread 1: (30000,328000) ops and (19805.7,18471.3) ops/second in (1.514717,17.757311) seconds
2026/05/26-09:44:36  ... thread 3: (33000,327000) ops and (21431.8,18400.5) ops/second in (1.539769,17.771274) seconds
2026/05/26-09:44:36  ... thread 2: (29000,332000) ops and (18908.4,18671.3) ops/second in (1.533707,17.781260) seconds
2026/05/26-09:44:38  ... thread 0: (14000,335000) ops and (8772.3,17312.5) ops/second in (1.595928,19.350195) seconds
2026/05/26-09:44:38  ... thread 1: (19000,347000) ops and (11861.1,17924.3) ops/second in (1.601875,19.359186) seconds
2026/05/26-09:44:38  ... thread 3: (14000,341000) ops and (8772.9,17607.2) ops/second in (1.595818,19.367092) seconds
2026/05/26-09:44:38  ... thread 2: (16000,348000) ops and (10034.7,17960.6) ops/second in (1.594460,19.375720) seconds
2026/05/26-09:44:39  ... thread 2: (28000,376000) ops and (26835.4,18414.1) ops/second in (1.043396,20.419116) seconds
2026/05/26-09:44:39  ... thread 1: (30000,377000) ops and (27814.6,18446.3) ops/second in (1.078571,20.437757) seconds
2026/05/26-09:44:39  ... thread 3: (33000,374000) ops and (30430.5,18287.1) ops/second in (1.084438,20.451530) seconds
2026/05/26-09:44:39  ... thread 0: (33000,368000) ops and (29700.9,17985.2) ops/second in (1.111079,20.461274) seconds
2026/05/26-09:44:40  ... thread 1: (15000,392000) ops and (13894.1,18217.9) ops/second in (1.079594,21.517351) seconds
2026/05/26-09:44:40  ... thread 2: (18000,394000) ops and (16036.7,18290.2) ops/second in (1.122423,21.541539) seconds
2026/05/26-09:44:40  ... thread 0: (16000,384000) ops and (14532.4,17808.9) ops/second in (1.100986,21.562260) seconds
2026/05/26-09:44:40  ... thread 3: (14000,388000) ops and (12533.5,17989.2) ops/second in (1.117006,21.568536) seconds
2026/05/26-09:44:41  ... thread 1: (34000,426000) ops and (33796.6,18913.7) ops/second in (1.006018,22.523369) seconds
2026/05/26-09:44:41  ... thread 3: (30000,418000) ops and (24797.2,18350.8) ops/second in (1.209814,22.778350) seconds
2026/05/26-09:44:41  ... thread 2: (30000,424000) ops and (23837.9,18596.5) ops/second in (1.258501,22.800040) seconds
2026/05/26-09:44:41  ... thread 0: (29000,413000) ops and (23353.8,18110.8) ops/second in (1.241768,22.804028) seconds
2026/05/26-09:44:42  ... thread 1: (20000,446000) ops and (19805.2,18951.9) ops/second in (1.009835,23.533204) seconds
2026/05/26-09:44:42  ... thread 3: (27000,445000) ops and (26307.5,18693.8) ops/second in (1.026323,23.804673) seconds
2026/05/26-09:44:42  ... thread 0: (24000,437000) ops and (23957.6,18356.9) ops/second in (1.001768,23.805796) seconds
2026/05/26-09:44:42  ... thread 2: (24000,448000) ops and (23688.5,18813.1) ops/second in (1.013151,23.813191) seconds
2026/05/26-09:44:43  ... thread 2: (6000,454000) ops and (5108.7,18169.0) ops/second in (1.174465,24.987656) seconds
2026/05/26-09:44:43  ... thread 1: (12000,458000) ops and (8198.3,18322.3) ops/second in (1.463719,24.996923) seconds
2026/05/26-09:44:43  ... thread 3: (6000,451000) ops and (5017.7,18039.7) ops/second in (1.195770,25.000443) seconds
2026/05/26-09:44:43  ... thread 0: (6000,443000) ops and (5006.7,17717.0) ops/second in (1.198395,25.004191) seconds
2026/05/26-09:44:45  ... thread 1: (17000,475000) ops and (8880.4,17650.6) ops/second in (1.914322,26.911245) seconds
2026/05/26-09:44:45  ... thread 0: (16000,459000) ops and (8340.0,17048.8) ops/second in (1.918457,26.922648) seconds
2026/05/26-09:44:45  ... thread 2: (14000,468000) ops and (7238.1,17383.6) ops/second in (1.934199,26.921855) seconds
2026/05/26-09:44:45  ... thread 3: (15000,466000) ops and (7796.4,17307.7) ops/second in (1.923966,26.924409) seconds
2026/05/26-09:44:46  ... thread 3: (16000,482000) ops and (14489.3,17196.7) ops/second in (1.104260,28.028669) seconds
2026/05/26-09:44:46  ... thread 0: (14000,473000) ops and (12591.7,16872.1) ops/second in (1.111845,28.034493) seconds
2026/05/26-09:44:46  ... thread 2: (15000,483000) ops and (13460.1,17227.7) ops/second in (1.114405,28.036260) seconds
2026/05/26-09:44:46  ... thread 1: (18000,493000) ops and (15795.8,17575.3) ops/second in (1.139545,28.050790) seconds
2026/05/26-09:44:48  ... thread 3: (29000,511000) ops and (25188.6,17512.0) ops/second in (1.151314,29.179983) seconds
2026/05/26-09:44:48  ... thread 1: (31000,524000) ops and (27170.5,17950.3) ops/second in (1.140945,29.191735) seconds
2026/05/26-09:44:48  ... thread 0: (35000,508000) ops and (30106.4,17399.0) ops/second in (1.162545,29.197038) seconds
2026/05/26-09:44:48  ... thread 2: (29000,512000) ops and (24720.3,17528.6) ops/second in (1.173124,29.209384) seconds
2026/05/26-09:44:49  ... thread 2: (32000,544000) ops and (28143.2,17926.3) ops/second in (1.137041,30.346425) seconds
2026/05/26-09:44:49  ... thread 3: (30000,541000) ops and (25275.7,17815.5) ops/second in (1.186911,30.366894) seconds
2026/05/26-09:44:49  ... thread 0: (33000,541000) ops and (28103.6,17812.9) ops/second in (1.174228,30.371266) seconds
2026/05/26-09:44:49  ... thread 1: (30000,554000) ops and (25170.6,18233.5) ops/second in (1.191867,30.383602) seconds
2026/05/26-09:44:50  ... thread 2: (25000,569000) ops and (24504.4,18140.3) ops/second in (1.020226,31.366651) seconds
2026/05/26-09:44:50  ... thread 0: (25000,566000) ops and (24936.0,18040.5) ops/second in (1.002566,31.373832) seconds
2026/05/26-09:44:50  ... thread 3: (22000,563000) ops and (21819.1,17944.1) ops/second in (1.008292,31.375186) seconds
2026/05/26-09:44:50  ... thread 1: (25000,579000) ops and (24791.9,18444.2) ops/second in (1.008395,31.391997) seconds
2026/05/26-09:44:51  ... thread 2: (6000,575000) ops and (4730.3,17619.1) ops/second in (1.268414,32.635065) seconds
2026/05/26-09:44:51  ... thread 0: (7000,573000) ops and (5537.2,17556.2) ops/second in (1.264172,32.638004) seconds
2026/05/26-09:44:51  ... thread 3: (8000,571000) ops and (6316.7,17493.0) ops/second in (1.266480,32.641666) seconds
2026/05/26-09:44:51  ... thread 1: (6000,585000) ops and (4809.2,17923.0) ops/second in (1.247602,32.639599) seconds
2026/05/26-09:44:52  ... thread 3: (31000,602000) ops and (28008.3,17837.8) ops/second in (1.106815,33.748481) seconds
2026/05/26-09:44:52  ... thread 1: (30000,615000) ops and (27073.6,18223.5) ops/second in (1.108091,33.747690) seconds
2026/05/26-09:44:52  ... thread 0: (30000,603000) ops and (26845.5,17863.8) ops/second in (1.117505,33.755509) seconds
2026/05/26-09:44:52  ... thread 2: (33000,608000) ops and (28890.4,18000.2) ops/second in (1.142246,33.777311) seconds
2026/05/26-09:44:53  ... thread 3: (23000,625000) ops and (22910.5,17984.4) ops/second in (1.003908,34.752389) seconds
2026/05/26-09:44:53  ... thread 1: (27000,642000) ops and (26790.4,18471.9) ops/second in (1.007824,34.755514) seconds
2026/05/26-09:44:53  ... thread 0: (27000,630000) ops and (26515.4,18117.1) ops/second in (1.018275,34.773784) seconds
2026/05/26-09:44:53  ... thread 2: (27000,635000) ops and (26339.9,18245.9) ops/second in (1.025059,34.802370) seconds
2026/05/26-09:44:55  ... thread 3: (21000,646000) ops and (10055.4,17534.9) ops/second in (2.088423,36.840812) seconds
2026/05/26-09:44:55  ... thread 1: (22000,664000) ops and (10556.8,18024.1) ops/second in (2.083958,36.839472) seconds
2026/05/26-09:44:55  ... thread 0: (20000,650000) ops and (9664.8,17642.4) ops/second in (2.069374,36.843158) seconds
2026/05/26-09:44:55  ... thread 2: (20000,655000) ops and (9680.7,17765.9) ops/second in (2.065961,36.868331) seconds
2026/05/26-09:44:58  ... thread 0: (18000,668000) ops and (5764.4,16714.3) ops/second in (3.122639,39.965797) seconds
2026/05/26-09:44:58  ... thread 2: (16000,671000) ops and (5165.3,16789.3) ops/second in (3.097614,39.965945) seconds
2026/05/26-09:44:58  ... thread 3: (15000,661000) ops and (4772.0,16531.6) ops/second in (3.143308,39.984120) seconds
2026/05/26-09:44:58  ... thread 1: (15000,679000) ops and (4765.6,16980.5) ops/second in (3.147575,39.987047) seconds
2026/05/26-09:44:59  ... thread 1: (32000,711000) ops and (31939.4,17346.1) ops/second in (1.001897,40.988944) seconds
2026/05/26-09:44:59  ... thread 3: (27000,688000) ops and (26375.9,16777.3) ops/second in (1.023663,41.007783) seconds
2026/05/26-09:44:59  ... thread 0: (27000,695000) ops and (25866.1,16947.2) ops/second in (1.043839,41.009636) seconds
2026/05/26-09:44:59  ... thread 2: (29000,700000) ops and (27375.3,17062.6) ops/second in (1.059351,41.025296) seconds
2026/05/26-09:45:00  ... thread 3: (20000,708000) ops and (19932.5,16852.7) ops/second in (1.003385,42.011168) seconds
2026/05/26-09:45:00  ... thread 1: (19000,730000) ops and (18630.2,17377.3) ops/second in (1.019852,42.008796) seconds
2026/05/26-09:45:00  ... thread 0: (18000,713000) ops and (17889.1,16969.8) ops/second in (1.006202,42.015838) seconds
2026/05/26-09:45:00  ... thread 2: (22000,722000) ops and (21122.7,17163.2) ops/second in (1.041534,42.066830) seconds
2026/05/26-09:45:02  ... thread 1: (28000,758000) ops and (21860.0,17509.9) ops/second in (1.280879,43.289675) seconds
2026/05/26-09:45:02  ... thread 2: (30000,752000) ops and (23996.4,17360.4) ops/second in (1.250189,43.317019) seconds
2026/05/26-09:45:02  ... thread 0: (28000,741000) ops and (21077.3,17095.7) ops/second in (1.328446,43.344284) seconds
2026/05/26-09:45:02  ... thread 3: (30000,738000) ops and (22471.3,17025.7) ops/second in (1.335038,43.346206) seconds
2026/05/26-09:45:03  ... thread 0: (14000,755000) ops and (11715.3,16951.3) ops/second in (1.195015,44.539299) seconds
2026/05/26-09:45:03  ... thread 3: (17000,755000) ops and (14177.1,16949.0) ops/second in (1.199118,44.545324) seconds
2026/05/26-09:45:03  ... thread 2: (15000,767000) ops and (12151.9,17216.1) ops/second in (1.234379,44.551398) seconds
2026/05/26-09:45:03  ... thread 1: (16000,774000) ops and (12519.6,17366.8) ops/second in (1.277995,44.567670) seconds
2026/05/26-09:45:04  ... thread 2: (14000,781000) ops and (12874.9,17112.6) ops/second in (1.087385,45.638783) seconds
2026/05/26-09:45:04  ... thread 3: (16000,771000) ops and (14528.2,16890.6) ops/second in (1.101305,45.646629) seconds
2026/05/26-09:45:04  ... thread 1: (15000,789000) ops and (13867.8,17283.9) ops/second in (1.081643,45.649313) seconds
2026/05/26-09:45:04  ... thread 0: (17000,772000) ops and (15248.6,16909.7) ops/second in (1.114856,45.654155) seconds
2026/05/26-09:45:06  ... thread 0: (15000,787000) ops and (9660.4,16671.3) ops/second in (1.552723,47.206878) seconds
2026/05/26-09:45:06  ... thread 1: (16000,805000) ops and (10282.8,17053.2) ops/second in (1.556003,47.205316) seconds
2026/05/26-09:45:06  ... thread 3: (17000,788000) ops and (10794.5,16687.3) ops/second in (1.574879,47.221508) seconds
2026/05/26-09:45:06  ... thread 2: (15000,796000) ops and (9492.7,16857.6) ops/second in (1.580161,47.218944) seconds
2026/05/26-09:45:08  ... thread 3: (29000,817000) ops and (13183.1,16531.3) ops/second in (2.199790,49.421298) seconds
2026/05/26-09:45:08  ... thread 0: (32000,819000) ops and (14452.4,16571.9) ops/second in (2.214169,49.421047) seconds
2026/05/26-09:45:08  ... thread 1: (32000,837000) ops and (14435.8,16935.8) ops/second in (2.216709,49.422025) seconds
2026/05/26-09:45:08  ... thread 2: (31000,827000) ops and (14047.9,16732.2) ops/second in (2.206735,49.425679) seconds
2026/05/26-09:45:09  ... thread 0: (32000,851000) ops and (28370.4,16835.2) ops/second in (1.127935,50.548982) seconds
2026/05/26-09:45:09  ... thread 1: (31000,868000) ops and (27445.9,17170.6) ops/second in (1.129495,50.551520) seconds
2026/05/26-09:45:09  ... thread 3: (28000,845000) ops and (24557.6,16712.3) ops/second in (1.140177,50.561475) seconds
2026/05/26-09:45:09  ... thread 2: (33000,860000) ops and (28487.0,17001.4) ops/second in (1.158424,50.584103) seconds
2026/05/26-09:45:10  ... thread 2: (27000,887000) ops and (26522.3,17189.2) ops/second in (1.018011,51.602114) seconds
2026/05/26-09:45:10  ... thread 1: (26000,894000) ops and (24669.5,17323.8) ops/second in (1.053932,51.605452) seconds
2026/05/26-09:45:10  ... thread 3: (33000,878000) ops and (31340.5,17010.7) ops/second in (1.052949,51.614424) seconds
2026/05/26-09:45:10  ... thread 0: (29000,880000) ops and (26781.2,17043.7) ops/second in (1.082849,51.631831) seconds
2026/05/26-09:45:11  ... thread 0: (18000,898000) ops and (14469.8,16983.2) ops/second in (1.243974,52.875805) seconds
2026/05/26-09:45:11  ... thread 1: (17000,911000) ops and (13386.1,17229.2) ops/second in (1.269977,52.875429) seconds
2026/05/26-09:45:11  ... thread 3: (17000,895000) ops and (13389.4,16923.8) ops/second in (1.269661,52.884085) seconds
2026/05/26-09:45:11  ... thread 2: (20000,907000) ops and (15475.7,17147.4) ops/second in (1.292347,52.894461) seconds
2026/05/26-09:45:13  ... thread 3: (15000,910000) ops and (10784.4,16766.5) ops/second in (1.390897,54.274982) seconds
2026/05/26-09:45:13  ... thread 0: (16000,914000) ops and (11442.0,16840.4) ops/second in (1.398362,54.274167) seconds
2026/05/26-09:45:13  ... thread 1: (18000,929000) ops and (12803.0,17114.5) ops/second in (1.405924,54.281353) seconds
2026/05/26-09:45:13  ... thread 2: (15000,922000) ops and (10636.0,16978.3) ops/second in (1.410310,54.304771) seconds
2026/05/26-09:45:14  ... thread 1: (14000,943000) ops and (8274.5,16847.3) ops/second in (1.691936,55.973289) seconds
2026/05/26-09:45:14  ... thread 0: (17000,931000) ops and (9947.7,16630.0) ops/second in (1.708944,55.983111) seconds
2026/05/26-09:45:14  ... thread 3: (16000,926000) ops and (9350.2,16539.8) ops/second in (1.711201,55.986183) seconds
2026/05/26-09:45:14  ... thread 2: (14000,936000) ops and (8294.2,16716.5) ops/second in (1.687923,55.992694) seconds
2026/05/26-09:45:15  ... thread 2: (31000,967000) ops and (28284.7,16938.6) ops/second in (1.095997,57.088691) seconds
2026/05/26-09:45:16  ... thread 0: (33000,964000) ops and (29667.9,16884.0) ops/second in (1.112314,57.095425) seconds
2026/05/26-09:45:16  ... thread 1: (30000,973000) ops and (26724.2,17041.5) ops/second in (1.122576,57.095865) seconds
2026/05/26-09:45:16  ... thread 3: (31000,957000) ops and (27552.8,16756.8) ops/second in (1.125112,57.111295) seconds
2026/05/26-09:45:16  ... thread 2: (31000,998000) ops and (30962.6,17180.3) ops/second in (1.001209,58.089900) seconds
2026/05/26-09:45:17  ... thread 1: (30000,1003000) ops and (29654.4,17261.1) ops/second in (1.011654,58.107519) seconds
2026/05/26-09:45:17  ... thread 0: (28000,992000) ops and (27267.8,17067.5) ops/second in (1.026851,58.122276) seconds
2026/05/26-09:45:17  ... thread 3: (26000,983000) ops and (25033.0,16904.6) ops/second in (1.038631,58.149926) seconds
2026/05/26-09:45:18  ... thread 2: (19000,1017000) ops and (15000.2,17133.7) ops/second in (1.266653,59.356553) seconds
2026/05/26-09:45:18  ... thread 0: (15000,1007000) ops and (12129.1,16964.6) ops/second in (1.236692,59.358968) seconds
2026/05/26-09:45:18  ... thread 1: (17000,1020000) ops and (13592.2,17183.8) ops/second in (1.250714,59.358233) seconds
2026/05/26-09:45:18  ... thread 3: (21000,1004000) ops and (17325.6,16913.2) ops/second in (1.212082,59.362008) seconds
2026/05/26-09:45:19  ... thread 2: (16000,1033000) ops and (10146.4,16952.9) ops/second in (1.576913,60.933466) seconds
2026/05/26-09:45:19  ... thread 3: (14000,1018000) ops and (8892.8,16706.0) ops/second in (1.574304,60.936312) seconds
2026/05/26-09:45:19  ... thread 1: (15000,1035000) ops and (9516.3,16985.5) ops/second in (1.576247,60.934480) seconds
2026/05/26-09:45:19  ... thread 0: (17000,1024000) ops and (10773.8,16804.3) ops/second in (1.577908,60.936876) seconds
2026/05/26-09:45:20  ... thread 3: (31000,1049000) ops and (30659.2,16933.7) ops/second in (1.011117,61.947429) seconds
2026/05/26-09:45:20  ... thread 2: (30000,1063000) ops and (29610.9,17159.9) ops/second in (1.013140,61.946606) seconds
2026/05/26-09:45:20  ... thread 1: (30000,1065000) ops and (26840.5,17163.0) ops/second in (1.117715,62.052195) seconds
2026/05/26-09:45:20  ... thread 0: (31000,1055000) ops and (27492.9,16998.5) ops/second in (1.127565,62.064441) seconds
2026/05/26-09:45:21  ... thread 2: (23000,1086000) ops and (22919.2,17251.8) ops/second in (1.003524,62.950130) seconds
2026/05/26-09:45:21  ... thread 3: (25000,1074000) ops and (24850.8,17060.2) ops/second in (1.006004,62.953433) seconds
2026/05/26-09:45:21  ... thread 0: (26000,1081000) ops and (25676.6,17137.8) ops/second in (1.012597,63.077038) seconds
2026/05/26-09:45:21  ... thread 1: (26000,1091000) ops and (25332.2,17295.9) ops/second in (1.026362,63.078557) seconds
2026/05/26-09:45:22  ... thread 3: (10000,1084000) ops and (9229.7,16927.7) ops/second in (1.083464,64.036897) seconds
2026/05/26-09:45:23  ... thread 0: (6000,1087000) ops and (5286.4,16928.3) ops/second in (1.134991,64.212029) seconds
2026/05/26-09:45:23  ... thread 2: (10000,1096000) ops and (7648.6,17056.4) ops/second in (1.307437,64.257567) seconds
2026/05/26-09:45:23  ... thread 1: (5000,1096000) ops and (3630.6,17003.9) ops/second in (1.377196,64.455753) seconds
2026/05/26-09:45:23  ... thread 3: (1000,1085000) ops and (946.3,16668.3) ops/second in (1.056772,65.093669) seconds
2026/05/26-09:45:24  ... thread 0: (7000,1094000) ops and (6907.2,16772.6) ops/second in (1.013431,65.225460) seconds
2026/05/26-09:45:24  ... thread 2: (11000,1107000) ops and (10730.1,16957.0) ops/second in (1.025151,65.282718) seconds
2026/05/26-09:45:24  ... thread 1: (14000,1110000) ops and (13920.3,16956.5) ops/second in (1.005728,65.461481) seconds
2026/05/26-09:45:25  ... thread 3: (28000,1113000) ops and (26516.4,16825.5) ops/second in (1.055949,66.149618) seconds
2026/05/26-09:45:25  ... thread 0: (27000,1121000) ops and (26095.5,16918.2) ops/second in (1.034663,66.260123) seconds
2026/05/26-09:45:25  ... thread 2: (28000,1135000) ops and (27758.2,17121.4) ops/second in (1.008711,66.291429) seconds
2026/05/26-09:45:25  ... thread 1: (26000,1136000) ops and (25892.5,17091.5) ops/second in (1.004153,66.465634) seconds
2026/05/26-09:45:26  ... thread 0: (10000,1131000) ops and (5489.3,16612.4) ops/second in (1.821739,68.081862) seconds
2026/05/26-09:45:27  ... thread 3: (15000,1128000) ops and (7483.7,16550.8) ops/second in (2.004355,68.153973) seconds
2026/05/26-09:45:27  ... thread 1: (6000,1142000) ops and (3558.4,16756.7) ops/second in (1.686136,68.151770) seconds
2026/05/26-09:45:27  ... thread 2: (9000,1144000) ops and (4826.5,16785.0) ops/second in (1.864708,68.156137) seconds
2026/05/26-09:45:28  ... thread 2: (32000,1176000) ops and (31457.2,17000.8) ops/second in (1.017254,69.173391) seconds
2026/05/26-09:45:28  ... thread 3: (30000,1158000) ops and (29291.3,16739.4) ops/second in (1.024195,69.178168) seconds
2026/05/26-09:45:28  ... thread 0: (28000,1159000) ops and (25129.8,16749.5) ops/second in (1.114215,69.196077) seconds
2026/05/26-09:45:28  ... thread 1: (34000,1176000) ops and (32492.1,16994.7) ops/second in (1.046409,69.198179) seconds
2026/05/26-09:45:29  ... thread 1: (15000,1191000) ops and (12746.2,16923.6) ops/second in (1.176818,70.374997) seconds
2026/05/26-09:45:29  ... thread 0: (16000,1175000) ops and (12363.7,16669.0) ops/second in (1.294116,70.490193) seconds
2026/05/26-09:45:29  ... thread 2: (16000,1192000) ops and (11631.8,16896.1) ops/second in (1.375540,70.548931) seconds
2026/05/26-09:45:29  ... thread 3: (18000,1176000) ops and (12998.6,16666.0) ops/second in (1.384764,70.562932) seconds
2026/05/26-09:45:30  ... thread 1: (2000,1193000) ops and (1770.3,16684.2) ops/second in (1.129781,71.504778) seconds
2026/05/26-09:45:30  ... thread 0: (2000,1177000) ops and (1516.4,16390.7) ops/second in (1.318926,71.809119) seconds
2026/05/26-09:45:30  ... thread 2: (2000,1194000) ops and (1465.9,16603.3) ops/second in (1.364314,71.913245) seconds
2026/05/26-09:45:30  ... thread 3: (3000,1179000) ops and (2118.4,16379.8) ops/second in (1.416162,71.979094) seconds
2026/05/26-09:45:31  ... thread 1: (2000,1195000) ops and (1295.1,16358.9) ops/second in (1.544314,73.049092) seconds
2026/05/26-09:45:31  ... thread 0: (3000,1180000) ops and (2395.7,16150.8) ops/second in (1.252229,73.061348) seconds
2026/05/26-09:45:31  ... thread 2: (1000,1195000) ops and (859.8,16352.8) ops/second in (1.163064,73.076309) seconds
2026/05/26-09:45:32  ... thread 3: (3000,1182000) ops and (2232.5,16120.5) ops/second in (1.343759,73.322853) seconds
2026/05/26-09:45:32  ... thread 0: (19000,1199000) ops and (18774.6,16186.7) ops/second in (1.012005,74.073353) seconds
2026/05/26-09:45:32  ... thread 1: (19000,1214000) ops and (18266.7,16385.6) ops/second in (1.040145,74.089237) seconds
2026/05/26-09:45:33  ... thread 2: (21000,1216000) ops and (20306.0,16407.9) ops/second in (1.034176,74.110485) seconds
2026/05/26-09:45:33  ... thread 3: (19000,1201000) ops and (18523.1,16153.6) ops/second in (1.025746,74.348599) seconds
2026/05/26-09:45:34  ... thread 1: (23000,1237000) ops and (21135.8,16454.4) ops/second in (1.088201,75.177438) seconds
2026/05/26-09:45:34  ... thread 0: (24000,1223000) ops and (18233.1,16222.4) ops/second in (1.316288,75.389641) seconds
2026/05/26-09:45:34  ... thread 2: (24000,1240000) ops and (18103.6,16437.7) ops/second in (1.325700,75.436185) seconds
2026/05/26-09:45:34  ... thread 3: (19000,1220000) ops and (13239.7,16098.5) ops/second in (1.435080,75.783679) seconds
2026/05/26-09:45:35  ... thread 0: (2000,1225000) ops and (1817.8,16015.2) ops/second in (1.100260,76.489901) seconds
2026/05/26-09:45:35  ... thread 2: (2000,1242000) ops and (1620.6,16199.2) ops/second in (1.234137,76.670322) seconds
2026/05/26-09:45:35  ... thread 1: (2000,1239000) ops and (1330.9,16158.0) ops/second in (1.502795,76.680233) seconds
2026/05/26-09:45:35  ... thread 3: (2000,1222000) ops and (1565.6,15857.5) ops/second in (1.277469,77.061148) seconds
2026/05/26-09:45:36  ... thread 2: (3000,1245000) ops and (2689.8,16005.5) ops/second in (1.115340,77.785662) seconds
2026/05/26-09:45:36  ... thread 0: (2000,1227000) ops and (1290.8,15722.8) ops/second in (1.549436,78.039337) seconds
2026/05/26-09:45:36  ... thread 1: (2000,1241000) ops and (1467.3,15901.4) ops/second in (1.363044,78.043277) seconds
2026/05/26-09:45:36  ... thread 3: (3000,1225000) ops and (2915.0,15687.0) ops/second in (1.029153,78.090301) seconds
Initializing RocksDB Options from the specified file
Initializing RocksDB Options from command-line flags
Integrated BlobDB: blob cache disabled
Keys:       16 bytes each (+ 0 bytes user-defined timestamp)
Values:     1024 bytes each (512 bytes after compression)
Entries:    1250000
Prefix:    0 bytes
Keys per prefix:    0
RawSize:    1239.8 MB (estimated)
FileSize:   629.4 MB (estimated)
Write rate: 0 bytes/second
Read rate: 0 ops/second
Compression: Snappy
Compression sampling rate: 0
Memtablerep: SkipListFactory
Perf Level: 1
WARNING: Assertions are enabled; benchmarks unnecessarily slow
------------------------------------------------
Initializing RocksDB Options from the specified file
Initializing RocksDB Options from command-line flags
Integrated BlobDB: blob cache disabled
DB path: [/tmp/rocksdb_comp_exp_db]
fillrandom   :      62.705 micros/op 63657 ops/sec 78.545 seconds 5000000 operations;   63.1 MB/s
2026/05/26-09:45:48  ... thread 3: (1000,1000) ops and (88.9,88.9) ops/second in (11.254171,11.254171) seconds
2026/05/26-09:45:50  ... thread 1: (1000,1000) ops and (77.4,77.4) ops/second in (12.917632,12.917632) seconds
2026/05/26-09:45:50  ... thread 0: (1000,1000) ops and (76.4,76.4) ops/second in (13.093776,13.093776) seconds
2026/05/26-09:45:50  ... thread 2: (1000,1000) ops and (74.1,74.1) ops/second in (13.502100,13.502100) seconds
2026/05/26-09:46:00  ... thread 3: (1000,2000) ops and (85.7,87.2) ops/second in (11.674486,22.928657) seconds
2026/05/26-09:46:00  ... thread 0: (1000,2000) ops and (97.8,85.8) ops/second in (10.226514,23.320290) seconds
2026/05/26-09:46:00  ... thread 1: (1000,2000) ops and (95.0,85.3) ops/second in (10.531370,23.449002) seconds
2026/05/26-09:46:01  ... thread 2: (1000,2000) ops and (95.4,83.4) ops/second in (10.479598,23.981698) seconds
2026/05/26-09:46:09  ... thread 3: (1000,3000) ops and (108.6,93.4) ops/second in (9.206022,32.134679) seconds
2026/05/26-09:46:10  ... thread 0: (1000,3000) ops and (105.1,91.4) ops/second in (9.514485,32.834775) seconds
2026/05/26-09:46:10  ... thread 2: (1000,3000) ops and (112.6,91.3) ops/second in (8.881150,32.862848) seconds
2026/05/26-09:46:10  ... thread 1: (1000,3000) ops and (105.3,91.0) ops/second in (9.500642,32.949644) seconds
2026/05/26-09:46:18  ... thread 3: (1000,4000) ops and (115.9,98.1) ops/second in (8.628520,40.763199) seconds
2026/05/26-09:46:19  ... thread 0: (1000,4000) ops and (114.0,96.1) ops/second in (8.773857,41.608632) seconds
2026/05/26-09:46:19  ... thread 1: (1000,4000) ops and (114.9,96.0) ops/second in (8.705885,41.655529) seconds
2026/05/26-09:46:19  ... thread 2: (1000,4000) ops and (110.6,95.5) ops/second in (9.043413,41.906261) seconds
2026/05/26-09:46:24  ... thread 3: (1000,5000) ops and (160.3,106.4) ops/second in (6.238220,47.001419) seconds
2026/05/26-09:46:24  ... thread 0: (1000,5000) ops and (175.1,105.7) ops/second in (5.710074,47.318706) seconds
2026/05/26-09:46:24  ... thread 1: (1000,5000) ops and (173.2,105.4) ops/second in (5.773154,47.428683) seconds
2026/05/26-09:46:25  ... thread 2: (1000,5000) ops and (176.9,105.1) ops/second in (5.651431,47.557692) seconds
2026/05/26-09:46:28  ... thread 3: (1000,6000) ops and (237.6,117.2) ops/second in (4.207987,51.209406) seconds
2026/05/26-09:46:28  ... thread 0: (1000,6000) ops and (247.5,116.8) ops/second in (4.040598,51.359304) seconds
2026/05/26-09:46:28  ... thread 2: (1000,6000) ops and (253.5,116.5) ops/second in (3.945334,51.503026) seconds
2026/05/26-09:46:29  ... thread 1: (1000,6000) ops and (239.2,116.3) ops/second in (4.180652,51.609335) seconds
2026/05/26-09:46:32  ... thread 0: (1000,7000) ops and (296.0,127.9) ops/second in (3.378229,54.737533) seconds
2026/05/26-09:46:32  ... thread 3: (1000,7000) ops and (283.3,127.9) ops/second in (3.530318,54.739724) seconds
2026/05/26-09:46:32  ... thread 2: (1000,7000) ops and (290.8,127.4) ops/second in (3.439141,54.942167) seconds
2026/05/26-09:46:32  ... thread 1: (1000,7000) ops and (295.5,127.3) ops/second in (3.383740,54.993075) seconds
2026/05/26-09:46:34  ... thread 3: (1000,8000) ops and (533.1,141.3) ops/second in (1.875885,56.615609) seconds
2026/05/26-09:46:34  ... thread 0: (1000,8000) ops and (514.7,141.1) ops/second in (1.942933,56.680466) seconds
2026/05/26-09:46:34  ... thread 1: (1000,8000) ops and (553.0,140.8) ops/second in (1.808179,56.801254) seconds
2026/05/26-09:46:34  ... thread 2: (1000,8000) ops and (535.2,140.8) ops/second in (1.868328,56.810495) seconds
2026/05/26-09:46:37  ... thread 3: (1000,9000) ops and (279.9,149.5) ops/second in (3.572831,60.188440) seconds
2026/05/26-09:46:37  ... thread 1: (1000,9000) ops and (290.5,149.4) ops/second in (3.441885,60.243139) seconds
2026/05/26-09:46:37  ... thread 0: (1000,9000) ops and (278.8,149.3) ops/second in (3.586264,60.266730) seconds
2026/05/26-09:46:37  ... thread 2: (1000,9000) ops and (286.4,149.2) ops/second in (3.491375,60.301870) seconds
2026/05/26-09:46:38  ... thread 1: (2000,11000) ops and (1559.5,178.8) ops/second in (1.282438,61.525577) seconds
2026/05/26-09:46:39  ... thread 3: (2000,11000) ops and (1443.5,178.6) ops/second in (1.385529,61.573969) seconds
2026/05/26-09:46:39  ... thread 0: (2000,11000) ops and (1510.5,178.6) ops/second in (1.324069,61.590799) seconds
2026/05/26-09:46:39  ... thread 2: (2000,11000) ops and (1411.9,178.2) ops/second in (1.416552,61.718422) seconds
2026/05/26-09:46:40  ... thread 1: (2000,13000) ops and (1490.4,206.8) ops/second in (1.341946,62.867523) seconds
2026/05/26-09:46:40  ... thread 3: (2000,13000) ops and (1530.3,206.7) ops/second in (1.306910,62.880879) seconds
2026/05/26-09:46:40  ... thread 0: (2000,13000) ops and (1517.1,206.6) ops/second in (1.318341,62.909140) seconds
2026/05/26-09:46:40  ... thread 2: (2000,13000) ops and (1585.9,206.4) ops/second in (1.261099,62.979521) seconds
2026/05/26-09:46:41  ... thread 1: (2000,15000) ops and (1614.7,234.0) ops/second in (1.238642,64.106165) seconds
2026/05/26-09:46:41  ... thread 3: (2000,15000) ops and (1616.7,233.9) ops/second in (1.237074,64.117953) seconds
2026/05/26-09:46:41  ... thread 0: (2000,15000) ops and (1644.0,233.9) ops/second in (1.216536,64.125676) seconds
2026/05/26-09:46:41  ... thread 2: (2000,15000) ops and (1644.9,233.7) ops/second in (1.215887,64.195408) seconds
2026/05/26-09:46:42  ... thread 0: (2000,17000) ops and (1753.4,260.5) ops/second in (1.140667,65.266343) seconds
2026/05/26-09:46:42  ... thread 3: (2000,17000) ops and (1705.6,260.4) ops/second in (1.172640,65.290593) seconds
2026/05/26-09:46:42  ... thread 1: (2000,17000) ops and (1605.1,260.1) ops/second in (1.246062,65.352227) seconds
2026/05/26-09:46:42  ... thread 2: (2000,17000) ops and (1692.4,260.0) ops/second in (1.181734,65.377142) seconds
2026/05/26-09:46:43  ... thread 0: (2000,19000) ops and (1732.4,286.1) ops/second in (1.154438,66.420781) seconds
2026/05/26-09:46:43  ... thread 3: (2000,19000) ops and (1756.4,286.0) ops/second in (1.138664,66.429257) seconds
2026/05/26-09:46:43  ... thread 1: (2000,19000) ops and (1746.2,285.7) ops/second in (1.145360,66.497587) seconds
2026/05/26-09:46:43  ... thread 2: (2000,19000) ops and (1740.6,285.6) ops/second in (1.149034,66.526176) seconds
2026/05/26-09:46:44  ... thread 0: (2000,21000) ops and (1931.4,311.3) ops/second in (1.035541,67.456322) seconds
2026/05/26-09:46:45  ... thread 1: (2000,21000) ops and (1884.9,310.8) ops/second in (1.061061,67.558648) seconds
2026/05/26-09:46:45  ... thread 2: (2000,21000) ops and (1801.0,310.5) ops/second in (1.110497,67.636673) seconds
2026/05/26-09:46:45  ... thread 3: (3000,22000) ops and (2065.5,324.1) ops/second in (1.452462,67.881719) seconds
2026/05/26-09:46:46  ... thread 1: (2000,23000) ops and (1965.0,335.4) ops/second in (1.017819,68.576467) seconds
2026/05/26-09:46:46  ... thread 2: (2000,23000) ops and (1964.6,335.0) ops/second in (1.018039,68.654712) seconds
2026/05/26-09:46:46  ... thread 0: (3000,24000) ops and (2103.3,348.4) ops/second in (1.426351,68.882673) seconds
2026/05/26-09:46:46  ... thread 3: (3000,25000) ops and (2287.8,361.3) ops/second in (1.311297,69.193016) seconds
2026/05/26-09:46:47  ... thread 1: (3000,26000) ops and (2282.9,372.0) ops/second in (1.314125,69.890592) seconds
2026/05/26-09:46:47  ... thread 2: (3000,26000) ops and (2317.0,371.7) ops/second in (1.294777,69.949489) seconds
2026/05/26-09:46:47  ... thread 0: (3000,27000) ops and (2344.9,384.8) ops/second in (1.279390,70.162063) seconds
2026/05/26-09:46:47  ... thread 3: (3000,28000) ops and (2465.6,397.7) ops/second in (1.216765,70.409781) seconds
2026/05/26-09:46:48  ... thread 1: (3000,29000) ops and (2559.5,408.1) ops/second in (1.172115,71.062707) seconds
2026/05/26-09:46:48  ... thread 2: (3000,29000) ops and (2605.1,407.9) ops/second in (1.151578,71.101067) seconds
2026/05/26-09:46:48  ... thread 0: (3000,30000) ops and (2633.3,420.7) ops/second in (1.139258,71.301321) seconds
2026/05/26-09:46:48  ... thread 3: (3000,31000) ops and (2739.6,433.5) ops/second in (1.095037,71.504818) seconds
2026/05/26-09:46:49  ... thread 2: (3000,32000) ops and (2946.8,443.7) ops/second in (1.018064,72.119131) seconds
2026/05/26-09:46:49  ... thread 1: (3000,32000) ops and (2824.8,443.7) ops/second in (1.062008,72.124715) seconds
2026/05/26-09:46:49  ... thread 0: (3000,33000) ops and (2832.9,456.1) ops/second in (1.058978,72.360299) seconds
2026/05/26-09:46:50  ... thread 3: (3000,34000) ops and (2819.1,468.5) ops/second in (1.064153,72.568971) seconds
2026/05/26-09:46:50  ... thread 2: (3000,35000) ops and (2767.8,478.1) ops/second in (1.083910,73.203041) seconds
2026/05/26-09:46:50  ... thread 1: (3000,35000) ops and (2751.1,478.0) ops/second in (1.090460,73.215175) seconds
2026/05/26-09:46:51  ... thread 0: (4000,37000) ops and (3117.3,502.4) ops/second in (1.283147,73.643446) seconds
2026/05/26-09:46:51  ... thread 3: (4000,38000) ops and (3141.3,514.6) ops/second in (1.273342,73.842313) seconds
2026/05/26-09:46:51  ... thread 1: (4000,39000) ops and (3510.0,524.5) ops/second in (1.139602,74.354777) seconds
2026/05/26-09:46:51  ... thread 2: (4000,39000) ops and (3420.7,524.4) ops/second in (1.169342,74.372383) seconds
2026/05/26-09:46:52  ... thread 0: (4000,41000) ops and (3536.6,548.3) ops/second in (1.131035,74.774481) seconds
2026/05/26-09:46:52  ... thread 3: (4000,42000) ops and (3682.7,560.5) ops/second in (1.086166,74.928479) seconds
2026/05/26-09:46:52  ... thread 2: (4000,43000) ops and (3944.5,570.4) ops/second in (1.014067,75.386450) seconds
2026/05/26-09:46:52  ... thread 1: (4000,43000) ops and (3616.9,569.8) ops/second in (1.105933,75.460710) seconds
2026/05/26-09:46:53  ... thread 0: (4000,45000) ops and (3998.2,593.9) ops/second in (1.000440,75.774921) seconds
2026/05/26-09:46:53  ... thread 3: (4000,46000) ops and (3779.3,605.4) ops/second in (1.058398,75.986877) seconds
2026/05/26-09:46:54  ... thread 2: (5000,48000) ops and (4221.5,626.9) ops/second in (1.184406,76.570856) seconds
2026/05/26-09:46:54  ... thread 1: (5000,48000) ops and (4081.4,625.9) ops/second in (1.225073,76.685783) seconds
2026/05/26-09:46:54  ... thread 0: (4000,49000) ops and (3801.0,637.8) ops/second in (1.052368,76.827289) seconds
2026/05/26-09:46:54  ... thread 3: (5000,51000) ops and (4346.1,661.2) ops/second in (1.150464,77.137341) seconds
2026/05/26-09:46:55  ... thread 2: (5000,53000) ops and (4688.2,682.7) ops/second in (1.066507,77.637363) seconds
2026/05/26-09:46:55  ... thread 1: (5000,53000) ops and (4657.2,681.6) ops/second in (1.073601,77.759384) seconds
2026/05/26-09:46:55  ... thread 0: (5000,54000) ops and (4977.4,693.8) ops/second in (1.004533,77.831822) seconds
2026/05/26-09:46:55  ... thread 3: (6000,57000) ops and (5132.4,727.9) ops/second in (1.169052,78.306393) seconds
2026/05/26-09:46:56  ... thread 2: (6000,59000) ops and (5353.1,749.1) ops/second in (1.120845,78.758208) seconds
2026/05/26-09:46:56  ... thread 0: (5000,59000) ops and (4973.9,748.4) ops/second in (1.005246,78.837068) seconds
2026/05/26-09:46:56  ... thread 1: (6000,59000) ops and (5333.7,747.9) ops/second in (1.124932,78.884316) seconds
2026/05/26-09:46:56  ... thread 3: (6000,63000) ops and (5907.9,794.2) ops/second in (1.015581,79.321974) seconds
2026/05/26-09:46:57  ... thread 2: (7000,66000) ops and (6121.2,826.0) ops/second in (1.143570,79.901778) seconds
2026/05/26-09:46:57  ... thread 0: (7000,66000) ops and (6453.5,825.8) ops/second in (1.084683,79.921751) seconds
2026/05/26-09:46:57  ... thread 1: (7000,66000) ops and (6525.7,825.4) ops/second in (1.072680,79.956996) seconds
2026/05/26-09:46:57  ... thread 3: (7000,70000) ops and (6550.5,870.7) ops/second in (1.068617,80.390591) seconds
2026/05/26-09:46:58  ... thread 0: (8000,74000) ops and (7493.0,913.7) ops/second in (1.067659,80.989410) seconds
2026/05/26-09:46:58  ... thread 2: (8000,74000) ops and (7185.3,913.4) ops/second in (1.113392,81.015170) seconds
2026/05/26-09:46:58  ... thread 1: (8000,74000) ops and (7380.4,913.1) ops/second in (1.083956,81.040952) seconds
2026/05/26-09:46:58  ... thread 3: (8000,78000) ops and (7722.7,957.9) ops/second in (1.035910,81.426501) seconds
2026/05/26-09:46:59  ... thread 0: (9000,83000) ops and (8630.5,1011.8) ops/second in (1.042814,82.032224) seconds
2026/05/26-09:46:59  ... thread 2: (9000,83000) ops and (8768.1,1011.7) ops/second in (1.026445,82.041615) seconds
2026/05/26-09:46:59  ... thread 1: (9000,83000) ops and (8536.2,1011.0) ops/second in (1.054336,82.095288) seconds
2026/05/26-09:46:59  ... thread 3: (10000,88000) ops and (9163.9,1066.4) ops/second in (1.091242,82.517743) seconds
2026/05/26-09:47:00  ... thread 2: (10000,93000) ops and (9960.0,1119.9) ops/second in (1.004018,83.045633) seconds
2026/05/26-09:47:00  ... thread 0: (11000,94000) ops and (10511.0,1131.5) ops/second in (1.046523,83.078747) seconds
2026/05/26-09:47:00  ... thread 1: (11000,94000) ops and (10495.8,1130.6) ops/second in (1.048041,83.143329) seconds
2026/05/26-09:47:00  ... thread 3: (11000,99000) ops and (10916.2,1185.3) ops/second in (1.007681,83.525424) seconds
DB path: [/tmp/rocksdb_comp_exp_db]
readrandom   :     836.504 micros/op 4779 ops/sec 83.684 seconds 400000 operations;    4.7 MB/s (98267 of 100000 found)

STATISTICS:
rocksdb.block.cache.miss COUNT : 3340828
rocksdb.block.cache.hit COUNT : 30841
rocksdb.block.cache.add COUNT : 514262
rocksdb.block.cache.add.failures COUNT : 0
rocksdb.block.cache.index.miss COUNT : 0
rocksdb.block.cache.index.hit COUNT : 0
rocksdb.block.cache.index.add COUNT : 0
rocksdb.block.cache.index.bytes.insert COUNT : 0
rocksdb.block.cache.filter.miss COUNT : 0
rocksdb.block.cache.filter.hit COUNT : 0
rocksdb.block.cache.filter.add COUNT : 0
rocksdb.block.cache.filter.bytes.insert COUNT : 0
rocksdb.block.cache.data.miss COUNT : 3340828
rocksdb.block.cache.data.hit COUNT : 30841
rocksdb.block.cache.data.add COUNT : 514262
rocksdb.block.cache.data.bytes.insert COUNT : 2213376624
rocksdb.block.cache.bytes.read COUNT : 132739712
rocksdb.block.cache.bytes.write COUNT : 2213376624
rocksdb.block.cache.compression.dict.miss COUNT : 0
rocksdb.block.cache.compression.dict.hit COUNT : 0
rocksdb.block.cache.compression.dict.add COUNT : 0
rocksdb.block.cache.compression.dict.bytes.insert COUNT : 0
rocksdb.block.cache.add.redundant COUNT : 6
rocksdb.block.cache.index.add.redundant COUNT : 0
rocksdb.block.cache.filter.add.redundant COUNT : 0
rocksdb.block.cache.data.add.redundant COUNT : 6
rocksdb.block.cache.compression.dict.add.redundant COUNT : 0
rocksdb.secondary.cache.hits COUNT : 0
rocksdb.secondary.cache.filter.hits COUNT : 0
rocksdb.secondary.cache.index.hits COUNT : 0
rocksdb.secondary.cache.data.hits COUNT : 0
rocksdb.compressed.secondary.cache.dummy.hits COUNT : 0
rocksdb.compressed.secondary.cache.hits COUNT : 0
rocksdb.compressed.secondary.cache.promotions COUNT : 0
rocksdb.compressed.secondary.cache.promotion.skips COUNT : 0
rocksdb.bloom.filter.useful COUNT : 0
rocksdb.bloom.filter.full.positive COUNT : 0
rocksdb.bloom.filter.full.true.positive COUNT : 0
rocksdb.bloom.filter.prefix.checked COUNT : 0
rocksdb.bloom.filter.prefix.useful COUNT : 0
rocksdb.bloom.filter.prefix.true.positive COUNT : 0
rocksdb.persistent.cache.hit COUNT : 0
rocksdb.persistent.cache.miss COUNT : 0
rocksdb.sim.block.cache.hit COUNT : 0
rocksdb.sim.block.cache.miss COUNT : 0
rocksdb.memtable.hit COUNT : 6949
rocksdb.memtable.miss COUNT : 393051
rocksdb.l0.hit COUNT : 28294
rocksdb.l1.hit COUNT : 93885
rocksdb.l2andup.hit COUNT : 263798
rocksdb.compaction.key.drop.new COUNT : 3331445
rocksdb.compaction.key.drop.obsolete COUNT : 0
rocksdb.compaction.key.drop.range_del COUNT : 0
rocksdb.compaction.key.drop.user COUNT : 0
rocksdb.compaction.range_del.drop.obsolete COUNT : 0
rocksdb.compaction.optimized.del.drop.obsolete COUNT : 0
rocksdb.compaction.cancelled COUNT : 0
rocksdb.compaction.aborted COUNT : 0
rocksdb.number.keys.written COUNT : 5000000
rocksdb.number.keys.read COUNT : 400000
rocksdb.number.keys.updated COUNT : 0
rocksdb.bytes.written COUNT : 5279171472
rocksdb.bytes.read COUNT : 402356224
rocksdb.number.db.seek COUNT : 0
rocksdb.number.db.next COUNT : 0
rocksdb.number.db.prev COUNT : 0
rocksdb.number.db.seek.found COUNT : 0
rocksdb.number.db.next.found COUNT : 0
rocksdb.number.db.prev.found COUNT : 0
rocksdb.db.iter.bytes.read COUNT : 0
rocksdb.number.iter.skip COUNT : 0
rocksdb.number.reseeks.iteration COUNT : 0
rocksdb.num.iterator.created COUNT : 0
rocksdb.num.iterator.deleted COUNT : 0
rocksdb.no.file.opens COUNT : 128
rocksdb.no.file.errors COUNT : 0
rocksdb.stall.micros COUNT : 39908103
rocksdb.db.mutex.wait.micros COUNT : 0
rocksdb.number.multiget.get COUNT : 0
rocksdb.number.multiget.keys.read COUNT : 0
rocksdb.number.multiget.bytes.read COUNT : 0
rocksdb.number.multiget.keys.found COUNT : 0
rocksdb.number.merge.failures COUNT : 0
rocksdb.getupdatessince.calls COUNT : 0
rocksdb.wal.synced COUNT : 0
rocksdb.wal.bytes COUNT : 5279171472
rocksdb.write.self COUNT : 4930956
rocksdb.write.other COUNT : 69044
rocksdb.write.wal COUNT : 5000000
rocksdb.compact.read.bytes COUNT : 6900696413
rocksdb.compact.write.bytes COUNT : 4901513166
rocksdb.flush.write.bytes COUNT : 2970153459
rocksdb.compact.read.marked.bytes COUNT : 0
rocksdb.compact.read.periodic.bytes COUNT : 0
rocksdb.compact.read.ttl.bytes COUNT : 0
rocksdb.compact.write.marked.bytes COUNT : 0
rocksdb.compact.write.periodic.bytes COUNT : 0
rocksdb.compact.write.ttl.bytes COUNT : 0
rocksdb.number.direct.load.table.properties COUNT : 0
rocksdb.number.superversion_acquires COUNT : 27
rocksdb.number.superversion_releases COUNT : 22
rocksdb.number.superversion_cleanups COUNT : 6
rocksdb.number.block.compressed COUNT : 3219812
rocksdb.number.block.decompressed COUNT : 3340956
rocksdb.bytes.compressed.from COUNT : 13570966528
rocksdb.bytes.compressed.to COUNT : 7855395455
rocksdb.bytes.compression_bypassed COUNT : 0
rocksdb.bytes.compression.rejected COUNT : 0
rocksdb.number.block_compression_bypassed COUNT : 0
rocksdb.number.block_compression_rejected COUNT : 0
rocksdb.bytes.decompressed.from COUNT : 8150711523
rocksdb.bytes.decompressed.to COUNT : 14079200052
rocksdb.merge.operation.time.nanos COUNT : 0
rocksdb.filter.operation.time.nanos COUNT : 0
rocksdb.compaction.total.time.cpu_micros COUNT : 42455719
rocksdb.row.cache.hit COUNT : 0
rocksdb.row.cache.miss COUNT : 0
rocksdb.read.amp.estimate.useful.bytes COUNT : 0
rocksdb.read.amp.total.read.bytes COUNT : 0
rocksdb.number.rate_limiter.drains COUNT : 0
rocksdb.blobdb.num.put COUNT : 0
rocksdb.blobdb.num.write COUNT : 0
rocksdb.blobdb.num.get COUNT : 0
rocksdb.blobdb.num.multiget COUNT : 0
rocksdb.blobdb.num.seek COUNT : 0
rocksdb.blobdb.num.next COUNT : 0
rocksdb.blobdb.num.prev COUNT : 0
rocksdb.blobdb.num.keys.written COUNT : 0
rocksdb.blobdb.num.keys.read COUNT : 0
rocksdb.blobdb.bytes.written COUNT : 0
rocksdb.blobdb.bytes.read COUNT : 0
rocksdb.blobdb.write.inlined COUNT : 0
rocksdb.blobdb.write.inlined.ttl COUNT : 0
rocksdb.blobdb.write.blob COUNT : 0
rocksdb.blobdb.write.blob.ttl COUNT : 0
rocksdb.blobdb.blob.file.bytes.written COUNT : 0
rocksdb.blobdb.blob.file.bytes.read COUNT : 0
rocksdb.blobdb.blob.file.synced COUNT : 0
rocksdb.blobdb.blob.index.expired.count COUNT : 0
rocksdb.blobdb.blob.index.expired.size COUNT : 0
rocksdb.blobdb.blob.index.evicted.count COUNT : 0
rocksdb.blobdb.blob.index.evicted.size COUNT : 0
rocksdb.blobdb.gc.num.files COUNT : 0
rocksdb.blobdb.gc.num.new.files COUNT : 0
rocksdb.blobdb.gc.failures COUNT : 0
rocksdb.blobdb.gc.num.keys.relocated COUNT : 0
rocksdb.blobdb.gc.bytes.relocated COUNT : 0
rocksdb.blobdb.fifo.num.files.evicted COUNT : 0
rocksdb.blobdb.fifo.num.keys.evicted COUNT : 0
rocksdb.blobdb.fifo.bytes.evicted COUNT : 0
rocksdb.blobdb.cache.miss COUNT : 0
rocksdb.blobdb.cache.hit COUNT : 0
rocksdb.blobdb.cache.add COUNT : 0
rocksdb.blobdb.cache.add.failures COUNT : 0
rocksdb.blobdb.cache.bytes.read COUNT : 0
rocksdb.blobdb.cache.bytes.write COUNT : 0
rocksdb.txn.overhead.mutex.prepare COUNT : 0
rocksdb.txn.overhead.mutex.old.commit.map COUNT : 0
rocksdb.txn.overhead.duplicate.key COUNT : 0
rocksdb.txn.overhead.mutex.snapshot COUNT : 0
rocksdb.txn.get.tryagain COUNT : 0
rocksdb.files.marked.trash COUNT : 0
rocksdb.files.marked.trash.deleted COUNT : 0
rocksdb.files.deleted.immediately COUNT : 196
rocksdb.error.handler.bg.error.count COUNT : 0
rocksdb.error.handler.bg.io.error.count COUNT : 0
rocksdb.error.handler.bg.retryable.io.error.count COUNT : 0
rocksdb.error.handler.autoresume.count COUNT : 0
rocksdb.error.handler.autoresume.retry.total.count COUNT : 0
rocksdb.error.handler.autoresume.success.count COUNT : 0
rocksdb.memtable.payload.bytes.at.flush COUNT : 5217252112
rocksdb.memtable.garbage.bytes.at.flush COUNT : 130515824
rocksdb.verify_checksum.read.bytes COUNT : 0
rocksdb.backup.read.bytes COUNT : 0
rocksdb.backup.write.bytes COUNT : 0
rocksdb.remote.compact.read.bytes COUNT : 0
rocksdb.remote.compact.write.bytes COUNT : 0
rocksdb.remote.compact.resumed.bytes COUNT : 0
rocksdb.hot.file.read.bytes COUNT : 0
rocksdb.warm.file.read.bytes COUNT : 0
rocksdb.cool.file.read.bytes COUNT : 0
rocksdb.cold.file.read.bytes COUNT : 0
rocksdb.ice.file.read.bytes COUNT : 0
rocksdb.hot.file.read.count COUNT : 0
rocksdb.warm.file.read.count COUNT : 0
rocksdb.cool.file.read.count COUNT : 0
rocksdb.cold.file.read.count COUNT : 0
rocksdb.ice.file.read.count COUNT : 0
rocksdb.last.level.read.bytes COUNT : 0
rocksdb.last.level.read.count COUNT : 0
rocksdb.non.last.level.read.bytes COUNT : 8167577178
rocksdb.non.last.level.read.count COUNT : 3341340
rocksdb.last.level.seek.filtered COUNT : 0
rocksdb.last.level.seek.filter.match COUNT : 0
rocksdb.last.level.seek.data COUNT : 0
rocksdb.last.level.seek.data.useful.no.filter COUNT : 0
rocksdb.last.level.seek.data.useful.filter.match COUNT : 0
rocksdb.non.last.level.seek.filtered COUNT : 0
rocksdb.non.last.level.seek.filter.match COUNT : 0
rocksdb.non.last.level.seek.data COUNT : 0
rocksdb.non.last.level.seek.data.useful.no.filter COUNT : 0
rocksdb.non.last.level.seek.data.useful.filter.match COUNT : 0
rocksdb.block.checksum.compute.count COUNT : 3341084
rocksdb.block.checksum.mismatch.count COUNT : 0
rocksdb.multiget.coroutine.count COUNT : 0
rocksdb.read.async.micros COUNT : 0
rocksdb.async.read.error.count COUNT : 0
rocksdb.table.open.prefetch.tail.miss COUNT : 0
rocksdb.table.open.prefetch.tail.hit COUNT : 0
rocksdb.timestamp.filter.table.checked COUNT : 0
rocksdb.timestamp.filter.table.filtered COUNT : 0
rocksdb.readahead.trimmed COUNT : 0
rocksdb.fifo.max.size.compactions COUNT : 0
rocksdb.fifo.ttl.compactions COUNT : 0
rocksdb.fifo.change_temperature.compactions COUNT : 0
rocksdb.prefetch.bytes COUNT : 0
rocksdb.prefetch.bytes.useful COUNT : 0
rocksdb.prefetch.hits COUNT : 0
rocksdb.footer.corruption.count COUNT : 0
rocksdb.file.read.corruption.retry.count COUNT : 0
rocksdb.file.read.corruption.retry.success.count COUNT : 0
rocksdb.number.wbwi.ingest COUNT : 0
rocksdb.sst.user.defined.index.load.fail.count COUNT : 0
rocksdb.multiscan.prepare.calls COUNT : 0
rocksdb.multiscan.prepare.errors COUNT : 0
rocksdb.multiscan.blocks.prefetched COUNT : 0
rocksdb.multiscan.blocks.from.cache COUNT : 0
rocksdb.multiscan.prefetch.bytes COUNT : 0
rocksdb.multiscan.prefetch.blocks.wasted COUNT : 0
rocksdb.multiscan.io.requests COUNT : 0
rocksdb.multiscan.io.coalesced.nonadjacent COUNT : 0
rocksdb.multiscan.seek.errors COUNT : 0
rocksdb.prefetch.memory.bytes.granted COUNT : 0
rocksdb.prefetch.memory.bytes.released COUNT : 0
rocksdb.prefetch.memory.requests.blocked COUNT : 0
rocksdb.read.path.range.tombstones.inserted COUNT : 0
rocksdb.read.path.range.tombstones.discarded COUNT : 0
rocksdb.file.open.metadata.retrieved COUNT : 0
rocksdb.file.open.metadata.passed COUNT : 0
rocksdb.manifest.validation.failure.count COUNT : 0
rocksdb.db.get.micros P50 : 14.007515 P95 : 2335.907549 P99 : 13312.666312 P100 : 722593.000000 COUNT : 400000 SUM : 334273696
rocksdb.db.write.micros P50 : 5.657737 P95 : 19.294805 P99 : 846.692338 P100 : 2604981.000000 COUNT : 5000000 SUM : 309346739
rocksdb.compaction.times.micros P50 : 4614285.714286 P95 : 31900000.000000 P99 : 64939859.000000 P100 : 64939859.000000 COUNT : 22 SUM : 212356989
rocksdb.compaction.times.cpu_micros P50 : 1072500.000000 P95 : 6390000.000000 P99 : 11015383.000000 P100 : 11015383.000000 COUNT : 22 SUM : 42455719
rocksdb.subcompaction.setup.times.micros P50 : 0.000000 P95 : 0.000000 P99 : 0.000000 P100 : 0.000000 COUNT : 0 SUM : 0
rocksdb.table.sync.micros P50 : 354795.918367 P95 : 1505000.000000 P99 : 1821000.000000 P100 : 1893258.000000 COUNT : 79 SUM : 44623552
rocksdb.compaction.outfile.sync.micros P50 : 828928.571429 P95 : 2287500.000000 P99 : 2681518.000000 P100 : 2681518.000000 COUNT : 49 SUM : 47139683
rocksdb.wal.file.sync.micros P50 : 0.000000 P95 : 0.000000 P99 : 0.000000 P100 : 0.000000 COUNT : 0 SUM : 0
rocksdb.manifest.file.sync.micros P50 : 5998.113208 P95 : 278166.666667 P99 : 563350.000000 P100 : 624726.000000 COUNT : 107 SUM : 4747947
rocksdb.table.open.io.micros P50 : 893.888889 P95 : 5855.384615 P99 : 7788.000000 P100 : 8676.000000 COUNT : 128 SUM : 219882
rocksdb.db.multiget.micros P50 : 0.000000 P95 : 0.000000 P99 : 0.000000 P100 : 0.000000 COUNT : 0 SUM : 0
rocksdb.read.block.compaction.micros P50 : 3.373325 P95 : 7.449113 P99 : 21.406918 P100 : 1209311.000000 COUNT : 2826566 SUM : 126919930
rocksdb.read.block.get.micros P50 : 8.237956 P95 : 1762.431084 P99 : 11238.653291 P100 : 364289.000000 COUNT : 514390 SUM : 329843048
rocksdb.write.raw.block.micros P50 : 0.532530 P95 : 1.269313 P99 : 2.868430 P100 : 357814.000000 COUNT : 3220068 SUM : 12377474
rocksdb.numfiles.in.singlecompaction P50 : 4.000000 P95 : 9.733333 P99 : 18.000000 P100 : 18.000000 COUNT : 24 SUM : 124
rocksdb.db.seek.micros P50 : 0.000000 P95 : 0.000000 P99 : 0.000000 P100 : 0.000000 COUNT : 0 SUM : 0
rocksdb.db.write.stall P50 : 1128.041506 P95 : 2638.996372 P99 : 97341.666667 P100 : 2602470.000000 COUNT : 6217 SUM : 39908103
rocksdb.sst.read.micros P50 : 0.861878 P95 : 9.851951 P99 : 1751.285514 P100 : 1209290.000000 COUNT : 3341340 SUM : 443286961
rocksdb.file.read.flush.micros P50 : 3.750000 P95 : 67.000000 P99 : 91.640000 P100 : 1650.000000 COUNT : 316 SUM : 6982
rocksdb.file.read.compaction.micros P50 : 0.751837 P95 : 2.261165 P99 : 9.598883 P100 : 1209290.000000 COUNT : 2826762 SUM : 117507333
rocksdb.file.read.db.open.micros P50 : 0.000000 P95 : 0.000000 P99 : 0.000000 P100 : 0.000000 COUNT : 0 SUM : 0
rocksdb.file.read.get.micros P50 : 0.000000 P95 : 0.000000 P99 : 0.000000 P100 : 0.000000 COUNT : 0 SUM : 0
rocksdb.file.read.multiget.micros P50 : 0.000000 P95 : 0.000000 P99 : 0.000000 P100 : 0.000000 COUNT : 0 SUM : 0
rocksdb.file.read.db.iterator.micros P50 : 0.000000 P95 : 0.000000 P99 : 0.000000 P100 : 0.000000 COUNT : 0 SUM : 0
rocksdb.file.read.verify.db.checksum.micros P50 : 0.000000 P95 : 0.000000 P99 : 0.000000 P100 : 0.000000 COUNT : 0 SUM : 0
rocksdb.file.read.verify.file.checksums.micros P50 : 0.000000 P95 : 0.000000 P99 : 0.000000 P100 : 0.000000 COUNT : 0 SUM : 0
rocksdb.sst.write.micros P50 : 0.502497 P95 : 0.954744 P99 : 0.994944 P100 : 357804.000000 COUNT : 6440264 SUM : 10472749
rocksdb.file.write.flush.micros P50 : 0.501595 P95 : 0.953030 P99 : 0.993158 P100 : 9675.000000 COUNT : 2427489 SUM : 3453359
rocksdb.file.write.compaction.micros P50 : 0.503044 P95 : 0.955784 P99 : 0.996028 P100 : 357804.000000 COUNT : 4012775 SUM : 7019392
rocksdb.file.write.db.open.micros P50 : 0.000000 P95 : 0.000000 P99 : 0.000000 P100 : 0.000000 COUNT : 0 SUM : 0
rocksdb.num.subcompactions.scheduled P50 : 0.000000 P95 : 0.000000 P99 : 0.000000 P100 : 0.000000 COUNT : 0 SUM : 0
rocksdb.bytes.per.read P50 : 1024.000000 P95 : 1024.000000 P99 : 1024.000000 P100 : 1024.000000 COUNT : 400000 SUM : 402356224
rocksdb.bytes.per.write P50 : 1086.650885 P95 : 1281.636681 P99 : 1298.968752 P100 : 4188.000000 COUNT : 4930956 SUM : 5279171472
rocksdb.bytes.per.multiget P50 : 0.000000 P95 : 0.000000 P99 : 0.000000 P100 : 0.000000 COUNT : 0 SUM : 0
rocksdb.compression.times.nanos P50 : 0.000000 P95 : 0.000000 P99 : 0.000000 P100 : 0.000000 COUNT : 0 SUM : 0
rocksdb.decompression.times.nanos P50 : 0.000000 P95 : 0.000000 P99 : 0.000000 P100 : 0.000000 COUNT : 0 SUM : 0
rocksdb.read.num.merge_operands P50 : 0.000000 P95 : 0.000000 P99 : 0.000000 P100 : 0.000000 COUNT : 0 SUM : 0
rocksdb.blobdb.key.size P50 : 0.000000 P95 : 0.000000 P99 : 0.000000 P100 : 0.000000 COUNT : 0 SUM : 0
rocksdb.blobdb.value.size P50 : 0.000000 P95 : 0.000000 P99 : 0.000000 P100 : 0.000000 COUNT : 0 SUM : 0
rocksdb.blobdb.write.micros P50 : 0.000000 P95 : 0.000000 P99 : 0.000000 P100 : 0.000000 COUNT : 0 SUM : 0
rocksdb.blobdb.get.micros P50 : 0.000000 P95 : 0.000000 P99 : 0.000000 P100 : 0.000000 COUNT : 0 SUM : 0
rocksdb.blobdb.multiget.micros P50 : 0.000000 P95 : 0.000000 P99 : 0.000000 P100 : 0.000000 COUNT : 0 SUM : 0
rocksdb.blobdb.seek.micros P50 : 0.000000 P95 : 0.000000 P99 : 0.000000 P100 : 0.000000 COUNT : 0 SUM : 0
rocksdb.blobdb.next.micros P50 : 0.000000 P95 : 0.000000 P99 : 0.000000 P100 : 0.000000 COUNT : 0 SUM : 0
rocksdb.blobdb.prev.micros P50 : 0.000000 P95 : 0.000000 P99 : 0.000000 P100 : 0.000000 COUNT : 0 SUM : 0
rocksdb.blobdb.blob.file.write.micros P50 : 0.000000 P95 : 0.000000 P99 : 0.000000 P100 : 0.000000 COUNT : 0 SUM : 0
rocksdb.blobdb.blob.file.read.micros P50 : 0.000000 P95 : 0.000000 P99 : 0.000000 P100 : 0.000000 COUNT : 0 SUM : 0
rocksdb.blobdb.blob.file.sync.micros P50 : 0.000000 P95 : 0.000000 P99 : 0.000000 P100 : 0.000000 COUNT : 0 SUM : 0
rocksdb.blobdb.compression.micros P50 : 0.000000 P95 : 0.000000 P99 : 0.000000 P100 : 0.000000 COUNT : 0 SUM : 0
rocksdb.blobdb.decompression.micros P50 : 0.000000 P95 : 0.000000 P99 : 0.000000 P100 : 0.000000 COUNT : 0 SUM : 0
rocksdb.db.flush.micros P50 : 715000.000000 P95 : 1712272.727273 P99 : 2110000.000000 P100 : 2348424.000000 COUNT : 79 SUM : 63956669
rocksdb.sst.batch.size P50 : 0.000000 P95 : 0.000000 P99 : 0.000000 P100 : 0.000000 COUNT : 0 SUM : 0
rocksdb.multiget.io.batch.size P50 : 0.000000 P95 : 0.000000 P99 : 0.000000 P100 : 0.000000 COUNT : 0 SUM : 0
rocksdb.num.index.and.filter.blocks.read.per.level P50 : 0.000000 P95 : 0.000000 P99 : 0.000000 P100 : 0.000000 COUNT : 0 SUM : 0
rocksdb.num.sst.read.per.level P50 : 0.000000 P95 : 0.000000 P99 : 0.000000 P100 : 0.000000 COUNT : 0 SUM : 0
rocksdb.num.level.read.per.multiget P50 : 0.000000 P95 : 0.000000 P99 : 0.000000 P100 : 0.000000 COUNT : 0 SUM : 0
rocksdb.error.handler.autoresume.retry.count P50 : 0.000000 P95 : 0.000000 P99 : 0.000000 P100 : 0.000000 COUNT : 0 SUM : 0
rocksdb.async.read.bytes P50 : 0.000000 P95 : 0.000000 P99 : 0.000000 P100 : 0.000000 COUNT : 0 SUM : 0
rocksdb.poll.wait.micros P50 : 0.000000 P95 : 0.000000 P99 : 0.000000 P100 : 0.000000 COUNT : 0 SUM : 0
rocksdb.compaction.prefetch.bytes P50 : 0.000000 P95 : 0.000000 P99 : 0.000000 P100 : 0.000000 COUNT : 0 SUM : 0
rocksdb.prefetched.bytes.discarded P50 : 0.000000 P95 : 0.000000 P99 : 0.000000 P100 : 0.000000 COUNT : 0 SUM : 0
rocksdb.async.prefetch.abort.micros P50 : 0.000000 P95 : 0.000000 P99 : 0.000000 P100 : 0.000000 COUNT : 0 SUM : 0
rocksdb.table.open.prefetch.tail.read.bytes P50 : 0.000000 P95 : 0.000000 P99 : 0.000000 P100 : 0.000000 COUNT : 0 SUM : 0
rocksdb.num.op.per.transaction P50 : 0.000000 P95 : 0.000000 P99 : 0.000000 P100 : 0.000000 COUNT : 0 SUM : 0
rocksdb.multiscan.op.prepare.iterators.micros P50 : 0.000000 P95 : 0.000000 P99 : 0.000000 P100 : 0.000000 COUNT : 0 SUM : 0
rocksdb.multiscan.prepare.micros P50 : 0.000000 P95 : 0.000000 P99 : 0.000000 P100 : 0.000000 COUNT : 0 SUM : 0
rocksdb.multiscan.blocks.per.prepare P50 : 0.000000 P95 : 0.000000 P99 : 0.000000 P100 : 0.000000 COUNT : 0 SUM : 0
rocksdb.block.key.distribution.cv P50 : 0.000000 P95 : 0.000000 P99 : 0.000000 P100 : 0.000000 COUNT : 0 SUM : 0

[EXPERIMENT_COMPLETED]
