RocksDB:    version 11.3.0
Date:       Tue May 26 11:10:38 2026
CPU:        2 * Intel Xeon Processor (SapphireRapids)
CPUCache:   16384 KB
2026/05/26-11:10:39  ... thread 2: (32000,32000) ops and (31551.2,31551.2) ops/second in (1.014225,1.014225) seconds
2026/05/26-11:10:39  ... thread 3: (33000,33000) ops and (32303.3,32303.3) ops/second in (1.021567,1.021567) seconds
2026/05/26-11:10:39  ... thread 1: (32000,32000) ops and (31181.0,31181.0) ops/second in (1.026265,1.026265) seconds
2026/05/26-11:10:39  ... thread 0: (31000,31000) ops and (30279.6,30279.6) ops/second in (1.023790,1.023790) seconds
2026/05/26-11:10:40  ... thread 2: (34000,66000) ops and (33689.3,32617.6) ops/second in (1.009223,2.023448) seconds
2026/05/26-11:10:40  ... thread 0: (29000,60000) ops and (28992.8,29643.7) ops/second in (1.000249,2.024039) seconds
2026/05/26-11:10:40  ... thread 3: (30000,63000) ops and (29721.5,31020.1) ops/second in (1.009371,2.030938) seconds
2026/05/26-11:10:40  ... thread 1: (33000,65000) ops and (31964.9,31574.1) ops/second in (1.032382,2.058647) seconds
2026/05/26-11:10:41  ... thread 0: (30000,90000) ops and (29691.5,29659.6) ops/second in (1.010391,3.034430) seconds
2026/05/26-11:10:41  ... thread 2: (28000,94000) ops and (27432.8,30879.2) ops/second in (1.020676,3.044124) seconds
2026/05/26-11:10:41  ... thread 3: (28000,91000) ops and (27428.6,29818.8) ops/second in (1.020831,3.051769) seconds
2026/05/26-11:10:41  ... thread 1: (32000,97000) ops and (18678.3,25716.7) ops/second in (1.713214,3.771861) seconds
2026/05/26-11:10:42  ... thread 0: (8000,98000) ops and (7802.7,24139.6) ops/second in (1.025281,4.059711) seconds
2026/05/26-11:10:42  ... thread 3: (11000,102000) ops and (10753.8,25032.7) ops/second in (1.022894,4.074663) seconds
2026/05/26-11:10:42  ... thread 2: (5000,99000) ops and (4664.2,24051.8) ops/second in (1.071986,4.116110) seconds
2026/05/26-11:10:43  ... thread 2: (7000,106000) ops and (5913.3,20000.4) ops/second in (1.183782,5.299892) seconds
2026/05/26-11:10:43  ... thread 0: (9000,107000) ops and (7277.3,20202.3) ops/second in (1.236723,5.296434) seconds
2026/05/26-11:10:43  ... thread 3: (9000,111000) ops and (7306.9,20918.2) ops/second in (1.231717,5.306380) seconds
2026/05/26-11:10:43  ... thread 1: (17000,114000) ops and (11039.8,21461.9) ops/second in (1.539879,5.311740) seconds
2026/05/26-11:10:44  ... thread 2: (26000,132000) ops and (25755.0,20921.1) ops/second in (1.009514,6.309406) seconds
2026/05/26-11:10:44  ... thread 3: (23000,134000) ops and (22913.4,21235.6) ops/second in (1.003779,6.310159) seconds
2026/05/26-11:10:44  ... thread 1: (38000,152000) ops and (37763.0,24058.2) ops/second in (1.006276,6.318016) seconds
2026/05/26-11:10:44  ... thread 0: (26000,133000) ops and (25481.0,21055.0) ops/second in (1.020368,6.316802) seconds
2026/05/26-11:10:45  ... thread 2: (14000,146000) ops and (12317.6,19607.9) ops/second in (1.136582,7.445988) seconds
2026/05/26-11:10:45  ... thread 0: (17000,150000) ops and (15039.9,20142.0) ops/second in (1.130328,7.447130) seconds
2026/05/26-11:10:45  ... thread 1: (16000,168000) ops and (13962.3,22508.2) ops/second in (1.145940,7.463956) seconds
2026/05/26-11:10:45  ... thread 3: (26000,160000) ops and (22371.0,21412.2) ops/second in (1.162218,7.472377) seconds
2026/05/26-11:10:46  ... thread 2: (19000,165000) ops and (18598.9,19486.1) ops/second in (1.021565,8.467553) seconds
2026/05/26-11:10:46  ... thread 0: (17000,167000) ops and (16547.3,19706.2) ops/second in (1.027361,8.474491) seconds
2026/05/26-11:10:46  ... thread 1: (16000,184000) ops and (15610.9,21675.4) ops/second in (1.024928,8.488884) seconds
2026/05/26-11:10:46  ... thread 3: (19000,179000) ops and (18150.6,21011.4) ops/second in (1.046798,8.519175) seconds
2026/05/26-11:10:48  ... thread 1: (26000,210000) ops and (18735.8,21262.4) ops/second in (1.387717,9.876601) seconds
2026/05/26-11:10:48  ... thread 0: (27000,194000) ops and (19217.8,19636.8) ops/second in (1.404944,9.879435) seconds
2026/05/26-11:10:48  ... thread 2: (31000,196000) ops and (21825.4,19822.2) ops/second in (1.420366,9.887919) seconds
2026/05/26-11:10:48  ... thread 3: (32000,211000) ops and (23102.9,21303.9) ops/second in (1.385110,9.904285) seconds
2026/05/26-11:10:49  ... thread 3: (32000,243000) ops and (22261.3,21425.2) ops/second in (1.437475,11.341760) seconds
2026/05/26-11:10:49  ... thread 0: (30000,224000) ops and (20425.7,19738.9) ops/second in (1.468741,11.348176) seconds
2026/05/26-11:10:49  ... thread 1: (33000,243000) ops and (22209.8,21386.3) ops/second in (1.485833,11.362434) seconds
2026/05/26-11:10:49  ... thread 2: (29000,225000) ops and (19654.4,19800.4) ops/second in (1.475495,11.363414) seconds
2026/05/26-11:10:50  ... thread 3: (20000,263000) ops and (19699.6,21283.5) ops/second in (1.015250,12.357010) seconds
2026/05/26-11:10:50  ... thread 1: (16000,259000) ops and (15913.9,20941.4) ops/second in (1.005410,12.367844) seconds
2026/05/26-11:10:50  ... thread 2: (22000,247000) ops and (21809.0,19964.2) ops/second in (1.008760,12.372174) seconds
2026/05/26-11:10:50  ... thread 0: (20000,244000) ops and (19299.0,19702.1) ops/second in (1.036322,12.384498) seconds
2026/05/26-11:10:51  ... thread 2: (12000,259000) ops and (11812.2,19345.6) ops/second in (1.015901,13.388075) seconds
2026/05/26-11:10:51  ... thread 0: (11000,255000) ops and (10850.5,19032.3) ops/second in (1.013780,13.398278) seconds
2026/05/26-11:10:51  ... thread 3: (11000,274000) ops and (10507.9,20441.9) ops/second in (1.046836,13.403846) seconds
2026/05/26-11:10:51  ... thread 1: (12000,271000) ops and (11565.1,20215.7) ops/second in (1.037609,13.405453) seconds
2026/05/26-11:10:52  ... thread 1: (19000,290000) ops and (15855.6,19857.9) ops/second in (1.198315,14.603768) seconds
2026/05/26-11:10:52  ... thread 3: (12000,286000) ops and (9994.9,19583.1) ops/second in (1.200611,14.604457) seconds
2026/05/26-11:10:52  ... thread 0: (13000,268000) ops and (10749.1,18346.5) ops/second in (1.209407,14.607685) seconds
2026/05/26-11:10:52  ... thread 2: (18000,277000) ops and (14303.1,18912.3) ops/second in (1.258471,14.646546) seconds
2026/05/26-11:10:54  ... thread 1: (33000,323000) ops and (22079.3,20064.1) ops/second in (1.494614,16.098382) seconds
2026/05/26-11:10:54  ... thread 0: (32000,300000) ops and (21523.0,18639.9) ops/second in (1.486782,16.094467) seconds
2026/05/26-11:10:54  ... thread 2: (28000,305000) ops and (19136.0,18932.6) ops/second in (1.463210,16.109756) seconds
2026/05/26-11:10:54  ... thread 3: (31000,317000) ops and (20456.5,19665.2) ops/second in (1.515411,16.119868) seconds
2026/05/26-11:10:55  ... thread 1: (30000,353000) ops and (17311.8,19796.6) ops/second in (1.732920,17.831302) seconds
2026/05/26-11:10:55  ... thread 3: (32000,349000) ops and (18556.4,19558.0) ops/second in (1.724475,17.844343) seconds
2026/05/26-11:10:55  ... thread 2: (30000,335000) ops and (17243.4,18768.0) ops/second in (1.739792,17.849548) seconds
2026/05/26-11:10:55  ... thread 0: (34000,334000) ops and (19285.0,18703.6) ops/second in (1.763028,17.857495) seconds
2026/05/26-11:10:57  ... thread 2: (16000,351000) ops and (14780.0,18539.9) ops/second in (1.082545,18.932093) seconds
2026/05/26-11:10:57  ... thread 0: (14000,348000) ops and (13001.7,18379.4) ops/second in (1.076786,18.934281) seconds
2026/05/26-11:10:57  ... thread 1: (16000,369000) ops and (14272.9,19469.9) ops/second in (1.121008,18.952310) seconds
2026/05/26-11:10:57  ... thread 3: (16000,365000) ops and (14283.9,19246.5) ops/second in (1.120141,18.964484) seconds
2026/05/26-11:10:58  ... thread 3: (28000,393000) ops and (18004.2,19152.4) ops/second in (1.555190,20.519674) seconds
2026/05/26-11:10:58  ... thread 1: (34000,403000) ops and (21662.6,19637.6) ops/second in (1.569524,20.521834) seconds
2026/05/26-11:10:58  ... thread 0: (32000,380000) ops and (20159.5,18517.1) ops/second in (1.587338,20.521619) seconds
2026/05/26-11:10:58  ... thread 2: (31000,382000) ops and (19135.4,18586.9) ops/second in (1.620030,20.552123) seconds
2026/05/26-11:10:59  ... thread 3: (32000,425000) ops and (31807.4,19743.8) ops/second in (1.006056,21.525730) seconds
2026/05/26-11:10:59  ... thread 0: (28000,408000) ops and (27785.2,18950.9) ops/second in (1.007731,21.529350) seconds
2026/05/26-11:10:59  ... thread 1: (32000,435000) ops and (31211.7,20188.3) ops/second in (1.025255,21.547089) seconds
2026/05/26-11:10:59  ... thread 2: (35000,417000) ops and (34760.5,19342.3) ops/second in (1.006890,21.559013) seconds
2026/05/26-11:11:01  ... thread 1: (25000,460000) ops and (15956.9,19901.5) ops/second in (1.566717,23.113806) seconds
2026/05/26-11:11:01  ... thread 0: (31000,439000) ops and (19599.5,18995.3) ops/second in (1.581669,23.111019) seconds
2026/05/26-11:11:01  ... thread 3: (31000,456000) ops and (19388.2,19719.2) ops/second in (1.598909,23.124639) seconds
2026/05/26-11:11:01  ... thread 2: (33000,450000) ops and (20992.8,19454.4) ops/second in (1.571970,23.130983) seconds
2026/05/26-11:11:02  ... thread 1: (34000,494000) ops and (20926.0,19968.8) ops/second in (1.624776,24.738582) seconds
2026/05/26-11:11:02  ... thread 0: (29000,468000) ops and (17838.8,18919.3) ops/second in (1.625673,24.736692) seconds
2026/05/26-11:11:02  ... thread 3: (31000,487000) ops and (19029.3,19673.8) ops/second in (1.629066,24.753705) seconds
2026/05/26-11:11:02  ... thread 2: (32000,482000) ops and (19645.6,19467.0) ops/second in (1.628867,24.759850) seconds
2026/05/26-11:11:04  ... thread 1: (36000,530000) ops and (19450.6,19932.7) ops/second in (1.850838,26.589420) seconds
2026/05/26-11:11:04  ... thread 0: (35000,503000) ops and (18896.2,18917.7) ops/second in (1.852223,26.588915) seconds
2026/05/26-11:11:04  ... thread 3: (26000,513000) ops and (14093.5,19286.8) ops/second in (1.844822,26.598527) seconds
2026/05/26-11:11:04  ... thread 2: (27000,509000) ops and (14656.9,19133.9) ops/second in (1.842130,26.601980) seconds
2026/05/26-11:11:05  ... thread 3: (31000,544000) ops and (30932.5,19709.6) ops/second in (1.002183,27.600710) seconds
2026/05/26-11:11:05  ... thread 1: (24000,554000) ops and (23348.7,20059.9) ops/second in (1.027894,27.617314) seconds
2026/05/26-11:11:05  ... thread 0: (31000,534000) ops and (30159.7,19336.1) ops/second in (1.027862,27.616777) seconds
2026/05/26-11:11:05  ... thread 2: (30000,539000) ops and (29197.6,19508.2) ops/second in (1.027483,27.629463) seconds
2026/05/26-11:11:07  ... thread 1: (16000,570000) ops and (12270.0,19708.7) ops/second in (1.303993,28.921307) seconds
2026/05/26-11:11:07  ... thread 3: (13000,557000) ops and (9653.9,19241.9) ops/second in (1.346600,28.947310) seconds
2026/05/26-11:11:07  ... thread 0: (27000,561000) ops and (19629.0,19350.0) ops/second in (1.375516,28.992293) seconds
2026/05/26-11:11:07  ... thread 2: (15000,554000) ops and (7555.1,18706.8) ops/second in (1.985405,29.614868) seconds
2026/05/26-11:11:08  ... thread 1: (3000,573000) ops and (2948.3,19139.0) ops/second in (1.017544,29.938851) seconds
2026/05/26-11:11:08  ... thread 3: (2000,559000) ops and (1896.8,18632.3) ops/second in (1.054399,30.001709) seconds
2026/05/26-11:11:08  ... thread 0: (1000,562000) ops and (988.8,18731.1) ops/second in (1.011281,30.003574) seconds
2026/05/26-11:11:09  ... thread 0: (1000,563000) ops and (884.4,18082.9) ops/second in (1.130745,31.134319) seconds
2026/05/26-11:11:09  ... thread 1: (3000,576000) ops and (2128.3,18374.1) ops/second in (1.409585,31.348436) seconds
2026/05/26-11:11:09  ... thread 3: (3000,562000) ops and (2036.1,17855.4) ops/second in (1.473384,31.475093) seconds
2026/05/26-11:11:10  ... thread 0: (3000,566000) ops and (2443.3,17489.6) ops/second in (1.227851,32.362170) seconds
2026/05/26-11:11:10  ... thread 2: (2000,556000) ops and (722.0,17168.5) ops/second in (2.769999,32.384867) seconds
2026/05/26-11:11:10  ... thread 1: (1000,577000) ops and (728.7,17634.0) ops/second in (1.372397,32.720833) seconds
2026/05/26-11:11:10  ... thread 3: (4000,566000) ops and (3039.1,17260.7) ops/second in (1.316177,32.791270) seconds
2026/05/26-11:11:11  ... thread 0: (2000,568000) ops and (1568.1,16885.9) ops/second in (1.275426,33.637596) seconds
2026/05/26-11:11:11  ... thread 2: (2000,558000) ops and (1378.1,16491.3) ops/second in (1.451242,33.836109) seconds
2026/05/26-11:11:12  ... thread 1: (2000,579000) ops and (1730.1,17091.3) ops/second in (1.156016,33.876849) seconds
2026/05/26-11:11:12  ... thread 3: (2000,568000) ops and (1170.3,16463.6) ops/second in (1.708984,34.500254) seconds
2026/05/26-11:11:13  ... thread 0: (2000,570000) ops and (1610.7,16342.1) ops/second in (1.241684,34.879280) seconds
2026/05/26-11:11:13  ... thread 1: (2000,581000) ops and (1636.7,16553.2) ops/second in (1.222002,35.098851) seconds
2026/05/26-11:11:13  ... thread 2: (3000,561000) ops and (1757.2,15783.5) ops/second in (1.707227,35.543336) seconds
2026/05/26-11:11:13  ... thread 3: (2000,570000) ops and (1839.9,16017.0) ops/second in (1.087026,35.587280) seconds
2026/05/26-11:11:14  ... thread 0: (11000,581000) ops and (10538.4,16173.4) ops/second in (1.043804,35.923084) seconds
2026/05/26-11:11:14  ... thread 1: (16000,597000) ops and (15802.5,16532.2) ops/second in (1.012495,36.111346) seconds
2026/05/26-11:11:14  ... thread 2: (23000,584000) ops and (21765.6,15956.3) ops/second in (1.056714,36.600050) seconds
2026/05/26-11:11:14  ... thread 3: (24000,594000) ops and (23557.3,16226.8) ops/second in (1.018792,36.606072) seconds
2026/05/26-11:11:15  ... thread 0: (29000,610000) ops and (28505.9,16513.1) ops/second in (1.017332,36.940416) seconds
2026/05/26-11:11:15  ... thread 1: (30000,627000) ops and (28912.1,16878.0) ops/second in (1.037628,37.148974) seconds
2026/05/26-11:11:15  ... thread 2: (24000,608000) ops and (23881.6,16168.1) ops/second in (1.004957,37.605007) seconds
2026/05/26-11:11:15  ... thread 3: (26000,620000) ops and (25967.9,16486.2) ops/second in (1.001236,37.607308) seconds
2026/05/26-11:11:16  ... thread 0: (27000,637000) ops and (26581.4,16782.5) ops/second in (1.015746,37.956162) seconds
2026/05/26-11:11:16  ... thread 1: (28000,655000) ops and (19797.8,16985.1) ops/second in (1.414302,38.563276) seconds
2026/05/26-11:11:16  ... thread 2: (17000,625000) ops and (16783.4,16184.2) ops/second in (1.012908,38.617915) seconds
2026/05/26-11:11:16  ... thread 3: (18000,638000) ops and (17659.5,16517.1) ops/second in (1.019279,38.626587) seconds
2026/05/26-11:11:17  ... thread 0: (16000,653000) ops and (15561.1,16750.3) ops/second in (1.028205,38.984367) seconds
2026/05/26-11:11:17  ... thread 1: (29000,684000) ops and (28641.2,17283.3) ops/second in (1.012529,39.575805) seconds
2026/05/26-11:11:17  ... thread 2: (25000,650000) ops and (24793.4,16403.3) ops/second in (1.008333,39.626248) seconds
2026/05/26-11:11:17  ... thread 3: (31000,669000) ops and (30474.3,16875.3) ops/second in (1.017250,39.643837) seconds
2026/05/26-11:11:18  ... thread 0: (26000,679000) ops and (25860.3,16979.3) ops/second in (1.005404,39.989771) seconds
2026/05/26-11:11:18  ... thread 1: (27000,711000) ops and (26956.5,17522.1) ops/second in (1.001612,40.577417) seconds
2026/05/26-11:11:18  ... thread 2: (24000,674000) ops and (23177.1,16575.8) ops/second in (1.035503,40.661751) seconds
2026/05/26-11:11:18  ... thread 3: (29000,698000) ops and (28377.5,17164.3) ops/second in (1.021935,40.665772) seconds
2026/05/26-11:11:19  ... thread 0: (26000,705000) ops and (22150.4,17126.8) ops/second in (1.173793,41.163564) seconds
2026/05/26-11:11:19  ... thread 2: (5000,679000) ops and (4376.3,16242.4) ops/second in (1.142516,41.804267) seconds
2026/05/26-11:11:20  ... thread 3: (5000,703000) ops and (3055.5,16618.5) ops/second in (1.636420,42.302192) seconds
2026/05/26-11:11:20  ... thread 1: (8000,719000) ops and (4487.5,16973.5) ops/second in (1.782734,42.360151) seconds
2026/05/26-11:11:20  ... thread 0: (3000,708000) ops and (2201.6,16648.5) ops/second in (1.362667,42.526231) seconds
2026/05/26-11:11:21  ... thread 2: (2000,681000) ops and (1552.0,15803.0) ops/second in (1.288688,43.092955) seconds
2026/05/26-11:11:21  ... thread 3: (2000,705000) ops and (1859.4,16252.6) ops/second in (1.075595,43.377787) seconds
2026/05/26-11:11:21  ... thread 1: (2000,721000) ops and (1713.6,16564.3) ops/second in (1.167142,43.527293) seconds
2026/05/26-11:11:22  ... thread 0: (2000,710000) ops and (1196.9,16064.4) ops/second in (1.670925,44.197156) seconds
2026/05/26-11:11:22  ... thread 2: (3000,684000) ops and (2029.2,15346.2) ops/second in (1.478411,44.571366) seconds
2026/05/26-11:11:22  ... thread 1: (2000,723000) ops and (1684.6,16169.2) ops/second in (1.187253,44.714546) seconds
2026/05/26-11:11:22  ... thread 3: (2000,707000) ops and (1435.0,15791.3) ops/second in (1.393774,44.771561) seconds
2026/05/26-11:11:23  ... thread 0: (2000,712000) ops and (1701.7,15692.3) ops/second in (1.175277,45.372433) seconds
2026/05/26-11:11:23  ... thread 2: (2000,686000) ops and (1777.3,15012.0) ops/second in (1.125273,45.696639) seconds
2026/05/26-11:11:24  ... thread 3: (2000,709000) ops and (1659.3,15420.8) ops/second in (1.205329,45.976890) seconds
2026/05/26-11:11:24  ... thread 1: (1000,724000) ops and (625.6,15632.8) ops/second in (1.598414,46.312960) seconds
2026/05/26-11:11:24  ... thread 0: (2000,714000) ops and (1970.3,15392.1) ops/second in (1.015091,46.387524) seconds
2026/05/26-11:11:25  ... thread 3: (2000,711000) ops and (1445.0,15012.4) ops/second in (1.384067,47.360957) seconds
2026/05/26-11:11:25  ... thread 0: (2000,716000) ops and (1925.9,15097.2) ops/second in (1.038453,47.425977) seconds
2026/05/26-11:11:25  ... thread 1: (3000,727000) ops and (2021.7,15210.2) ops/second in (1.483931,47.796891) seconds
2026/05/26-11:11:26  ... thread 2: (3000,689000) ops and (1264.2,14333.4) ops/second in (2.372951,48.069590) seconds
2026/05/26-11:11:26  ... thread 0: (3000,719000) ops and (2966.0,14843.9) ops/second in (1.011457,48.437434) seconds
2026/05/26-11:11:27  ... thread 1: (2000,729000) ops and (1799.8,14905.5) ops/second in (1.111252,48.908143) seconds
2026/05/26-11:11:27  ... thread 2: (2000,691000) ops and (1702.6,14032.1) ops/second in (1.174657,49.244247) seconds
2026/05/26-11:11:27  ... thread 0: (3000,722000) ops and (2757.9,14578.4) ops/second in (1.087766,49.525200) seconds
2026/05/26-11:11:27  ... thread 3: (1000,712000) ops and (414.2,14304.2) ops/second in (2.414494,49.775451) seconds
2026/05/26-11:11:28  ... thread 1: (2000,731000) ops and (1384.3,14517.5) ops/second in (1.444774,50.352917) seconds
2026/05/26-11:11:28  ... thread 3: (3000,715000) ops and (2961.8,14078.0) ops/second in (1.012887,50.788338) seconds
2026/05/26-11:11:28  ... thread 0: (2000,724000) ops and (1552.2,14248.1) ops/second in (1.288457,50.813657) seconds
2026/05/26-11:11:28  ... thread 2: (2000,693000) ops and (1251.4,13630.3) ops/second in (1.598220,50.842467) seconds
2026/05/26-11:11:30  ... thread 2: (1000,694000) ops and (858.9,13344.4) ops/second in (1.164225,52.006692) seconds
2026/05/26-11:11:30  ... thread 1: (2000,733000) ops and (1138.0,14066.3) ops/second in (1.757524,52.110441) seconds
2026/05/26-11:11:30  ... thread 3: (1000,716000) ops and (745.1,13734.8) ops/second in (1.342050,52.130388) seconds
2026/05/26-11:11:30  ... thread 0: (2000,726000) ops and (1394.5,13895.3) ops/second in (1.434237,52.247894) seconds
2026/05/26-11:11:31  ... thread 1: (1000,734000) ops and (825.9,13765.6) ops/second in (1.210831,53.321272) seconds
2026/05/26-11:11:31  ... thread 2: (2000,696000) ops and (1252.5,12984.2) ops/second in (1.596828,53.603520) seconds
2026/05/26-11:11:31  ... thread 3: (2000,718000) ops and (1238.4,13359.3) ops/second in (1.614936,53.745324) seconds
2026/05/26-11:11:32  ... thread 0: (1000,727000) ops and (469.4,13369.3) ops/second in (2.130273,54.378167) seconds
2026/05/26-11:11:32  ... thread 3: (1000,719000) ops and (970.0,13126.1) ops/second in (1.030938,54.776262) seconds
2026/05/26-11:11:33  ... thread 1: (1000,735000) ops and (558.0,13336.2) ops/second in (1.792074,55.113346) seconds
2026/05/26-11:11:33  ... thread 0: (2000,729000) ops and (1621.0,13108.7) ops/second in (1.233785,55.611952) seconds
2026/05/26-11:11:33  ... thread 2: (3000,699000) ops and (1432.1,12549.7) ops/second in (2.094819,55.698339) seconds
2026/05/26-11:11:34  ... thread 3: (1000,720000) ops and (884.9,12878.7) ops/second in (1.130041,55.906303) seconds
2026/05/26-11:11:34  ... thread 0: (1000,730000) ops and (977.8,12889.6) ops/second in (1.022654,56.634606) seconds
2026/05/26-11:11:35  ... thread 2: (2000,701000) ops and (1607.9,12310.7) ops/second in (1.243897,56.942236) seconds
2026/05/26-11:11:35  ... thread 1: (2000,737000) ops and (1089.1,12941.2) ops/second in (1.836372,56.949718) seconds
2026/05/26-11:11:35  ... thread 3: (1000,721000) ops and (673.6,12563.0) ops/second in (1.484643,57.390946) seconds
2026/05/26-11:11:36  ... thread 0: (2000,732000) ops and (1532.9,12633.9) ops/second in (1.304728,57.939334) seconds
2026/05/26-11:11:36  ... thread 2: (1000,702000) ops and (634.2,11996.1) ops/second in (1.576675,58.518911) seconds
2026/05/26-11:11:36  ... thread 1: (1000,738000) ops and (563.5,12567.2) ops/second in (1.774721,58.724439) seconds
2026/05/26-11:11:37  ... thread 3: (1000,722000) ops and (646.4,12250.2) ops/second in (1.546925,58.937871) seconds
2026/05/26-11:11:37  ... thread 0: (3000,735000) ops and (1854.4,12341.1) ops/second in (1.617741,59.557075) seconds
2026/05/26-11:11:38  ... thread 2: (2000,704000) ops and (1279.1,11717.2) ops/second in (1.563642,60.082553) seconds
2026/05/26-11:11:38  ... thread 1: (1000,739000) ops and (538.7,12198.6) ops/second in (1.856251,60.580690) seconds
2026/05/26-11:11:39  ... thread 3: (2000,724000) ops and (859.3,11817.4) ops/second in (2.327467,61.265338) seconds
2026/05/26-11:11:39  ... thread 2: (2000,706000) ops and (1407.1,11478.9) ops/second in (1.421406,61.503959) seconds
2026/05/26-11:11:39  ... thread 1: (2000,741000) ops and (1761.3,12006.6) ops/second in (1.135519,61.716209) seconds
2026/05/26-11:11:39  ... thread 0: (2000,737000) ops and (892.2,11925.8) ops/second in (2.241696,61.798771) seconds
2026/05/26-11:11:40  ... thread 3: (22000,746000) ops and (16946.6,11923.9) ops/second in (1.298195,62.563533) seconds
2026/05/26-11:11:40  ... thread 2: (20000,726000) ops and (18048.1,11595.2) ops/second in (1.108148,62.612107) seconds
2026/05/26-11:11:40  ... thread 1: (21000,762000) ops and (20355.4,12143.8) ops/second in (1.031666,62.747875) seconds
2026/05/26-11:11:40  ... thread 0: (28000,765000) ops and (27723.6,12179.8) ops/second in (1.009971,62.808742) seconds
2026/05/26-11:11:42  ... thread 0: (26000,791000) ops and (18903.6,12323.9) ops/second in (1.375397,64.184139) seconds
2026/05/26-11:11:42  ... thread 1: (21000,783000) ops and (14432.1,12195.7) ops/second in (1.455089,64.202964) seconds
2026/05/26-11:11:42  ... thread 2: (32000,758000) ops and (20041.0,11805.2) ops/second in (1.596729,64.208836) seconds
2026/05/26-11:11:42  ... thread 3: (36000,782000) ops and (21794.4,12177.8) ops/second in (1.651801,64.215334) seconds
2026/05/26-11:11:43  ... thread 0: (35000,826000) ops and (34838.5,12670.9) ops/second in (1.004637,65.188776) seconds
2026/05/26-11:11:43  ... thread 3: (35000,817000) ops and (34828.2,12526.8) ops/second in (1.004934,65.220268) seconds
2026/05/26-11:11:43  ... thread 2: (34000,792000) ops and (33551.1,12143.1) ops/second in (1.013380,65.222216) seconds
2026/05/26-11:11:43  ... thread 1: (35000,818000) ops and (34067.7,12540.2) ops/second in (1.027365,65.230329) seconds
2026/05/26-11:11:44  ... thread 0: (29000,855000) ops and (28447.6,12913.8) ops/second in (1.019417,66.208193) seconds
2026/05/26-11:11:44  ... thread 2: (29000,821000) ops and (28846.9,12396.7) ops/second in (1.005306,66.227522) seconds
2026/05/26-11:11:44  ... thread 3: (26000,843000) ops and (25725.7,12728.2) ops/second in (1.010663,66.230931) seconds
2026/05/26-11:11:44  ... thread 1: (30000,848000) ops and (29695.1,12801.8) ops/second in (1.010269,66.240598) seconds
2026/05/26-11:11:45  ... thread 0: (29000,884000) ops and (28414.9,13149.1) ops/second in (1.020590,67.228783) seconds
2026/05/26-11:11:45  ... thread 3: (36000,879000) ops and (35539.6,13071.8) ops/second in (1.012955,67.243886) seconds
2026/05/26-11:11:45  ... thread 2: (31000,852000) ops and (30156.3,12668.1) ops/second in (1.027977,67.255499) seconds
2026/05/26-11:11:45  ... thread 1: (27000,875000) ops and (26353.5,13008.2) ops/second in (1.024533,67.265131) seconds
2026/05/26-11:11:46  ... thread 0: (19000,903000) ops and (17774.2,13221.5) ops/second in (1.068967,68.297750) seconds
2026/05/26-11:11:46  ... thread 3: (16000,895000) ops and (11454.0,13038.9) ops/second in (1.396891,68.640777) seconds
2026/05/26-11:11:46  ... thread 1: (14000,889000) ops and (9827.0,12942.2) ops/second in (1.424653,68.689784) seconds
2026/05/26-11:11:46  ... thread 2: (13000,865000) ops and (8976.2,12590.3) ops/second in (1.448274,68.703773) seconds
2026/05/26-11:11:48  ... thread 2: (1000,866000) ops and (715.1,12353.4) ops/second in (1.398360,70.102133) seconds
2026/05/26-11:11:48  ... thread 3: (1000,896000) ops and (662.4,12772.5) ops/second in (1.509742,70.150519) seconds
2026/05/26-11:11:48  ... thread 1: (3000,892000) ops and (1966.3,12703.8) ops/second in (1.525695,70.215479) seconds
2026/05/26-11:11:48  ... thread 0: (2000,905000) ops and (979.0,12866.0) ops/second in (2.042942,70.340692) seconds
2026/05/26-11:11:49  ... thread 3: (1000,897000) ops and (983.2,12604.0) ops/second in (1.017136,71.167655) seconds
2026/05/26-11:11:49  ... thread 2: (1000,867000) ops and (864.5,12166.9) ops/second in (1.156753,71.258886) seconds
2026/05/26-11:11:49  ... thread 1: (2000,894000) ops and (1510.7,12496.6) ops/second in (1.323858,71.539337) seconds
2026/05/26-11:11:50  ... thread 0: (2000,907000) ops and (1130.0,12577.9) ops/second in (1.769982,72.110674) seconds
2026/05/26-11:11:50  ... thread 3: (1000,898000) ops and (997.6,12442.8) ops/second in (1.002385,72.170040) seconds
2026/05/26-11:11:51  ... thread 2: (2000,869000) ops and (1170.7,11909.5) ops/second in (1.708359,72.967245) seconds
2026/05/26-11:11:51  ... thread 1: (2000,896000) ops and (1272.5,12255.3) ops/second in (1.571691,73.111028) seconds
2026/05/26-11:11:51  ... thread 3: (1000,899000) ops and (993.3,12285.3) ops/second in (1.006738,73.176778) seconds
2026/05/26-11:11:51  ... thread 0: (2000,909000) ops and (1481.5,12374.0) ops/second in (1.349978,73.460652) seconds
2026/05/26-11:11:52  ... thread 2: (1000,870000) ops and (871.8,11738.6) ops/second in (1.147081,74.114326) seconds
2026/05/26-11:11:52  ... thread 1: (1000,897000) ops and (771.8,12055.4) ops/second in (1.295678,74.406706) seconds
2026/05/26-11:11:53  ... thread 3: (2000,901000) ops and (1064.7,12004.5) ops/second in (1.878514,75.055292) seconds
2026/05/26-11:11:53  ... thread 0: (2000,911000) ops and (1187.9,12123.3) ops/second in (1.683620,75.144272) seconds
2026/05/26-11:11:54  ... thread 1: (2000,899000) ops and (1237.7,11825.4) ops/second in (1.615913,76.022619) seconds
2026/05/26-11:11:54  ... thread 2: (2000,872000) ops and (987.2,11452.5) ops/second in (2.025935,76.140261) seconds
2026/05/26-11:11:54  ... thread 0: (2000,913000) ops and (1585.2,11949.3) ops/second in (1.261687,76.405959) seconds
2026/05/26-11:11:54  ... thread 3: (2000,903000) ops and (1361.5,11800.2) ops/second in (1.468964,76.524256) seconds
2026/05/26-11:11:55  ... thread 2: (2000,874000) ops and (1858.1,11318.8) ops/second in (1.076385,77.216646) seconds
2026/05/26-11:11:55  ... thread 1: (2000,901000) ops and (1385.2,11630.8) ops/second in (1.443809,77.466428) seconds
2026/05/26-11:11:56  ... thread 0: (1000,914000) ops and (656.9,11728.7) ops/second in (1.522303,77.928262) seconds
2026/05/26-11:11:56  ... thread 3: (1000,904000) ops and (675.9,11589.2) ops/second in (1.479603,78.003859) seconds
2026/05/26-11:11:56  ... thread 2: (1000,875000) ops and (744.4,11138.0) ops/second in (1.343312,78.559958) seconds
2026/05/26-11:11:57  ... thread 1: (3000,904000) ops and (1953.8,11442.8) ops/second in (1.535443,79.001871) seconds
2026/05/26-11:11:57  ... thread 3: (2000,906000) ops and (1499.7,11419.6) ops/second in (1.333564,79.337423) seconds
2026/05/26-11:11:57  ... thread 0: (1000,915000) ops and (578.3,11486.7) ops/second in (1.729100,79.657362) seconds
2026/05/26-11:11:58  ... thread 2: (1000,876000) ops and (715.1,10955.7) ops/second in (1.398465,79.958423) seconds
2026/05/26-11:11:58  ... thread 1: (2000,906000) ops and (1727.5,11302.4) ops/second in (1.157761,80.159632) seconds
2026/05/26-11:11:58  ... thread 3: (1000,907000) ops and (949.2,11282.4) ops/second in (1.053541,80.390964) seconds
2026/05/26-11:11:59  ... thread 2: (1000,877000) ops and (942.8,10824.6) ops/second in (1.060658,81.019081) seconds
2026/05/26-11:11:59  ... thread 0: (2000,917000) ops and (1426.3,11312.7) ops/second in (1.402273,81.059635) seconds
2026/05/26-11:11:59  ... thread 1: (1000,907000) ops and (609.9,11088.1) ops/second in (1.639643,81.799275) seconds
2026/05/26-11:12:00  ... thread 0: (1000,918000) ops and (773.7,11147.3) ops/second in (1.292413,82.352048) seconds
2026/05/26-11:12:00  ... thread 2: (2000,879000) ops and (1248.5,10638.9) ops/second in (1.601897,82.620978) seconds
2026/05/26-11:12:01  ... thread 3: (2000,909000) ops and (723.4,10931.3) ops/second in (2.764601,83.155565) seconds
2026/05/26-11:12:01  ... thread 1: (1000,908000) ops and (601.7,10879.3) ops/second in (1.661897,83.461172) seconds
2026/05/26-11:12:02  ... thread 1: (1000,909000) ops and (720.9,10713.2) ops/second in (1.387214,84.848386) seconds
2026/05/26-11:12:03  ... thread 0: (2000,920000) ops and (742.1,10817.5) ops/second in (2.695075,85.047123) seconds
2026/05/26-11:12:03  ... thread 3: (2000,911000) ops and (913.7,10674.4) ops/second in (2.188836,85.344401) seconds
2026/05/26-11:12:04  ... thread 1: (1000,910000) ops and (971.2,10596.4) ops/second in (1.029646,85.878032) seconds
2026/05/26-11:12:04  ... thread 2: (2000,881000) ops and (602.3,10251.1) ops/second in (3.320773,85.941751) seconds
2026/05/26-11:12:04  ... thread 0: (1000,921000) ops and (646.9,10636.0) ops/second in (1.545902,86.593025) seconds
2026/05/26-11:12:05  ... thread 2: (1000,882000) ops and (838.1,10122.2) ops/second in (1.193206,87.134957) seconds
2026/05/26-11:12:05  ... thread 1: (1000,911000) ops and (680.2,10429.5) ops/second in (1.470099,87.348131) seconds
2026/05/26-11:12:05  ... thread 3: (2000,913000) ops and (922.0,10432.7) ops/second in (2.169094,87.513495) seconds
2026/05/26-11:12:05  ... thread 0: (1000,922000) ops and (877.1,10509.1) ops/second in (1.140106,87.733131) seconds
2026/05/26-11:12:06  ... thread 2: (1000,883000) ops and (659.0,9960.3) ops/second in (1.517390,88.652347) seconds
2026/05/26-11:12:06  ... thread 3: (1000,914000) ops and (768.2,10291.0) ops/second in (1.301734,88.815229) seconds
2026/05/26-11:12:07  ... thread 1: (1000,912000) ops and (570.1,10235.4) ops/second in (1.754032,89.102163) seconds
2026/05/26-11:12:08  ... thread 0: (1000,923000) ops and (456.7,10264.4) ops/second in (2.189400,89.922531) seconds
2026/05/26-11:12:08  ... thread 2: (1000,884000) ops and (672.0,9806.9) ops/second in (1.488113,90.140460) seconds
2026/05/26-11:12:08  ... thread 3: (2000,916000) ops and (1398.8,10150.1) ops/second in (1.429818,90.245047) seconds
2026/05/26-11:12:08  ... thread 1: (1000,913000) ops and (719.3,10089.3) ops/second in (1.390163,90.492326) seconds
2026/05/26-11:12:09  ... thread 3: (1000,917000) ops and (893.3,10036.7) ops/second in (1.119405,91.364452) seconds
2026/05/26-11:12:09  ... thread 0: (1000,924000) ops and (523.9,10061.9) ops/second in (1.908828,91.831359) seconds
2026/05/26-11:12:10  ... thread 2: (2000,886000) ops and (1056.7,9627.0) ops/second in (1.892766,92.033226) seconds
2026/05/26-11:12:10  ... thread 1: (1000,914000) ops and (428.2,9846.2) ops/second in (2.335597,92.827923) seconds
2026/05/26-11:12:10  ... thread 0: (1000,925000) ops and (972.6,9961.3) ops/second in (1.028143,92.859502) seconds
2026/05/26-11:12:11  ... thread 3: (1000,918000) ops and (637.0,9877.9) ops/second in (1.569903,92.934355) seconds
2026/05/26-11:12:11  ... thread 2: (1000,887000) ops and (644.2,9478.0) ops/second in (1.552395,93.585621) seconds
2026/05/26-11:12:12  ... thread 1: (1000,915000) ops and (882.6,9738.1) ops/second in (1.133033,93.960956) seconds
2026/05/26-11:12:12  ... thread 3: (1000,919000) ops and (878.0,9769.0) ops/second in (1.139003,94.073358) seconds
2026/05/26-11:12:12  ... thread 0: (1000,926000) ops and (824.4,9843.5) ops/second in (1.212961,94.072463) seconds
2026/05/26-11:12:12  ... thread 2: (16000,903000) ops and (15741.3,9545.2) ops/second in (1.016435,94.602056) seconds
2026/05/26-11:12:13  ... thread 1: (26000,941000) ops and (25486.1,9907.2) ops/second in (1.020164,94.981120) seconds
2026/05/26-11:12:13  ... thread 0: (29000,955000) ops and (28833.9,10044.4) ops/second in (1.005761,95.078224) seconds
2026/05/26-11:12:13  ... thread 3: (30000,949000) ops and (29516.1,9980.0) ops/second in (1.016396,95.089754) seconds
2026/05/26-11:12:13  ... thread 2: (26000,929000) ops and (25154.9,9714.0) ops/second in (1.033595,95.635651) seconds
2026/05/26-11:12:14  ... thread 3: (24000,973000) ops and (15955.6,10073.1) ops/second in (1.504177,96.593931) seconds
2026/05/26-11:12:14  ... thread 1: (25000,966000) ops and (15480.9,10000.4) ops/second in (1.614897,96.596017) seconds
2026/05/26-11:12:14  ... thread 0: (25000,980000) ops and (16419.7,10144.8) ops/second in (1.522559,96.600783) seconds
2026/05/26-11:12:14  ... thread 2: (12000,941000) ops and (11573.8,9733.9) ops/second in (1.036829,96.672480) seconds
2026/05/26-11:12:15  ... thread 0: (30000,1010000) ops and (29875.9,10347.8) ops/second in (1.004155,97.604938) seconds
2026/05/26-11:12:15  ... thread 1: (28000,994000) ops and (27610.0,10183.4) ops/second in (1.014125,97.610142) seconds
2026/05/26-11:12:15  ... thread 3: (30000,1003000) ops and (29506.8,10275.5) ops/second in (1.016714,97.610645) seconds
2026/05/26-11:12:15  ... thread 2: (29000,970000) ops and (25853.5,9918.8) ops/second in (1.121706,97.794186) seconds
2026/05/26-11:12:16  ... thread 1: (28000,1022000) ops and (27927.8,10363.8) ops/second in (1.002585,98.612727) seconds
2026/05/26-11:12:16  ... thread 3: (27000,1030000) ops and (26895.7,10444.7) ops/second in (1.003877,98.614522) seconds
2026/05/26-11:12:16  ... thread 0: (31000,1041000) ops and (30347.7,10555.0) ops/second in (1.021493,98.626431) seconds
2026/05/26-11:12:16  ... thread 2: (29000,999000) ops and (27047.6,10104.5) ops/second in (1.072184,98.866370) seconds
2026/05/26-11:12:18  ... thread 3: (23000,1053000) ops and (13798.4,10500.5) ops/second in (1.666863,100.281385) seconds
2026/05/26-11:12:18  ... thread 0: (21000,1062000) ops and (12119.3,10582.0) ops/second in (1.732767,100.359198) seconds
2026/05/26-11:12:18  ... thread 2: (17000,1016000) ops and (11081.0,10119.5) ops/second in (1.534153,100.400523) seconds
2026/05/26-11:12:18  ... thread 1: (20000,1042000) ops and (10262.3,10361.8) ops/second in (1.948889,100.561616) seconds
2026/05/26-11:12:19  ... thread 3: (1000,1054000) ops and (943.9,10400.5) ops/second in (1.059463,101.340848) seconds
2026/05/26-11:12:19  ... thread 2: (1000,1017000) ops and (814.2,10007.0) ops/second in (1.228148,101.628671) seconds
2026/05/26-11:12:20  ... thread 1: (1000,1043000) ops and (612.2,10206.0) ops/second in (1.633479,102.195095) seconds
2026/05/26-11:12:20  ... thread 0: (2000,1064000) ops and (901.4,10372.6) ops/second in (2.218786,102.577984) seconds
2026/05/26-11:12:21  ... thread 3: (1000,1055000) ops and (619.7,10247.2) ops/second in (1.613753,102.954601) seconds
2026/05/26-11:12:21  ... thread 2: (1000,1018000) ops and (637.2,9864.5) ops/second in (1.569473,103.198144) seconds
2026/05/26-11:12:21  ... thread 1: (2000,1045000) ops and (1208.5,10062.6) ops/second in (1.654968,103.850063) seconds
2026/05/26-11:12:22  ... thread 3: (1000,1056000) ops and (712.6,10119.0) ops/second in (1.403258,104.357859) seconds
2026/05/26-11:12:23  ... thread 0: (1000,1065000) ops and (432.8,10153.6) ops/second in (2.310680,104.888664) seconds
2026/05/26-11:12:23  ... thread 1: (2000,1047000) ops and (1316.9,9936.5) ops/second in (1.518700,105.368763) seconds
2026/05/26-11:12:23  ... thread 2: (2000,1020000) ops and (774.0,9642.5) ops/second in (2.583914,105.782058) seconds
2026/05/26-11:12:24  ... thread 0: (1000,1066000) ops and (859.1,10051.6) ops/second in (1.164002,106.052666) seconds
2026/05/26-11:12:24  ... thread 3: (2000,1058000) ops and (923.8,9932.2) ops/second in (2.164885,106.522744) seconds
2026/05/26-11:12:25  ... thread 1: (1000,1048000) ops and (550.4,9777.4) ops/second in (1.816769,107.185532) seconds
2026/05/26-11:12:25  ... thread 0: (1000,1067000) ops and (791.6,9942.6) ops/second in (1.263335,107.316001) seconds
2026/05/26-11:12:26  ... thread 3: (2000,1060000) ops and (1253.4,9804.1) ops/second in (1.595645,108.118389) seconds
2026/05/26-11:12:26  ... thread 2: (2000,1022000) ops and (751.0,9424.1) ops/second in (2.663182,108.445240) seconds
2026/05/26-11:12:26  ... thread 0: (1000,1068000) ops and (855.9,9844.7) ops/second in (1.168319,108.484320) seconds
2026/05/26-11:12:26  ... thread 1: (1000,1049000) ops and (603.3,9637.7) ops/second in (1.657668,108.843200) seconds
2026/05/26-11:12:27  ... thread 3: (1000,1061000) ops and (944.0,9718.1) ops/second in (1.059306,109.177695) seconds
2026/05/26-11:12:27  ... thread 2: (1000,1023000) ops and (955.0,9343.1) ops/second in (1.047175,109.492415) seconds
2026/05/26-11:12:28  ... thread 1: (1000,1050000) ops and (952.3,9554.7) ops/second in (1.050140,109.893340) seconds
2026/05/26-11:12:28  ... thread 0: (1000,1069000) ops and (605.1,9706.1) ops/second in (1.652700,110.137020) seconds
2026/05/26-11:12:28  ... thread 3: (1000,1062000) ops and (716.1,9604.4) ops/second in (1.396539,110.574234) seconds
2026/05/26-11:12:29  ... thread 2: (1000,1024000) ops and (699.7,9231.7) ops/second in (1.429215,110.921630) seconds
2026/05/26-11:12:29  ... thread 1: (1000,1051000) ops and (716.9,9443.9) ops/second in (1.394887,111.288227) seconds
2026/05/26-11:12:30  ... thread 0: (2000,1071000) ops and (1140.9,9571.9) ops/second in (1.753045,111.890065) seconds
2026/05/26-11:12:30  ... thread 2: (1000,1025000) ops and (909.7,9150.1) ops/second in (1.099280,112.020910) seconds
2026/05/26-11:12:30  ... thread 1: (1000,1052000) ops and (687.0,9330.9) ops/second in (1.455506,112.743733) seconds
2026/05/26-11:12:31  ... thread 3: (2000,1064000) ops and (830.6,9417.4) ops/second in (2.408018,112.982252) seconds
2026/05/26-11:12:31  ... thread 2: (1000,1026000) ops and (748.7,9051.1) ops/second in (1.335600,113.356510) seconds
2026/05/26-11:12:32  ... thread 2: (1000,1027000) ops and (908.7,8972.8) ops/second in (1.100424,114.456934) seconds
2026/05/26-11:12:32  ... thread 3: (1000,1065000) ops and (586.7,9286.2) ops/second in (1.704423,114.686675) seconds
2026/05/26-11:12:32  ... thread 1: (2000,1054000) ops and (1006.3,9186.7) ops/second in (1.987533,114.731266) seconds
2026/05/26-11:12:32  ... thread 0: (2000,1073000) ops and (703.1,9352.0) ops/second in (2.844738,114.734803) seconds
2026/05/26-11:12:33  ... thread 2: (1000,1028000) ops and (946.6,8899.4) ops/second in (1.056431,115.513365) seconds
2026/05/26-11:12:33  ... thread 0: (1000,1074000) ops and (973.8,9277.7) ops/second in (1.026897,115.761700) seconds
2026/05/26-11:12:34  ... thread 3: (2000,1067000) ops and (1194.5,9169.7) ops/second in (1.674368,116.361043) seconds
2026/05/26-11:12:34  ... thread 1: (1000,1055000) ops and (565.5,9055.8) ops/second in (1.768273,116.499539) seconds
2026/05/26-11:12:35  ... thread 0: (1000,1075000) ops and (881.0,9196.1) ops/second in (1.135103,116.896803) seconds
2026/05/26-11:12:35  ... thread 2: (1000,1029000) ops and (703.7,8799.8) ops/second in (1.421055,116.934420) seconds
2026/05/26-11:12:35  ... thread 1: (1000,1056000) ops and (885.2,8977.4) ops/second in (1.129681,117.629220) seconds
2026/05/26-11:12:36  ... thread 3: (1000,1068000) ops and (566.5,9041.2) ops/second in (1.765217,118.126260) seconds
2026/05/26-11:12:36  ... thread 2: (2000,1031000) ops and (1157.4,8688.5) ops/second in (1.727957,118.662377) seconds
2026/05/26-11:12:37  ... thread 0: (1000,1076000) ops and (450.1,9033.0) ops/second in (2.221963,119.118766) seconds
2026/05/26-11:12:38  ... thread 1: (2000,1058000) ops and (870.9,8822.1) ops/second in (2.296558,119.925778) seconds
2026/05/26-11:12:38  ... thread 2: (1000,1032000) ops and (569.7,8570.2) ops/second in (1.755244,120.417621) seconds
2026/05/26-11:12:38  ... thread 3: (1000,1069000) ops and (367.9,8846.1) ops/second in (2.717953,120.844213) seconds
2026/05/26-11:12:39  ... thread 1: (1000,1059000) ops and (989.6,8756.7) ops/second in (1.010560,120.936338) seconds
2026/05/26-11:12:39  ... thread 0: (1000,1077000) ops and (480.4,8886.1) ops/second in (2.081716,121.200482) seconds
2026/05/26-11:12:40  ... thread 2: (1000,1033000) ops and (564.3,8454.1) ops/second in (1.772240,122.189861) seconds
2026/05/26-11:12:40  ... thread 1: (1000,1060000) ops and (739.3,8668.0) ops/second in (1.352688,122.289026) seconds
2026/05/26-11:12:41  ... thread 0: (1000,1078000) ops and (404.9,8716.7) ops/second in (2.469902,123.670384) seconds
2026/05/26-11:12:41  ... thread 1: (1000,1061000) ops and (713.4,8577.8) ops/second in (1.401740,123.690766) seconds
2026/05/26-11:12:41  ... thread 3: (1000,1070000) ops and (346.2,8647.7) ops/second in (2.888345,123.732558) seconds
2026/05/26-11:12:42  ... thread 2: (1000,1034000) ops and (551.6,8338.5) ops/second in (1.812799,124.002660) seconds
2026/05/26-11:12:42  ... thread 1: (1000,1062000) ops and (886.6,8508.3) ops/second in (1.127949,124.818715) seconds
2026/05/26-11:12:44  ... thread 2: (2000,1036000) ops and (823.0,8194.1) ops/second in (2.430025,126.432685) seconds
2026/05/26-11:12:44  ... thread 1: (1000,1063000) ops and (565.8,8397.4) ops/second in (1.767339,126.586054) seconds
2026/05/26-11:12:44  ... thread 3: (1000,1071000) ops and (341.3,8455.5) ops/second in (2.929957,126.662515) seconds
2026/05/26-11:12:45  ... thread 0: (1000,1079000) ops and (296.3,8493.0) ops/second in (3.374727,127.045111) seconds
2026/05/26-11:12:46  ... thread 3: (1000,1072000) ops and (758.8,8376.3) ops/second in (1.317799,127.980314) seconds
2026/05/26-11:12:46  ... thread 1: (1000,1064000) ops and (714.9,8313.5) ops/second in (1.398864,127.984918) seconds
2026/05/26-11:12:46  ... thread 2: (1000,1037000) ops and (643.4,8102.4) ops/second in (1.554285,127.986970) seconds
2026/05/26-11:12:46  ... thread 0: (4000,1083000) ops and (3907.2,8456.4) ops/second in (1.023763,128.068874) seconds
2026/05/26-11:12:47  ... thread 1: (29000,1093000) ops and (28958.8,8473.8) ops/second in (1.001423,128.986341) seconds
2026/05/26-11:12:47  ... thread 2: (32000,1069000) ops and (31845.3,8287.3) ops/second in (1.004859,128.991829) seconds
2026/05/26-11:12:47  ... thread 3: (30000,1102000) ops and (28881.0,8541.4) ops/second in (1.038744,129.019058) seconds
2026/05/26-11:12:47  ... thread 0: (33000,1116000) ops and (32849.1,8646.2) ops/second in (1.004593,129.073467) seconds
2026/05/26-11:12:48  ... thread 2: (27000,1096000) ops and (18938.8,8403.8) ops/second in (1.425643,130.417472) seconds
2026/05/26-11:12:48  ... thread 0: (24000,1140000) ops and (17886.0,8741.3) ops/second in (1.341834,130.415301) seconds
2026/05/26-11:12:48  ... thread 3: (24000,1126000) ops and (16907.1,8632.4) ops/second in (1.419524,130.438582) seconds
2026/05/26-11:12:48  ... thread 1: (27000,1120000) ops and (18216.5,8584.4) ops/second in (1.482169,130.468510) seconds
2026/05/26-11:12:49  ... thread 2: (32000,1128000) ops and (31545.9,8582.4) ops/second in (1.014394,131.431866) seconds
2026/05/26-11:12:49  ... thread 0: (29000,1169000) ops and (28585.7,8894.5) ops/second in (1.014495,131.429796) seconds
2026/05/26-11:12:49  ... thread 3: (30000,1156000) ops and (29472.2,8793.8) ops/second in (1.017907,131.456489) seconds
2026/05/26-11:12:49  ... thread 1: (27000,1147000) ops and (22782.3,8712.3) ops/second in (1.185130,131.653640) seconds
2026/05/26-11:12:50  ... thread 2: (18000,1146000) ops and (16470.9,8647.4) ops/second in (1.092839,132.524705) seconds
2026/05/26-11:12:50  ... thread 0: (18000,1187000) ops and (16303.7,8956.2) ops/second in (1.104044,132.533840) seconds
2026/05/26-11:12:50  ... thread 3: (17000,1173000) ops and (15580.0,8849.6) ops/second in (1.091144,132.547633) seconds
2026/05/26-11:12:50  ... thread 1: (20000,1167000) ops and (19821.1,8796.7) ops/second in (1.009026,132.662666) seconds
2026/05/26-11:12:51  ... thread 0: (31000,1218000) ops and (30906.8,9121.1) ops/second in (1.003017,133.536857) seconds
2026/05/26-11:12:51  ... thread 2: (32000,1178000) ops and (31167.7,8820.6) ops/second in (1.026704,133.551409) seconds
2026/05/26-11:12:51  ... thread 3: (29000,1202000) ops and (27975.8,8998.1) ops/second in (1.036610,133.584243) seconds
2026/05/26-11:12:51  ... thread 1: (34000,1201000) ops and (33148.4,8983.6) ops/second in (1.025690,133.688356) seconds
2026/05/26-11:12:52  ... thread 0: (32000,1250000) ops and (31834.9,9290.8) ops/second in (1.005185,134.542042) seconds
2026/05/26-11:12:53  ... thread 2: (32000,1210000) ops and (22399.6,8964.3) ops/second in (1.428600,134.980009) seconds
2026/05/26-11:12:53  ... thread 3: (30000,1232000) ops and (15401.6,9090.1) ops/second in (1.947845,135.532088) seconds
2026/05/26-11:12:54  ... thread 2: (1000,1211000) ops and (683.3,8875.5) ops/second in (1.463384,136.443393) seconds
2026/05/26-11:12:55  ... thread 1: (25000,1226000) ops and (7425.3,8945.3) ops/second in (3.366858,137.055214) seconds
2026/05/26-11:12:56  ... thread 3: (2000,1234000) ops and (782.1,8936.2) ops/second in (2.557372,138.089460) seconds
2026/05/26-11:12:57  ... thread 2: (2000,1213000) ops and (808.9,8731.9) ops/second in (2.472555,138.915948) seconds
2026/05/26-11:12:57  ... thread 1: (2000,1228000) ops and (896.3,8816.4) ops/second in (2.231322,139.286536) seconds
2026/05/26-11:12:58  ... thread 3: (2000,1236000) ops and (959.8,8817.7) ops/second in (2.083812,140.173272) seconds
2026/05/26-11:12:58  ... thread 2: (2000,1215000) ops and (1046.2,8627.6) ops/second in (1.911613,140.827561) seconds
2026/05/26-11:12:59  ... thread 1: (1000,1229000) ops and (471.8,8691.3) ops/second in (2.119371,141.405907) seconds
2026/05/26-11:12:59  ... thread 2: (1000,1216000) ops and (973.8,8572.2) ops/second in (1.026937,141.854498) seconds
2026/05/26-11:13:00  ... thread 3: (2000,1238000) ops and (957.8,8702.3) ops/second in (2.088096,142.261368) seconds
2026/05/26-11:13:01  ... thread 1: (1000,1230000) ops and (657.0,8605.7) ops/second in (1.522183,142.928090) seconds
2026/05/26-11:13:01  ... thread 2: (1000,1217000) ops and (504.0,8460.9) ops/second in (1.984237,143.838735) seconds
2026/05/26-11:13:02  ... thread 3: (2000,1240000) ops and (1138.5,8610.0) ops/second in (1.756660,144.018028) seconds
2026/05/26-11:13:02  ... thread 1: (1000,1231000) ops and (859.1,8543.2) ops/second in (1.163952,144.092042) seconds
2026/05/26-11:13:03  ... thread 1: (1000,1232000) ops and (974.4,8489.6) ops/second in (1.026308,145.118350) seconds
2026/05/26-11:13:03  ... thread 3: (1000,1241000) ops and (759.6,8538.9) ops/second in (1.316524,145.334552) seconds
2026/05/26-11:13:03  ... thread 2: (1000,1218000) ops and (667.3,8380.5) ops/second in (1.498469,145.337204) seconds
2026/05/26-11:13:04  ... thread 2: (1000,1219000) ops and (967.0,8328.1) ops/second in (1.034163,146.371367) seconds
2026/05/26-11:13:04  ... thread 3: (1000,1242000) ops and (692.1,8461.7) ops/second in (1.444858,146.779410) seconds
2026/05/26-11:13:05  ... thread 1: (2000,1234000) ops and (898.2,8374.9) ops/second in (2.226774,147.345124) seconds
2026/05/26-11:13:05  ... thread 2: (1000,1220000) ops and (751.5,8259.9) ops/second in (1.330658,147.702025) seconds
2026/05/26-11:13:07  ... thread 1: (1000,1235000) ops and (631.0,8292.5) ops/second in (1.584826,148.929950) seconds
2026/05/26-11:13:07  ... thread 3: (1000,1243000) ops and (404.7,8328.3) ops/second in (2.470782,149.250192) seconds
2026/05/26-11:13:07  ... thread 2: (2000,1222000) ops and (1077.4,8170.7) ops/second in (1.856317,149.558342) seconds
2026/05/26-11:13:08  ... thread 1: (1000,1236000) ops and (713.6,8221.8) ops/second in (1.401352,150.331302) seconds
2026/05/26-11:13:08  ... thread 3: (1000,1244000) ops and (719.7,8258.1) ops/second in (1.389455,150.639647) seconds
2026/05/26-11:13:10  ... thread 3: (1000,1245000) ops and (781.1,8195.1) ops/second in (1.280245,151.919892) seconds
2026/05/26-11:13:10  ... thread 2: (2000,1224000) ops and (799.0,8049.4) ops/second in (2.503274,152.061616) seconds
2026/05/26-11:13:10  ... thread 1: (2000,1238000) ops and (962.0,8122.8) ops/second in (2.079003,152.410305) seconds
Initializing RocksDB Options from the specified file
Initializing RocksDB Options from command-line flags
Integrated BlobDB: blob cache disabled
Keys:       16 bytes each (+ 0 bytes user-defined timestamp)
Values:     1024 bytes each (512 bytes after compression)
Entries:    1250000
Prefix:    0 bytes
Keys per prefix:    0
RawSize:    1239.8 MB (estimated)
FileSize:   629.4 MB (estimated)
Write rate: 0 bytes/second
Read rate: 0 ops/second
Compression: Snappy
Compression sampling rate: 0
Memtablerep: SkipListFactory
Perf Level: 1
WARNING: Assertions are enabled; benchmarks unnecessarily slow
------------------------------------------------
Initializing RocksDB Options from the specified file
Initializing RocksDB Options from command-line flags
Integrated BlobDB: blob cache disabled
DB path: [/tmp/rocksdb_comp_exp_db]
fillrandom   :     118.454 micros/op 32750 ops/sec 152.669 seconds 5000000 operations;   32.5 MB/s
2026/05/26-11:13:13  ... thread 1: (1000,1000) ops and (318.4,318.4) ops/second in (3.140724,3.140724) seconds
2026/05/26-11:13:13  ... thread 0: (1000,1000) ops and (317.0,317.0) ops/second in (3.154236,3.154236) seconds
2026/05/26-11:13:14  ... thread 2: (1000,1000) ops and (312.1,312.1) ops/second in (3.204613,3.204613) seconds
2026/05/26-11:13:14  ... thread 3: (1000,1000) ops and (311.7,311.7) ops/second in (3.208714,3.208714) seconds
2026/05/26-11:13:15  ... thread 2: (1000,2000) ops and (797.9,448.6) ops/second in (1.253359,4.457972) seconds
2026/05/26-11:13:15  ... thread 1: (1000,2000) ops and (756.8,448.2) ops/second in (1.321341,4.462065) seconds
2026/05/26-11:13:15  ... thread 0: (1000,2000) ops and (759.3,447.3) ops/second in (1.316934,4.471170) seconds
2026/05/26-11:13:15  ... thread 3: (1000,2000) ops and (763.2,442.6) ops/second in (1.310280,4.518994) seconds
2026/05/26-11:13:17  ... thread 1: (1000,3000) ops and (516.0,468.7) ops/second in (1.938002,6.400067) seconds
2026/05/26-11:13:17  ... thread 0: (1000,3000) ops and (516.1,468.1) ops/second in (1.937531,6.408701) seconds
2026/05/26-11:13:17  ... thread 3: (1000,3000) ops and (483.9,455.5) ops/second in (2.066515,6.585509) seconds
2026/05/26-11:13:18  ... thread 2: (2000,4000) ops and (651.4,531.3) ops/second in (3.070135,7.528107) seconds
2026/05/26-11:13:18  ... thread 1: (1000,4000) ops and (840.3,527.0) ops/second in (1.190085,7.590152) seconds
2026/05/26-11:13:18  ... thread 0: (1000,4000) ops and (807.9,523.1) ops/second in (1.237850,7.646551) seconds
2026/05/26-11:13:18  ... thread 3: (1000,4000) ops and (918.6,521.2) ops/second in (1.088641,7.674150) seconds
2026/05/26-11:13:21  ... thread 1: (1000,5000) ops and (332.2,471.7) ops/second in (3.009911,10.600063) seconds
2026/05/26-11:13:21  ... thread 2: (1000,5000) ops and (319.8,469.3) ops/second in (3.126860,10.654967) seconds
2026/05/26-11:13:21  ... thread 0: (1000,5000) ops and (319.5,464.0) ops/second in (3.130230,10.776781) seconds
2026/05/26-11:13:21  ... thread 3: (1000,5000) ops and (307.3,457.5) ops/second in (3.254575,10.928725) seconds
2026/05/26-11:13:24  ... thread 1: (1000,6000) ops and (302.4,431.4) ops/second in (3.306991,13.907054) seconds
2026/05/26-11:13:24  ... thread 2: (1000,6000) ops and (295.4,427.3) ops/second in (3.385639,14.040606) seconds
2026/05/26-11:13:25  ... thread 0: (1000,6000) ops and (291.6,422.3) ops/second in (3.429569,14.206350) seconds
2026/05/26-11:13:25  ... thread 3: (1000,6000) ops and (283.0,414.9) ops/second in (3.533390,14.462115) seconds
2026/05/26-11:13:26  ... thread 1: (1000,7000) ops and (672.6,454.7) ops/second in (1.486838,15.393892) seconds
2026/05/26-11:13:26  ... thread 2: (1000,7000) ops and (716.2,453.5) ops/second in (1.396355,15.436961) seconds
2026/05/26-11:13:26  ... thread 0: (1000,7000) ops and (795.5,452.7) ops/second in (1.257120,15.463470) seconds
2026/05/26-11:13:26  ... thread 3: (1000,7000) ops and (954.4,451.3) ops/second in (1.047744,15.509859) seconds
2026/05/26-11:13:27  ... thread 2: (3000,10000) ops and (2725.1,604.7) ops/second in (1.100864,16.537825) seconds
2026/05/26-11:13:27  ... thread 0: (3000,10000) ops and (2740.6,603.9) ops/second in (1.094666,16.558136) seconds
2026/05/26-11:13:27  ... thread 1: (3000,10000) ops and (2559.0,603.6) ops/second in (1.172327,16.566219) seconds
2026/05/26-11:13:27  ... thread 3: (3000,10000) ops and (2633.8,600.6) ops/second in (1.139037,16.648896) seconds
2026/05/26-11:13:28  ... thread 2: (3000,13000) ops and (2730.4,737.1) ops/second in (1.098723,17.636548) seconds
2026/05/26-11:13:28  ... thread 0: (3000,13000) ops and (2687.0,735.5) ops/second in (1.116474,17.674610) seconds
2026/05/26-11:13:28  ... thread 1: (3000,13000) ops and (2706.0,735.5) ops/second in (1.108635,17.674854) seconds
2026/05/26-11:13:28  ... thread 3: (3000,13000) ops and (2798.2,733.6) ops/second in (1.072109,17.721005) seconds
2026/05/26-11:13:29  ... thread 2: (3000,16000) ops and (2902.2,857.0) ops/second in (1.033699,18.670247) seconds
2026/05/26-11:13:29  ... thread 1: (3000,16000) ops and (2967.4,856.3) ops/second in (1.010977,18.685831) seconds
2026/05/26-11:13:29  ... thread 0: (3000,16000) ops and (2858.7,854.5) ops/second in (1.049446,18.724056) seconds
2026/05/26-11:13:29  ... thread 3: (3000,16000) ops and (2918.8,853.4) ops/second in (1.027810,18.748815) seconds
2026/05/26-11:13:30  ... thread 2: (3000,19000) ops and (2952.9,965.1) ops/second in (1.015953,19.686200) seconds
2026/05/26-11:13:30  ... thread 1: (3000,19000) ops and (2914.2,963.7) ops/second in (1.029427,19.715258) seconds
2026/05/26-11:13:30  ... thread 3: (3000,19000) ops and (2904.1,960.5) ops/second in (1.033033,19.781848) seconds
2026/05/26-11:13:30  ... thread 0: (4000,20000) ops and (3224.6,1001.8) ops/second in (1.240451,19.964507) seconds
2026/05/26-11:13:31  ... thread 2: (4000,23000) ops and (3253.6,1099.7) ops/second in (1.229404,20.915604) seconds
2026/05/26-11:13:31  ... thread 1: (4000,23000) ops and (3325.8,1099.5) ops/second in (1.202709,20.917967) seconds
2026/05/26-11:13:31  ... thread 3: (4000,23000) ops and (3330.1,1096.1) ops/second in (1.201154,20.983002) seconds
2026/05/26-11:13:31  ... thread 0: (4000,24000) ops and (3243.7,1132.2) ops/second in (1.233150,21.197657) seconds
2026/05/26-11:13:32  ... thread 1: (4000,27000) ops and (3559.8,1225.0) ops/second in (1.123646,22.041613) seconds
2026/05/26-11:13:32  ... thread 2: (4000,27000) ops and (3339.9,1221.0) ops/second in (1.197636,22.113240) seconds
2026/05/26-11:13:32  ... thread 3: (4000,27000) ops and (3469.4,1219.7) ops/second in (1.152953,22.135955) seconds
2026/05/26-11:13:33  ... thread 0: (4000,28000) ops and (3493.9,1253.2) ops/second in (1.144861,22.342518) seconds
2026/05/26-11:13:33  ... thread 1: (4000,31000) ops and (3560.8,1338.2) ops/second in (1.123352,23.164965) seconds
2026/05/26-11:13:34  ... thread 3: (4000,31000) ops and (3665.9,1334.6) ops/second in (1.091126,23.227081) seconds
2026/05/26-11:13:34  ... thread 2: (4000,31000) ops and (3522.2,1333.4) ops/second in (1.135656,23.248896) seconds
2026/05/26-11:13:34  ... thread 0: (4000,32000) ops and (3720.3,1366.5) ops/second in (1.075194,23.417712) seconds
2026/05/26-11:13:35  ... thread 1: (5000,36000) ops and (4202.5,1478.2) ops/second in (1.189755,24.354720) seconds
2026/05/26-11:13:35  ... thread 3: (5000,36000) ops and (4168.0,1473.8) ops/second in (1.199611,24.426692) seconds
2026/05/26-11:13:35  ... thread 2: (5000,36000) ops and (4228.9,1473.5) ops/second in (1.182330,24.431226) seconds
2026/05/26-11:13:35  ... thread 0: (5000,37000) ops and (4270.5,1504.8) ops/second in (1.170824,24.588536) seconds
2026/05/26-11:13:36  ... thread 1: (5000,41000) ops and (4419.4,1608.7) ops/second in (1.131387,25.486107) seconds
2026/05/26-11:13:36  ... thread 3: (5000,41000) ops and (4514.2,1605.7) ops/second in (1.107615,25.534307) seconds
2026/05/26-11:13:36  ... thread 2: (5000,41000) ops and (4508.5,1605.3) ops/second in (1.109027,25.540253) seconds
2026/05/26-11:13:36  ... thread 0: (5000,42000) ops and (4608.8,1635.9) ops/second in (1.084873,25.673409) seconds
2026/05/26-11:13:37  ... thread 1: (5000,46000) ops and (4977.1,1736.5) ops/second in (1.004599,26.490706) seconds
2026/05/26-11:13:37  ... thread 2: (6000,47000) ops and (5366.5,1763.1) ops/second in (1.118043,26.658296) seconds
2026/05/26-11:13:37  ... thread 0: (5000,47000) ops and (4853.7,1760.1) ops/second in (1.030143,26.703552) seconds
2026/05/26-11:13:37  ... thread 3: (6000,47000) ops and (5091.9,1759.5) ops/second in (1.178331,26.712638) seconds
2026/05/26-11:13:38  ... thread 1: (6000,52000) ops and (5589.4,1886.5) ops/second in (1.073461,27.564167) seconds
2026/05/26-11:13:38  ... thread 2: (6000,53000) ops and (5579.1,1911.0) ops/second in (1.075445,27.733741) seconds
2026/05/26-11:13:38  ... thread 0: (6000,53000) ops and (5692.9,1909.4) ops/second in (1.053947,27.757499) seconds
2026/05/26-11:13:38  ... thread 3: (6000,53000) ops and (5566.3,1907.1) ops/second in (1.077918,27.790556) seconds
2026/05/26-11:13:39  ... thread 1: (7000,59000) ops and (6313.6,2057.7) ops/second in (1.108720,28.672887) seconds
2026/05/26-11:13:39  ... thread 2: (7000,60000) ops and (6072.0,2077.1) ops/second in (1.152826,28.886567) seconds
2026/05/26-11:13:39  ... thread 0: (7000,60000) ops and (6195.3,2077.0) ops/second in (1.129883,28.887382) seconds
2026/05/26-11:13:39  ... thread 3: (7000,60000) ops and (6034.0,2072.5) ops/second in (1.160102,28.950658) seconds
2026/05/26-11:13:40  ... thread 1: (8000,67000) ops and (7058.8,2247.9) ops/second in (1.133343,29.806230) seconds
2026/05/26-11:13:40  ... thread 0: (8000,68000) ops and (7377.2,2268.8) ops/second in (1.084428,29.971810) seconds
2026/05/26-11:13:40  ... thread 2: (8000,68000) ops and (7346.0,2268.5) ops/second in (1.089025,29.975592) seconds
2026/05/26-11:13:40  ... thread 3: (8000,68000) ops and (7477.0,2265.1) ops/second in (1.069943,30.020601) seconds
2026/05/26-11:13:41  ... thread 1: (9000,76000) ops and (8382.7,2461.2) ops/second in (1.073643,30.879873) seconds
2026/05/26-11:13:41  ... thread 0: (9000,77000) ops and (8540.1,2481.8) ops/second in (1.053853,31.025663) seconds
2026/05/26-11:13:41  ... thread 2: (9000,77000) ops and (8367.1,2479.8) ops/second in (1.075645,31.051237) seconds
2026/05/26-11:13:41  ... thread 3: (9000,77000) ops and (8545.7,2478.0) ops/second in (1.053160,31.073761) seconds
2026/05/26-11:13:42  ... thread 1: (11000,87000) ops and (10852.0,2727.8) ops/second in (1.013634,31.893507) seconds
2026/05/26-11:13:42  ... thread 0: (10000,87000) ops and (9816.1,2715.0) ops/second in (1.018731,32.044394) seconds
2026/05/26-11:13:42  ... thread 3: (10000,87000) ops and (9746.9,2710.3) ops/second in (1.025963,32.099724) seconds
2026/05/26-11:13:42  ... thread 2: (11000,88000) ops and (10237.3,2739.2) ops/second in (1.074503,32.125740) seconds
2026/05/26-11:13:43  ... thread 1: (11000,98000) ops and (10938.2,2978.8) ops/second in (1.005652,32.899159) seconds
2026/05/26-11:13:43  ... thread 0: (12000,99000) ops and (11551.6,2992.5) ops/second in (1.038819,33.083213) seconds
2026/05/26-11:13:43  ... thread 2: (11000,99000) ops and (10923.1,2988.0) ops/second in (1.007037,33.132777) seconds
2026/05/26-11:13:43  ... thread 3: (12000,99000) ops and (11415.8,2986.3) ops/second in (1.051174,33.150898) seconds
DB path: [/tmp/rocksdb_comp_exp_db]
readrandom   :     331.738 micros/op 12031 ops/sec 33.245 seconds 400000 operations;   11.7 MB/s (98243 of 100000 found)

STATISTICS:
rocksdb.block.cache.miss COUNT : 3600616
rocksdb.block.cache.hit COUNT : 123494
rocksdb.block.cache.add COUNT : 906518
rocksdb.block.cache.add.failures COUNT : 0
rocksdb.block.cache.index.miss COUNT : 0
rocksdb.block.cache.index.hit COUNT : 0
rocksdb.block.cache.index.add COUNT : 0
rocksdb.block.cache.index.bytes.insert COUNT : 0
rocksdb.block.cache.filter.miss COUNT : 0
rocksdb.block.cache.filter.hit COUNT : 0
rocksdb.block.cache.filter.add COUNT : 0
rocksdb.block.cache.filter.bytes.insert COUNT : 0
rocksdb.block.cache.data.miss COUNT : 3600616
rocksdb.block.cache.data.hit COUNT : 123494
rocksdb.block.cache.data.add COUNT : 906518
rocksdb.block.cache.data.bytes.insert COUNT : 3901534624
rocksdb.block.cache.bytes.read COUNT : 531497312
rocksdb.block.cache.bytes.write COUNT : 3901534624
rocksdb.block.cache.compression.dict.miss COUNT : 0
rocksdb.block.cache.compression.dict.hit COUNT : 0
rocksdb.block.cache.compression.dict.add COUNT : 0
rocksdb.block.cache.compression.dict.bytes.insert COUNT : 0
rocksdb.block.cache.add.redundant COUNT : 14
rocksdb.block.cache.index.add.redundant COUNT : 0
rocksdb.block.cache.filter.add.redundant COUNT : 0
rocksdb.block.cache.data.add.redundant COUNT : 14
rocksdb.block.cache.compression.dict.add.redundant COUNT : 0
rocksdb.secondary.cache.hits COUNT : 0
rocksdb.secondary.cache.filter.hits COUNT : 0
rocksdb.secondary.cache.index.hits COUNT : 0
rocksdb.secondary.cache.data.hits COUNT : 0
rocksdb.compressed.secondary.cache.dummy.hits COUNT : 0
rocksdb.compressed.secondary.cache.hits COUNT : 0
rocksdb.compressed.secondary.cache.promotions COUNT : 0
rocksdb.compressed.secondary.cache.promotion.skips COUNT : 0
rocksdb.bloom.filter.useful COUNT : 0
rocksdb.bloom.filter.full.positive COUNT : 0
rocksdb.bloom.filter.full.true.positive COUNT : 0
rocksdb.bloom.filter.prefix.checked COUNT : 0
rocksdb.bloom.filter.prefix.useful COUNT : 0
rocksdb.bloom.filter.prefix.true.positive COUNT : 0
rocksdb.persistent.cache.hit COUNT : 0
rocksdb.persistent.cache.miss COUNT : 0
rocksdb.sim.block.cache.hit COUNT : 0
rocksdb.sim.block.cache.miss COUNT : 0
rocksdb.memtable.hit COUNT : 7006
rocksdb.memtable.miss COUNT : 392994
rocksdb.l0.hit COUNT : 28941
rocksdb.l1.hit COUNT : 95578
rocksdb.l2andup.hit COUNT : 261244
rocksdb.compaction.key.drop.new COUNT : 3281695
rocksdb.compaction.key.drop.obsolete COUNT : 0
rocksdb.compaction.key.drop.range_del COUNT : 0
rocksdb.compaction.key.drop.user COUNT : 0
rocksdb.compaction.range_del.drop.obsolete COUNT : 0
rocksdb.compaction.optimized.del.drop.obsolete COUNT : 0
rocksdb.compaction.cancelled COUNT : 0
rocksdb.compaction.aborted COUNT : 0
rocksdb.number.keys.written COUNT : 5000000
rocksdb.number.keys.read COUNT : 400000
rocksdb.number.keys.updated COUNT : 0
rocksdb.bytes.written COUNT : 5277792624
rocksdb.bytes.read COUNT : 402195456
rocksdb.number.db.seek COUNT : 0
rocksdb.number.db.next COUNT : 0
rocksdb.number.db.prev COUNT : 0
rocksdb.number.db.seek.found COUNT : 0
rocksdb.number.db.next.found COUNT : 0
rocksdb.number.db.prev.found COUNT : 0
rocksdb.db.iter.bytes.read COUNT : 0
rocksdb.number.iter.skip COUNT : 0
rocksdb.number.reseeks.iteration COUNT : 0
rocksdb.num.iterator.created COUNT : 0
rocksdb.num.iterator.deleted COUNT : 0
rocksdb.no.file.opens COUNT : 147
rocksdb.no.file.errors COUNT : 0
rocksdb.stall.micros COUNT : 115297557
rocksdb.db.mutex.wait.micros COUNT : 0
rocksdb.number.multiget.get COUNT : 0
rocksdb.number.multiget.keys.read COUNT : 0
rocksdb.number.multiget.bytes.read COUNT : 0
rocksdb.number.multiget.keys.found COUNT : 0
rocksdb.number.merge.failures COUNT : 0
rocksdb.getupdatessince.calls COUNT : 0
rocksdb.wal.synced COUNT : 0
rocksdb.wal.bytes COUNT : 5277792624
rocksdb.write.self COUNT : 4816052
rocksdb.write.other COUNT : 183948
rocksdb.write.wal COUNT : 5000000
rocksdb.compact.read.bytes COUNT : 6562755329
rocksdb.compact.write.bytes COUNT : 4578990751
rocksdb.flush.write.bytes COUNT : 2971338942
rocksdb.compact.read.marked.bytes COUNT : 0
rocksdb.compact.read.periodic.bytes COUNT : 0
rocksdb.compact.read.ttl.bytes COUNT : 0
rocksdb.compact.write.marked.bytes COUNT : 0
rocksdb.compact.write.periodic.bytes COUNT : 0
rocksdb.compact.write.ttl.bytes COUNT : 0
rocksdb.number.direct.load.table.properties COUNT : 0
rocksdb.number.superversion_acquires COUNT : 16
rocksdb.number.superversion_releases COUNT : 12
rocksdb.number.superversion_cleanups COUNT : 3
rocksdb.number.block.compressed COUNT : 3094167
rocksdb.number.block.decompressed COUNT : 3600763
rocksdb.bytes.compressed.from COUNT : 13041067471
rocksdb.bytes.compressed.to COUNT : 7534662875
rocksdb.bytes.compression_bypassed COUNT : 0
rocksdb.bytes.compression.rejected COUNT : 0
rocksdb.number.block_compression_bypassed COUNT : 0
rocksdb.number.block_compression_rejected COUNT : 0
rocksdb.bytes.decompressed.from COUNT : 8766123775
rocksdb.bytes.decompressed.to COUNT : 15166292283
rocksdb.merge.operation.time.nanos COUNT : 0
rocksdb.filter.operation.time.nanos COUNT : 0
rocksdb.compaction.total.time.cpu_micros COUNT : 37468743
rocksdb.row.cache.hit COUNT : 0
rocksdb.row.cache.miss COUNT : 0
rocksdb.read.amp.estimate.useful.bytes COUNT : 0
rocksdb.read.amp.total.read.bytes COUNT : 0
rocksdb.number.rate_limiter.drains COUNT : 0
rocksdb.blobdb.num.put COUNT : 0
rocksdb.blobdb.num.write COUNT : 0
rocksdb.blobdb.num.get COUNT : 0
rocksdb.blobdb.num.multiget COUNT : 0
rocksdb.blobdb.num.seek COUNT : 0
rocksdb.blobdb.num.next COUNT : 0
rocksdb.blobdb.num.prev COUNT : 0
rocksdb.blobdb.num.keys.written COUNT : 0
rocksdb.blobdb.num.keys.read COUNT : 0
rocksdb.blobdb.bytes.written COUNT : 0
rocksdb.blobdb.bytes.read COUNT : 0
rocksdb.blobdb.write.inlined COUNT : 0
rocksdb.blobdb.write.inlined.ttl COUNT : 0
rocksdb.blobdb.write.blob COUNT : 0
rocksdb.blobdb.write.blob.ttl COUNT : 0
rocksdb.blobdb.blob.file.bytes.written COUNT : 0
rocksdb.blobdb.blob.file.bytes.read COUNT : 0
rocksdb.blobdb.blob.file.synced COUNT : 0
rocksdb.blobdb.blob.index.expired.count COUNT : 0
rocksdb.blobdb.blob.index.expired.size COUNT : 0
rocksdb.blobdb.blob.index.evicted.count COUNT : 0
rocksdb.blobdb.blob.index.evicted.size COUNT : 0
rocksdb.blobdb.gc.num.files COUNT : 0
rocksdb.blobdb.gc.num.new.files COUNT : 0
rocksdb.blobdb.gc.failures COUNT : 0
rocksdb.blobdb.gc.num.keys.relocated COUNT : 0
rocksdb.blobdb.gc.bytes.relocated COUNT : 0
rocksdb.blobdb.fifo.num.files.evicted COUNT : 0
rocksdb.blobdb.fifo.num.keys.evicted COUNT : 0
rocksdb.blobdb.fifo.bytes.evicted COUNT : 0
rocksdb.blobdb.cache.miss COUNT : 0
rocksdb.blobdb.cache.hit COUNT : 0
rocksdb.blobdb.cache.add COUNT : 0
rocksdb.blobdb.cache.add.failures COUNT : 0
rocksdb.blobdb.cache.bytes.read COUNT : 0
rocksdb.blobdb.cache.bytes.write COUNT : 0
rocksdb.txn.overhead.mutex.prepare COUNT : 0
rocksdb.txn.overhead.mutex.old.commit.map COUNT : 0
rocksdb.txn.overhead.duplicate.key COUNT : 0
rocksdb.txn.overhead.mutex.snapshot COUNT : 0
rocksdb.txn.get.tryagain COUNT : 0
rocksdb.files.marked.trash COUNT : 0
rocksdb.files.marked.trash.deleted COUNT : 0
rocksdb.files.deleted.immediately COUNT : 214
rocksdb.error.handler.bg.error.count COUNT : 0
rocksdb.error.handler.bg.io.error.count COUNT : 0
rocksdb.error.handler.bg.retryable.io.error.count COUNT : 0
rocksdb.error.handler.autoresume.count COUNT : 0
rocksdb.error.handler.autoresume.retry.total.count COUNT : 0
rocksdb.error.handler.autoresume.success.count COUNT : 0
rocksdb.memtable.payload.bytes.at.flush COUNT : 5216978584
rocksdb.memtable.garbage.bytes.at.flush COUNT : 127953464
rocksdb.verify_checksum.read.bytes COUNT : 0
rocksdb.backup.read.bytes COUNT : 0
rocksdb.backup.write.bytes COUNT : 0
rocksdb.remote.compact.read.bytes COUNT : 0
rocksdb.remote.compact.write.bytes COUNT : 0
rocksdb.remote.compact.resumed.bytes COUNT : 0
rocksdb.hot.file.read.bytes COUNT : 0
rocksdb.warm.file.read.bytes COUNT : 0
rocksdb.cool.file.read.bytes COUNT : 0
rocksdb.cold.file.read.bytes COUNT : 0
rocksdb.ice.file.read.bytes COUNT : 0
rocksdb.hot.file.read.count COUNT : 0
rocksdb.warm.file.read.count COUNT : 0
rocksdb.cool.file.read.count COUNT : 0
rocksdb.cold.file.read.count COUNT : 0
rocksdb.ice.file.read.count COUNT : 0
rocksdb.last.level.read.bytes COUNT : 0
rocksdb.last.level.read.count COUNT : 0
rocksdb.non.last.level.read.bytes COUNT : 8784312176
rocksdb.non.last.level.read.count COUNT : 3601204
rocksdb.last.level.seek.filtered COUNT : 0
rocksdb.last.level.seek.filter.match COUNT : 0
rocksdb.last.level.seek.data COUNT : 0
rocksdb.last.level.seek.data.useful.no.filter COUNT : 0
rocksdb.last.level.seek.data.useful.filter.match COUNT : 0
rocksdb.non.last.level.seek.filtered COUNT : 0
rocksdb.non.last.level.seek.filter.match COUNT : 0
rocksdb.non.last.level.seek.data COUNT : 0
rocksdb.non.last.level.seek.data.useful.no.filter COUNT : 0
rocksdb.non.last.level.seek.data.useful.filter.match COUNT : 0
rocksdb.block.checksum.compute.count COUNT : 3600910
rocksdb.block.checksum.mismatch.count COUNT : 0
rocksdb.multiget.coroutine.count COUNT : 0
rocksdb.read.async.micros COUNT : 0
rocksdb.async.read.error.count COUNT : 0
rocksdb.table.open.prefetch.tail.miss COUNT : 0
rocksdb.table.open.prefetch.tail.hit COUNT : 0
rocksdb.timestamp.filter.table.checked COUNT : 0
rocksdb.timestamp.filter.table.filtered COUNT : 0
rocksdb.readahead.trimmed COUNT : 0
rocksdb.fifo.max.size.compactions COUNT : 0
rocksdb.fifo.ttl.compactions COUNT : 0
rocksdb.fifo.change_temperature.compactions COUNT : 0
rocksdb.prefetch.bytes COUNT : 0
rocksdb.prefetch.bytes.useful COUNT : 0
rocksdb.prefetch.hits COUNT : 0
rocksdb.footer.corruption.count COUNT : 0
rocksdb.file.read.corruption.retry.count COUNT : 0
rocksdb.file.read.corruption.retry.success.count COUNT : 0
rocksdb.number.wbwi.ingest COUNT : 0
rocksdb.sst.user.defined.index.load.fail.count COUNT : 0
rocksdb.multiscan.prepare.calls COUNT : 0
rocksdb.multiscan.prepare.errors COUNT : 0
rocksdb.multiscan.blocks.prefetched COUNT : 0
rocksdb.multiscan.blocks.from.cache COUNT : 0
rocksdb.multiscan.prefetch.bytes COUNT : 0
rocksdb.multiscan.prefetch.blocks.wasted COUNT : 0
rocksdb.multiscan.io.requests COUNT : 0
rocksdb.multiscan.io.coalesced.nonadjacent COUNT : 0
rocksdb.multiscan.seek.errors COUNT : 0
rocksdb.prefetch.memory.bytes.granted COUNT : 0
rocksdb.prefetch.memory.bytes.released COUNT : 0
rocksdb.prefetch.memory.requests.blocked COUNT : 0
rocksdb.read.path.range.tombstones.inserted COUNT : 0
rocksdb.read.path.range.tombstones.discarded COUNT : 0
rocksdb.file.open.metadata.retrieved COUNT : 0
rocksdb.file.open.metadata.passed COUNT : 0
rocksdb.manifest.validation.failure.count COUNT : 0
rocksdb.db.get.micros P50 : 19.694116 P95 : 1550.444099 P99 : 2888.530033 P100 : 1177953.000000 COUNT : 400000 SUM : 132457756
rocksdb.db.write.micros P50 : 5.324061 P95 : 66.197048 P99 : 2138.984317 P100 : 971229.000000 COUNT : 5000000 SUM : 588725227
rocksdb.compaction.times.micros P50 : 20000000.000000 P95 : 33810228.000000 P99 : 33810228.000000 P100 : 33810228.000000 COUNT : 9 SUM : 163166648
rocksdb.compaction.times.cpu_micros P50 : 4575000.000000 P95 : 6795683.000000 P99 : 6795683.000000 P100 : 6795683.000000 COUNT : 9 SUM : 37468743
rocksdb.subcompaction.setup.times.micros P50 : 0.000000 P95 : 0.000000 P99 : 0.000000 P100 : 0.000000 COUNT : 0 SUM : 0
rocksdb.table.sync.micros P50 : 350000.000000 P95 : 1048888.888889 P99 : 1169777.777778 P100 : 1172423.000000 COUNT : 80 SUM : 40104042
rocksdb.compaction.outfile.sync.micros P50 : 741710.526316 P95 : 1136722.222222 P99 : 1187344.444444 P100 : 1198244.000000 COUNT : 67 SUM : 47120932
rocksdb.wal.file.sync.micros P50 : 0.000000 P95 : 0.000000 P99 : 0.000000 P100 : 0.000000 COUNT : 0 SUM : 0
rocksdb.manifest.file.sync.micros P50 : 5703.076923 P95 : 16697.000000 P99 : 16697.000000 P100 : 16697.000000 COUNT : 95 SUM : 612569
rocksdb.table.open.io.micros P50 : 713.627451 P95 : 4578.750000 P99 : 6008.000000 P100 : 6008.000000 COUNT : 147 SUM : 155802
rocksdb.db.multiget.micros P50 : 0.000000 P95 : 0.000000 P99 : 0.000000 P100 : 0.000000 COUNT : 0 SUM : 0
rocksdb.read.block.compaction.micros P50 : 3.251336 P95 : 8.605755 P99 : 1083.663473 P100 : 655138.000000 COUNT : 2694098 SUM : 87908406
rocksdb.read.block.get.micros P50 : 5.723680 P95 : 1111.732018 P99 : 1731.498646 P100 : 715723.000000 COUNT : 906665 SUM : 127872576
rocksdb.write.raw.block.micros P50 : 0.533798 P95 : 1.281547 P99 : 2.650045 P100 : 42445.000000 COUNT : 3094461 SUM : 8217862
rocksdb.numfiles.in.singlecompaction P50 : 13.750000 P95 : 23.000000 P99 : 23.000000 P100 : 23.000000 COUNT : 11 SUM : 142
rocksdb.db.seek.micros P50 : 0.000000 P95 : 0.000000 P99 : 0.000000 P100 : 0.000000 COUNT : 0 SUM : 0
rocksdb.db.write.stall P50 : 1631.774415 P95 : 2804.264891 P99 : 2885.651416 P100 : 968238.000000 COUNT : 58346 SUM : 115297557
rocksdb.sst.read.micros P50 : 0.845017 P95 : 6.037405 P99 : 1393.619481 P100 : 715704.000000 COUNT : 3601204 SUM : 203107502
rocksdb.file.read.flush.micros P50 : 4.086957 P95 : 65.583333 P99 : 99.800000 P100 : 1760.000000 COUNT : 320 SUM : 7080
rocksdb.file.read.compaction.micros P50 : 0.716979 P95 : 4.645743 P99 : 1071.388040 P100 : 655123.000000 COUNT : 2694366 SUM : 80099592
rocksdb.file.read.db.open.micros P50 : 0.000000 P95 : 0.000000 P99 : 0.000000 P100 : 0.000000 COUNT : 0 SUM : 0
rocksdb.file.read.get.micros P50 : 0.000000 P95 : 0.000000 P99 : 0.000000 P100 : 0.000000 COUNT : 0 SUM : 0
rocksdb.file.read.multiget.micros P50 : 0.000000 P95 : 0.000000 P99 : 0.000000 P100 : 0.000000 COUNT : 0 SUM : 0
rocksdb.file.read.db.iterator.micros P50 : 0.000000 P95 : 0.000000 P99 : 0.000000 P100 : 0.000000 COUNT : 0 SUM : 0
rocksdb.file.read.verify.db.checksum.micros P50 : 0.000000 P95 : 0.000000 P99 : 0.000000 P100 : 0.000000 COUNT : 0 SUM : 0
rocksdb.file.read.verify.file.checksums.micros P50 : 0.000000 P95 : 0.000000 P99 : 0.000000 P100 : 0.000000 COUNT : 0 SUM : 0
rocksdb.sst.write.micros P50 : 0.502296 P95 : 0.954362 P99 : 0.994546 P100 : 42443.000000 COUNT : 6189069 SUM : 6675171
rocksdb.file.write.flush.micros P50 : 0.501769 P95 : 0.953362 P99 : 0.993503 P100 : 42443.000000 COUNT : 2428588 SUM : 2757438
rocksdb.file.write.compaction.micros P50 : 0.502636 P95 : 0.955009 P99 : 0.995220 P100 : 7214.000000 COUNT : 3760481 SUM : 3917733
rocksdb.file.write.db.open.micros P50 : 0.000000 P95 : 0.000000 P99 : 0.000000 P100 : 0.000000 COUNT : 0 SUM : 0
rocksdb.num.subcompactions.scheduled P50 : 0.000000 P95 : 0.000000 P99 : 0.000000 P100 : 0.000000 COUNT : 0 SUM : 0
rocksdb.bytes.per.read P50 : 1024.000000 P95 : 1024.000000 P99 : 1024.000000 P100 : 1024.000000 COUNT : 400000 SUM : 402195456
rocksdb.bytes.per.write P50 : 1089.398584 P95 : 1286.857310 P99 : 3106.058033 P100 : 4188.000000 COUNT : 4816052 SUM : 5277792624
rocksdb.bytes.per.multiget P50 : 0.000000 P95 : 0.000000 P99 : 0.000000 P100 : 0.000000 COUNT : 0 SUM : 0
rocksdb.compression.times.nanos P50 : 0.000000 P95 : 0.000000 P99 : 0.000000 P100 : 0.000000 COUNT : 0 SUM : 0
rocksdb.decompression.times.nanos P50 : 0.000000 P95 : 0.000000 P99 : 0.000000 P100 : 0.000000 COUNT : 0 SUM : 0
rocksdb.read.num.merge_operands P50 : 0.000000 P95 : 0.000000 P99 : 0.000000 P100 : 0.000000 COUNT : 0 SUM : 0
rocksdb.blobdb.key.size P50 : 0.000000 P95 : 0.000000 P99 : 0.000000 P100 : 0.000000 COUNT : 0 SUM : 0
rocksdb.blobdb.value.size P50 : 0.000000 P95 : 0.000000 P99 : 0.000000 P100 : 0.000000 COUNT : 0 SUM : 0
rocksdb.blobdb.write.micros P50 : 0.000000 P95 : 0.000000 P99 : 0.000000 P100 : 0.000000 COUNT : 0 SUM : 0
rocksdb.blobdb.get.micros P50 : 0.000000 P95 : 0.000000 P99 : 0.000000 P100 : 0.000000 COUNT : 0 SUM : 0
rocksdb.blobdb.multiget.micros P50 : 0.000000 P95 : 0.000000 P99 : 0.000000 P100 : 0.000000 COUNT : 0 SUM : 0
rocksdb.blobdb.seek.micros P50 : 0.000000 P95 : 0.000000 P99 : 0.000000 P100 : 0.000000 COUNT : 0 SUM : 0
rocksdb.blobdb.next.micros P50 : 0.000000 P95 : 0.000000 P99 : 0.000000 P100 : 0.000000 COUNT : 0 SUM : 0
rocksdb.blobdb.prev.micros P50 : 0.000000 P95 : 0.000000 P99 : 0.000000 P100 : 0.000000 COUNT : 0 SUM : 0
rocksdb.blobdb.blob.file.write.micros P50 : 0.000000 P95 : 0.000000 P99 : 0.000000 P100 : 0.000000 COUNT : 0 SUM : 0
rocksdb.blobdb.blob.file.read.micros P50 : 0.000000 P95 : 0.000000 P99 : 0.000000 P100 : 0.000000 COUNT : 0 SUM : 0
rocksdb.blobdb.blob.file.sync.micros P50 : 0.000000 P95 : 0.000000 P99 : 0.000000 P100 : 0.000000 COUNT : 0 SUM : 0
rocksdb.blobdb.compression.micros P50 : 0.000000 P95 : 0.000000 P99 : 0.000000 P100 : 0.000000 COUNT : 0 SUM : 0
rocksdb.blobdb.decompression.micros P50 : 0.000000 P95 : 0.000000 P99 : 0.000000 P100 : 0.000000 COUNT : 0 SUM : 0
rocksdb.db.flush.micros P50 : 565365.853659 P95 : 1200000.000000 P99 : 1502107.000000 P100 : 1502107.000000 COUNT : 80 SUM : 55108030
rocksdb.sst.batch.size P50 : 0.000000 P95 : 0.000000 P99 : 0.000000 P100 : 0.000000 COUNT : 0 SUM : 0
rocksdb.multiget.io.batch.size P50 : 0.000000 P95 : 0.000000 P99 : 0.000000 P100 : 0.000000 COUNT : 0 SUM : 0
rocksdb.num.index.and.filter.blocks.read.per.level P50 : 0.000000 P95 : 0.000000 P99 : 0.000000 P100 : 0.000000 COUNT : 0 SUM : 0
rocksdb.num.sst.read.per.level P50 : 0.000000 P95 : 0.000000 P99 : 0.000000 P100 : 0.000000 COUNT : 0 SUM : 0
rocksdb.num.level.read.per.multiget P50 : 0.000000 P95 : 0.000000 P99 : 0.000000 P100 : 0.000000 COUNT : 0 SUM : 0
rocksdb.error.handler.autoresume.retry.count P50 : 0.000000 P95 : 0.000000 P99 : 0.000000 P100 : 0.000000 COUNT : 0 SUM : 0
rocksdb.async.read.bytes P50 : 0.000000 P95 : 0.000000 P99 : 0.000000 P100 : 0.000000 COUNT : 0 SUM : 0
rocksdb.poll.wait.micros P50 : 0.000000 P95 : 0.000000 P99 : 0.000000 P100 : 0.000000 COUNT : 0 SUM : 0
rocksdb.compaction.prefetch.bytes P50 : 0.000000 P95 : 0.000000 P99 : 0.000000 P100 : 0.000000 COUNT : 0 SUM : 0
rocksdb.prefetched.bytes.discarded P50 : 0.000000 P95 : 0.000000 P99 : 0.000000 P100 : 0.000000 COUNT : 0 SUM : 0
rocksdb.async.prefetch.abort.micros P50 : 0.000000 P95 : 0.000000 P99 : 0.000000 P100 : 0.000000 COUNT : 0 SUM : 0
rocksdb.table.open.prefetch.tail.read.bytes P50 : 0.000000 P95 : 0.000000 P99 : 0.000000 P100 : 0.000000 COUNT : 0 SUM : 0
rocksdb.num.op.per.transaction P50 : 0.000000 P95 : 0.000000 P99 : 0.000000 P100 : 0.000000 COUNT : 0 SUM : 0
rocksdb.multiscan.op.prepare.iterators.micros P50 : 0.000000 P95 : 0.000000 P99 : 0.000000 P100 : 0.000000 COUNT : 0 SUM : 0
rocksdb.multiscan.prepare.micros P50 : 0.000000 P95 : 0.000000 P99 : 0.000000 P100 : 0.000000 COUNT : 0 SUM : 0
rocksdb.multiscan.blocks.per.prepare P50 : 0.000000 P95 : 0.000000 P99 : 0.000000 P100 : 0.000000 COUNT : 0 SUM : 0
rocksdb.block.key.distribution.cv P50 : 0.000000 P95 : 0.000000 P99 : 0.000000 P100 : 0.000000 COUNT : 0 SUM : 0

[EXPERIMENT_COMPLETED]
