RocksDB:    version 11.3.0
Date:       Tue May 26 12:03:58 2026
CPU:        2 * Intel Xeon Processor (SapphireRapids)
CPUCache:   16384 KB
2026/05/26-12:03:59  ... thread 3: (23000,23000) ops and (22866.7,22866.7) ops/second in (1.005831,1.005831) seconds
2026/05/26-12:03:59  ... thread 1: (24000,24000) ops and (23878.6,23878.6) ops/second in (1.005086,1.005086) seconds
2026/05/26-12:03:59  ... thread 2: (23000,23000) ops and (22706.5,22706.5) ops/second in (1.012926,1.012926) seconds
2026/05/26-12:03:59  ... thread 0: (21000,21000) ops and (20759.9,20759.9) ops/second in (1.011564,1.011564) seconds
2026/05/26-12:04:00  ... thread 3: (23000,46000) ops and (22894.6,22880.6) ops/second in (1.004605,2.010436) seconds
2026/05/26-12:04:00  ... thread 2: (25000,48000) ops and (24752.4,23728.0) ops/second in (1.010003,2.022929) seconds
2026/05/26-12:04:00  ... thread 1: (23000,47000) ops and (22216.2,23035.1) ops/second in (1.035281,2.040367) seconds
2026/05/26-12:04:00  ... thread 0: (24000,45000) ops and (22687.4,21745.2) ops/second in (1.057856,2.069420) seconds
2026/05/26-12:04:01  ... thread 3: (28000,74000) ops and (27423.9,24410.8) ops/second in (1.021009,3.031445) seconds
2026/05/26-12:04:01  ... thread 1: (28000,75000) ops and (27724.6,24587.7) ops/second in (1.009933,3.050300) seconds
2026/05/26-12:04:01  ... thread 2: (28000,76000) ops and (26416.1,24652.2) ops/second in (1.059959,3.082888) seconds
2026/05/26-12:04:01  ... thread 0: (30000,75000) ops and (29554.9,24315.3) ops/second in (1.015059,3.084479) seconds
2026/05/26-12:04:02  ... thread 3: (21000,95000) ops and (20686.6,23476.5) ops/second in (1.015152,4.046597) seconds
2026/05/26-12:04:03  ... thread 1: (19000,94000) ops and (13652.8,21161.9) ops/second in (1.391653,4.441953) seconds
2026/05/26-12:04:03  ... thread 0: (17000,92000) ops and (12396.2,20646.9) ops/second in (1.371388,4.455867) seconds
2026/05/26-12:04:03  ... thread 2: (17000,93000) ops and (12071.5,20707.3) ops/second in (1.408281,4.491169) seconds
2026/05/26-12:04:03  ... thread 3: (18000,113000) ops and (17935.2,22375.3) ops/second in (1.003615,5.050212) seconds
2026/05/26-12:04:04  ... thread 2: (14000,107000) ops and (12101.6,18944.6) ops/second in (1.156869,5.648038) seconds
2026/05/26-12:04:04  ... thread 1: (14000,108000) ops and (11582.6,19112.8) ops/second in (1.208708,5.650661) seconds
2026/05/26-12:04:04  ... thread 0: (14000,106000) ops and (11334.5,18625.8) ops/second in (1.235166,5.691033) seconds
2026/05/26-12:04:04  ... thread 3: (12000,125000) ops and (11722.4,20579.9) ops/second in (1.023679,6.073891) seconds
2026/05/26-12:04:05  ... thread 1: (30000,138000) ops and (29829.0,20731.9) ops/second in (1.005734,6.656395) seconds
2026/05/26-12:04:05  ... thread 2: (25000,132000) ops and (23899.5,19718.9) ops/second in (1.046048,6.694086) seconds
2026/05/26-12:04:05  ... thread 0: (29000,135000) ops and (28520.3,20125.7) ops/second in (1.016819,6.707852) seconds
2026/05/26-12:04:05  ... thread 3: (27000,152000) ops and (26803.8,21465.3) ops/second in (1.007320,7.081211) seconds
2026/05/26-12:04:06  ... thread 1: (38000,176000) ops and (37888.8,22978.5) ops/second in (1.002934,7.659329) seconds
2026/05/26-12:04:07  ... thread 3: (27000,179000) ops and (20729.4,21350.9) ops/second in (1.302497,8.383708) seconds
2026/05/26-12:04:07  ... thread 0: (33000,168000) ops and (19732.4,20047.2) ops/second in (1.672377,8.380229) seconds
2026/05/26-12:04:07  ... thread 2: (31000,163000) ops and (18160.9,19402.3) ops/second in (1.706963,8.401049) seconds
2026/05/26-12:04:07  ... thread 1: (11000,187000) ops and (10850.3,21560.9) ops/second in (1.013795,8.673124) seconds
2026/05/26-12:04:08  ... thread 0: (26000,194000) ops and (17541.5,19670.6) ops/second in (1.482203,9.862432) seconds
2026/05/26-12:04:08  ... thread 3: (32000,211000) ops and (21536.8,21378.9) ops/second in (1.485828,9.869536) seconds
2026/05/26-12:04:08  ... thread 2: (31000,194000) ops and (21088.2,19653.4) ops/second in (1.470018,9.871067) seconds
2026/05/26-12:04:08  ... thread 1: (24000,211000) ops and (19822.2,21347.9) ops/second in (1.210766,9.883890) seconds
2026/05/26-12:04:09  ... thread 1: (17000,228000) ops and (15091.8,20707.8) ops/second in (1.126441,11.010331) seconds
2026/05/26-12:04:09  ... thread 0: (15000,209000) ops and (12881.6,18953.7) ops/second in (1.164455,11.026887) seconds
2026/05/26-12:04:09  ... thread 3: (16000,227000) ops and (13770.3,20577.5) ops/second in (1.161921,11.031457) seconds
2026/05/26-12:04:09  ... thread 2: (16000,210000) ops and (13783.4,19035.7) ops/second in (1.160816,11.031883) seconds
2026/05/26-12:04:10  ... thread 1: (14000,242000) ops and (13903.0,20137.6) ops/second in (1.006977,12.017308) seconds
2026/05/26-12:04:10  ... thread 2: (15000,225000) ops and (14856.6,18685.3) ops/second in (1.009650,12.041533) seconds
2026/05/26-12:04:10  ... thread 3: (20000,247000) ops and (19467.5,20483.0) ops/second in (1.027351,12.058808) seconds
2026/05/26-12:04:10  ... thread 0: (16000,225000) ops and (15383.5,18646.0) ops/second in (1.040075,12.066962) seconds
2026/05/26-12:04:12  ... thread 3: (14000,261000) ops and (12963.2,19864.8) ops/second in (1.079981,13.138789) seconds
2026/05/26-12:04:12  ... thread 1: (14000,256000) ops and (12462.2,19481.4) ops/second in (1.123399,13.140707) seconds
2026/05/26-12:04:12  ... thread 2: (16000,241000) ops and (14499.9,18334.0) ops/second in (1.103453,13.144986) seconds
2026/05/26-12:04:12  ... thread 0: (15000,240000) ops and (13844.0,18250.3) ops/second in (1.083503,13.150465) seconds
2026/05/26-12:04:13  ... thread 2: (28000,269000) ops and (18635.4,18364.9) ops/second in (1.502517,14.647503) seconds
2026/05/26-12:04:13  ... thread 1: (32000,288000) ops and (21056.4,19644.7) ops/second in (1.519725,14.660432) seconds
2026/05/26-12:04:13  ... thread 3: (33000,294000) ops and (21284.1,20014.7) ops/second in (1.550451,14.689240) seconds
2026/05/26-12:04:13  ... thread 0: (31000,271000) ops and (19880.9,18423.2) ops/second in (1.559284,14.709749) seconds
2026/05/26-12:04:15  ... thread 1: (29000,317000) ops and (19483.9,19629.9) ops/second in (1.488405,16.148837) seconds
2026/05/26-12:04:15  ... thread 3: (31000,325000) ops and (21092.2,20112.7) ops/second in (1.469735,16.158975) seconds
2026/05/26-12:04:15  ... thread 0: (31000,302000) ops and (21280.5,18680.6) ops/second in (1.456733,16.166482) seconds
2026/05/26-12:04:15  ... thread 2: (34000,303000) ops and (22231.7,18730.5) ops/second in (1.529346,16.176849) seconds
2026/05/26-12:04:16  ... thread 3: (15000,340000) ops and (14078.3,19739.4) ops/second in (1.065466,17.224441) seconds
2026/05/26-12:04:16  ... thread 1: (17000,334000) ops and (15696.7,19382.7) ops/second in (1.083028,17.231865) seconds
2026/05/26-12:04:16  ... thread 0: (14000,316000) ops and (12889.2,18316.0) ops/second in (1.086181,17.252663) seconds
2026/05/26-12:04:16  ... thread 2: (16000,319000) ops and (14579.1,18466.7) ops/second in (1.097460,17.274309) seconds
2026/05/26-12:04:17  ... thread 1: (16000,350000) ops and (15103.8,19134.9) ops/second in (1.059336,18.291201) seconds
2026/05/26-12:04:17  ... thread 3: (15000,355000) ops and (13967.7,19400.7) ops/second in (1.073907,18.298348) seconds
2026/05/26-12:04:17  ... thread 0: (15000,331000) ops and (14315.5,18087.0) ops/second in (1.047815,18.300478) seconds
2026/05/26-12:04:17  ... thread 2: (15000,334000) ops and (14380.0,18234.0) ops/second in (1.043116,18.317425) seconds
2026/05/26-12:04:18  ... thread 2: (14000,348000) ops and (13536.1,17982.9) ops/second in (1.034273,19.351698) seconds
2026/05/26-12:04:18  ... thread 3: (16000,371000) ops and (15137.4,19167.8) ops/second in (1.056984,19.355332) seconds
2026/05/26-12:04:18  ... thread 0: (22000,353000) ops and (20834.0,18236.8) ops/second in (1.055964,19.356442) seconds
2026/05/26-12:04:18  ... thread 1: (12000,362000) ops and (10959.3,18673.1) ops/second in (1.094963,19.386164) seconds
2026/05/26-12:04:19  ... thread 2: (29000,377000) ops and (23490.7,18313.2) ops/second in (1.234533,20.586231) seconds
2026/05/26-12:04:19  ... thread 3: (30000,401000) ops and (23992.3,19460.6) ops/second in (1.250400,20.605732) seconds
2026/05/26-12:04:19  ... thread 1: (32000,394000) ops and (26282.8,19122.8) ops/second in (1.217527,20.603691) seconds
2026/05/26-12:04:19  ... thread 0: (33000,386000) ops and (25705.6,18701.4) ops/second in (1.283768,20.640210) seconds
2026/05/26-12:04:20  ... thread 3: (15000,416000) ops and (13004.2,19118.3) ops/second in (1.153474,21.759206) seconds
2026/05/26-12:04:20  ... thread 1: (16000,410000) ops and (13763.7,18836.6) ops/second in (1.162480,21.766171) seconds
2026/05/26-12:04:20  ... thread 2: (15000,392000) ops and (12629.2,18003.2) ops/second in (1.187719,21.773950) seconds
2026/05/26-12:04:20  ... thread 0: (16000,402000) ops and (13869.3,18445.6) ops/second in (1.153624,21.793834) seconds
2026/05/26-12:04:21  ... thread 2: (27000,419000) ops and (26829.6,18393.1) ops/second in (1.006351,22.780301) seconds
2026/05/26-12:04:21  ... thread 3: (30000,446000) ops and (29354.2,19577.5) ops/second in (1.022001,22.781207) seconds
2026/05/26-12:04:21  ... thread 0: (30000,432000) ops and (29692.7,18943.9) ops/second in (1.010350,22.804184) seconds
2026/05/26-12:04:22  ... thread 1: (33000,443000) ops and (18716.9,18827.6) ops/second in (1.763116,23.529287) seconds
2026/05/26-12:04:22  ... thread 0: (24000,456000) ops and (23931.0,19154.0) ops/second in (1.002883,23.807067) seconds
2026/05/26-12:04:22  ... thread 2: (8000,427000) ops and (7717.2,17928.4) ops/second in (1.036645,23.816946) seconds
2026/05/26-12:04:22  ... thread 3: (7000,453000) ops and (6672.0,19009.4) ops/second in (1.049162,23.830369) seconds
2026/05/26-12:04:23  ... thread 1: (22000,465000) ops and (21098.3,18924.0) ops/second in (1.042740,24.572027) seconds
2026/05/26-12:04:23  ... thread 0: (31000,487000) ops and (30742.5,19624.9) ops/second in (1.008375,24.815442) seconds
2026/05/26-12:04:23  ... thread 2: (28000,455000) ops and (27191.1,18312.3) ops/second in (1.029749,24.846695) seconds
2026/05/26-12:04:23  ... thread 3: (25000,478000) ops and (24083.7,19221.2) ops/second in (1.038046,24.868415) seconds
2026/05/26-12:04:24  ... thread 1: (21000,486000) ops and (17589.0,18862.1) ops/second in (1.193926,25.765953) seconds
2026/05/26-12:04:24  ... thread 0: (15000,502000) ops and (14705.0,19430.6) ops/second in (1.020061,25.835503) seconds
2026/05/26-12:04:24  ... thread 2: (11000,466000) ops and (10728.4,18011.7) ops/second in (1.025314,25.872009) seconds
2026/05/26-12:04:24  ... thread 3: (12000,490000) ops and (11820.3,18930.9) ops/second in (1.015203,25.883618) seconds
2026/05/26-12:04:25  ... thread 2: (29000,495000) ops and (26238.7,18348.8) ops/second in (1.105237,26.977246) seconds
2026/05/26-12:04:25  ... thread 0: (26000,528000) ops and (22724.9,19570.3) ops/second in (1.144117,26.979620) seconds
2026/05/26-12:04:25  ... thread 3: (27000,517000) ops and (24411.8,19155.5) ops/second in (1.106022,26.989640) seconds
2026/05/26-12:04:25  ... thread 1: (29000,515000) ops and (23575.5,19076.9) ops/second in (1.230089,26.996042) seconds
2026/05/26-12:04:26  ... thread 3: (14000,531000) ops and (13205.0,18930.6) ops/second in (1.060202,28.049842) seconds
2026/05/26-12:04:26  ... thread 1: (14000,529000) ops and (13226.1,18856.1) ops/second in (1.058511,28.054553) seconds
2026/05/26-12:04:26  ... thread 0: (16000,544000) ops and (14814.0,19387.3) ops/second in (1.080057,28.059677) seconds
2026/05/26-12:04:26  ... thread 2: (19000,514000) ops and (17316.3,18308.4) ops/second in (1.097229,28.074475) seconds
2026/05/26-12:04:27  ... thread 0: (14000,558000) ops and (13422.3,19173.5) ops/second in (1.043043,29.102720) seconds
2026/05/26-12:04:28  ... thread 3: (20000,551000) ops and (15112.7,18758.6) ops/second in (1.323392,29.373234) seconds
2026/05/26-12:04:28  ... thread 2: (17000,531000) ops and (12339.4,18029.2) ops/second in (1.377700,29.452175) seconds
2026/05/26-12:04:28  ... thread 1: (16000,545000) ops and (9572.8,18334.1) ops/second in (1.671403,29.725956) seconds
2026/05/26-12:04:29  ... thread 0: (1000,559000) ops and (756.0,18372.8) ops/second in (1.322691,30.425411) seconds
2026/05/26-12:04:29  ... thread 3: (3000,554000) ops and (2149.5,18005.2) ops/second in (1.395682,30.768916) seconds
2026/05/26-12:04:29  ... thread 2: (2000,533000) ops and (1359.1,17236.0) ops/second in (1.471548,30.923723) seconds
2026/05/26-12:04:30  ... thread 1: (2000,547000) ops and (1256.3,17466.0) ops/second in (1.591955,31.317911) seconds
2026/05/26-12:04:30  ... thread 0: (3000,562000) ops and (2327.6,17720.7) ops/second in (1.288885,31.714296) seconds
2026/05/26-12:04:30  ... thread 3: (2000,556000) ops and (1678.5,17396.5) ops/second in (1.191538,31.960454) seconds
2026/05/26-12:04:30  ... thread 2: (2000,535000) ops and (1823.6,16708.1) ops/second in (1.096737,32.020460) seconds
2026/05/26-12:04:31  ... thread 1: (1000,548000) ops and (819.1,16841.4) ops/second in (1.220905,32.538816) seconds
2026/05/26-12:04:31  ... thread 3: (1000,557000) ops and (947.5,16870.7) ops/second in (1.055363,33.015817) seconds
2026/05/26-12:04:32  ... thread 0: (2000,564000) ops and (1393.4,17013.8) ops/second in (1.435343,33.149639) seconds
2026/05/26-12:04:32  ... thread 2: (3000,538000) ops and (2041.2,16064.4) ops/second in (1.469734,33.490194) seconds
2026/05/26-12:04:32  ... thread 1: (2000,550000) ops and (1710.9,16316.7) ops/second in (1.169007,33.707823) seconds
2026/05/26-12:04:33  ... thread 0: (2000,566000) ops and (1632.2,16465.5) ops/second in (1.225369,34.375008) seconds
2026/05/26-12:04:33  ... thread 3: (3000,560000) ops and (1906.9,16190.1) ops/second in (1.573214,34.589031) seconds
2026/05/26-12:04:33  ... thread 2: (2000,540000) ops and (1679.9,15570.6) ops/second in (1.190529,34.680723) seconds
2026/05/26-12:04:33  ... thread 1: (2000,552000) ops and (1947.2,15891.8) ops/second in (1.027108,34.734931) seconds
2026/05/26-12:04:34  ... thread 0: (2000,568000) ops and (1646.2,15959.6) ops/second in (1.214915,35.589923) seconds
2026/05/26-12:04:34  ... thread 3: (2000,562000) ops and (1981.5,15787.2) ops/second in (1.009359,35.598390) seconds
2026/05/26-12:04:34  ... thread 2: (4000,544000) ops and (3980.1,15244.2) ops/second in (1.004993,35.685716) seconds
2026/05/26-12:04:34  ... thread 1: (6000,558000) ops and (5977.7,15613.3) ops/second in (1.003729,35.738660) seconds
2026/05/26-12:04:35  ... thread 3: (27000,589000) ops and (26892.9,16091.9) ops/second in (1.003982,36.602372) seconds
2026/05/26-12:04:35  ... thread 0: (29000,597000) ops and (28262.3,16304.3) ops/second in (1.026101,36.616024) seconds
2026/05/26-12:04:35  ... thread 2: (29000,573000) ops and (28459.5,15611.1) ops/second in (1.018991,36.704707) seconds
2026/05/26-12:04:35  ... thread 1: (26000,584000) ops and (25239.4,15883.0) ops/second in (1.030136,36.768796) seconds
2026/05/26-12:04:36  ... thread 3: (21000,610000) ops and (20720.3,16216.6) ops/second in (1.013498,37.615870) seconds
2026/05/26-12:04:36  ... thread 0: (22000,619000) ops and (20749.6,16429.4) ops/second in (1.060262,37.676286) seconds
2026/05/26-12:04:36  ... thread 2: (18000,591000) ops and (17987.4,15674.1) ops/second in (1.000702,37.705409) seconds
2026/05/26-12:04:36  ... thread 1: (21000,605000) ops and (20997.6,16018.5) ops/second in (1.000115,37.768911) seconds
2026/05/26-12:04:37  ... thread 3: (23000,633000) ops and (22687.9,16386.4) ops/second in (1.013755,38.629625) seconds
2026/05/26-12:04:37  ... thread 0: (20000,639000) ops and (19990.9,16521.6) ops/second in (1.000454,38.676740) seconds
2026/05/26-12:04:37  ... thread 2: (21000,612000) ops and (20278.4,15797.2) ops/second in (1.035584,38.740993) seconds
2026/05/26-12:04:37  ... thread 1: (23000,628000) ops and (22827.5,16195.4) ops/second in (1.007556,38.776467) seconds
2026/05/26-12:04:38  ... thread 3: (15000,648000) ops and (14830.6,16346.7) ops/second in (1.011424,39.641049) seconds
2026/05/26-12:04:38  ... thread 0: (13000,652000) ops and (12857.0,16428.2) ops/second in (1.011123,39.687863) seconds
2026/05/26-12:04:38  ... thread 2: (14000,626000) ops and (13575.9,15739.6) ops/second in (1.031236,39.772229) seconds
2026/05/26-12:04:38  ... thread 1: (15000,643000) ops and (14540.9,16152.5) ops/second in (1.031571,39.808038) seconds
2026/05/26-12:04:39  ... thread 3: (26000,674000) ops and (25716.7,16579.7) ops/second in (1.011016,40.652065) seconds
2026/05/26-12:04:39  ... thread 0: (27000,679000) ops and (25968.5,16671.7) ops/second in (1.039722,40.727585) seconds
2026/05/26-12:04:39  ... thread 1: (28000,671000) ops and (27471.4,16435.1) ops/second in (1.019243,40.827281) seconds
2026/05/26-12:04:40  ... thread 2: (24000,650000) ops and (14786.2,15702.2) ops/second in (1.623134,41.395363) seconds
2026/05/26-12:04:40  ... thread 0: (1000,680000) ops and (821.1,16211.5) ops/second in (1.217944,41.945529) seconds
2026/05/26-12:04:40  ... thread 1: (3000,674000) ops and (2501.5,16037.5) ops/second in (1.199260,42.026541) seconds
2026/05/26-12:04:41  ... thread 3: (5000,679000) ops and (3377.7,16115.9) ops/second in (1.480290,42.132355) seconds
2026/05/26-12:04:41  ... thread 2: (2000,652000) ops and (1671.2,15308.0) ops/second in (1.196723,42.592086) seconds
2026/05/26-12:04:41  ... thread 0: (2000,682000) ops and (1800.8,15839.8) ops/second in (1.110631,43.056160) seconds
2026/05/26-12:04:42  ... thread 1: (3000,677000) ops and (1629.8,15432.9) ops/second in (1.840707,43.867248) seconds
2026/05/26-12:04:42  ... thread 3: (2000,681000) ops and (1058.2,15469.4) ops/second in (1.890055,44.022410) seconds
2026/05/26-12:04:42  ... thread 2: (3000,655000) ops and (2023.8,14861.2) ops/second in (1.482389,44.074475) seconds
2026/05/26-12:04:43  ... thread 0: (3000,685000) ops and (2248.0,15431.2) ops/second in (1.334497,44.390657) seconds
2026/05/26-12:04:44  ... thread 1: (2000,679000) ops and (1447.2,15005.8) ops/second in (1.381987,45.249235) seconds
2026/05/26-12:04:44  ... thread 2: (2000,657000) ops and (1557.3,14484.5) ops/second in (1.284270,45.358745) seconds
2026/05/26-12:04:44  ... thread 0: (1000,686000) ops and (937.3,15091.0) ops/second in (1.066942,45.457599) seconds
2026/05/26-12:04:44  ... thread 3: (3000,684000) ops and (1806.8,14972.8) ops/second in (1.660395,45.682805) seconds
2026/05/26-12:04:45  ... thread 2: (3000,660000) ops and (2799.6,14214.8) ops/second in (1.071578,46.430323) seconds
2026/05/26-12:04:45  ... thread 0: (2000,688000) ops and (1781.3,14770.2) ops/second in (1.122756,46.580355) seconds
2026/05/26-12:04:45  ... thread 1: (2000,681000) ops and (1304.3,14556.7) ops/second in (1.533352,46.782587) seconds
2026/05/26-12:04:45  ... thread 3: (1000,685000) ops and (806.2,14598.3) ops/second in (1.240373,46.923178) seconds
2026/05/26-12:04:46  ... thread 0: (2000,690000) ops and (1903.9,14486.4) ops/second in (1.050449,47.630804) seconds
2026/05/26-12:04:46  ... thread 2: (2000,662000) ops and (1556.4,13873.9) ops/second in (1.285026,47.715349) seconds
2026/05/26-12:04:46  ... thread 1: (2000,683000) ops and (1872.2,14273.5) ops/second in (1.068245,47.850832) seconds
2026/05/26-12:04:46  ... thread 3: (1000,686000) ops and (858.1,14265.3) ops/second in (1.165392,48.088570) seconds
2026/05/26-12:04:47  ... thread 0: (2000,692000) ops and (1925.0,14218.3) ops/second in (1.038988,48.669792) seconds
2026/05/26-12:04:47  ... thread 1: (2000,685000) ops and (1832.7,13996.1) ops/second in (1.091302,48.942134) seconds
2026/05/26-12:04:47  ... thread 2: (2000,664000) ops and (1569.0,13553.8) ops/second in (1.274695,48.990044) seconds
2026/05/26-12:04:48  ... thread 3: (2000,688000) ops and (1632.0,13951.4) ops/second in (1.225516,49.314086) seconds
2026/05/26-12:04:48  ... thread 0: (1000,693000) ops and (860.7,13906.8) ops/second in (1.161835,49.831627) seconds
2026/05/26-12:04:49  ... thread 2: (3000,667000) ops and (2415.4,13278.4) ops/second in (1.242010,50.232054) seconds
2026/05/26-12:04:49  ... thread 3: (2000,690000) ops and (1873.8,13695.5) ops/second in (1.067359,50.381445) seconds
2026/05/26-12:04:49  ... thread 1: (2000,687000) ops and (1239.9,13589.1) ops/second in (1.613012,50.555146) seconds
2026/05/26-12:04:50  ... thread 2: (1000,668000) ops and (967.1,13030.1) ops/second in (1.034044,51.266098) seconds
2026/05/26-12:04:50  ... thread 3: (2000,692000) ops and (1701.8,13422.1) ops/second in (1.175212,51.556657) seconds
2026/05/26-12:04:50  ... thread 0: (2000,695000) ops and (1098.9,13455.5) ops/second in (1.819963,51.651590) seconds
2026/05/26-12:04:51  ... thread 1: (2000,689000) ops and (1105.4,13157.8) ops/second in (1.809252,52.364398) seconds
2026/05/26-12:04:51  ... thread 3: (2000,694000) ops and (1973.5,13201.4) ops/second in (1.013417,52.570074) seconds
2026/05/26-12:04:51  ... thread 2: (1000,669000) ops and (537.4,12592.5) ops/second in (1.860740,53.126838) seconds
2026/05/26-12:04:52  ... thread 0: (1000,696000) ops and (553.9,13019.8) ops/second in (1.805513,53.457103) seconds
2026/05/26-12:04:52  ... thread 1: (1000,690000) ops and (802.5,12870.6) ops/second in (1.246080,53.610478) seconds
2026/05/26-12:04:52  ... thread 3: (2000,696000) ops and (1532.3,12918.7) ops/second in (1.305191,53.875265) seconds
2026/05/26-12:04:53  ... thread 2: (1000,670000) ops and (808.2,12324.3) ops/second in (1.237382,54.364220) seconds
2026/05/26-12:04:53  ... thread 0: (1000,697000) ops and (840.9,12754.8) ops/second in (1.189147,54.646250) seconds
2026/05/26-12:04:53  ... thread 1: (2000,692000) ops and (1862.7,12654.5) ops/second in (1.073702,54.684180) seconds
2026/05/26-12:04:53  ... thread 3: (1000,697000) ops and (817.2,12650.0) ops/second in (1.223709,55.098974) seconds
2026/05/26-12:04:54  ... thread 2: (1000,671000) ops and (925.5,12102.1) ops/second in (1.080541,55.444761) seconds
2026/05/26-12:04:54  ... thread 0: (1000,698000) ops and (945.4,12530.5) ops/second in (1.057803,55.704053) seconds
2026/05/26-12:04:55  ... thread 3: (1000,698000) ops and (863.0,12407.2) ops/second in (1.158711,56.257685) seconds
2026/05/26-12:04:55  ... thread 2: (2000,673000) ops and (1539.7,11860.3) ops/second in (1.298962,56.743723) seconds
2026/05/26-12:04:55  ... thread 1: (2000,694000) ops and (931.3,12211.5) ops/second in (2.147545,56.831725) seconds
2026/05/26-12:04:55  ... thread 0: (1000,699000) ops and (825.3,12281.3) ops/second in (1.211752,56.915805) seconds
2026/05/26-12:04:56  ... thread 3: (1000,699000) ops and (940.6,12194.5) ops/second in (1.063146,57.320831) seconds
2026/05/26-12:04:56  ... thread 2: (1000,674000) ops and (740.7,11601.9) ops/second in (1.350031,58.093754) seconds
2026/05/26-12:04:57  ... thread 3: (2000,701000) ops and (1411.6,11934.4) ops/second in (1.416825,58.737656) seconds
2026/05/26-12:04:57  ... thread 1: (1000,695000) ops and (504.3,11816.7) ops/second in (1.983114,58.814839) seconds
2026/05/26-12:04:57  ... thread 0: (3000,702000) ops and (1416.0,11891.4) ops/second in (2.118618,59.034423) seconds
2026/05/26-12:04:58  ... thread 1: (1000,696000) ops and (968.3,11629.5) ops/second in (1.032761,59.847600) seconds
2026/05/26-12:04:58  ... thread 2: (2000,676000) ops and (1039.8,11263.4) ops/second in (1.923531,60.017285) seconds
2026/05/26-12:04:59  ... thread 3: (2000,703000) ops and (1265.7,11654.9) ops/second in (1.580178,60.317834) seconds
2026/05/26-12:04:59  ... thread 0: (1000,703000) ops and (717.6,11633.7) ops/second in (1.393476,60.427899) seconds
2026/05/26-12:05:00  ... thread 3: (1000,704000) ops and (955.3,11472.4) ops/second in (1.046802,61.364636) seconds
2026/05/26-12:05:00  ... thread 1: (2000,698000) ops and (1196.1,11346.0) ops/second in (1.672090,61.519690) seconds
2026/05/26-12:05:00  ... thread 0: (1000,704000) ops and (880.2,11435.2) ops/second in (1.136153,61.564052) seconds
2026/05/26-12:05:01  ... thread 2: (2000,678000) ops and (935.7,10908.3) ops/second in (2.137343,62.154628) seconds
2026/05/26-12:05:01  ... thread 3: (2000,706000) ops and (1309.0,11225.5) ops/second in (1.527857,62.892493) seconds
2026/05/26-12:05:02  ... thread 1: (2000,700000) ops and (1040.4,11033.7) ops/second in (1.922425,63.442115) seconds
2026/05/26-12:05:02  ... thread 2: (2000,680000) ops and (1332.1,10682.4) ops/second in (1.501360,63.655988) seconds
2026/05/26-12:05:02  ... thread 0: (1000,705000) ops and (455.1,11056.9) ops/second in (2.197325,63.761377) seconds
2026/05/26-12:05:03  ... thread 1: (2000,702000) ops and (1392.0,10820.2) ops/second in (1.436749,64.878864) seconds
2026/05/26-12:05:03  ... thread 3: (2000,708000) ops and (942.2,10889.7) ops/second in (2.122775,65.015268) seconds
2026/05/26-12:05:04  ... thread 2: (2000,682000) ops and (1355.7,10471.2) ops/second in (1.475206,65.131194) seconds
2026/05/26-12:05:04  ... thread 0: (1000,706000) ops and (663.9,10817.0) ops/second in (1.506206,65.267583) seconds
2026/05/26-12:05:04  ... thread 1: (2000,704000) ops and (1695.3,10657.2) ops/second in (1.179726,66.058590) seconds
2026/05/26-12:05:05  ... thread 3: (1000,709000) ops and (725.8,10678.8) ops/second in (1.377869,66.393137) seconds
2026/05/26-12:05:05  ... thread 2: (1000,683000) ops and (749.8,10276.1) ops/second in (1.333716,66.464910) seconds
2026/05/26-12:05:05  ... thread 0: (1000,707000) ops and (731.9,10610.2) ops/second in (1.366370,66.633953) seconds
2026/05/26-12:05:06  ... thread 1: (17000,721000) ops and (15858.5,10740.3) ops/second in (1.071980,67.130570) seconds
2026/05/26-12:05:06  ... thread 3: (19000,728000) ops and (18186.6,10795.1) ops/second in (1.044727,67.437864) seconds
2026/05/26-12:05:06  ... thread 2: (20000,703000) ops and (19625.3,10417.3) ops/second in (1.019091,67.484001) seconds
2026/05/26-12:05:06  ... thread 0: (24000,731000) ops and (23166.8,10802.4) ops/second in (1.035965,67.669918) seconds
2026/05/26-12:05:07  ... thread 1: (20000,741000) ops and (19642.2,10873.3) ops/second in (1.018214,68.148784) seconds
2026/05/26-12:05:07  ... thread 3: (24000,752000) ops and (23831.9,10986.9) ops/second in (1.007053,68.444917) seconds
2026/05/26-12:05:07  ... thread 2: (22000,725000) ops and (21995.5,10586.4) ops/second in (1.000204,68.484205) seconds
2026/05/26-12:05:07  ... thread 0: (20000,751000) ops and (14081.6,10869.8) ops/second in (1.420292,69.090210) seconds
2026/05/26-12:05:08  ... thread 1: (14000,755000) ops and (13761.7,10915.8) ops/second in (1.017318,69.166102) seconds
2026/05/26-12:05:08  ... thread 3: (13000,765000) ops and (12764.0,11013.0) ops/second in (1.018493,69.463410) seconds
2026/05/26-12:05:08  ... thread 2: (13000,738000) ops and (12928.8,10620.3) ops/second in (1.005508,69.489713) seconds
2026/05/26-12:05:08  ... thread 0: (28000,779000) ops and (27686.8,11112.5) ops/second in (1.011312,70.101522) seconds
2026/05/26-12:05:09  ... thread 1: (30000,785000) ops and (28816.4,11181.2) ops/second in (1.041074,70.207176) seconds
2026/05/26-12:05:09  ... thread 3: (23000,788000) ops and (22600.2,11180.3) ops/second in (1.017690,70.481100) seconds
2026/05/26-12:05:09  ... thread 2: (22000,760000) ops and (20820.8,10773.1) ops/second in (1.056636,70.546349) seconds
2026/05/26-12:05:09  ... thread 0: (28000,807000) ops and (27713.9,11348.3) ops/second in (1.010322,71.111844) seconds
2026/05/26-12:05:10  ... thread 1: (26000,811000) ops and (25534.7,11386.4) ops/second in (1.018222,71.225398) seconds
2026/05/26-12:05:10  ... thread 3: (32000,820000) ops and (28672.1,11453.0) ops/second in (1.116067,71.597167) seconds
2026/05/26-12:05:10  ... thread 2: (29000,789000) ops and (27232.7,11017.8) ops/second in (1.064896,71.611245) seconds
2026/05/26-12:05:10  ... thread 0: (25000,832000) ops and (24834.9,11536.6) ops/second in (1.006649,72.118493) seconds
2026/05/26-12:05:11  ... thread 1: (23000,834000) ops and (22381.7,11542.8) ops/second in (1.027625,72.253023) seconds
2026/05/26-12:05:11  ... thread 2: (31000,820000) ops and (20475.4,11213.6) ops/second in (1.514012,73.125257) seconds
2026/05/26-12:05:12  ... thread 0: (14000,846000) ops and (13566.9,11565.2) ops/second in (1.031925,73.150418) seconds
2026/05/26-12:05:12  ... thread 3: (33000,853000) ops and (21070.5,11658.8) ops/second in (1.566171,73.163338) seconds
2026/05/26-12:05:12  ... thread 1: (16000,850000) ops and (15605.4,11599.6) ops/second in (1.025287,73.278310) seconds
2026/05/26-12:05:13  ... thread 0: (32000,878000) ops and (29889.8,11829.5) ops/second in (1.070600,74.221018) seconds
2026/05/26-12:05:13  ... thread 3: (28000,881000) ops and (20114.7,11816.7) ops/second in (1.392019,74.555357) seconds
2026/05/26-12:05:13  ... thread 1: (26000,876000) ops and (16043.7,11695.8) ops/second in (1.620571,74.898881) seconds
2026/05/26-12:05:14  ... thread 0: (1000,879000) ops and (798.5,11646.5) ops/second in (1.252380,75.473398) seconds
2026/05/26-12:05:14  ... thread 3: (2000,883000) ops and (1307.1,11605.4) ops/second in (1.530161,76.085518) seconds
2026/05/26-12:05:15  ... thread 2: (32000,852000) ops and (10238.6,11173.7) ops/second in (3.125414,76.250671) seconds
2026/05/26-12:05:15  ... thread 1: (1000,877000) ops and (519.1,11415.5) ops/second in (1.926446,76.825327) seconds
2026/05/26-12:05:16  ... thread 0: (1000,880000) ops and (486.1,11350.4) ops/second in (2.057010,77.530408) seconds
2026/05/26-12:05:16  ... thread 3: (1000,884000) ops and (591.6,11366.0) ops/second in (1.690296,77.775814) seconds
2026/05/26-12:05:16  ... thread 1: (1000,878000) ops and (894.8,11264.7) ops/second in (1.117566,77.942893) seconds
2026/05/26-12:05:17  ... thread 2: (2000,854000) ops and (843.1,10862.0) ops/second in (2.372126,78.622797) seconds
2026/05/26-12:05:18  ... thread 1: (1000,879000) ops and (774.6,11093.7) ops/second in (1.291017,79.233910) seconds
2026/05/26-12:05:18  ... thread 3: (1000,885000) ops and (676.1,11166.5) ops/second in (1.479014,79.254828) seconds
2026/05/26-12:05:18  ... thread 0: (2000,882000) ops and (902.8,11060.1) ops/second in (2.215410,79.745818) seconds
2026/05/26-12:05:19  ... thread 3: (1000,886000) ops and (633.2,10960.7) ops/second in (1.579261,80.834089) seconds
2026/05/26-12:05:19  ... thread 1: (2000,881000) ops and (1179.4,10886.0) ops/second in (1.695798,80.929708) seconds
2026/05/26-12:05:20  ... thread 2: (1000,855000) ops and (363.9,10507.5) ops/second in (2.747987,81.370784) seconds
2026/05/26-12:05:21  ... thread 0: (2000,884000) ops and (760.5,10731.3) ops/second in (2.629942,82.375760) seconds
2026/05/26-12:05:21  ... thread 2: (2000,857000) ops and (1707.3,10382.6) ops/second in (1.171421,82.542205) seconds
2026/05/26-12:05:21  ... thread 3: (1000,887000) ops and (470.9,10692.2) ops/second in (2.123557,82.957646) seconds
2026/05/26-12:05:22  ... thread 1: (1000,882000) ops and (427.3,10592.0) ops/second in (2.340417,83.270125) seconds
2026/05/26-12:05:22  ... thread 0: (1000,885000) ops and (741.2,10570.3) ops/second in (1.349192,83.724952) seconds
2026/05/26-12:05:23  ... thread 2: (1000,858000) ops and (581.1,10182.4) ops/second in (1.720867,84.263072) seconds
2026/05/26-12:05:23  ... thread 3: (2000,889000) ops and (1236.4,10511.4) ops/second in (1.617580,84.575226) seconds
2026/05/26-12:05:23  ... thread 0: (1000,886000) ops and (895.1,10442.9) ops/second in (1.117207,84.842159) seconds
2026/05/26-12:05:24  ... thread 2: (1000,859000) ops and (966.4,10070.6) ops/second in (1.034775,85.297847) seconds
2026/05/26-12:05:24  ... thread 3: (1000,890000) ops and (999.0,10400.1) ops/second in (1.000995,85.576221) seconds
2026/05/26-12:05:24  ... thread 1: (1000,883000) ops and (387.8,10285.5) ops/second in (2.578860,85.848985) seconds
2026/05/26-12:05:25  ... thread 0: (1000,887000) ops and (526.1,10225.6) ops/second in (1.900645,86.742804) seconds
2026/05/26-12:05:26  ... thread 3: (1000,891000) ops and (624.9,10220.6) ops/second in (1.600356,87.176577) seconds
2026/05/26-12:05:26  ... thread 1: (2000,885000) ops and (1320.6,10130.1) ops/second in (1.514435,87.363420) seconds
2026/05/26-12:05:26  ... thread 0: (1000,888000) ops and (744.7,10081.1) ops/second in (1.342824,88.085628) seconds
2026/05/26-12:05:27  ... thread 2: (2000,861000) ops and (645.5,9740.3) ops/second in (3.098236,88.396083) seconds
2026/05/26-12:05:27  ... thread 3: (1000,892000) ops and (729.0,10073.6) ops/second in (1.371827,88.548404) seconds
2026/05/26-12:05:27  ... thread 1: (1000,886000) ops and (602.3,9952.4) ops/second in (1.660313,89.023733) seconds
2026/05/26-12:05:28  ... thread 0: (1000,889000) ops and (854.9,9960.2) ops/second in (1.169793,89.255421) seconds
2026/05/26-12:05:28  ... thread 2: (1000,862000) ops and (863.0,9625.4) ops/second in (1.158728,89.554811) seconds
2026/05/26-12:05:28  ... thread 3: (1000,893000) ops and (684.8,9921.3) ops/second in (1.460210,90.008614) seconds
2026/05/26-12:05:29  ... thread 0: (1000,890000) ops and (666.6,9806.6) ops/second in (1.500049,90.755470) seconds
2026/05/26-12:05:29  ... thread 1: (1000,887000) ops and (539.9,9760.6) ops/second in (1.852055,90.875788) seconds
2026/05/26-12:05:30  ... thread 3: (1000,894000) ops and (703.5,9778.0) ops/second in (1.421559,91.430173) seconds
2026/05/26-12:05:30  ... thread 2: (2000,864000) ops and (844.3,9399.1) ops/second in (2.368821,91.923632) seconds
2026/05/26-12:05:31  ... thread 0: (1000,891000) ops and (678.0,9660.6) ops/second in (1.475014,92.230484) seconds
2026/05/26-12:05:31  ... thread 3: (1000,895000) ops and (751.8,9648.5) ops/second in (1.330149,92.760322) seconds
2026/05/26-12:05:32  ... thread 1: (2000,889000) ops and (680.5,9476.1) ops/second in (2.939095,93.814883) seconds
2026/05/26-12:05:32  ... thread 2: (2000,866000) ops and (909.5,9200.8) ops/second in (2.198966,94.122598) seconds
2026/05/26-12:05:33  ... thread 0: (1000,892000) ops and (454.5,9446.1) ops/second in (2.200344,94.430828) seconds
2026/05/26-12:05:34  ... thread 3: (2000,897000) ops and (758.4,9402.8) ops/second in (2.637100,95.397422) seconds
2026/05/26-12:05:34  ... thread 0: (1000,893000) ops and (650.6,9305.2) ops/second in (1.536954,95.967782) seconds
2026/05/26-12:05:35  ... thread 1: (2000,891000) ops and (805.9,9252.7) ops/second in (2.481778,96.296661) seconds
2026/05/26-12:05:35  ... thread 2: (2000,868000) ops and (815.8,8987.9) ops/second in (2.451656,96.574254) seconds
2026/05/26-12:05:35  ... thread 3: (1000,898000) ops and (846.4,9298.1) ops/second in (1.181420,96.578842) seconds
2026/05/26-12:05:35  ... thread 0: (12000,905000) ops and (11759.9,9331.0) ops/second in (1.020421,96.988203) seconds
2026/05/26-12:05:36  ... thread 1: (22000,913000) ops and (21801.3,9382.8) ops/second in (1.009115,97.305776) seconds
2026/05/26-12:05:36  ... thread 3: (24000,922000) ops and (23647.8,9447.3) ops/second in (1.014894,97.593736) seconds
2026/05/26-12:05:36  ... thread 2: (25000,893000) ops and (24357.7,9149.5) ops/second in (1.026370,97.600624) seconds
2026/05/26-12:05:36  ... thread 0: (19000,924000) ops and (18876.4,9429.1) ops/second in (1.006550,97.994753) seconds
2026/05/26-12:05:37  ... thread 1: (26000,939000) ops and (25990.8,9551.8) ops/second in (1.000353,98.306129) seconds
2026/05/26-12:05:37  ... thread 3: (22000,944000) ops and (15122.2,9530.7) ops/second in (1.454814,99.048550) seconds
2026/05/26-12:05:37  ... thread 0: (12000,936000) ops and (11343.5,9449.5) ops/second in (1.057870,99.052623) seconds
2026/05/26-12:05:37  ... thread 2: (19000,912000) ops and (12996.8,9206.3) ops/second in (1.461903,99.062527) seconds
2026/05/26-12:05:38  ... thread 1: (12000,951000) ops and (11966.2,9576.2) ops/second in (1.002823,99.308952) seconds
2026/05/26-12:05:38  ... thread 0: (26000,962000) ops and (25816.5,9614.3) ops/second in (1.007109,100.059732) seconds
2026/05/26-12:05:38  ... thread 3: (27000,971000) ops and (26421.7,9703.2) ops/second in (1.021889,100.070439) seconds
2026/05/26-12:05:38  ... thread 2: (24000,936000) ops and (23160.1,9350.8) ops/second in (1.036263,100.098790) seconds
2026/05/26-12:05:39  ... thread 1: (24000,975000) ops and (22015.5,9711.2) ops/second in (1.090139,100.399091) seconds
2026/05/26-12:05:39  ... thread 3: (22000,993000) ops and (21629.1,9823.2) ops/second in (1.017147,101.087586) seconds
2026/05/26-12:05:39  ... thread 0: (24000,986000) ops and (23367.5,9754.0) ops/second in (1.027067,101.086799) seconds
2026/05/26-12:05:39  ... thread 2: (22000,958000) ops and (21915.8,9475.5) ops/second in (1.003842,101.102632) seconds
2026/05/26-12:05:40  ... thread 1: (30000,1005000) ops and (29236.3,9908.8) ops/second in (1.026121,101.425212) seconds
2026/05/26-12:05:40  ... thread 0: (24000,1010000) ops and (23695.8,9892.3) ops/second in (1.012838,102.099637) seconds
2026/05/26-12:05:40  ... thread 2: (25000,983000) ops and (24474.6,9625.5) ops/second in (1.021468,102.124100) seconds
2026/05/26-12:05:41  ... thread 3: (26000,1019000) ops and (24832.4,9977.0) ops/second in (1.047019,102.134605) seconds
2026/05/26-12:05:41  ... thread 1: (19000,1024000) ops and (14534.3,9967.6) ops/second in (1.307251,102.732463) seconds
2026/05/26-12:05:42  ... thread 2: (15000,998000) ops and (14877.1,9676.9) ops/second in (1.008264,103.132364) seconds
2026/05/26-12:05:42  ... thread 0: (16000,1026000) ops and (15545.5,9948.7) ops/second in (1.029239,103.128876) seconds
2026/05/26-12:05:42  ... thread 3: (17000,1036000) ops and (16592.5,10042.7) ops/second in (1.024561,103.159166) seconds
2026/05/26-12:05:42  ... thread 1: (14000,1038000) ops and (11343.2,9984.0) ops/second in (1.234220,103.966683) seconds
2026/05/26-12:05:43  ... thread 0: (3000,1029000) ops and (2798.3,9875.1) ops/second in (1.072087,104.200963) seconds
2026/05/26-12:05:43  ... thread 2: (3000,1001000) ops and (2407.1,9590.1) ops/second in (1.246316,104.378680) seconds
2026/05/26-12:05:44  ... thread 3: (3000,1039000) ops and (1186.0,9830.8) ops/second in (2.529572,105.688738) seconds
2026/05/26-12:05:44  ... thread 0: (1000,1030000) ops and (612.6,9732.3) ops/second in (1.632351,105.833314) seconds
2026/05/26-12:05:45  ... thread 1: (1000,1039000) ops and (364.1,9736.4) ops/second in (2.746419,106.713102) seconds
2026/05/26-12:05:45  ... thread 2: (1000,1002000) ops and (420.3,9385.7) ops/second in (2.379056,106.757736) seconds
2026/05/26-12:05:46  ... thread 0: (1000,1031000) ops and (492.0,9558.2) ops/second in (2.032512,107.865826) seconds
2026/05/26-12:05:47  ... thread 2: (1000,1003000) ops and (625.9,9256.6) ops/second in (1.597611,108.355347) seconds
2026/05/26-12:05:47  ... thread 3: (1000,1040000) ops and (297.8,9537.2) ops/second in (3.357558,109.046296) seconds
2026/05/26-12:05:48  ... thread 0: (1000,1032000) ops and (678.6,9438.5) ops/second in (1.473650,109.339476) seconds
2026/05/26-12:05:48  ... thread 1: (1000,1040000) ops and (339.1,9483.7) ops/second in (2.948725,109.661827) seconds
2026/05/26-12:05:49  ... thread 2: (1000,1004000) ops and (429.0,9070.7) ops/second in (2.331266,110.686613) seconds
2026/05/26-12:05:50  ... thread 1: (1000,1041000) ops and (645.6,9360.6) ops/second in (1.549004,111.210831) seconds
2026/05/26-12:05:50  ... thread 3: (1000,1041000) ops and (417.9,9341.4) ops/second in (2.392925,111.439221) seconds
2026/05/26-12:05:50  ... thread 0: (1000,1033000) ops and (362.9,9215.4) ops/second in (2.755761,112.095237) seconds
2026/05/26-12:05:52  ... thread 3: (1000,1042000) ops and (473.8,9176.6) ops/second in (2.110784,113.550005) seconds
2026/05/26-12:05:53  ... thread 0: (1000,1034000) ops and (478.3,9055.4) ops/second in (2.090671,114.185908) seconds
2026/05/26-12:05:53  ... thread 1: (1000,1042000) ops and (317.9,9111.9) ops/second in (3.145509,114.356340) seconds
2026/05/26-12:05:53  ... thread 2: (1000,1005000) ops and (226.9,8732.0) ops/second in (4.407855,115.094468) seconds
2026/05/26-12:05:54  ... thread 0: (1000,1035000) ops and (649.4,8943.6) ops/second in (1.539921,115.725829) seconds
2026/05/26-12:05:54  ... thread 3: (1000,1043000) ops and (456.8,9011.6) ops/second in (2.189075,115.739080) seconds
2026/05/26-12:05:54  ... thread 1: (1000,1043000) ops and (577.7,8984.6) ops/second in (1.730916,116.087256) seconds
2026/05/26-12:05:56  ... thread 3: (1000,1044000) ops and (534.6,8876.8) ops/second in (1.870691,117.609771) seconds
2026/05/26-12:05:56  ... thread 2: (1000,1006000) ops and (390.4,8550.4) ops/second in (2.561463,117.655931) seconds
2026/05/26-12:05:57  ... thread 1: (1000,1044000) ops and (452.0,8825.1) ops/second in (2.212153,118.299409) seconds
2026/05/26-12:05:57  ... thread 0: (1000,1036000) ops and (316.7,8714.4) ops/second in (3.157980,118.883809) seconds
2026/05/26-12:05:58  ... thread 2: (1000,1007000) ops and (625.4,8444.1) ops/second in (1.598858,119.254789) seconds
2026/05/26-12:05:59  ... thread 0: (1000,1037000) ops and (602.3,8602.7) ops/second in (1.660366,120.544175) seconds
2026/05/26-12:05:59  ... thread 1: (1000,1045000) ops and (367.3,8634.8) ops/second in (2.722596,121.022005) seconds
2026/05/26-12:06:00  ... thread 3: (1000,1045000) ops and (270.4,8614.4) ops/second in (3.698440,121.308211) seconds
2026/05/26-12:06:00  ... thread 2: (1000,1008000) ops and (397.4,8277.8) ops/second in (2.516627,121.771416) seconds
2026/05/26-12:06:01  ... thread 1: (1000,1046000) ops and (554.9,8516.3) ops/second in (1.801984,122.823989) seconds
2026/05/26-12:06:02  ... thread 0: (1000,1038000) ops and (354.8,8414.2) ops/second in (2.818319,123.362494) seconds
2026/05/26-12:06:02  ... thread 3: (1000,1046000) ops and (417.1,8455.6) ops/second in (2.397390,123.705601) seconds
2026/05/26-12:06:03  ... thread 1: (1000,1047000) ops and (545.0,8398.9) ops/second in (1.835016,124.659005) seconds
2026/05/26-12:06:03  ... thread 2: (1000,1009000) ops and (336.9,8088.9) ops/second in (2.967881,124.739297) seconds
2026/05/26-12:06:04  ... thread 1: (1000,1048000) ops and (699.7,8311.6) ops/second in (1.429215,126.088220) seconds
2026/05/26-12:06:05  ... thread 0: (1000,1039000) ops and (360.0,8236.9) ops/second in (2.777650,126.140144) seconds
2026/05/26-12:06:05  ... thread 3: (1000,1047000) ops and (359.0,8277.2) ops/second in (2.785690,126.491291) seconds
2026/05/26-12:06:05  ... thread 2: (1000,1010000) ops and (486.5,7965.6) ops/second in (2.055325,126.794622) seconds
2026/05/26-12:06:07  ... thread 3: (1000,1048000) ops and (558.5,8169.5) ops/second in (1.790373,128.281664) seconds
2026/05/26-12:06:07  ... thread 2: (1000,1011000) ops and (590.6,7868.5) ops/second in (1.693183,128.487805) seconds
2026/05/26-12:06:07  ... thread 1: (1000,1049000) ops and (332.2,8125.6) ops/second in (3.010372,129.098592) seconds
2026/05/26-12:06:08  ... thread 0: (1000,1040000) ops and (299.5,8032.2) ops/second in (3.338539,129.478683) seconds
2026/05/26-12:06:09  ... thread 3: (1000,1049000) ops and (416.7,8027.1) ops/second in (2.399922,130.681586) seconds
2026/05/26-12:06:09  ... thread 2: (1000,1012000) ops and (407.3,7728.6) ops/second in (2.455238,130.943043) seconds
2026/05/26-12:06:10  ... thread 0: (1000,1041000) ops and (549.2,7928.4) ops/second in (1.820867,131.299550) seconds
2026/05/26-12:06:11  ... thread 1: (1000,1050000) ops and (323.4,7943.1) ops/second in (3.092310,132.190902) seconds
2026/05/26-12:06:11  ... thread 2: (1000,1013000) ops and (795.0,7662.6) ops/second in (1.257930,132.200973) seconds
2026/05/26-12:06:11  ... thread 3: (1000,1050000) ops and (657.6,7942.4) ops/second in (1.520714,132.202300) seconds
2026/05/26-12:06:11  ... thread 0: (3000,1044000) ops and (2897.2,7889.1) ops/second in (1.035497,132.335047) seconds
2026/05/26-12:06:12  ... thread 1: (22000,1072000) ops and (21676.4,8047.7) ops/second in (1.014929,133.205831) seconds
2026/05/26-12:06:12  ... thread 3: (21000,1071000) ops and (19802.3,8036.8) ops/second in (1.060482,133.262782) seconds
2026/05/26-12:06:12  ... thread 2: (31000,1044000) ops and (29111.6,7834.0) ops/second in (1.064866,133.265839) seconds
2026/05/26-12:06:12  ... thread 0: (21000,1065000) ops and (20625.1,7986.3) ops/second in (1.018178,133.353225) seconds
2026/05/26-12:06:13  ... thread 1: (19000,1091000) ops and (18360.1,8127.2) ops/second in (1.034851,134.240682) seconds
2026/05/26-12:06:13  ... thread 2: (21000,1065000) ops and (20214.9,7929.7) ops/second in (1.038837,134.304676) seconds
2026/05/26-12:06:13  ... thread 3: (23000,1094000) ops and (21981.5,8145.4) ops/second in (1.046333,134.309115) seconds
2026/05/26-12:06:13  ... thread 0: (23000,1088000) ops and (22520.3,8096.8) ops/second in (1.021299,134.374524) seconds
2026/05/26-12:06:14  ... thread 1: (19000,1110000) ops and (18305.7,8205.3) ops/second in (1.037927,135.278609) seconds
2026/05/26-12:06:14  ... thread 2: (17000,1082000) ops and (16910.1,7996.5) ops/second in (1.005318,135.309994) seconds
2026/05/26-12:06:14  ... thread 3: (19000,1113000) ops and (18616.0,8224.4) ops/second in (1.020626,135.329741) seconds
2026/05/26-12:06:14  ... thread 0: (18000,1106000) ops and (17951.1,8169.8) ops/second in (1.002723,135.377247) seconds
2026/05/26-12:06:15  ... thread 1: (25000,1135000) ops and (24863.7,8328.2) ops/second in (1.005480,136.284089) seconds
2026/05/26-12:06:15  ... thread 2: (27000,1109000) ops and (26093.2,8133.8) ops/second in (1.034751,136.344745) seconds
2026/05/26-12:06:15  ... thread 3: (25000,1138000) ops and (24139.2,8345.2) ops/second in (1.035659,136.365400) seconds
2026/05/26-12:06:15  ... thread 0: (24000,1130000) ops and (23097.7,8283.5) ops/second in (1.039064,136.416311) seconds
2026/05/26-12:06:16  ... thread 1: (20000,1155000) ops and (19883.1,8412.9) ops/second in (1.005878,137.289967) seconds
2026/05/26-12:06:16  ... thread 3: (17000,1155000) ops and (16893.0,8407.8) ops/second in (1.006332,137.371732) seconds
2026/05/26-12:06:16  ... thread 2: (21000,1130000) ops and (20285.1,8225.4) ops/second in (1.035242,137.379987) seconds
2026/05/26-12:06:16  ... thread 0: (21000,1151000) ops and (19726.8,8372.1) ops/second in (1.064541,137.480852) seconds
2026/05/26-12:06:17  ... thread 1: (25000,1180000) ops and (23834.3,8529.8) ops/second in (1.048907,138.338874) seconds
2026/05/26-12:06:17  ... thread 3: (26000,1181000) ops and (25938.0,8534.8) ops/second in (1.002392,138.374124) seconds
2026/05/26-12:06:17  ... thread 2: (24000,1154000) ops and (23797.4,8338.8) ops/second in (1.008513,138.388500) seconds
2026/05/26-12:06:17  ... thread 0: (27000,1178000) ops and (26511.2,8505.5) ops/second in (1.018438,138.499290) seconds
2026/05/26-12:06:18  ... thread 1: (23000,1203000) ops and (22282.0,8631.6) ops/second in (1.032222,139.371096) seconds
2026/05/26-12:06:18  ... thread 3: (26000,1207000) ops and (25726.5,8659.5) ops/second in (1.010633,139.384757) seconds
2026/05/26-12:06:18  ... thread 2: (29000,1183000) ops and (28430.2,8485.9) ops/second in (1.020041,139.408541) seconds
2026/05/26-12:06:18  ... thread 0: (25000,1203000) ops and (23676.6,8620.2) ops/second in (1.055894,139.555184) seconds
2026/05/26-12:06:19  ... thread 1: (14000,1217000) ops and (8306.2,8627.7) ops/second in (1.685479,141.056575) seconds
2026/05/26-12:06:20  ... thread 3: (16000,1223000) ops and (8607.8,8658.8) ops/second in (1.858782,141.243539) seconds
2026/05/26-12:06:20  ... thread 0: (11000,1214000) ops and (5767.6,8581.8) ops/second in (1.907204,141.462388) seconds
2026/05/26-12:06:20  ... thread 2: (15000,1198000) ops and (6135.2,8445.3) ops/second in (2.444898,141.853439) seconds
2026/05/26-12:06:21  ... thread 3: (1000,1224000) ops and (820.7,8591.8) ops/second in (1.218542,142.462081) seconds
2026/05/26-12:06:21  ... thread 0: (1000,1215000) ops and (754.7,8509.2) ops/second in (1.324968,142.787356) seconds
2026/05/26-12:06:22  ... thread 2: (1000,1199000) ops and (612.2,8356.2) ops/second in (1.633465,143.486904) seconds
2026/05/26-12:06:23  ... thread 1: (1000,1218000) ops and (265.1,8410.0) ops/second in (3.771780,144.828355) seconds
2026/05/26-12:06:23  ... thread 0: (1000,1216000) ops and (465.9,8390.0) ops/second in (2.146277,144.933633) seconds
2026/05/26-12:06:24  ... thread 2: (1000,1200000) ops and (468.4,8240.5) ops/second in (2.134801,145.621705) seconds
2026/05/26-12:06:24  ... thread 3: (1000,1225000) ops and (275.3,8385.0) ops/second in (3.632637,146.094718) seconds
2026/05/26-12:06:26  ... thread 2: (1000,1201000) ops and (493.3,8134.2) ops/second in (2.027323,147.649028) seconds
2026/05/26-12:06:26  ... thread 0: (1000,1217000) ops and (350.0,8234.6) ops/second in (2.857228,147.790861) seconds
2026/05/26-12:06:26  ... thread 3: (1000,1226000) ops and (503.1,8279.2) ops/second in (1.987739,148.082457) seconds
2026/05/26-12:06:27  ... thread 1: (1000,1219000) ops and (301.4,8228.3) ops/second in (3.318216,148.146571) seconds
2026/05/26-12:06:28  ... thread 3: (1000,1227000) ops and (691.2,8205.8) ops/second in (1.446667,149.529124) seconds
2026/05/26-12:06:29  ... thread 0: (1000,1218000) ops and (319.8,8070.6) ops/second in (3.126516,150.917377) seconds
2026/05/26-12:06:30  ... thread 1: (1000,1220000) ops and (320.8,8065.4) ops/second in (3.116731,151.263302) seconds
2026/05/26-12:06:30  ... thread 2: (1000,1202000) ops and (262.8,7936.4) ops/second in (3.805516,151.454544) seconds
2026/05/26-12:06:31  ... thread 3: (1000,1228000) ops and (350.2,8058.6) ops/second in (2.855269,152.384393) seconds
2026/05/26-12:06:32  ... thread 1: (1000,1221000) ops and (490.8,7964.7) ops/second in (2.037414,153.300716) seconds
2026/05/26-12:06:32  ... thread 0: (1000,1219000) ops and (394.8,7943.9) ops/second in (2.533190,153.450567) seconds
2026/05/26-12:06:32  ... thread 2: (1000,1203000) ops and (449.4,7828.0) ops/second in (2.225136,153.679680) seconds
2026/05/26-12:06:33  ... thread 0: (1000,1220000) ops and (598.5,7864.8) ops/second in (1.670946,155.121513) seconds
2026/05/26-12:06:34  ... thread 1: (1000,1222000) ops and (488.6,7866.3) ops/second in (2.046465,155.347181) seconds
2026/05/26-12:06:35  ... thread 2: (1000,1204000) ops and (331.2,7683.5) ops/second in (3.019624,156.699304) seconds
2026/05/26-12:06:35  ... thread 0: (1000,1221000) ops and (618.7,7790.1) ops/second in (1.616402,156.737915) seconds
2026/05/26-12:06:36  ... thread 3: (1000,1229000) ops and (208.2,7818.7) ops/second in (4.803251,157.187644) seconds
2026/05/26-12:06:36  ... thread 0: (1000,1222000) ops and (920.4,7742.8) ops/second in (1.086474,157.824389) seconds
2026/05/26-12:06:38  ... thread 1: (1000,1223000) ops and (246.7,7672.5) ops/second in (4.053094,159.400275) seconds
2026/05/26-12:06:38  ... thread 0: (1000,1223000) ops and (535.0,7658.4) ops/second in (1.869145,159.693534) seconds
2026/05/26-12:06:39  ... thread 3: (1000,1230000) ops and (296.9,7660.9) ops/second in (3.367983,160.555627) seconds
2026/05/26-12:06:39  ... thread 2: (1000,1205000) ops and (242.0,7492.3) ops/second in (4.133084,160.832388) seconds
2026/05/26-12:06:40  ... thread 1: (1000,1224000) ops and (518.3,7586.9) ops/second in (1.929516,161.329791) seconds
2026/05/26-12:06:40  ... thread 0: (1000,1224000) ops and (609.1,7586.7) ops/second in (1.641803,161.335337) seconds
2026/05/26-12:06:40  ... thread 3: (7000,1237000) ops and (6889.2,7656.0) ops/second in (1.016077,161.571704) seconds
2026/05/26-12:06:40  ... thread 2: (15000,1220000) ops and (14887.1,7538.3) ops/second in (1.007585,161.839973) seconds
2026/05/26-12:06:41  ... thread 0: (26000,1250000) ops and (25922.0,7700.0) ops/second in (1.003009,162.338346) seconds
Initializing RocksDB Options from the specified file
Initializing RocksDB Options from command-line flags
Integrated BlobDB: blob cache disabled
Keys:       16 bytes each (+ 0 bytes user-defined timestamp)
Values:     1024 bytes each (512 bytes after compression)
Entries:    1250000
Prefix:    0 bytes
Keys per prefix:    0
RawSize:    1239.8 MB (estimated)
FileSize:   629.4 MB (estimated)
Write rate: 0 bytes/second
Read rate: 0 ops/second
Compression: Snappy
Compression sampling rate: 0
Memtablerep: SkipListFactory
Perf Level: 1
WARNING: Assertions are enabled; benchmarks unnecessarily slow
------------------------------------------------
Initializing RocksDB Options from the specified file
Initializing RocksDB Options from command-line flags
Integrated BlobDB: blob cache disabled
DB path: [/tmp/rocksdb_comp_exp_db]
fillrandom   :     129.788 micros/op 30769 ops/sec 162.499 seconds 5000000 operations;   30.5 MB/s
2026/05/26-12:06:44  ... thread 1: (1000,1000) ops and (366.9,366.9) ops/second in (2.725238,2.725238) seconds
2026/05/26-12:06:44  ... thread 3: (1000,1000) ops and (362.5,362.5) ops/second in (2.758859,2.758859) seconds
2026/05/26-12:06:44  ... thread 0: (1000,1000) ops and (361.7,361.7) ops/second in (2.764429,2.764429) seconds
2026/05/26-12:06:44  ... thread 2: (1000,1000) ops and (361.5,361.5) ops/second in (2.766029,2.766029) seconds
2026/05/26-12:06:45  ... thread 0: (1000,2000) ops and (818.4,501.7) ops/second in (1.221880,3.986309) seconds
2026/05/26-12:06:45  ... thread 1: (1000,2000) ops and (789.5,501.0) ops/second in (1.266652,3.991890) seconds
2026/05/26-12:06:45  ... thread 2: (1000,2000) ops and (797.9,497.6) ops/second in (1.253252,4.019281) seconds
2026/05/26-12:06:45  ... thread 3: (1000,2000) ops and (781.3,495.2) ops/second in (1.279935,4.038794) seconds
2026/05/26-12:06:46  ... thread 1: (1000,3000) ops and (936.4,592.9) ops/second in (1.067874,5.059764) seconds
2026/05/26-12:06:47  ... thread 0: (1000,3000) ops and (385.9,456.1) ops/second in (2.591671,6.577980) seconds
2026/05/26-12:06:47  ... thread 2: (1000,3000) ops and (387.0,454.3) ops/second in (2.583991,6.603272) seconds
2026/05/26-12:06:48  ... thread 3: (1000,3000) ops and (375.8,447.8) ops/second in (2.660858,6.699652) seconds
2026/05/26-12:06:51  ... thread 1: (1000,4000) ops and (201.4,399.0) ops/second in (4.965954,10.025718) seconds
2026/05/26-12:06:52  ... thread 2: (1000,4000) ops and (244.2,373.9) ops/second in (4.095786,10.699058) seconds
2026/05/26-12:06:52  ... thread 0: (1000,4000) ops and (234.9,369.2) ops/second in (4.257141,10.835121) seconds
2026/05/26-12:06:52  ... thread 3: (1000,4000) ops and (238.5,367.2) ops/second in (4.193190,10.892842) seconds
2026/05/26-12:06:56  ... thread 1: (1000,5000) ops and (198.5,331.9) ops/second in (5.038423,15.064141) seconds
2026/05/26-12:06:56  ... thread 0: (1000,5000) ops and (225.1,327.3) ops/second in (4.442342,15.277463) seconds
2026/05/26-12:06:56  ... thread 2: (1000,5000) ops and (217.9,327.0) ops/second in (4.589351,15.288409) seconds
2026/05/26-12:06:56  ... thread 3: (1000,5000) ops and (220.6,324.1) ops/second in (4.533979,15.426821) seconds
2026/05/26-12:06:58  ... thread 1: (1000,6000) ops and (631.3,360.4) ops/second in (1.584023,16.648164) seconds
2026/05/26-12:06:58  ... thread 0: (1000,6000) ops and (697.9,359.1) ops/second in (1.432838,16.710301) seconds
2026/05/26-12:06:58  ... thread 2: (1000,6000) ops and (692.0,358.6) ops/second in (1.445182,16.733591) seconds
2026/05/26-12:06:58  ... thread 3: (1000,6000) ops and (760.0,358.4) ops/second in (1.315831,16.742652) seconds
2026/05/26-12:06:59  ... thread 0: (3000,9000) ops and (2461.1,502.0) ops/second in (1.218956,17.929257) seconds
2026/05/26-12:06:59  ... thread 1: (3000,9000) ops and (2308.0,501.4) ops/second in (1.299828,17.947992) seconds
2026/05/26-12:06:59  ... thread 2: (3000,9000) ops and (2375.3,500.1) ops/second in (1.263012,17.996603) seconds
2026/05/26-12:06:59  ... thread 3: (3000,9000) ops and (2341.8,499.3) ops/second in (1.281056,18.023708) seconds
2026/05/26-12:07:00  ... thread 0: (3000,12000) ops and (2707.2,630.3) ops/second in (1.108149,19.037406) seconds
2026/05/26-12:07:00  ... thread 1: (3000,12000) ops and (2642.8,628.8) ops/second in (1.135151,19.083143) seconds
2026/05/26-12:07:00  ... thread 2: (3000,12000) ops and (2526.3,625.5) ops/second in (1.187510,19.184113) seconds
2026/05/26-12:07:00  ... thread 3: (3000,12000) ops and (2542.2,624.9) ops/second in (1.180087,19.203795) seconds
2026/05/26-12:07:01  ... thread 0: (3000,15000) ops and (2716.5,744.7) ops/second in (1.104364,20.141770) seconds
2026/05/26-12:07:01  ... thread 1: (3000,15000) ops and (2732.9,743.3) ops/second in (1.097732,20.180875) seconds
2026/05/26-12:07:01  ... thread 2: (3000,15000) ops and (2771.8,740.1) ops/second in (1.082320,20.266433) seconds
2026/05/26-12:07:01  ... thread 3: (3000,15000) ops and (2616.7,737.1) ops/second in (1.146482,20.350277) seconds
2026/05/26-12:07:02  ... thread 0: (3000,18000) ops and (2802.2,848.6) ops/second in (1.070587,21.212357) seconds
2026/05/26-12:07:02  ... thread 1: (3000,18000) ops and (2734.2,845.9) ops/second in (1.097218,21.278093) seconds
2026/05/26-12:07:02  ... thread 3: (3000,18000) ops and (2853.9,841.1) ops/second in (1.051194,21.401471) seconds
2026/05/26-12:07:02  ... thread 2: (3000,18000) ops and (2565.3,839.7) ops/second in (1.169467,21.435900) seconds
2026/05/26-12:07:03  ... thread 0: (3000,21000) ops and (2903.1,944.0) ops/second in (1.033388,22.245745) seconds
2026/05/26-12:07:03  ... thread 1: (3000,21000) ops and (2908.8,941.3) ops/second in (1.031341,22.309434) seconds
2026/05/26-12:07:03  ... thread 3: (3000,21000) ops and (2969.9,937.0) ops/second in (1.010135,22.411606) seconds
2026/05/26-12:07:04  ... thread 2: (4000,22000) ops and (3054.6,967.2) ops/second in (1.309495,22.745395) seconds
2026/05/26-12:07:04  ... thread 1: (3000,24000) ops and (2820.2,1026.8) ops/second in (1.063748,23.373182) seconds
2026/05/26-12:07:04  ... thread 0: (4000,25000) ops and (3123.8,1062.6) ops/second in (1.280477,23.526222) seconds
2026/05/26-12:07:05  ... thread 3: (4000,25000) ops and (3096.1,1054.7) ops/second in (1.291959,23.703565) seconds
2026/05/26-12:07:05  ... thread 2: (4000,26000) ops and (3291.2,1085.1) ops/second in (1.215360,23.960755) seconds
2026/05/26-12:07:05  ... thread 1: (4000,28000) ops and (3464.8,1141.6) ops/second in (1.154465,24.527647) seconds
2026/05/26-12:07:06  ... thread 0: (4000,29000) ops and (3169.9,1169.9) ops/second in (1.261886,24.788108) seconds
2026/05/26-12:07:06  ... thread 3: (4000,29000) ops and (3379.1,1165.3) ops/second in (1.183751,24.887316) seconds
2026/05/26-12:07:06  ... thread 2: (4000,30000) ops and (3483.8,1194.8) ops/second in (1.148187,25.108942) seconds
2026/05/26-12:07:06  ... thread 1: (4000,32000) ops and (3646.3,1248.8) ops/second in (1.097013,25.624660) seconds
2026/05/26-12:07:07  ... thread 0: (4000,33000) ops and (3713.7,1275.8) ops/second in (1.077080,25.865188) seconds
2026/05/26-12:07:07  ... thread 3: (4000,33000) ops and (3537.5,1268.4) ops/second in (1.130738,26.018054) seconds
2026/05/26-12:07:07  ... thread 2: (4000,34000) ops and (3790.3,1299.5) ops/second in (1.055325,26.164267) seconds
2026/05/26-12:07:08  ... thread 1: (4000,36000) ops and (3777.5,1349.1) ops/second in (1.058892,26.683552) seconds
2026/05/26-12:07:08  ... thread 0: (5000,38000) ops and (4251.5,1405.3) ops/second in (1.176057,27.041245) seconds
2026/05/26-12:07:08  ... thread 3: (5000,38000) ops and (4356.9,1398.8) ops/second in (1.147610,27.165664) seconds
2026/05/26-12:07:08  ... thread 2: (5000,39000) ops and (4309.8,1427.3) ops/second in (1.160151,27.324418) seconds
2026/05/26-12:07:09  ... thread 1: (5000,41000) ops and (4528.0,1475.5) ops/second in (1.104232,27.787784) seconds
2026/05/26-12:07:09  ... thread 0: (5000,43000) ops and (4195.6,1523.0) ops/second in (1.191729,28.232974) seconds
2026/05/26-12:07:09  ... thread 3: (5000,43000) ops and (4291.4,1517.8) ops/second in (1.165118,28.330782) seconds
2026/05/26-12:07:09  ... thread 2: (5000,44000) ops and (4426.5,1546.4) ops/second in (1.129548,28.453966) seconds
2026/05/26-12:07:10  ... thread 1: (5000,46000) ops and (4484.6,1591.5) ops/second in (1.114930,28.902714) seconds
2026/05/26-12:07:10  ... thread 0: (5000,48000) ops and (4710.8,1638.5) ops/second in (1.061385,29.294359) seconds
2026/05/26-12:07:10  ... thread 3: (5000,48000) ops and (4874.4,1635.1) ops/second in (1.025758,29.356540) seconds
2026/05/26-12:07:10  ... thread 2: (6000,50000) ops and (5130.2,1687.8) ops/second in (1.169554,29.623520) seconds
2026/05/26-12:07:11  ... thread 1: (6000,52000) ops and (5865.4,1737.6) ops/second in (1.022949,29.925663) seconds
2026/05/26-12:07:11  ... thread 0: (6000,54000) ops and (5340.2,1775.3) ops/second in (1.123556,30.417915) seconds
2026/05/26-12:07:11  ... thread 3: (6000,54000) ops and (5287.6,1771.0) ops/second in (1.134739,30.491279) seconds
2026/05/26-12:07:12  ... thread 2: (6000,56000) ops and (5429.5,1822.4) ops/second in (1.105084,30.728604) seconds
2026/05/26-12:07:12  ... thread 1: (5000,57000) ops and (4971.1,1842.8) ops/second in (1.005815,30.931478) seconds
2026/05/26-12:07:12  ... thread 0: (7000,61000) ops and (6842.2,1940.1) ops/second in (1.023061,31.440976) seconds
2026/05/26-12:07:12  ... thread 3: (7000,61000) ops and (6786.9,1935.1) ops/second in (1.031402,31.522681) seconds
2026/05/26-12:07:13  ... thread 2: (8000,64000) ops and (7264.8,2010.7) ops/second in (1.101194,31.829798) seconds
2026/05/26-12:07:13  ... thread 1: (8000,65000) ops and (7568.5,2032.0) ops/second in (1.057018,31.988496) seconds
2026/05/26-12:07:13  ... thread 0: (8000,69000) ops and (7802.3,2125.3) ops/second in (1.025338,32.466314) seconds
2026/05/26-12:07:13  ... thread 3: (8000,69000) ops and (7828.1,2120.2) ops/second in (1.021962,32.544643) seconds
2026/05/26-12:07:14  ... thread 2: (9000,73000) ops and (8405.7,2218.8) ops/second in (1.070698,32.900496) seconds
2026/05/26-12:07:14  ... thread 1: (9000,74000) ops and (8484.0,2239.1) ops/second in (1.060820,33.049316) seconds
2026/05/26-12:07:14  ... thread 0: (9000,78000) ops and (8796.2,2329.1) ops/second in (1.023171,33.489485) seconds
2026/05/26-12:07:14  ... thread 3: (9000,78000) ops and (8616.5,2322.2) ops/second in (1.044509,33.589152) seconds
2026/05/26-12:07:15  ... thread 2: (9000,82000) ops and (8998.6,2418.8) ops/second in (1.000156,33.900652) seconds
2026/05/26-12:07:15  ... thread 1: (10000,84000) ops and (9321.3,2461.7) ops/second in (1.072810,34.122126) seconds
2026/05/26-12:07:15  ... thread 0: (10000,88000) ops and (9185.8,2545.0) ops/second in (1.088641,34.578126) seconds
2026/05/26-12:07:16  ... thread 3: (11000,89000) ops and (10232.1,2567.5) ops/second in (1.075052,34.664204) seconds
2026/05/26-12:07:16  ... thread 2: (11000,93000) ops and (10677.3,2662.4) ops/second in (1.030227,34.930879) seconds
2026/05/26-12:07:16  ... thread 1: (11000,95000) ops and (9994.7,2697.1) ops/second in (1.100579,35.222705) seconds
2026/05/26-12:07:17  ... thread 0: (12000,100000) ops and (11402.1,2806.6) ops/second in (1.052439,35.630565) seconds
DB path: [/tmp/rocksdb_comp_exp_db]
readrandom   :     356.280 micros/op 11213 ops/sec 35.673 seconds 400000 operations;   10.9 MB/s (98168 of 100000 found)

STATISTICS:
rocksdb.block.cache.miss COUNT : 3849856
rocksdb.block.cache.hit COUNT : 159467
rocksdb.block.cache.add COUNT : 1197256
rocksdb.block.cache.add.failures COUNT : 0
rocksdb.block.cache.index.miss COUNT : 0
rocksdb.block.cache.index.hit COUNT : 0
rocksdb.block.cache.index.add COUNT : 0
rocksdb.block.cache.index.bytes.insert COUNT : 0
rocksdb.block.cache.filter.miss COUNT : 0
rocksdb.block.cache.filter.hit COUNT : 0
rocksdb.block.cache.filter.add COUNT : 0
rocksdb.block.cache.filter.bytes.insert COUNT : 0
rocksdb.block.cache.data.miss COUNT : 3849856
rocksdb.block.cache.data.hit COUNT : 159467
rocksdb.block.cache.data.add COUNT : 1197256
rocksdb.block.cache.data.bytes.insert COUNT : 5152963984
rocksdb.block.cache.bytes.read COUNT : 686344928
rocksdb.block.cache.bytes.write COUNT : 5152963984
rocksdb.block.cache.compression.dict.miss COUNT : 0
rocksdb.block.cache.compression.dict.hit COUNT : 0
rocksdb.block.cache.compression.dict.add COUNT : 0
rocksdb.block.cache.compression.dict.bytes.insert COUNT : 0
rocksdb.block.cache.add.redundant COUNT : 10
rocksdb.block.cache.index.add.redundant COUNT : 0
rocksdb.block.cache.filter.add.redundant COUNT : 0
rocksdb.block.cache.data.add.redundant COUNT : 10
rocksdb.block.cache.compression.dict.add.redundant COUNT : 0
rocksdb.secondary.cache.hits COUNT : 0
rocksdb.secondary.cache.filter.hits COUNT : 0
rocksdb.secondary.cache.index.hits COUNT : 0
rocksdb.secondary.cache.data.hits COUNT : 0
rocksdb.compressed.secondary.cache.dummy.hits COUNT : 0
rocksdb.compressed.secondary.cache.hits COUNT : 0
rocksdb.compressed.secondary.cache.promotions COUNT : 0
rocksdb.compressed.secondary.cache.promotion.skips COUNT : 0
rocksdb.bloom.filter.useful COUNT : 0
rocksdb.bloom.filter.full.positive COUNT : 0
rocksdb.bloom.filter.full.true.positive COUNT : 0
rocksdb.bloom.filter.prefix.checked COUNT : 0
rocksdb.bloom.filter.prefix.useful COUNT : 0
rocksdb.bloom.filter.prefix.true.positive COUNT : 0
rocksdb.persistent.cache.hit COUNT : 0
rocksdb.persistent.cache.miss COUNT : 0
rocksdb.sim.block.cache.hit COUNT : 0
rocksdb.sim.block.cache.miss COUNT : 0
rocksdb.memtable.hit COUNT : 6816
rocksdb.memtable.miss COUNT : 393184
rocksdb.l0.hit COUNT : 45319
rocksdb.l1.hit COUNT : 89562
rocksdb.l2andup.hit COUNT : 250811
rocksdb.compaction.key.drop.new COUNT : 3223415
rocksdb.compaction.key.drop.obsolete COUNT : 0
rocksdb.compaction.key.drop.range_del COUNT : 0
rocksdb.compaction.key.drop.user COUNT : 0
rocksdb.compaction.range_del.drop.obsolete COUNT : 0
rocksdb.compaction.optimized.del.drop.obsolete COUNT : 0
rocksdb.compaction.cancelled COUNT : 0
rocksdb.compaction.aborted COUNT : 0
rocksdb.number.keys.written COUNT : 5000000
rocksdb.number.keys.read COUNT : 400000
rocksdb.number.keys.updated COUNT : 0
rocksdb.bytes.written COUNT : 5277505056
rocksdb.bytes.read COUNT : 401928192
rocksdb.number.db.seek COUNT : 0
rocksdb.number.db.next COUNT : 0
rocksdb.number.db.prev COUNT : 0
rocksdb.number.db.seek.found COUNT : 0
rocksdb.number.db.next.found COUNT : 0
rocksdb.number.db.prev.found COUNT : 0
rocksdb.db.iter.bytes.read COUNT : 0
rocksdb.number.iter.skip COUNT : 0
rocksdb.number.reseeks.iteration COUNT : 0
rocksdb.num.iterator.created COUNT : 0
rocksdb.num.iterator.deleted COUNT : 0
rocksdb.no.file.opens COUNT : 147
rocksdb.no.file.errors COUNT : 0
rocksdb.stall.micros COUNT : 115438412
rocksdb.db.mutex.wait.micros COUNT : 0
rocksdb.number.multiget.get COUNT : 0
rocksdb.number.multiget.keys.read COUNT : 0
rocksdb.number.multiget.bytes.read COUNT : 0
rocksdb.number.multiget.keys.found COUNT : 0
rocksdb.number.merge.failures COUNT : 0
rocksdb.getupdatessince.calls COUNT : 0
rocksdb.wal.synced COUNT : 0
rocksdb.wal.bytes COUNT : 5277505056
rocksdb.write.self COUNT : 4792088
rocksdb.write.other COUNT : 207912
rocksdb.write.wal COUNT : 5000000
rocksdb.compact.read.bytes COUNT : 6461777746
rocksdb.compact.write.bytes COUNT : 4510754141
rocksdb.flush.write.bytes COUNT : 2971693581
rocksdb.compact.read.marked.bytes COUNT : 0
rocksdb.compact.read.periodic.bytes COUNT : 0
rocksdb.compact.read.ttl.bytes COUNT : 0
rocksdb.compact.write.marked.bytes COUNT : 0
rocksdb.compact.write.periodic.bytes COUNT : 0
rocksdb.compact.write.ttl.bytes COUNT : 0
rocksdb.number.direct.load.table.properties COUNT : 0
rocksdb.number.superversion_acquires COUNT : 16
rocksdb.number.superversion_releases COUNT : 12
rocksdb.number.superversion_cleanups COUNT : 3
rocksdb.number.block.compressed COUNT : 3066292
rocksdb.number.block.decompressed COUNT : 3850003
rocksdb.bytes.compressed.from COUNT : 12923555682
rocksdb.bytes.compressed.to COUNT : 7466920280
rocksdb.bytes.compression_bypassed COUNT : 0
rocksdb.bytes.compression.rejected COUNT : 0
rocksdb.number.block_compression_bypassed COUNT : 0
rocksdb.number.block_compression_rejected COUNT : 0
rocksdb.bytes.decompressed.from COUNT : 9371351111
rocksdb.bytes.decompressed.to COUNT : 16211454469
rocksdb.merge.operation.time.nanos COUNT : 0
rocksdb.filter.operation.time.nanos COUNT : 0
rocksdb.compaction.total.time.cpu_micros COUNT : 40364193
rocksdb.row.cache.hit COUNT : 0
rocksdb.row.cache.miss COUNT : 0
rocksdb.read.amp.estimate.useful.bytes COUNT : 0
rocksdb.read.amp.total.read.bytes COUNT : 0
rocksdb.number.rate_limiter.drains COUNT : 0
rocksdb.blobdb.num.put COUNT : 0
rocksdb.blobdb.num.write COUNT : 0
rocksdb.blobdb.num.get COUNT : 0
rocksdb.blobdb.num.multiget COUNT : 0
rocksdb.blobdb.num.seek COUNT : 0
rocksdb.blobdb.num.next COUNT : 0
rocksdb.blobdb.num.prev COUNT : 0
rocksdb.blobdb.num.keys.written COUNT : 0
rocksdb.blobdb.num.keys.read COUNT : 0
rocksdb.blobdb.bytes.written COUNT : 0
rocksdb.blobdb.bytes.read COUNT : 0
rocksdb.blobdb.write.inlined COUNT : 0
rocksdb.blobdb.write.inlined.ttl COUNT : 0
rocksdb.blobdb.write.blob COUNT : 0
rocksdb.blobdb.write.blob.ttl COUNT : 0
rocksdb.blobdb.blob.file.bytes.written COUNT : 0
rocksdb.blobdb.blob.file.bytes.read COUNT : 0
rocksdb.blobdb.blob.file.synced COUNT : 0
rocksdb.blobdb.blob.index.expired.count COUNT : 0
rocksdb.blobdb.blob.index.expired.size COUNT : 0
rocksdb.blobdb.blob.index.evicted.count COUNT : 0
rocksdb.blobdb.blob.index.evicted.size COUNT : 0
rocksdb.blobdb.gc.num.files COUNT : 0
rocksdb.blobdb.gc.num.new.files COUNT : 0
rocksdb.blobdb.gc.failures COUNT : 0
rocksdb.blobdb.gc.num.keys.relocated COUNT : 0
rocksdb.blobdb.gc.bytes.relocated COUNT : 0
rocksdb.blobdb.fifo.num.files.evicted COUNT : 0
rocksdb.blobdb.fifo.num.keys.evicted COUNT : 0
rocksdb.blobdb.fifo.bytes.evicted COUNT : 0
rocksdb.blobdb.cache.miss COUNT : 0
rocksdb.blobdb.cache.hit COUNT : 0
rocksdb.blobdb.cache.add COUNT : 0
rocksdb.blobdb.cache.add.failures COUNT : 0
rocksdb.blobdb.cache.bytes.read COUNT : 0
rocksdb.blobdb.cache.bytes.write COUNT : 0
rocksdb.txn.overhead.mutex.prepare COUNT : 0
rocksdb.txn.overhead.mutex.old.commit.map COUNT : 0
rocksdb.txn.overhead.duplicate.key COUNT : 0
rocksdb.txn.overhead.mutex.snapshot COUNT : 0
rocksdb.txn.get.tryagain COUNT : 0
rocksdb.files.marked.trash COUNT : 0
rocksdb.files.marked.trash.deleted COUNT : 0
rocksdb.files.deleted.immediately COUNT : 213
rocksdb.error.handler.bg.error.count COUNT : 0
rocksdb.error.handler.bg.io.error.count COUNT : 0
rocksdb.error.handler.bg.retryable.io.error.count COUNT : 0
rocksdb.error.handler.autoresume.count COUNT : 0
rocksdb.error.handler.autoresume.retry.total.count COUNT : 0
rocksdb.error.handler.autoresume.success.count COUNT : 0
rocksdb.memtable.payload.bytes.at.flush COUNT : 5217268880
rocksdb.memtable.garbage.bytes.at.flush COUNT : 127706136
rocksdb.verify_checksum.read.bytes COUNT : 0
rocksdb.backup.read.bytes COUNT : 0
rocksdb.backup.write.bytes COUNT : 0
rocksdb.remote.compact.read.bytes COUNT : 0
rocksdb.remote.compact.write.bytes COUNT : 0
rocksdb.remote.compact.resumed.bytes COUNT : 0
rocksdb.hot.file.read.bytes COUNT : 0
rocksdb.warm.file.read.bytes COUNT : 0
rocksdb.cool.file.read.bytes COUNT : 0
rocksdb.cold.file.read.bytes COUNT : 0
rocksdb.ice.file.read.bytes COUNT : 0
rocksdb.hot.file.read.count COUNT : 0
rocksdb.warm.file.read.count COUNT : 0
rocksdb.cool.file.read.count COUNT : 0
rocksdb.cold.file.read.count COUNT : 0
rocksdb.ice.file.read.count COUNT : 0
rocksdb.last.level.read.bytes COUNT : 0
rocksdb.last.level.read.count COUNT : 0
rocksdb.non.last.level.read.bytes COUNT : 9390785705
rocksdb.non.last.level.read.count COUNT : 3850444
rocksdb.last.level.seek.filtered COUNT : 0
rocksdb.last.level.seek.filter.match COUNT : 0
rocksdb.last.level.seek.data COUNT : 0
rocksdb.last.level.seek.data.useful.no.filter COUNT : 0
rocksdb.last.level.seek.data.useful.filter.match COUNT : 0
rocksdb.non.last.level.seek.filtered COUNT : 0
rocksdb.non.last.level.seek.filter.match COUNT : 0
rocksdb.non.last.level.seek.data COUNT : 0
rocksdb.non.last.level.seek.data.useful.no.filter COUNT : 0
rocksdb.non.last.level.seek.data.useful.filter.match COUNT : 0
rocksdb.block.checksum.compute.count COUNT : 3850150
rocksdb.block.checksum.mismatch.count COUNT : 0
rocksdb.multiget.coroutine.count COUNT : 0
rocksdb.read.async.micros COUNT : 0
rocksdb.async.read.error.count COUNT : 0
rocksdb.table.open.prefetch.tail.miss COUNT : 0
rocksdb.table.open.prefetch.tail.hit COUNT : 0
rocksdb.timestamp.filter.table.checked COUNT : 0
rocksdb.timestamp.filter.table.filtered COUNT : 0
rocksdb.readahead.trimmed COUNT : 0
rocksdb.fifo.max.size.compactions COUNT : 0
rocksdb.fifo.ttl.compactions COUNT : 0
rocksdb.fifo.change_temperature.compactions COUNT : 0
rocksdb.prefetch.bytes COUNT : 0
rocksdb.prefetch.bytes.useful COUNT : 0
rocksdb.prefetch.hits COUNT : 0
rocksdb.footer.corruption.count COUNT : 0
rocksdb.file.read.corruption.retry.count COUNT : 0
rocksdb.file.read.corruption.retry.success.count COUNT : 0
rocksdb.number.wbwi.ingest COUNT : 0
rocksdb.sst.user.defined.index.load.fail.count COUNT : 0
rocksdb.multiscan.prepare.calls COUNT : 0
rocksdb.multiscan.prepare.errors COUNT : 0
rocksdb.multiscan.blocks.prefetched COUNT : 0
rocksdb.multiscan.blocks.from.cache COUNT : 0
rocksdb.multiscan.prefetch.bytes COUNT : 0
rocksdb.multiscan.prefetch.blocks.wasted COUNT : 0
rocksdb.multiscan.io.requests COUNT : 0
rocksdb.multiscan.io.coalesced.nonadjacent COUNT : 0
rocksdb.multiscan.seek.errors COUNT : 0
rocksdb.prefetch.memory.bytes.granted COUNT : 0
rocksdb.prefetch.memory.bytes.released COUNT : 0
rocksdb.prefetch.memory.requests.blocked COUNT : 0
rocksdb.read.path.range.tombstones.inserted COUNT : 0
rocksdb.read.path.range.tombstones.discarded COUNT : 0
rocksdb.file.open.metadata.retrieved COUNT : 0
rocksdb.file.open.metadata.passed COUNT : 0
rocksdb.manifest.validation.failure.count COUNT : 0
rocksdb.db.get.micros P50 : 28.954583 P95 : 1654.865169 P99 : 3449.092850 P100 : 1174493.000000 COUNT : 400000 SUM : 142245344
rocksdb.db.write.micros P50 : 5.757280 P95 : 94.419675 P99 : 2340.765014 P100 : 715182.000000 COUNT : 5000000 SUM : 644675633
rocksdb.compaction.times.micros P50 : 20000000.000000 P95 : 35504144.000000 P99 : 35504144.000000 P100 : 35504144.000000 COUNT : 9 SUM : 173740738
rocksdb.compaction.times.cpu_micros P50 : 4666666.666667 P95 : 8048749.000000 P99 : 8048749.000000 P100 : 8048749.000000 COUNT : 9 SUM : 40364193
rocksdb.subcompaction.setup.times.micros P50 : 0.000000 P95 : 0.000000 P99 : 0.000000 P100 : 0.000000 COUNT : 0 SUM : 0
rocksdb.table.sync.micros P50 : 342857.142857 P95 : 1064000.000000 P99 : 1138450.000000 P100 : 1138450.000000 COUNT : 80 SUM : 38900201
rocksdb.compaction.outfile.sync.micros P50 : 751250.000000 P95 : 1157947.368421 P99 : 1431000.000000 P100 : 1507477.000000 COUNT : 67 SUM : 46394072
rocksdb.wal.file.sync.micros P50 : 0.000000 P95 : 0.000000 P99 : 0.000000 P100 : 0.000000 COUNT : 0 SUM : 0
rocksdb.manifest.file.sync.micros P50 : 5771.232877 P95 : 17600.000000 P99 : 256500.000000 P100 : 298203.000000 COUNT : 95 SUM : 912644
rocksdb.table.open.io.micros P50 : 828.962264 P95 : 5547.142857 P99 : 7905.000000 P100 : 7905.000000 COUNT : 147 SUM : 191057
rocksdb.db.multiget.micros P50 : 0.000000 P95 : 0.000000 P99 : 0.000000 P100 : 0.000000 COUNT : 0 SUM : 0
rocksdb.read.block.compaction.micros P50 : 3.563862 P95 : 9.115335 P99 : 1407.960555 P100 : 434457.000000 COUNT : 2652600 SUM : 97408188
rocksdb.read.block.get.micros P50 : 6.645379 P95 : 979.701918 P99 : 1780.297833 P100 : 900767.000000 COUNT : 1197403 SUM : 136180878
rocksdb.write.raw.block.micros P50 : 0.565741 P95 : 1.678247 P99 : 3.370666 P100 : 12036.000000 COUNT : 3066586 SUM : 9874670
rocksdb.numfiles.in.singlecompaction P50 : 12.500000 P95 : 23.000000 P99 : 23.000000 P100 : 23.000000 COUNT : 11 SUM : 141
rocksdb.db.seek.micros P50 : 0.000000 P95 : 0.000000 P99 : 0.000000 P100 : 0.000000 COUNT : 0 SUM : 0
rocksdb.db.write.stall P50 : 2043.758511 P95 : 2826.495688 P99 : 2896.072326 P100 : 714351.000000 COUNT : 57479 SUM : 115438412
rocksdb.sst.read.micros P50 : 1.250893 P95 : 8.267398 P99 : 1597.373008 P100 : 900750.000000 COUNT : 3850444 SUM : 218260500
rocksdb.file.read.flush.micros P50 : 4.142857 P95 : 99.181818 P99 : 202.000000 P100 : 3286.000000 COUNT : 320 SUM : 11881
rocksdb.file.read.compaction.micros P50 : 1.092635 P95 : 4.712725 P99 : 1397.147496 P100 : 434420.000000 COUNT : 2652868 SUM : 89340124
rocksdb.file.read.db.open.micros P50 : 0.000000 P95 : 0.000000 P99 : 0.000000 P100 : 0.000000 COUNT : 0 SUM : 0
rocksdb.file.read.get.micros P50 : 0.000000 P95 : 0.000000 P99 : 0.000000 P100 : 0.000000 COUNT : 0 SUM : 0
rocksdb.file.read.multiget.micros P50 : 0.000000 P95 : 0.000000 P99 : 0.000000 P100 : 0.000000 COUNT : 0 SUM : 0
rocksdb.file.read.db.iterator.micros P50 : 0.000000 P95 : 0.000000 P99 : 0.000000 P100 : 0.000000 COUNT : 0 SUM : 0
rocksdb.file.read.verify.db.checksum.micros P50 : 0.000000 P95 : 0.000000 P99 : 0.000000 P100 : 0.000000 COUNT : 0 SUM : 0
rocksdb.file.read.verify.file.checksums.micros P50 : 0.000000 P95 : 0.000000 P99 : 0.000000 P100 : 0.000000 COUNT : 0 SUM : 0
rocksdb.sst.write.micros P50 : 0.503158 P95 : 0.956001 P99 : 0.996253 P100 : 12025.000000 COUNT : 6133319 SUM : 8254949
rocksdb.file.write.flush.micros P50 : 0.501958 P95 : 0.953719 P99 : 0.993876 P100 : 10901.000000 COUNT : 2428858 SUM : 3544061
rocksdb.file.write.compaction.micros P50 : 0.503949 P95 : 0.957502 P99 : 0.997818 P100 : 12025.000000 COUNT : 3704461 SUM : 4710888
rocksdb.file.write.db.open.micros P50 : 0.000000 P95 : 0.000000 P99 : 0.000000 P100 : 0.000000 COUNT : 0 SUM : 0
rocksdb.num.subcompactions.scheduled P50 : 0.000000 P95 : 0.000000 P99 : 0.000000 P100 : 0.000000 COUNT : 0 SUM : 0
rocksdb.bytes.per.read P50 : 1024.000000 P95 : 1024.000000 P99 : 1024.000000 P100 : 1024.000000 COUNT : 400000 SUM : 401928192
rocksdb.bytes.per.write P50 : 1089.995674 P95 : 1287.991781 P99 : 3292.224757 P100 : 4188.000000 COUNT : 4792088 SUM : 5277505056
rocksdb.bytes.per.multiget P50 : 0.000000 P95 : 0.000000 P99 : 0.000000 P100 : 0.000000 COUNT : 0 SUM : 0
rocksdb.compression.times.nanos P50 : 0.000000 P95 : 0.000000 P99 : 0.000000 P100 : 0.000000 COUNT : 0 SUM : 0
rocksdb.decompression.times.nanos P50 : 0.000000 P95 : 0.000000 P99 : 0.000000 P100 : 0.000000 COUNT : 0 SUM : 0
rocksdb.read.num.merge_operands P50 : 0.000000 P95 : 0.000000 P99 : 0.000000 P100 : 0.000000 COUNT : 0 SUM : 0
rocksdb.blobdb.key.size P50 : 0.000000 P95 : 0.000000 P99 : 0.000000 P100 : 0.000000 COUNT : 0 SUM : 0
rocksdb.blobdb.value.size P50 : 0.000000 P95 : 0.000000 P99 : 0.000000 P100 : 0.000000 COUNT : 0 SUM : 0
rocksdb.blobdb.write.micros P50 : 0.000000 P95 : 0.000000 P99 : 0.000000 P100 : 0.000000 COUNT : 0 SUM : 0
rocksdb.blobdb.get.micros P50 : 0.000000 P95 : 0.000000 P99 : 0.000000 P100 : 0.000000 COUNT : 0 SUM : 0
rocksdb.blobdb.multiget.micros P50 : 0.000000 P95 : 0.000000 P99 : 0.000000 P100 : 0.000000 COUNT : 0 SUM : 0
rocksdb.blobdb.seek.micros P50 : 0.000000 P95 : 0.000000 P99 : 0.000000 P100 : 0.000000 COUNT : 0 SUM : 0
rocksdb.blobdb.next.micros P50 : 0.000000 P95 : 0.000000 P99 : 0.000000 P100 : 0.000000 COUNT : 0 SUM : 0
rocksdb.blobdb.prev.micros P50 : 0.000000 P95 : 0.000000 P99 : 0.000000 P100 : 0.000000 COUNT : 0 SUM : 0
rocksdb.blobdb.blob.file.write.micros P50 : 0.000000 P95 : 0.000000 P99 : 0.000000 P100 : 0.000000 COUNT : 0 SUM : 0
rocksdb.blobdb.blob.file.read.micros P50 : 0.000000 P95 : 0.000000 P99 : 0.000000 P100 : 0.000000 COUNT : 0 SUM : 0
rocksdb.blobdb.blob.file.sync.micros P50 : 0.000000 P95 : 0.000000 P99 : 0.000000 P100 : 0.000000 COUNT : 0 SUM : 0
rocksdb.blobdb.compression.micros P50 : 0.000000 P95 : 0.000000 P99 : 0.000000 P100 : 0.000000 COUNT : 0 SUM : 0
rocksdb.blobdb.decompression.micros P50 : 0.000000 P95 : 0.000000 P99 : 0.000000 P100 : 0.000000 COUNT : 0 SUM : 0
rocksdb.db.flush.micros P50 : 677407.407407 P95 : 1183000.000000 P99 : 1316164.000000 P100 : 1316164.000000 COUNT : 80 SUM : 57246674
rocksdb.sst.batch.size P50 : 0.000000 P95 : 0.000000 P99 : 0.000000 P100 : 0.000000 COUNT : 0 SUM : 0
rocksdb.multiget.io.batch.size P50 : 0.000000 P95 : 0.000000 P99 : 0.000000 P100 : 0.000000 COUNT : 0 SUM : 0
rocksdb.num.index.and.filter.blocks.read.per.level P50 : 0.000000 P95 : 0.000000 P99 : 0.000000 P100 : 0.000000 COUNT : 0 SUM : 0
rocksdb.num.sst.read.per.level P50 : 0.000000 P95 : 0.000000 P99 : 0.000000 P100 : 0.000000 COUNT : 0 SUM : 0
rocksdb.num.level.read.per.multiget P50 : 0.000000 P95 : 0.000000 P99 : 0.000000 P100 : 0.000000 COUNT : 0 SUM : 0
rocksdb.error.handler.autoresume.retry.count P50 : 0.000000 P95 : 0.000000 P99 : 0.000000 P100 : 0.000000 COUNT : 0 SUM : 0
rocksdb.async.read.bytes P50 : 0.000000 P95 : 0.000000 P99 : 0.000000 P100 : 0.000000 COUNT : 0 SUM : 0
rocksdb.poll.wait.micros P50 : 0.000000 P95 : 0.000000 P99 : 0.000000 P100 : 0.000000 COUNT : 0 SUM : 0
rocksdb.compaction.prefetch.bytes P50 : 0.000000 P95 : 0.000000 P99 : 0.000000 P100 : 0.000000 COUNT : 0 SUM : 0
rocksdb.prefetched.bytes.discarded P50 : 0.000000 P95 : 0.000000 P99 : 0.000000 P100 : 0.000000 COUNT : 0 SUM : 0
rocksdb.async.prefetch.abort.micros P50 : 0.000000 P95 : 0.000000 P99 : 0.000000 P100 : 0.000000 COUNT : 0 SUM : 0
rocksdb.table.open.prefetch.tail.read.bytes P50 : 0.000000 P95 : 0.000000 P99 : 0.000000 P100 : 0.000000 COUNT : 0 SUM : 0
rocksdb.num.op.per.transaction P50 : 0.000000 P95 : 0.000000 P99 : 0.000000 P100 : 0.000000 COUNT : 0 SUM : 0
rocksdb.multiscan.op.prepare.iterators.micros P50 : 0.000000 P95 : 0.000000 P99 : 0.000000 P100 : 0.000000 COUNT : 0 SUM : 0
rocksdb.multiscan.prepare.micros P50 : 0.000000 P95 : 0.000000 P99 : 0.000000 P100 : 0.000000 COUNT : 0 SUM : 0
rocksdb.multiscan.blocks.per.prepare P50 : 0.000000 P95 : 0.000000 P99 : 0.000000 P100 : 0.000000 COUNT : 0 SUM : 0
rocksdb.block.key.distribution.cv P50 : 0.000000 P95 : 0.000000 P99 : 0.000000 P100 : 0.000000 COUNT : 0 SUM : 0

[EXPERIMENT_COMPLETED]
