RocksDB:    version 11.3.0
Date:       Tue May 26 12:01:10 2026
CPU:        2 * Intel Xeon Processor (SapphireRapids)
CPUCache:   16384 KB
2026/05/26-12:01:11  ... thread 0: (38000,38000) ops and (37503.7,37503.7) ops/second in (1.013234,1.013234) seconds
2026/05/26-12:01:11  ... thread 3: (42000,42000) ops and (41389.3,41389.3) ops/second in (1.014754,1.014754) seconds
2026/05/26-12:01:11  ... thread 1: (37000,37000) ops and (36086.5,36086.5) ops/second in (1.025315,1.025315) seconds
2026/05/26-12:01:11  ... thread 2: (37000,37000) ops and (36006.8,36006.8) ops/second in (1.027584,1.027584) seconds
2026/05/26-12:01:12  ... thread 3: (34000,76000) ops and (33801.1,37611.9) ops/second in (1.005885,2.020639) seconds
2026/05/26-12:01:12  ... thread 0: (38000,76000) ops and (37335.0,37419.1) ops/second in (1.017813,2.031047) seconds
2026/05/26-12:01:12  ... thread 1: (35000,72000) ops and (34619.8,35358.3) ops/second in (1.010982,2.036297) seconds
2026/05/26-12:01:12  ... thread 2: (33000,70000) ops and (32706.6,34371.8) ops/second in (1.008971,2.036555) seconds
2026/05/26-12:01:13  ... thread 0: (19000,95000) ops and (13828.7,27900.2) ops/second in (1.373950,3.404997) seconds
2026/05/26-12:01:13  ... thread 3: (19000,95000) ops and (13617.4,27811.0) ops/second in (1.395275,3.415914) seconds
2026/05/26-12:01:13  ... thread 2: (21000,91000) ops and (15266.3,26669.5) ops/second in (1.375579,3.412134) seconds
2026/05/26-12:01:13  ... thread 1: (22000,94000) ops and (15648.5,27308.3) ops/second in (1.405885,3.442182) seconds
2026/05/26-12:01:14  ... thread 0: (14000,109000) ops and (12474.6,24076.3) ops/second in (1.122278,4.527275) seconds
2026/05/26-12:01:14  ... thread 2: (20000,111000) ops and (17972.8,24530.8) ops/second in (1.112793,4.524927) seconds
2026/05/26-12:01:14  ... thread 3: (12000,107000) ops and (10766.3,23617.7) ops/second in (1.114584,4.530498) seconds
2026/05/26-12:01:14  ... thread 1: (17000,111000) ops and (15612.2,24497.5) ops/second in (1.088889,4.531071) seconds
2026/05/26-12:01:15  ... thread 2: (31000,142000) ops and (30881.0,25683.8) ops/second in (1.003855,5.528782) seconds
2026/05/26-12:01:15  ... thread 0: (38000,147000) ops and (37368.5,26514.3) ops/second in (1.016898,5.544173) seconds
2026/05/26-12:01:15  ... thread 3: (31000,138000) ops and (30359.0,24857.6) ops/second in (1.021114,5.551612) seconds
2026/05/26-12:01:15  ... thread 1: (35000,146000) ops and (33955.6,26250.4) ops/second in (1.030758,5.561829) seconds
2026/05/26-12:01:16  ... thread 3: (11000,149000) ops and (10316.6,22514.9) ops/second in (1.066241,6.617853) seconds
2026/05/26-12:01:16  ... thread 0: (11000,158000) ops and (10200.6,23857.9) ops/second in (1.078363,6.622536) seconds
2026/05/26-12:01:16  ... thread 2: (16000,158000) ops and (14615.7,23854.5) ops/second in (1.094712,6.623494) seconds
2026/05/26-12:01:16  ... thread 1: (13000,159000) ops and (11984.9,23922.3) ops/second in (1.084702,6.646531) seconds
2026/05/26-12:01:17  ... thread 3: (11000,160000) ops and (9829.3,20680.0) ops/second in (1.119099,7.736952) seconds
2026/05/26-12:01:17  ... thread 0: (17000,175000) ops and (15132.1,22592.4) ops/second in (1.123442,7.745978) seconds
2026/05/26-12:01:17  ... thread 2: (13000,171000) ops and (11607.7,22083.2) ops/second in (1.119942,7.743436) seconds
2026/05/26-12:01:17  ... thread 1: (21000,180000) ops and (18888.1,23200.8) ops/second in (1.111812,7.758343) seconds
2026/05/26-12:01:19  ... thread 0: (11000,186000) ops and (9594.7,20916.6) ops/second in (1.146466,8.892444) seconds
2026/05/26-12:01:19  ... thread 2: (13000,184000) ops and (11271.0,20681.5) ops/second in (1.153406,8.896842) seconds
2026/05/26-12:01:19  ... thread 3: (19000,179000) ops and (16248.0,20098.1) ops/second in (1.169376,8.906328) seconds
2026/05/26-12:01:19  ... thread 1: (19000,199000) ops and (15896.3,22225.7) ops/second in (1.195246,8.953589) seconds
2026/05/26-12:01:20  ... thread 2: (15000,199000) ops and (14862.8,20088.7) ops/second in (1.009232,9.906074) seconds
2026/05/26-12:01:20  ... thread 0: (18000,204000) ops and (17590.1,20573.3) ops/second in (1.023300,9.915744) seconds
2026/05/26-12:01:20  ... thread 3: (21000,200000) ops and (20431.1,20132.5) ops/second in (1.027843,9.934171) seconds
2026/05/26-12:01:20  ... thread 1: (17000,216000) ops and (16342.3,21613.3) ops/second in (1.040244,9.993833) seconds
2026/05/26-12:01:21  ... thread 2: (14000,213000) ops and (13151.4,19415.5) ops/second in (1.064527,10.970601) seconds
2026/05/26-12:01:21  ... thread 3: (16000,216000) ops and (15258.3,19667.2) ops/second in (1.048609,10.982780) seconds
2026/05/26-12:01:21  ... thread 0: (11000,215000) ops and (10313.9,19577.0) ops/second in (1.066525,10.982269) seconds
2026/05/26-12:01:21  ... thread 1: (13000,229000) ops and (12767.4,20795.4) ops/second in (1.018218,11.012051) seconds
2026/05/26-12:01:22  ... thread 3: (13000,229000) ops and (11825.6,18953.7) ops/second in (1.099314,12.082094) seconds
2026/05/26-12:01:22  ... thread 1: (10000,239000) ops and (9203.2,19754.3) ops/second in (1.086573,12.098624) seconds
2026/05/26-12:01:22  ... thread 0: (13000,228000) ops and (11532.6,18828.2) ops/second in (1.127235,12.109504) seconds
2026/05/26-12:01:22  ... thread 2: (27000,240000) ops and (23483.3,19801.4) ops/second in (1.149752,12.120353) seconds
2026/05/26-12:01:23  ... thread 0: (13000,241000) ops and (11501.5,18202.7) ops/second in (1.130283,13.239787) seconds
2026/05/26-12:01:23  ... thread 1: (13000,252000) ops and (11388.3,19033.0) ops/second in (1.141524,13.240148) seconds
2026/05/26-12:01:23  ... thread 3: (22000,251000) ops and (18747.7,18935.4) ops/second in (1.173480,13.255574) seconds
2026/05/26-12:01:23  ... thread 2: (14000,254000) ops and (12362.4,19165.7) ops/second in (1.132470,13.252823) seconds
2026/05/26-12:01:24  ... thread 2: (16000,270000) ops and (13792.0,18733.2) ops/second in (1.160096,14.412919) seconds
2026/05/26-12:01:24  ... thread 3: (14000,265000) ops and (11965.0,18370.1) ops/second in (1.170077,14.425651) seconds
2026/05/26-12:01:24  ... thread 0: (16000,257000) ops and (13479.3,17814.1) ops/second in (1.187003,14.426790) seconds
2026/05/26-12:01:24  ... thread 1: (15000,267000) ops and (12464.2,18485.7) ops/second in (1.203445,14.443593) seconds
2026/05/26-12:01:25  ... thread 0: (17000,274000) ops and (14870.8,17598.0) ops/second in (1.143183,15.569973) seconds
2026/05/26-12:01:25  ... thread 1: (15000,282000) ops and (13149.5,18095.1) ops/second in (1.140730,15.584323) seconds
2026/05/26-12:01:25  ... thread 2: (17000,287000) ops and (14512.6,18415.9) ops/second in (1.171398,15.584317) seconds
2026/05/26-12:01:25  ... thread 3: (14000,279000) ops and (11972.1,17890.3) ops/second in (1.169385,15.595036) seconds
2026/05/26-12:01:26  ... thread 2: (14000,301000) ops and (13111.7,18075.8) ops/second in (1.067748,16.652065) seconds
2026/05/26-12:01:26  ... thread 3: (14000,293000) ops and (13137.5,17586.3) ops/second in (1.065648,16.660684) seconds
2026/05/26-12:01:26  ... thread 0: (16000,290000) ops and (14377.6,17383.2) ops/second in (1.112843,16.682816) seconds
2026/05/26-12:01:26  ... thread 1: (18000,300000) ops and (16415.1,17984.7) ops/second in (1.096553,16.680876) seconds
2026/05/26-12:01:27  ... thread 0: (17000,307000) ops and (16278.2,17318.1) ops/second in (1.044341,17.727157) seconds
2026/05/26-12:01:27  ... thread 2: (15000,316000) ops and (13995.1,17829.1) ops/second in (1.071800,17.723865) seconds
2026/05/26-12:01:27  ... thread 3: (15000,308000) ops and (13925.8,17364.0) ops/second in (1.077139,17.737823) seconds
2026/05/26-12:01:27  ... thread 1: (15000,315000) ops and (14098.7,17751.7) ops/second in (1.063925,17.744801) seconds
2026/05/26-12:01:29  ... thread 0: (14000,321000) ops and (10709.9,16864.2) ops/second in (1.307197,19.034354) seconds
2026/05/26-12:01:29  ... thread 2: (17000,333000) ops and (12937.8,17491.5) ops/second in (1.313975,19.037840) seconds
2026/05/26-12:01:29  ... thread 1: (17000,332000) ops and (13105.6,17435.2) ops/second in (1.297153,19.041954) seconds
2026/05/26-12:01:29  ... thread 3: (14000,322000) ops and (10697.0,16905.9) ops/second in (1.308782,19.046605) seconds
2026/05/26-12:01:30  ... thread 1: (31000,363000) ops and (20693.3,17672.8) ops/second in (1.498066,20.540020) seconds
2026/05/26-12:01:30  ... thread 2: (31000,364000) ops and (20605.0,17719.5) ops/second in (1.504489,20.542329) seconds
2026/05/26-12:01:30  ... thread 0: (31000,352000) ops and (20140.0,17109.3) ops/second in (1.539229,20.573583) seconds
2026/05/26-12:01:30  ... thread 3: (32000,354000) ops and (20847.7,17199.9) ops/second in (1.534945,20.581550) seconds
2026/05/26-12:01:31  ... thread 1: (15000,378000) ops and (14963.3,17546.7) ops/second in (1.002455,21.542475) seconds
2026/05/26-12:01:31  ... thread 2: (15000,379000) ops and (14923.1,17589.1) ops/second in (1.005150,21.547479) seconds
2026/05/26-12:01:31  ... thread 0: (18000,370000) ops and (17910.6,17146.6) ops/second in (1.004989,21.578572) seconds
2026/05/26-12:01:31  ... thread 3: (16000,370000) ops and (15918.9,17140.2) ops/second in (1.005094,21.586644) seconds
2026/05/26-12:01:32  ... thread 2: (17000,396000) ops and (16820.8,17554.6) ops/second in (1.010656,22.558135) seconds
2026/05/26-12:01:32  ... thread 1: (20000,398000) ops and (19351.2,17629.3) ops/second in (1.033530,22.576005) seconds
2026/05/26-12:01:32  ... thread 0: (16000,386000) ops and (15715.6,17082.2) ops/second in (1.018098,22.596670) seconds
2026/05/26-12:01:32  ... thread 3: (15000,385000) ops and (14410.4,17014.6) ops/second in (1.040917,22.627561) seconds
2026/05/26-12:01:33  ... thread 2: (16000,412000) ops and (15801.9,17479.3) ops/second in (1.012537,23.570672) seconds
2026/05/26-12:01:33  ... thread 0: (18000,404000) ops and (17924.9,17118.0) ops/second in (1.004192,23.600862) seconds
2026/05/26-12:01:33  ... thread 1: (15000,413000) ops and (14637.9,17499.5) ops/second in (1.024736,23.600741) seconds
2026/05/26-12:01:33  ... thread 3: (13000,398000) ops and (12511.2,16816.9) ops/second in (1.039067,23.666628) seconds
2026/05/26-12:01:35  ... thread 1: (11000,424000) ops and (7858.2,16959.6) ops/second in (1.399807,25.000548) seconds
2026/05/26-12:01:35  ... thread 3: (12000,410000) ops and (8961.3,16396.2) ops/second in (1.339096,25.005724) seconds
2026/05/26-12:01:35  ... thread 0: (15000,419000) ops and (10642.8,16753.1) ops/second in (1.409401,25.010263) seconds
2026/05/26-12:01:35  ... thread 2: (16000,428000) ops and (11043.8,17106.7) ops/second in (1.448772,25.019444) seconds
2026/05/26-12:01:36  ... thread 2: (30000,458000) ops and (27361.9,17537.2) ops/second in (1.096417,26.115861) seconds
2026/05/26-12:01:36  ... thread 3: (33000,443000) ops and (29367.5,16954.1) ops/second in (1.123692,26.129416) seconds
2026/05/26-12:01:36  ... thread 1: (33000,457000) ops and (29097.9,17486.4) ops/second in (1.134104,26.134652) seconds
2026/05/26-12:01:36  ... thread 0: (30000,449000) ops and (26603.8,17178.1) ops/second in (1.127659,26.137922) seconds
2026/05/26-12:01:37  ... thread 0: (15000,464000) ops and (12915.9,16996.8) ops/second in (1.161360,27.299282) seconds
2026/05/26-12:01:37  ... thread 2: (20000,478000) ops and (16929.2,17510.9) ops/second in (1.181391,27.297252) seconds
2026/05/26-12:01:37  ... thread 1: (12000,469000) ops and (10162.5,17169.8) ops/second in (1.180807,27.315459) seconds
2026/05/26-12:01:37  ... thread 3: (14000,457000) ops and (11691.3,16723.5) ops/second in (1.197469,27.326885) seconds
2026/05/26-12:01:38  ... thread 2: (19000,497000) ops and (16618.3,17475.0) ops/second in (1.143317,28.440569) seconds
2026/05/26-12:01:38  ... thread 0: (13000,477000) ops and (11278.6,16765.1) ops/second in (1.152629,28.451911) seconds
2026/05/26-12:01:38  ... thread 1: (12000,481000) ops and (10539.0,16904.4) ops/second in (1.138627,28.454086) seconds
2026/05/26-12:01:38  ... thread 3: (19000,476000) ops and (16697.0,16722.4) ops/second in (1.137927,28.464812) seconds
2026/05/26-12:01:39  ... thread 3: (15000,491000) ops and (13376.1,16595.6) ops/second in (1.121401,29.586213) seconds
2026/05/26-12:01:39  ... thread 0: (15000,492000) ops and (13226.4,16629.5) ops/second in (1.134092,29.586003) seconds
2026/05/26-12:01:39  ... thread 2: (13000,510000) ops and (11244.3,17231.6) ops/second in (1.156144,29.596713) seconds
2026/05/26-12:01:39  ... thread 1: (19000,500000) ops and (16402.5,16884.8) ops/second in (1.158363,29.612449) seconds
2026/05/26-12:01:40  ... thread 0: (16000,508000) ops and (13621.8,16514.6) ops/second in (1.174590,30.760593) seconds
2026/05/26-12:01:40  ... thread 2: (18000,528000) ops and (15430.7,17163.4) ops/second in (1.166506,30.763219) seconds
2026/05/26-12:01:40  ... thread 1: (16000,516000) ops and (13837.3,16770.3) ops/second in (1.156295,30.768744) seconds
2026/05/26-12:01:40  ... thread 3: (12000,503000) ops and (9998.8,16338.4) ops/second in (1.200140,30.786353) seconds
2026/05/26-12:01:42  ... thread 1: (32000,548000) ops and (30479.6,17222.6) ops/second in (1.049881,31.818625) seconds
2026/05/26-12:01:42  ... thread 0: (29000,537000) ops and (27197.5,16872.5) ops/second in (1.066273,31.826866) seconds
2026/05/26-12:01:42  ... thread 2: (32000,560000) ops and (30193.7,17597.3) ops/second in (1.059823,31.823042) seconds
2026/05/26-12:01:42  ... thread 3: (32000,535000) ops and (30610.8,16807.1) ops/second in (1.045382,31.831735) seconds
2026/05/26-12:01:43  ... thread 0: (37000,574000) ops and (36967.3,17485.2) ops/second in (1.000885,32.827751) seconds
2026/05/26-12:01:43  ... thread 1: (36000,584000) ops and (35636.1,17789.2) ops/second in (1.010211,32.828836) seconds
2026/05/26-12:01:43  ... thread 2: (34000,594000) ops and (33858.1,18094.7) ops/second in (1.004191,32.827233) seconds
2026/05/26-12:01:43  ... thread 3: (35000,570000) ops and (34817.5,17358.5) ops/second in (1.005242,32.836977) seconds
2026/05/26-12:01:44  ... thread 1: (31000,615000) ops and (30900.5,18178.0) ops/second in (1.003219,33.832055) seconds
2026/05/26-12:01:44  ... thread 0: (32000,606000) ops and (31762.1,17910.3) ops/second in (1.007490,33.835241) seconds
2026/05/26-12:01:44  ... thread 2: (47000,641000) ops and (46238.7,18940.0) ops/second in (1.016465,33.843698) seconds
2026/05/26-12:01:44  ... thread 3: (28000,598000) ops and (27299.3,17659.6) ops/second in (1.025666,33.862643) seconds
2026/05/26-12:01:45  ... thread 1: (37000,652000) ops and (36384.5,18709.3) ops/second in (1.016917,34.848972) seconds
2026/05/26-12:01:45  ... thread 0: (30000,636000) ops and (29385.8,18246.4) ops/second in (1.020902,34.856143) seconds
2026/05/26-12:01:45  ... thread 2: (30000,671000) ops and (29436.4,19246.9) ops/second in (1.019145,34.862843) seconds
2026/05/26-12:01:45  ... thread 3: (42000,640000) ops and (41036.0,18345.4) ops/second in (1.023491,34.886134) seconds
2026/05/26-12:01:46  ... thread 1: (6000,658000) ops and (5174.0,18273.4) ops/second in (1.159641,36.008613) seconds
2026/05/26-12:01:46  ... thread 2: (4000,675000) ops and (3267.7,18704.8) ops/second in (1.224086,36.086929) seconds
2026/05/26-12:01:46  ... thread 0: (6000,642000) ops and (3664.3,17592.2) ops/second in (1.637403,36.493546) seconds
2026/05/26-12:01:46  ... thread 3: (6000,646000) ops and (3446.1,17637.2) ops/second in (1.741096,36.627230) seconds
2026/05/26-12:01:47  ... thread 1: (9000,667000) ops and (8900.9,18017.4) ops/second in (1.011131,37.019744) seconds
2026/05/26-12:01:47  ... thread 2: (15000,690000) ops and (14541.3,18589.1) ops/second in (1.031542,37.118471) seconds
2026/05/26-12:01:47  ... thread 0: (27000,669000) ops and (26927.9,17841.8) ops/second in (1.002676,37.496222) seconds
2026/05/26-12:01:47  ... thread 3: (28000,674000) ops and (25333.3,17862.6) ops/second in (1.105263,37.732493) seconds
2026/05/26-12:01:48  ... thread 1: (33000,700000) ops and (32462.2,18403.5) ops/second in (1.016566,38.036310) seconds
2026/05/26-12:01:48  ... thread 2: (28000,718000) ops and (27703.3,18830.7) ops/second in (1.010711,38.129182) seconds
2026/05/26-12:01:48  ... thread 0: (32000,701000) ops and (31611.1,18203.8) ops/second in (1.012303,38.508525) seconds
2026/05/26-12:01:48  ... thread 3: (33000,707000) ops and (32877.9,18251.7) ops/second in (1.003714,38.736207) seconds
2026/05/26-12:01:49  ... thread 1: (38000,738000) ops and (26945.7,18708.9) ops/second in (1.410242,39.446552) seconds
2026/05/26-12:01:49  ... thread 0: (19000,720000) ops and (17058.8,18171.6) ops/second in (1.113795,39.622320) seconds
2026/05/26-12:01:49  ... thread 3: (14000,721000) ops and (13115.3,18113.9) ops/second in (1.067454,39.803661) seconds
2026/05/26-12:01:50  ... thread 2: (31000,749000) ops and (16968.7,18745.6) ops/second in (1.826893,39.956075) seconds
2026/05/26-12:01:51  ... thread 1: (4000,742000) ops and (2897.3,18174.2) ops/second in (1.380616,40.827168) seconds
2026/05/26-12:01:51  ... thread 3: (1000,722000) ops and (928.4,17661.1) ops/second in (1.077084,40.880745) seconds
2026/05/26-12:01:51  ... thread 2: (1000,750000) ops and (801.9,18202.5) ops/second in (1.247018,41.203093) seconds
2026/05/26-12:01:51  ... thread 0: (3000,723000) ops and (1595.0,17420.4) ops/second in (1.880836,41.503156) seconds
2026/05/26-12:01:52  ... thread 1: (2000,744000) ops and (1784.8,17736.3) ops/second in (1.120601,41.947769) seconds
2026/05/26-12:01:52  ... thread 3: (3000,725000) ops and (2753.8,17274.2) ops/second in (1.089384,41.970129) seconds
2026/05/26-12:01:52  ... thread 0: (1000,724000) ops and (895.6,16987.4) ops/second in (1.116611,42.619767) seconds
2026/05/26-12:01:52  ... thread 2: (2000,752000) ops and (1300.8,17594.5) ops/second in (1.537468,42.740561) seconds
2026/05/26-12:01:53  ... thread 1: (2000,746000) ops and (1547.5,17252.5) ops/second in (1.292434,43.240203) seconds
2026/05/26-12:01:53  ... thread 3: (3000,728000) ops and (1958.9,16735.0) ops/second in (1.531465,43.501594) seconds
2026/05/26-12:01:53  ... thread 0: (2000,726000) ops and (1805.5,16602.8) ops/second in (1.107721,43.727488) seconds
2026/05/26-12:01:54  ... thread 1: (3000,749000) ops and (2449.3,16844.7) ops/second in (1.224816,44.465019) seconds
2026/05/26-12:01:54  ... thread 2: (2000,754000) ops and (1115.7,16931.2) ops/second in (1.792527,44.533088) seconds
2026/05/26-12:01:55  ... thread 0: (2000,728000) ops and (1521.1,16162.6) ops/second in (1.314820,45.042308) seconds
2026/05/26-12:01:55  ... thread 3: (2000,730000) ops and (1202.2,16162.9) ops/second in (1.663668,45.165262) seconds
2026/05/26-12:01:56  ... thread 2: (3000,757000) ops and (2141.4,16480.2) ops/second in (1.400923,45.934011) seconds
2026/05/26-12:01:56  ... thread 0: (3000,731000) ops and (2732.8,15843.1) ops/second in (1.097795,46.140103) seconds
2026/05/26-12:01:56  ... thread 3: (1000,731000) ops and (991.6,15831.5) ops/second in (1.008480,46.173742) seconds
2026/05/26-12:01:56  ... thread 1: (2000,751000) ops and (1161.9,16260.2) ops/second in (1.721376,46.186395) seconds
2026/05/26-12:01:57  ... thread 2: (1000,758000) ops and (959.2,16135.7) ops/second in (1.042516,46.976527) seconds
2026/05/26-12:01:57  ... thread 0: (2000,733000) ops and (1975.2,15545.3) ops/second in (1.012545,47.152648) seconds
2026/05/26-12:01:58  ... thread 3: (3000,734000) ops and (1716.9,15316.9) ops/second in (1.747314,47.921056) seconds
2026/05/26-12:01:58  ... thread 1: (2000,753000) ops and (1119.1,15696.2) ops/second in (1.787118,47.973513) seconds
2026/05/26-12:01:59  ... thread 0: (4000,737000) ops and (2193.9,15048.2) ops/second in (1.823226,48.975874) seconds
2026/05/26-12:01:59  ... thread 1: (2000,755000) ops and (1677.7,15356.3) ops/second in (1.192083,49.165596) seconds
2026/05/26-12:01:59  ... thread 2: (2000,760000) ops and (811.0,15371.4) ops/second in (2.466096,49.442623) seconds
2026/05/26-12:02:00  ... thread 3: (3000,737000) ops and (1173.0,14600.2) ops/second in (2.557532,50.478588) seconds
2026/05/26-12:02:00  ... thread 1: (1000,756000) ops and (723.1,14955.9) ops/second in (1.382874,50.548470) seconds
2026/05/26-12:02:00  ... thread 0: (3000,740000) ops and (1836.9,14621.9) ops/second in (1.633168,50.609042) seconds
2026/05/26-12:02:01  ... thread 2: (2000,762000) ops and (898.1,14747.6) ops/second in (2.226893,51.669516) seconds
2026/05/26-12:02:02  ... thread 3: (2000,739000) ops and (1380.6,14231.5) ops/second in (1.448605,51.927193) seconds
2026/05/26-12:02:02  ... thread 0: (1000,741000) ops and (701.2,14240.4) ops/second in (1.426182,52.035224) seconds
2026/05/26-12:02:02  ... thread 1: (2000,758000) ops and (1004.9,14427.4) ops/second in (1.990318,52.538788) seconds
2026/05/26-12:02:03  ... thread 2: (2000,764000) ops and (1404.5,14389.7) ops/second in (1.424039,53.093555) seconds
2026/05/26-12:02:04  ... thread 3: (1000,740000) ops and (524.8,13746.3) ops/second in (1.905403,53.832596) seconds
2026/05/26-12:02:04  ... thread 1: (2000,760000) ops and (1275.5,14046.3) ops/second in (1.568022,54.106810) seconds
2026/05/26-12:02:04  ... thread 0: (2000,743000) ops and (885.5,13684.8) ops/second in (2.258568,54.293792) seconds
2026/05/26-12:02:04  ... thread 2: (2000,766000) ops and (1235.1,14000.4) ops/second in (1.619315,54.712870) seconds
2026/05/26-12:02:05  ... thread 3: (1000,741000) ops and (922.5,13493.2) ops/second in (1.083961,54.916557) seconds
2026/05/26-12:02:05  ... thread 1: (11000,771000) ops and (10811.9,13986.6) ops/second in (1.017400,55.124210) seconds
2026/05/26-12:02:05  ... thread 0: (13000,756000) ops and (12945.4,13671.4) ops/second in (1.004215,55.298007) seconds
2026/05/26-12:02:05  ... thread 2: (33000,799000) ops and (32655.2,14338.7) ops/second in (1.010560,55.723430) seconds
2026/05/26-12:02:06  ... thread 3: (30000,771000) ops and (29330.5,13782.8) ops/second in (1.022825,55.939382) seconds
2026/05/26-12:02:06  ... thread 1: (34000,805000) ops and (31574.1,14323.6) ops/second in (1.076832,56.201042) seconds
2026/05/26-12:02:06  ... thread 0: (29000,785000) ops and (28283.1,13937.4) ops/second in (1.025347,56.323354) seconds
2026/05/26-12:02:06  ... thread 2: (30000,829000) ops and (28750.7,14603.6) ops/second in (1.043453,56.766883) seconds
2026/05/26-12:02:07  ... thread 3: (28000,799000) ops and (27859.8,14031.2) ops/second in (1.005032,56.944414) seconds
2026/05/26-12:02:07  ... thread 1: (37000,842000) ops and (34591.1,14702.1) ops/second in (1.069640,57.270682) seconds
2026/05/26-12:02:07  ... thread 0: (24000,809000) ops and (23642.2,14109.2) ops/second in (1.015133,57.338487) seconds
2026/05/26-12:02:07  ... thread 2: (26000,855000) ops and (25045.4,14791.1) ops/second in (1.038114,57.804997) seconds
2026/05/26-12:02:08  ... thread 3: (35000,834000) ops and (34487.5,14389.4) ops/second in (1.014859,57.959273) seconds
2026/05/26-12:02:09  ... thread 0: (32000,841000) ops and (20107.3,14271.2) ops/second in (1.591465,58.929952) seconds
2026/05/26-12:02:09  ... thread 2: (14000,869000) ops and (12329.6,14743.7) ops/second in (1.135475,58.940472) seconds
2026/05/26-12:02:09  ... thread 1: (31000,873000) ops and (18365.4,14807.0) ops/second in (1.687959,58.958641) seconds
2026/05/26-12:02:09  ... thread 3: (9000,843000) ops and (8726.8,14290.4) ops/second in (1.031302,58.990575) seconds
2026/05/26-12:02:10  ... thread 1: (32000,905000) ops and (30975.0,15085.4) ops/second in (1.033091,59.991732) seconds
2026/05/26-12:02:10  ... thread 3: (32000,875000) ops and (31863.8,14584.6) ops/second in (1.004274,59.994849) seconds
2026/05/26-12:02:10  ... thread 0: (27000,868000) ops and (25114.0,14465.4) ops/second in (1.075099,60.005051) seconds
2026/05/26-12:02:10  ... thread 2: (32000,901000) ops and (29779.7,15012.9) ops/second in (1.074559,60.015031) seconds
2026/05/26-12:02:11  ... thread 2: (28000,929000) ops and (26310.8,15209.8) ops/second in (1.064201,61.079232) seconds
2026/05/26-12:02:11  ... thread 3: (36000,911000) ops and (32763.5,14911.5) ops/second in (1.098785,61.093634) seconds
2026/05/26-12:02:11  ... thread 0: (30000,898000) ops and (27460.0,14697.8) ops/second in (1.092499,61.097550) seconds
2026/05/26-12:02:11  ... thread 1: (30000,935000) ops and (27106.2,15303.2) ops/second in (1.106758,61.098490) seconds
2026/05/26-12:02:12  ... thread 2: (31000,960000) ops and (30940.9,15463.6) ops/second in (1.001911,62.081143) seconds
2026/05/26-12:02:12  ... thread 3: (31000,942000) ops and (30858.3,15169.5) ops/second in (1.004591,62.098225) seconds
2026/05/26-12:02:12  ... thread 1: (27000,962000) ops and (26956.7,15491.1) ops/second in (1.001606,62.100096) seconds
2026/05/26-12:02:12  ... thread 0: (32000,930000) ops and (31716.3,14974.3) ops/second in (1.008945,62.106495) seconds
2026/05/26-12:02:13  ... thread 2: (20000,980000) ops and (19186.6,15525.1) ops/second in (1.042392,63.123535) seconds
2026/05/26-12:02:13  ... thread 0: (15000,945000) ops and (14687.4,14969.6) ops/second in (1.021283,63.127778) seconds
2026/05/26-12:02:13  ... thread 3: (16000,958000) ops and (15326.0,15172.1) ops/second in (1.043978,63.142203) seconds
2026/05/26-12:02:13  ... thread 1: (15000,977000) ops and (14421.1,15473.5) ops/second in (1.040142,63.140238) seconds
2026/05/26-12:02:14  ... thread 2: (15000,995000) ops and (14615.8,15510.6) ops/second in (1.026288,64.149823) seconds
2026/05/26-12:02:14  ... thread 3: (19000,977000) ops and (17443.3,15210.6) ops/second in (1.089244,64.231447) seconds
2026/05/26-12:02:15  ... thread 1: (16000,993000) ops and (8801.9,15286.8) ops/second in (1.817783,64.958021) seconds
2026/05/26-12:02:15  ... thread 0: (15000,960000) ops and (7918.7,14764.2) ops/second in (1.894256,65.022034) seconds
2026/05/26-12:02:15  ... thread 2: (1000,996000) ops and (795.5,15227.8) ops/second in (1.257076,65.406899) seconds
2026/05/26-12:02:16  ... thread 3: (2000,979000) ops and (1180.9,14850.2) ops/second in (1.693687,65.925134) seconds
2026/05/26-12:02:16  ... thread 0: (1000,961000) ops and (939.9,14541.7) ops/second in (1.063971,66.086005) seconds
2026/05/26-12:02:16  ... thread 1: (2000,995000) ops and (1495.1,15008.5) ops/second in (1.337741,66.295762) seconds
2026/05/26-12:02:16  ... thread 2: (1000,997000) ops and (884.2,14983.9) ops/second in (1.130993,66.537892) seconds
2026/05/26-12:02:17  ... thread 3: (2000,981000) ops and (1989.9,14657.1) ops/second in (1.005063,66.930197) seconds
2026/05/26-12:02:17  ... thread 0: (1000,962000) ops and (712.7,14254.2) ops/second in (1.403052,67.489057) seconds
2026/05/26-12:02:18  ... thread 2: (2000,999000) ops and (1505.9,14720.2) ops/second in (1.328135,67.866027) seconds
2026/05/26-12:02:18  ... thread 3: (1000,982000) ops and (726.7,14376.4) ops/second in (1.376042,68.306239) seconds
2026/05/26-12:02:18  ... thread 1: (2000,997000) ops and (995.6,14596.4) ops/second in (2.008842,68.304604) seconds
2026/05/26-12:02:18  ... thread 0: (1000,963000) ops and (891.7,14035.8) ops/second in (1.121421,68.610478) seconds
2026/05/26-12:02:19  ... thread 2: (2000,1001000) ops and (1669.1,14493.7) ops/second in (1.198265,69.064292) seconds
2026/05/26-12:02:19  ... thread 3: (2000,984000) ops and (1532.6,14135.7) ops/second in (1.304949,69.611188) seconds
2026/05/26-12:02:20  ... thread 1: (2000,999000) ops and (1161.8,14266.1) ops/second in (1.721509,70.026113) seconds
2026/05/26-12:02:20  ... thread 0: (1000,964000) ops and (640.0,13737.5) ops/second in (1.562411,70.172889) seconds
2026/05/26-12:02:20  ... thread 2: (2000,1003000) ops and (1222.9,14186.7) ops/second in (1.635514,70.699806) seconds
2026/05/26-12:02:21  ... thread 3: (2000,986000) ops and (1426.8,13884.8) ops/second in (1.401744,71.012932) seconds
2026/05/26-12:02:21  ... thread 0: (1000,965000) ops and (915.2,13540.9) ops/second in (1.092638,71.265527) seconds
2026/05/26-12:02:21  ... thread 1: (2000,1001000) ops and (1441.1,14016.9) ops/second in (1.387872,71.413985) seconds
2026/05/26-12:02:22  ... thread 2: (1000,1004000) ops and (798.3,13953.6) ops/second in (1.252738,71.952544) seconds
2026/05/26-12:02:22  ... thread 3: (1000,987000) ops and (976.8,13701.4) ops/second in (1.023721,72.036653) seconds
2026/05/26-12:02:23  ... thread 0: (2000,967000) ops and (1164.9,13249.8) ops/second in (1.716840,72.982367) seconds
2026/05/26-12:02:23  ... thread 3: (3000,990000) ops and (2000.5,13462.7) ops/second in (1.499661,73.536314) seconds
2026/05/26-12:02:23  ... thread 1: (2000,1003000) ops and (883.5,13613.4) ops/second in (2.263605,73.677590) seconds
2026/05/26-12:02:23  ... thread 2: (1000,1005000) ops and (554.1,13625.8) ops/second in (1.804692,73.757236) seconds
2026/05/26-12:02:24  ... thread 0: (2000,969000) ops and (1966.9,13094.7) ops/second in (1.016849,73.999216) seconds
2026/05/26-12:02:24  ... thread 3: (1000,991000) ops and (859.2,13266.4) ops/second in (1.163894,74.700208) seconds
2026/05/26-12:02:25  ... thread 1: (2000,1005000) ops and (1558.0,13406.9) ops/second in (1.283708,74.961298) seconds
2026/05/26-12:02:25  ... thread 2: (1000,1006000) ops and (761.7,13400.8) ops/second in (1.312907,75.070143) seconds
2026/05/26-12:02:26  ... thread 0: (2000,971000) ops and (1090.8,12804.5) ops/second in (1.833534,75.832750) seconds
2026/05/26-12:02:26  ... thread 3: (2000,993000) ops and (1414.0,13046.1) ops/second in (1.414412,76.114620) seconds
2026/05/26-12:02:27  ... thread 2: (2000,1008000) ops and (1146.9,13122.6) ops/second in (1.743790,76.813933) seconds
2026/05/26-12:02:27  ... thread 1: (2000,1007000) ops and (1053.7,13101.9) ops/second in (1.898050,76.859348) seconds
2026/05/26-12:02:27  ... thread 0: (1000,972000) ops and (667.2,12569.3) ops/second in (1.498756,77.331506) seconds
2026/05/26-12:02:27  ... thread 3: (2000,995000) ops and (1277.0,12808.8) ops/second in (1.566157,77.680777) seconds
2026/05/26-12:02:28  ... thread 2: (2000,1010000) ops and (1839.3,12965.1) ops/second in (1.087385,77.901318) seconds
2026/05/26-12:02:28  ... thread 1: (1000,1008000) ops and (604.6,12838.6) ops/second in (1.653983,78.513331) seconds
2026/05/26-12:02:29  ... thread 2: (1000,1011000) ops and (858.0,12786.6) ops/second in (1.165558,79.066876) seconds
2026/05/26-12:02:29  ... thread 0: (1000,973000) ops and (489.3,12258.2) ops/second in (2.043675,79.375181) seconds
2026/05/26-12:02:30  ... thread 1: (1000,1009000) ops and (529.5,12549.4) ops/second in (1.888696,80.402027) seconds
2026/05/26-12:02:30  ... thread 3: (2000,997000) ops and (688.2,12371.7) ops/second in (2.906322,80.587099) seconds
2026/05/26-12:02:31  ... thread 2: (2000,1013000) ops and (1101.9,12524.4) ops/second in (1.815113,80.881989) seconds
2026/05/26-12:02:31  ... thread 0: (1000,974000) ops and (600.1,12018.5) ops/second in (1.666513,81.041694) seconds
2026/05/26-12:02:32  ... thread 3: (1000,998000) ops and (746.8,12181.7) ops/second in (1.339024,81.926123) seconds
2026/05/26-12:02:32  ... thread 1: (1000,1010000) ops and (546.7,12282.4) ops/second in (1.829186,82.231213) seconds
2026/05/26-12:02:32  ... thread 0: (1000,975000) ops and (740.5,11833.7) ops/second in (1.350383,82.392077) seconds
2026/05/26-12:02:33  ... thread 3: (1000,999000) ops and (931.9,12036.3) ops/second in (1.073020,82.999143) seconds
2026/05/26-12:02:33  ... thread 2: (2000,1015000) ops and (688.0,12113.8) ops/second in (2.907084,83.789073) seconds
2026/05/26-12:02:34  ... thread 0: (1000,976000) ops and (684.5,11639.4) ops/second in (1.460846,83.852923) seconds
2026/05/26-12:02:34  ... thread 1: (2000,1012000) ops and (1079.8,12035.7) ops/second in (1.852149,84.083362) seconds
2026/05/26-12:02:34  ... thread 3: (1000,1000000) ops and (660.9,11832.6) ops/second in (1.513073,84.512216) seconds
2026/05/26-12:02:35  ... thread 2: (1000,1016000) ops and (806.1,11948.8) ops/second in (1.240494,85.029567) seconds
2026/05/26-12:02:35  ... thread 0: (1000,977000) ops and (559.9,11408.4) ops/second in (1.785982,85.638905) seconds
2026/05/26-12:02:36  ... thread 1: (1000,1013000) ops and (546.4,11790.9) ops/second in (1.830220,85.913582) seconds
2026/05/26-12:02:37  ... thread 2: (2000,1018000) ops and (1005.0,11698.5) ops/second in (1.990098,87.019665) seconds
2026/05/26-12:02:37  ... thread 0: (1000,978000) ops and (480.1,11148.9) ops/second in (2.083013,87.721918) seconds
2026/05/26-12:02:38  ... thread 3: (2000,1002000) ops and (584.6,11395.0) ops/second in (3.420900,87.933116) seconds
2026/05/26-12:02:38  ... thread 1: (2000,1015000) ops and (934.7,11527.1) ops/second in (2.139718,88.053300) seconds
2026/05/26-12:02:39  ... thread 0: (1000,979000) ops and (853.1,11013.1) ops/second in (1.172190,88.894108) seconds
2026/05/26-12:02:39  ... thread 1: (1000,1016000) ops and (859.0,11387.9) ops/second in (1.164129,89.217429) seconds
2026/05/26-12:02:39  ... thread 3: (1000,1003000) ops and (625.7,11202.8) ops/second in (1.598087,89.531203) seconds
2026/05/26-12:02:40  ... thread 0: (1000,980000) ops and (885.9,10886.1) ops/second in (1.128741,90.022849) seconds
2026/05/26-12:02:40  ... thread 2: (2000,1020000) ops and (601.3,11289.9) ops/second in (3.326260,90.345925) seconds
2026/05/26-12:02:41  ... thread 0: (1000,981000) ops and (877.0,10760.9) ops/second in (1.140218,91.163067) seconds
2026/05/26-12:02:41  ... thread 3: (1000,1004000) ops and (569.4,10998.2) ops/second in (1.756199,91.287402) seconds
2026/05/26-12:02:41  ... thread 2: (1000,1021000) ops and (984.7,11175.4) ops/second in (1.015492,91.361417) seconds
2026/05/26-12:02:41  ... thread 1: (2000,1018000) ops and (806.6,11101.8) ops/second in (2.479619,91.697048) seconds
2026/05/26-12:02:42  ... thread 2: (1000,1022000) ops and (740.2,11023.3) ops/second in (1.350965,92.712382) seconds
2026/05/26-12:02:43  ... thread 3: (1000,1005000) ops and (599.5,10811.6) ops/second in (1.667954,92.955356) seconds
2026/05/26-12:02:43  ... thread 0: (1000,982000) ops and (546.6,10560.0) ops/second in (1.829441,92.992508) seconds
2026/05/26-12:02:43  ... thread 1: (2000,1020000) ops and (1290.4,10938.7) ops/second in (1.549922,93.246970) seconds
2026/05/26-12:02:44  ... thread 2: (1000,1023000) ops and (870.9,10899.1) ops/second in (1.148185,93.860567) seconds
2026/05/26-12:02:44  ... thread 0: (1000,983000) ops and (696.6,10410.1) ops/second in (1.435459,94.427967) seconds
2026/05/26-12:02:44  ... thread 3: (1000,1006000) ops and (560.6,10618.6) ops/second in (1.783656,94.739012) seconds
2026/05/26-12:02:45  ... thread 1: (1000,1021000) ops and (570.5,10747.4) ops/second in (1.752872,94.999842) seconds
2026/05/26-12:02:45  ... thread 2: (1000,1024000) ops and (656.9,10735.7) ops/second in (1.522398,95.382965) seconds
2026/05/26-12:02:45  ... thread 0: (1000,984000) ops and (803.4,10285.1) ops/second in (1.244684,95.672651) seconds
2026/05/26-12:02:46  ... thread 3: (1000,1007000) ops and (926.1,10509.4) ops/second in (1.079781,95.818793) seconds
2026/05/26-12:02:46  ... thread 1: (1000,1022000) ops and (942.4,10639.1) ops/second in (1.061097,96.060939) seconds
2026/05/26-12:02:46  ... thread 2: (1000,1025000) ops and (788.5,10605.1) ops/second in (1.268229,96.651194) seconds
2026/05/26-12:02:47  ... thread 0: (1000,985000) ops and (658.1,10134.6) ops/second in (1.519532,97.192183) seconds
2026/05/26-12:02:47  ... thread 3: (1000,1008000) ops and (621.9,10346.2) ops/second in (1.608099,97.426892) seconds
2026/05/26-12:02:49  ... thread 0: (2000,987000) ops and (1162.0,9978.4) ops/second in (1.721240,98.913423) seconds
2026/05/26-12:02:49  ... thread 3: (1000,1009000) ops and (671.3,10200.5) ops/second in (1.489607,98.916499) seconds
2026/05/26-12:02:49  ... thread 1: (2000,1024000) ops and (694.5,10349.6) ops/second in (2.879766,98.940705) seconds
2026/05/26-12:02:49  ... thread 2: (1000,1026000) ops and (352.2,10312.5) ops/second in (2.839281,99.490475) seconds
2026/05/26-12:02:50  ... thread 0: (13000,1000000) ops and (12843.1,10007.4) ops/second in (1.012220,99.925643) seconds
2026/05/26-12:02:50  ... thread 1: (15000,1039000) ops and (14704.6,10394.1) ops/second in (1.020091,99.960796) seconds
2026/05/26-12:02:50  ... thread 3: (19000,1028000) ops and (18042.0,10283.1) ops/second in (1.053100,99.969599) seconds
2026/05/26-12:02:50  ... thread 2: (24000,1050000) ops and (23688.2,10447.4) ops/second in (1.013163,100.503638) seconds
2026/05/26-12:02:51  ... thread 0: (23000,1023000) ops and (22346.6,10133.2) ops/second in (1.029238,100.954881) seconds
2026/05/26-12:02:51  ... thread 3: (22000,1050000) ops and (21916.3,10398.8) ops/second in (1.003817,100.973416) seconds
2026/05/26-12:02:51  ... thread 1: (24000,1063000) ops and (23403.2,10526.2) ops/second in (1.025500,100.986296) seconds
2026/05/26-12:02:51  ... thread 2: (23000,1073000) ops and (22236.9,10567.5) ops/second in (1.034318,101.537956) seconds
2026/05/26-12:02:52  ... thread 1: (25000,1088000) ops and (17921.4,10626.9) ops/second in (1.394977,102.381273) seconds
2026/05/26-12:02:52  ... thread 3: (22000,1072000) ops and (15365.0,10468.2) ops/second in (1.431824,102.405240) seconds
2026/05/26-12:02:52  ... thread 0: (23000,1046000) ops and (15832.9,10214.1) ops/second in (1.452673,102.407554) seconds
2026/05/26-12:02:52  ... thread 2: (13000,1086000) ops and (12182.3,10584.3) ops/second in (1.067126,102.605082) seconds
2026/05/26-12:02:53  ... thread 1: (22000,1110000) ops and (21368.7,10733.9) ops/second in (1.029545,103.410818) seconds
2026/05/26-12:02:53  ... thread 3: (25000,1097000) ops and (24450.2,10606.4) ops/second in (1.022485,103.427725) seconds
2026/05/26-12:02:53  ... thread 0: (25000,1071000) ops and (24282.8,10354.1) ops/second in (1.029535,103.437089) seconds
2026/05/26-12:02:53  ... thread 2: (23000,1109000) ops and (22939.1,10703.8) ops/second in (1.002657,103.607739) seconds
2026/05/26-12:02:54  ... thread 0: (24000,1095000) ops and (23453.0,10482.4) ops/second in (1.023323,104.460412) seconds
2026/05/26-12:02:54  ... thread 3: (23000,1120000) ops and (22182.5,10721.3) ops/second in (1.036854,104.464579) seconds
2026/05/26-12:02:54  ... thread 1: (30000,1140000) ops and (27110.2,10907.3) ops/second in (1.106593,104.517411) seconds
2026/05/26-12:02:54  ... thread 2: (21000,1130000) ops and (20819.5,10801.4) ops/second in (1.008670,104.616409) seconds
2026/05/26-12:02:55  ... thread 1: (16000,1156000) ops and (13333.3,10934.8) ops/second in (1.200002,105.717413) seconds
2026/05/26-12:02:55  ... thread 2: (11000,1141000) ops and (9973.8,10792.7) ops/second in (1.102888,105.719297) seconds
2026/05/26-12:02:55  ... thread 3: (15000,1135000) ops and (11901.9,10735.4) ops/second in (1.260304,105.724883) seconds
2026/05/26-12:02:55  ... thread 0: (17000,1112000) ops and (13350.6,10517.0) ops/second in (1.273349,105.733761) seconds
2026/05/26-12:02:56  ... thread 2: (25000,1166000) ops and (24993.2,10925.8) ops/second in (1.000273,106.719570) seconds
2026/05/26-12:02:56  ... thread 1: (27000,1183000) ops and (26335.4,11082.7) ops/second in (1.025236,106.742649) seconds
2026/05/26-12:02:56  ... thread 3: (30000,1165000) ops and (29103.3,10912.8) ops/second in (1.030812,106.755695) seconds
2026/05/26-12:02:56  ... thread 0: (24000,1136000) ops and (23139.3,10639.6) ops/second in (1.037197,106.770958) seconds
2026/05/26-12:02:57  ... thread 2: (22000,1188000) ops and (21459.4,11026.1) ops/second in (1.025191,107.744761) seconds
2026/05/26-12:02:57  ... thread 3: (20000,1185000) ops and (19875.7,10996.5) ops/second in (1.006252,107.761947) seconds
2026/05/26-12:02:57  ... thread 1: (18000,1201000) ops and (17669.0,11145.0) ops/second in (1.018733,107.761382) seconds
2026/05/26-12:02:58  ... thread 0: (21000,1157000) ops and (19357.3,10727.3) ops/second in (1.084864,107.855822) seconds
2026/05/26-12:02:59  ... thread 1: (17000,1218000) ops and (15310.3,11187.5) ops/second in (1.110363,108.871745) seconds
2026/05/26-12:02:59  ... thread 2: (15000,1203000) ops and (13295.1,11049.6) ops/second in (1.128235,108.872996) seconds
2026/05/26-12:02:59  ... thread 0: (14000,1171000) ops and (13508.2,10753.8) ops/second in (1.036411,108.892233) seconds
2026/05/26-12:02:59  ... thread 3: (18000,1203000) ops and (15350.6,11043.3) ops/second in (1.172591,108.934538) seconds
2026/05/26-12:03:00  ... thread 2: (26000,1229000) ops and (25761.7,11184.7) ops/second in (1.009252,109.882248) seconds
2026/05/26-12:03:00  ... thread 1: (27000,1245000) ops and (26375.7,11329.0) ops/second in (1.023671,109.895416) seconds
2026/05/26-12:03:00  ... thread 0: (28000,1199000) ops and (27708.2,10909.6) ops/second in (1.010533,109.902766) seconds
2026/05/26-12:03:00  ... thread 3: (29000,1232000) ops and (28205.0,11203.8) ops/second in (1.028187,109.962725) seconds
Initializing RocksDB Options from the specified file
Initializing RocksDB Options from command-line flags
Integrated BlobDB: blob cache disabled
Keys:       16 bytes each (+ 0 bytes user-defined timestamp)
Values:     1024 bytes each (512 bytes after compression)
Entries:    1250000
Prefix:    0 bytes
Keys per prefix:    0
RawSize:    1239.8 MB (estimated)
FileSize:   629.4 MB (estimated)
Write rate: 0 bytes/second
Read rate: 0 ops/second
Compression: Snappy
Compression sampling rate: 0
Memtablerep: SkipListFactory
Perf Level: 1
WARNING: Assertions are enabled; benchmarks unnecessarily slow
------------------------------------------------
Initializing RocksDB Options from the specified file
Initializing RocksDB Options from command-line flags
Integrated BlobDB: blob cache disabled
DB path: [/tmp/rocksdb_comp_exp_db]
fillrandom   :      88.369 micros/op 45106 ops/sec 110.849 seconds 5000000 operations;   44.7 MB/s
2026/05/26-12:03:05  ... thread 3: (1000,1000) ops and (214.1,214.1) ops/second in (4.669868,4.669868) seconds
2026/05/26-12:03:05  ... thread 2: (1000,1000) ops and (206.4,206.4) ops/second in (4.845647,4.845647) seconds
2026/05/26-12:03:05  ... thread 1: (1000,1000) ops and (205.4,205.4) ops/second in (4.869511,4.869511) seconds
2026/05/26-12:03:05  ... thread 0: (1000,1000) ops and (204.0,204.0) ops/second in (4.901690,4.901690) seconds
2026/05/26-12:03:11  ... thread 2: (1000,2000) ops and (183.6,194.3) ops/second in (5.446768,10.292415) seconds
2026/05/26-12:03:11  ... thread 3: (1000,2000) ops and (167.9,188.2) ops/second in (5.956063,10.625931) seconds
2026/05/26-12:03:11  ... thread 1: (1000,2000) ops and (170.8,186.5) ops/second in (5.853138,10.722649) seconds
2026/05/26-12:03:11  ... thread 0: (1000,2000) ops and (171.0,186.1) ops/second in (5.847114,10.748804) seconds
2026/05/26-12:03:15  ... thread 2: (1000,3000) ops and (269.7,214.3) ops/second in (3.708329,14.000744) seconds
2026/05/26-12:03:15  ... thread 3: (1000,3000) ops and (276.9,210.7) ops/second in (3.611399,14.237330) seconds
2026/05/26-12:03:15  ... thread 0: (1000,3000) ops and (273.1,208.2) ops/second in (3.662034,14.410838) seconds
2026/05/26-12:03:15  ... thread 1: (1000,3000) ops and (264.6,206.9) ops/second in (3.779267,14.501916) seconds
2026/05/26-12:03:17  ... thread 2: (1000,4000) ops and (337.9,235.8) ops/second in (2.959250,16.959994) seconds
2026/05/26-12:03:18  ... thread 3: (1000,4000) ops and (334.7,232.2) ops/second in (2.987331,17.224661) seconds
2026/05/26-12:03:18  ... thread 0: (1000,4000) ops and (318.7,227.9) ops/second in (3.137315,17.548153) seconds
2026/05/26-12:03:18  ... thread 1: (1000,4000) ops and (299.2,224.2) ops/second in (3.342677,17.844593) seconds
2026/05/26-12:03:22  ... thread 2: (1000,5000) ops and (244.2,237.5) ops/second in (4.095629,21.055623) seconds
2026/05/26-12:03:22  ... thread 3: (1000,5000) ops and (218.1,229.2) ops/second in (4.585743,21.810404) seconds
2026/05/26-12:03:23  ... thread 0: (1000,5000) ops and (214.2,225.0) ops/second in (4.669254,22.217407) seconds
2026/05/26-12:03:23  ... thread 1: (1000,5000) ops and (217.0,222.7) ops/second in (4.609225,22.453818) seconds
2026/05/26-12:03:27  ... thread 2: (1000,6000) ops and (180.7,225.7) ops/second in (5.533070,26.588693) seconds
2026/05/26-12:03:28  ... thread 3: (1000,6000) ops and (184.3,220.3) ops/second in (5.424978,27.235382) seconds
2026/05/26-12:03:28  ... thread 0: (1000,6000) ops and (183.7,216.9) ops/second in (5.443860,27.661267) seconds
2026/05/26-12:03:28  ... thread 1: (1000,6000) ops and (184.9,215.4) ops/second in (5.407009,27.860827) seconds
2026/05/26-12:03:30  ... thread 2: (1000,7000) ops and (300.9,234.0) ops/second in (3.322828,29.911521) seconds
2026/05/26-12:03:31  ... thread 3: (1000,7000) ops and (335.4,231.7) ops/second in (2.981418,30.216800) seconds
2026/05/26-12:03:31  ... thread 0: (1000,7000) ops and (364.2,230.2) ops/second in (2.745566,30.406833) seconds
2026/05/26-12:03:31  ... thread 1: (1000,7000) ops and (375.7,229.3) ops/second in (2.661563,30.522390) seconds
2026/05/26-12:03:32  ... thread 2: (1000,8000) ops and (879.4,257.7) ops/second in (1.137160,31.048681) seconds
2026/05/26-12:03:32  ... thread 3: (1000,8000) ops and (865.6,255.0) ops/second in (1.155223,31.372023) seconds
2026/05/26-12:03:33  ... thread 0: (1000,8000) ops and (531.9,247.8) ops/second in (1.880204,32.287037) seconds
2026/05/26-12:03:33  ... thread 1: (1000,8000) ops and (559.8,247.6) ops/second in (1.786243,32.308633) seconds
2026/05/26-12:03:34  ... thread 2: (1000,9000) ops and (485.8,271.8) ops/second in (2.058627,33.107308) seconds
2026/05/26-12:03:34  ... thread 3: (1000,9000) ops and (398.7,265.6) ops/second in (2.508180,33.880203) seconds
2026/05/26-12:03:35  ... thread 0: (1000,9000) ops and (540.8,263.7) ops/second in (1.848961,34.135998) seconds
2026/05/26-12:03:35  ... thread 1: (1000,9000) ops and (517.0,262.8) ops/second in (1.934285,34.242918) seconds
2026/05/26-12:03:36  ... thread 2: (1000,10000) ops and (512.1,285.2) ops/second in (1.952646,35.059954) seconds
2026/05/26-12:03:36  ... thread 3: (1000,10000) ops and (734.3,283.8) ops/second in (1.361761,35.241964) seconds
2026/05/26-12:03:36  ... thread 1: (1000,10000) ops and (923.3,283.1) ops/second in (1.083070,35.325988) seconds
2026/05/26-12:03:36  ... thread 0: (1000,10000) ops and (811.9,282.7) ops/second in (1.231736,35.367734) seconds
2026/05/26-12:03:38  ... thread 2: (1000,11000) ops and (509.1,297.1) ops/second in (1.964323,37.024277) seconds
2026/05/26-12:03:38  ... thread 1: (1000,11000) ops and (532.4,295.7) ops/second in (1.878409,37.204397) seconds
2026/05/26-12:03:38  ... thread 3: (1000,11000) ops and (501.4,295.4) ops/second in (1.994606,37.236570) seconds
2026/05/26-12:03:38  ... thread 0: (1000,11000) ops and (524.5,295.1) ops/second in (1.906464,37.274198) seconds
2026/05/26-12:03:39  ... thread 1: (1000,12000) ops and (754.5,311.4) ops/second in (1.325330,38.529727) seconds
2026/05/26-12:03:39  ... thread 3: (1000,12000) ops and (746.9,311.1) ops/second in (1.338918,38.575488) seconds
2026/05/26-12:03:39  ... thread 0: (1000,12000) ops and (763.1,311.0) ops/second in (1.310511,38.584709) seconds
2026/05/26-12:03:40  ... thread 2: (2000,13000) ops and (995.4,333.0) ops/second in (2.009297,39.033574) seconds
2026/05/26-12:03:41  ... thread 3: (1000,13000) ops and (717.9,325.3) ops/second in (1.392930,39.968418) seconds
2026/05/26-12:03:41  ... thread 0: (1000,13000) ops and (680.4,324.6) ops/second in (1.469728,40.054437) seconds
2026/05/26-12:03:41  ... thread 2: (1000,14000) ops and (675.5,345.6) ops/second in (1.480458,40.514032) seconds
2026/05/26-12:03:41  ... thread 1: (2000,14000) ops and (894.8,343.4) ops/second in (2.235254,40.764981) seconds
2026/05/26-12:03:42  ... thread 3: (1000,14000) ops and (905.1,340.9) ops/second in (1.104830,41.073248) seconds
2026/05/26-12:03:42  ... thread 0: (1000,14000) ops and (851.8,339.6) ops/second in (1.173979,41.228416) seconds
2026/05/26-12:03:43  ... thread 2: (1000,15000) ops and (614.1,355.9) ops/second in (1.628316,42.142348) seconds
2026/05/26-12:03:43  ... thread 1: (1000,15000) ops and (573.2,352.9) ops/second in (1.744546,42.509527) seconds
2026/05/26-12:03:43  ... thread 3: (1000,15000) ops and (569.9,350.2) ops/second in (1.754676,42.827924) seconds
2026/05/26-12:03:43  ... thread 0: (1000,15000) ops and (612.8,350.0) ops/second in (1.631776,42.860192) seconds
2026/05/26-12:03:44  ... thread 2: (1000,16000) ops and (894.8,369.9) ops/second in (1.117629,43.259977) seconds
2026/05/26-12:03:45  ... thread 3: (1000,16000) ops and (720.3,361.9) ops/second in (1.388359,44.216283) seconds
2026/05/26-12:03:45  ... thread 0: (1000,16000) ops and (720.2,361.6) ops/second in (1.388536,44.248728) seconds
2026/05/26-12:03:45  ... thread 2: (1000,17000) ops and (782.8,381.7) ops/second in (1.277392,44.537369) seconds
2026/05/26-12:03:45  ... thread 1: (2000,17000) ops and (910.5,380.3) ops/second in (2.196602,44.706129) seconds
2026/05/26-12:03:46  ... thread 3: (2000,18000) ops and (1427.4,394.6) ops/second in (1.401156,45.617439) seconds
2026/05/26-12:03:46  ... thread 0: (2000,18000) ops and (1433.5,394.4) ops/second in (1.395182,45.643910) seconds
2026/05/26-12:03:47  ... thread 2: (2000,19000) ops and (1027.6,408.7) ops/second in (1.946245,46.483614) seconds
2026/05/26-12:03:47  ... thread 1: (2000,19000) ops and (1111.3,408.6) ops/second in (1.799674,46.505803) seconds
2026/05/26-12:03:47  ... thread 0: (1000,19000) ops and (942.0,406.8) ops/second in (1.061554,46.705464) seconds
2026/05/26-12:03:47  ... thread 3: (1000,19000) ops and (913.0,406.7) ops/second in (1.095337,46.712776) seconds
2026/05/26-12:03:48  ... thread 2: (2000,21000) ops and (1406.5,438.4) ops/second in (1.421956,47.905570) seconds
2026/05/26-12:03:49  ... thread 1: (2000,21000) ops and (1373.4,437.8) ops/second in (1.456272,47.962075) seconds
2026/05/26-12:03:49  ... thread 0: (2000,21000) ops and (1336.5,435.7) ops/second in (1.496499,48.201963) seconds
2026/05/26-12:03:49  ... thread 3: (2000,21000) ops and (1299.1,435.2) ops/second in (1.539504,48.252280) seconds
2026/05/26-12:03:50  ... thread 2: (5000,26000) ops and (4336.6,530.0) ops/second in (1.152982,49.058552) seconds
2026/05/26-12:03:50  ... thread 1: (5000,26000) ops and (4443.4,529.7) ops/second in (1.125274,49.087349) seconds
2026/05/26-12:03:50  ... thread 0: (5000,26000) ops and (4844.1,528.1) ops/second in (1.032189,49.234152) seconds
2026/05/26-12:03:50  ... thread 3: (6000,27000) ops and (5359.7,546.9) ops/second in (1.119476,49.371756) seconds
2026/05/26-12:03:51  ... thread 2: (7000,33000) ops and (6170.0,657.5) ops/second in (1.134522,50.193074) seconds
2026/05/26-12:03:51  ... thread 1: (7000,33000) ops and (6121.3,657.0) ops/second in (1.143540,50.230889) seconds
2026/05/26-12:03:51  ... thread 0: (6000,32000) ops and (5775.1,636.5) ops/second in (1.038937,50.273089) seconds
2026/05/26-12:03:51  ... thread 3: (6000,33000) ops and (5904.8,654.9) ops/second in (1.016120,50.387876) seconds
2026/05/26-12:03:52  ... thread 1: (7000,40000) ops and (6731.7,780.2) ops/second in (1.039854,51.270743) seconds
2026/05/26-12:03:52  ... thread 2: (8000,41000) ops and (7095.8,798.9) ops/second in (1.127433,51.320507) seconds
2026/05/26-12:03:52  ... thread 0: (7000,39000) ops and (6522.7,759.5) ops/second in (1.073178,51.346267) seconds
2026/05/26-12:03:52  ... thread 3: (7000,40000) ops and (6565.4,777.4) ops/second in (1.066202,51.454078) seconds
2026/05/26-12:03:53  ... thread 1: (8000,48000) ops and (7339.6,916.7) ops/second in (1.089980,52.360723) seconds
2026/05/26-12:03:53  ... thread 2: (8000,49000) ops and (7253.5,934.7) ops/second in (1.102917,52.423424) seconds
2026/05/26-12:03:53  ... thread 0: (8000,47000) ops and (7382.7,896.4) ops/second in (1.083616,52.429883) seconds
2026/05/26-12:03:53  ... thread 3: (8000,48000) ops and (7769.4,914.6) ops/second in (1.029684,52.483762) seconds
2026/05/26-12:03:54  ... thread 1: (8000,56000) ops and (7914.6,1049.2) ops/second in (1.010791,53.371514) seconds
2026/05/26-12:03:54  ... thread 0: (9000,56000) ops and (8327.7,1046.5) ops/second in (1.080737,53.510620) seconds
2026/05/26-12:03:54  ... thread 2: (9000,58000) ops and (8217.8,1083.7) ops/second in (1.095189,53.518613) seconds
2026/05/26-12:03:54  ... thread 3: (8000,56000) ops and (7716.9,1046.3) ops/second in (1.036686,53.520448) seconds
2026/05/26-12:03:55  ... thread 1: (10000,66000) ops and (9797.1,1213.4) ops/second in (1.020706,54.392220) seconds
2026/05/26-12:03:55  ... thread 0: (10000,66000) ops and (9486.2,1209.6) ops/second in (1.054162,54.564782) seconds
2026/05/26-12:03:55  ... thread 3: (10000,66000) ops and (9392.2,1209.1) ops/second in (1.064710,54.585158) seconds
2026/05/26-12:03:55  ... thread 2: (10000,68000) ops and (9201.5,1245.3) ops/second in (1.086776,54.605389) seconds
2026/05/26-12:03:56  ... thread 1: (10000,76000) ops and (9989.8,1372.0) ops/second in (1.001020,55.393240) seconds
2026/05/26-12:03:56  ... thread 0: (11000,77000) ops and (10439.8,1384.4) ops/second in (1.053661,55.618443) seconds
2026/05/26-12:03:56  ... thread 3: (11000,77000) ops and (10226.5,1383.4) ops/second in (1.075634,55.660792) seconds
2026/05/26-12:03:56  ... thread 2: (11000,79000) ops and (10107.7,1418.5) ops/second in (1.088282,55.693671) seconds
2026/05/26-12:03:57  ... thread 1: (12000,88000) ops and (11339.6,1558.9) ops/second in (1.058240,56.451480) seconds
2026/05/26-12:03:57  ... thread 0: (12000,89000) ops and (11490.4,1570.7) ops/second in (1.044348,56.662791) seconds
2026/05/26-12:03:57  ... thread 3: (13000,90000) ops and (12447.5,1587.2) ops/second in (1.044390,56.705182) seconds
2026/05/26-12:03:57  ... thread 2: (12000,91000) ops and (11446.7,1603.8) ops/second in (1.048338,56.742009) seconds
DB path: [/tmp/rocksdb_comp_exp_db]
readrandom   :     574.277 micros/op 6957 ops/sec 57.489 seconds 400000 operations;    6.8 MB/s (98150 of 100000 found)

STATISTICS:
rocksdb.block.cache.miss COUNT : 3674062
rocksdb.block.cache.hit COUNT : 45676
rocksdb.block.cache.add COUNT : 814876
rocksdb.block.cache.add.failures COUNT : 0
rocksdb.block.cache.index.miss COUNT : 0
rocksdb.block.cache.index.hit COUNT : 0
rocksdb.block.cache.index.add COUNT : 0
rocksdb.block.cache.index.bytes.insert COUNT : 0
rocksdb.block.cache.filter.miss COUNT : 0
rocksdb.block.cache.filter.hit COUNT : 0
rocksdb.block.cache.filter.add COUNT : 0
rocksdb.block.cache.filter.bytes.insert COUNT : 0
rocksdb.block.cache.data.miss COUNT : 3674062
rocksdb.block.cache.data.hit COUNT : 45676
rocksdb.block.cache.data.add COUNT : 814876
rocksdb.block.cache.data.bytes.insert COUNT : 3507217056
rocksdb.block.cache.bytes.read COUNT : 196589520
rocksdb.block.cache.bytes.write COUNT : 3507217056
rocksdb.block.cache.compression.dict.miss COUNT : 0
rocksdb.block.cache.compression.dict.hit COUNT : 0
rocksdb.block.cache.compression.dict.add COUNT : 0
rocksdb.block.cache.compression.dict.bytes.insert COUNT : 0
rocksdb.block.cache.add.redundant COUNT : 11
rocksdb.block.cache.index.add.redundant COUNT : 0
rocksdb.block.cache.filter.add.redundant COUNT : 0
rocksdb.block.cache.data.add.redundant COUNT : 11
rocksdb.block.cache.compression.dict.add.redundant COUNT : 0
rocksdb.secondary.cache.hits COUNT : 0
rocksdb.secondary.cache.filter.hits COUNT : 0
rocksdb.secondary.cache.index.hits COUNT : 0
rocksdb.secondary.cache.data.hits COUNT : 0
rocksdb.compressed.secondary.cache.dummy.hits COUNT : 0
rocksdb.compressed.secondary.cache.hits COUNT : 0
rocksdb.compressed.secondary.cache.promotions COUNT : 0
rocksdb.compressed.secondary.cache.promotion.skips COUNT : 0
rocksdb.bloom.filter.useful COUNT : 0
rocksdb.bloom.filter.full.positive COUNT : 0
rocksdb.bloom.filter.full.true.positive COUNT : 0
rocksdb.bloom.filter.prefix.checked COUNT : 0
rocksdb.bloom.filter.prefix.useful COUNT : 0
rocksdb.bloom.filter.prefix.true.positive COUNT : 0
rocksdb.persistent.cache.hit COUNT : 0
rocksdb.persistent.cache.miss COUNT : 0
rocksdb.sim.block.cache.hit COUNT : 0
rocksdb.sim.block.cache.miss COUNT : 0
rocksdb.memtable.hit COUNT : 6753
rocksdb.memtable.miss COUNT : 393247
rocksdb.l0.hit COUNT : 18884
rocksdb.l1.hit COUNT : 96371
rocksdb.l2andup.hit COUNT : 270749
rocksdb.compaction.key.drop.new COUNT : 3404341
rocksdb.compaction.key.drop.obsolete COUNT : 0
rocksdb.compaction.key.drop.range_del COUNT : 0
rocksdb.compaction.key.drop.user COUNT : 0
rocksdb.compaction.range_del.drop.obsolete COUNT : 0
rocksdb.compaction.optimized.del.drop.obsolete COUNT : 0
rocksdb.compaction.cancelled COUNT : 0
rocksdb.compaction.aborted COUNT : 0
rocksdb.number.keys.written COUNT : 5000000
rocksdb.number.keys.read COUNT : 400000
rocksdb.number.keys.updated COUNT : 0
rocksdb.bytes.written COUNT : 5277558912
rocksdb.bytes.read COUNT : 402183168
rocksdb.number.db.seek COUNT : 0
rocksdb.number.db.next COUNT : 0
rocksdb.number.db.prev COUNT : 0
rocksdb.number.db.seek.found COUNT : 0
rocksdb.number.db.next.found COUNT : 0
rocksdb.number.db.prev.found COUNT : 0
rocksdb.db.iter.bytes.read COUNT : 0
rocksdb.number.iter.skip COUNT : 0
rocksdb.number.reseeks.iteration COUNT : 0
rocksdb.num.iterator.created COUNT : 0
rocksdb.num.iterator.deleted COUNT : 0
rocksdb.no.file.opens COUNT : 153
rocksdb.no.file.errors COUNT : 0
rocksdb.stall.micros COUNT : 74575663
rocksdb.db.mutex.wait.micros COUNT : 0
rocksdb.number.multiget.get COUNT : 0
rocksdb.number.multiget.keys.read COUNT : 0
rocksdb.number.multiget.bytes.read COUNT : 0
rocksdb.number.multiget.keys.found COUNT : 0
rocksdb.number.merge.failures COUNT : 0
rocksdb.getupdatessince.calls COUNT : 0
rocksdb.wal.synced COUNT : 0
rocksdb.wal.bytes COUNT : 5277558912
rocksdb.write.self COUNT : 4796576
rocksdb.write.other COUNT : 203424
rocksdb.write.wal COUNT : 5000000
rocksdb.compact.read.bytes COUNT : 6981907164
rocksdb.compact.write.bytes COUNT : 4938640024
rocksdb.flush.write.bytes COUNT : 2972018802
rocksdb.compact.read.marked.bytes COUNT : 0
rocksdb.compact.read.periodic.bytes COUNT : 0
rocksdb.compact.read.ttl.bytes COUNT : 0
rocksdb.compact.write.marked.bytes COUNT : 0
rocksdb.compact.write.periodic.bytes COUNT : 0
rocksdb.compact.write.ttl.bytes COUNT : 0
rocksdb.number.direct.load.table.properties COUNT : 0
rocksdb.number.superversion_acquires COUNT : 40
rocksdb.number.superversion_releases COUNT : 36
rocksdb.number.superversion_cleanups COUNT : 9
rocksdb.number.block.compressed COUNT : 3236177
rocksdb.number.block.decompressed COUNT : 3674215
rocksdb.bytes.compressed.from COUNT : 13639669190
rocksdb.bytes.compressed.to COUNT : 7894274340
rocksdb.bytes.compression_bypassed COUNT : 0
rocksdb.bytes.compression.rejected COUNT : 0
rocksdb.number.block_compression_bypassed COUNT : 0
rocksdb.number.block_compression_rejected COUNT : 0
rocksdb.bytes.decompressed.from COUNT : 8959114247
rocksdb.bytes.decompressed.to COUNT : 15477381521
rocksdb.merge.operation.time.nanos COUNT : 0
rocksdb.filter.operation.time.nanos COUNT : 0
rocksdb.compaction.total.time.cpu_micros COUNT : 37370618
rocksdb.row.cache.hit COUNT : 0
rocksdb.row.cache.miss COUNT : 0
rocksdb.read.amp.estimate.useful.bytes COUNT : 0
rocksdb.read.amp.total.read.bytes COUNT : 0
rocksdb.number.rate_limiter.drains COUNT : 0
rocksdb.blobdb.num.put COUNT : 0
rocksdb.blobdb.num.write COUNT : 0
rocksdb.blobdb.num.get COUNT : 0
rocksdb.blobdb.num.multiget COUNT : 0
rocksdb.blobdb.num.seek COUNT : 0
rocksdb.blobdb.num.next COUNT : 0
rocksdb.blobdb.num.prev COUNT : 0
rocksdb.blobdb.num.keys.written COUNT : 0
rocksdb.blobdb.num.keys.read COUNT : 0
rocksdb.blobdb.bytes.written COUNT : 0
rocksdb.blobdb.bytes.read COUNT : 0
rocksdb.blobdb.write.inlined COUNT : 0
rocksdb.blobdb.write.inlined.ttl COUNT : 0
rocksdb.blobdb.write.blob COUNT : 0
rocksdb.blobdb.write.blob.ttl COUNT : 0
rocksdb.blobdb.blob.file.bytes.written COUNT : 0
rocksdb.blobdb.blob.file.bytes.read COUNT : 0
rocksdb.blobdb.blob.file.synced COUNT : 0
rocksdb.blobdb.blob.index.expired.count COUNT : 0
rocksdb.blobdb.blob.index.expired.size COUNT : 0
rocksdb.blobdb.blob.index.evicted.count COUNT : 0
rocksdb.blobdb.blob.index.evicted.size COUNT : 0
rocksdb.blobdb.gc.num.files COUNT : 0
rocksdb.blobdb.gc.num.new.files COUNT : 0
rocksdb.blobdb.gc.failures COUNT : 0
rocksdb.blobdb.gc.num.keys.relocated COUNT : 0
rocksdb.blobdb.gc.bytes.relocated COUNT : 0
rocksdb.blobdb.fifo.num.files.evicted COUNT : 0
rocksdb.blobdb.fifo.num.keys.evicted COUNT : 0
rocksdb.blobdb.fifo.bytes.evicted COUNT : 0
rocksdb.blobdb.cache.miss COUNT : 0
rocksdb.blobdb.cache.hit COUNT : 0
rocksdb.blobdb.cache.add COUNT : 0
rocksdb.blobdb.cache.add.failures COUNT : 0
rocksdb.blobdb.cache.bytes.read COUNT : 0
rocksdb.blobdb.cache.bytes.write COUNT : 0
rocksdb.txn.overhead.mutex.prepare COUNT : 0
rocksdb.txn.overhead.mutex.old.commit.map COUNT : 0
rocksdb.txn.overhead.duplicate.key COUNT : 0
rocksdb.txn.overhead.mutex.snapshot COUNT : 0
rocksdb.txn.get.tryagain COUNT : 0
rocksdb.files.marked.trash COUNT : 0
rocksdb.files.marked.trash.deleted COUNT : 0
rocksdb.files.deleted.immediately COUNT : 213
rocksdb.error.handler.bg.error.count COUNT : 0
rocksdb.error.handler.bg.io.error.count COUNT : 0
rocksdb.error.handler.bg.retryable.io.error.count COUNT : 0
rocksdb.error.handler.autoresume.count COUNT : 0
rocksdb.error.handler.autoresume.retry.total.count COUNT : 0
rocksdb.error.handler.autoresume.success.count COUNT : 0
rocksdb.memtable.payload.bytes.at.flush COUNT : 5217264688
rocksdb.memtable.garbage.bytes.at.flush COUNT : 127053232
rocksdb.verify_checksum.read.bytes COUNT : 0
rocksdb.backup.read.bytes COUNT : 0
rocksdb.backup.write.bytes COUNT : 0
rocksdb.remote.compact.read.bytes COUNT : 0
rocksdb.remote.compact.write.bytes COUNT : 0
rocksdb.remote.compact.resumed.bytes COUNT : 0
rocksdb.hot.file.read.bytes COUNT : 0
rocksdb.warm.file.read.bytes COUNT : 0
rocksdb.cool.file.read.bytes COUNT : 0
rocksdb.cold.file.read.bytes COUNT : 0
rocksdb.ice.file.read.bytes COUNT : 0
rocksdb.hot.file.read.count COUNT : 0
rocksdb.warm.file.read.count COUNT : 0
rocksdb.cool.file.read.count COUNT : 0
rocksdb.cold.file.read.count COUNT : 0
rocksdb.ice.file.read.count COUNT : 0
rocksdb.last.level.read.bytes COUNT : 0
rocksdb.last.level.read.count COUNT : 0
rocksdb.non.last.level.read.bytes COUNT : 8977677528
rocksdb.non.last.level.read.count COUNT : 3674674
rocksdb.last.level.seek.filtered COUNT : 0
rocksdb.last.level.seek.filter.match COUNT : 0
rocksdb.last.level.seek.data COUNT : 0
rocksdb.last.level.seek.data.useful.no.filter COUNT : 0
rocksdb.last.level.seek.data.useful.filter.match COUNT : 0
rocksdb.non.last.level.seek.filtered COUNT : 0
rocksdb.non.last.level.seek.filter.match COUNT : 0
rocksdb.non.last.level.seek.data COUNT : 0
rocksdb.non.last.level.seek.data.useful.no.filter COUNT : 0
rocksdb.non.last.level.seek.data.useful.filter.match COUNT : 0
rocksdb.block.checksum.compute.count COUNT : 3674368
rocksdb.block.checksum.mismatch.count COUNT : 0
rocksdb.multiget.coroutine.count COUNT : 0
rocksdb.read.async.micros COUNT : 0
rocksdb.async.read.error.count COUNT : 0
rocksdb.table.open.prefetch.tail.miss COUNT : 0
rocksdb.table.open.prefetch.tail.hit COUNT : 0
rocksdb.timestamp.filter.table.checked COUNT : 0
rocksdb.timestamp.filter.table.filtered COUNT : 0
rocksdb.readahead.trimmed COUNT : 0
rocksdb.fifo.max.size.compactions COUNT : 0
rocksdb.fifo.ttl.compactions COUNT : 0
rocksdb.fifo.change_temperature.compactions COUNT : 0
rocksdb.prefetch.bytes COUNT : 0
rocksdb.prefetch.bytes.useful COUNT : 0
rocksdb.prefetch.hits COUNT : 0
rocksdb.footer.corruption.count COUNT : 0
rocksdb.file.read.corruption.retry.count COUNT : 0
rocksdb.file.read.corruption.retry.success.count COUNT : 0
rocksdb.number.wbwi.ingest COUNT : 0
rocksdb.sst.user.defined.index.load.fail.count COUNT : 0
rocksdb.multiscan.prepare.calls COUNT : 0
rocksdb.multiscan.prepare.errors COUNT : 0
rocksdb.multiscan.blocks.prefetched COUNT : 0
rocksdb.multiscan.blocks.from.cache COUNT : 0
rocksdb.multiscan.prefetch.bytes COUNT : 0
rocksdb.multiscan.prefetch.blocks.wasted COUNT : 0
rocksdb.multiscan.io.requests COUNT : 0
rocksdb.multiscan.io.coalesced.nonadjacent COUNT : 0
rocksdb.multiscan.seek.errors COUNT : 0
rocksdb.prefetch.memory.bytes.granted COUNT : 0
rocksdb.prefetch.memory.bytes.released COUNT : 0
rocksdb.prefetch.memory.requests.blocked COUNT : 0
rocksdb.read.path.range.tombstones.inserted COUNT : 0
rocksdb.read.path.range.tombstones.discarded COUNT : 0
rocksdb.file.open.metadata.retrieved COUNT : 0
rocksdb.file.open.metadata.passed COUNT : 0
rocksdb.manifest.validation.failure.count COUNT : 0
rocksdb.db.get.micros P50 : 19.598962 P95 : 1879.890881 P99 : 9421.249559 P100 : 1158760.000000 COUNT : 400000 SUM : 229387460
rocksdb.db.write.micros P50 : 4.620629 P95 : 64.722929 P99 : 1228.390438 P100 : 1118407.000000 COUNT : 5000000 SUM : 438778565
rocksdb.compaction.times.micros P50 : 4850000.000000 P95 : 34600000.000000 P99 : 36378631.000000 P100 : 36378631.000000 COUNT : 18 SUM : 154704387
rocksdb.compaction.times.cpu_micros P50 : 1433333.333333 P95 : 5840000.000000 P99 : 6368000.000000 P100 : 6466265.000000 COUNT : 18 SUM : 37370618
rocksdb.subcompaction.setup.times.micros P50 : 0.000000 P95 : 0.000000 P99 : 0.000000 P100 : 0.000000 COUNT : 0 SUM : 0
rocksdb.table.sync.micros P50 : 350000.000000 P95 : 1149000.000000 P99 : 1230533.000000 P100 : 1230533.000000 COUNT : 80 SUM : 43515155
rocksdb.compaction.outfile.sync.micros P50 : 710735.294118 P95 : 1149944.444444 P99 : 1201855.000000 P100 : 1201855.000000 COUNT : 73 SUM : 48595096
rocksdb.wal.file.sync.micros P50 : 0.000000 P95 : 0.000000 P99 : 0.000000 P100 : 0.000000 COUNT : 0 SUM : 0
rocksdb.manifest.file.sync.micros P50 : 5671.875000 P95 : 16400.000000 P99 : 21946.666667 P100 : 25853.000000 COUNT : 104 SUM : 675008
rocksdb.table.open.io.micros P50 : 731.170213 P95 : 2791.666667 P99 : 7375.500000 P100 : 9577.000000 COUNT : 153 SUM : 164889
rocksdb.db.multiget.micros P50 : 0.000000 P95 : 0.000000 P99 : 0.000000 P100 : 0.000000 COUNT : 0 SUM : 0
rocksdb.read.block.compaction.micros P50 : 3.011110 P95 : 5.946009 P99 : 32.588312 P100 : 328481.000000 COUNT : 2859186 SUM : 77280419
rocksdb.read.block.get.micros P50 : 8.966401 P95 : 1493.600342 P99 : 2437.791282 P100 : 819732.000000 COUNT : 815029 SUM : 222991563
rocksdb.write.raw.block.micros P50 : 0.542560 P95 : 1.452113 P99 : 2.834903 P100 : 13806.000000 COUNT : 3236483 SUM : 8753592
rocksdb.numfiles.in.singlecompaction P50 : 3.500000 P95 : 19.666667 P99 : 21.000000 P100 : 21.000000 COUNT : 20 SUM : 141
rocksdb.db.seek.micros P50 : 0.000000 P95 : 0.000000 P99 : 0.000000 P100 : 0.000000 COUNT : 0 SUM : 0
rocksdb.db.write.stall P50 : 1258.115934 P95 : 2793.707767 P99 : 2886.298045 P100 : 1118085.000000 COUNT : 31858 SUM : 74575663
rocksdb.sst.read.micros P50 : 1.040793 P95 : 4.396123 P99 : 1664.735632 P100 : 819720.000000 COUNT : 3674674 SUM : 285962929
rocksdb.file.read.flush.micros P50 : 3.923077 P95 : 83.157895 P99 : 106.063158 P100 : 152.000000 COUNT : 320 SUM : 6323
rocksdb.file.read.compaction.micros P50 : 0.801614 P95 : 2.566523 P99 : 14.928102 P100 : 327766.000000 COUNT : 2859478 SUM : 69837488
rocksdb.file.read.db.open.micros P50 : 0.000000 P95 : 0.000000 P99 : 0.000000 P100 : 0.000000 COUNT : 0 SUM : 0
rocksdb.file.read.get.micros P50 : 0.000000 P95 : 0.000000 P99 : 0.000000 P100 : 0.000000 COUNT : 0 SUM : 0
rocksdb.file.read.multiget.micros P50 : 0.000000 P95 : 0.000000 P99 : 0.000000 P100 : 0.000000 COUNT : 0 SUM : 0
rocksdb.file.read.db.iterator.micros P50 : 0.000000 P95 : 0.000000 P99 : 0.000000 P100 : 0.000000 COUNT : 0 SUM : 0
rocksdb.file.read.verify.db.checksum.micros P50 : 0.000000 P95 : 0.000000 P99 : 0.000000 P100 : 0.000000 COUNT : 0 SUM : 0
rocksdb.file.read.verify.file.checksums.micros P50 : 0.000000 P95 : 0.000000 P99 : 0.000000 P100 : 0.000000 COUNT : 0 SUM : 0
rocksdb.sst.write.micros P50 : 0.502807 P95 : 0.955333 P99 : 0.995557 P100 : 13804.000000 COUNT : 6473119 SUM : 7269196
rocksdb.file.write.flush.micros P50 : 0.501671 P95 : 0.953175 P99 : 0.993309 P100 : 9007.000000 COUNT : 2429150 SUM : 2727309
rocksdb.file.write.compaction.micros P50 : 0.503491 P95 : 0.956633 P99 : 0.996913 P100 : 13804.000000 COUNT : 4043969 SUM : 4541887
rocksdb.file.write.db.open.micros P50 : 0.000000 P95 : 0.000000 P99 : 0.000000 P100 : 0.000000 COUNT : 0 SUM : 0
rocksdb.num.subcompactions.scheduled P50 : 0.000000 P95 : 0.000000 P99 : 0.000000 P100 : 0.000000 COUNT : 0 SUM : 0
rocksdb.bytes.per.read P50 : 1024.000000 P95 : 1024.000000 P99 : 1024.000000 P100 : 1024.000000 COUNT : 400000 SUM : 402183168
rocksdb.bytes.per.write P50 : 1089.657078 P95 : 1287.348447 P99 : 3251.687947 P100 : 4188.000000 COUNT : 4796576 SUM : 5277558912
rocksdb.bytes.per.multiget P50 : 0.000000 P95 : 0.000000 P99 : 0.000000 P100 : 0.000000 COUNT : 0 SUM : 0
rocksdb.compression.times.nanos P50 : 0.000000 P95 : 0.000000 P99 : 0.000000 P100 : 0.000000 COUNT : 0 SUM : 0
rocksdb.decompression.times.nanos P50 : 0.000000 P95 : 0.000000 P99 : 0.000000 P100 : 0.000000 COUNT : 0 SUM : 0
rocksdb.read.num.merge_operands P50 : 0.000000 P95 : 0.000000 P99 : 0.000000 P100 : 0.000000 COUNT : 0 SUM : 0
rocksdb.blobdb.key.size P50 : 0.000000 P95 : 0.000000 P99 : 0.000000 P100 : 0.000000 COUNT : 0 SUM : 0
rocksdb.blobdb.value.size P50 : 0.000000 P95 : 0.000000 P99 : 0.000000 P100 : 0.000000 COUNT : 0 SUM : 0
rocksdb.blobdb.write.micros P50 : 0.000000 P95 : 0.000000 P99 : 0.000000 P100 : 0.000000 COUNT : 0 SUM : 0
rocksdb.blobdb.get.micros P50 : 0.000000 P95 : 0.000000 P99 : 0.000000 P100 : 0.000000 COUNT : 0 SUM : 0
rocksdb.blobdb.multiget.micros P50 : 0.000000 P95 : 0.000000 P99 : 0.000000 P100 : 0.000000 COUNT : 0 SUM : 0
rocksdb.blobdb.seek.micros P50 : 0.000000 P95 : 0.000000 P99 : 0.000000 P100 : 0.000000 COUNT : 0 SUM : 0
rocksdb.blobdb.next.micros P50 : 0.000000 P95 : 0.000000 P99 : 0.000000 P100 : 0.000000 COUNT : 0 SUM : 0
rocksdb.blobdb.prev.micros P50 : 0.000000 P95 : 0.000000 P99 : 0.000000 P100 : 0.000000 COUNT : 0 SUM : 0
rocksdb.blobdb.blob.file.write.micros P50 : 0.000000 P95 : 0.000000 P99 : 0.000000 P100 : 0.000000 COUNT : 0 SUM : 0
rocksdb.blobdb.blob.file.read.micros P50 : 0.000000 P95 : 0.000000 P99 : 0.000000 P100 : 0.000000 COUNT : 0 SUM : 0
rocksdb.blobdb.blob.file.sync.micros P50 : 0.000000 P95 : 0.000000 P99 : 0.000000 P100 : 0.000000 COUNT : 0 SUM : 0
rocksdb.blobdb.compression.micros P50 : 0.000000 P95 : 0.000000 P99 : 0.000000 P100 : 0.000000 COUNT : 0 SUM : 0
rocksdb.blobdb.decompression.micros P50 : 0.000000 P95 : 0.000000 P99 : 0.000000 P100 : 0.000000 COUNT : 0 SUM : 0
rocksdb.db.flush.micros P50 : 565365.853659 P95 : 1186400.000000 P99 : 1457636.000000 P100 : 1457636.000000 COUNT : 80 SUM : 57371642
rocksdb.sst.batch.size P50 : 0.000000 P95 : 0.000000 P99 : 0.000000 P100 : 0.000000 COUNT : 0 SUM : 0
rocksdb.multiget.io.batch.size P50 : 0.000000 P95 : 0.000000 P99 : 0.000000 P100 : 0.000000 COUNT : 0 SUM : 0
rocksdb.num.index.and.filter.blocks.read.per.level P50 : 0.000000 P95 : 0.000000 P99 : 0.000000 P100 : 0.000000 COUNT : 0 SUM : 0
rocksdb.num.sst.read.per.level P50 : 0.000000 P95 : 0.000000 P99 : 0.000000 P100 : 0.000000 COUNT : 0 SUM : 0
rocksdb.num.level.read.per.multiget P50 : 0.000000 P95 : 0.000000 P99 : 0.000000 P100 : 0.000000 COUNT : 0 SUM : 0
rocksdb.error.handler.autoresume.retry.count P50 : 0.000000 P95 : 0.000000 P99 : 0.000000 P100 : 0.000000 COUNT : 0 SUM : 0
rocksdb.async.read.bytes P50 : 0.000000 P95 : 0.000000 P99 : 0.000000 P100 : 0.000000 COUNT : 0 SUM : 0
rocksdb.poll.wait.micros P50 : 0.000000 P95 : 0.000000 P99 : 0.000000 P100 : 0.000000 COUNT : 0 SUM : 0
rocksdb.compaction.prefetch.bytes P50 : 0.000000 P95 : 0.000000 P99 : 0.000000 P100 : 0.000000 COUNT : 0 SUM : 0
rocksdb.prefetched.bytes.discarded P50 : 0.000000 P95 : 0.000000 P99 : 0.000000 P100 : 0.000000 COUNT : 0 SUM : 0
rocksdb.async.prefetch.abort.micros P50 : 0.000000 P95 : 0.000000 P99 : 0.000000 P100 : 0.000000 COUNT : 0 SUM : 0
rocksdb.table.open.prefetch.tail.read.bytes P50 : 0.000000 P95 : 0.000000 P99 : 0.000000 P100 : 0.000000 COUNT : 0 SUM : 0
rocksdb.num.op.per.transaction P50 : 0.000000 P95 : 0.000000 P99 : 0.000000 P100 : 0.000000 COUNT : 0 SUM : 0
rocksdb.multiscan.op.prepare.iterators.micros P50 : 0.000000 P95 : 0.000000 P99 : 0.000000 P100 : 0.000000 COUNT : 0 SUM : 0
rocksdb.multiscan.prepare.micros P50 : 0.000000 P95 : 0.000000 P99 : 0.000000 P100 : 0.000000 COUNT : 0 SUM : 0
rocksdb.multiscan.blocks.per.prepare P50 : 0.000000 P95 : 0.000000 P99 : 0.000000 P100 : 0.000000 COUNT : 0 SUM : 0
rocksdb.block.key.distribution.cv P50 : 0.000000 P95 : 0.000000 P99 : 0.000000 P100 : 0.000000 COUNT : 0 SUM : 0

[EXPERIMENT_COMPLETED]
