RocksDB:    version 11.3.0
Date:       Tue May 26 11:06:55 2026
CPU:        2 * Intel Xeon Processor (SapphireRapids)
CPUCache:   16384 KB
2026/05/26-11:06:56  ... thread 1: (39000,39000) ops and (38687.8,38687.8) ops/second in (1.008069,1.008069) seconds
2026/05/26-11:06:56  ... thread 3: (42000,42000) ops and (41387.5,41387.5) ops/second in (1.014799,1.014799) seconds
2026/05/26-11:06:56  ... thread 0: (46000,46000) ops and (45273.6,45273.6) ops/second in (1.016045,1.016045) seconds
2026/05/26-11:06:56  ... thread 2: (44000,44000) ops and (43005.4,43005.4) ops/second in (1.023128,1.023128) seconds
2026/05/26-11:06:57  ... thread 1: (34000,73000) ops and (33855.2,36276.0) ops/second in (1.004278,2.012347) seconds
2026/05/26-11:06:58  ... thread 3: (37000,79000) ops and (30671.6,35567.6) ops/second in (1.206326,2.221125) seconds
2026/05/26-11:06:58  ... thread 0: (36000,82000) ops and (29646.3,36765.4) ops/second in (1.214315,2.230360) seconds
2026/05/26-11:06:58  ... thread 2: (34000,78000) ops and (27996.8,34859.5) ops/second in (1.214424,2.237552) seconds
2026/05/26-11:06:59  ... thread 0: (22000,104000) ops and (19628.7,31034.0) ops/second in (1.120808,3.351168) seconds
2026/05/26-11:06:59  ... thread 1: (12000,85000) ops and (8849.0,25234.3) ops/second in (1.356087,3.368434) seconds
2026/05/26-11:06:59  ... thread 2: (17000,95000) ops and (14965.6,28160.8) ops/second in (1.135936,3.373488) seconds
2026/05/26-11:06:59  ... thread 3: (13000,92000) ops and (11152.0,27164.0) ops/second in (1.165711,3.386836) seconds
2026/05/26-11:07:00  ... thread 1: (16000,101000) ops and (14652.1,22643.6) ops/second in (1.091991,4.460425) seconds
2026/05/26-11:07:00  ... thread 3: (16000,108000) ops and (14851.1,24192.5) ops/second in (1.077362,4.464198) seconds
2026/05/26-11:07:00  ... thread 2: (15000,110000) ops and (13741.9,24635.8) ops/second in (1.091556,4.465044) seconds
2026/05/26-11:07:00  ... thread 0: (15000,119000) ops and (13467.0,26651.7) ops/second in (1.113836,4.465004) seconds
2026/05/26-11:07:01  ... thread 1: (30000,131000) ops and (29640.6,23937.7) ops/second in (1.012124,5.472549) seconds
2026/05/26-11:07:01  ... thread 0: (32000,151000) ops and (31713.6,27584.8) ops/second in (1.009030,5.474034) seconds
2026/05/26-11:07:01  ... thread 3: (37000,145000) ops and (36149.8,26422.6) ops/second in (1.023520,5.487718) seconds
2026/05/26-11:07:01  ... thread 2: (33000,143000) ops and (31990.4,26016.1) ops/second in (1.031558,5.496602) seconds
2026/05/26-11:07:02  ... thread 1: (13000,144000) ops and (12067.1,21985.2) ops/second in (1.077308,6.549857) seconds
2026/05/26-11:07:02  ... thread 2: (14000,157000) ops and (13260.9,23960.9) ops/second in (1.055736,6.552338) seconds
2026/05/26-11:07:02  ... thread 0: (14000,165000) ops and (12987.9,25183.3) ops/second in (1.077926,6.551960) seconds
2026/05/26-11:07:02  ... thread 3: (13000,158000) ops and (11976.0,24036.9) ops/second in (1.085503,6.573221) seconds
2026/05/26-11:07:03  ... thread 0: (20000,185000) ops and (17787.3,24100.0) ops/second in (1.124399,7.676359) seconds
2026/05/26-11:07:03  ... thread 1: (14000,158000) ops and (12384.5,20572.1) ops/second in (1.130441,7.680298) seconds
2026/05/26-11:07:03  ... thread 2: (14000,171000) ops and (12393.0,22259.8) ops/second in (1.129672,7.682010) seconds
2026/05/26-11:07:03  ... thread 3: (14000,172000) ops and (12436.6,22340.8) ops/second in (1.125708,7.698929) seconds
2026/05/26-11:07:04  ... thread 1: (15000,173000) ops and (13256.0,19632.6) ops/second in (1.131561,8.811859) seconds
2026/05/26-11:07:04  ... thread 2: (15000,186000) ops and (13183.2,21088.9) ops/second in (1.137813,8.819823) seconds
2026/05/26-11:07:04  ... thread 0: (18000,203000) ops and (15762.4,23020.3) ops/second in (1.141959,8.818318) seconds
2026/05/26-11:07:04  ... thread 3: (15000,187000) ops and (13108.2,21146.1) ops/second in (1.144318,8.843247) seconds
2026/05/26-11:07:05  ... thread 1: (21000,194000) ops and (20680.0,19740.9) ops/second in (1.015473,9.827332) seconds
2026/05/26-11:07:05  ... thread 2: (22000,208000) ops and (21575.7,21139.3) ops/second in (1.019667,9.839490) seconds
2026/05/26-11:07:05  ... thread 0: (15000,218000) ops and (14540.4,22132.1) ops/second in (1.031611,9.849929) seconds
2026/05/26-11:07:05  ... thread 3: (19000,206000) ops and (18811.7,20906.8) ops/second in (1.010010,9.853257) seconds
2026/05/26-11:07:06  ... thread 1: (12000,206000) ops and (11882.1,19008.5) ops/second in (1.009923,10.837255) seconds
2026/05/26-11:07:06  ... thread 2: (15000,223000) ops and (14691.2,20533.1) ops/second in (1.021018,10.860508) seconds
2026/05/26-11:07:06  ... thread 3: (11000,217000) ops and (10737.0,19949.0) ops/second in (1.024490,10.877747) seconds
2026/05/26-11:07:06  ... thread 0: (15000,233000) ops and (14609.4,21422.0) ops/second in (1.026736,10.876665) seconds
2026/05/26-11:07:07  ... thread 1: (19000,225000) ops and (17359.0,18857.2) ops/second in (1.094535,11.931790) seconds
2026/05/26-11:07:07  ... thread 0: (13000,246000) ops and (12019.7,20571.6) ops/second in (1.081557,11.958222) seconds
2026/05/26-11:07:07  ... thread 2: (15000,238000) ops and (13428.1,19870.5) ops/second in (1.117064,11.977572) seconds
2026/05/26-11:07:07  ... thread 3: (10000,227000) ops and (9036.0,18941.2) ops/second in (1.106690,11.984437) seconds
2026/05/26-11:07:08  ... thread 2: (15000,253000) ops and (13604.5,19342.3) ops/second in (1.102579,13.080151) seconds
2026/05/26-11:07:08  ... thread 1: (17000,242000) ops and (14722.8,18492.4) ops/second in (1.154671,13.086461) seconds
2026/05/26-11:07:08  ... thread 0: (15000,261000) ops and (13302.4,19945.2) ops/second in (1.127619,13.085841) seconds
2026/05/26-11:07:08  ... thread 3: (15000,242000) ops and (13568.9,18487.5) ops/second in (1.105467,13.089904) seconds
2026/05/26-11:07:10  ... thread 3: (14000,256000) ops and (11809.8,17933.0) ops/second in (1.185453,14.275357) seconds
2026/05/26-11:07:10  ... thread 1: (16000,258000) ops and (13410.6,18067.8) ops/second in (1.193088,14.279549) seconds
2026/05/26-11:07:10  ... thread 0: (15000,276000) ops and (12373.8,19303.3) ops/second in (1.212238,14.298079) seconds
2026/05/26-11:07:10  ... thread 2: (17000,270000) ops and (13866.4,18873.0) ops/second in (1.225988,14.306139) seconds
2026/05/26-11:07:11  ... thread 0: (15000,291000) ops and (13691.3,18903.9) ops/second in (1.095585,15.393664) seconds
2026/05/26-11:07:11  ... thread 2: (17000,287000) ops and (15566.0,18638.5) ops/second in (1.092125,15.398264) seconds
2026/05/26-11:07:11  ... thread 3: (16000,272000) ops and (14225.8,17662.2) ops/second in (1.124720,15.400077) seconds
2026/05/26-11:07:11  ... thread 1: (15000,273000) ops and (13401.4,17728.6) ops/second in (1.119289,15.398838) seconds
2026/05/26-11:07:12  ... thread 0: (33000,324000) ops and (23000.9,19253.2) ops/second in (1.434729,16.828393) seconds
2026/05/26-11:07:12  ... thread 1: (34000,307000) ops and (23733.2,18239.7) ops/second in (1.432594,16.831432) seconds
2026/05/26-11:07:12  ... thread 3: (28000,300000) ops and (19363.8,17808.3) ops/second in (1.446000,16.846077) seconds
2026/05/26-11:07:12  ... thread 2: (29000,316000) ops and (19730.5,18733.6) ops/second in (1.469806,16.868070) seconds
2026/05/26-11:07:13  ... thread 0: (19000,343000) ops and (17261.0,19130.9) ops/second in (1.100750,17.929143) seconds
2026/05/26-11:07:13  ... thread 3: (17000,317000) ops and (15621.2,17675.6) ops/second in (1.088265,17.934342) seconds
2026/05/26-11:07:13  ... thread 2: (11000,327000) ops and (10205.2,18221.4) ops/second in (1.077878,17.945948) seconds
2026/05/26-11:07:13  ... thread 1: (15000,322000) ops and (13466.2,17943.4) ops/second in (1.113903,17.945335) seconds
2026/05/26-11:07:14  ... thread 1: (14000,336000) ops and (12354.0,17611.4) ops/second in (1.133234,19.078569) seconds
2026/05/26-11:07:14  ... thread 0: (16000,359000) ops and (13911.9,18816.3) ops/second in (1.150097,19.079240) seconds
2026/05/26-11:07:14  ... thread 2: (16000,343000) ops and (14071.0,17974.1) ops/second in (1.137093,19.083041) seconds
2026/05/26-11:07:14  ... thread 3: (16000,333000) ops and (13925.5,17449.8) ops/second in (1.148974,19.083316) seconds
2026/05/26-11:07:16  ... thread 3: (15000,348000) ops and (12668.5,17170.5) ops/second in (1.184040,20.267356) seconds
2026/05/26-11:07:16  ... thread 2: (16000,359000) ops and (13495.9,17712.1) ops/second in (1.185547,20.268588) seconds
2026/05/26-11:07:16  ... thread 1: (15000,351000) ops and (12544.0,17312.5) ops/second in (1.195792,20.274361) seconds
2026/05/26-11:07:16  ... thread 0: (16000,375000) ops and (13278.0,18487.3) ops/second in (1.205002,20.284242) seconds
2026/05/26-11:07:17  ... thread 3: (16000,364000) ops and (14445.5,17029.3) ops/second in (1.107612,21.374968) seconds
2026/05/26-11:07:17  ... thread 0: (14000,389000) ops and (12802.2,18196.4) ops/second in (1.093558,21.377800) seconds
2026/05/26-11:07:17  ... thread 1: (18000,369000) ops and (16250.4,17257.5) ops/second in (1.107668,21.382029) seconds
2026/05/26-11:07:17  ... thread 2: (15000,374000) ops and (13352.1,17483.2) ops/second in (1.123422,21.392010) seconds
2026/05/26-11:07:18  ... thread 0: (28000,417000) ops and (27382.0,18615.8) ops/second in (1.022570,22.400370) seconds
2026/05/26-11:07:18  ... thread 2: (33000,407000) ops and (32536.2,18164.6) ops/second in (1.014254,22.406264) seconds
2026/05/26-11:07:18  ... thread 3: (30000,394000) ops and (29040.8,17583.0) ops/second in (1.033028,22.407996) seconds
2026/05/26-11:07:18  ... thread 1: (34000,403000) ops and (33189.9,17985.9) ops/second in (1.024409,22.406438) seconds
2026/05/26-11:07:19  ... thread 0: (12000,429000) ops and (11506.7,18299.5) ops/second in (1.042869,23.443239) seconds
2026/05/26-11:07:19  ... thread 2: (12000,419000) ops and (11495.6,17867.7) ops/second in (1.043879,23.450143) seconds
2026/05/26-11:07:19  ... thread 3: (22000,416000) ops and (20965.9,17734.3) ops/second in (1.049325,23.457321) seconds
2026/05/26-11:07:19  ... thread 1: (15000,418000) ops and (14210.9,17816.1) ops/second in (1.055527,23.461965) seconds
2026/05/26-11:07:20  ... thread 2: (33000,452000) ops and (32973.4,18486.0) ops/second in (1.000807,24.450950) seconds
2026/05/26-11:07:20  ... thread 0: (33000,462000) ops and (32630.5,18892.2) ops/second in (1.011323,24.454562) seconds
2026/05/26-11:07:20  ... thread 3: (35000,451000) ops and (34576.7,18431.1) ops/second in (1.012243,24.469564) seconds
2026/05/26-11:07:20  ... thread 1: (37000,455000) ops and (36705.2,18594.2) ops/second in (1.008031,24.469996) seconds
2026/05/26-11:07:21  ... thread 2: (22000,474000) ops and (19897.2,18547.0) ops/second in (1.105681,25.556631) seconds
2026/05/26-11:07:21  ... thread 3: (25000,476000) ops and (22772.1,18617.5) ops/second in (1.097836,25.567400) seconds
2026/05/26-11:07:21  ... thread 1: (39000,494000) ops and (35198.3,19313.5) ops/second in (1.108008,25.578004) seconds
2026/05/26-11:07:21  ... thread 0: (26000,488000) ops and (22877.0,19069.1) ops/second in (1.136511,25.591073) seconds
2026/05/26-11:07:22  ... thread 0: (28000,516000) ops and (27803.9,19399.9) ops/second in (1.007054,26.598127) seconds
2026/05/26-11:07:22  ... thread 1: (34000,528000) ops and (33198.8,19848.0) ops/second in (1.024133,26.602137) seconds
2026/05/26-11:07:22  ... thread 2: (32000,506000) ops and (30350.6,19014.7) ops/second in (1.054346,26.610977) seconds
2026/05/26-11:07:22  ... thread 3: (29000,505000) ops and (27607.8,18972.2) ops/second in (1.050429,26.617829) seconds
2026/05/26-11:07:24  ... thread 0: (31000,547000) ops and (19838.4,19424.2) ops/second in (1.562628,28.160755) seconds
2026/05/26-11:07:24  ... thread 1: (35000,563000) ops and (22409.1,19990.1) ops/second in (1.561863,28.164000) seconds
2026/05/26-11:07:24  ... thread 2: (30000,536000) ops and (19168.0,19023.2) ops/second in (1.565112,28.176089) seconds
2026/05/26-11:07:24  ... thread 3: (28000,533000) ops and (17920.2,18913.9) ops/second in (1.562481,28.180310) seconds
2026/05/26-11:07:25  ... thread 0: (32000,579000) ops and (30958.3,19832.6) ops/second in (1.033647,29.194402) seconds
2026/05/26-11:07:25  ... thread 1: (30000,593000) ops and (29036.4,20310.2) ops/second in (1.033185,29.197185) seconds
2026/05/26-11:07:25  ... thread 2: (28000,564000) ops and (27104.3,19309.0) ops/second in (1.033045,29.209134) seconds
2026/05/26-11:07:25  ... thread 3: (35000,568000) ops and (33589.3,19437.2) ops/second in (1.041999,29.222309) seconds
2026/05/26-11:07:26  ... thread 0: (16000,595000) ops and (15682.4,19692.4) ops/second in (1.020249,30.214651) seconds
2026/05/26-11:07:26  ... thread 2: (16000,580000) ops and (12793.6,19041.5) ops/second in (1.250628,30.459762) seconds
2026/05/26-11:07:26  ... thread 3: (18000,586000) ops and (11453.8,19029.8) ops/second in (1.571537,30.793846) seconds
2026/05/26-11:07:27  ... thread 1: (17000,610000) ops and (7759.1,19434.1) ops/second in (2.190966,31.388151) seconds
2026/05/26-11:07:27  ... thread 0: (3000,598000) ops and (2426.1,19013.6) ops/second in (1.236547,31.451198) seconds
2026/05/26-11:07:27  ... thread 2: (2000,582000) ops and (1657.4,18379.1) ops/second in (1.206688,31.666450) seconds
2026/05/26-11:07:28  ... thread 3: (2000,588000) ops and (1265.4,18162.5) ops/second in (1.580566,32.374412) seconds
2026/05/26-11:07:28  ... thread 1: (2000,612000) ops and (1446.4,18675.1) ops/second in (1.382718,32.770869) seconds
2026/05/26-11:07:28  ... thread 0: (2000,600000) ops and (1475.8,18289.1) ops/second in (1.355214,32.806412) seconds
2026/05/26-11:07:29  ... thread 2: (3000,585000) ops and (1922.0,17606.0) ops/second in (1.560839,33.227289) seconds
2026/05/26-11:07:29  ... thread 3: (2000,590000) ops and (1523.0,17513.9) ops/second in (1.313206,33.687618) seconds
2026/05/26-11:07:30  ... thread 1: (3000,615000) ops and (2061.8,17968.9) ops/second in (1.455014,34.225883) seconds
2026/05/26-11:07:30  ... thread 2: (1000,586000) ops and (982.4,17111.9) ops/second in (1.017966,34.245255) seconds
2026/05/26-11:07:30  ... thread 0: (2000,602000) ops and (1127.0,17408.4) ops/second in (1.774580,34.580992) seconds
2026/05/26-11:07:31  ... thread 3: (3000,593000) ops and (2034.3,16864.6) ops/second in (1.474734,35.162352) seconds
2026/05/26-11:07:31  ... thread 1: (1000,616000) ops and (941.5,17456.3) ops/second in (1.062189,35.288072) seconds
2026/05/26-11:07:31  ... thread 2: (2000,588000) ops and (1295.0,16429.3) ops/second in (1.544460,35.789715) seconds
2026/05/26-11:07:31  ... thread 0: (4000,606000) ops and (2686.5,16800.7) ops/second in (1.488903,36.069895) seconds
2026/05/26-11:07:32  ... thread 3: (3000,596000) ops and (1812.3,16187.9) ops/second in (1.655351,36.817703) seconds
2026/05/26-11:07:32  ... thread 2: (3000,591000) ops and (2288.1,15929.6) ops/second in (1.311120,37.100835) seconds
2026/05/26-11:07:33  ... thread 1: (2000,618000) ops and (996.0,16570.1) ops/second in (2.007944,37.296016) seconds
2026/05/26-11:07:33  ... thread 0: (2000,608000) ops and (1273.0,16152.6) ops/second in (1.571093,37.640988) seconds
2026/05/26-11:07:34  ... thread 2: (3000,594000) ops and (2345.1,15476.8) ops/second in (1.279253,38.380088) seconds
2026/05/26-11:07:34  ... thread 3: (2000,598000) ops and (1012.2,15414.9) ops/second in (1.975815,38.793518) seconds
2026/05/26-11:07:35  ... thread 1: (2000,620000) ops and (1080.2,15837.5) ops/second in (1.851479,39.147495) seconds
2026/05/26-11:07:35  ... thread 0: (3000,611000) ops and (1769.3,15532.6) ops/second in (1.695589,39.336577) seconds
2026/05/26-11:07:36  ... thread 3: (3000,601000) ops and (1922.6,14893.2) ops/second in (1.560386,40.353904) seconds
2026/05/26-11:07:36  ... thread 1: (2000,622000) ops and (1435.4,15342.6) ops/second in (1.393349,40.540844) seconds
2026/05/26-11:07:37  ... thread 0: (2000,613000) ops and (1088.0,14887.7) ops/second in (1.838243,41.174820) seconds
2026/05/26-11:07:37  ... thread 2: (3000,597000) ops and (1004.4,14431.8) ops/second in (2.986887,41.366975) seconds
2026/05/26-11:07:37  ... thread 3: (2000,603000) ops and (1454.7,14450.5) ops/second in (1.374810,41.728714) seconds
2026/05/26-11:07:38  ... thread 0: (2000,615000) ops and (1794.6,14542.7) ops/second in (1.114464,42.289284) seconds
2026/05/26-11:07:38  ... thread 2: (2000,599000) ops and (1370.0,13986.6) ops/second in (1.459816,42.826791) seconds
2026/05/26-11:07:38  ... thread 3: (1000,604000) ops and (714.7,14004.8) ops/second in (1.399263,43.127977) seconds
2026/05/26-11:07:39  ... thread 0: (3000,618000) ops and (2961.9,14271.8) ops/second in (1.012863,43.302147) seconds
2026/05/26-11:07:39  ... thread 1: (2000,624000) ops and (722.5,14408.1) ops/second in (2.768040,43.308884) seconds
2026/05/26-11:07:39  ... thread 2: (24000,623000) ops and (23895.3,14213.6) ops/second in (1.004380,43.831171) seconds
2026/05/26-11:07:40  ... thread 3: (27000,631000) ops and (24965.6,14273.0) ops/second in (1.081486,44.209463) seconds
2026/05/26-11:07:40  ... thread 1: (31000,655000) ops and (30378.0,14775.8) ops/second in (1.020474,44.329358) seconds
2026/05/26-11:07:40  ... thread 0: (29000,647000) ops and (27856.1,14590.7) ops/second in (1.041065,44.343212) seconds
2026/05/26-11:07:41  ... thread 3: (14000,645000) ops and (8156.7,14044.4) ops/second in (1.716390,45.925853) seconds
2026/05/26-11:07:41  ... thread 0: (9000,656000) ops and (5671.1,14282.5) ops/second in (1.586998,45.930210) seconds
2026/05/26-11:07:41  ... thread 1: (12000,667000) ops and (7382.3,14514.2) ops/second in (1.625519,45.954877) seconds
2026/05/26-11:07:41  ... thread 2: (25000,648000) ops and (11747.1,14099.4) ops/second in (2.128193,45.959364) seconds
2026/05/26-11:07:42  ... thread 1: (31000,698000) ops and (28266.7,14834.8) ops/second in (1.096696,47.051573) seconds
2026/05/26-11:07:42  ... thread 2: (31000,679000) ops and (28285.9,14429.8) ops/second in (1.095953,47.055317) seconds
2026/05/26-11:07:42  ... thread 0: (30000,686000) ops and (26312.7,14573.9) ops/second in (1.140132,47.070342) seconds
2026/05/26-11:07:42  ... thread 3: (32000,677000) ops and (27732.9,14379.9) ops/second in (1.153863,47.079716) seconds
2026/05/26-11:07:44  ... thread 3: (33000,710000) ops and (20123.7,14573.2) ops/second in (1.639859,48.719575) seconds
2026/05/26-11:07:44  ... thread 0: (31000,717000) ops and (18784.6,14716.6) ops/second in (1.650287,48.720629) seconds
2026/05/26-11:07:44  ... thread 2: (30000,709000) ops and (17971.4,14551.2) ops/second in (1.669315,48.724632) seconds
2026/05/26-11:07:44  ... thread 1: (30000,728000) ops and (17610.5,14931.8) ops/second in (1.703530,48.755103) seconds
2026/05/26-11:07:45  ... thread 3: (29000,739000) ops and (28813.5,14861.4) ops/second in (1.006474,49.726049) seconds
2026/05/26-11:07:45  ... thread 0: (30000,747000) ops and (29643.8,15020.3) ops/second in (1.012016,49.732645) seconds
2026/05/26-11:07:45  ... thread 2: (32000,741000) ops and (27046.9,14847.4) ops/second in (1.183130,49.907762) seconds
2026/05/26-11:07:45  ... thread 1: (31000,759000) ops and (26327.2,15200.5) ops/second in (1.177491,49.932594) seconds
2026/05/26-11:07:46  ... thread 3: (28000,767000) ops and (27885.8,15119.2) ops/second in (1.004094,50.730143) seconds
2026/05/26-11:07:46  ... thread 0: (26000,773000) ops and (25643.7,15232.6) ops/second in (1.013896,50.746541) seconds
2026/05/26-11:07:46  ... thread 2: (33000,774000) ops and (30760.7,15182.3) ops/second in (1.072797,50.980559) seconds
2026/05/26-11:07:46  ... thread 1: (32000,791000) ops and (30359.4,15513.9) ops/second in (1.054041,50.986635) seconds
2026/05/26-11:07:47  ... thread 0: (21000,794000) ops and (17149.6,15277.7) ops/second in (1.224521,51.971062) seconds
2026/05/26-11:07:48  ... thread 1: (16000,807000) ops and (13352.6,15464.2) ops/second in (1.198268,52.184903) seconds
2026/05/26-11:07:48  ... thread 3: (22000,789000) ops and (13471.1,15067.8) ops/second in (1.633127,52.363270) seconds
2026/05/26-11:07:48  ... thread 2: (15000,789000) ops and (7478.9,14890.7) ops/second in (2.005653,52.986212) seconds
2026/05/26-11:07:49  ... thread 0: (1000,795000) ops and (827.4,14949.3) ops/second in (1.208648,53.179710) seconds
2026/05/26-11:07:49  ... thread 3: (2000,791000) ops and (1460.0,14720.9) ops/second in (1.369879,53.733149) seconds
2026/05/26-11:07:50  ... thread 1: (1000,808000) ops and (434.0,14828.7) ops/second in (2.304190,54.489093) seconds
2026/05/26-11:07:50  ... thread 2: (2000,791000) ops and (1268.9,14497.2) ops/second in (1.576209,54.562421) seconds
2026/05/26-11:07:50  ... thread 0: (3000,798000) ops and (2125.9,14617.8) ops/second in (1.411180,54.590890) seconds
2026/05/26-11:07:51  ... thread 3: (1000,792000) ops and (512.5,14223.0) ops/second in (1.951254,55.684403) seconds
2026/05/26-11:07:51  ... thread 2: (3000,794000) ops and (2667.7,14258.3) ops/second in (1.124544,55.686965) seconds
2026/05/26-11:07:51  ... thread 1: (1000,809000) ops and (687.8,14461.1) ops/second in (1.453979,55.943072) seconds
2026/05/26-11:07:51  ... thread 0: (1000,799000) ops and (710.5,14268.3) ops/second in (1.407512,55.998402) seconds
2026/05/26-11:07:52  ... thread 3: (2000,794000) ops and (1708.7,13965.4) ops/second in (1.170467,56.854870) seconds
2026/05/26-11:07:52  ... thread 1: (1000,810000) ops and (983.1,14220.4) ops/second in (1.017169,56.960241) seconds
2026/05/26-11:07:52  ... thread 0: (1000,800000) ops and (948.5,14022.1) ops/second in (1.054289,57.052691) seconds
2026/05/26-11:07:52  ... thread 2: (1000,795000) ops and (702.2,13920.2) ops/second in (1.424083,57.111048) seconds
2026/05/26-11:07:53  ... thread 3: (2000,796000) ops and (1931.6,13750.2) ops/second in (1.035397,57.890267) seconds
2026/05/26-11:07:54  ... thread 1: (1000,811000) ops and (848.1,13949.3) ops/second in (1.179076,58.139317) seconds
2026/05/26-11:07:54  ... thread 2: (1000,796000) ops and (861.7,13660.2) ops/second in (1.160451,58.271499) seconds
2026/05/26-11:07:54  ... thread 0: (2000,802000) ops and (1457.4,13727.0) ops/second in (1.372351,58.425042) seconds
2026/05/26-11:07:54  ... thread 3: (1000,797000) ops and (905.8,13509.8) ops/second in (1.104034,58.994301) seconds
2026/05/26-11:07:55  ... thread 2: (2000,798000) ops and (1634.5,13412.9) ops/second in (1.223594,59.495093) seconds
2026/05/26-11:07:55  ... thread 1: (1000,812000) ops and (697.2,13630.2) ops/second in (1.434307,59.573624) seconds
2026/05/26-11:07:55  ... thread 0: (2000,804000) ops and (1362.6,13424.0) ops/second in (1.467821,59.892863) seconds
2026/05/26-11:07:56  ... thread 3: (1000,798000) ops and (720.4,13215.8) ops/second in (1.388031,60.382332) seconds
2026/05/26-11:07:56  ... thread 2: (1000,799000) ops and (893.0,13181.6) ops/second in (1.119874,60.614967) seconds
2026/05/26-11:07:57  ... thread 1: (2000,814000) ops and (1255.3,13307.9) ops/second in (1.593204,61.166828) seconds
2026/05/26-11:07:57  ... thread 0: (2000,806000) ops and (1053.4,13043.9) ops/second in (1.898634,61.791497) seconds
2026/05/26-11:07:57  ... thread 2: (2000,801000) ops and (1486.6,12927.6) ops/second in (1.345386,61.960353) seconds
2026/05/26-11:07:57  ... thread 3: (2000,800000) ops and (1251.0,12907.2) ops/second in (1.598669,61.981001) seconds
2026/05/26-11:07:58  ... thread 1: (1000,815000) ops and (948.8,13098.5) ops/second in (1.053975,62.220803) seconds
2026/05/26-11:07:58  ... thread 0: (2000,808000) ops and (1683.1,12829.5) ops/second in (1.188309,62.979806) seconds
2026/05/26-11:07:58  ... thread 3: (1000,801000) ops and (956.4,12708.9) ops/second in (1.045591,63.026592) seconds
2026/05/26-11:07:59  ... thread 2: (1000,802000) ops and (803.1,12688.8) ops/second in (1.245155,63.205508) seconds
2026/05/26-11:08:00  ... thread 0: (1000,809000) ops and (852.4,12610.5) ops/second in (1.173173,64.152979) seconds
2026/05/26-11:08:00  ... thread 3: (1000,802000) ops and (720.5,12450.6) ops/second in (1.387910,64.414502) seconds
2026/05/26-11:08:00  ... thread 1: (2000,817000) ops and (895.9,12675.9) ops/second in (2.232378,64.453181) seconds
2026/05/26-11:08:00  ... thread 2: (3000,805000) ops and (2141.0,12460.0) ops/second in (1.401209,64.606717) seconds
2026/05/26-11:08:01  ... thread 0: (2000,811000) ops and (1303.2,12346.3) ops/second in (1.534643,65.687622) seconds
2026/05/26-11:08:01  ... thread 2: (1000,806000) ops and (833.1,12247.9) ops/second in (1.200341,65.807058) seconds
2026/05/26-11:08:01  ... thread 1: (1000,818000) ops and (703.7,12417.6) ops/second in (1.421015,65.874196) seconds
2026/05/26-11:08:02  ... thread 3: (2000,804000) ops and (1049.6,12123.0) ops/second in (1.905537,66.320039) seconds
2026/05/26-11:08:03  ... thread 1: (1000,819000) ops and (669.7,12157.2) ops/second in (1.493096,67.367292) seconds
2026/05/26-11:08:03  ... thread 0: (2000,813000) ops and (1129.9,12052.0) ops/second in (1.770026,67.457648) seconds
2026/05/26-11:08:03  ... thread 2: (1000,807000) ops and (459.4,11870.5) ops/second in (2.176722,67.983780) seconds
2026/05/26-11:08:04  ... thread 3: (1000,805000) ops and (455.9,11749.5) ops/second in (2.193352,68.513391) seconds
2026/05/26-11:08:04  ... thread 1: (1000,820000) ops and (731.2,11929.9) ops/second in (1.367545,68.734837) seconds
2026/05/26-11:08:04  ... thread 0: (1000,814000) ops and (715.6,11821.9) ops/second in (1.397417,68.855065) seconds
2026/05/26-11:08:04  ... thread 2: (1000,808000) ops and (876.9,11689.1) ops/second in (1.140412,69.124192) seconds
2026/05/26-11:08:06  ... thread 0: (2000,816000) ops and (1412.8,11612.2) ops/second in (1.415617,70.270682) seconds
2026/05/26-11:08:06  ... thread 1: (1000,821000) ops and (600.6,11661.9) ops/second in (1.665111,70.399948) seconds
2026/05/26-11:08:06  ... thread 2: (1000,809000) ops and (756.2,11483.9) ops/second in (1.322418,70.446610) seconds
2026/05/26-11:08:06  ... thread 3: (1000,806000) ops and (402.5,11352.5) ops/second in (2.484296,70.997687) seconds
2026/05/26-11:08:07  ... thread 2: (2000,811000) ops and (1484.3,11296.2) ops/second in (1.347418,71.794028) seconds
2026/05/26-11:08:08  ... thread 3: (1000,807000) ops and (714.5,11146.8) ops/second in (1.399654,72.397341) seconds
2026/05/26-11:08:08  ... thread 1: (1000,822000) ops and (471.5,11334.7) ops/second in (2.120930,72.520878) seconds
2026/05/26-11:08:08  ... thread 0: (1000,817000) ops and (386.8,11213.9) ops/second in (2.585278,72.855960) seconds
2026/05/26-11:08:09  ... thread 3: (2000,809000) ops and (1187.2,10920.3) ops/second in (1.684650,74.081991) seconds
2026/05/26-11:08:10  ... thread 2: (2000,813000) ops and (781.5,10934.3) ops/second in (2.559184,74.353212) seconds
2026/05/26-11:08:10  ... thread 0: (1000,818000) ops and (591.8,10973.1) ops/second in (1.689691,74.545651) seconds
2026/05/26-11:08:11  ... thread 1: (1000,823000) ops and (379.8,10950.8) ops/second in (2.633184,75.154062) seconds
2026/05/26-11:08:11  ... thread 2: (1000,814000) ops and (935.4,10792.6) ops/second in (1.069076,75.422288) seconds
2026/05/26-11:08:11  ... thread 3: (1000,810000) ops and (745.8,10739.4) ops/second in (1.340913,75.422904) seconds
2026/05/26-11:08:11  ... thread 0: (7000,825000) ops and (6903.1,10918.5) ops/second in (1.014041,75.559692) seconds
2026/05/26-11:08:12  ... thread 1: (24000,847000) ops and (20854.3,11100.2) ops/second in (1.150841,76.304903) seconds
2026/05/26-11:08:12  ... thread 2: (32000,846000) ops and (31963.6,11069.9) ops/second in (1.001139,76.423427) seconds
2026/05/26-11:08:12  ... thread 3: (29000,839000) ops and (28686.6,10976.8) ops/second in (1.010925,76.433829) seconds
2026/05/26-11:08:12  ... thread 0: (32000,857000) ops and (30577.6,11187.1) ops/second in (1.046519,76.606211) seconds
2026/05/26-11:08:13  ... thread 2: (22000,868000) ops and (14092.7,11130.4) ops/second in (1.561094,77.984521) seconds
2026/05/26-11:08:13  ... thread 0: (17000,874000) ops and (12221.5,11205.5) ops/second in (1.390990,77.997201) seconds
2026/05/26-11:08:13  ... thread 1: (33000,880000) ops and (19327.6,11280.3) ops/second in (1.707401,78.012304) seconds
2026/05/26-11:08:13  ... thread 3: (26000,865000) ops and (16379.5,11086.7) ops/second in (1.587347,78.021176) seconds
2026/05/26-11:08:14  ... thread 2: (32000,900000) ops and (31233.5,11391.1) ops/second in (1.024542,79.009063) seconds
2026/05/26-11:08:15  ... thread 0: (32000,906000) ops and (28045.3,11448.3) ops/second in (1.141010,79.138211) seconds
2026/05/26-11:08:15  ... thread 3: (32000,897000) ops and (28340.3,11332.9) ops/second in (1.129135,79.150311) seconds
2026/05/26-11:08:15  ... thread 1: (27000,907000) ops and (23416.1,11457.0) ops/second in (1.153055,79.165359) seconds
2026/05/26-11:08:16  ... thread 1: (14000,921000) ops and (12425.9,11470.6) ops/second in (1.126677,80.292036) seconds
2026/05/26-11:08:16  ... thread 0: (19000,925000) ops and (16440.6,11520.2) ops/second in (1.155679,80.293890) seconds
2026/05/26-11:08:16  ... thread 3: (15000,912000) ops and (13014.1,11357.0) ops/second in (1.152598,80.302909) seconds
2026/05/26-11:08:16  ... thread 2: (16000,916000) ops and (12088.9,11402.6) ops/second in (1.323525,80.332588) seconds
2026/05/26-11:08:17  ... thread 3: (16000,928000) ops and (15237.5,11407.1) ops/second in (1.050043,81.352952) seconds
2026/05/26-11:08:17  ... thread 1: (15000,936000) ops and (11008.9,11462.9) ops/second in (1.362529,81.654565) seconds
2026/05/26-11:08:17  ... thread 2: (16000,932000) ops and (10623.0,11388.2) ops/second in (1.506166,81.838754) seconds
2026/05/26-11:08:17  ... thread 0: (16000,941000) ops and (9836.4,11486.7) ops/second in (1.626616,81.920506) seconds
2026/05/26-11:08:18  ... thread 3: (1000,929000) ops and (564.0,11175.8) ops/second in (1.773030,83.125982) seconds
2026/05/26-11:08:19  ... thread 0: (1000,942000) ops and (757.1,11316.5) ops/second in (1.320866,83.241372) seconds
2026/05/26-11:08:19  ... thread 2: (2000,934000) ops and (1310.6,11203.8) ops/second in (1.525999,83.364753) seconds
2026/05/26-11:08:20  ... thread 1: (2000,938000) ops and (778.7,11137.1) ops/second in (2.568384,84.222949) seconds
2026/05/26-11:08:20  ... thread 0: (1000,943000) ops and (870.6,11174.3) ops/second in (1.148571,84.389943) seconds
2026/05/26-11:08:20  ... thread 2: (1000,935000) ops and (909.2,11069.7) ops/second in (1.099843,84.464596) seconds
2026/05/26-11:08:21  ... thread 3: (1000,930000) ops and (483.8,10916.4) ops/second in (2.066954,85.192936) seconds
2026/05/26-11:08:21  ... thread 2: (2000,937000) ops and (1422.9,10911.8) ops/second in (1.405555,85.870151) seconds
2026/05/26-11:08:21  ... thread 0: (1000,944000) ops and (636.8,10981.8) ops/second in (1.570390,85.960333) seconds
2026/05/26-11:08:22  ... thread 1: (1000,939000) ops and (419.9,10842.4) ops/second in (2.381467,86.604416) seconds
2026/05/26-11:08:22  ... thread 3: (2000,932000) ops and (1059.4,10702.7) ops/second in (1.887950,87.080886) seconds
2026/05/26-11:08:23  ... thread 0: (1000,945000) ops and (760.8,10827.9) ops/second in (1.314446,87.274779) seconds
2026/05/26-11:08:23  ... thread 1: (1000,940000) ops and (829.9,10705.0) ops/second in (1.204954,87.809370) seconds
2026/05/26-11:08:23  ... thread 2: (2000,939000) ops and (905.9,10661.0) ops/second in (2.207859,88.078010) seconds
2026/05/26-11:08:24  ... thread 3: (1000,933000) ops and (696.5,10540.4) ops/second in (1.435783,88.516669) seconds
2026/05/26-11:08:24  ... thread 0: (1000,946000) ops and (601.5,10636.7) ops/second in (1.662475,88.937254) seconds
2026/05/26-11:08:24  ... thread 2: (1000,940000) ops and (983.7,10550.6) ops/second in (1.016542,89.094552) seconds
2026/05/26-11:08:25  ... thread 1: (2000,942000) ops and (1403.3,10556.5) ops/second in (1.425171,89.234541) seconds
2026/05/26-11:08:25  ... thread 3: (1000,934000) ops and (701.9,10384.5) ops/second in (1.424664,89.941333) seconds
2026/05/26-11:08:25  ... thread 0: (1000,947000) ops and (842.3,10507.7) ops/second in (1.187218,90.124472) seconds
2026/05/26-11:08:26  ... thread 2: (2000,942000) ops and (1449.0,10411.7) ops/second in (1.380258,90.474810) seconds
2026/05/26-11:08:27  ... thread 0: (1000,948000) ops and (931.5,10395.0) ops/second in (1.073528,91.198000) seconds
2026/05/26-11:08:27  ... thread 3: (1000,935000) ops and (705.4,10234.4) ops/second in (1.417589,91.358922) seconds
2026/05/26-11:08:27  ... thread 1: (1000,943000) ops and (427.9,10298.0) ops/second in (2.337020,91.571561) seconds
2026/05/26-11:08:27  ... thread 2: (1000,943000) ops and (806.5,10281.9) ops/second in (1.239918,91.714728) seconds
2026/05/26-11:08:28  ... thread 0: (1000,949000) ops and (744.9,10255.0) ops/second in (1.342494,92.540494) seconds
2026/05/26-11:08:28  ... thread 3: (1000,936000) ops and (799.3,10106.9) ops/second in (1.251085,92.610007) seconds
2026/05/26-11:08:29  ... thread 2: (1000,944000) ops and (701.5,10135.3) ops/second in (1.425419,93.140147) seconds
2026/05/26-11:08:29  ... thread 1: (1000,944000) ops and (537.5,10103.6) ops/second in (1.860531,93.432092) seconds
2026/05/26-11:08:29  ... thread 0: (2000,951000) ops and (1429.6,10123.5) ops/second in (1.399017,93.939511) seconds
2026/05/26-11:08:30  ... thread 2: (1000,945000) ops and (881.4,10023.9) ops/second in (1.134518,94.274665) seconds
2026/05/26-11:08:31  ... thread 1: (2000,946000) ops and (1169.8,9943.1) ops/second in (1.709662,95.141754) seconds
2026/05/26-11:08:31  ... thread 3: (1000,937000) ops and (393.1,9847.2) ops/second in (2.543595,95.153602) seconds
2026/05/26-11:08:31  ... thread 0: (2000,953000) ops and (1035.2,9940.4) ops/second in (1.932067,95.871578) seconds
2026/05/26-11:08:31  ... thread 2: (1000,946000) ops and (570.7,9851.4) ops/second in (1.752106,96.026771) seconds
2026/05/26-11:08:32  ... thread 3: (2000,939000) ops and (1219.7,9701.1) ops/second in (1.639753,96.793355) seconds
2026/05/26-11:08:33  ... thread 1: (1000,947000) ops and (488.8,9744.0) ops/second in (2.045973,97.187727) seconds
2026/05/26-11:08:33  ... thread 0: (2000,955000) ops and (1042.0,9765.7) ops/second in (1.919440,97.791018) seconds
2026/05/26-11:08:33  ... thread 2: (1000,947000) ops and (524.7,9669.9) ops/second in (1.905716,97.932487) seconds
2026/05/26-11:08:33  ... thread 3: (1000,940000) ops and (856.5,9595.7) ops/second in (1.167606,97.960961) seconds
2026/05/26-11:08:34  ... thread 0: (1000,956000) ops and (845.8,9659.2) ops/second in (1.182311,98.973329) seconds
2026/05/26-11:08:35  ... thread 3: (1000,941000) ops and (819.0,9487.6) ops/second in (1.221047,99.182008) seconds
2026/05/26-11:08:35  ... thread 1: (2000,949000) ops and (938.2,9555.0) ops/second in (2.131631,99.319358) seconds
2026/05/26-11:08:35  ... thread 2: (1000,948000) ops and (617.9,9522.8) ops/second in (1.618263,99.550750) seconds
2026/05/26-11:08:36  ... thread 0: (1000,957000) ops and (794.4,9547.8) ops/second in (1.258849,100.232178) seconds
2026/05/26-11:08:36  ... thread 3: (1000,942000) ops and (561.0,9330.0) ops/second in (1.782491,100.964499) seconds
2026/05/26-11:08:37  ... thread 1: (2000,951000) ops and (955.6,9377.6) ops/second in (2.092875,101.412233) seconds
2026/05/26-11:08:37  ... thread 0: (1000,958000) ops and (674.5,9418.5) ops/second in (1.482610,101.714788) seconds
2026/05/26-11:08:37  ... thread 2: (1000,949000) ops and (449.2,9324.3) ops/second in (2.226092,101.776842) seconds
2026/05/26-11:08:39  ... thread 1: (1000,952000) ops and (563.9,9226.1) ops/second in (1.773294,103.185527) seconds
2026/05/26-11:08:39  ... thread 0: (1000,959000) ops and (601.8,9276.8) ops/second in (1.661694,103.376482) seconds
2026/05/26-11:08:39  ... thread 3: (1000,943000) ops and (386.3,9106.5) ops/second in (2.588350,103.552849) seconds
2026/05/26-11:08:39  ... thread 2: (1000,950000) ops and (431.5,9126.3) ops/second in (2.317575,104.094417) seconds
2026/05/26-11:08:40  ... thread 0: (1000,960000) ops and (741.9,9166.9) ops/second in (1.347837,104.724319) seconds
2026/05/26-11:08:41  ... thread 1: (1000,953000) ops and (450.5,9041.3) ops/second in (2.219771,105.405298) seconds
2026/05/26-11:08:42  ... thread 3: (1000,944000) ops and (376.1,8887.9) ops/second in (2.658727,106.211576) seconds
2026/05/26-11:08:42  ... thread 1: (1000,954000) ops and (929.1,8959.3) ops/second in (1.076290,106.481588) seconds
2026/05/26-11:08:42  ... thread 2: (1000,951000) ops and (369.6,8904.5) ops/second in (2.705538,106.799955) seconds
2026/05/26-11:08:43  ... thread 3: (1000,945000) ops and (825.8,8797.0) ops/second in (1.210891,107.422467) seconds
2026/05/26-11:08:43  ... thread 2: (1000,952000) ops and (821.3,8813.4) ops/second in (1.217600,108.017555) seconds
2026/05/26-11:08:44  ... thread 1: (1000,955000) ops and (496.7,8802.3) ops/second in (2.013115,108.494703) seconds
2026/05/26-11:08:44  ... thread 0: (2000,962000) ops and (464.0,8822.9) ops/second in (4.310108,109.034427) seconds
2026/05/26-11:08:44  ... thread 3: (1000,946000) ops and (587.7,8669.0) ops/second in (1.701566,109.124033) seconds
2026/05/26-11:08:45  ... thread 2: (1000,953000) ops and (559.9,8679.1) ops/second in (1.785916,109.803471) seconds
2026/05/26-11:08:45  ... thread 1: (1000,956000) ops and (764.0,8706.4) ops/second in (1.308964,109.803667) seconds
2026/05/26-11:08:45  ... thread 0: (10000,972000) ops and (9867.7,8832.5) ops/second in (1.013408,110.047835) seconds
2026/05/26-11:08:45  ... thread 3: (13000,959000) ops and (12992.5,8708.3) ops/second in (1.000581,110.124614) seconds
2026/05/26-11:08:46  ... thread 1: (30000,986000) ops and (29961.3,8898.5) ops/second in (1.001292,110.804959) seconds
2026/05/26-11:08:46  ... thread 2: (28000,981000) ops and (27531.0,8852.2) ops/second in (1.017034,110.820505) seconds
2026/05/26-11:08:46  ... thread 0: (23000,995000) ops and (22494.6,8958.3) ops/second in (1.022467,111.070302) seconds
2026/05/26-11:08:47  ... thread 3: (29000,988000) ops and (28420.0,8889.3) ops/second in (1.020407,111.145021) seconds
2026/05/26-11:08:47  ... thread 2: (16000,997000) ops and (14945.6,8910.5) ops/second in (1.070549,111.891054) seconds
2026/05/26-11:08:47  ... thread 1: (13000,999000) ops and (11832.2,8927.3) ops/second in (1.098693,111.903652) seconds
2026/05/26-11:08:47  ... thread 0: (10000,1005000) ops and (9996.6,8967.6) ops/second in (1.000336,112.070638) seconds
2026/05/26-11:08:48  ... thread 3: (13000,1001000) ops and (12989.7,8925.9) ops/second in (1.000794,112.145815) seconds
2026/05/26-11:08:48  ... thread 2: (34000,1031000) ops and (30369.8,9123.0) ops/second in (1.119532,113.010586) seconds
2026/05/26-11:08:48  ... thread 1: (31000,1030000) ops and (27223.0,9111.6) ops/second in (1.138745,113.042397) seconds
2026/05/26-11:08:48  ... thread 0: (24000,1029000) ops and (23382.0,9098.4) ops/second in (1.026430,113.097068) seconds
2026/05/26-11:08:49  ... thread 3: (24000,1025000) ops and (23348.0,9056.9) ops/second in (1.027924,113.173739) seconds
2026/05/26-11:08:49  ... thread 0: (32000,1061000) ops and (31415.5,9297.6) ops/second in (1.018605,114.115673) seconds
2026/05/26-11:08:49  ... thread 1: (29000,1059000) ops and (26979.2,9279.9) ops/second in (1.074903,114.117300) seconds
2026/05/26-11:08:49  ... thread 2: (34000,1065000) ops and (30637.3,9332.3) ops/second in (1.109757,114.120343) seconds
2026/05/26-11:08:50  ... thread 3: (29000,1054000) ops and (28793.7,9231.0) ops/second in (1.007166,114.180905) seconds
2026/05/26-11:08:50  ... thread 1: (30000,1089000) ops and (29807.4,9459.4) ops/second in (1.006462,115.123762) seconds
2026/05/26-11:08:51  ... thread 2: (32000,1097000) ops and (31654.5,9528.3) ops/second in (1.010914,115.131257) seconds
2026/05/26-11:08:51  ... thread 0: (30000,1091000) ops and (28763.6,9473.9) ops/second in (1.042985,115.158658) seconds
2026/05/26-11:08:51  ... thread 3: (31000,1085000) ops and (30877.4,9419.6) ops/second in (1.003972,115.184877) seconds
2026/05/26-11:08:52  ... thread 3: (13000,1098000) ops and (12894.1,9449.8) ops/second in (1.008211,116.193088) seconds
2026/05/26-11:08:52  ... thread 1: (14000,1103000) ops and (13093.6,9492.8) ops/second in (1.069226,116.192988) seconds
2026/05/26-11:08:52  ... thread 2: (15000,1112000) ops and (14048.8,9569.8) ops/second in (1.067710,116.198967) seconds
2026/05/26-11:08:52  ... thread 0: (15000,1106000) ops and (14411.1,9518.1) ops/second in (1.040862,116.199520) seconds
2026/05/26-11:08:53  ... thread 0: (30000,1136000) ops and (26716.0,9682.7) ops/second in (1.122921,117.322441) seconds
2026/05/26-11:08:53  ... thread 1: (34000,1137000) ops and (26239.0,9677.5) ops/second in (1.295783,117.488771) seconds
2026/05/26-11:08:53  ... thread 2: (31000,1143000) ops and (21418.6,9715.6) ops/second in (1.447340,117.646307) seconds
2026/05/26-11:08:54  ... thread 3: (30000,1128000) ops and (14380.4,9536.8) ops/second in (2.086166,118.279254) seconds
2026/05/26-11:08:54  ... thread 2: (1000,1144000) ops and (706.8,9608.5) ops/second in (1.414741,119.061048) seconds
2026/05/26-11:08:55  ... thread 1: (1000,1138000) ops and (593.5,9549.1) ops/second in (1.685061,119.173832) seconds
2026/05/26-11:08:55  ... thread 0: (1000,1137000) ops and (448.8,9510.6) ops/second in (2.228346,119.550787) seconds
2026/05/26-11:08:56  ... thread 1: (1000,1139000) ops and (786.4,9456.6) ops/second in (1.271613,120.445445) seconds
2026/05/26-11:08:57  ... thread 3: (2000,1130000) ops and (675.5,9320.3) ops/second in (2.960852,121.240106) seconds
2026/05/26-11:08:57  ... thread 0: (1000,1138000) ops and (537.8,9373.2) ops/second in (1.859534,121.410321) seconds
2026/05/26-11:08:57  ... thread 2: (1000,1145000) ops and (387.4,9412.8) ops/second in (2.581272,121.642320) seconds
2026/05/26-11:08:57  ... thread 1: (1000,1140000) ops and (656.6,9346.7) ops/second in (1.523092,121.968537) seconds
2026/05/26-11:08:58  ... thread 3: (1000,1131000) ops and (687.8,9218.1) ops/second in (1.453829,122.693935) seconds
2026/05/26-11:08:59  ... thread 0: (1000,1139000) ops and (559.8,9245.4) ops/second in (1.786316,123.196637) seconds
2026/05/26-11:08:59  ... thread 2: (1000,1146000) ops and (632.2,9300.1) ops/second in (1.581800,123.224120) seconds
2026/05/26-11:08:59  ... thread 1: (1000,1141000) ops and (721.4,9249.7) ops/second in (1.386187,123.354724) seconds
2026/05/26-11:09:00  ... thread 3: (1000,1132000) ops and (653.8,9112.6) ops/second in (1.529543,124.223478) seconds
2026/05/26-11:09:00  ... thread 0: (1000,1140000) ops and (623.4,9134.6) ops/second in (1.604190,124.800827) seconds
2026/05/26-11:09:01  ... thread 1: (1000,1142000) ops and (420.5,9082.7) ops/second in (2.378274,125.732998) seconds
2026/05/26-11:09:01  ... thread 2: (1000,1147000) ops and (386.0,9116.6) ops/second in (2.590850,125.814970) seconds
2026/05/26-11:09:01  ... thread 0: (1000,1141000) ops and (762.4,9047.5) ops/second in (1.311675,126.112502) seconds
2026/05/26-11:09:02  ... thread 3: (2000,1134000) ops and (698.6,8923.1) ops/second in (2.862955,127.086433) seconds
2026/05/26-11:09:03  ... thread 2: (1000,1148000) ops and (679.7,9019.0) ops/second in (1.471290,127.286260) seconds
2026/05/26-11:09:03  ... thread 0: (1000,1142000) ops and (602.9,8937.8) ops/second in (1.658763,127.771265) seconds
2026/05/26-11:09:04  ... thread 1: (1000,1143000) ops and (403.8,8915.1) ops/second in (2.476500,128.209498) seconds
2026/05/26-11:09:04  ... thread 3: (1000,1135000) ops and (640.4,8822.5) ops/second in (1.561642,128.648075) seconds
2026/05/26-11:09:04  ... thread 0: (1000,1143000) ops and (764.3,8855.0) ops/second in (1.308343,129.079608) seconds
2026/05/26-11:09:05  ... thread 2: (1000,1149000) ops and (497.4,8886.5) ops/second in (2.010517,129.296777) seconds
2026/05/26-11:09:05  ... thread 3: (1000,1136000) ops and (910.5,8755.5) ops/second in (1.098286,129.746361) seconds
2026/05/26-11:09:06  ... thread 2: (1000,1150000) ops and (621.7,8785.0) ops/second in (1.608485,130.905262) seconds
2026/05/26-11:09:07  ... thread 1: (1000,1144000) ops and (332.1,8718.1) ops/second in (3.011481,131.220979) seconds
2026/05/26-11:09:07  ... thread 0: (1000,1144000) ops and (420.9,8702.6) ops/second in (2.375817,131.455425) seconds
2026/05/26-11:09:07  ... thread 3: (2000,1138000) ops and (995.3,8637.2) ops/second in (2.009394,131.755755) seconds
2026/05/26-11:09:08  ... thread 2: (1000,1151000) ops and (746.0,8703.5) ops/second in (1.340461,132.245723) seconds
2026/05/26-11:09:09  ... thread 0: (1000,1145000) ops and (521.6,8585.0) ops/second in (1.917321,133.372746) seconds
2026/05/26-11:09:09  ... thread 3: (1000,1139000) ops and (570.8,8531.3) ops/second in (1.752060,133.507815) seconds
2026/05/26-11:09:09  ... thread 1: (1000,1145000) ops and (414.9,8568.4) ops/second in (2.410242,133.631221) seconds
2026/05/26-11:09:09  ... thread 2: (1000,1152000) ops and (652.5,8611.3) ops/second in (1.532508,133.778231) seconds
2026/05/26-11:09:11  ... thread 3: (1000,1140000) ops and (610.2,8435.3) ops/second in (1.638792,135.146607) seconds
2026/05/26-11:09:11  ... thread 0: (2000,1147000) ops and (1078.0,8482.0) ops/second in (1.855338,135.228084) seconds
2026/05/26-11:09:12  ... thread 0: (1000,1148000) ops and (720.2,8403.1) ops/second in (1.388574,136.616658) seconds
2026/05/26-11:09:12  ... thread 2: (1000,1153000) ops and (330.8,8428.3) ops/second in (3.022663,136.800894) seconds
2026/05/26-11:09:12  ... thread 1: (1000,1146000) ops and (291.3,8361.1) ops/second in (3.432842,137.064063) seconds
2026/05/26-11:09:13  ... thread 3: (2000,1142000) ops and (754.6,8287.5) ops/second in (2.650578,137.797185) seconds
2026/05/26-11:09:13  ... thread 2: (1000,1154000) ops and (775.8,8356.9) ops/second in (1.288955,138.089849) seconds
2026/05/26-11:09:14  ... thread 1: (1000,1147000) ops and (894.1,8300.6) ops/second in (1.118432,138.182495) seconds
2026/05/26-11:09:14  ... thread 0: (1000,1149000) ops and (452.7,8276.6) ops/second in (2.208922,138.825580) seconds
2026/05/26-11:09:15  ... thread 3: (1000,1143000) ops and (542.9,8185.4) ops/second in (1.841911,139.639096) seconds
2026/05/26-11:09:16  ... thread 0: (1000,1150000) ops and (715.2,8201.2) ops/second in (1.398234,140.223814) seconds
2026/05/26-11:09:16  ... thread 2: (1000,1155000) ops and (415.8,8220.9) ops/second in (2.405241,140.495090) seconds
2026/05/26-11:09:16  ... thread 3: (1000,1144000) ops and (744.3,8114.5) ops/second in (1.343570,140.982666) seconds
2026/05/26-11:09:17  ... thread 1: (2000,1149000) ops and (661.7,8137.1) ops/second in (3.022464,141.204959) seconds
2026/05/26-11:09:17  ... thread 0: (1000,1151000) ops and (557.2,8104.6) ops/second in (1.794655,142.018469) seconds
2026/05/26-11:09:18  ... thread 2: (1000,1156000) ops and (565.2,8125.7) ops/second in (1.769316,142.264406) seconds
2026/05/26-11:09:18  ... thread 3: (1000,1145000) ops and (679.0,8037.6) ops/second in (1.472737,142.455403) seconds
2026/05/26-11:09:18  ... thread 1: (1000,1150000) ops and (596.4,8048.6) ops/second in (1.676592,142.881551) seconds
2026/05/26-11:09:19  ... thread 0: (1000,1152000) ops and (627.7,8021.6) ops/second in (1.593041,143.611510) seconds
2026/05/26-11:09:20  ... thread 1: (1000,1151000) ops and (665.8,7971.8) ops/second in (1.501905,144.383456) seconds
2026/05/26-11:09:20  ... thread 3: (1000,1146000) ops and (455.1,7922.4) ops/second in (2.197295,144.652698) seconds
2026/05/26-11:09:21  ... thread 2: (1000,1157000) ops and (300.1,7946.6) ops/second in (3.331833,145.596239) seconds
2026/05/26-11:09:21  ... thread 0: (1000,1153000) ops and (503.1,7919.0) ops/second in (1.987489,145.598999) seconds
2026/05/26-11:09:21  ... thread 1: (1000,1152000) ops and (820.0,7911.9) ops/second in (1.219573,145.603029) seconds
2026/05/26-11:09:21  ... thread 3: (5000,1151000) ops and (4912.0,7901.4) ops/second in (1.017917,145.670615) seconds
2026/05/26-11:09:22  ... thread 3: (26000,1177000) ops and (25246.3,8023.2) ops/second in (1.029854,146.700469) seconds
2026/05/26-11:09:22  ... thread 1: (34000,1186000) ops and (30939.3,8084.4) ops/second in (1.098925,146.701954) seconds
2026/05/26-11:09:22  ... thread 2: (29000,1186000) ops and (25702.5,8083.2) ops/second in (1.128295,146.724534) seconds
2026/05/26-11:09:22  ... thread 0: (29000,1182000) ops and (25623.6,8055.6) ops/second in (1.131767,146.730766) seconds
2026/05/26-11:09:23  ... thread 2: (16000,1202000) ops and (14580.7,8131.4) ops/second in (1.097339,147.821873) seconds
2026/05/26-11:09:23  ... thread 3: (17000,1194000) ops and (15110.1,8077.1) ops/second in (1.125072,147.825541) seconds
2026/05/26-11:09:23  ... thread 1: (17000,1203000) ops and (15075.9,8137.7) ops/second in (1.127630,147.829584) seconds
2026/05/26-11:09:23  ... thread 0: (13000,1195000) ops and (11618.3,8082.5) ops/second in (1.118922,147.849688) seconds
2026/05/26-11:09:24  ... thread 3: (31000,1225000) ops and (28237.3,8225.7) ops/second in (1.097840,148.923381) seconds
2026/05/26-11:09:24  ... thread 1: (31000,1234000) ops and (28299.8,8286.1) ops/second in (1.095413,148.924997) seconds
2026/05/26-11:09:24  ... thread 2: (31000,1233000) ops and (27542.6,8278.1) ops/second in (1.125528,148.947401) seconds
2026/05/26-11:09:24  ... thread 0: (31000,1226000) ops and (28036.6,8230.7) ops/second in (1.105697,148.955385) seconds
Initializing RocksDB Options from the specified file
Initializing RocksDB Options from command-line flags
Integrated BlobDB: blob cache disabled
Keys:       16 bytes each (+ 0 bytes user-defined timestamp)
Values:     1024 bytes each (512 bytes after compression)
Entries:    1250000
Prefix:    0 bytes
Keys per prefix:    0
RawSize:    1239.8 MB (estimated)
FileSize:   629.4 MB (estimated)
Write rate: 0 bytes/second
Read rate: 0 ops/second
Compression: Snappy
Compression sampling rate: 0
Memtablerep: SkipListFactory
Perf Level: 1
WARNING: Assertions are enabled; benchmarks unnecessarily slow
------------------------------------------------
Initializing RocksDB Options from the specified file
Initializing RocksDB Options from command-line flags
Integrated BlobDB: blob cache disabled
DB path: [/tmp/rocksdb_comp_exp_db]
fillrandom   :     119.632 micros/op 33425 ops/sec 149.587 seconds 5000000 operations;   33.2 MB/s
2026/05/26-11:09:30  ... thread 0: (1000,1000) ops and (207.1,207.1) ops/second in (4.829330,4.829330) seconds
2026/05/26-11:09:30  ... thread 2: (1000,1000) ops and (202.7,202.7) ops/second in (4.933692,4.933692) seconds
2026/05/26-11:09:30  ... thread 3: (1000,1000) ops and (195.7,195.7) ops/second in (5.109888,5.109888) seconds
2026/05/26-11:09:30  ... thread 1: (1000,1000) ops and (193.0,193.0) ops/second in (5.182301,5.182301) seconds
2026/05/26-11:09:34  ... thread 2: (1000,2000) ops and (217.8,210.0) ops/second in (4.591827,9.525519) seconds
2026/05/26-11:09:35  ... thread 0: (1000,2000) ops and (206.8,206.9) ops/second in (4.835879,9.665209) seconds
2026/05/26-11:09:35  ... thread 3: (1000,2000) ops and (185.4,190.4) ops/second in (5.393725,10.503613) seconds
2026/05/26-11:09:36  ... thread 1: (1000,2000) ops and (186.2,189.5) ops/second in (5.370254,10.552555) seconds
2026/05/26-11:09:41  ... thread 2: (1000,3000) ops and (165.4,192.7) ops/second in (6.044940,15.570459) seconds
2026/05/26-11:09:41  ... thread 0: (1000,3000) ops and (169.0,192.5) ops/second in (5.916645,15.581854) seconds
2026/05/26-11:09:41  ... thread 3: (1000,3000) ops and (182.3,187.6) ops/second in (5.484555,15.988168) seconds
2026/05/26-11:09:41  ... thread 1: (1000,3000) ops and (179.6,186.1) ops/second in (5.566490,16.119045) seconds
2026/05/26-11:09:47  ... thread 0: (1000,4000) ops and (166.9,185.4) ops/second in (5.990101,21.571955) seconds
2026/05/26-11:09:47  ... thread 3: (1000,4000) ops and (175.4,184.4) ops/second in (5.702831,21.690999) seconds
2026/05/26-11:09:47  ... thread 2: (1000,4000) ops and (159.7,183.2) ops/second in (6.262307,21.832766) seconds
2026/05/26-11:09:48  ... thread 1: (1000,4000) ops and (149.2,175.3) ops/second in (6.701361,22.820406) seconds
2026/05/26-11:09:54  ... thread 0: (1000,5000) ops and (141.5,174.6) ops/second in (7.066496,28.638451) seconds
2026/05/26-11:09:54  ... thread 3: (1000,5000) ops and (136.2,172.2) ops/second in (7.343105,29.034104) seconds
2026/05/26-11:09:54  ... thread 1: (1000,5000) ops and (154.8,170.8) ops/second in (6.461923,29.282329) seconds
2026/05/26-11:09:54  ... thread 2: (1000,5000) ops and (132.8,170.3) ops/second in (7.528221,29.360987) seconds
2026/05/26-11:10:01  ... thread 0: (1000,6000) ops and (138.2,167.2) ops/second in (7.236187,35.874638) seconds
2026/05/26-11:10:01  ... thread 3: (1000,6000) ops and (144.7,166.9) ops/second in (6.910060,35.944164) seconds
2026/05/26-11:10:01  ... thread 1: (1000,6000) ops and (145.5,166.0) ops/second in (6.871047,36.153376) seconds
2026/05/26-11:10:01  ... thread 2: (1000,6000) ops and (142.8,165.0) ops/second in (7.004506,36.365493) seconds
2026/05/26-11:10:05  ... thread 0: (1000,7000) ops and (256.3,176.0) ops/second in (3.901580,39.776218) seconds
2026/05/26-11:10:05  ... thread 3: (1000,7000) ops and (256.3,175.7) ops/second in (3.901117,39.845281) seconds
2026/05/26-11:10:05  ... thread 1: (1000,7000) ops and (259.2,174.9) ops/second in (3.858354,40.011730) seconds
2026/05/26-11:10:06  ... thread 2: (1000,7000) ops and (226.3,171.6) ops/second in (4.418586,40.784079) seconds
2026/05/26-11:10:08  ... thread 3: (1000,8000) ops and (294.1,185.0) ops/second in (3.400281,43.245562) seconds
2026/05/26-11:10:09  ... thread 0: (1000,8000) ops and (238.9,182.0) ops/second in (4.185740,43.961958) seconds
2026/05/26-11:10:09  ... thread 1: (1000,8000) ops and (247.2,181.6) ops/second in (4.045287,44.057017) seconds
2026/05/26-11:10:09  ... thread 2: (1000,8000) ops and (275.1,180.1) ops/second in (3.635487,44.419566) seconds
2026/05/26-11:10:11  ... thread 3: (1000,9000) ops and (314.4,193.9) ops/second in (3.181104,46.426666) seconds
2026/05/26-11:10:12  ... thread 0: (1000,9000) ops and (312.1,190.8) ops/second in (3.204316,47.166274) seconds
2026/05/26-11:10:12  ... thread 1: (1000,9000) ops and (315.1,190.6) ops/second in (3.173240,47.230257) seconds
2026/05/26-11:10:12  ... thread 2: (1000,9000) ops and (346.0,190.2) ops/second in (2.890480,47.310046) seconds
2026/05/26-11:10:13  ... thread 3: (1000,10000) ops and (773.3,209.6) ops/second in (1.293221,47.719887) seconds
2026/05/26-11:10:13  ... thread 0: (2000,11000) ops and (1575.0,227.1) ops/second in (1.269855,48.436129) seconds
2026/05/26-11:10:13  ... thread 1: (2000,11000) ops and (1632.6,227.0) ops/second in (1.225021,48.455278) seconds
2026/05/26-11:10:14  ... thread 2: (2000,11000) ops and (1574.1,226.4) ops/second in (1.270527,48.580573) seconds
2026/05/26-11:10:14  ... thread 3: (2000,12000) ops and (1699.4,245.4) ops/second in (1.176915,48.896802) seconds
2026/05/26-11:10:15  ... thread 0: (2000,13000) ops and (1645.6,261.8) ops/second in (1.215370,49.651499) seconds
2026/05/26-11:10:15  ... thread 1: (2000,13000) ops and (1638.4,261.7) ops/second in (1.220720,49.675998) seconds
2026/05/26-11:10:15  ... thread 2: (2000,13000) ops and (1669.0,261.2) ops/second in (1.198338,49.778911) seconds
2026/05/26-11:10:15  ... thread 3: (2000,14000) ops and (1730.9,279.7) ops/second in (1.155482,50.052284) seconds
2026/05/26-11:10:16  ... thread 0: (2000,15000) ops and (1856.6,295.7) ops/second in (1.077264,50.728763) seconds
2026/05/26-11:10:16  ... thread 1: (2000,15000) ops and (1847.0,295.5) ops/second in (1.082848,50.758846) seconds
2026/05/26-11:10:16  ... thread 2: (2000,15000) ops and (1979.4,295.3) ops/second in (1.010420,50.789331) seconds
2026/05/26-11:10:16  ... thread 3: (2000,16000) ops and (1852.6,312.9) ops/second in (1.079552,51.131836) seconds
2026/05/26-11:10:17  ... thread 1: (2000,17000) ops and (1924.9,328.2) ops/second in (1.039037,51.797883) seconds
2026/05/26-11:10:17  ... thread 2: (2000,17000) ops and (1917.3,328.0) ops/second in (1.043109,51.832440) seconds
2026/05/26-11:10:17  ... thread 3: (2000,18000) ops and (1898.6,344.9) ops/second in (1.053429,52.185265) seconds
2026/05/26-11:10:17  ... thread 0: (3000,18000) ops and (1960.5,344.4) ops/second in (1.530228,52.258991) seconds
2026/05/26-11:10:18  ... thread 1: (2000,19000) ops and (1970.8,359.8) ops/second in (1.014840,52.812723) seconds
2026/05/26-11:10:18  ... thread 2: (2000,19000) ops and (1977.1,359.5) ops/second in (1.011574,52.844014) seconds
2026/05/26-11:10:19  ... thread 3: (3000,21000) ops and (2054.4,391.5) ops/second in (1.460275,53.645540) seconds
2026/05/26-11:10:19  ... thread 0: (3000,21000) ops and (2099.0,391.1) ops/second in (1.429244,53.688235) seconds
2026/05/26-11:10:19  ... thread 1: (3000,22000) ops and (2187.4,406.0) ops/second in (1.371497,54.184220) seconds
2026/05/26-11:10:19  ... thread 2: (3000,22000) ops and (2155.7,405.6) ops/second in (1.391689,54.235703) seconds
2026/05/26-11:10:20  ... thread 0: (3000,24000) ops and (2302.2,436.4) ops/second in (1.303094,54.991329) seconds
2026/05/26-11:10:20  ... thread 3: (3000,24000) ops and (2184.0,436.2) ops/second in (1.373645,55.019185) seconds
2026/05/26-11:10:20  ... thread 1: (3000,25000) ops and (2374.3,450.9) ops/second in (1.263506,55.447726) seconds
2026/05/26-11:10:21  ... thread 2: (3000,25000) ops and (2229.7,449.8) ops/second in (1.345488,55.581191) seconds
2026/05/26-11:10:21  ... thread 0: (3000,27000) ops and (2582.7,480.8) ops/second in (1.161572,56.152901) seconds
2026/05/26-11:10:21  ... thread 3: (3000,27000) ops and (2598.8,480.7) ops/second in (1.154364,56.173549) seconds
2026/05/26-11:10:22  ... thread 1: (3000,28000) ops and (2484.7,494.2) ops/second in (1.207376,56.655102) seconds
2026/05/26-11:10:22  ... thread 2: (3000,28000) ops and (2529.2,493.2) ops/second in (1.186159,56.767350) seconds
2026/05/26-11:10:22  ... thread 3: (3000,30000) ops and (2683.3,523.6) ops/second in (1.118041,57.291590) seconds
2026/05/26-11:10:22  ... thread 0: (3000,30000) ops and (2540.3,523.3) ops/second in (1.180962,57.333863) seconds
2026/05/26-11:10:23  ... thread 1: (3000,31000) ops and (2689.7,536.6) ops/second in (1.115375,57.770477) seconds
2026/05/26-11:10:23  ... thread 2: (3000,31000) ops and (2802.7,536.0) ops/second in (1.070408,57.837758) seconds
2026/05/26-11:10:23  ... thread 3: (3000,33000) ops and (2919.1,565.9) ops/second in (1.027712,58.319302) seconds
2026/05/26-11:10:23  ... thread 0: (3000,33000) ops and (2968.8,565.6) ops/second in (1.010525,58.344388) seconds
2026/05/26-11:10:24  ... thread 2: (3000,34000) ops and (2988.4,577.8) ops/second in (1.003888,58.841646) seconds
2026/05/26-11:10:24  ... thread 1: (4000,35000) ops and (3128.4,592.7) ops/second in (1.278622,59.049099) seconds
2026/05/26-11:10:24  ... thread 0: (4000,37000) ops and (3339.2,621.4) ops/second in (1.197894,59.542282) seconds
2026/05/26-11:10:25  ... thread 3: (4000,37000) ops and (3255.1,621.3) ops/second in (1.228843,59.548145) seconds
2026/05/26-11:10:25  ... thread 2: (4000,38000) ops and (3440.8,633.3) ops/second in (1.162518,60.004164) seconds
2026/05/26-11:10:25  ... thread 1: (4000,39000) ops and (3313.0,647.2) ops/second in (1.207353,60.256452) seconds
2026/05/26-11:10:26  ... thread 0: (4000,41000) ops and (3613.2,676.0) ops/second in (1.107067,60.649349) seconds
2026/05/26-11:10:26  ... thread 3: (4000,41000) ops and (3565.9,675.8) ops/second in (1.121729,60.669874) seconds
2026/05/26-11:10:26  ... thread 2: (4000,42000) ops and (3736.5,687.7) ops/second in (1.070512,61.074676) seconds
2026/05/26-11:10:26  ... thread 1: (4000,43000) ops and (3779.7,701.3) ops/second in (1.058277,61.314729) seconds
2026/05/26-11:10:27  ... thread 3: (4000,45000) ops and (3797.5,729.1) ops/second in (1.053324,61.723198) seconds
2026/05/26-11:10:27  ... thread 0: (4000,45000) ops and (3697.9,729.0) ops/second in (1.081703,61.731052) seconds
2026/05/26-11:10:27  ... thread 2: (5000,47000) ops and (4176.4,754.8) ops/second in (1.197215,62.271891) seconds
2026/05/26-11:10:27  ... thread 1: (5000,48000) ops and (4177.4,767.9) ops/second in (1.196925,62.511654) seconds
2026/05/26-11:10:28  ... thread 3: (5000,50000) ops and (4504.4,795.8) ops/second in (1.110022,62.833220) seconds
2026/05/26-11:10:28  ... thread 0: (5000,50000) ops and (4442.1,795.5) ops/second in (1.125592,62.856644) seconds
2026/05/26-11:10:28  ... thread 2: (5000,52000) ops and (4481.4,820.3) ops/second in (1.115735,63.387626) seconds
2026/05/26-11:10:29  ... thread 1: (5000,53000) ops and (4714.3,833.7) ops/second in (1.060595,63.572249) seconds
2026/05/26-11:10:29  ... thread 0: (5000,55000) ops and (4531.2,859.9) ops/second in (1.103469,63.960113) seconds
2026/05/26-11:10:29  ... thread 3: (5000,55000) ops and (4245.4,859.2) ops/second in (1.177756,64.010976) seconds
2026/05/26-11:10:29  ... thread 2: (5000,57000) ops and (4812.1,884.7) ops/second in (1.039045,64.426671) seconds
2026/05/26-11:10:30  ... thread 1: (5000,58000) ops and (4963.7,898.1) ops/second in (1.007316,64.579565) seconds
2026/05/26-11:10:30  ... thread 3: (5000,60000) ops and (4611.7,921.7) ops/second in (1.084206,65.095182) seconds
2026/05/26-11:10:30  ... thread 0: (5000,60000) ops and (4383.3,921.6) ops/second in (1.140705,65.100818) seconds
2026/05/26-11:10:31  ... thread 2: (5000,62000) ops and (4314.5,945.3) ops/second in (1.158896,65.585567) seconds
2026/05/26-11:10:31  ... thread 1: (5000,63000) ops and (4208.2,957.9) ops/second in (1.188169,65.767734) seconds
2026/05/26-11:10:31  ... thread 0: (5000,65000) ops and (4260.6,980.8) ops/second in (1.173553,66.274371) seconds
2026/05/26-11:10:31  ... thread 3: (5000,65000) ops and (4234.6,980.7) ops/second in (1.180742,66.275924) seconds
2026/05/26-11:10:32  ... thread 2: (5000,67000) ops and (4164.6,1003.2) ops/second in (1.200602,66.786169) seconds
2026/05/26-11:10:32  ... thread 1: (5000,68000) ops and (4194.0,1015.5) ops/second in (1.192185,66.959919) seconds
2026/05/26-11:10:32  ... thread 0: (5000,70000) ops and (4470.2,1038.7) ops/second in (1.118517,67.392888) seconds
2026/05/26-11:10:32  ... thread 3: (5000,70000) ops and (4301.1,1038.0) ops/second in (1.162502,67.438426) seconds
2026/05/26-11:10:33  ... thread 2: (5000,72000) ops and (4653.1,1061.0) ops/second in (1.074560,67.860729) seconds
2026/05/26-11:10:33  ... thread 1: (5000,73000) ops and (4612.5,1072.8) ops/second in (1.084009,68.043928) seconds
2026/05/26-11:10:33  ... thread 0: (5000,75000) ops and (4804.6,1096.0) ops/second in (1.040661,68.433549) seconds
2026/05/26-11:10:33  ... thread 3: (6000,76000) ops and (5580.8,1109.3) ops/second in (1.075112,68.513538) seconds
2026/05/26-11:10:34  ... thread 2: (6000,78000) ops and (5549.5,1131.4) ops/second in (1.081170,68.941899) seconds
2026/05/26-11:10:34  ... thread 1: (6000,79000) ops and (5740.7,1143.5) ops/second in (1.045160,69.089088) seconds
2026/05/26-11:10:34  ... thread 0: (6000,81000) ops and (5834.0,1166.1) ops/second in (1.028454,69.462003) seconds
2026/05/26-11:10:35  ... thread 3: (6000,82000) ops and (5635.3,1178.5) ops/second in (1.064719,69.578257) seconds
2026/05/26-11:10:35  ... thread 2: (6000,84000) ops and (5992.1,1201.0) ops/second in (1.001318,69.943217) seconds
2026/05/26-11:10:35  ... thread 1: (6000,85000) ops and (5974.8,1212.7) ops/second in (1.004222,70.093310) seconds
2026/05/26-11:10:35  ... thread 0: (6000,87000) ops and (5908.0,1234.4) ops/second in (1.015577,70.477580) seconds
2026/05/26-11:10:36  ... thread 3: (6000,88000) ops and (5874.9,1246.5) ops/second in (1.021298,70.599555) seconds
2026/05/26-11:10:36  ... thread 2: (7000,91000) ops and (6364.4,1280.9) ops/second in (1.099874,71.043091) seconds
2026/05/26-11:10:36  ... thread 1: (7000,92000) ops and (6725.2,1293.3) ops/second in (1.040854,71.134164) seconds
2026/05/26-11:10:36  ... thread 0: (7000,94000) ops and (6797.4,1314.5) ops/second in (1.029811,71.507391) seconds
2026/05/26-11:10:37  ... thread 3: (8000,96000) ops and (7019.1,1338.2) ops/second in (1.139747,71.739302) seconds
2026/05/26-11:10:37  ... thread 2: (7000,98000) ops and (6681.9,1359.4) ops/second in (1.047607,72.090698) seconds
2026/05/26-11:10:37  ... thread 1: (7000,99000) ops and (6548.7,1371.1) ops/second in (1.068914,72.203078) seconds
DB path: [/tmp/rocksdb_comp_exp_db]
readrandom   :     723.881 micros/op 5522 ops/sec 72.431 seconds 400000 operations;    5.4 MB/s (98165 of 100000 found)

STATISTICS:
rocksdb.block.cache.miss COUNT : 3766548
rocksdb.block.cache.hit COUNT : 35767
rocksdb.block.cache.add COUNT : 684208
rocksdb.block.cache.add.failures COUNT : 0
rocksdb.block.cache.index.miss COUNT : 0
rocksdb.block.cache.index.hit COUNT : 0
rocksdb.block.cache.index.add COUNT : 0
rocksdb.block.cache.index.bytes.insert COUNT : 0
rocksdb.block.cache.filter.miss COUNT : 0
rocksdb.block.cache.filter.hit COUNT : 0
rocksdb.block.cache.filter.add COUNT : 0
rocksdb.block.cache.filter.bytes.insert COUNT : 0
rocksdb.block.cache.data.miss COUNT : 3766548
rocksdb.block.cache.data.hit COUNT : 35767
rocksdb.block.cache.data.add COUNT : 684208
rocksdb.block.cache.data.bytes.insert COUNT : 2944797072
rocksdb.block.cache.bytes.read COUNT : 153941168
rocksdb.block.cache.bytes.write COUNT : 2944797072
rocksdb.block.cache.compression.dict.miss COUNT : 0
rocksdb.block.cache.compression.dict.hit COUNT : 0
rocksdb.block.cache.compression.dict.add COUNT : 0
rocksdb.block.cache.compression.dict.bytes.insert COUNT : 0
rocksdb.block.cache.add.redundant COUNT : 35
rocksdb.block.cache.index.add.redundant COUNT : 0
rocksdb.block.cache.filter.add.redundant COUNT : 0
rocksdb.block.cache.data.add.redundant COUNT : 35
rocksdb.block.cache.compression.dict.add.redundant COUNT : 0
rocksdb.secondary.cache.hits COUNT : 0
rocksdb.secondary.cache.filter.hits COUNT : 0
rocksdb.secondary.cache.index.hits COUNT : 0
rocksdb.secondary.cache.data.hits COUNT : 0
rocksdb.compressed.secondary.cache.dummy.hits COUNT : 0
rocksdb.compressed.secondary.cache.hits COUNT : 0
rocksdb.compressed.secondary.cache.promotions COUNT : 0
rocksdb.compressed.secondary.cache.promotion.skips COUNT : 0
rocksdb.bloom.filter.useful COUNT : 0
rocksdb.bloom.filter.full.positive COUNT : 0
rocksdb.bloom.filter.full.true.positive COUNT : 0
rocksdb.bloom.filter.prefix.checked COUNT : 0
rocksdb.bloom.filter.prefix.useful COUNT : 0
rocksdb.bloom.filter.prefix.true.positive COUNT : 0
rocksdb.persistent.cache.hit COUNT : 0
rocksdb.persistent.cache.miss COUNT : 0
rocksdb.sim.block.cache.hit COUNT : 0
rocksdb.sim.block.cache.miss COUNT : 0
rocksdb.memtable.hit COUNT : 7021
rocksdb.memtable.miss COUNT : 392979
rocksdb.l0.hit COUNT : 15853
rocksdb.l1.hit COUNT : 369695
rocksdb.l2andup.hit COUNT : 0
rocksdb.compaction.key.drop.new COUNT : 3629532
rocksdb.compaction.key.drop.obsolete COUNT : 0
rocksdb.compaction.key.drop.range_del COUNT : 0
rocksdb.compaction.key.drop.user COUNT : 0
rocksdb.compaction.range_del.drop.obsolete COUNT : 0
rocksdb.compaction.optimized.del.drop.obsolete COUNT : 0
rocksdb.compaction.cancelled COUNT : 0
rocksdb.compaction.aborted COUNT : 0
rocksdb.number.keys.written COUNT : 5000000
rocksdb.number.keys.read COUNT : 400000
rocksdb.number.keys.updated COUNT : 0
rocksdb.bytes.written COUNT : 5278920420
rocksdb.bytes.read COUNT : 401990656
rocksdb.number.db.seek COUNT : 0
rocksdb.number.db.next COUNT : 0
rocksdb.number.db.prev COUNT : 0
rocksdb.number.db.seek.found COUNT : 0
rocksdb.number.db.next.found COUNT : 0
rocksdb.number.db.prev.found COUNT : 0
rocksdb.db.iter.bytes.read COUNT : 0
rocksdb.number.iter.skip COUNT : 0
rocksdb.number.reseeks.iteration COUNT : 0
rocksdb.num.iterator.created COUNT : 0
rocksdb.num.iterator.deleted COUNT : 0
rocksdb.no.file.opens COUNT : 164
rocksdb.no.file.errors COUNT : 0
rocksdb.stall.micros COUNT : 117076359
rocksdb.db.mutex.wait.micros COUNT : 0
rocksdb.number.multiget.get COUNT : 0
rocksdb.number.multiget.keys.read COUNT : 0
rocksdb.number.multiget.bytes.read COUNT : 0
rocksdb.number.multiget.keys.found COUNT : 0
rocksdb.number.merge.failures COUNT : 0
rocksdb.getupdatessince.calls COUNT : 0
rocksdb.wal.synced COUNT : 0
rocksdb.wal.bytes COUNT : 5278920420
rocksdb.write.self COUNT : 4910035
rocksdb.write.other COUNT : 89965
rocksdb.write.wal COUNT : 5000000
rocksdb.compact.read.bytes COUNT : 7503587663
rocksdb.compact.write.bytes COUNT : 5316721704
rocksdb.flush.write.bytes COUNT : 2971555959
rocksdb.compact.read.marked.bytes COUNT : 0
rocksdb.compact.read.periodic.bytes COUNT : 0
rocksdb.compact.read.ttl.bytes COUNT : 0
rocksdb.compact.write.marked.bytes COUNT : 0
rocksdb.compact.write.periodic.bytes COUNT : 0
rocksdb.compact.write.ttl.bytes COUNT : 0
rocksdb.number.direct.load.table.properties COUNT : 0
rocksdb.number.superversion_acquires COUNT : 16
rocksdb.number.superversion_releases COUNT : 12
rocksdb.number.superversion_cleanups COUNT : 3
rocksdb.number.block.compressed COUNT : 3400256
rocksdb.number.block.decompressed COUNT : 3766712
rocksdb.bytes.compressed.from COUNT : 14331081248
rocksdb.bytes.compressed.to COUNT : 8271059172
rocksdb.bytes.compression_bypassed COUNT : 0
rocksdb.bytes.compression.rejected COUNT : 0
rocksdb.number.block_compression_bypassed COUNT : 0
rocksdb.number.block_compression_rejected COUNT : 0
rocksdb.bytes.decompressed.from COUNT : 9160581787
rocksdb.bytes.decompressed.to COUNT : 15868458104
rocksdb.merge.operation.time.nanos COUNT : 0
rocksdb.filter.operation.time.nanos COUNT : 0
rocksdb.compaction.total.time.cpu_micros COUNT : 43372367
rocksdb.row.cache.hit COUNT : 0
rocksdb.row.cache.miss COUNT : 0
rocksdb.read.amp.estimate.useful.bytes COUNT : 0
rocksdb.read.amp.total.read.bytes COUNT : 0
rocksdb.number.rate_limiter.drains COUNT : 0
rocksdb.blobdb.num.put COUNT : 0
rocksdb.blobdb.num.write COUNT : 0
rocksdb.blobdb.num.get COUNT : 0
rocksdb.blobdb.num.multiget COUNT : 0
rocksdb.blobdb.num.seek COUNT : 0
rocksdb.blobdb.num.next COUNT : 0
rocksdb.blobdb.num.prev COUNT : 0
rocksdb.blobdb.num.keys.written COUNT : 0
rocksdb.blobdb.num.keys.read COUNT : 0
rocksdb.blobdb.bytes.written COUNT : 0
rocksdb.blobdb.bytes.read COUNT : 0
rocksdb.blobdb.write.inlined COUNT : 0
rocksdb.blobdb.write.inlined.ttl COUNT : 0
rocksdb.blobdb.write.blob COUNT : 0
rocksdb.blobdb.write.blob.ttl COUNT : 0
rocksdb.blobdb.blob.file.bytes.written COUNT : 0
rocksdb.blobdb.blob.file.bytes.read COUNT : 0
rocksdb.blobdb.blob.file.synced COUNT : 0
rocksdb.blobdb.blob.index.expired.count COUNT : 0
rocksdb.blobdb.blob.index.expired.size COUNT : 0
rocksdb.blobdb.blob.index.evicted.count COUNT : 0
rocksdb.blobdb.blob.index.evicted.size COUNT : 0
rocksdb.blobdb.gc.num.files COUNT : 0
rocksdb.blobdb.gc.num.new.files COUNT : 0
rocksdb.blobdb.gc.failures COUNT : 0
rocksdb.blobdb.gc.num.keys.relocated COUNT : 0
rocksdb.blobdb.gc.bytes.relocated COUNT : 0
rocksdb.blobdb.fifo.num.files.evicted COUNT : 0
rocksdb.blobdb.fifo.num.keys.evicted COUNT : 0
rocksdb.blobdb.fifo.bytes.evicted COUNT : 0
rocksdb.blobdb.cache.miss COUNT : 0
rocksdb.blobdb.cache.hit COUNT : 0
rocksdb.blobdb.cache.add COUNT : 0
rocksdb.blobdb.cache.add.failures COUNT : 0
rocksdb.blobdb.cache.bytes.read COUNT : 0
rocksdb.blobdb.cache.bytes.write COUNT : 0
rocksdb.txn.overhead.mutex.prepare COUNT : 0
rocksdb.txn.overhead.mutex.old.commit.map COUNT : 0
rocksdb.txn.overhead.duplicate.key COUNT : 0
rocksdb.txn.overhead.mutex.snapshot COUNT : 0
rocksdb.txn.get.tryagain COUNT : 0
rocksdb.files.marked.trash COUNT : 0
rocksdb.files.marked.trash.deleted COUNT : 0
rocksdb.files.deleted.immediately COUNT : 215
rocksdb.error.handler.bg.error.count COUNT : 0
rocksdb.error.handler.bg.io.error.count COUNT : 0
rocksdb.error.handler.bg.retryable.io.error.count COUNT : 0
rocksdb.error.handler.autoresume.count COUNT : 0
rocksdb.error.handler.autoresume.retry.total.count COUNT : 0
rocksdb.error.handler.autoresume.success.count COUNT : 0
rocksdb.memtable.payload.bytes.at.flush COUNT : 5217266784
rocksdb.memtable.garbage.bytes.at.flush COUNT : 127969184
rocksdb.verify_checksum.read.bytes COUNT : 0
rocksdb.backup.read.bytes COUNT : 0
rocksdb.backup.write.bytes COUNT : 0
rocksdb.remote.compact.read.bytes COUNT : 0
rocksdb.remote.compact.write.bytes COUNT : 0
rocksdb.remote.compact.resumed.bytes COUNT : 0
rocksdb.hot.file.read.bytes COUNT : 0
rocksdb.warm.file.read.bytes COUNT : 0
rocksdb.cool.file.read.bytes COUNT : 0
rocksdb.cold.file.read.bytes COUNT : 0
rocksdb.ice.file.read.bytes COUNT : 0
rocksdb.hot.file.read.count COUNT : 0
rocksdb.warm.file.read.count COUNT : 0
rocksdb.cool.file.read.count COUNT : 0
rocksdb.cold.file.read.count COUNT : 0
rocksdb.ice.file.read.count COUNT : 0
rocksdb.last.level.read.bytes COUNT : 0
rocksdb.last.level.read.count COUNT : 0
rocksdb.non.last.level.read.bytes COUNT : 9179621153
rocksdb.non.last.level.read.count COUNT : 3767204
rocksdb.last.level.seek.filtered COUNT : 0
rocksdb.last.level.seek.filter.match COUNT : 0
rocksdb.last.level.seek.data COUNT : 0
rocksdb.last.level.seek.data.useful.no.filter COUNT : 0
rocksdb.last.level.seek.data.useful.filter.match COUNT : 0
rocksdb.non.last.level.seek.filtered COUNT : 0
rocksdb.non.last.level.seek.filter.match COUNT : 0
rocksdb.non.last.level.seek.data COUNT : 0
rocksdb.non.last.level.seek.data.useful.no.filter COUNT : 0
rocksdb.non.last.level.seek.data.useful.filter.match COUNT : 0
rocksdb.block.checksum.compute.count COUNT : 3766876
rocksdb.block.checksum.mismatch.count COUNT : 0
rocksdb.multiget.coroutine.count COUNT : 0
rocksdb.read.async.micros COUNT : 0
rocksdb.async.read.error.count COUNT : 0
rocksdb.table.open.prefetch.tail.miss COUNT : 0
rocksdb.table.open.prefetch.tail.hit COUNT : 0
rocksdb.timestamp.filter.table.checked COUNT : 0
rocksdb.timestamp.filter.table.filtered COUNT : 0
rocksdb.readahead.trimmed COUNT : 0
rocksdb.fifo.max.size.compactions COUNT : 0
rocksdb.fifo.ttl.compactions COUNT : 0
rocksdb.fifo.change_temperature.compactions COUNT : 0
rocksdb.prefetch.bytes COUNT : 0
rocksdb.prefetch.bytes.useful COUNT : 0
rocksdb.prefetch.hits COUNT : 0
rocksdb.footer.corruption.count COUNT : 0
rocksdb.file.read.corruption.retry.count COUNT : 0
rocksdb.file.read.corruption.retry.success.count COUNT : 0
rocksdb.number.wbwi.ingest COUNT : 0
rocksdb.sst.user.defined.index.load.fail.count COUNT : 0
rocksdb.multiscan.prepare.calls COUNT : 0
rocksdb.multiscan.prepare.errors COUNT : 0
rocksdb.multiscan.blocks.prefetched COUNT : 0
rocksdb.multiscan.blocks.from.cache COUNT : 0
rocksdb.multiscan.prefetch.bytes COUNT : 0
rocksdb.multiscan.prefetch.blocks.wasted COUNT : 0
rocksdb.multiscan.io.requests COUNT : 0
rocksdb.multiscan.io.coalesced.nonadjacent COUNT : 0
rocksdb.multiscan.seek.errors COUNT : 0
rocksdb.prefetch.memory.bytes.granted COUNT : 0
rocksdb.prefetch.memory.bytes.released COUNT : 0
rocksdb.prefetch.memory.requests.blocked COUNT : 0
rocksdb.read.path.range.tombstones.inserted COUNT : 0
rocksdb.read.path.range.tombstones.discarded COUNT : 0
rocksdb.file.open.metadata.retrieved COUNT : 0
rocksdb.file.open.metadata.passed COUNT : 0
rocksdb.manifest.validation.failure.count COUNT : 0
rocksdb.db.get.micros P50 : 15.432410 P95 : 1821.435038 P99 : 11485.158039 P100 : 789486.000000 COUNT : 400000 SUM : 289229872
rocksdb.db.write.micros P50 : 4.727532 P95 : 28.017035 P99 : 2136.627458 P100 : 1261889.000000 COUNT : 5000000 SUM : 594376606
rocksdb.compaction.times.micros P50 : 18000000.000000 P95 : 35677290.000000 P99 : 35677290.000000 P100 : 35677290.000000 COUNT : 10 SUM : 193063246
rocksdb.compaction.times.cpu_micros P50 : 4300000.000000 P95 : 8434035.000000 P99 : 8434035.000000 P100 : 8434035.000000 COUNT : 10 SUM : 43372367
rocksdb.subcompaction.setup.times.micros P50 : 0.000000 P95 : 0.000000 P99 : 0.000000 P100 : 0.000000 COUNT : 0 SUM : 0
rocksdb.table.sync.micros P50 : 348113.207547 P95 : 939664.000000 P99 : 939664.000000 P100 : 939664.000000 COUNT : 80 SUM : 41907934
rocksdb.compaction.outfile.sync.micros P50 : 717101.449275 P95 : 935224.000000 P99 : 935224.000000 P100 : 935224.000000 COUNT : 84 SUM : 53090356
rocksdb.wal.file.sync.micros P50 : 0.000000 P95 : 0.000000 P99 : 0.000000 P100 : 0.000000 COUNT : 0 SUM : 0
rocksdb.manifest.file.sync.micros P50 : 5641.935484 P95 : 17771.428571 P99 : 22660.000000 P100 : 27671.000000 COUNT : 94 SUM : 611868
rocksdb.table.open.io.micros P50 : 754.000000 P95 : 5690.666667 P99 : 7194.000000 P100 : 7266.000000 COUNT : 164 SUM : 210411
rocksdb.db.multiget.micros P50 : 0.000000 P95 : 0.000000 P99 : 0.000000 P100 : 0.000000 COUNT : 0 SUM : 0
rocksdb.read.block.compaction.micros P50 : 3.263336 P95 : 8.136366 P99 : 1235.761059 P100 : 324666.000000 COUNT : 3082340 SUM : 107267647
rocksdb.read.block.get.micros P50 : 8.826093 P95 : 1542.382874 P99 : 2525.332656 P100 : 580934.000000 COUNT : 684372 SUM : 284308741
rocksdb.write.raw.block.micros P50 : 0.540951 P95 : 1.462776 P99 : 2.826158 P100 : 14438.000000 COUNT : 3400584 SUM : 8813160
rocksdb.numfiles.in.singlecompaction P50 : 16.750000 P95 : 24.000000 P99 : 24.000000 P100 : 24.000000 COUNT : 10 SUM : 152
rocksdb.db.seek.micros P50 : 0.000000 P95 : 0.000000 P99 : 0.000000 P100 : 0.000000 COUNT : 0 SUM : 0
rocksdb.db.write.stall P50 : 1968.578856 P95 : 2812.192374 P99 : 2887.180243 P100 : 1261607.000000 COUNT : 54085 SUM : 117076359
rocksdb.sst.read.micros P50 : 0.859596 P95 : 862.431727 P99 : 1659.278195 P100 : 580923.000000 COUNT : 3767204 SUM : 377828112
rocksdb.file.read.flush.micros P50 : 3.600000 P95 : 69.333333 P99 : 99.314286 P100 : 118.000000 COUNT : 320 SUM : 5443
rocksdb.file.read.compaction.micros P50 : 0.732970 P95 : 3.261339 P99 : 1217.331541 P100 : 324612.000000 COUNT : 3082676 SUM : 98490738
rocksdb.file.read.db.open.micros P50 : 0.000000 P95 : 0.000000 P99 : 0.000000 P100 : 0.000000 COUNT : 0 SUM : 0
rocksdb.file.read.get.micros P50 : 0.000000 P95 : 0.000000 P99 : 0.000000 P100 : 0.000000 COUNT : 0 SUM : 0
rocksdb.file.read.multiget.micros P50 : 0.000000 P95 : 0.000000 P99 : 0.000000 P100 : 0.000000 COUNT : 0 SUM : 0
rocksdb.file.read.db.iterator.micros P50 : 0.000000 P95 : 0.000000 P99 : 0.000000 P100 : 0.000000 COUNT : 0 SUM : 0
rocksdb.file.read.verify.db.checksum.micros P50 : 0.000000 P95 : 0.000000 P99 : 0.000000 P100 : 0.000000 COUNT : 0 SUM : 0
rocksdb.file.read.verify.file.checksums.micros P50 : 0.000000 P95 : 0.000000 P99 : 0.000000 P100 : 0.000000 COUNT : 0 SUM : 0
rocksdb.sst.write.micros P50 : 0.502837 P95 : 0.955390 P99 : 0.995617 P100 : 14436.000000 COUNT : 6800962 SUM : 7162283
rocksdb.file.write.flush.micros P50 : 0.501654 P95 : 0.953143 P99 : 0.993275 P100 : 14436.000000 COUNT : 2428720 SUM : 2632924
rocksdb.file.write.compaction.micros P50 : 0.503539 P95 : 0.956723 P99 : 0.997006 P100 : 14029.000000 COUNT : 4372612 SUM : 4529359
rocksdb.file.write.db.open.micros P50 : 0.000000 P95 : 0.000000 P99 : 0.000000 P100 : 0.000000 COUNT : 0 SUM : 0
rocksdb.num.subcompactions.scheduled P50 : 0.000000 P95 : 0.000000 P99 : 0.000000 P100 : 0.000000 COUNT : 0 SUM : 0
rocksdb.bytes.per.read P50 : 1024.000000 P95 : 1024.000000 P99 : 1024.000000 P100 : 1024.000000 COUNT : 400000 SUM : 401990656
rocksdb.bytes.per.write P50 : 1087.096492 P95 : 1282.483334 P99 : 1299.851053 P100 : 4188.000000 COUNT : 4910035 SUM : 5278920420
rocksdb.bytes.per.multiget P50 : 0.000000 P95 : 0.000000 P99 : 0.000000 P100 : 0.000000 COUNT : 0 SUM : 0
rocksdb.compression.times.nanos P50 : 0.000000 P95 : 0.000000 P99 : 0.000000 P100 : 0.000000 COUNT : 0 SUM : 0
rocksdb.decompression.times.nanos P50 : 0.000000 P95 : 0.000000 P99 : 0.000000 P100 : 0.000000 COUNT : 0 SUM : 0
rocksdb.read.num.merge_operands P50 : 0.000000 P95 : 0.000000 P99 : 0.000000 P100 : 0.000000 COUNT : 0 SUM : 0
rocksdb.blobdb.key.size P50 : 0.000000 P95 : 0.000000 P99 : 0.000000 P100 : 0.000000 COUNT : 0 SUM : 0
rocksdb.blobdb.value.size P50 : 0.000000 P95 : 0.000000 P99 : 0.000000 P100 : 0.000000 COUNT : 0 SUM : 0
rocksdb.blobdb.write.micros P50 : 0.000000 P95 : 0.000000 P99 : 0.000000 P100 : 0.000000 COUNT : 0 SUM : 0
rocksdb.blobdb.get.micros P50 : 0.000000 P95 : 0.000000 P99 : 0.000000 P100 : 0.000000 COUNT : 0 SUM : 0
rocksdb.blobdb.multiget.micros P50 : 0.000000 P95 : 0.000000 P99 : 0.000000 P100 : 0.000000 COUNT : 0 SUM : 0
rocksdb.blobdb.seek.micros P50 : 0.000000 P95 : 0.000000 P99 : 0.000000 P100 : 0.000000 COUNT : 0 SUM : 0
rocksdb.blobdb.next.micros P50 : 0.000000 P95 : 0.000000 P99 : 0.000000 P100 : 0.000000 COUNT : 0 SUM : 0
rocksdb.blobdb.prev.micros P50 : 0.000000 P95 : 0.000000 P99 : 0.000000 P100 : 0.000000 COUNT : 0 SUM : 0
rocksdb.blobdb.blob.file.write.micros P50 : 0.000000 P95 : 0.000000 P99 : 0.000000 P100 : 0.000000 COUNT : 0 SUM : 0
rocksdb.blobdb.blob.file.read.micros P50 : 0.000000 P95 : 0.000000 P99 : 0.000000 P100 : 0.000000 COUNT : 0 SUM : 0
rocksdb.blobdb.blob.file.sync.micros P50 : 0.000000 P95 : 0.000000 P99 : 0.000000 P100 : 0.000000 COUNT : 0 SUM : 0
rocksdb.blobdb.compression.micros P50 : 0.000000 P95 : 0.000000 P99 : 0.000000 P100 : 0.000000 COUNT : 0 SUM : 0
rocksdb.blobdb.decompression.micros P50 : 0.000000 P95 : 0.000000 P99 : 0.000000 P100 : 0.000000 COUNT : 0 SUM : 0
rocksdb.db.flush.micros P50 : 548888.888889 P95 : 1147692.307692 P99 : 1177168.000000 P100 : 1177168.000000 COUNT : 80 SUM : 55899404
rocksdb.sst.batch.size P50 : 0.000000 P95 : 0.000000 P99 : 0.000000 P100 : 0.000000 COUNT : 0 SUM : 0
rocksdb.multiget.io.batch.size P50 : 0.000000 P95 : 0.000000 P99 : 0.000000 P100 : 0.000000 COUNT : 0 SUM : 0
rocksdb.num.index.and.filter.blocks.read.per.level P50 : 0.000000 P95 : 0.000000 P99 : 0.000000 P100 : 0.000000 COUNT : 0 SUM : 0
rocksdb.num.sst.read.per.level P50 : 0.000000 P95 : 0.000000 P99 : 0.000000 P100 : 0.000000 COUNT : 0 SUM : 0
rocksdb.num.level.read.per.multiget P50 : 0.000000 P95 : 0.000000 P99 : 0.000000 P100 : 0.000000 COUNT : 0 SUM : 0
rocksdb.error.handler.autoresume.retry.count P50 : 0.000000 P95 : 0.000000 P99 : 0.000000 P100 : 0.000000 COUNT : 0 SUM : 0
rocksdb.async.read.bytes P50 : 0.000000 P95 : 0.000000 P99 : 0.000000 P100 : 0.000000 COUNT : 0 SUM : 0
rocksdb.poll.wait.micros P50 : 0.000000 P95 : 0.000000 P99 : 0.000000 P100 : 0.000000 COUNT : 0 SUM : 0
rocksdb.compaction.prefetch.bytes P50 : 0.000000 P95 : 0.000000 P99 : 0.000000 P100 : 0.000000 COUNT : 0 SUM : 0
rocksdb.prefetched.bytes.discarded P50 : 0.000000 P95 : 0.000000 P99 : 0.000000 P100 : 0.000000 COUNT : 0 SUM : 0
rocksdb.async.prefetch.abort.micros P50 : 0.000000 P95 : 0.000000 P99 : 0.000000 P100 : 0.000000 COUNT : 0 SUM : 0
rocksdb.table.open.prefetch.tail.read.bytes P50 : 0.000000 P95 : 0.000000 P99 : 0.000000 P100 : 0.000000 COUNT : 0 SUM : 0
rocksdb.num.op.per.transaction P50 : 0.000000 P95 : 0.000000 P99 : 0.000000 P100 : 0.000000 COUNT : 0 SUM : 0
rocksdb.multiscan.op.prepare.iterators.micros P50 : 0.000000 P95 : 0.000000 P99 : 0.000000 P100 : 0.000000 COUNT : 0 SUM : 0
rocksdb.multiscan.prepare.micros P50 : 0.000000 P95 : 0.000000 P99 : 0.000000 P100 : 0.000000 COUNT : 0 SUM : 0
rocksdb.multiscan.blocks.per.prepare P50 : 0.000000 P95 : 0.000000 P99 : 0.000000 P100 : 0.000000 COUNT : 0 SUM : 0
rocksdb.block.key.distribution.cv P50 : 0.000000 P95 : 0.000000 P99 : 0.000000 P100 : 0.000000 COUNT : 0 SUM : 0

[EXPERIMENT_COMPLETED]
