RocksDB:    version 11.3.0
Date:       Tue May 26 10:50:32 2026
CPU:        2 * Intel Xeon Processor (SapphireRapids)
CPUCache:   16384 KB
2026/05/26-10:50:33  ... thread 1: (33000,33000) ops and (32800.6,32800.6) ops/second in (1.006080,1.006080) seconds
2026/05/26-10:50:33  ... thread 0: (30000,30000) ops and (29702.2,29702.2) ops/second in (1.010027,1.010027) seconds
2026/05/26-10:50:33  ... thread 3: (31000,31000) ops and (30354.2,30354.2) ops/second in (1.021277,1.021277) seconds
2026/05/26-10:50:33  ... thread 2: (33000,33000) ops and (32146.2,32146.2) ops/second in (1.026561,1.026561) seconds
2026/05/26-10:50:34  ... thread 3: (29000,60000) ops and (28287.4,29318.8) ops/second in (1.025192,2.046469) seconds
2026/05/26-10:50:34  ... thread 1: (31000,64000) ops and (29734.2,31240.1) ops/second in (1.042569,2.048649) seconds
2026/05/26-10:50:34  ... thread 0: (32000,62000) ops and (30720.0,30218.9) ops/second in (1.041667,2.051694) seconds
2026/05/26-10:50:34  ... thread 2: (31000,64000) ops and (29679.8,30902.3) ops/second in (1.044483,2.071044) seconds
2026/05/26-10:50:35  ... thread 3: (29000,89000) ops and (28623.2,29088.5) ops/second in (1.013164,3.059633) seconds
2026/05/26-10:50:35  ... thread 1: (28000,92000) ops and (27702.6,30071.4) ops/second in (1.010734,3.059383) seconds
2026/05/26-10:50:35  ... thread 0: (35000,97000) ops and (33920.1,31457.4) ops/second in (1.031837,3.083531) seconds
2026/05/26-10:50:35  ... thread 2: (29000,93000) ops and (28370.8,30065.7) ops/second in (1.022177,3.093221) seconds
2026/05/26-10:50:36  ... thread 1: (15000,107000) ops and (14789.3,26266.5) ops/second in (1.014247,4.073630) seconds
2026/05/26-10:50:36  ... thread 3: (15000,104000) ops and (14740.0,25507.2) ops/second in (1.017642,4.077275) seconds
2026/05/26-10:50:36  ... thread 0: (16000,113000) ops and (15776.4,27576.4) ops/second in (1.014173,4.097704) seconds
2026/05/26-10:50:37  ... thread 2: (15000,108000) ops and (7856.6,21589.4) ops/second in (1.909225,5.002446) seconds
2026/05/26-10:50:37  ... thread 3: (5000,109000) ops and (4961.6,21435.5) ops/second in (1.007736,5.085011) seconds
2026/05/26-10:50:37  ... thread 1: (5000,112000) ops and (4939.9,22022.1) ops/second in (1.012161,5.085791) seconds
2026/05/26-10:50:37  ... thread 0: (6000,119000) ops and (5880.1,23250.8) ops/second in (1.020395,5.118099) seconds
2026/05/26-10:50:38  ... thread 2: (31000,139000) ops and (28989.4,22892.7) ops/second in (1.069358,6.071804) seconds
2026/05/26-10:50:38  ... thread 3: (30000,139000) ops and (29346.8,22759.8) ops/second in (1.022257,6.107268) seconds
2026/05/26-10:50:38  ... thread 1: (28000,140000) ops and (26869.3,22846.4) ops/second in (1.042082,6.127873) seconds
2026/05/26-10:50:38  ... thread 0: (29000,148000) ops and (28001.4,24050.3) ops/second in (1.035664,6.153763) seconds
2026/05/26-10:50:39  ... thread 1: (29000,169000) ops and (19403.4,22171.3) ops/second in (1.494587,7.622460) seconds
2026/05/26-10:50:39  ... thread 2: (34000,173000) ops and (21814.1,22672.4) ops/second in (1.558628,7.630432) seconds
2026/05/26-10:50:39  ... thread 3: (31000,170000) ops and (20294.1,22266.4) ops/second in (1.527541,7.634809) seconds
2026/05/26-10:50:39  ... thread 0: (27000,175000) ops and (18237.7,22923.1) ops/second in (1.480450,7.634213) seconds
2026/05/26-10:50:41  ... thread 1: (14000,183000) ops and (11886.0,20794.7) ops/second in (1.177855,8.800315) seconds
2026/05/26-10:50:41  ... thread 0: (17000,192000) ops and (14479.2,21797.6) ops/second in (1.174098,8.808311) seconds
2026/05/26-10:50:41  ... thread 2: (16000,189000) ops and (13505.6,21440.4) ops/second in (1.184690,8.815122) seconds
2026/05/26-10:50:41  ... thread 3: (15000,185000) ops and (12651.9,20974.1) ops/second in (1.185592,8.820401) seconds
2026/05/26-10:50:42  ... thread 1: (17000,200000) ops and (13659.3,19910.6) ops/second in (1.244570,10.044885) seconds
2026/05/26-10:50:42  ... thread 2: (15000,204000) ops and (12060.3,20280.6) ops/second in (1.243755,10.058877) seconds
2026/05/26-10:50:42  ... thread 0: (15000,207000) ops and (12036.1,20587.7) ops/second in (1.246248,10.054559) seconds
2026/05/26-10:50:42  ... thread 3: (15000,200000) ops and (11956.8,19851.3) ops/second in (1.254520,10.074921) seconds
2026/05/26-10:50:43  ... thread 1: (18000,218000) ops and (17892.8,19726.9) ops/second in (1.005993,11.050878) seconds
2026/05/26-10:50:43  ... thread 0: (18000,225000) ops and (17997.2,20353.3) ops/second in (1.000157,11.054716) seconds
2026/05/26-10:50:43  ... thread 2: (17000,221000) ops and (16908.3,19974.2) ops/second in (1.005421,11.064298) seconds
2026/05/26-10:50:43  ... thread 3: (17000,217000) ops and (16987.5,19592.5) ops/second in (1.000733,11.075654) seconds
2026/05/26-10:50:44  ... thread 0: (32000,257000) ops and (20662.8,20391.3) ops/second in (1.548676,12.603392) seconds
2026/05/26-10:50:44  ... thread 2: (26000,247000) ops and (16705.4,19571.0) ops/second in (1.556385,12.620683) seconds
2026/05/26-10:50:44  ... thread 1: (27000,245000) ops and (17100.8,19398.6) ops/second in (1.578874,12.629752) seconds
2026/05/26-10:50:44  ... thread 3: (31000,248000) ops and (19904.3,19631.0) ops/second in (1.557456,12.633110) seconds
2026/05/26-10:50:46  ... thread 1: (16000,261000) ops and (13506.1,18893.3) ops/second in (1.184652,13.814404) seconds
2026/05/26-10:50:46  ... thread 2: (15000,262000) ops and (12400.8,18943.9) ops/second in (1.209595,13.830278) seconds
2026/05/26-10:50:46  ... thread 3: (15000,263000) ops and (12516.3,19014.5) ops/second in (1.198434,13.831544) seconds
2026/05/26-10:50:46  ... thread 0: (17000,274000) ops and (13891.6,19816.1) ops/second in (1.223759,13.827151) seconds
2026/05/26-10:50:47  ... thread 1: (19000,280000) ops and (14756.9,18540.7) ops/second in (1.287531,15.101935) seconds
2026/05/26-10:50:47  ... thread 0: (15000,289000) ops and (11606.0,19114.3) ops/second in (1.292431,15.119582) seconds
2026/05/26-10:50:47  ... thread 3: (14000,277000) ops and (10788.5,18308.9) ops/second in (1.297681,15.129225) seconds
2026/05/26-10:50:47  ... thread 2: (14000,276000) ops and (10656.5,18225.0) ops/second in (1.313755,15.144033) seconds
2026/05/26-10:50:48  ... thread 1: (16000,296000) ops and (13093.2,18132.9) ops/second in (1.222010,16.323945) seconds
2026/05/26-10:50:48  ... thread 2: (15000,291000) ops and (12660.8,17821.3) ops/second in (1.184757,16.328790) seconds
2026/05/26-10:50:48  ... thread 3: (15000,292000) ops and (12495.5,17881.6) ops/second in (1.200428,16.329653) seconds
2026/05/26-10:50:48  ... thread 0: (15000,304000) ops and (12311.9,18607.0) ops/second in (1.218330,16.337912) seconds
2026/05/26-10:50:49  ... thread 3: (16000,308000) ops and (13182.4,17556.5) ops/second in (1.213740,17.543393) seconds
2026/05/26-10:50:49  ... thread 0: (15000,319000) ops and (12461.4,18185.3) ops/second in (1.203720,17.541632) seconds
2026/05/26-10:50:49  ... thread 1: (15000,311000) ops and (12052.6,17702.1) ops/second in (1.244545,17.568490) seconds
2026/05/26-10:50:49  ... thread 2: (18000,309000) ops and (14350.1,17573.7) ops/second in (1.254348,17.583138) seconds
2026/05/26-10:50:50  ... thread 0: (19000,338000) ops and (18829.9,18220.4) ops/second in (1.009033,18.550665) seconds
2026/05/26-10:50:50  ... thread 3: (19000,327000) ops and (18616.5,17614.7) ops/second in (1.020600,18.563993) seconds
2026/05/26-10:50:50  ... thread 1: (19000,330000) ops and (18863.2,17765.1) ops/second in (1.007254,18.575744) seconds
2026/05/26-10:50:50  ... thread 2: (17000,326000) ops and (16808.8,17532.1) ops/second in (1.011378,18.594516) seconds
2026/05/26-10:50:52  ... thread 2: (26000,352000) ops and (17649.1,17540.6) ops/second in (1.473164,20.067680) seconds
2026/05/26-10:50:52  ... thread 1: (29000,359000) ops and (19152.7,17869.7) ops/second in (1.514150,20.089894) seconds
2026/05/26-10:50:52  ... thread 0: (27000,365000) ops and (17400.5,18157.1) ops/second in (1.551680,20.102345) seconds
2026/05/26-10:50:52  ... thread 3: (31000,358000) ops and (20093.2,17804.9) ops/second in (1.542812,20.106805) seconds
2026/05/26-10:50:53  ... thread 3: (15000,373000) ops and (13123.6,17553.1) ops/second in (1.142976,21.249781) seconds
2026/05/26-10:50:53  ... thread 0: (15000,380000) ops and (13107.5,17885.1) ops/second in (1.144384,21.246729) seconds
2026/05/26-10:50:53  ... thread 2: (16000,368000) ops and (13508.4,17315.9) ops/second in (1.184446,21.252126) seconds
2026/05/26-10:50:53  ... thread 1: (15000,374000) ops and (12831.7,17592.7) ops/second in (1.168981,21.258875) seconds
2026/05/26-10:50:55  ... thread 3: (32000,405000) ops and (20513.4,17755.6) ops/second in (1.559954,22.809735) seconds
2026/05/26-10:50:55  ... thread 2: (30000,398000) ops and (19223.1,17446.4) ops/second in (1.560619,22.812745) seconds
2026/05/26-10:50:55  ... thread 0: (32000,412000) ops and (20450.4,18061.1) ops/second in (1.564763,22.811492) seconds
2026/05/26-10:50:55  ... thread 1: (30000,404000) ops and (19243.4,17705.4) ops/second in (1.558977,22.817852) seconds
2026/05/26-10:50:56  ... thread 3: (30000,435000) ops and (19182.5,17847.1) ops/second in (1.563928,24.373663) seconds
2026/05/26-10:50:56  ... thread 0: (33000,445000) ops and (21177.9,18260.4) ops/second in (1.558225,24.369717) seconds
2026/05/26-10:50:56  ... thread 1: (31000,435000) ops and (19733.0,17836.0) ops/second in (1.570973,24.388825) seconds
2026/05/26-10:50:56  ... thread 2: (32000,430000) ops and (20159.8,17622.9) ops/second in (1.587314,24.400059) seconds
2026/05/26-10:50:57  ... thread 2: (29000,459000) ops and (26288.1,17997.7) ops/second in (1.103159,25.503218) seconds
2026/05/26-10:50:57  ... thread 0: (31000,476000) ops and (27428.8,18666.7) ops/second in (1.130198,25.499915) seconds
2026/05/26-10:50:57  ... thread 3: (32000,467000) ops and (27688.9,18292.7) ops/second in (1.155696,25.529359) seconds
2026/05/26-10:50:57  ... thread 1: (32000,467000) ops and (28102.4,18294.0) ops/second in (1.138692,25.527517) seconds
2026/05/26-10:50:59  ... thread 2: (33000,492000) ops and (19811.1,18108.9) ops/second in (1.665737,27.168955) seconds
2026/05/26-10:50:59  ... thread 0: (31000,507000) ops and (18511.2,18657.1) ops/second in (1.674666,27.174581) seconds
2026/05/26-10:50:59  ... thread 1: (29000,496000) ops and (17554.8,18249.1) ops/second in (1.651972,27.179489) seconds
2026/05/26-10:50:59  ... thread 3: (31000,498000) ops and (18566.6,18309.5) ops/second in (1.669666,27.199025) seconds
2026/05/26-10:51:00  ... thread 0: (31000,538000) ops and (22783.2,18853.9) ops/second in (1.360651,28.535232) seconds
2026/05/26-10:51:00  ... thread 2: (28000,520000) ops and (20116.8,18206.8) ops/second in (1.391871,28.560826) seconds
2026/05/26-10:51:00  ... thread 3: (30000,528000) ops and (20341.4,18414.0) ops/second in (1.474825,28.673850) seconds
2026/05/26-10:51:01  ... thread 1: (36000,532000) ops and (19824.2,18347.7) ops/second in (1.815958,28.995447) seconds
2026/05/26-10:51:01  ... thread 2: (1000,521000) ops and (884.7,17547.3) ops/second in (1.130324,29.691150) seconds
2026/05/26-10:51:01  ... thread 0: (4000,542000) ops and (3428.8,18248.0) ops/second in (1.166600,29.701832) seconds
2026/05/26-10:51:02  ... thread 1: (1000,533000) ops and (877.4,17686.9) ops/second in (1.139793,30.135240) seconds
2026/05/26-10:51:02  ... thread 3: (2000,530000) ops and (1144.8,17422.3) ops/second in (1.746984,30.420834) seconds
2026/05/26-10:51:03  ... thread 2: (4000,525000) ops and (3653.6,17053.2) ops/second in (1.094806,30.785956) seconds
2026/05/26-10:51:03  ... thread 0: (2000,544000) ops and (1813.5,17659.6) ops/second in (1.102860,30.804692) seconds
2026/05/26-10:51:03  ... thread 1: (1000,534000) ops and (686.0,16902.5) ops/second in (1.457638,31.592878) seconds
2026/05/26-10:51:03  ... thread 3: (2000,532000) ops and (1686.5,16831.8) ops/second in (1.185922,31.606756) seconds
2026/05/26-10:51:04  ... thread 2: (9000,534000) ops and (8735.6,16783.9) ops/second in (1.030265,31.816221) seconds
2026/05/26-10:51:04  ... thread 0: (11000,555000) ops and (10885.6,17444.5) ops/second in (1.010506,31.815198) seconds
2026/05/26-10:51:04  ... thread 1: (32000,566000) ops and (30912.6,17347.0) ops/second in (1.035176,32.628054) seconds
2026/05/26-10:51:04  ... thread 3: (29000,561000) ops and (27990.8,17186.0) ops/second in (1.036054,32.642810) seconds
2026/05/26-10:51:05  ... thread 0: (28000,583000) ops and (27979.8,17765.8) ops/second in (1.000722,32.815920) seconds
2026/05/26-10:51:05  ... thread 2: (28000,562000) ops and (27629.4,17118.7) ops/second in (1.013414,32.829635) seconds
2026/05/26-10:51:05  ... thread 3: (26000,587000) ops and (24294.2,17411.7) ops/second in (1.070214,33.713024) seconds
2026/05/26-10:51:05  ... thread 1: (27000,593000) ops and (24374.3,17577.8) ops/second in (1.107722,33.735776) seconds
2026/05/26-10:51:06  ... thread 0: (24000,607000) ops and (23992.5,17950.0) ops/second in (1.000312,33.816232) seconds
2026/05/26-10:51:06  ... thread 2: (25000,587000) ops and (24837.1,17348.3) ops/second in (1.006557,33.836192) seconds
2026/05/26-10:51:06  ... thread 3: (19000,606000) ops and (18550.4,17445.2) ops/second in (1.024235,34.737259) seconds
2026/05/26-10:51:06  ... thread 1: (17000,610000) ops and (16668.9,17551.1) ops/second in (1.019865,34.755641) seconds
2026/05/26-10:51:07  ... thread 0: (13000,620000) ops and (12740.1,17797.4) ops/second in (1.020402,34.836634) seconds
2026/05/26-10:51:07  ... thread 2: (14000,601000) ops and (13878.5,17247.8) ops/second in (1.008757,34.844949) seconds
2026/05/26-10:51:08  ... thread 2: (27000,628000) ops and (26858.0,17517.3) ops/second in (1.005286,35.850235) seconds
2026/05/26-10:51:08  ... thread 1: (31000,641000) ops and (26641.5,17845.6) ops/second in (1.163596,35.919237) seconds
2026/05/26-10:51:08  ... thread 0: (26000,646000) ops and (22122.2,17938.5) ops/second in (1.175289,36.011923) seconds
2026/05/26-10:51:08  ... thread 3: (32000,638000) ops and (19056.9,17519.6) ops/second in (1.679185,36.416444) seconds
2026/05/26-10:51:09  ... thread 1: (2000,643000) ops and (1669.2,17323.4) ops/second in (1.198166,37.117403) seconds
2026/05/26-10:51:09  ... thread 0: (3000,649000) ops and (2426.6,17423.7) ops/second in (1.236298,37.248221) seconds
2026/05/26-10:51:09  ... thread 2: (2000,630000) ops and (1246.2,16820.1) ops/second in (1.604875,37.455110) seconds
2026/05/26-10:51:10  ... thread 3: (2000,640000) ops and (1222.4,16818.9) ops/second in (1.636084,38.052528) seconds
2026/05/26-10:51:10  ... thread 1: (3000,646000) ops and (2134.2,16769.2) ops/second in (1.405709,38.523112) seconds
2026/05/26-10:51:10  ... thread 0: (3000,652000) ops and (2151.4,16872.6) ops/second in (1.394417,38.642638) seconds
2026/05/26-10:51:11  ... thread 2: (1000,631000) ops and (609.2,16139.5) ops/second in (1.641471,39.096581) seconds
2026/05/26-10:51:11  ... thread 3: (3000,643000) ops and (2658.5,16411.0) ops/second in (1.128465,39.180993) seconds
2026/05/26-10:51:12  ... thread 0: (2000,654000) ops and (1678.6,16418.1) ops/second in (1.191471,39.834109) seconds
2026/05/26-10:51:12  ... thread 2: (3000,634000) ops and (2346.7,15702.8) ops/second in (1.278368,40.374949) seconds
2026/05/26-10:51:12  ... thread 1: (2000,648000) ops and (962.5,15960.2) ops/second in (2.077932,40.601044) seconds
2026/05/26-10:51:12  ... thread 3: (2000,645000) ops and (1375.8,15873.1) ops/second in (1.453736,40.634729) seconds
2026/05/26-10:51:13  ... thread 0: (2000,656000) ops and (1412.6,15903.1) ops/second in (1.415818,41.249927) seconds
2026/05/26-10:51:14  ... thread 1: (2000,650000) ops and (1662.4,15548.7) ops/second in (1.203090,41.804134) seconds
2026/05/26-10:51:14  ... thread 2: (2000,636000) ops and (1183.1,15119.3) ops/second in (1.690475,42.065424) seconds
2026/05/26-10:51:14  ... thread 3: (2000,647000) ops and (1303.4,15343.0) ops/second in (1.534400,42.169129) seconds
2026/05/26-10:51:14  ... thread 0: (3000,659000) ops and (2407.8,15507.4) ops/second in (1.245926,42.495853) seconds
2026/05/26-10:51:15  ... thread 1: (2000,652000) ops and (1811.0,15195.1) ops/second in (1.104390,42.908524) seconds
2026/05/26-10:51:15  ... thread 2: (1000,637000) ops and (954.2,14775.0) ops/second in (1.048014,43.113438) seconds
2026/05/26-10:51:15  ... thread 3: (3000,650000) ops and (2177.2,14926.4) ops/second in (1.377897,43.547026) seconds
2026/05/26-10:51:16  ... thread 0: (1000,660000) ops and (763.3,15066.5) ops/second in (1.310057,43.805910) seconds
2026/05/26-10:51:16  ... thread 1: (2000,654000) ops and (1983.5,14891.8) ops/second in (1.008305,43.916829) seconds
2026/05/26-10:51:16  ... thread 2: (2000,639000) ops and (1892.7,14466.8) ops/second in (1.056682,44.170120) seconds
2026/05/26-10:51:16  ... thread 3: (3000,653000) ops and (2665.5,14617.5) ops/second in (1.125503,44.672529) seconds
2026/05/26-10:51:17  ... thread 1: (1000,655000) ops and (929.8,14558.0) ops/second in (1.075481,44.992310) seconds
2026/05/26-10:51:17  ... thread 0: (1000,661000) ops and (809.8,14675.6) ops/second in (1.234887,45.040797) seconds
2026/05/26-10:51:17  ... thread 2: (2000,641000) ops and (1981.9,14187.9) ops/second in (1.009137,45.179257) seconds
2026/05/26-10:51:18  ... thread 0: (1000,662000) ops and (789.7,14295.9) ops/second in (1.266276,46.307073) seconds
2026/05/26-10:51:18  ... thread 2: (3000,644000) ops and (2418.2,13873.4) ops/second in (1.240589,46.419846) seconds
2026/05/26-10:51:18  ... thread 3: (2000,655000) ops and (1061.3,14068.7) ops/second in (1.884567,46.557096) seconds
2026/05/26-10:51:18  ... thread 1: (2000,657000) ops and (1169.8,14067.9) ops/second in (1.709631,46.701941) seconds
2026/05/26-10:51:19  ... thread 3: (2000,657000) ops and (1846.1,13790.8) ops/second in (1.083351,47.640447) seconds
2026/05/26-10:51:20  ... thread 0: (2000,664000) ops and (1103.7,13799.1) ops/second in (1.812083,48.119156) seconds
2026/05/26-10:51:20  ... thread 2: (2000,646000) ops and (1033.3,13359.4) ops/second in (1.935583,48.355429) seconds
2026/05/26-10:51:21  ... thread 3: (2000,659000) ops and (1486.9,13453.0) ops/second in (1.345085,48.985532) seconds
2026/05/26-10:51:21  ... thread 1: (1000,658000) ops and (407.6,13386.1) ops/second in (2.453599,49.155540) seconds
2026/05/26-10:51:21  ... thread 0: (2000,666000) ops and (1610.9,13492.5) ops/second in (1.241506,49.360662) seconds
2026/05/26-10:51:21  ... thread 2: (1000,647000) ops and (812.3,13047.9) ops/second in (1.231078,49.586507) seconds
2026/05/26-10:51:22  ... thread 0: (1000,667000) ops and (931.5,13225.2) ops/second in (1.073543,50.434205) seconds
2026/05/26-10:51:22  ... thread 1: (1000,659000) ops and (737.0,13046.3) ops/second in (1.356769,50.512309) seconds
2026/05/26-10:51:22  ... thread 3: (2000,661000) ops and (1197.3,13048.8) ops/second in (1.670357,50.655889) seconds
2026/05/26-10:51:23  ... thread 2: (1000,648000) ops and (818.6,12753.9) ops/second in (1.221642,50.808149) seconds
2026/05/26-10:51:23  ... thread 1: (1000,660000) ops and (865.1,12773.8) ops/second in (1.155989,51.668298) seconds
2026/05/26-10:51:24  ... thread 3: (1000,662000) ops and (852.2,12772.7) ops/second in (1.173386,51.829275) seconds
2026/05/26-10:51:24  ... thread 0: (2000,669000) ops and (1414.8,12903.1) ops/second in (1.413658,51.847863) seconds
2026/05/26-10:51:24  ... thread 2: (1000,649000) ops and (906.2,12502.0) ops/second in (1.103536,51.911685) seconds
2026/05/26-10:51:25  ... thread 1: (1000,661000) ops and (747.3,12470.2) ops/second in (1.338219,53.006517) seconds
2026/05/26-10:51:25  ... thread 0: (1000,670000) ops and (848.2,12635.1) ops/second in (1.179026,53.026889) seconds
2026/05/26-10:51:25  ... thread 2: (2000,651000) ops and (1368.3,12197.1) ops/second in (1.461711,53.373396) seconds
2026/05/26-10:51:26  ... thread 3: (2000,664000) ops and (1022.5,12345.4) ops/second in (1.955941,53.785216) seconds
2026/05/26-10:51:26  ... thread 0: (1000,671000) ops and (796.0,12361.1) ops/second in (1.256250,54.283139) seconds
2026/05/26-10:51:26  ... thread 1: (2000,663000) ops and (1127.5,12102.9) ops/second in (1.773914,54.780431) seconds
2026/05/26-10:51:27  ... thread 3: (1000,665000) ops and (944.9,12125.4) ops/second in (1.058329,54.843545) seconds
2026/05/26-10:51:27  ... thread 2: (2000,653000) ops and (1128.2,11841.3) ops/second in (1.772723,55.146119) seconds
2026/05/26-10:51:27  ... thread 0: (7000,678000) ops and (6893.6,12260.7) ops/second in (1.015437,55.298576) seconds
2026/05/26-10:51:28  ... thread 1: (22000,685000) ops and (19591.1,12253.3) ops/second in (1.122960,55.903391) seconds
2026/05/26-10:51:28  ... thread 3: (21000,686000) ops and (19517.7,12267.6) ops/second in (1.075945,55.919490) seconds
2026/05/26-10:51:28  ... thread 2: (32000,685000) ops and (30824.9,12192.0) ops/second in (1.038123,56.184242) seconds
2026/05/26-10:51:28  ... thread 0: (32000,710000) ops and (26480.5,12564.8) ops/second in (1.208438,56.507014) seconds
2026/05/26-10:51:29  ... thread 1: (33000,718000) ops and (32909.0,12617.3) ops/second in (1.002764,56.906155) seconds
2026/05/26-10:51:29  ... thread 3: (29000,715000) ops and (24625.5,12522.5) ops/second in (1.177642,57.097132) seconds
2026/05/26-10:51:29  ... thread 2: (23000,708000) ops and (22459.7,12375.8) ops/second in (1.024057,57.208299) seconds
2026/05/26-10:51:30  ... thread 1: (16000,734000) ops and (15668.8,12671.1) ops/second in (1.021138,57.927293) seconds
2026/05/26-10:51:30  ... thread 0: (32000,742000) ops and (22503.6,12808.8) ops/second in (1.421992,57.929006) seconds
2026/05/26-10:51:30  ... thread 3: (20000,735000) ops and (19937.4,12650.5) ops/second in (1.003141,58.100273) seconds
2026/05/26-10:51:30  ... thread 2: (23000,731000) ops and (22546.9,12554.0) ops/second in (1.020096,58.228395) seconds
2026/05/26-10:51:31  ... thread 2: (23000,754000) ops and (16293.9,12642.5) ops/second in (1.411569,59.639964) seconds
2026/05/26-10:51:31  ... thread 3: (27000,762000) ops and (17523.0,12776.4) ops/second in (1.540833,59.641106) seconds
2026/05/26-10:51:31  ... thread 0: (27000,769000) ops and (15637.4,12890.7) ops/second in (1.726626,59.655632) seconds
2026/05/26-10:51:31  ... thread 1: (33000,767000) ops and (19012.4,12855.5) ops/second in (1.735710,59.663003) seconds
2026/05/26-10:51:32  ... thread 3: (30000,792000) ops and (29819.4,13059.1) ops/second in (1.006058,60.647164) seconds
2026/05/26-10:51:32  ... thread 2: (31000,785000) ops and (30533.8,12942.0) ops/second in (1.015269,60.655233) seconds
2026/05/26-10:51:32  ... thread 0: (25000,794000) ops and (24773.2,13088.3) ops/second in (1.009155,60.664787) seconds
2026/05/26-10:51:32  ... thread 1: (32000,799000) ops and (31283.0,13166.2) ops/second in (1.022921,60.685924) seconds
2026/05/26-10:51:33  ... thread 3: (28000,820000) ops and (27894.2,13300.7) ops/second in (1.003792,61.650956) seconds
2026/05/26-10:51:33  ... thread 2: (30000,815000) ops and (29816.0,13217.3) ops/second in (1.006172,61.661405) seconds
2026/05/26-10:51:34  ... thread 0: (30000,824000) ops and (23954.9,13308.1) ops/second in (1.252354,61.917141) seconds
2026/05/26-10:51:34  ... thread 1: (27000,826000) ops and (21530.8,13335.5) ops/second in (1.254015,61.939939) seconds
2026/05/26-10:51:34  ... thread 2: (25000,840000) ops and (24857.5,13404.2) ops/second in (1.005731,62.667136) seconds
2026/05/26-10:51:34  ... thread 3: (25000,845000) ops and (24498.4,13483.0) ops/second in (1.020475,62.671431) seconds
2026/05/26-10:51:35  ... thread 0: (31000,855000) ops and (30593.1,13586.4) ops/second in (1.013302,62.930443) seconds
2026/05/26-10:51:35  ... thread 1: (32000,858000) ops and (26369.2,13586.0) ops/second in (1.213537,63.153476) seconds
2026/05/26-10:51:35  ... thread 3: (13000,858000) ops and (12541.2,13467.7) ops/second in (1.036586,63.708017) seconds
2026/05/26-10:51:36  ... thread 0: (2000,857000) ops and (1741.6,13374.2) ops/second in (1.148394,64.078837) seconds
2026/05/26-10:51:36  ... thread 1: (1000,859000) ops and (819.1,13343.8) ops/second in (1.220845,64.374321) seconds
2026/05/26-10:51:37  ... thread 2: (14000,854000) ops and (5656.5,13109.8) ops/second in (2.475012,65.142148) seconds
2026/05/26-10:51:37  ... thread 0: (1000,858000) ops and (847.3,13147.6) ops/second in (1.180222,65.259059) seconds
2026/05/26-10:51:37  ... thread 3: (2000,860000) ops and (1128.1,13133.6) ops/second in (1.772948,65.480965) seconds
2026/05/26-10:51:37  ... thread 1: (2000,861000) ops and (1706.2,13135.7) ops/second in (1.172191,65.546512) seconds
2026/05/26-10:51:38  ... thread 2: (2000,856000) ops and (1708.7,12908.5) ops/second in (1.170494,66.312642) seconds
2026/05/26-10:51:38  ... thread 0: (2000,860000) ops and (1363.2,12888.5) ops/second in (1.467117,66.726176) seconds
2026/05/26-10:51:38  ... thread 1: (1000,862000) ops and (832.3,12914.2) ops/second in (1.201537,66.748049) seconds
2026/05/26-10:51:39  ... thread 3: (2000,862000) ops and (1350.2,12872.9) ops/second in (1.481307,66.962272) seconds
2026/05/26-10:51:39  ... thread 2: (1000,857000) ops and (871.1,12703.7) ops/second in (1.147999,67.460641) seconds
2026/05/26-10:51:40  ... thread 1: (1000,863000) ops and (963.3,12731.2) ops/second in (1.038062,67.786111) seconds
2026/05/26-10:51:40  ... thread 0: (1000,861000) ops and (734.3,12645.4) ops/second in (1.361844,68.088020) seconds
2026/05/26-10:51:40  ... thread 2: (1000,858000) ops and (845.1,12499.3) ops/second in (1.183252,68.643893) seconds
2026/05/26-10:51:41  ... thread 3: (3000,865000) ops and (1374.7,12510.0) ops/second in (2.182318,69.144590) seconds
2026/05/26-10:51:41  ... thread 0: (1000,862000) ops and (818.5,12436.9) ops/second in (1.221808,69.309828) seconds
2026/05/26-10:51:41  ... thread 1: (2000,865000) ops and (1029.3,12405.1) ops/second in (1.943008,69.729119) seconds
2026/05/26-10:51:42  ... thread 0: (2000,864000) ops and (1936.2,12282.7) ops/second in (1.032942,70.342770) seconds
2026/05/26-10:51:42  ... thread 3: (1000,866000) ops and (744.4,12285.8) ops/second in (1.343431,70.488021) seconds
2026/05/26-10:51:43  ... thread 2: (3000,861000) ops and (1190.5,12098.8) ops/second in (2.519969,71.163862) seconds
2026/05/26-10:51:44  ... thread 3: (2000,868000) ops and (1413.3,12071.8) ops/second in (1.415111,71.903132) seconds
2026/05/26-10:51:44  ... thread 1: (2000,867000) ops and (806.3,12006.7) ops/second in (2.480421,72.209540) seconds
2026/05/26-10:51:44  ... thread 0: (3000,867000) ops and (1565.2,11998.4) ops/second in (1.916739,72.259509) seconds
2026/05/26-10:51:44  ... thread 2: (1000,862000) ops and (890.4,11924.7) ops/second in (1.123108,72.286970) seconds
2026/05/26-10:51:45  ... thread 3: (2000,870000) ops and (1440.3,11870.4) ops/second in (1.388626,73.291758) seconds
2026/05/26-10:51:45  ... thread 2: (1000,863000) ops and (865.1,11750.6) ops/second in (1.155887,73.442857) seconds
2026/05/26-10:51:46  ... thread 0: (2000,869000) ops and (1285.9,11772.7) ops/second in (1.555374,73.814883) seconds
2026/05/26-10:51:46  ... thread 1: (2000,869000) ops and (1160.0,11753.8) ops/second in (1.724199,73.933739) seconds
2026/05/26-10:51:47  ... thread 1: (1000,870000) ops and (988.7,11608.5) ops/second in (1.011441,74.945180) seconds
2026/05/26-10:51:47  ... thread 2: (2000,865000) ops and (1271.4,11530.9) ops/second in (1.573091,75.015948) seconds
2026/05/26-10:51:47  ... thread 3: (2000,872000) ops and (963.3,11569.9) ops/second in (2.076145,75.367903) seconds
2026/05/26-10:51:48  ... thread 0: (2000,871000) ops and (988.0,11484.8) ops/second in (2.024276,75.839159) seconds
2026/05/26-10:51:48  ... thread 1: (2000,872000) ops and (1540.9,11437.1) ops/second in (1.297917,76.243097) seconds
2026/05/26-10:51:48  ... thread 2: (2000,867000) ops and (1535.1,11360.2) ops/second in (1.302825,76.318773) seconds
2026/05/26-10:51:48  ... thread 3: (1000,873000) ops and (791.0,11392.1) ops/second in (1.264293,76.632196) seconds
2026/05/26-10:51:49  ... thread 0: (9000,880000) ops and (8797.3,11449.1) ops/second in (1.023045,76.862204) seconds
2026/05/26-10:51:49  ... thread 1: (15000,887000) ops and (14642.6,11479.6) ops/second in (1.024406,77.267503) seconds
2026/05/26-10:51:49  ... thread 2: (21000,888000) ops and (20152.2,11478.7) ops/second in (1.042070,77.360843) seconds
2026/05/26-10:51:49  ... thread 3: (31000,904000) ops and (30823.2,11643.8) ops/second in (1.005735,77.637931) seconds
2026/05/26-10:51:50  ... thread 0: (27000,907000) ops and (26572.7,11646.4) ops/second in (1.016079,77.878283) seconds
2026/05/26-10:51:50  ... thread 1: (27000,914000) ops and (23540.9,11656.0) ops/second in (1.146938,78.414441) seconds
2026/05/26-10:51:50  ... thread 2: (27000,915000) ops and (25261.6,11666.5) ops/second in (1.068818,78.429661) seconds
2026/05/26-10:51:50  ... thread 3: (25000,929000) ops and (24913.5,11813.1) ops/second in (1.003472,78.641403) seconds
2026/05/26-10:51:51  ... thread 1: (15000,929000) ops and (14686.3,11695.0) ops/second in (1.021363,79.435804) seconds
2026/05/26-10:51:51  ... thread 0: (30000,937000) ops and (19244.7,11795.5) ops/second in (1.558867,79.437150) seconds
2026/05/26-10:51:51  ... thread 2: (17000,932000) ops and (16600.6,11730.1) ops/second in (1.024061,79.453722) seconds
2026/05/26-10:51:51  ... thread 3: (15000,944000) ops and (14958.3,11852.7) ops/second in (1.002791,79.644194) seconds
2026/05/26-10:51:52  ... thread 0: (29000,966000) ops and (26424.1,11994.8) ops/second in (1.097485,80.534635) seconds
2026/05/26-10:51:52  ... thread 2: (32000,964000) ops and (29179.6,11967.7) ops/second in (1.096656,80.550378) seconds
2026/05/26-10:51:52  ... thread 1: (31000,960000) ops and (27832.5,11918.1) ops/second in (1.113806,80.549610) seconds
2026/05/26-10:51:52  ... thread 3: (32000,976000) ops and (31526.5,12100.3) ops/second in (1.015020,80.659214) seconds
2026/05/26-10:51:53  ... thread 0: (16000,982000) ops and (14534.2,12029.1) ops/second in (1.100850,81.635485) seconds
2026/05/26-10:51:53  ... thread 2: (15000,979000) ops and (13498.3,11988.5) ops/second in (1.111249,81.661627) seconds
2026/05/26-10:51:53  ... thread 3: (13000,989000) ops and (12346.8,12103.5) ops/second in (1.052902,81.712116) seconds
2026/05/26-10:51:54  ... thread 1: (15000,975000) ops and (7851.2,11823.9) ops/second in (1.910537,82.460147) seconds
2026/05/26-10:51:55  ... thread 3: (2000,991000) ops and (1656.1,11951.3) ops/second in (1.207643,82.919759) seconds
2026/05/26-10:51:55  ... thread 0: (1000,983000) ops and (778.3,11854.7) ops/second in (1.284897,82.920382) seconds
2026/05/26-10:51:55  ... thread 2: (2000,981000) ops and (1310.1,11792.5) ops/second in (1.526552,83.188179) seconds
2026/05/26-10:51:55  ... thread 1: (2000,977000) ops and (1882.3,11697.4) ops/second in (1.062548,83.522695) seconds
2026/05/26-10:51:56  ... thread 0: (2000,985000) ops and (1642.9,11707.0) ops/second in (1.217348,84.137730) seconds
2026/05/26-10:51:56  ... thread 3: (1000,992000) ops and (793.4,11784.2) ops/second in (1.260399,84.180158) seconds
2026/05/26-10:51:56  ... thread 2: (1000,982000) ops and (642.3,11587.7) ops/second in (1.557014,84.745193) seconds
2026/05/26-10:51:57  ... thread 1: (2000,979000) ops and (1320.3,11512.6) ops/second in (1.514817,85.037512) seconds
2026/05/26-10:51:57  ... thread 0: (2000,987000) ops and (1643.0,11563.5) ops/second in (1.217271,85.355001) seconds
2026/05/26-10:51:57  ... thread 3: (2000,994000) ops and (1349.6,11603.7) ops/second in (1.481937,85.662095) seconds
2026/05/26-10:51:58  ... thread 1: (2000,981000) ops and (1553.5,11364.0) ops/second in (1.287424,86.324936) seconds
2026/05/26-10:51:58  ... thread 0: (1000,988000) ops and (910.7,11428.2) ops/second in (1.098070,86.453071) seconds
2026/05/26-10:51:58  ... thread 2: (2000,984000) ops and (990.8,11341.1) ops/second in (2.018659,86.763852) seconds
2026/05/26-10:51:59  ... thread 3: (2000,996000) ops and (1746.4,11473.7) ops/second in (1.145201,86.807296) seconds
2026/05/26-10:51:59  ... thread 1: (2000,983000) ops and (1392.3,11200.8) ops/second in (1.436512,87.761448) seconds
2026/05/26-10:52:00  ... thread 2: (1000,985000) ops and (944.0,11215.7) ops/second in (1.059359,87.823211) seconds
2026/05/26-10:52:00  ... thread 3: (1000,997000) ops and (954.3,11348.2) ops/second in (1.047838,87.855134) seconds
2026/05/26-10:52:00  ... thread 0: (3000,991000) ops and (1909.3,11258.2) ops/second in (1.571286,88.024357) seconds
2026/05/26-10:52:01  ... thread 2: (2000,987000) ops and (1904.4,11105.7) ops/second in (1.050177,88.873388) seconds
2026/05/26-10:52:01  ... thread 1: (1000,984000) ops and (735.7,11041.2) ops/second in (1.359178,89.120626) seconds
2026/05/26-10:52:01  ... thread 3: (2000,999000) ops and (1451.3,11195.4) ops/second in (1.378054,89.233188) seconds
2026/05/26-10:52:01  ... thread 0: (2000,993000) ops and (1254.8,11080.3) ops/second in (1.593837,89.618194) seconds
2026/05/26-10:52:02  ... thread 2: (2000,989000) ops and (1925.5,10999.6) ops/second in (1.038674,89.912062) seconds
2026/05/26-10:52:02  ... thread 1: (1000,985000) ops and (850.3,10908.5) ops/second in (1.175989,90.296615) seconds
2026/05/26-10:52:03  ... thread 3: (2000,1001000) ops and (1241.6,11018.9) ops/second in (1.610868,90.844056) seconds
2026/05/26-10:52:03  ... thread 2: (2000,991000) ops and (1626.0,10873.1) ops/second in (1.230029,91.142091) seconds
2026/05/26-10:52:04  ... thread 0: (1000,994000) ops and (453.3,10825.0) ops/second in (2.205989,91.824183) seconds
2026/05/26-10:52:04  ... thread 1: (2000,987000) ops and (1136.1,10721.6) ops/second in (1.760335,92.056950) seconds
2026/05/26-10:52:04  ... thread 3: (3000,1004000) ops and (2419.8,10903.1) ops/second in (1.239755,92.083811) seconds
2026/05/26-10:52:04  ... thread 2: (1000,992000) ops and (988.2,10764.6) ops/second in (1.011986,92.154077) seconds
2026/05/26-10:52:05  ... thread 1: (1000,988000) ops and (984.1,10615.3) ops/second in (1.016135,93.073085) seconds
2026/05/26-10:52:05  ... thread 2: (1000,993000) ops and (778.8,10627.4) ops/second in (1.283947,93.438024) seconds
2026/05/26-10:52:06  ... thread 3: (3000,1007000) ops and (1714.4,10731.7) ops/second in (1.749911,93.833722) seconds
2026/05/26-10:52:06  ... thread 0: (2000,996000) ops and (810.0,10562.8) ops/second in (2.469274,94.293457) seconds
2026/05/26-10:52:06  ... thread 1: (2000,990000) ops and (1276.4,10460.7) ops/second in (1.566930,94.640015) seconds
2026/05/26-10:52:07  ... thread 0: (1000,997000) ops and (997.5,10462.1) ops/second in (1.002545,95.296002) seconds
2026/05/26-10:52:07  ... thread 2: (2000,995000) ops and (899.4,10401.2) ops/second in (2.223750,95.661774) seconds
2026/05/26-10:52:08  ... thread 3: (2000,1009000) ops and (889.1,10501.3) ops/second in (2.249430,96.083152) seconds
2026/05/26-10:52:08  ... thread 0: (1000,998000) ops and (861.5,10346.6) ops/second in (1.160757,96.456759) seconds
2026/05/26-10:52:08  ... thread 1: (2000,992000) ops and (984.9,10261.6) ops/second in (2.030651,96.670666) seconds
2026/05/26-10:52:08  ... thread 2: (1000,996000) ops and (905.0,10292.8) ops/second in (1.104926,96.766700) seconds
2026/05/26-10:52:10  ... thread 3: (1000,1010000) ops and (535.2,10311.2) ops/second in (1.868329,97.951481) seconds
2026/05/26-10:52:10  ... thread 1: (2000,994000) ops and (1328.8,10124.7) ops/second in (1.505096,98.175762) seconds
2026/05/26-10:52:10  ... thread 2: (1000,997000) ops and (606.9,10130.6) ops/second in (1.647585,98.414285) seconds
2026/05/26-10:52:10  ... thread 0: (1000,999000) ops and (471.1,10133.9) ops/second in (2.122774,98.579533) seconds
2026/05/26-10:52:11  ... thread 2: (1000,998000) ops and (746.5,10004.6) ops/second in (1.339674,99.753959) seconds
2026/05/26-10:52:12  ... thread 3: (1000,1011000) ops and (543.7,10131.2) ops/second in (1.839257,99.790738) seconds
2026/05/26-10:52:12  ... thread 1: (2000,996000) ops and (1190.8,9974.4) ops/second in (1.679544,99.855306) seconds
2026/05/26-10:52:12  ... thread 0: (2000,1001000) ops and (921.2,9935.4) ops/second in (2.171130,100.750663) seconds
2026/05/26-10:52:13  ... thread 1: (1000,997000) ops and (908.3,9875.6) ops/second in (1.100965,100.956271) seconds
2026/05/26-10:52:13  ... thread 2: (1000,999000) ops and (827.6,9894.8) ops/second in (1.208269,100.962228) seconds
2026/05/26-10:52:14  ... thread 2: (1000,1000000) ops and (867.3,9792.9) ops/second in (1.153061,102.115289) seconds
2026/05/26-10:52:14  ... thread 3: (2000,1013000) ops and (798.1,9902.6) ops/second in (2.506079,102.296817) seconds
2026/05/26-10:52:14  ... thread 1: (2000,999000) ops and (1493.8,9765.9) ops/second in (1.338832,102.295103) seconds
2026/05/26-10:52:14  ... thread 0: (2000,1003000) ops and (1290.5,9804.5) ops/second in (1.549821,102.300484) seconds
2026/05/26-10:52:15  ... thread 2: (25000,1025000) ops and (22207.9,9928.2) ops/second in (1.125726,103.241015) seconds
2026/05/26-10:52:15  ... thread 1: (23000,1022000) ops and (22584.6,9892.2) ops/second in (1.018392,103.313495) seconds
2026/05/26-10:52:15  ... thread 0: (29000,1032000) ops and (28628.0,9989.0) ops/second in (1.012993,103.313477) seconds
2026/05/26-10:52:15  ... thread 3: (26000,1039000) ops and (24790.7,10053.6) ops/second in (1.048779,103.345596) seconds
2026/05/26-10:52:17  ... thread 3: (29000,1068000) ops and (19150.5,10185.0) ops/second in (1.514324,104.859920) seconds
2026/05/26-10:52:17  ... thread 1: (28000,1050000) ops and (17859.3,10011.3) ops/second in (1.567814,104.881309) seconds
2026/05/26-10:52:17  ... thread 0: (28000,1060000) ops and (17752.5,10105.8) ops/second in (1.577241,104.890718) seconds
2026/05/26-10:52:17  ... thread 2: (31000,1056000) ops and (18666.2,10066.6) ops/second in (1.660755,104.901770) seconds
2026/05/26-10:52:18  ... thread 0: (30000,1090000) ops and (25706.1,10277.4) ops/second in (1.167036,106.057754) seconds
2026/05/26-10:52:18  ... thread 2: (31000,1087000) ops and (26535.9,10247.9) ops/second in (1.168230,106.070000) seconds
2026/05/26-10:52:18  ... thread 1: (33000,1083000) ops and (27545.9,10209.3) ops/second in (1.198000,106.079309) seconds
2026/05/26-10:52:18  ... thread 3: (30000,1098000) ops and (24433.9,10349.9) ops/second in (1.227803,106.087723) seconds
2026/05/26-10:52:19  ... thread 3: (26000,1124000) ops and (23829.8,10487.1) ops/second in (1.091071,107.178794) seconds
2026/05/26-10:52:19  ... thread 0: (32000,1122000) ops and (28530.4,10468.4) ops/second in (1.121611,107.179365) seconds
2026/05/26-10:52:19  ... thread 2: (34000,1121000) ops and (30069.0,10457.0) ops/second in (1.130733,107.200733) seconds
2026/05/26-10:52:19  ... thread 1: (33000,1116000) ops and (29418.4,10410.3) ops/second in (1.121747,107.201056) seconds
2026/05/26-10:52:20  ... thread 2: (27000,1148000) ops and (26713.5,10608.9) ops/second in (1.010726,108.211459) seconds
2026/05/26-10:52:20  ... thread 1: (32000,1148000) ops and (31561.1,10608.5) ops/second in (1.013907,108.214963) seconds
2026/05/26-10:52:20  ... thread 0: (31000,1153000) ops and (29782.5,10654.2) ops/second in (1.040880,108.220245) seconds
2026/05/26-10:52:20  ... thread 3: (34000,1158000) ops and (32227.1,10699.1) ops/second in (1.055012,108.233806) seconds
2026/05/26-10:52:21  ... thread 3: (15000,1173000) ops and (13787.6,10729.8) ops/second in (1.087931,109.321737) seconds
2026/05/26-10:52:21  ... thread 0: (16000,1169000) ops and (14424.5,10692.5) ops/second in (1.109221,109.329466) seconds
2026/05/26-10:52:21  ... thread 2: (17000,1165000) ops and (15120.9,10655.3) ops/second in (1.124271,109.335730) seconds
2026/05/26-10:52:21  ... thread 1: (15000,1163000) ops and (13399.6,10637.1) ops/second in (1.119439,109.334402) seconds
2026/05/26-10:52:22  ... thread 1: (14000,1177000) ops and (12231.3,10653.6) ops/second in (1.144600,110.479002) seconds
2026/05/26-10:52:22  ... thread 2: (16000,1181000) ops and (12629.7,10677.9) ops/second in (1.266851,110.602581) seconds
2026/05/26-10:52:22  ... thread 3: (16000,1189000) ops and (11230.3,10736.2) ops/second in (1.424722,110.746459) seconds
2026/05/26-10:52:23  ... thread 0: (17000,1186000) ops and (9879.2,10679.8) ops/second in (1.720791,111.050257) seconds
2026/05/26-10:52:23  ... thread 1: (1000,1178000) ops and (801.4,10543.6) ops/second in (1.247763,111.726765) seconds
2026/05/26-10:52:24  ... thread 3: (2000,1191000) ops and (1206.8,10595.7) ops/second in (1.657239,112.403698) seconds
2026/05/26-10:52:24  ... thread 2: (2000,1183000) ops and (1011.9,10508.2) ops/second in (1.976509,112.579090) seconds
2026/05/26-10:52:24  ... thread 0: (1000,1187000) ops and (630.1,10538.3) ops/second in (1.587028,112.637285) seconds
2026/05/26-10:52:25  ... thread 1: (1000,1179000) ops and (761.5,10429.9) ops/second in (1.313192,113.039957) seconds
2026/05/26-10:52:25  ... thread 0: (1000,1188000) ops and (970.7,10451.5) ops/second in (1.030139,113.667424) seconds
2026/05/26-10:52:25  ... thread 3: (1000,1192000) ops and (728.4,10476.7) ops/second in (1.372865,113.776563) seconds
2026/05/26-10:52:26  ... thread 2: (1000,1184000) ops and (803.8,10402.1) ops/second in (1.244061,113.823151) seconds
2026/05/26-10:52:26  ... thread 0: (1000,1189000) ops and (940.7,10363.4) ops/second in (1.063018,114.730442) seconds
2026/05/26-10:52:27  ... thread 2: (2000,1186000) ops and (1331.7,10284.0) ops/second in (1.501837,115.324988) seconds
2026/05/26-10:52:27  ... thread 1: (2000,1181000) ops and (765.0,10211.5) ops/second in (2.614385,115.654342) seconds
2026/05/26-10:52:28  ... thread 3: (2000,1194000) ops and (900.6,10293.3) ops/second in (2.220854,115.997417) seconds
2026/05/26-10:52:28  ... thread 0: (2000,1191000) ops and (1227.1,10235.5) ops/second in (1.629806,116.360248) seconds
2026/05/26-10:52:29  ... thread 2: (2000,1188000) ops and (921.0,10110.9) ops/second in (2.171602,117.496590) seconds
2026/05/26-10:52:29  ... thread 3: (1000,1195000) ops and (661.6,10169.5) ops/second in (1.511376,117.508793) seconds
2026/05/26-10:52:29  ... thread 0: (1000,1192000) ops and (774.6,10131.6) ops/second in (1.290975,117.651223) seconds
2026/05/26-10:52:29  ... thread 1: (2000,1183000) ops and (998.1,10054.6) ops/second in (2.003817,117.658159) seconds
2026/05/26-10:52:30  ... thread 2: (1000,1189000) ops and (871.1,10021.5) ops/second in (1.147911,118.644501) seconds
2026/05/26-10:52:31  ... thread 0: (2000,1194000) ops and (1315.7,10019.2) ops/second in (1.520087,119.171310) seconds
2026/05/26-10:52:31  ... thread 1: (1000,1184000) ops and (640.8,9931.3) ops/second in (1.560510,119.218669) seconds
2026/05/26-10:52:32  ... thread 3: (2000,1197000) ops and (813.9,9977.8) ops/second in (2.457234,119.966027) seconds
2026/05/26-10:52:32  ... thread 2: (1000,1190000) ops and (713.3,9912.8) ops/second in (1.401846,120.046347) seconds
2026/05/26-10:52:32  ... thread 1: (2000,1186000) ops and (1321.1,9823.4) ops/second in (1.513898,120.732567) seconds
2026/05/26-10:52:33  ... thread 0: (2000,1196000) ops and (1091.8,9884.0) ops/second in (1.831880,121.003190) seconds
2026/05/26-10:52:33  ... thread 3: (1000,1198000) ops and (847.4,9888.9) ops/second in (1.180124,121.146151) seconds
2026/05/26-10:52:33  ... thread 2: (1000,1191000) ops and (646.0,9794.9) ops/second in (1.547922,121.594269) seconds
2026/05/26-10:52:34  ... thread 3: (1000,1199000) ops and (900.7,9807.3) ops/second in (1.110301,122.256452) seconds
2026/05/26-10:52:34  ... thread 0: (1000,1197000) ops and (586.2,9754.8) ops/second in (1.706047,122.709237) seconds
2026/05/26-10:52:35  ... thread 1: (2000,1188000) ops and (820.0,9645.1) ops/second in (2.439069,123.171636) seconds
2026/05/26-10:52:35  ... thread 2: (1000,1192000) ops and (604.4,9671.5) ops/second in (1.654423,123.248692) seconds
2026/05/26-10:52:35  ... thread 3: (3000,1202000) ops and (2932.9,9750.2) ops/second in (1.022870,123.279322) seconds
2026/05/26-10:52:35  ... thread 0: (16000,1213000) ops and (15660.8,9803.5) ops/second in (1.021661,123.730898) seconds
2026/05/26-10:52:36  ... thread 1: (25000,1213000) ops and (24417.3,9766.9) ops/second in (1.023864,124.195500) seconds
2026/05/26-10:52:36  ... thread 2: (31000,1223000) ops and (30267.2,9841.2) ops/second in (1.024210,124.272902) seconds
2026/05/26-10:52:36  ... thread 3: (29000,1231000) ops and (28436.1,9903.5) ops/second in (1.019830,124.299152) seconds
2026/05/26-10:52:36  ... thread 0: (29000,1242000) ops and (28269.5,9955.4) ops/second in (1.025839,124.756737) seconds
2026/05/26-10:52:37  ... thread 1: (36000,1249000) ops and (35834.3,9976.0) ops/second in (1.004625,125.200125) seconds
Initializing RocksDB Options from the specified file
Initializing RocksDB Options from command-line flags
Integrated BlobDB: blob cache disabled
Keys:       16 bytes each (+ 0 bytes user-defined timestamp)
Values:     1024 bytes each (512 bytes after compression)
Entries:    1250000
Prefix:    0 bytes
Keys per prefix:    0
RawSize:    1239.8 MB (estimated)
FileSize:   629.4 MB (estimated)
Write rate: 0 bytes/second
Read rate: 0 ops/second
Compression: Snappy
Compression sampling rate: 0
Memtablerep: SkipListFactory
Perf Level: 1
WARNING: Assertions are enabled; benchmarks unnecessarily slow
------------------------------------------------
Initializing RocksDB Options from the specified file
Initializing RocksDB Options from command-line flags
Integrated BlobDB: blob cache disabled
DB path: [/tmp/rocksdb_comp_exp_db]
fillrandom   :     100.140 micros/op 39928 ops/sec 125.224 seconds 5000000 operations;   39.6 MB/s
2026/05/26-10:52:40  ... thread 2: (1000,1000) ops and (287.6,287.6) ops/second in (3.476861,3.476861) seconds
2026/05/26-10:52:40  ... thread 3: (1000,1000) ops and (284.7,284.7) ops/second in (3.512544,3.512544) seconds
2026/05/26-10:52:41  ... thread 0: (1000,1000) ops and (280.3,280.3) ops/second in (3.567709,3.567709) seconds
2026/05/26-10:52:41  ... thread 1: (1000,1000) ops and (273.1,273.1) ops/second in (3.662038,3.662038) seconds
2026/05/26-10:52:43  ... thread 2: (1000,2000) ops and (405.3,336.5) ops/second in (2.467048,5.943909) seconds
2026/05/26-10:52:43  ... thread 3: (1000,2000) ops and (388.1,328.5) ops/second in (2.576615,6.089159) seconds
2026/05/26-10:52:43  ... thread 0: (1000,2000) ops and (395.1,327.9) ops/second in (2.531167,6.098876) seconds
2026/05/26-10:52:43  ... thread 1: (1000,2000) ops and (408.3,327.3) ops/second in (2.449163,6.111201) seconds
2026/05/26-10:52:45  ... thread 3: (1000,3000) ops and (499.4,370.8) ops/second in (2.002291,8.091450) seconds
2026/05/26-10:52:45  ... thread 2: (1000,3000) ops and (465.4,370.7) ops/second in (2.148905,8.092814) seconds
2026/05/26-10:52:45  ... thread 0: (1000,3000) ops and (463.2,363.3) ops/second in (2.159043,8.257919) seconds
2026/05/26-10:52:45  ... thread 1: (1000,3000) ops and (463.0,362.7) ops/second in (2.159948,8.271149) seconds
2026/05/26-10:52:47  ... thread 0: (1000,4000) ops and (465.5,384.4) ops/second in (2.148428,10.406347) seconds
2026/05/26-10:52:47  ... thread 3: (1000,4000) ops and (429.5,383.9) ops/second in (2.328120,10.419570) seconds
2026/05/26-10:52:47  ... thread 2: (1000,4000) ops and (423.5,382.6) ops/second in (2.361357,10.454171) seconds
2026/05/26-10:52:47  ... thread 1: (1000,4000) ops and (448.2,380.9) ops/second in (2.230989,10.502138) seconds
2026/05/26-10:52:50  ... thread 3: (1000,5000) ops and (446.4,395.0) ops/second in (2.239948,12.659518) seconds
2026/05/26-10:52:50  ... thread 2: (1000,5000) ops and (437.0,392.4) ops/second in (2.288549,12.742720) seconds
2026/05/26-10:52:50  ... thread 0: (1000,5000) ops and (426.1,392.1) ops/second in (2.347044,12.753391) seconds
2026/05/26-10:52:51  ... thread 1: (1000,5000) ops and (275.5,353.8) ops/second in (3.630118,14.132256) seconds
2026/05/26-10:52:52  ... thread 3: (1000,6000) ops and (359.4,388.5) ops/second in (2.782550,15.442068) seconds
2026/05/26-10:52:53  ... thread 0: (1000,6000) ops and (295.8,371.9) ops/second in (3.380914,16.134305) seconds
2026/05/26-10:52:53  ... thread 2: (1000,6000) ops and (294.3,371.7) ops/second in (3.397508,16.140228) seconds
2026/05/26-10:52:53  ... thread 1: (1000,6000) ops and (465.3,368.5) ops/second in (2.149274,16.281530) seconds
2026/05/26-10:52:55  ... thread 3: (1000,7000) ops and (457.9,397.1) ops/second in (2.184017,17.626085) seconds
2026/05/26-10:52:55  ... thread 0: (1000,7000) ops and (645.6,395.9) ops/second in (1.548889,17.683194) seconds
2026/05/26-10:52:55  ... thread 2: (1000,7000) ops and (621.0,394.4) ops/second in (1.610194,17.750422) seconds
2026/05/26-10:52:55  ... thread 1: (1000,7000) ops and (657.0,393.2) ops/second in (1.522132,17.803662) seconds
2026/05/26-10:52:57  ... thread 3: (1000,8000) ops and (500.4,407.7) ops/second in (1.998314,19.624399) seconds
2026/05/26-10:52:57  ... thread 0: (1000,8000) ops and (493.9,405.9) ops/second in (2.024821,19.708015) seconds
2026/05/26-10:52:57  ... thread 2: (1000,8000) ops and (490.8,404.3) ops/second in (2.037689,19.788111) seconds
2026/05/26-10:52:57  ... thread 1: (1000,8000) ops and (496.1,403.6) ops/second in (2.015596,19.819258) seconds
2026/05/26-10:52:58  ... thread 3: (1000,9000) ops and (535.3,418.8) ops/second in (1.868101,21.492500) seconds
2026/05/26-10:52:59  ... thread 2: (1000,9000) ops and (564.0,417.4) ops/second in (1.773153,21.561264) seconds
2026/05/26-10:52:59  ... thread 0: (1000,9000) ops and (530.2,416.8) ops/second in (1.886240,21.594255) seconds
2026/05/26-10:52:59  ... thread 1: (1000,9000) ops and (538.9,415.2) ops/second in (1.855752,21.675010) seconds
2026/05/26-10:53:00  ... thread 3: (1000,10000) ops and (542.7,428.5) ops/second in (1.842632,23.335132) seconds
2026/05/26-10:53:00  ... thread 1: (1000,10000) ops and (584.8,427.6) ops/second in (1.710090,23.385100) seconds
2026/05/26-10:53:00  ... thread 2: (1000,10000) ops and (544.4,427.4) ops/second in (1.836866,23.398130) seconds
2026/05/26-10:53:00  ... thread 0: (1000,10000) ops and (527.4,425.7) ops/second in (1.896160,23.490415) seconds
2026/05/26-10:53:02  ... thread 3: (1000,11000) ops and (585.0,439.2) ops/second in (1.709471,25.044603) seconds
2026/05/26-10:53:02  ... thread 1: (1000,11000) ops and (597.0,438.9) ops/second in (1.675000,25.060100) seconds
2026/05/26-10:53:02  ... thread 2: (1000,11000) ops and (594.8,438.6) ops/second in (1.681378,25.079508) seconds
2026/05/26-10:53:02  ... thread 0: (1000,11000) ops and (613.9,437.9) ops/second in (1.628853,25.119268) seconds
2026/05/26-10:53:04  ... thread 3: (2000,13000) ops and (1094.0,483.8) ops/second in (1.828221,26.872824) seconds
2026/05/26-10:53:04  ... thread 1: (2000,13000) ops and (1098.5,483.6) ops/second in (1.820608,26.880708) seconds
2026/05/26-10:53:04  ... thread 2: (2000,13000) ops and (1083.2,482.8) ops/second in (1.846443,26.925951) seconds
2026/05/26-10:53:04  ... thread 0: (2000,13000) ops and (1094.0,482.4) ops/second in (1.828200,26.947468) seconds
2026/05/26-10:53:06  ... thread 2: (2000,15000) ops and (1009.2,518.9) ops/second in (1.981787,28.907738) seconds
2026/05/26-10:53:06  ... thread 0: (2000,15000) ops and (1000.8,518.2) ops/second in (1.998322,28.945790) seconds
2026/05/26-10:53:06  ... thread 1: (2000,15000) ops and (944.5,517.3) ops/second in (2.117606,28.998314) seconds
2026/05/26-10:53:06  ... thread 3: (3000,16000) ops and (1288.4,547.9) ops/second in (2.328496,29.201320) seconds
2026/05/26-10:53:08  ... thread 3: (2000,18000) ops and (1035.0,578.2) ops/second in (1.932441,31.133761) seconds
2026/05/26-10:53:08  ... thread 2: (3000,18000) ops and (1285.7,576.2) ops/second in (2.333406,31.241144) seconds
2026/05/26-10:53:08  ... thread 1: (3000,18000) ops and (1328.3,575.9) ops/second in (2.258556,31.256870) seconds
2026/05/26-10:53:08  ... thread 0: (3000,18000) ops and (1166.3,571.1) ops/second in (2.572151,31.517941) seconds
2026/05/26-10:53:09  ... thread 2: (1000,19000) ops and (971.9,588.8) ops/second in (1.028880,32.270024) seconds
2026/05/26-10:53:10  ... thread 0: (1000,19000) ops and (709.6,577.0) ops/second in (1.409227,32.927168) seconds
2026/05/26-10:53:10  ... thread 3: (2000,20000) ops and (924.7,600.7) ops/second in (2.162835,33.296596) seconds
2026/05/26-10:53:10  ... thread 2: (1000,20000) ops and (792.9,596.5) ops/second in (1.261244,33.531268) seconds
2026/05/26-10:53:11  ... thread 1: (2000,20000) ops and (837.6,594.4) ops/second in (2.387803,33.644673) seconds
2026/05/26-10:53:12  ... thread 3: (1000,21000) ops and (603.5,600.8) ops/second in (1.656977,34.953573) seconds
2026/05/26-10:53:12  ... thread 2: (1000,21000) ops and (594.6,596.4) ops/second in (1.681699,35.212967) seconds
2026/05/26-10:53:12  ... thread 1: (1000,21000) ops and (586.8,594.1) ops/second in (1.704113,35.348786) seconds
2026/05/26-10:53:12  ... thread 0: (2000,21000) ops and (814.1,593.5) ops/second in (2.456617,35.383785) seconds
2026/05/26-10:53:13  ... thread 3: (1000,22000) ops and (673.7,603.8) ops/second in (1.484380,36.437953) seconds
2026/05/26-10:53:14  ... thread 2: (1000,22000) ops and (739.6,601.7) ops/second in (1.352046,36.565013) seconds
2026/05/26-10:53:14  ... thread 0: (1000,22000) ops and (743.4,599.0) ops/second in (1.345088,36.728873) seconds
2026/05/26-10:53:14  ... thread 1: (1000,22000) ops and (714.8,598.7) ops/second in (1.398990,36.747776) seconds
2026/05/26-10:53:15  ... thread 3: (1000,23000) ops and (791.6,610.1) ops/second in (1.263317,37.701270) seconds
2026/05/26-10:53:15  ... thread 2: (1000,23000) ops and (739.6,606.6) ops/second in (1.352156,37.917169) seconds
2026/05/26-10:53:15  ... thread 1: (1000,23000) ops and (824.8,605.9) ops/second in (1.212449,37.960225) seconds
2026/05/26-10:53:15  ... thread 0: (1000,23000) ops and (812.1,605.9) ops/second in (1.231319,37.960192) seconds
2026/05/26-10:53:16  ... thread 3: (3000,26000) ops and (2321.8,666.8) ops/second in (1.292089,38.993359) seconds
2026/05/26-10:53:16  ... thread 0: (3000,26000) ops and (2554.9,664.4) ops/second in (1.174197,39.134389) seconds
2026/05/26-10:53:16  ... thread 2: (3000,26000) ops and (2442.0,664.2) ops/second in (1.228485,39.145654) seconds
2026/05/26-10:53:16  ... thread 1: (3000,26000) ops and (2486.3,663.8) ops/second in (1.206600,39.166825) seconds
2026/05/26-10:53:17  ... thread 3: (4000,30000) ops and (3361.9,746.6) ops/second in (1.189806,40.183165) seconds
2026/05/26-10:53:17  ... thread 0: (4000,30000) ops and (3525.7,745.0) ops/second in (1.134523,40.268912) seconds
2026/05/26-10:53:17  ... thread 2: (4000,30000) ops and (3530.6,744.8) ops/second in (1.132962,40.278616) seconds
2026/05/26-10:53:17  ... thread 1: (4000,30000) ops and (3392.0,743.6) ops/second in (1.179261,40.346086) seconds
2026/05/26-10:53:18  ... thread 3: (4000,34000) ops and (3967.6,825.4) ops/second in (1.008160,41.191325) seconds
2026/05/26-10:53:18  ... thread 2: (4000,34000) ops and (3993.2,823.6) ops/second in (1.001714,41.280330) seconds
2026/05/26-10:53:18  ... thread 0: (5000,35000) ops and (4255.2,844.5) ops/second in (1.175037,41.443949) seconds
2026/05/26-10:53:18  ... thread 1: (5000,35000) ops and (4252.5,842.9) ops/second in (1.175773,41.521859) seconds
2026/05/26-10:53:19  ... thread 3: (5000,39000) ops and (4577.3,922.3) ops/second in (1.092350,42.283675) seconds
2026/05/26-10:53:19  ... thread 2: (5000,39000) ops and (4816.5,921.6) ops/second in (1.038105,42.318435) seconds
2026/05/26-10:53:19  ... thread 0: (5000,40000) ops and (4916.1,942.0) ops/second in (1.017062,42.461011) seconds
2026/05/26-10:53:20  ... thread 1: (5000,40000) ops and (4464.9,938.0) ops/second in (1.119845,42.641704) seconds
2026/05/26-10:53:20  ... thread 3: (6000,45000) ops and (5624.3,1038.1) ops/second in (1.066807,43.350482) seconds
2026/05/26-10:53:20  ... thread 2: (6000,45000) ops and (5463.1,1036.5) ops/second in (1.098269,43.416704) seconds
2026/05/26-10:53:20  ... thread 0: (6000,46000) ops and (5745.2,1057.3) ops/second in (1.044348,43.505359) seconds
2026/05/26-10:53:21  ... thread 1: (6000,46000) ops and (5877.8,1053.5) ops/second in (1.020794,43.662498) seconds
2026/05/26-10:53:21  ... thread 3: (6000,51000) ops and (5997.0,1149.9) ops/second in (1.000497,44.350979) seconds
2026/05/26-10:53:21  ... thread 2: (7000,52000) ops and (6330.6,1168.0) ops/second in (1.105742,44.522446) seconds
2026/05/26-10:53:22  ... thread 0: (7000,53000) ops and (6413.3,1188.4) ops/second in (1.091477,44.596836) seconds
2026/05/26-10:53:22  ... thread 1: (7000,53000) ops and (6237.9,1183.4) ops/second in (1.122165,44.784663) seconds
2026/05/26-10:53:22  ... thread 3: (8000,59000) ops and (7503.1,1299.1) ops/second in (1.066226,45.417205) seconds
2026/05/26-10:53:23  ... thread 2: (9000,61000) ops and (8447.6,1338.1) ops/second in (1.065388,45.587834) seconds
2026/05/26-10:53:23  ... thread 0: (9000,62000) ops and (8183.7,1356.8) ops/second in (1.099750,45.696586) seconds
2026/05/26-10:53:23  ... thread 1: (9000,62000) ops and (8476.5,1352.3) ops/second in (1.061753,45.846416) seconds
2026/05/26-10:53:23  ... thread 3: (10000,69000) ops and (9767.1,1485.8) ops/second in (1.023849,46.441054) seconds
2026/05/26-10:53:24  ... thread 2: (10000,71000) ops and (9922.1,1523.7) ops/second in (1.007854,46.595688) seconds
2026/05/26-10:53:24  ... thread 0: (10000,72000) ops and (9962.7,1541.7) ops/second in (1.003744,46.700330) seconds
2026/05/26-10:53:24  ... thread 1: (11000,73000) ops and (10179.8,1555.6) ops/second in (1.080572,46.926988) seconds
2026/05/26-10:53:24  ... thread 3: (12000,81000) ops and (11907.0,1707.1) ops/second in (1.007808,47.448862) seconds
2026/05/26-10:53:25  ... thread 2: (13000,84000) ops and (12870.0,1764.5) ops/second in (1.010098,47.605786) seconds
2026/05/26-10:53:25  ... thread 0: (12000,84000) ops and (11922.2,1760.8) ops/second in (1.006528,47.706858) seconds
2026/05/26-10:53:25  ... thread 1: (14000,87000) ops and (13194.2,1813.0) ops/second in (1.061073,47.988061) seconds
2026/05/26-10:53:25  ... thread 3: (16000,97000) ops and (15276.7,2000.2) ops/second in (1.047348,48.496210) seconds
2026/05/26-10:53:26  ... thread 2: (16000,100000) ops and (15690.7,2056.5) ops/second in (1.019711,48.625497) seconds
2026/05/26-10:53:26  ... thread 0: (16000,100000) ops and (15568.5,2051.9) ops/second in (1.027715,48.734573) seconds
DB path: [/tmp/rocksdb_comp_exp_db]
readrandom   :     486.815 micros/op 8207 ops/sec 48.735 seconds 400000 operations;    8.0 MB/s (98165 of 100000 found)

STATISTICS:
rocksdb.block.cache.miss COUNT : 3799547
rocksdb.block.cache.hit COUNT : 70938
rocksdb.block.cache.add COUNT : 929825
rocksdb.block.cache.add.failures COUNT : 0
rocksdb.block.cache.index.miss COUNT : 0
rocksdb.block.cache.index.hit COUNT : 0
rocksdb.block.cache.index.add COUNT : 0
rocksdb.block.cache.index.bytes.insert COUNT : 0
rocksdb.block.cache.filter.miss COUNT : 0
rocksdb.block.cache.filter.hit COUNT : 0
rocksdb.block.cache.filter.add COUNT : 0
rocksdb.block.cache.filter.bytes.insert COUNT : 0
rocksdb.block.cache.data.miss COUNT : 3799547
rocksdb.block.cache.data.hit COUNT : 70938
rocksdb.block.cache.data.add COUNT : 929825
rocksdb.block.cache.data.bytes.insert COUNT : 4001943200
rocksdb.block.cache.bytes.read COUNT : 305317184
rocksdb.block.cache.bytes.write COUNT : 4001943200
rocksdb.block.cache.compression.dict.miss COUNT : 0
rocksdb.block.cache.compression.dict.hit COUNT : 0
rocksdb.block.cache.compression.dict.add COUNT : 0
rocksdb.block.cache.compression.dict.bytes.insert COUNT : 0
rocksdb.block.cache.add.redundant COUNT : 7
rocksdb.block.cache.index.add.redundant COUNT : 0
rocksdb.block.cache.filter.add.redundant COUNT : 0
rocksdb.block.cache.data.add.redundant COUNT : 7
rocksdb.block.cache.compression.dict.add.redundant COUNT : 0
rocksdb.secondary.cache.hits COUNT : 0
rocksdb.secondary.cache.filter.hits COUNT : 0
rocksdb.secondary.cache.index.hits COUNT : 0
rocksdb.secondary.cache.data.hits COUNT : 0
rocksdb.compressed.secondary.cache.dummy.hits COUNT : 0
rocksdb.compressed.secondary.cache.hits COUNT : 0
rocksdb.compressed.secondary.cache.promotions COUNT : 0
rocksdb.compressed.secondary.cache.promotion.skips COUNT : 0
rocksdb.bloom.filter.useful COUNT : 0
rocksdb.bloom.filter.full.positive COUNT : 0
rocksdb.bloom.filter.full.true.positive COUNT : 0
rocksdb.bloom.filter.prefix.checked COUNT : 0
rocksdb.bloom.filter.prefix.useful COUNT : 0
rocksdb.bloom.filter.prefix.true.positive COUNT : 0
rocksdb.persistent.cache.hit COUNT : 0
rocksdb.persistent.cache.miss COUNT : 0
rocksdb.sim.block.cache.hit COUNT : 0
rocksdb.sim.block.cache.miss COUNT : 0
rocksdb.memtable.hit COUNT : 6833
rocksdb.memtable.miss COUNT : 393167
rocksdb.l0.hit COUNT : 20338
rocksdb.l1.hit COUNT : 92313
rocksdb.l2andup.hit COUNT : 273137
rocksdb.compaction.key.drop.new COUNT : 3377910
rocksdb.compaction.key.drop.obsolete COUNT : 0
rocksdb.compaction.key.drop.range_del COUNT : 0
rocksdb.compaction.key.drop.user COUNT : 0
rocksdb.compaction.range_del.drop.obsolete COUNT : 0
rocksdb.compaction.optimized.del.drop.obsolete COUNT : 0
rocksdb.compaction.cancelled COUNT : 0
rocksdb.compaction.aborted COUNT : 0
rocksdb.number.keys.written COUNT : 5000000
rocksdb.number.keys.read COUNT : 400000
rocksdb.number.keys.updated COUNT : 0
rocksdb.bytes.written COUNT : 5279271504
rocksdb.bytes.read COUNT : 402043904
rocksdb.number.db.seek COUNT : 0
rocksdb.number.db.next COUNT : 0
rocksdb.number.db.prev COUNT : 0
rocksdb.number.db.seek.found COUNT : 0
rocksdb.number.db.next.found COUNT : 0
rocksdb.number.db.prev.found COUNT : 0
rocksdb.db.iter.bytes.read COUNT : 0
rocksdb.number.iter.skip COUNT : 0
rocksdb.number.reseeks.iteration COUNT : 0
rocksdb.num.iterator.created COUNT : 0
rocksdb.num.iterator.deleted COUNT : 0
rocksdb.no.file.opens COUNT : 156
rocksdb.no.file.errors COUNT : 0
rocksdb.stall.micros COUNT : 87993486
rocksdb.db.mutex.wait.micros COUNT : 0
rocksdb.number.multiget.get COUNT : 0
rocksdb.number.multiget.keys.read COUNT : 0
rocksdb.number.multiget.bytes.read COUNT : 0
rocksdb.number.multiget.keys.found COUNT : 0
rocksdb.number.merge.failures COUNT : 0
rocksdb.getupdatessince.calls COUNT : 0
rocksdb.wal.synced COUNT : 0
rocksdb.wal.bytes COUNT : 5279271504
rocksdb.write.self COUNT : 4939292
rocksdb.write.other COUNT : 60708
rocksdb.write.wal COUNT : 5000000
rocksdb.compact.read.bytes COUNT : 7000619737
rocksdb.compact.write.bytes COUNT : 4971222101
rocksdb.flush.write.bytes COUNT : 2971642971
rocksdb.compact.read.marked.bytes COUNT : 0
rocksdb.compact.read.periodic.bytes COUNT : 0
rocksdb.compact.read.ttl.bytes COUNT : 0
rocksdb.compact.write.marked.bytes COUNT : 0
rocksdb.compact.write.periodic.bytes COUNT : 0
rocksdb.compact.write.ttl.bytes COUNT : 0
rocksdb.number.direct.load.table.properties COUNT : 0
rocksdb.number.superversion_acquires COUNT : 40
rocksdb.number.superversion_releases COUNT : 36
rocksdb.number.superversion_cleanups COUNT : 9
rocksdb.number.block.compressed COUNT : 3252269
rocksdb.number.block.decompressed COUNT : 3799703
rocksdb.bytes.compressed.from COUNT : 13707440703
rocksdb.bytes.compressed.to COUNT : 7926396388
rocksdb.bytes.compression_bypassed COUNT : 0
rocksdb.bytes.compression.rejected COUNT : 0
rocksdb.number.block_compression_bypassed COUNT : 0
rocksdb.number.block_compression_rejected COUNT : 0
rocksdb.bytes.decompressed.from COUNT : 9257255793
rocksdb.bytes.decompressed.to COUNT : 16004071898
rocksdb.merge.operation.time.nanos COUNT : 0
rocksdb.filter.operation.time.nanos COUNT : 0
rocksdb.compaction.total.time.cpu_micros COUNT : 41055401
rocksdb.row.cache.hit COUNT : 0
rocksdb.row.cache.miss COUNT : 0
rocksdb.read.amp.estimate.useful.bytes COUNT : 0
rocksdb.read.amp.total.read.bytes COUNT : 0
rocksdb.number.rate_limiter.drains COUNT : 0
rocksdb.blobdb.num.put COUNT : 0
rocksdb.blobdb.num.write COUNT : 0
rocksdb.blobdb.num.get COUNT : 0
rocksdb.blobdb.num.multiget COUNT : 0
rocksdb.blobdb.num.seek COUNT : 0
rocksdb.blobdb.num.next COUNT : 0
rocksdb.blobdb.num.prev COUNT : 0
rocksdb.blobdb.num.keys.written COUNT : 0
rocksdb.blobdb.num.keys.read COUNT : 0
rocksdb.blobdb.bytes.written COUNT : 0
rocksdb.blobdb.bytes.read COUNT : 0
rocksdb.blobdb.write.inlined COUNT : 0
rocksdb.blobdb.write.inlined.ttl COUNT : 0
rocksdb.blobdb.write.blob COUNT : 0
rocksdb.blobdb.write.blob.ttl COUNT : 0
rocksdb.blobdb.blob.file.bytes.written COUNT : 0
rocksdb.blobdb.blob.file.bytes.read COUNT : 0
rocksdb.blobdb.blob.file.synced COUNT : 0
rocksdb.blobdb.blob.index.expired.count COUNT : 0
rocksdb.blobdb.blob.index.expired.size COUNT : 0
rocksdb.blobdb.blob.index.evicted.count COUNT : 0
rocksdb.blobdb.blob.index.evicted.size COUNT : 0
rocksdb.blobdb.gc.num.files COUNT : 0
rocksdb.blobdb.gc.num.new.files COUNT : 0
rocksdb.blobdb.gc.failures COUNT : 0
rocksdb.blobdb.gc.num.keys.relocated COUNT : 0
rocksdb.blobdb.gc.bytes.relocated COUNT : 0
rocksdb.blobdb.fifo.num.files.evicted COUNT : 0
rocksdb.blobdb.fifo.num.keys.evicted COUNT : 0
rocksdb.blobdb.fifo.bytes.evicted COUNT : 0
rocksdb.blobdb.cache.miss COUNT : 0
rocksdb.blobdb.cache.hit COUNT : 0
rocksdb.blobdb.cache.add COUNT : 0
rocksdb.blobdb.cache.add.failures COUNT : 0
rocksdb.blobdb.cache.bytes.read COUNT : 0
rocksdb.blobdb.cache.bytes.write COUNT : 0
rocksdb.txn.overhead.mutex.prepare COUNT : 0
rocksdb.txn.overhead.mutex.old.commit.map COUNT : 0
rocksdb.txn.overhead.duplicate.key COUNT : 0
rocksdb.txn.overhead.mutex.snapshot COUNT : 0
rocksdb.txn.get.tryagain COUNT : 0
rocksdb.files.marked.trash COUNT : 0
rocksdb.files.marked.trash.deleted COUNT : 0
rocksdb.files.deleted.immediately COUNT : 215
rocksdb.error.handler.bg.error.count COUNT : 0
rocksdb.error.handler.bg.io.error.count COUNT : 0
rocksdb.error.handler.bg.retryable.io.error.count COUNT : 0
rocksdb.error.handler.autoresume.count COUNT : 0
rocksdb.error.handler.autoresume.retry.total.count COUNT : 0
rocksdb.error.handler.autoresume.success.count COUNT : 0
rocksdb.memtable.payload.bytes.at.flush COUNT : 5217237440
rocksdb.memtable.garbage.bytes.at.flush COUNT : 127845520
rocksdb.verify_checksum.read.bytes COUNT : 0
rocksdb.backup.read.bytes COUNT : 0
rocksdb.backup.write.bytes COUNT : 0
rocksdb.remote.compact.read.bytes COUNT : 0
rocksdb.remote.compact.write.bytes COUNT : 0
rocksdb.remote.compact.resumed.bytes COUNT : 0
rocksdb.hot.file.read.bytes COUNT : 0
rocksdb.warm.file.read.bytes COUNT : 0
rocksdb.cool.file.read.bytes COUNT : 0
rocksdb.cold.file.read.bytes COUNT : 0
rocksdb.ice.file.read.bytes COUNT : 0
rocksdb.hot.file.read.count COUNT : 0
rocksdb.warm.file.read.count COUNT : 0
rocksdb.cool.file.read.count COUNT : 0
rocksdb.cold.file.read.count COUNT : 0
rocksdb.ice.file.read.count COUNT : 0
rocksdb.last.level.read.bytes COUNT : 0
rocksdb.last.level.read.count COUNT : 0
rocksdb.non.last.level.read.bytes COUNT : 9276450240
rocksdb.non.last.level.read.count COUNT : 3800171
rocksdb.last.level.seek.filtered COUNT : 0
rocksdb.last.level.seek.filter.match COUNT : 0
rocksdb.last.level.seek.data COUNT : 0
rocksdb.last.level.seek.data.useful.no.filter COUNT : 0
rocksdb.last.level.seek.data.useful.filter.match COUNT : 0
rocksdb.non.last.level.seek.filtered COUNT : 0
rocksdb.non.last.level.seek.filter.match COUNT : 0
rocksdb.non.last.level.seek.data COUNT : 0
rocksdb.non.last.level.seek.data.useful.no.filter COUNT : 0
rocksdb.non.last.level.seek.data.useful.filter.match COUNT : 0
rocksdb.block.checksum.compute.count COUNT : 3799859
rocksdb.block.checksum.mismatch.count COUNT : 0
rocksdb.multiget.coroutine.count COUNT : 0
rocksdb.read.async.micros COUNT : 0
rocksdb.async.read.error.count COUNT : 0
rocksdb.table.open.prefetch.tail.miss COUNT : 0
rocksdb.table.open.prefetch.tail.hit COUNT : 0
rocksdb.timestamp.filter.table.checked COUNT : 0
rocksdb.timestamp.filter.table.filtered COUNT : 0
rocksdb.readahead.trimmed COUNT : 0
rocksdb.fifo.max.size.compactions COUNT : 0
rocksdb.fifo.ttl.compactions COUNT : 0
rocksdb.fifo.change_temperature.compactions COUNT : 0
rocksdb.prefetch.bytes COUNT : 0
rocksdb.prefetch.bytes.useful COUNT : 0
rocksdb.prefetch.hits COUNT : 0
rocksdb.footer.corruption.count COUNT : 0
rocksdb.file.read.corruption.retry.count COUNT : 0
rocksdb.file.read.corruption.retry.success.count COUNT : 0
rocksdb.number.wbwi.ingest COUNT : 0
rocksdb.sst.user.defined.index.load.fail.count COUNT : 0
rocksdb.multiscan.prepare.calls COUNT : 0
rocksdb.multiscan.prepare.errors COUNT : 0
rocksdb.multiscan.blocks.prefetched COUNT : 0
rocksdb.multiscan.blocks.from.cache COUNT : 0
rocksdb.multiscan.prefetch.bytes COUNT : 0
rocksdb.multiscan.prefetch.blocks.wasted COUNT : 0
rocksdb.multiscan.io.requests COUNT : 0
rocksdb.multiscan.io.coalesced.nonadjacent COUNT : 0
rocksdb.multiscan.seek.errors COUNT : 0
rocksdb.prefetch.memory.bytes.granted COUNT : 0
rocksdb.prefetch.memory.bytes.released COUNT : 0
rocksdb.prefetch.memory.requests.blocked COUNT : 0
rocksdb.read.path.range.tombstones.inserted COUNT : 0
rocksdb.read.path.range.tombstones.discarded COUNT : 0
rocksdb.file.open.metadata.retrieved COUNT : 0
rocksdb.file.open.metadata.passed COUNT : 0
rocksdb.manifest.validation.failure.count COUNT : 0
rocksdb.db.get.micros P50 : 19.066092 P95 : 1709.381933 P99 : 6921.395706 P100 : 957212.000000 COUNT : 400000 SUM : 194474076
rocksdb.db.write.micros P50 : 5.661495 P95 : 21.096161 P99 : 1951.439333 P100 : 877381.000000 COUNT : 5000000 SUM : 495516335
rocksdb.compaction.times.micros P50 : 5766666.666667 P95 : 25537378.000000 P99 : 25537378.000000 P100 : 25537378.000000 COUNT : 16 SUM : 158634772
rocksdb.compaction.times.cpu_micros P50 : 2233333.333333 P95 : 5640685.000000 P99 : 5640685.000000 P100 : 5640685.000000 COUNT : 16 SUM : 41055401
rocksdb.subcompaction.setup.times.micros P50 : 0.000000 P95 : 0.000000 P99 : 0.000000 P100 : 0.000000 COUNT : 0 SUM : 0
rocksdb.table.sync.micros P50 : 346296.296296 P95 : 1064000.000000 P99 : 1172800.000000 P100 : 1191244.000000 COUNT : 80 SUM : 39362095
rocksdb.compaction.outfile.sync.micros P50 : 722631.578947 P95 : 1149894.736842 P99 : 1368000.000000 P100 : 1512290.000000 COUNT : 76 SUM : 50267623
rocksdb.wal.file.sync.micros P50 : 0.000000 P95 : 0.000000 P99 : 0.000000 P100 : 0.000000 COUNT : 0 SUM : 0
rocksdb.manifest.file.sync.micros P50 : 5791.176471 P95 : 20133.333333 P99 : 377400.000000 P100 : 439361.000000 COUNT : 102 SUM : 1450384
rocksdb.table.open.io.micros P50 : 740.425532 P95 : 4840.000000 P99 : 10802.000000 P100 : 11698.000000 COUNT : 156 SUM : 179650
rocksdb.db.multiget.micros P50 : 0.000000 P95 : 0.000000 P99 : 0.000000 P100 : 0.000000 COUNT : 0 SUM : 0
rocksdb.read.block.compaction.micros P50 : 3.365239 P95 : 5.788711 P99 : 306.561905 P100 : 323814.000000 COUNT : 2869722 SUM : 76330525
rocksdb.read.block.get.micros P50 : 5.899022 P95 : 1119.519996 P99 : 1881.460647 P100 : 957102.000000 COUNT : 929981 SUM : 189567540
rocksdb.write.raw.block.micros P50 : 0.528930 P95 : 1.118650 P99 : 2.619216 P100 : 16540.000000 COUNT : 3252581 SUM : 9049293
rocksdb.numfiles.in.singlecompaction P50 : 4.000000 P95 : 19.900000 P99 : 21.580000 P100 : 22.000000 COUNT : 18 SUM : 145
rocksdb.db.seek.micros P50 : 0.000000 P95 : 0.000000 P99 : 0.000000 P100 : 0.000000 COUNT : 0 SUM : 0
rocksdb.db.write.stall P50 : 1220.353437 P95 : 2772.589758 P99 : 2880.592917 P100 : 874941.000000 COUNT : 44446 SUM : 87993486
rocksdb.sst.read.micros P50 : 0.878647 P95 : 2.981006 P99 : 1459.849493 P100 : 957088.000000 COUNT : 3800171 SUM : 251727662
rocksdb.file.read.flush.micros P50 : 3.600000 P95 : 66.740741 P99 : 99.800000 P100 : 1261.000000 COUNT : 320 SUM : 6861
rocksdb.file.read.compaction.micros P50 : 0.729054 P95 : 1.950815 P99 : 48.865150 P100 : 323799.000000 COUNT : 2870026 SUM : 67601695
rocksdb.file.read.db.open.micros P50 : 0.000000 P95 : 0.000000 P99 : 0.000000 P100 : 0.000000 COUNT : 0 SUM : 0
rocksdb.file.read.get.micros P50 : 0.000000 P95 : 0.000000 P99 : 0.000000 P100 : 0.000000 COUNT : 0 SUM : 0
rocksdb.file.read.multiget.micros P50 : 0.000000 P95 : 0.000000 P99 : 0.000000 P100 : 0.000000 COUNT : 0 SUM : 0
rocksdb.file.read.db.iterator.micros P50 : 0.000000 P95 : 0.000000 P99 : 0.000000 P100 : 0.000000 COUNT : 0 SUM : 0
rocksdb.file.read.verify.db.checksum.micros P50 : 0.000000 P95 : 0.000000 P99 : 0.000000 P100 : 0.000000 COUNT : 0 SUM : 0
rocksdb.file.read.verify.file.checksums.micros P50 : 0.000000 P95 : 0.000000 P99 : 0.000000 P100 : 0.000000 COUNT : 0 SUM : 0
rocksdb.sst.write.micros P50 : 0.502219 P95 : 0.954215 P99 : 0.994393 P100 : 16537.000000 COUNT : 6505318 SUM : 7281521
rocksdb.file.write.flush.micros P50 : 0.501915 P95 : 0.953639 P99 : 0.993792 P100 : 16537.000000 COUNT : 2428762 SUM : 3031582
rocksdb.file.write.compaction.micros P50 : 0.502400 P95 : 0.954559 P99 : 0.994751 P100 : 11490.000000 COUNT : 4076556 SUM : 4249939
rocksdb.file.write.db.open.micros P50 : 0.000000 P95 : 0.000000 P99 : 0.000000 P100 : 0.000000 COUNT : 0 SUM : 0
rocksdb.num.subcompactions.scheduled P50 : 0.000000 P95 : 0.000000 P99 : 0.000000 P100 : 0.000000 COUNT : 0 SUM : 0
rocksdb.bytes.per.read P50 : 1024.000000 P95 : 1024.000000 P99 : 1024.000000 P100 : 1024.000000 COUNT : 400000 SUM : 402043904
rocksdb.bytes.per.write P50 : 1086.466883 P95 : 1281.287078 P99 : 1298.604428 P100 : 4188.000000 COUNT : 4939292 SUM : 5279271504
rocksdb.bytes.per.multiget P50 : 0.000000 P95 : 0.000000 P99 : 0.000000 P100 : 0.000000 COUNT : 0 SUM : 0
rocksdb.compression.times.nanos P50 : 0.000000 P95 : 0.000000 P99 : 0.000000 P100 : 0.000000 COUNT : 0 SUM : 0
rocksdb.decompression.times.nanos P50 : 0.000000 P95 : 0.000000 P99 : 0.000000 P100 : 0.000000 COUNT : 0 SUM : 0
rocksdb.read.num.merge_operands P50 : 0.000000 P95 : 0.000000 P99 : 0.000000 P100 : 0.000000 COUNT : 0 SUM : 0
rocksdb.blobdb.key.size P50 : 0.000000 P95 : 0.000000 P99 : 0.000000 P100 : 0.000000 COUNT : 0 SUM : 0
rocksdb.blobdb.value.size P50 : 0.000000 P95 : 0.000000 P99 : 0.000000 P100 : 0.000000 COUNT : 0 SUM : 0
rocksdb.blobdb.write.micros P50 : 0.000000 P95 : 0.000000 P99 : 0.000000 P100 : 0.000000 COUNT : 0 SUM : 0
rocksdb.blobdb.get.micros P50 : 0.000000 P95 : 0.000000 P99 : 0.000000 P100 : 0.000000 COUNT : 0 SUM : 0
rocksdb.blobdb.multiget.micros P50 : 0.000000 P95 : 0.000000 P99 : 0.000000 P100 : 0.000000 COUNT : 0 SUM : 0
rocksdb.blobdb.seek.micros P50 : 0.000000 P95 : 0.000000 P99 : 0.000000 P100 : 0.000000 COUNT : 0 SUM : 0
rocksdb.blobdb.next.micros P50 : 0.000000 P95 : 0.000000 P99 : 0.000000 P100 : 0.000000 COUNT : 0 SUM : 0
rocksdb.blobdb.prev.micros P50 : 0.000000 P95 : 0.000000 P99 : 0.000000 P100 : 0.000000 COUNT : 0 SUM : 0
rocksdb.blobdb.blob.file.write.micros P50 : 0.000000 P95 : 0.000000 P99 : 0.000000 P100 : 0.000000 COUNT : 0 SUM : 0
rocksdb.blobdb.blob.file.read.micros P50 : 0.000000 P95 : 0.000000 P99 : 0.000000 P100 : 0.000000 COUNT : 0 SUM : 0
rocksdb.blobdb.blob.file.sync.micros P50 : 0.000000 P95 : 0.000000 P99 : 0.000000 P100 : 0.000000 COUNT : 0 SUM : 0
rocksdb.blobdb.compression.micros P50 : 0.000000 P95 : 0.000000 P99 : 0.000000 P100 : 0.000000 COUNT : 0 SUM : 0
rocksdb.blobdb.decompression.micros P50 : 0.000000 P95 : 0.000000 P99 : 0.000000 P100 : 0.000000 COUNT : 0 SUM : 0
rocksdb.db.flush.micros P50 : 599000.000000 P95 : 1340000.000000 P99 : 1352840.000000 P100 : 1352840.000000 COUNT : 80 SUM : 56484582
rocksdb.sst.batch.size P50 : 0.000000 P95 : 0.000000 P99 : 0.000000 P100 : 0.000000 COUNT : 0 SUM : 0
rocksdb.multiget.io.batch.size P50 : 0.000000 P95 : 0.000000 P99 : 0.000000 P100 : 0.000000 COUNT : 0 SUM : 0
rocksdb.num.index.and.filter.blocks.read.per.level P50 : 0.000000 P95 : 0.000000 P99 : 0.000000 P100 : 0.000000 COUNT : 0 SUM : 0
rocksdb.num.sst.read.per.level P50 : 0.000000 P95 : 0.000000 P99 : 0.000000 P100 : 0.000000 COUNT : 0 SUM : 0
rocksdb.num.level.read.per.multiget P50 : 0.000000 P95 : 0.000000 P99 : 0.000000 P100 : 0.000000 COUNT : 0 SUM : 0
rocksdb.error.handler.autoresume.retry.count P50 : 0.000000 P95 : 0.000000 P99 : 0.000000 P100 : 0.000000 COUNT : 0 SUM : 0
rocksdb.async.read.bytes P50 : 0.000000 P95 : 0.000000 P99 : 0.000000 P100 : 0.000000 COUNT : 0 SUM : 0
rocksdb.poll.wait.micros P50 : 0.000000 P95 : 0.000000 P99 : 0.000000 P100 : 0.000000 COUNT : 0 SUM : 0
rocksdb.compaction.prefetch.bytes P50 : 0.000000 P95 : 0.000000 P99 : 0.000000 P100 : 0.000000 COUNT : 0 SUM : 0
rocksdb.prefetched.bytes.discarded P50 : 0.000000 P95 : 0.000000 P99 : 0.000000 P100 : 0.000000 COUNT : 0 SUM : 0
rocksdb.async.prefetch.abort.micros P50 : 0.000000 P95 : 0.000000 P99 : 0.000000 P100 : 0.000000 COUNT : 0 SUM : 0
rocksdb.table.open.prefetch.tail.read.bytes P50 : 0.000000 P95 : 0.000000 P99 : 0.000000 P100 : 0.000000 COUNT : 0 SUM : 0
rocksdb.num.op.per.transaction P50 : 0.000000 P95 : 0.000000 P99 : 0.000000 P100 : 0.000000 COUNT : 0 SUM : 0
rocksdb.multiscan.op.prepare.iterators.micros P50 : 0.000000 P95 : 0.000000 P99 : 0.000000 P100 : 0.000000 COUNT : 0 SUM : 0
rocksdb.multiscan.prepare.micros P50 : 0.000000 P95 : 0.000000 P99 : 0.000000 P100 : 0.000000 COUNT : 0 SUM : 0
rocksdb.multiscan.blocks.per.prepare P50 : 0.000000 P95 : 0.000000 P99 : 0.000000 P100 : 0.000000 COUNT : 0 SUM : 0
rocksdb.block.key.distribution.cv P50 : 0.000000 P95 : 0.000000 P99 : 0.000000 P100 : 0.000000 COUNT : 0 SUM : 0

[EXPERIMENT_COMPLETED]
