RocksDB:    version 11.3.0
Date:       Tue May 26 12:10:14 2026
CPU:        2 * Intel Xeon Processor (SapphireRapids)
CPUCache:   16384 KB
2026/05/26-12:10:15  ... thread 2: (26000,26000) ops and (25631.2,25631.2) ops/second in (1.014390,1.014390) seconds
2026/05/26-12:10:15  ... thread 1: (23000,23000) ops and (22429.6,22429.6) ops/second in (1.025432,1.025432) seconds
2026/05/26-12:10:15  ... thread 3: (28000,28000) ops and (26993.1,26993.1) ops/second in (1.037302,1.037302) seconds
2026/05/26-12:10:15  ... thread 0: (24000,24000) ops and (22558.2,22558.2) ops/second in (1.063916,1.063916) seconds
2026/05/26-12:10:16  ... thread 2: (27000,53000) ops and (26577.8,26104.9) ops/second in (1.015884,2.030274) seconds
2026/05/26-12:10:16  ... thread 1: (23000,46000) ops and (22690.6,22559.3) ops/second in (1.013635,2.039067) seconds
2026/05/26-12:10:16  ... thread 3: (23000,51000) ops and (22827.9,24940.8) ops/second in (1.007541,2.044843) seconds
2026/05/26-12:10:16  ... thread 0: (29000,53000) ops and (27971.2,25229.7) ops/second in (1.036781,2.100697) seconds
2026/05/26-12:10:17  ... thread 2: (31000,84000) ops and (30447.8,27555.4) ops/second in (1.018135,3.048409) seconds
2026/05/26-12:10:17  ... thread 1: (27000,73000) ops and (25146.5,23451.8) ops/second in (1.073706,3.112773) seconds
2026/05/26-12:10:17  ... thread 3: (29000,80000) ops and (26862.3,25604.7) ops/second in (1.079579,3.124422) seconds
2026/05/26-12:10:17  ... thread 0: (27000,80000) ops and (26344.8,25595.3) ops/second in (1.024871,3.125568) seconds
2026/05/26-12:10:18  ... thread 3: (27000,107000) ops and (19743.3,23820.3) ops/second in (1.367550,4.491972) seconds
2026/05/26-12:10:18  ... thread 1: (32000,105000) ops and (23139.9,23355.8) ops/second in (1.382893,4.495666) seconds
2026/05/26-12:10:18  ... thread 0: (30000,110000) ops and (21920.9,24476.4) ops/second in (1.368555,4.494123) seconds
2026/05/26-12:10:18  ... thread 2: (30000,114000) ops and (20617.1,25313.6) ops/second in (1.455103,4.503512) seconds
2026/05/26-12:10:20  ... thread 1: (16000,121000) ops and (12834.3,21071.6) ops/second in (1.246662,5.742328) seconds
2026/05/26-12:10:20  ... thread 2: (18000,132000) ops and (14367.0,22931.1) ops/second in (1.252875,5.756387) seconds
2026/05/26-12:10:20  ... thread 3: (14000,121000) ops and (10983.3,20982.8) ops/second in (1.274663,5.766635) seconds
2026/05/26-12:10:20  ... thread 0: (16000,126000) ops and (12578.5,21851.7) ops/second in (1.272009,5.766132) seconds
2026/05/26-12:10:21  ... thread 3: (33000,154000) ops and (19088.3,20545.8) ops/second in (1.728804,7.495439) seconds
2026/05/26-12:10:21  ... thread 2: (30000,162000) ops and (17098.0,21568.4) ops/second in (1.754595,7.510982) seconds
2026/05/26-12:10:21  ... thread 0: (32000,158000) ops and (18229.5,21006.4) ops/second in (1.755396,7.521528) seconds
2026/05/26-12:10:21  ... thread 1: (28000,149000) ops and (15720.9,19804.9) ops/second in (1.781071,7.523399) seconds
2026/05/26-12:10:23  ... thread 1: (30000,179000) ops and (20127.0,19858.1) ops/second in (1.490535,9.013934) seconds
2026/05/26-12:10:23  ... thread 0: (39000,197000) ops and (26022.8,21839.8) ops/second in (1.498684,9.020212) seconds
2026/05/26-12:10:23  ... thread 2: (28000,190000) ops and (18344.7,21024.0) ops/second in (1.526330,9.037312) seconds
2026/05/26-12:10:23  ... thread 3: (28000,182000) ops and (17976.4,20103.7) ops/second in (1.557602,9.053041) seconds
2026/05/26-12:10:24  ... thread 2: (18000,208000) ops and (15440.8,20386.0) ops/second in (1.165744,10.203056) seconds
2026/05/26-12:10:24  ... thread 0: (15000,212000) ops and (12591.9,20761.0) ops/second in (1.191242,10.211454) seconds
2026/05/26-12:10:24  ... thread 1: (16000,195000) ops and (12805.0,18999.5) ops/second in (1.249509,10.263443) seconds
2026/05/26-12:10:24  ... thread 3: (14000,196000) ops and (11447.8,19073.6) ops/second in (1.222947,10.275988) seconds
2026/05/26-12:10:25  ... thread 2: (22000,230000) ops and (21992.5,20529.5) ops/second in (1.000343,11.203399) seconds
2026/05/26-12:10:25  ... thread 0: (19000,231000) ops and (18647.0,20569.2) ops/second in (1.018930,11.230384) seconds
2026/05/26-12:10:25  ... thread 1: (18000,213000) ops and (17846.7,18896.3) ops/second in (1.008591,11.272034) seconds
2026/05/26-12:10:25  ... thread 3: (17000,213000) ops and (16768.9,18866.6) ops/second in (1.013779,11.289767) seconds
2026/05/26-12:10:26  ... thread 3: (9000,222000) ops and (8307.2,17942.0) ops/second in (1.083404,12.373171) seconds
2026/05/26-12:10:26  ... thread 2: (16000,246000) ops and (13660.1,19879.3) ops/second in (1.171291,12.374690) seconds
2026/05/26-12:10:26  ... thread 0: (13000,244000) ops and (11351.6,19716.2) ops/second in (1.145213,12.375597) seconds
2026/05/26-12:10:26  ... thread 1: (10000,223000) ops and (9041.9,18015.8) ops/second in (1.105959,12.377993) seconds
2026/05/26-12:10:27  ... thread 0: (13000,257000) ops and (11478.6,19025.6) ops/second in (1.132544,13.508141) seconds
2026/05/26-12:10:27  ... thread 2: (15000,261000) ops and (13169.7,19313.8) ops/second in (1.138974,13.513664) seconds
2026/05/26-12:10:27  ... thread 3: (17000,239000) ops and (14717.0,17666.7) ops/second in (1.155126,13.528297) seconds
2026/05/26-12:10:27  ... thread 1: (17000,240000) ops and (14747.9,17737.4) ops/second in (1.152708,13.530701) seconds
2026/05/26-12:10:29  ... thread 0: (33000,290000) ops and (21971.0,19320.3) ops/second in (1.501981,15.010122) seconds
2026/05/26-12:10:29  ... thread 2: (36000,297000) ops and (23819.5,19767.0) ops/second in (1.511366,15.025030) seconds
2026/05/26-12:10:29  ... thread 3: (30000,269000) ops and (19956.3,17895.7) ops/second in (1.503284,15.031581) seconds
2026/05/26-12:10:29  ... thread 1: (27000,267000) ops and (17532.2,17716.5) ops/second in (1.540020,15.070721) seconds
2026/05/26-12:10:30  ... thread 2: (19000,316000) ops and (16983.0,19574.1) ops/second in (1.118767,16.143797) seconds
2026/05/26-12:10:30  ... thread 3: (15000,284000) ops and (13389.0,17583.1) ops/second in (1.120326,16.151907) seconds
2026/05/26-12:10:30  ... thread 0: (15000,305000) ops and (13108.9,18880.3) ops/second in (1.144257,16.154379) seconds
2026/05/26-12:10:30  ... thread 1: (12000,279000) ops and (10988.7,17261.9) ops/second in (1.092034,16.162755) seconds
2026/05/26-12:10:31  ... thread 3: (29000,313000) ops and (20312.2,17804.7) ops/second in (1.427710,17.579617) seconds
2026/05/26-12:10:31  ... thread 1: (34000,313000) ops and (23942.9,17801.5) ops/second in (1.420043,17.582798) seconds
2026/05/26-12:10:31  ... thread 2: (29000,345000) ops and (19829.2,19595.3) ops/second in (1.462493,17.606290) seconds
2026/05/26-12:10:31  ... thread 0: (32000,337000) ops and (21979.5,19136.5) ops/second in (1.455905,17.610284) seconds
2026/05/26-12:10:32  ... thread 3: (23000,336000) ops and (22819.5,18076.6) ops/second in (1.007911,18.587528) seconds
2026/05/26-12:10:32  ... thread 1: (32000,345000) ops and (31669.1,18555.1) ops/second in (1.010450,18.593248) seconds
2026/05/26-12:10:33  ... thread 0: (27000,364000) ops and (26057.4,19521.1) ops/second in (1.036173,18.646457) seconds
2026/05/26-12:10:33  ... thread 2: (28000,373000) ops and (26701.3,19994.7) ops/second in (1.048638,18.654928) seconds
2026/05/26-12:10:34  ... thread 0: (1000,365000) ops and (617.3,18010.1) ops/second in (1.619972,20.266429) seconds
2026/05/26-12:10:35  ... thread 3: (6000,342000) ops and (2826.3,16513.4) ops/second in (2.122899,20.710427) seconds
2026/05/26-12:10:35  ... thread 2: (1000,374000) ops and (486.1,18056.9) ops/second in (2.057332,20.712260) seconds
2026/05/26-12:10:35  ... thread 1: (5000,350000) ops and (2349.7,16890.9) ops/second in (2.127912,20.721160) seconds
2026/05/26-12:10:35  ... thread 0: (15000,380000) ops and (13767.5,17793.6) ops/second in (1.089519,21.355948) seconds
2026/05/26-12:10:36  ... thread 3: (34000,376000) ops and (20341.6,16799.3) ops/second in (1.671451,22.381878) seconds
2026/05/26-12:10:36  ... thread 0: (12000,392000) ops and (11734.9,17516.8) ops/second in (1.022593,22.378541) seconds
2026/05/26-12:10:36  ... thread 1: (33000,383000) ops and (19609.0,17095.1) ops/second in (1.682898,22.404058) seconds
2026/05/26-12:10:36  ... thread 2: (32000,406000) ops and (18534.2,18093.7) ops/second in (1.726538,22.438798) seconds
2026/05/26-12:10:38  ... thread 1: (35000,418000) ops and (22274.9,17434.6) ops/second in (1.571272,23.975330) seconds
2026/05/26-12:10:38  ... thread 0: (33000,425000) ops and (20642.3,17725.2) ops/second in (1.598656,23.977197) seconds
2026/05/26-12:10:38  ... thread 2: (30000,436000) ops and (19347.3,18174.7) ops/second in (1.550600,23.989398) seconds
2026/05/26-12:10:38  ... thread 3: (27000,403000) ops and (16561.1,16783.1) ops/second in (1.630331,24.012209) seconds
2026/05/26-12:10:39  ... thread 1: (27000,445000) ops and (17119.8,17415.2) ops/second in (1.577124,25.552454) seconds
2026/05/26-12:10:39  ... thread 2: (31000,467000) ops and (19702.4,18268.7) ops/second in (1.573411,25.562809) seconds
2026/05/26-12:10:39  ... thread 3: (35000,438000) ops and (22402.8,17126.4) ops/second in (1.562303,25.574512) seconds
2026/05/26-12:10:39  ... thread 0: (32000,457000) ops and (19935.6,17863.9) ops/second in (1.605171,25.582368) seconds
2026/05/26-12:10:40  ... thread 1: (28000,473000) ops and (27877.9,17810.9) ops/second in (1.004381,26.556835) seconds
2026/05/26-12:10:40  ... thread 2: (35000,502000) ops and (34970.8,18898.0) ops/second in (1.000835,26.563644) seconds
2026/05/26-12:10:41  ... thread 3: (24000,462000) ops and (21878.2,17321.9) ops/second in (1.096984,26.671496) seconds
2026/05/26-12:10:41  ... thread 0: (34000,491000) ops and (31239.1,18409.7) ops/second in (1.088379,26.670747) seconds
2026/05/26-12:10:41  ... thread 1: (33000,506000) ops and (32463.5,18351.0) ops/second in (1.016526,27.573361) seconds
2026/05/26-12:10:41  ... thread 2: (28000,530000) ops and (27048.8,19203.7) ops/second in (1.035167,27.598811) seconds
2026/05/26-12:10:42  ... thread 3: (26000,488000) ops and (24141.0,17586.5) ops/second in (1.077004,27.748500) seconds
2026/05/26-12:10:42  ... thread 0: (34000,525000) ops and (31567.4,18920.4) ops/second in (1.077062,27.747809) seconds
2026/05/26-12:10:43  ... thread 1: (21000,527000) ops and (12491.6,18014.3) ops/second in (1.681125,29.254486) seconds
2026/05/26-12:10:43  ... thread 0: (16000,541000) ops and (10567.2,18488.2) ops/second in (1.514112,29.261921) seconds
2026/05/26-12:10:43  ... thread 3: (17000,505000) ops and (11202.4,17255.5) ops/second in (1.517536,29.266036) seconds
2026/05/26-12:10:43  ... thread 2: (18000,548000) ops and (10726.5,18717.8) ops/second in (1.678081,29.276892) seconds
2026/05/26-12:10:44  ... thread 0: (2000,543000) ops and (1850.4,17895.5) ops/second in (1.080862,30.342783) seconds
2026/05/26-12:10:44  ... thread 3: (2000,507000) ops and (1582.8,16606.8) ops/second in (1.263588,30.529624) seconds
2026/05/26-12:10:45  ... thread 1: (3000,530000) ops and (2092.6,17270.5) ops/second in (1.433623,30.688109) seconds
2026/05/26-12:10:45  ... thread 2: (4000,552000) ops and (2047.6,17675.1) ops/second in (1.953482,31.230374) seconds
2026/05/26-12:10:45  ... thread 0: (1000,544000) ops and (823.4,17238.5) ops/second in (1.214535,31.557318) seconds
2026/05/26-12:10:46  ... thread 3: (3000,510000) ops and (2247.8,16005.4) ops/second in (1.334609,31.864233) seconds
2026/05/26-12:10:46  ... thread 1: (3000,533000) ops and (2054.0,16579.2) ops/second in (1.460589,32.148698) seconds
2026/05/26-12:10:46  ... thread 2: (5000,557000) ops and (4854.0,17265.7) ops/second in (1.030070,32.260444) seconds
2026/05/26-12:10:46  ... thread 0: (15000,559000) ops and (14167.5,17138.8) ops/second in (1.058762,32.616080) seconds
2026/05/26-12:10:47  ... thread 3: (29000,539000) ops and (24917.9,16319.5) ops/second in (1.163822,33.028055) seconds
2026/05/26-12:10:47  ... thread 1: (31000,564000) ops and (30489.4,17005.7) ops/second in (1.016747,33.165445) seconds
2026/05/26-12:10:47  ... thread 2: (32000,589000) ops and (31993.1,17708.6) ops/second in (1.000216,33.260660) seconds
2026/05/26-12:10:48  ... thread 0: (26000,585000) ops and (25740.1,17397.2) ops/second in (1.010098,33.626178) seconds
2026/05/26-12:10:48  ... thread 3: (33000,572000) ops and (32769.6,16806.2) ops/second in (1.007031,34.035086) seconds
2026/05/26-12:10:48  ... thread 1: (37000,601000) ops and (36840.1,17588.6) ops/second in (1.004340,34.169785) seconds
2026/05/26-12:10:48  ... thread 2: (34000,623000) ops and (33983.0,18183.9) ops/second in (1.000499,34.261159) seconds
2026/05/26-12:10:49  ... thread 0: (27000,612000) ops and (26970.6,17673.9) ops/second in (1.001091,34.627269) seconds
2026/05/26-12:10:49  ... thread 3: (25000,597000) ops and (24628.2,17032.7) ops/second in (1.015098,35.050184) seconds
2026/05/26-12:10:49  ... thread 1: (30000,631000) ops and (29780.0,17937.8) ops/second in (1.007388,35.177173) seconds
2026/05/26-12:10:49  ... thread 2: (32000,655000) ops and (31768.3,18571.8) ops/second in (1.007295,35.268454) seconds
2026/05/26-12:10:50  ... thread 0: (29000,641000) ops and (20814.6,17795.4) ops/second in (1.393252,36.020521) seconds
2026/05/26-12:10:50  ... thread 3: (18000,615000) ops and (17868.0,17056.1) ops/second in (1.007385,36.057569) seconds
2026/05/26-12:10:50  ... thread 1: (18000,649000) ops and (17728.1,17931.9) ops/second in (1.015339,36.192512) seconds
2026/05/26-12:10:50  ... thread 2: (14000,669000) ops and (13784.0,18437.8) ops/second in (1.015671,36.284125) seconds
2026/05/26-12:10:51  ... thread 3: (15000,630000) ops and (14638.5,16989.3) ops/second in (1.024698,37.082267) seconds
2026/05/26-12:10:51  ... thread 0: (15000,656000) ops and (11956.4,17598.9) ops/second in (1.254557,37.275078) seconds
2026/05/26-12:10:51  ... thread 2: (5000,674000) ops and (4617.9,18037.4) ops/second in (1.082749,37.366874) seconds
2026/05/26-12:10:52  ... thread 1: (11000,660000) ops and (7529.6,17528.3) ops/second in (1.460897,37.653409) seconds
2026/05/26-12:10:52  ... thread 3: (1000,631000) ops and (846.0,16490.6) ops/second in (1.182044,38.264311) seconds
2026/05/26-12:10:52  ... thread 0: (3000,659000) ops and (2334.9,17090.3) ops/second in (1.284867,38.559945) seconds
2026/05/26-12:10:53  ... thread 1: (2000,662000) ops and (1748.8,17063.2) ops/second in (1.143612,38.797021) seconds
2026/05/26-12:10:53  ... thread 2: (2000,676000) ops and (1062.9,17223.6) ops/second in (1.881702,39.248576) seconds
2026/05/26-12:10:54  ... thread 0: (2000,661000) ops and (1340.6,16503.6) ops/second in (1.491845,40.051790) seconds
2026/05/26-12:10:54  ... thread 3: (2000,633000) ops and (996.3,15718.2) ops/second in (2.007395,40.271706) seconds
2026/05/26-12:10:54  ... thread 2: (2000,678000) ops and (1684.0,16767.1) ops/second in (1.187672,40.436248) seconds
2026/05/26-12:10:54  ... thread 1: (4000,666000) ops and (2373.8,16451.7) ops/second in (1.685061,40.482082) seconds
2026/05/26-12:10:55  ... thread 0: (2000,663000) ops and (1739.0,16091.5) ops/second in (1.150093,41.201883) seconds
2026/05/26-12:10:56  ... thread 2: (2000,680000) ops and (1548.6,16296.1) ops/second in (1.291508,41.727756) seconds
2026/05/26-12:10:56  ... thread 3: (3000,636000) ops and (1683.6,15123.6) ops/second in (1.781851,42.053557) seconds
2026/05/26-12:10:56  ... thread 1: (3000,669000) ops and (1753.6,15855.8) ops/second in (1.710813,42.192895) seconds
2026/05/26-12:10:57  ... thread 0: (2000,665000) ops and (1020.4,15407.1) ops/second in (1.960024,43.161907) seconds
2026/05/26-12:10:57  ... thread 2: (3000,683000) ops and (1802.6,15740.2) ops/second in (1.664247,43.392003) seconds
2026/05/26-12:10:58  ... thread 3: (3000,639000) ops and (1831.0,14625.1) ops/second in (1.638484,43.692041) seconds
2026/05/26-12:10:58  ... thread 1: (2000,671000) ops and (1285.2,15337.5) ops/second in (1.556213,43.749108) seconds
2026/05/26-12:10:58  ... thread 0: (2000,667000) ops and (1577.8,15012.5) ops/second in (1.267599,44.429506) seconds
2026/05/26-12:10:59  ... thread 2: (2000,685000) ops and (1611.4,15347.3) ops/second in (1.241166,44.633169) seconds
2026/05/26-12:10:59  ... thread 3: (2000,641000) ops and (1716.2,14289.7) ops/second in (1.165350,44.857391) seconds
2026/05/26-12:10:59  ... thread 1: (3000,674000) ops and (2004.4,14896.4) ops/second in (1.496707,45.245815) seconds
2026/05/26-12:11:00  ... thread 0: (2000,669000) ops and (1678.2,14664.2) ops/second in (1.191735,45.621241) seconds
2026/05/26-12:11:00  ... thread 2: (2000,687000) ops and (1428.5,14924.0) ops/second in (1.400111,46.033280) seconds
2026/05/26-12:11:00  ... thread 3: (2000,643000) ops and (1539.2,13930.8) ops/second in (1.299358,46.156749) seconds
2026/05/26-12:11:00  ... thread 1: (2000,676000) ops and (1718.1,14565.9) ops/second in (1.164043,46.409858) seconds
2026/05/26-12:11:01  ... thread 0: (2000,671000) ops and (1098.8,14143.8) ops/second in (1.820175,47.441416) seconds
2026/05/26-12:11:01  ... thread 3: (2000,645000) ops and (1455.0,13570.0) ops/second in (1.374609,47.531358) seconds
2026/05/26-12:11:02  ... thread 1: (1000,677000) ops and (807.5,14208.3) ops/second in (1.238345,47.648203) seconds
2026/05/26-12:11:02  ... thread 2: (2000,689000) ops and (1054.5,14375.1) ops/second in (1.896690,47.929970) seconds
2026/05/26-12:11:03  ... thread 1: (1000,678000) ops and (820.3,13874.3) ops/second in (1.219076,48.867279) seconds
2026/05/26-12:11:03  ... thread 2: (1000,690000) ops and (871.8,14059.5) ops/second in (1.147044,49.077014) seconds
2026/05/26-12:11:03  ... thread 0: (2000,673000) ops and (1182.4,13697.5) ops/second in (1.691484,49.132900) seconds
2026/05/26-12:11:03  ... thread 3: (2000,647000) ops and (983.5,13053.6) ops/second in (2.033604,49.564962) seconds
2026/05/26-12:11:04  ... thread 1: (1000,679000) ops and (799.9,13548.2) ops/second in (1.250179,50.117458) seconds
2026/05/26-12:11:04  ... thread 0: (1000,674000) ops and (922.3,13421.7) ops/second in (1.084245,50.217145) seconds
2026/05/26-12:11:04  ... thread 2: (2000,692000) ops and (1484.6,13723.6) ops/second in (1.347207,50.424221) seconds
2026/05/26-12:11:05  ... thread 3: (2000,649000) ops and (1244.7,12682.8) ops/second in (1.606799,51.171761) seconds
2026/05/26-12:11:05  ... thread 1: (1000,680000) ops and (839.7,13253.2) ops/second in (1.190866,51.308324) seconds
2026/05/26-12:11:05  ... thread 0: (1000,675000) ops and (878.1,13143.6) ops/second in (1.138831,51.355976) seconds
2026/05/26-12:11:06  ... thread 2: (1000,693000) ops and (784.9,13404.7) ops/second in (1.273978,51.698199) seconds
2026/05/26-12:11:06  ... thread 3: (1000,650000) ops and (977.6,12453.4) ops/second in (1.022941,52.194702) seconds
2026/05/26-12:11:07  ... thread 0: (1000,676000) ops and (791.7,12847.0) ops/second in (1.263156,52.619132) seconds
2026/05/26-12:11:07  ... thread 1: (2000,682000) ops and (1296.0,12904.1) ops/second in (1.543190,52.851514) seconds
2026/05/26-12:11:07  ... thread 2: (1000,694000) ops and (834.4,13119.9) ops/second in (1.198515,52.896714) seconds
2026/05/26-12:11:07  ... thread 3: (2000,652000) ops and (1577.7,12195.5) ops/second in (1.267635,53.462337) seconds
2026/05/26-12:11:08  ... thread 2: (1000,695000) ops and (749.8,12815.7) ops/second in (1.333609,54.230323) seconds
2026/05/26-12:11:08  ... thread 1: (1000,683000) ops and (688.2,12577.2) ops/second in (1.452982,54.304496) seconds
2026/05/26-12:11:08  ... thread 0: (2000,678000) ops and (1093.4,12452.2) ops/second in (1.829210,54.448342) seconds
2026/05/26-12:11:09  ... thread 3: (2000,654000) ops and (1257.0,11879.4) ops/second in (1.591041,55.053378) seconds
2026/05/26-12:11:09  ... thread 2: (8000,703000) ops and (7781.3,12722.0) ops/second in (1.028112,55.258435) seconds
2026/05/26-12:11:09  ... thread 1: (8000,691000) ops and (7967.6,12493.5) ops/second in (1.004064,55.308560) seconds
2026/05/26-12:11:09  ... thread 0: (12000,690000) ops and (11612.5,12436.5) ops/second in (1.033366,55.481708) seconds
2026/05/26-12:11:10  ... thread 3: (26000,680000) ops and (25314.3,12125.4) ops/second in (1.027086,56.080464) seconds
2026/05/26-12:11:10  ... thread 2: (24000,727000) ops and (23559.3,12918.2) ops/second in (1.018708,56.277143) seconds
2026/05/26-12:11:10  ... thread 1: (24000,715000) ops and (23888.3,12696.8) ops/second in (1.004674,56.313234) seconds
2026/05/26-12:11:10  ... thread 0: (26000,716000) ops and (25805.5,12675.0) ops/second in (1.007537,56.489245) seconds
2026/05/26-12:11:11  ... thread 3: (24000,704000) ops and (20888.9,12301.4) ops/second in (1.148937,57.229401) seconds
2026/05/26-12:11:11  ... thread 1: (28000,743000) ops and (27806.2,12962.3) ops/second in (1.006968,57.320202) seconds
2026/05/26-12:11:11  ... thread 2: (23000,750000) ops and (22005.0,13083.9) ops/second in (1.045218,57.322361) seconds
2026/05/26-12:11:11  ... thread 0: (28000,744000) ops and (27691.0,12939.0) ops/second in (1.011159,57.500404) seconds
2026/05/26-12:11:12  ... thread 3: (17000,721000) ops and (16655.5,12377.7) ops/second in (1.020685,58.250086) seconds
2026/05/26-12:11:12  ... thread 1: (15000,758000) ops and (14766.6,12993.7) ops/second in (1.015808,58.336010) seconds
2026/05/26-12:11:12  ... thread 2: (16000,766000) ops and (15552.6,13127.4) ops/second in (1.028765,58.351126) seconds
2026/05/26-12:11:12  ... thread 0: (17000,761000) ops and (16549.7,13002.4) ops/second in (1.027210,58.527614) seconds
2026/05/26-12:11:13  ... thread 3: (29000,750000) ops and (28238.1,12652.4) ops/second in (1.026982,59.277068) seconds
2026/05/26-12:11:13  ... thread 2: (24000,790000) ops and (23939.2,13310.0) ops/second in (1.002538,59.353664) seconds
2026/05/26-12:11:13  ... thread 1: (21000,779000) ops and (20386.8,13122.0) ops/second in (1.030076,59.366086) seconds
2026/05/26-12:11:13  ... thread 0: (23000,784000) ops and (22975.2,13170.1) ops/second in (1.001081,59.528695) seconds
2026/05/26-12:11:15  ... thread 1: (19000,798000) ops and (14953.1,13160.3) ops/second in (1.270640,60.636726) seconds
2026/05/26-12:11:15  ... thread 0: (15000,799000) ops and (13550.3,13177.1) ops/second in (1.106988,60.635683) seconds
2026/05/26-12:11:15  ... thread 2: (19000,809000) ops and (14451.9,13334.8) ops/second in (1.314702,60.668366) seconds
2026/05/26-12:11:15  ... thread 3: (19000,769000) ops and (13605.1,12674.4) ops/second in (1.396533,60.673601) seconds
2026/05/26-12:11:16  ... thread 1: (27000,825000) ops and (26384.0,13379.8) ops/second in (1.023346,61.660072) seconds
2026/05/26-12:11:16  ... thread 0: (27000,826000) ops and (26305.7,13395.6) ops/second in (1.026393,61.662076) seconds
2026/05/26-12:11:16  ... thread 2: (25000,834000) ops and (24938.9,13523.4) ops/second in (1.002448,61.670814) seconds
2026/05/26-12:11:16  ... thread 3: (31000,800000) ops and (30310.1,12966.7) ops/second in (1.022763,61.696364) seconds
2026/05/26-12:11:17  ... thread 1: (25000,850000) ops and (24506.2,13560.9) ops/second in (1.020152,62.680224) seconds
2026/05/26-12:11:17  ... thread 2: (26000,860000) ops and (25328.2,13716.7) ops/second in (1.026523,62.697337) seconds
2026/05/26-12:11:17  ... thread 3: (25000,825000) ops and (24488.6,13154.3) ops/second in (1.020882,62.717246) seconds
2026/05/26-12:11:17  ... thread 0: (22000,848000) ops and (20791.4,13520.4) ops/second in (1.058131,62.720207) seconds
2026/05/26-12:11:18  ... thread 1: (12000,862000) ops and (9826.5,13489.5) ops/second in (1.221189,63.901413) seconds
2026/05/26-12:11:18  ... thread 3: (11000,836000) ops and (7091.5,13007.9) ops/second in (1.551158,64.268404) seconds
2026/05/26-12:11:18  ... thread 0: (11000,859000) ops and (6491.7,13335.5) ops/second in (1.694476,64.414683) seconds
2026/05/26-12:11:19  ... thread 2: (11000,871000) ops and (5194.2,13438.2) ops/second in (2.117760,64.815097) seconds
2026/05/26-12:11:19  ... thread 1: (2000,864000) ops and (1352.9,13215.1) ops/second in (1.478303,65.379716) seconds
2026/05/26-12:11:19  ... thread 3: (2000,838000) ops and (1530.3,12779.2) ops/second in (1.306967,65.575371) seconds
2026/05/26-12:11:20  ... thread 0: (1000,860000) ops and (705.5,13063.5) ops/second in (1.417366,65.832049) seconds
2026/05/26-12:11:20  ... thread 2: (2000,873000) ops and (1287.7,13153.9) ops/second in (1.553156,66.368253) seconds
2026/05/26-12:11:21  ... thread 1: (2000,866000) ops and (1190.8,12914.0) ops/second in (1.679478,67.059194) seconds
2026/05/26-12:11:21  ... thread 3: (2000,840000) ops and (1288.9,12513.6) ops/second in (1.551732,67.127103) seconds
2026/05/26-12:11:21  ... thread 0: (1000,861000) ops and (744.6,12817.3) ops/second in (1.343004,67.175053) seconds
2026/05/26-12:11:22  ... thread 3: (1000,841000) ops and (914.7,12327.7) ops/second in (1.093229,68.220332) seconds
2026/05/26-12:11:22  ... thread 2: (2000,875000) ops and (1043.4,12813.9) ops/second in (1.916815,68.285068) seconds
2026/05/26-12:11:23  ... thread 1: (2000,868000) ops and (1281.4,12649.4) ops/second in (1.560790,68.619984) seconds
2026/05/26-12:11:23  ... thread 0: (2000,863000) ops and (1022.1,12483.4) ops/second in (1.956748,69.131801) seconds
2026/05/26-12:11:24  ... thread 2: (2000,877000) ops and (1205.8,12538.7) ops/second in (1.658625,69.943693) seconds
2026/05/26-12:11:24  ... thread 1: (3000,871000) ops and (1983.8,12419.4) ops/second in (1.512245,70.132229) seconds
2026/05/26-12:11:24  ... thread 3: (2000,843000) ops and (988.2,12001.0) ops/second in (2.023849,70.244181) seconds
2026/05/26-12:11:25  ... thread 0: (1000,864000) ops and (661.0,12230.2) ops/second in (1.512957,70.644758) seconds
2026/05/26-12:11:25  ... thread 2: (1000,878000) ops and (866.1,12349.1) ops/second in (1.154653,71.098346) seconds
2026/05/26-12:11:25  ... thread 1: (1000,872000) ops and (997.6,12258.4) ops/second in (1.002432,71.134661) seconds
2026/05/26-12:11:25  ... thread 3: (2000,845000) ops and (1471.6,11801.1) ops/second in (1.359066,71.603247) seconds
2026/05/26-12:11:26  ... thread 0: (2000,866000) ops and (1503.2,12031.9) ops/second in (1.330519,71.975277) seconds
2026/05/26-12:11:26  ... thread 1: (1000,873000) ops and (782.5,12055.9) ops/second in (1.277950,72.412611) seconds
2026/05/26-12:11:27  ... thread 2: (2000,880000) ops and (1179.2,12088.8) ops/second in (1.696036,72.794382) seconds
2026/05/26-12:11:27  ... thread 3: (2000,847000) ops and (1270.0,11574.5) ops/second in (1.574846,73.178093) seconds
2026/05/26-12:11:28  ... thread 1: (2000,875000) ops and (1483.8,11862.7) ops/second in (1.347883,73.760494) seconds
2026/05/26-12:11:28  ... thread 2: (1000,881000) ops and (927.5,11926.0) ops/second in (1.078120,73.872502) seconds
2026/05/26-12:11:28  ... thread 0: (2000,868000) ops and (867.3,11685.3) ops/second in (2.306091,74.281368) seconds
2026/05/26-12:11:29  ... thread 2: (2000,883000) ops and (1768.5,11772.8) ops/second in (1.130883,75.003385) seconds
2026/05/26-12:11:29  ... thread 1: (2000,877000) ops and (1606.7,11692.5) ops/second in (1.244787,75.005281) seconds
2026/05/26-12:11:29  ... thread 3: (2000,849000) ops and (1091.2,11318.3) ops/second in (1.832916,75.011009) seconds
2026/05/26-12:11:30  ... thread 0: (19000,887000) ops and (13875.8,11724.9) ops/second in (1.369294,75.650662) seconds
2026/05/26-12:11:30  ... thread 1: (28000,905000) ops and (27850.3,11906.2) ops/second in (1.005375,76.010656) seconds
2026/05/26-12:11:30  ... thread 3: (31000,880000) ops and (30659.9,11575.6) ops/second in (1.011092,76.022101) seconds
2026/05/26-12:11:30  ... thread 2: (35000,918000) ops and (33866.4,12073.1) ops/second in (1.033472,76.036857) seconds
2026/05/26-12:11:31  ... thread 0: (31000,918000) ops and (28931.9,11965.3) ops/second in (1.071481,76.722143) seconds
2026/05/26-12:11:31  ... thread 1: (32000,937000) ops and (31957.0,12166.9) ops/second in (1.001345,77.012001) seconds
2026/05/26-12:11:31  ... thread 2: (32000,950000) ops and (31910.8,12331.3) ops/second in (1.002796,77.039653) seconds
2026/05/26-12:11:31  ... thread 3: (31000,911000) ops and (29864.1,11821.9) ops/second in (1.038037,77.060138) seconds
2026/05/26-12:11:32  ... thread 0: (13000,931000) ops and (12688.1,11974.8) ops/second in (1.024581,77.746724) seconds
2026/05/26-12:11:32  ... thread 2: (9000,959000) ops and (8863.7,12286.2) ops/second in (1.015379,78.055032) seconds
2026/05/26-12:11:32  ... thread 1: (8000,945000) ops and (7426.8,12101.5) ops/second in (1.077176,78.089177) seconds
2026/05/26-12:11:32  ... thread 3: (8000,919000) ops and (7712.1,11767.3) ops/second in (1.037327,78.097465) seconds
2026/05/26-12:11:33  ... thread 0: (22000,953000) ops and (21854.9,12101.1) ops/second in (1.006637,78.753361) seconds
2026/05/26-12:11:33  ... thread 1: (25000,970000) ops and (17534.0,12199.0) ops/second in (1.425803,79.514980) seconds
2026/05/26-12:11:33  ... thread 3: (24000,943000) ops and (16461.5,11853.4) ops/second in (1.457943,79.555408) seconds
2026/05/26-12:11:33  ... thread 2: (28000,987000) ops and (18647.4,12406.3) ops/second in (1.501551,79.556583) seconds
2026/05/26-12:11:34  ... thread 0: (15000,968000) ops and (14596.3,12133.2) ops/second in (1.027661,79.781022) seconds
2026/05/26-12:11:35  ... thread 0: (21000,989000) ops and (19362.3,12230.2) ops/second in (1.084584,80.865606) seconds
2026/05/26-12:11:35  ... thread 3: (29000,972000) ops and (20010.4,11999.3) ops/second in (1.449246,81.004654) seconds
2026/05/26-12:11:35  ... thread 1: (40000,1010000) ops and (21508.3,12411.7) ops/second in (1.859746,81.374726) seconds
2026/05/26-12:11:35  ... thread 2: (27000,1014000) ops and (14267.7,12449.5) ops/second in (1.892387,81.448970) seconds
2026/05/26-12:11:36  ... thread 0: (2000,991000) ops and (1211.5,12009.7) ops/second in (1.650914,82.516520) seconds
2026/05/26-12:11:36  ... thread 3: (3000,975000) ops and (1941.4,11811.0) ops/second in (1.545275,82.549929) seconds
2026/05/26-12:11:36  ... thread 2: (1000,1015000) ops and (856.7,12285.7) ops/second in (1.167332,82.616302) seconds
2026/05/26-12:11:37  ... thread 1: (2000,1012000) ops and (1290.0,12203.8) ops/second in (1.550411,82.925137) seconds
2026/05/26-12:11:38  ... thread 2: (1000,1016000) ops and (973.0,12146.7) ops/second in (1.027704,83.644006) seconds
2026/05/26-12:11:38  ... thread 3: (1000,976000) ops and (838.6,11654.8) ops/second in (1.192459,83.742388) seconds
2026/05/26-12:11:38  ... thread 0: (2000,993000) ops and (1532.8,11846.6) ops/second in (1.304816,83.821336) seconds
2026/05/26-12:11:38  ... thread 1: (2000,1014000) ops and (1590.4,12045.2) ops/second in (1.257559,84.182696) seconds
2026/05/26-12:11:39  ... thread 3: (2000,978000) ops and (1494.3,11495.0) ops/second in (1.338389,85.080777) seconds
2026/05/26-12:11:39  ... thread 0: (1000,994000) ops and (707.9,11662.0) ops/second in (1.412682,85.234018) seconds
2026/05/26-12:11:39  ... thread 1: (2000,1016000) ops and (1691.7,11901.8) ops/second in (1.182270,85.364966) seconds
2026/05/26-12:11:40  ... thread 2: (2000,1018000) ops and (999.8,11886.3) ops/second in (2.000479,85.644485) seconds
2026/05/26-12:11:41  ... thread 2: (1000,1019000) ops and (983.9,11758.5) ops/second in (1.016374,86.660859) seconds
2026/05/26-12:11:41  ... thread 0: (2000,996000) ops and (1363.3,11487.8) ops/second in (1.466984,86.701002) seconds
2026/05/26-12:11:41  ... thread 3: (3000,981000) ops and (1775.6,11305.7) ops/second in (1.689610,86.770387) seconds
2026/05/26-12:11:41  ... thread 1: (2000,1018000) ops and (1331.5,11719.1) ops/second in (1.502110,86.867076) seconds
2026/05/26-12:11:42  ... thread 3: (2000,983000) ops and (1522.9,11159.8) ops/second in (1.313301,88.083688) seconds
2026/05/26-12:11:42  ... thread 0: (2000,998000) ops and (1300.1,11310.2) ops/second in (1.538307,88.239309) seconds
2026/05/26-12:11:42  ... thread 2: (2000,1021000) ops and (1243.9,11566.9) ops/second in (1.607895,88.268754) seconds
2026/05/26-12:11:43  ... thread 3: (2000,985000) ops and (1905.8,11050.9) ops/second in (1.049438,89.133126) seconds
2026/05/26-12:11:43  ... thread 0: (1000,999000) ops and (945.6,11187.4) ops/second in (1.057534,89.296843) seconds
2026/05/26-12:11:43  ... thread 1: (2000,1020000) ops and (820.5,11421.6) ops/second in (2.437602,89.304678) seconds
2026/05/26-12:11:44  ... thread 2: (2000,1023000) ops and (1411.7,11406.5) ops/second in (1.416735,89.685489) seconds
2026/05/26-12:11:44  ... thread 0: (2000,1001000) ops and (1581.2,11053.2) ops/second in (1.264892,90.561735) seconds
2026/05/26-12:11:45  ... thread 2: (2000,1025000) ops and (1789.7,11288.2) ops/second in (1.117476,90.802965) seconds
2026/05/26-12:11:45  ... thread 3: (2000,987000) ops and (1030.1,10837.3) ops/second in (1.941499,91.074625) seconds
2026/05/26-12:11:45  ... thread 1: (2000,1022000) ops and (1095.3,11214.7) ops/second in (1.825967,91.130645) seconds
2026/05/26-12:11:46  ... thread 0: (2000,1003000) ops and (1421.4,10905.9) ops/second in (1.407071,91.968806) seconds
2026/05/26-12:11:46  ... thread 2: (2000,1027000) ops and (1272.0,11117.7) ops/second in (1.572314,92.375279) seconds
2026/05/26-12:11:47  ... thread 1: (2000,1024000) ops and (992.5,10993.5) ops/second in (2.015046,93.145691) seconds
2026/05/26-12:11:48  ... thread 3: (2000,989000) ops and (775.1,10560.1) ops/second in (2.580161,93.654786) seconds
2026/05/26-12:11:48  ... thread 2: (2000,1029000) ops and (1274.9,10953.3) ops/second in (1.568761,93.944040) seconds
2026/05/26-12:11:48  ... thread 0: (3000,1006000) ops and (1341.6,10678.8) ops/second in (2.236219,94.205025) seconds
2026/05/26-12:11:49  ... thread 0: (2000,1008000) ops and (1610.9,10560.9) ops/second in (1.241517,95.446542) seconds
2026/05/26-12:11:50  ... thread 1: (2000,1026000) ops and (804.8,10728.8) ops/second in (2.485129,95.630820) seconds
2026/05/26-12:11:50  ... thread 2: (1000,1030000) ops and (462.5,10717.3) ops/second in (2.162237,96.106277) seconds
2026/05/26-12:11:51  ... thread 1: (2000,1028000) ops and (1714.7,10620.1) ops/second in (1.166409,96.797229) seconds
2026/05/26-12:11:51  ... thread 3: (2000,991000) ops and (612.8,10225.1) ops/second in (3.263637,96.918423) seconds
2026/05/26-12:11:51  ... thread 0: (1000,1009000) ops and (617.2,10394.9) ops/second in (1.620192,97.066734) seconds
2026/05/26-12:11:51  ... thread 2: (1000,1031000) ops and (916.7,10607.3) ops/second in (1.090914,97.197191) seconds
2026/05/26-12:11:52  ... thread 3: (1000,992000) ops and (872.4,10115.8) ops/second in (1.146325,98.064748) seconds
2026/05/26-12:11:52  ... thread 1: (1000,1029000) ops and (777.3,10491.0) ops/second in (1.286482,98.083711) seconds
2026/05/26-12:11:53  ... thread 0: (1000,1010000) ops and (606.9,10231.5) ops/second in (1.647852,98.714586) seconds
2026/05/26-12:11:53  ... thread 1: (1000,1030000) ops and (846.0,10376.2) ops/second in (1.181964,99.265675) seconds
2026/05/26-12:11:54  ... thread 2: (2000,1033000) ops and (801.7,10361.9) ops/second in (2.494566,99.691757) seconds
2026/05/26-12:11:54  ... thread 3: (2000,994000) ops and (972.1,9927.9) ops/second in (2.057395,100.122143) seconds
2026/05/26-12:11:54  ... thread 0: (1000,1011000) ops and (615.3,10075.8) ops/second in (1.625262,100.339848) seconds
2026/05/26-12:11:54  ... thread 1: (2000,1032000) ops and (1829.8,10283.1) ops/second in (1.093039,100.358714) seconds
2026/05/26-12:11:55  ... thread 2: (10000,1043000) ops and (9676.1,10354.9) ops/second in (1.033472,100.725229) seconds
2026/05/26-12:11:55  ... thread 3: (22000,1016000) ops and (21645.9,10045.6) ops/second in (1.016359,101.138502) seconds
2026/05/26-12:11:55  ... thread 0: (24000,1035000) ops and (23927.2,10212.9) ops/second in (1.003041,101.342889) seconds
2026/05/26-12:11:55  ... thread 1: (26000,1058000) ops and (25397.3,10435.7) ops/second in (1.023732,101.382446) seconds
2026/05/26-12:11:56  ... thread 2: (25000,1068000) ops and (24601.1,10497.2) ops/second in (1.016213,101.741442) seconds
2026/05/26-12:11:56  ... thread 3: (21000,1037000) ops and (20287.4,10149.4) ops/second in (1.035124,102.173626) seconds
2026/05/26-12:11:56  ... thread 0: (23000,1058000) ops and (22954.8,10337.6) ops/second in (1.001968,102.344857) seconds
2026/05/26-12:11:56  ... thread 1: (22000,1080000) ops and (21350.4,10545.5) ops/second in (1.030427,102.412873) seconds
2026/05/26-12:11:57  ... thread 2: (20000,1088000) ops and (17144.6,10572.6) ops/second in (1.166545,102.907987) seconds
2026/05/26-12:11:57  ... thread 3: (21000,1058000) ops and (20577.1,10252.5) ops/second in (1.020551,103.194177) seconds
2026/05/26-12:11:57  ... thread 0: (23000,1081000) ops and (22491.4,10457.8) ops/second in (1.022615,103.367472) seconds
2026/05/26-12:11:57  ... thread 1: (22000,1102000) ops and (21877.6,10655.7) ops/second in (1.005595,103.418468) seconds
2026/05/26-12:11:58  ... thread 2: (25000,1113000) ops and (24365.1,10708.7) ops/second in (1.026056,103.934043) seconds
2026/05/26-12:11:58  ... thread 3: (24000,1082000) ops and (22910.7,10379.7) ops/second in (1.047547,104.241724) seconds
2026/05/26-12:11:58  ... thread 0: (20000,1101000) ops and (19800.0,10548.2) ops/second in (1.010103,104.377575) seconds
2026/05/26-12:11:58  ... thread 1: (25000,1127000) ops and (23263.4,10785.4) ops/second in (1.074649,104.493117) seconds
2026/05/26-12:11:59  ... thread 2: (25000,1138000) ops and (24426.0,10842.5) ops/second in (1.023501,104.957544) seconds
2026/05/26-12:11:59  ... thread 3: (29000,1111000) ops and (28539.9,10555.0) ops/second in (1.016120,105.257844) seconds
2026/05/26-12:12:00  ... thread 1: (24000,1151000) ops and (17865.8,10875.3) ops/second in (1.343345,105.836462) seconds
2026/05/26-12:12:00  ... thread 0: (27000,1128000) ops and (18473.4,10657.7) ops/second in (1.461562,105.839137) seconds
2026/05/26-12:12:00  ... thread 2: (16000,1154000) ops and (15570.3,10888.3) ops/second in (1.027600,105.985144) seconds
2026/05/26-12:12:00  ... thread 3: (15000,1126000) ops and (14977.3,10596.7) ops/second in (1.001518,106.259362) seconds
2026/05/26-12:12:01  ... thread 1: (29000,1180000) ops and (28170.5,11041.9) ops/second in (1.029447,106.865909) seconds
2026/05/26-12:12:01  ... thread 0: (30000,1158000) ops and (29243.3,10836.1) ops/second in (1.025875,106.865012) seconds
2026/05/26-12:12:01  ... thread 2: (26000,1180000) ops and (25333.1,11026.9) ops/second in (1.026326,107.011470) seconds
2026/05/26-12:12:01  ... thread 3: (29000,1155000) ops and (27959.5,10764.6) ops/second in (1.037215,107.296577) seconds
2026/05/26-12:12:02  ... thread 1: (20000,1200000) ops and (13864.3,11079.5) ops/second in (1.442559,108.308468) seconds
2026/05/26-12:12:02  ... thread 2: (16000,1196000) ops and (11925.3,11038.0) ops/second in (1.341683,108.353153) seconds
2026/05/26-12:12:02  ... thread 0: (18000,1176000) ops and (10848.7,10836.3) ops/second in (1.659178,108.524190) seconds
2026/05/26-12:12:03  ... thread 3: (6000,1161000) ops and (3456.9,10648.2) ops/second in (1.735653,109.032230) seconds
2026/05/26-12:12:03  ... thread 1: (1000,1201000) ops and (766.6,10956.7) ops/second in (1.304431,109.612899) seconds
2026/05/26-12:12:04  ... thread 0: (1000,1177000) ops and (754.6,10714.7) ops/second in (1.325129,109.849319) seconds
2026/05/26-12:12:04  ... thread 2: (2000,1198000) ops and (1121.0,10877.3) ops/second in (1.784149,110.137302) seconds
2026/05/26-12:12:05  ... thread 1: (1000,1202000) ops and (798.7,10842.0) ops/second in (1.252006,110.864905) seconds
2026/05/26-12:12:05  ... thread 3: (2000,1163000) ops and (1064.6,10485.9) ops/second in (1.878651,110.910881) seconds
2026/05/26-12:12:06  ... thread 2: (1000,1199000) ops and (659.6,10738.6) ops/second in (1.516062,111.653364) seconds
2026/05/26-12:12:06  ... thread 0: (2000,1179000) ops and (996.5,10540.3) ops/second in (2.006997,111.856316) seconds
2026/05/26-12:12:06  ... thread 3: (1000,1164000) ops and (930.9,10394.2) ops/second in (1.074270,111.985151) seconds
2026/05/26-12:12:07  ... thread 1: (2000,1204000) ops and (1115.5,10687.2) ops/second in (1.792898,112.657803) seconds
2026/05/26-12:12:07  ... thread 2: (1000,1200000) ops and (669.2,10605.6) ops/second in (1.494226,113.147590) seconds
2026/05/26-12:12:07  ... thread 0: (2000,1181000) ops and (1259.7,10410.4) ops/second in (1.587728,113.444044) seconds
2026/05/26-12:12:07  ... thread 3: (1000,1165000) ops and (622.0,10255.9) ops/second in (1.607629,113.592780) seconds
2026/05/26-12:12:08  ... thread 1: (1000,1205000) ops and (710.9,10564.2) ops/second in (1.406751,114.064554) seconds
2026/05/26-12:12:08  ... thread 0: (1000,1182000) ops and (865.0,10314.1) ops/second in (1.156029,114.600073) seconds
2026/05/26-12:12:09  ... thread 2: (2000,1202000) ops and (1213.3,10470.8) ops/second in (1.648386,114.795976) seconds
2026/05/26-12:12:09  ... thread 3: (2000,1167000) ops and (1033.9,10101.5) ops/second in (1.934504,115.527284) seconds
2026/05/26-12:12:10  ... thread 0: (1000,1183000) ops and (854.0,10218.4) ops/second in (1.170916,115.770989) seconds
2026/05/26-12:12:10  ... thread 1: (1000,1206000) ops and (523.4,10398.8) ops/second in (1.910454,115.975008) seconds
2026/05/26-12:12:10  ... thread 2: (2000,1204000) ops and (1116.8,10327.1) ops/second in (1.790870,116.586846) seconds
2026/05/26-12:12:11  ... thread 0: (1000,1184000) ops and (797.4,10117.5) ops/second in (1.254016,117.025005) seconds
2026/05/26-12:12:12  ... thread 3: (2000,1169000) ops and (905.8,9929.0) ops/second in (2.208084,117.735368) seconds
2026/05/26-12:12:12  ... thread 2: (2000,1206000) ops and (1367.7,10216.1) ops/second in (1.462351,118.049197) seconds
2026/05/26-12:12:13  ... thread 0: (1000,1185000) ops and (582.4,9979.6) ops/second in (1.716888,118.741893) seconds
2026/05/26-12:12:13  ... thread 1: (2000,1208000) ops and (673.6,10156.0) ops/second in (2.969181,118.944189) seconds
2026/05/26-12:12:13  ... thread 3: (2000,1171000) ops and (1122.0,9797.7) ops/second in (1.782509,119.517877) seconds
2026/05/26-12:12:14  ... thread 0: (2000,1187000) ops and (1841.6,9905.9) ops/second in (1.085991,119.827884) seconds
2026/05/26-12:12:14  ... thread 2: (2000,1208000) ops and (949.4,10053.6) ops/second in (2.106594,120.155791) seconds
2026/05/26-12:12:14  ... thread 1: (1000,1209000) ops and (772.6,10055.0) ops/second in (1.294354,120.238543) seconds
2026/05/26-12:12:15  ... thread 3: (1000,1172000) ops and (667.2,9684.6) ops/second in (1.498898,121.016775) seconds
2026/05/26-12:12:15  ... thread 2: (1000,1209000) ops and (931.1,9972.8) ops/second in (1.074031,121.229822) seconds
2026/05/26-12:12:15  ... thread 1: (1000,1210000) ops and (780.4,9957.2) ops/second in (1.281392,121.519935) seconds
2026/05/26-12:12:15  ... thread 0: (2000,1189000) ops and (1166.7,9782.6) ops/second in (1.714165,121.542049) seconds
2026/05/26-12:12:16  ... thread 3: (1000,1173000) ops and (804.8,9594.4) ops/second in (1.242578,122.259353) seconds
2026/05/26-12:12:16  ... thread 2: (1000,1210000) ops and (729.3,9869.4) ops/second in (1.371210,122.601032) seconds
2026/05/26-12:12:17  ... thread 1: (1000,1211000) ops and (795.0,9863.3) ops/second in (1.257838,122.777773) seconds
2026/05/26-12:12:17  ... thread 3: (1000,1174000) ops and (844.5,9510.4) ops/second in (1.184077,123.443430) seconds
2026/05/26-12:12:17  ... thread 0: (2000,1191000) ops and (985.5,9638.2) ops/second in (2.029367,123.571416) seconds
2026/05/26-12:12:18  ... thread 2: (1000,1211000) ops and (731.5,9768.6) ops/second in (1.367098,123.968130) seconds
2026/05/26-12:12:18  ... thread 1: (2000,1213000) ops and (1257.3,9753.3) ops/second in (1.590689,124.368462) seconds
2026/05/26-12:12:19  ... thread 3: (1000,1175000) ops and (839.7,9427.6) ops/second in (1.190949,124.634379) seconds
2026/05/26-12:12:19  ... thread 2: (1000,1212000) ops and (742.0,9671.6) ops/second in (1.347691,125.315821) seconds
2026/05/26-12:12:20  ... thread 0: (2000,1193000) ops and (935.9,9490.2) ops/second in (2.136890,125.708306) seconds
2026/05/26-12:12:20  ... thread 1: (1000,1214000) ops and (481.1,9600.9) ops/second in (2.078430,126.446892) seconds
2026/05/26-12:12:20  ... thread 3: (1000,1176000) ops and (520.4,9292.3) ops/second in (1.921450,126.555829) seconds
2026/05/26-12:12:21  ... thread 2: (1000,1213000) ops and (610.5,9554.7) ops/second in (1.637940,126.953761) seconds
2026/05/26-12:12:21  ... thread 0: (1000,1194000) ops and (685.1,9389.2) ops/second in (1.459710,127.168016) seconds
2026/05/26-12:12:22  ... thread 2: (1000,1214000) ops and (829.0,9472.5) ops/second in (1.206226,128.159987) seconds
2026/05/26-12:12:22  ... thread 3: (1000,1177000) ops and (588.6,9177.1) ops/second in (1.698836,128.254665) seconds
2026/05/26-12:12:22  ... thread 1: (1000,1215000) ops and (515.1,9463.5) ops/second in (1.941341,128.388233) seconds
2026/05/26-12:12:23  ... thread 0: (1000,1195000) ops and (528.7,9259.3) ops/second in (1.891472,129.059488) seconds
2026/05/26-12:12:23  ... thread 2: (1000,1215000) ops and (819.4,9390.9) ops/second in (1.220410,129.380397) seconds
2026/05/26-12:12:25  ... thread 1: (1000,1216000) ops and (428.5,9302.2) ops/second in (2.333782,130.722015) seconds
2026/05/26-12:12:25  ... thread 0: (2000,1197000) ops and (1069.1,9142.3) ops/second in (1.870731,130.930219) seconds
2026/05/26-12:12:25  ... thread 3: (1000,1178000) ops and (336.2,8976.6) ops/second in (2.974768,131.229433) seconds
2026/05/26-12:12:26  ... thread 2: (1000,1216000) ops and (440.9,9236.7) ops/second in (2.268042,131.648439) seconds
2026/05/26-12:12:26  ... thread 0: (1000,1198000) ops and (636.6,9041.4) ops/second in (1.570914,132.501133) seconds
2026/05/26-12:12:27  ... thread 1: (1000,1217000) ops and (490.5,9166.9) ops/second in (2.038656,132.760671) seconds
2026/05/26-12:12:27  ... thread 3: (2000,1180000) ops and (855.5,8834.5) ops/second in (2.337746,133.567179) seconds
2026/05/26-12:12:28  ... thread 2: (1000,1217000) ops and (412.5,9077.2) ops/second in (2.424254,134.072693) seconds
2026/05/26-12:12:29  ... thread 0: (1000,1199000) ops and (436.0,8895.0) ops/second in (2.293638,134.794771) seconds
2026/05/26-12:12:29  ... thread 1: (1000,1218000) ops and (490.3,9035.6) ops/second in (2.039456,134.800127) seconds
2026/05/26-12:12:29  ... thread 3: (2000,1182000) ops and (1602.4,8767.6) ops/second in (1.248102,134.815281) seconds
2026/05/26-12:12:29  ... thread 2: (9000,1226000) ops and (8628.8,9073.7) ops/second in (1.043024,135.115717) seconds
2026/05/26-12:12:30  ... thread 1: (25000,1243000) ops and (24908.1,9152.9) ops/second in (1.003690,135.803817) seconds
2026/05/26-12:12:30  ... thread 0: (24000,1223000) ops and (23568.7,9005.0) ops/second in (1.018298,135.813069) seconds
2026/05/26-12:12:30  ... thread 3: (27000,1209000) ops and (26316.0,8900.1) ops/second in (1.025991,135.841272) seconds
Initializing RocksDB Options from the specified file
Initializing RocksDB Options from command-line flags
Integrated BlobDB: blob cache disabled
Keys:       16 bytes each (+ 0 bytes user-defined timestamp)
Values:     1024 bytes each (512 bytes after compression)
Entries:    1250000
Prefix:    0 bytes
Keys per prefix:    0
RawSize:    1239.8 MB (estimated)
FileSize:   629.4 MB (estimated)
Write rate: 0 bytes/second
Read rate: 0 ops/second
Compression: Snappy
Compression sampling rate: 0
Memtablerep: SkipListFactory
Perf Level: 1
WARNING: Assertions are enabled; benchmarks unnecessarily slow
------------------------------------------------
Initializing RocksDB Options from the specified file
Initializing RocksDB Options from command-line flags
Integrated BlobDB: blob cache disabled
DB path: [/tmp/rocksdb_comp_exp_db]
fillrandom   :     109.050 micros/op 36605 ops/sec 136.592 seconds 5000000 operations;   36.3 MB/s
2026/05/26-12:12:34  ... thread 2: (1000,1000) ops and (257.6,257.6) ops/second in (3.881616,3.881616) seconds
2026/05/26-12:12:34  ... thread 1: (1000,1000) ops and (252.4,252.4) ops/second in (3.962096,3.962096) seconds
2026/05/26-12:12:34  ... thread 0: (1000,1000) ops and (252.0,252.0) ops/second in (3.967575,3.967575) seconds
2026/05/26-12:12:34  ... thread 3: (1000,1000) ops and (251.7,251.7) ops/second in (3.972231,3.972231) seconds
2026/05/26-12:12:37  ... thread 2: (1000,2000) ops and (439.2,324.7) ops/second in (2.277064,6.158680) seconds
2026/05/26-12:12:37  ... thread 0: (1000,2000) ops and (421.9,315.6) ops/second in (2.370007,6.337582) seconds
2026/05/26-12:12:37  ... thread 1: (1000,2000) ops and (421.0,315.6) ops/second in (2.375349,6.337445) seconds
2026/05/26-12:12:37  ... thread 3: (1000,2000) ops and (401.5,309.5) ops/second in (2.490585,6.462816) seconds
2026/05/26-12:12:40  ... thread 2: (1000,3000) ops and (332.0,327.1) ops/second in (3.011977,9.170657) seconds
2026/05/26-12:12:40  ... thread 0: (1000,3000) ops and (341.2,323.7) ops/second in (2.930499,9.268081) seconds
2026/05/26-12:12:40  ... thread 1: (1000,3000) ops and (337.7,322.6) ops/second in (2.961589,9.299034) seconds
2026/05/26-12:12:40  ... thread 3: (1000,3000) ops and (344.4,320.3) ops/second in (2.903429,9.366245) seconds
2026/05/26-12:12:42  ... thread 2: (1000,4000) ops and (374.9,337.9) ops/second in (2.667448,11.838105) seconds
2026/05/26-12:12:42  ... thread 0: (1000,4000) ops and (375.9,335.3) ops/second in (2.660319,11.928400) seconds
2026/05/26-12:12:42  ... thread 3: (1000,4000) ops and (385.5,334.4) ops/second in (2.594345,11.960590) seconds
2026/05/26-12:12:43  ... thread 1: (1000,4000) ops and (358.1,330.8) ops/second in (2.792474,12.091508) seconds
2026/05/26-12:12:47  ... thread 0: (1000,5000) ops and (219.9,303.5) ops/second in (4.547761,16.476161) seconds
2026/05/26-12:12:47  ... thread 2: (1000,5000) ops and (211.5,301.8) ops/second in (4.729025,16.567130) seconds
2026/05/26-12:12:47  ... thread 1: (1000,5000) ops and (212.4,297.6) ops/second in (4.707340,16.798848) seconds
2026/05/26-12:12:48  ... thread 3: (1000,5000) ops and (191.8,291.1) ops/second in (5.212819,17.173409) seconds
2026/05/26-12:12:53  ... thread 0: (1000,6000) ops and (175.4,270.6) ops/second in (5.700652,22.176813) seconds
2026/05/26-12:12:53  ... thread 1: (1000,6000) ops and (181.5,269.0) ops/second in (5.508127,22.306975) seconds
2026/05/26-12:12:53  ... thread 2: (1000,6000) ops and (174.1,268.9) ops/second in (5.745028,22.312158) seconds
2026/05/26-12:12:53  ... thread 3: (1000,6000) ops and (180.8,264.3) ops/second in (5.530682,22.704091) seconds
2026/05/26-12:12:56  ... thread 0: (1000,7000) ops and (309.3,275.5) ops/second in (3.233043,25.409856) seconds
2026/05/26-12:12:56  ... thread 2: (1000,7000) ops and (322.1,275.4) ops/second in (3.105012,25.417170) seconds
2026/05/26-12:12:56  ... thread 3: (1000,7000) ops and (363.2,275.0) ops/second in (2.753172,25.457263) seconds
2026/05/26-12:12:56  ... thread 1: (1000,7000) ops and (309.6,274.1) ops/second in (3.229649,25.536624) seconds
2026/05/26-12:12:57  ... thread 2: (2000,9000) ops and (1312.6,334.1) ops/second in (1.523720,26.940890) seconds
2026/05/26-12:12:57  ... thread 3: (2000,9000) ops and (1309.5,333.5) ops/second in (1.527296,26.984559) seconds
2026/05/26-12:12:57  ... thread 1: (2000,9000) ops and (1343.6,333.0) ops/second in (1.488525,27.025149) seconds
2026/05/26-12:12:57  ... thread 0: (2000,9000) ops and (1236.8,333.0) ops/second in (1.617138,27.026994) seconds
2026/05/26-12:12:58  ... thread 2: (2000,11000) ops and (1918.7,393.1) ops/second in (1.042393,27.983283) seconds
2026/05/26-12:12:58  ... thread 3: (2000,11000) ops and (1966.8,392.8) ops/second in (1.016886,28.001445) seconds
2026/05/26-12:12:59  ... thread 1: (2000,11000) ops and (1991.2,392.4) ops/second in (1.004440,28.029589) seconds
2026/05/26-12:12:59  ... thread 0: (3000,12000) ops and (2108.2,421.8) ops/second in (1.422996,28.449990) seconds
2026/05/26-12:13:00  ... thread 1: (3000,14000) ops and (2581.7,479.6) ops/second in (1.162037,29.191626) seconds
2026/05/26-12:13:00  ... thread 2: (3000,14000) ops and (2455.2,479.4) ops/second in (1.221882,29.205165) seconds
2026/05/26-12:13:00  ... thread 3: (3000,14000) ops and (2405.3,478.7) ops/second in (1.247223,29.248668) seconds
2026/05/26-12:13:00  ... thread 0: (3000,15000) ops and (2874.5,508.6) ops/second in (1.043673,29.493663) seconds
2026/05/26-12:13:01  ... thread 1: (3000,17000) ops and (2913.6,562.5) ops/second in (1.029652,30.221278) seconds
2026/05/26-12:13:01  ... thread 2: (3000,17000) ops and (2930.8,562.4) ops/second in (1.023619,30.228784) seconds
2026/05/26-12:13:01  ... thread 3: (3000,17000) ops and (2772.3,560.5) ops/second in (1.082147,30.330815) seconds
2026/05/26-12:13:01  ... thread 0: (4000,19000) ops and (3188.6,617.9) ops/second in (1.254470,30.748133) seconds
2026/05/26-12:13:02  ... thread 1: (4000,21000) ops and (3242.2,667.6) ops/second in (1.233747,31.455025) seconds
2026/05/26-12:13:02  ... thread 2: (4000,21000) ops and (3210.4,667.2) ops/second in (1.245956,31.474740) seconds
2026/05/26-12:13:02  ... thread 3: (4000,21000) ops and (3179.1,664.8) ops/second in (1.258205,31.589020) seconds
2026/05/26-12:13:02  ... thread 0: (4000,23000) ops and (3304.9,719.7) ops/second in (1.210336,31.958469) seconds
2026/05/26-12:13:03  ... thread 1: (4000,25000) ops and (3793.5,769.0) ops/second in (1.054442,32.509467) seconds
2026/05/26-12:13:03  ... thread 2: (4000,25000) ops and (3585.7,767.1) ops/second in (1.115532,32.590272) seconds
2026/05/26-12:13:03  ... thread 3: (4000,25000) ops and (3607.3,764.6) ops/second in (1.108848,32.697868) seconds
2026/05/26-12:13:04  ... thread 0: (4000,27000) ops and (3681.9,817.1) ops/second in (1.086384,33.044853) seconds
2026/05/26-12:13:04  ... thread 1: (4000,29000) ops and (3159.2,858.6) ops/second in (1.266129,33.775596) seconds
2026/05/26-12:13:04  ... thread 2: (4000,29000) ops and (3245.5,857.4) ops/second in (1.232484,33.822756) seconds
2026/05/26-12:13:04  ... thread 3: (4000,29000) ops and (3286.8,855.1) ops/second in (1.216975,33.914843) seconds
2026/05/26-12:13:05  ... thread 0: (4000,31000) ops and (3371.6,905.6) ops/second in (1.186368,34.231221) seconds
2026/05/26-12:13:05  ... thread 1: (5000,34000) ops and (4191.0,972.3) ops/second in (1.193042,34.968638) seconds
2026/05/26-12:13:05  ... thread 2: (5000,34000) ops and (4235.4,971.3) ops/second in (1.180533,35.003289) seconds
2026/05/26-12:13:06  ... thread 3: (5000,34000) ops and (4109.0,967.8) ops/second in (1.216855,35.131698) seconds
2026/05/26-12:13:06  ... thread 0: (5000,36000) ops and (4359.3,1017.6) ops/second in (1.146986,35.378207) seconds
2026/05/26-12:13:07  ... thread 2: (5000,39000) ops and (4597.6,1080.6) ops/second in (1.087531,36.090820) seconds
2026/05/26-12:13:07  ... thread 1: (5000,39000) ops and (4370.7,1080.0) ops/second in (1.143990,36.112628) seconds
2026/05/26-12:13:07  ... thread 3: (5000,39000) ops and (4541.3,1076.4) ops/second in (1.100998,36.232696) seconds
2026/05/26-12:13:07  ... thread 0: (5000,41000) ops and (4498.1,1123.6) ops/second in (1.111578,36.489785) seconds
2026/05/26-12:13:08  ... thread 2: (5000,44000) ops and (4849.0,1185.3) ops/second in (1.031144,37.121964) seconds
2026/05/26-12:13:08  ... thread 1: (5000,44000) ops and (4741.6,1183.8) ops/second in (1.054500,37.167128) seconds
2026/05/26-12:13:08  ... thread 3: (5000,44000) ops and (4898.1,1181.1) ops/second in (1.020807,37.253503) seconds
2026/05/26-12:13:08  ... thread 0: (5000,46000) ops and (4952.7,1226.7) ops/second in (1.009560,37.499345) seconds
2026/05/26-12:13:09  ... thread 2: (6000,50000) ops and (5210.3,1306.4) ops/second in (1.151574,38.273538) seconds
2026/05/26-12:13:09  ... thread 1: (6000,50000) ops and (5191.5,1304.7) ops/second in (1.155745,38.322873) seconds
2026/05/26-12:13:09  ... thread 3: (6000,50000) ops and (5061.6,1300.8) ops/second in (1.185401,38.438904) seconds
2026/05/26-12:13:09  ... thread 0: (6000,52000) ops and (5105.5,1344.6) ops/second in (1.175203,38.674548) seconds
2026/05/26-12:13:10  ... thread 2: (6000,56000) ops and (5587.9,1423.2) ops/second in (1.073746,39.347284) seconds
2026/05/26-12:13:10  ... thread 1: (6000,56000) ops and (5753.8,1422.6) ops/second in (1.042796,39.365669) seconds
2026/05/26-12:13:10  ... thread 3: (6000,56000) ops and (5805.7,1418.7) ops/second in (1.033462,39.472366) seconds
2026/05/26-12:13:10  ... thread 0: (7000,59000) ops and (6256.8,1482.7) ops/second in (1.118779,39.793327) seconds
2026/05/26-12:13:11  ... thread 1: (8000,64000) ops and (7639.6,1583.7) ops/second in (1.047173,40.412842) seconds
2026/05/26-12:13:11  ... thread 2: (8000,64000) ops and (7218.8,1582.0) ops/second in (1.108220,40.455504) seconds
2026/05/26-12:13:11  ... thread 3: (8000,64000) ops and (7966.3,1581.2) ops/second in (1.004236,40.476602) seconds
2026/05/26-12:13:11  ... thread 0: (9000,68000) ops and (8870.5,1666.3) ops/second in (1.014603,40.807930) seconds
2026/05/26-12:13:12  ... thread 2: (10000,74000) ops and (9903.3,1784.6) ops/second in (1.009764,41.465268) seconds
2026/05/26-12:13:12  ... thread 1: (10000,74000) ops and (9344.9,1783.9) ops/second in (1.070101,41.482943) seconds
2026/05/26-12:13:12  ... thread 3: (10000,74000) ops and (9424.0,1781.5) ops/second in (1.061115,41.537717) seconds
2026/05/26-12:13:12  ... thread 0: (11000,79000) ops and (10246.1,1886.3) ops/second in (1.073584,41.881514) seconds
2026/05/26-12:13:13  ... thread 2: (11000,85000) ops and (10641.0,2000.0) ops/second in (1.033735,42.499003) seconds
2026/05/26-12:13:13  ... thread 1: (12000,86000) ops and (11311.4,2021.4) ops/second in (1.060880,42.543823) seconds
2026/05/26-12:13:13  ... thread 3: (11000,85000) ops and (10810.3,1997.4) ops/second in (1.017549,42.555266) seconds
2026/05/26-12:13:13  ... thread 0: (11000,90000) ops and (10736.3,2097.6) ops/second in (1.024563,42.906077) seconds
2026/05/26-12:13:14  ... thread 2: (14000,99000) ops and (13614.7,2274.4) ops/second in (1.028297,43.527300) seconds
2026/05/26-12:13:14  ... thread 3: (13000,98000) ops and (12605.9,2248.4) ops/second in (1.031263,43.586529) seconds
2026/05/26-12:13:14  ... thread 1: (13000,99000) ops and (12403.0,2271.1) ops/second in (1.048135,43.591958) seconds
DB path: [/tmp/rocksdb_comp_exp_db]
readrandom   :     436.728 micros/op 9146 ops/sec 43.732 seconds 400000 operations;    8.9 MB/s (98147 of 100000 found)

STATISTICS:
rocksdb.block.cache.miss COUNT : 4113941
rocksdb.block.cache.hit COUNT : 181236
rocksdb.block.cache.add COUNT : 1504646
rocksdb.block.cache.add.failures COUNT : 0
rocksdb.block.cache.index.miss COUNT : 0
rocksdb.block.cache.index.hit COUNT : 0
rocksdb.block.cache.index.add COUNT : 0
rocksdb.block.cache.index.bytes.insert COUNT : 0
rocksdb.block.cache.filter.miss COUNT : 0
rocksdb.block.cache.filter.hit COUNT : 0
rocksdb.block.cache.filter.add COUNT : 0
rocksdb.block.cache.filter.bytes.insert COUNT : 0
rocksdb.block.cache.data.miss COUNT : 4113941
rocksdb.block.cache.data.hit COUNT : 181236
rocksdb.block.cache.data.add COUNT : 1504646
rocksdb.block.cache.data.bytes.insert COUNT : 6475935360
rocksdb.block.cache.bytes.read COUNT : 780037696
rocksdb.block.cache.bytes.write COUNT : 6475935360
rocksdb.block.cache.compression.dict.miss COUNT : 0
rocksdb.block.cache.compression.dict.hit COUNT : 0
rocksdb.block.cache.compression.dict.add COUNT : 0
rocksdb.block.cache.compression.dict.bytes.insert COUNT : 0
rocksdb.block.cache.add.redundant COUNT : 28
rocksdb.block.cache.index.add.redundant COUNT : 0
rocksdb.block.cache.filter.add.redundant COUNT : 0
rocksdb.block.cache.data.add.redundant COUNT : 28
rocksdb.block.cache.compression.dict.add.redundant COUNT : 0
rocksdb.secondary.cache.hits COUNT : 0
rocksdb.secondary.cache.filter.hits COUNT : 0
rocksdb.secondary.cache.index.hits COUNT : 0
rocksdb.secondary.cache.data.hits COUNT : 0
rocksdb.compressed.secondary.cache.dummy.hits COUNT : 0
rocksdb.compressed.secondary.cache.hits COUNT : 0
rocksdb.compressed.secondary.cache.promotions COUNT : 0
rocksdb.compressed.secondary.cache.promotion.skips COUNT : 0
rocksdb.bloom.filter.useful COUNT : 0
rocksdb.bloom.filter.full.positive COUNT : 0
rocksdb.bloom.filter.full.true.positive COUNT : 0
rocksdb.bloom.filter.prefix.checked COUNT : 0
rocksdb.bloom.filter.prefix.useful COUNT : 0
rocksdb.bloom.filter.prefix.true.positive COUNT : 0
rocksdb.persistent.cache.hit COUNT : 0
rocksdb.persistent.cache.miss COUNT : 0
rocksdb.sim.block.cache.hit COUNT : 0
rocksdb.sim.block.cache.miss COUNT : 0
rocksdb.memtable.hit COUNT : 7093
rocksdb.memtable.miss COUNT : 392907
rocksdb.l0.hit COUNT : 63213
rocksdb.l1.hit COUNT : 102018
rocksdb.l2andup.hit COUNT : 220376
rocksdb.compaction.key.drop.new COUNT : 3156789
rocksdb.compaction.key.drop.obsolete COUNT : 0
rocksdb.compaction.key.drop.range_del COUNT : 0
rocksdb.compaction.key.drop.user COUNT : 0
rocksdb.compaction.range_del.drop.obsolete COUNT : 0
rocksdb.compaction.optimized.del.drop.obsolete COUNT : 0
rocksdb.compaction.cancelled COUNT : 0
rocksdb.compaction.aborted COUNT : 0
rocksdb.number.keys.written COUNT : 5000000
rocksdb.number.keys.read COUNT : 400000
rocksdb.number.keys.updated COUNT : 0
rocksdb.bytes.written COUNT : 5278043280
rocksdb.bytes.read COUNT : 402124800
rocksdb.number.db.seek COUNT : 0
rocksdb.number.db.next COUNT : 0
rocksdb.number.db.prev COUNT : 0
rocksdb.number.db.seek.found COUNT : 0
rocksdb.number.db.next.found COUNT : 0
rocksdb.number.db.prev.found COUNT : 0
rocksdb.db.iter.bytes.read COUNT : 0
rocksdb.number.iter.skip COUNT : 0
rocksdb.number.reseeks.iteration COUNT : 0
rocksdb.num.iterator.created COUNT : 0
rocksdb.num.iterator.deleted COUNT : 0
rocksdb.no.file.opens COUNT : 141
rocksdb.no.file.errors COUNT : 0
rocksdb.stall.micros COUNT : 93734640
rocksdb.db.mutex.wait.micros COUNT : 0
rocksdb.number.multiget.get COUNT : 0
rocksdb.number.multiget.keys.read COUNT : 0
rocksdb.number.multiget.bytes.read COUNT : 0
rocksdb.number.multiget.keys.found COUNT : 0
rocksdb.number.merge.failures COUNT : 0
rocksdb.getupdatessince.calls COUNT : 0
rocksdb.wal.synced COUNT : 0
rocksdb.wal.bytes COUNT : 5278043280
rocksdb.write.self COUNT : 4836940
rocksdb.write.other COUNT : 163060
rocksdb.write.wal COUNT : 5000000
rocksdb.compact.read.bytes COUNT : 6364741573
rocksdb.compact.write.bytes COUNT : 4454713985
rocksdb.flush.write.bytes COUNT : 2971055807
rocksdb.compact.read.marked.bytes COUNT : 0
rocksdb.compact.read.periodic.bytes COUNT : 0
rocksdb.compact.read.ttl.bytes COUNT : 0
rocksdb.compact.write.marked.bytes COUNT : 0
rocksdb.compact.write.periodic.bytes COUNT : 0
rocksdb.compact.write.ttl.bytes COUNT : 0
rocksdb.number.direct.load.table.properties COUNT : 0
rocksdb.number.superversion_acquires COUNT : 20
rocksdb.number.superversion_releases COUNT : 16
rocksdb.number.superversion_cleanups COUNT : 4
rocksdb.number.block.compressed COUNT : 3039428
rocksdb.number.block.decompressed COUNT : 4114082
rocksdb.bytes.compressed.from COUNT : 12810393746
rocksdb.bytes.compressed.to COUNT : 7410384114
rocksdb.bytes.compression_bypassed COUNT : 0
rocksdb.bytes.compression.rejected COUNT : 0
rocksdb.number.block_compression_bypassed COUNT : 0
rocksdb.number.block_compression_rejected COUNT : 0
rocksdb.bytes.decompressed.from COUNT : 10021575182
rocksdb.bytes.decompressed.to COUNT : 17318855157
rocksdb.merge.operation.time.nanos COUNT : 0
rocksdb.filter.operation.time.nanos COUNT : 0
rocksdb.compaction.total.time.cpu_micros COUNT : 37404332
rocksdb.row.cache.hit COUNT : 0
rocksdb.row.cache.miss COUNT : 0
rocksdb.read.amp.estimate.useful.bytes COUNT : 0
rocksdb.read.amp.total.read.bytes COUNT : 0
rocksdb.number.rate_limiter.drains COUNT : 0
rocksdb.blobdb.num.put COUNT : 0
rocksdb.blobdb.num.write COUNT : 0
rocksdb.blobdb.num.get COUNT : 0
rocksdb.blobdb.num.multiget COUNT : 0
rocksdb.blobdb.num.seek COUNT : 0
rocksdb.blobdb.num.next COUNT : 0
rocksdb.blobdb.num.prev COUNT : 0
rocksdb.blobdb.num.keys.written COUNT : 0
rocksdb.blobdb.num.keys.read COUNT : 0
rocksdb.blobdb.bytes.written COUNT : 0
rocksdb.blobdb.bytes.read COUNT : 0
rocksdb.blobdb.write.inlined COUNT : 0
rocksdb.blobdb.write.inlined.ttl COUNT : 0
rocksdb.blobdb.write.blob COUNT : 0
rocksdb.blobdb.write.blob.ttl COUNT : 0
rocksdb.blobdb.blob.file.bytes.written COUNT : 0
rocksdb.blobdb.blob.file.bytes.read COUNT : 0
rocksdb.blobdb.blob.file.synced COUNT : 0
rocksdb.blobdb.blob.index.expired.count COUNT : 0
rocksdb.blobdb.blob.index.expired.size COUNT : 0
rocksdb.blobdb.blob.index.evicted.count COUNT : 0
rocksdb.blobdb.blob.index.evicted.size COUNT : 0
rocksdb.blobdb.gc.num.files COUNT : 0
rocksdb.blobdb.gc.num.new.files COUNT : 0
rocksdb.blobdb.gc.failures COUNT : 0
rocksdb.blobdb.gc.num.keys.relocated COUNT : 0
rocksdb.blobdb.gc.bytes.relocated COUNT : 0
rocksdb.blobdb.fifo.num.files.evicted COUNT : 0
rocksdb.blobdb.fifo.num.keys.evicted COUNT : 0
rocksdb.blobdb.fifo.bytes.evicted COUNT : 0
rocksdb.blobdb.cache.miss COUNT : 0
rocksdb.blobdb.cache.hit COUNT : 0
rocksdb.blobdb.cache.add COUNT : 0
rocksdb.blobdb.cache.add.failures COUNT : 0
rocksdb.blobdb.cache.bytes.read COUNT : 0
rocksdb.blobdb.cache.bytes.write COUNT : 0
rocksdb.txn.overhead.mutex.prepare COUNT : 0
rocksdb.txn.overhead.mutex.old.commit.map COUNT : 0
rocksdb.txn.overhead.duplicate.key COUNT : 0
rocksdb.txn.overhead.mutex.snapshot COUNT : 0
rocksdb.txn.get.tryagain COUNT : 0
rocksdb.files.marked.trash COUNT : 0
rocksdb.files.marked.trash.deleted COUNT : 0
rocksdb.files.deleted.immediately COUNT : 204
rocksdb.error.handler.bg.error.count COUNT : 0
rocksdb.error.handler.bg.io.error.count COUNT : 0
rocksdb.error.handler.bg.retryable.io.error.count COUNT : 0
rocksdb.error.handler.autoresume.count COUNT : 0
rocksdb.error.handler.autoresume.retry.total.count COUNT : 0
rocksdb.error.handler.autoresume.success.count COUNT : 0
rocksdb.memtable.payload.bytes.at.flush COUNT : 5216623312
rocksdb.memtable.garbage.bytes.at.flush COUNT : 128128480
rocksdb.verify_checksum.read.bytes COUNT : 0
rocksdb.backup.read.bytes COUNT : 0
rocksdb.backup.write.bytes COUNT : 0
rocksdb.remote.compact.read.bytes COUNT : 0
rocksdb.remote.compact.write.bytes COUNT : 0
rocksdb.remote.compact.resumed.bytes COUNT : 0
rocksdb.hot.file.read.bytes COUNT : 0
rocksdb.warm.file.read.bytes COUNT : 0
rocksdb.cool.file.read.bytes COUNT : 0
rocksdb.cold.file.read.bytes COUNT : 0
rocksdb.ice.file.read.bytes COUNT : 0
rocksdb.hot.file.read.count COUNT : 0
rocksdb.warm.file.read.count COUNT : 0
rocksdb.cool.file.read.count COUNT : 0
rocksdb.cold.file.read.count COUNT : 0
rocksdb.ice.file.read.count COUNT : 0
rocksdb.last.level.read.bytes COUNT : 0
rocksdb.last.level.read.count COUNT : 0
rocksdb.non.last.level.read.bytes COUNT : 10042322723
rocksdb.non.last.level.read.count COUNT : 4114505
rocksdb.last.level.seek.filtered COUNT : 0
rocksdb.last.level.seek.filter.match COUNT : 0
rocksdb.last.level.seek.data COUNT : 0
rocksdb.last.level.seek.data.useful.no.filter COUNT : 0
rocksdb.last.level.seek.data.useful.filter.match COUNT : 0
rocksdb.non.last.level.seek.filtered COUNT : 0
rocksdb.non.last.level.seek.filter.match COUNT : 0
rocksdb.non.last.level.seek.data COUNT : 0
rocksdb.non.last.level.seek.data.useful.no.filter COUNT : 0
rocksdb.non.last.level.seek.data.useful.filter.match COUNT : 0
rocksdb.block.checksum.compute.count COUNT : 4114223
rocksdb.block.checksum.mismatch.count COUNT : 0
rocksdb.multiget.coroutine.count COUNT : 0
rocksdb.read.async.micros COUNT : 0
rocksdb.async.read.error.count COUNT : 0
rocksdb.table.open.prefetch.tail.miss COUNT : 0
rocksdb.table.open.prefetch.tail.hit COUNT : 0
rocksdb.timestamp.filter.table.checked COUNT : 0
rocksdb.timestamp.filter.table.filtered COUNT : 0
rocksdb.readahead.trimmed COUNT : 0
rocksdb.fifo.max.size.compactions COUNT : 0
rocksdb.fifo.ttl.compactions COUNT : 0
rocksdb.fifo.change_temperature.compactions COUNT : 0
rocksdb.prefetch.bytes COUNT : 0
rocksdb.prefetch.bytes.useful COUNT : 0
rocksdb.prefetch.hits COUNT : 0
rocksdb.footer.corruption.count COUNT : 0
rocksdb.file.read.corruption.retry.count COUNT : 0
rocksdb.file.read.corruption.retry.success.count COUNT : 0
rocksdb.number.wbwi.ingest COUNT : 0
rocksdb.sst.user.defined.index.load.fail.count COUNT : 0
rocksdb.multiscan.prepare.calls COUNT : 0
rocksdb.multiscan.prepare.errors COUNT : 0
rocksdb.multiscan.blocks.prefetched COUNT : 0
rocksdb.multiscan.blocks.from.cache COUNT : 0
rocksdb.multiscan.prefetch.bytes COUNT : 0
rocksdb.multiscan.prefetch.blocks.wasted COUNT : 0
rocksdb.multiscan.io.requests COUNT : 0
rocksdb.multiscan.io.coalesced.nonadjacent COUNT : 0
rocksdb.multiscan.seek.errors COUNT : 0
rocksdb.prefetch.memory.bytes.granted COUNT : 0
rocksdb.prefetch.memory.bytes.released COUNT : 0
rocksdb.prefetch.memory.requests.blocked COUNT : 0
rocksdb.read.path.range.tombstones.inserted COUNT : 0
rocksdb.read.path.range.tombstones.discarded COUNT : 0
rocksdb.file.open.metadata.retrieved COUNT : 0
rocksdb.file.open.metadata.passed COUNT : 0
rocksdb.manifest.validation.failure.count COUNT : 0
rocksdb.db.get.micros P50 : 38.858992 P95 : 1792.185895 P99 : 5788.379783 P100 : 1189063.000000 COUNT : 400000 SUM : 174407218
rocksdb.db.write.micros P50 : 5.219874 P95 : 72.307246 P99 : 2076.247981 P100 : 854020.000000 COUNT : 5000000 SUM : 540737303
rocksdb.compaction.times.micros P50 : 14000000.000000 P95 : 34346919.000000 P99 : 34346919.000000 P100 : 34346919.000000 COUNT : 10 SUM : 157664987
rocksdb.compaction.times.cpu_micros P50 : 3600000.000000 P95 : 8079476.000000 P99 : 8079476.000000 P100 : 8079476.000000 COUNT : 10 SUM : 37404332
rocksdb.subcompaction.setup.times.micros P50 : 0.000000 P95 : 0.000000 P99 : 0.000000 P100 : 0.000000 COUNT : 0 SUM : 0
rocksdb.table.sync.micros P50 : 344545.454545 P95 : 942963.000000 P99 : 942963.000000 P100 : 942963.000000 COUNT : 80 SUM : 39331561
rocksdb.compaction.outfile.sync.micros P50 : 790185.185185 P95 : 1199190.476190 P99 : 1499399.000000 P100 : 1499399.000000 COUNT : 61 SUM : 46500878
rocksdb.wal.file.sync.micros P50 : 0.000000 P95 : 0.000000 P99 : 0.000000 P100 : 0.000000 COUNT : 0 SUM : 0
rocksdb.manifest.file.sync.micros P50 : 5737.837838 P95 : 14400.000000 P99 : 22440.000000 P100 : 22623.000000 COUNT : 96 SUM : 611124
rocksdb.table.open.io.micros P50 : 782.395833 P95 : 5012.857143 P99 : 8547.000000 P100 : 770196.000000 COUNT : 141 SUM : 934329
rocksdb.db.multiget.micros P50 : 0.000000 P95 : 0.000000 P99 : 0.000000 P100 : 0.000000 COUNT : 0 SUM : 0
rocksdb.read.block.compaction.micros P50 : 3.353652 P95 : 7.806867 P99 : 1050.027672 P100 : 322922.000000 COUNT : 2609295 SUM : 82387811
rocksdb.read.block.get.micros P50 : 7.107652 P95 : 893.142107 P99 : 1783.260247 P100 : 575850.000000 COUNT : 1504787 SUM : 166979120
rocksdb.write.raw.block.micros P50 : 0.551522 P95 : 1.570344 P99 : 2.963025 P100 : 13513.000000 COUNT : 3039710 SUM : 9140122
rocksdb.numfiles.in.singlecompaction P50 : 10.000000 P95 : 20.950000 P99 : 21.000000 P100 : 21.000000 COUNT : 12 SUM : 134
rocksdb.db.seek.micros P50 : 0.000000 P95 : 0.000000 P99 : 0.000000 P100 : 0.000000 COUNT : 0 SUM : 0
rocksdb.db.write.stall P50 : 1237.685685 P95 : 2782.376006 P99 : 2883.115389 P100 : 853851.000000 COUNT : 49458 SUM : 93734640
rocksdb.sst.read.micros P50 : 1.140600 P95 : 7.199067 P99 : 1564.633978 P100 : 768719.000000 COUNT : 4114505 SUM : 233051009
rocksdb.file.read.flush.micros P50 : 3.916667 P95 : 89.222222 P99 : 137.000000 P100 : 768719.000000 COUNT : 320 SUM : 775297
rocksdb.file.read.compaction.micros P50 : 0.867491 P95 : 2.893452 P99 : 1025.056975 P100 : 322894.000000 COUNT : 2609539 SUM : 74826386
rocksdb.file.read.db.open.micros P50 : 0.000000 P95 : 0.000000 P99 : 0.000000 P100 : 0.000000 COUNT : 0 SUM : 0
rocksdb.file.read.get.micros P50 : 0.000000 P95 : 0.000000 P99 : 0.000000 P100 : 0.000000 COUNT : 0 SUM : 0
rocksdb.file.read.multiget.micros P50 : 0.000000 P95 : 0.000000 P99 : 0.000000 P100 : 0.000000 COUNT : 0 SUM : 0
rocksdb.file.read.db.iterator.micros P50 : 0.000000 P95 : 0.000000 P99 : 0.000000 P100 : 0.000000 COUNT : 0 SUM : 0
rocksdb.file.read.verify.db.checksum.micros P50 : 0.000000 P95 : 0.000000 P99 : 0.000000 P100 : 0.000000 COUNT : 0 SUM : 0
rocksdb.file.read.verify.file.checksums.micros P50 : 0.000000 P95 : 0.000000 P99 : 0.000000 P100 : 0.000000 COUNT : 0 SUM : 0
rocksdb.sst.write.micros P50 : 0.502813 P95 : 0.955345 P99 : 0.995570 P100 : 13511.000000 COUNT : 6079561 SUM : 7567301
rocksdb.file.write.flush.micros P50 : 0.501858 P95 : 0.953530 P99 : 0.993679 P100 : 13511.000000 COUNT : 2428348 SUM : 3090205
rocksdb.file.write.compaction.micros P50 : 0.503450 P95 : 0.956556 P99 : 0.996832 P100 : 10485.000000 COUNT : 3651213 SUM : 4477096
rocksdb.file.write.db.open.micros P50 : 0.000000 P95 : 0.000000 P99 : 0.000000 P100 : 0.000000 COUNT : 0 SUM : 0
rocksdb.num.subcompactions.scheduled P50 : 0.000000 P95 : 0.000000 P99 : 0.000000 P100 : 0.000000 COUNT : 0 SUM : 0
rocksdb.bytes.per.read P50 : 1024.000000 P95 : 1024.000000 P99 : 1024.000000 P100 : 1024.000000 COUNT : 400000 SUM : 402124800
rocksdb.bytes.per.write P50 : 1088.791974 P95 : 1285.704750 P99 : 3001.231926 P100 : 4188.000000 COUNT : 4836940 SUM : 5278043280
rocksdb.bytes.per.multiget P50 : 0.000000 P95 : 0.000000 P99 : 0.000000 P100 : 0.000000 COUNT : 0 SUM : 0
rocksdb.compression.times.nanos P50 : 0.000000 P95 : 0.000000 P99 : 0.000000 P100 : 0.000000 COUNT : 0 SUM : 0
rocksdb.decompression.times.nanos P50 : 0.000000 P95 : 0.000000 P99 : 0.000000 P100 : 0.000000 COUNT : 0 SUM : 0
rocksdb.read.num.merge_operands P50 : 0.000000 P95 : 0.000000 P99 : 0.000000 P100 : 0.000000 COUNT : 0 SUM : 0
rocksdb.blobdb.key.size P50 : 0.000000 P95 : 0.000000 P99 : 0.000000 P100 : 0.000000 COUNT : 0 SUM : 0
rocksdb.blobdb.value.size P50 : 0.000000 P95 : 0.000000 P99 : 0.000000 P100 : 0.000000 COUNT : 0 SUM : 0
rocksdb.blobdb.write.micros P50 : 0.000000 P95 : 0.000000 P99 : 0.000000 P100 : 0.000000 COUNT : 0 SUM : 0
rocksdb.blobdb.get.micros P50 : 0.000000 P95 : 0.000000 P99 : 0.000000 P100 : 0.000000 COUNT : 0 SUM : 0
rocksdb.blobdb.multiget.micros P50 : 0.000000 P95 : 0.000000 P99 : 0.000000 P100 : 0.000000 COUNT : 0 SUM : 0
rocksdb.blobdb.seek.micros P50 : 0.000000 P95 : 0.000000 P99 : 0.000000 P100 : 0.000000 COUNT : 0 SUM : 0
rocksdb.blobdb.next.micros P50 : 0.000000 P95 : 0.000000 P99 : 0.000000 P100 : 0.000000 COUNT : 0 SUM : 0
rocksdb.blobdb.prev.micros P50 : 0.000000 P95 : 0.000000 P99 : 0.000000 P100 : 0.000000 COUNT : 0 SUM : 0
rocksdb.blobdb.blob.file.write.micros P50 : 0.000000 P95 : 0.000000 P99 : 0.000000 P100 : 0.000000 COUNT : 0 SUM : 0
rocksdb.blobdb.blob.file.read.micros P50 : 0.000000 P95 : 0.000000 P99 : 0.000000 P100 : 0.000000 COUNT : 0 SUM : 0
rocksdb.blobdb.blob.file.sync.micros P50 : 0.000000 P95 : 0.000000 P99 : 0.000000 P100 : 0.000000 COUNT : 0 SUM : 0
rocksdb.blobdb.compression.micros P50 : 0.000000 P95 : 0.000000 P99 : 0.000000 P100 : 0.000000 COUNT : 0 SUM : 0
rocksdb.blobdb.decompression.micros P50 : 0.000000 P95 : 0.000000 P99 : 0.000000 P100 : 0.000000 COUNT : 0 SUM : 0
rocksdb.db.flush.micros P50 : 613500.000000 P95 : 1183000.000000 P99 : 2100000.000000 P100 : 2352786.000000 COUNT : 80 SUM : 56539660
rocksdb.sst.batch.size P50 : 0.000000 P95 : 0.000000 P99 : 0.000000 P100 : 0.000000 COUNT : 0 SUM : 0
rocksdb.multiget.io.batch.size P50 : 0.000000 P95 : 0.000000 P99 : 0.000000 P100 : 0.000000 COUNT : 0 SUM : 0
rocksdb.num.index.and.filter.blocks.read.per.level P50 : 0.000000 P95 : 0.000000 P99 : 0.000000 P100 : 0.000000 COUNT : 0 SUM : 0
rocksdb.num.sst.read.per.level P50 : 0.000000 P95 : 0.000000 P99 : 0.000000 P100 : 0.000000 COUNT : 0 SUM : 0
rocksdb.num.level.read.per.multiget P50 : 0.000000 P95 : 0.000000 P99 : 0.000000 P100 : 0.000000 COUNT : 0 SUM : 0
rocksdb.error.handler.autoresume.retry.count P50 : 0.000000 P95 : 0.000000 P99 : 0.000000 P100 : 0.000000 COUNT : 0 SUM : 0
rocksdb.async.read.bytes P50 : 0.000000 P95 : 0.000000 P99 : 0.000000 P100 : 0.000000 COUNT : 0 SUM : 0
rocksdb.poll.wait.micros P50 : 0.000000 P95 : 0.000000 P99 : 0.000000 P100 : 0.000000 COUNT : 0 SUM : 0
rocksdb.compaction.prefetch.bytes P50 : 0.000000 P95 : 0.000000 P99 : 0.000000 P100 : 0.000000 COUNT : 0 SUM : 0
rocksdb.prefetched.bytes.discarded P50 : 0.000000 P95 : 0.000000 P99 : 0.000000 P100 : 0.000000 COUNT : 0 SUM : 0
rocksdb.async.prefetch.abort.micros P50 : 0.000000 P95 : 0.000000 P99 : 0.000000 P100 : 0.000000 COUNT : 0 SUM : 0
rocksdb.table.open.prefetch.tail.read.bytes P50 : 0.000000 P95 : 0.000000 P99 : 0.000000 P100 : 0.000000 COUNT : 0 SUM : 0
rocksdb.num.op.per.transaction P50 : 0.000000 P95 : 0.000000 P99 : 0.000000 P100 : 0.000000 COUNT : 0 SUM : 0
rocksdb.multiscan.op.prepare.iterators.micros P50 : 0.000000 P95 : 0.000000 P99 : 0.000000 P100 : 0.000000 COUNT : 0 SUM : 0
rocksdb.multiscan.prepare.micros P50 : 0.000000 P95 : 0.000000 P99 : 0.000000 P100 : 0.000000 COUNT : 0 SUM : 0
rocksdb.multiscan.blocks.per.prepare P50 : 0.000000 P95 : 0.000000 P99 : 0.000000 P100 : 0.000000 COUNT : 0 SUM : 0
rocksdb.block.key.distribution.cv P50 : 0.000000 P95 : 0.000000 P99 : 0.000000 P100 : 0.000000 COUNT : 0 SUM : 0

[EXPERIMENT_COMPLETED]
