RocksDB:    version 11.3.0
Date:       Tue May 26 09:36:11 2026
CPU:        2 * Intel Xeon Processor (SapphireRapids)
CPUCache:   16384 KB
2026/05/26-09:36:12  ... thread 1: (32000,32000) ops and (31581.1,31581.1) ops/second in (1.013265,1.013265) seconds
2026/05/26-09:36:12  ... thread 3: (32000,32000) ops and (31476.8,31476.8) ops/second in (1.016623,1.016623) seconds
2026/05/26-09:36:12  ... thread 0: (29000,29000) ops and (28484.2,28484.2) ops/second in (1.018108,1.018108) seconds
2026/05/26-09:36:12  ... thread 2: (33000,33000) ops and (31930.1,31930.1) ops/second in (1.033509,1.033509) seconds
2026/05/26-09:36:13  ... thread 1: (31000,63000) ops and (30264.2,30919.1) ops/second in (1.024313,2.037578) seconds
2026/05/26-09:36:13  ... thread 3: (31000,63000) ops and (30318.3,30895.9) ops/second in (1.022485,2.039108) seconds
2026/05/26-09:36:13  ... thread 0: (33000,62000) ops and (32336.5,30412.6) ops/second in (1.020520,2.038628) seconds
2026/05/26-09:36:13  ... thread 2: (29000,62000) ops and (28665.9,30315.4) ops/second in (1.011655,2.045164) seconds
2026/05/26-09:36:14  ... thread 3: (31000,94000) ops and (18069.2,25035.1) ops/second in (1.715627,3.754735) seconds
2026/05/26-09:36:14  ... thread 2: (33000,95000) ops and (19272.7,25283.3) ops/second in (1.712264,3.757428) seconds
2026/05/26-09:36:15  ... thread 1: (30000,93000) ops and (17259.3,24630.8) ops/second in (1.738189,3.775767) seconds
2026/05/26-09:36:15  ... thread 0: (31000,93000) ops and (17463.8,24385.6) ops/second in (1.775105,3.813733) seconds
2026/05/26-09:36:16  ... thread 2: (16000,111000) ops and (12739.5,22140.8) ops/second in (1.255935,5.013363) seconds
2026/05/26-09:36:16  ... thread 1: (16000,109000) ops and (12917.2,21737.3) ops/second in (1.238661,5.014428) seconds
2026/05/26-09:36:16  ... thread 0: (13000,106000) ops and (10822.9,21137.1) ops/second in (1.201157,5.014890) seconds
2026/05/26-09:36:16  ... thread 3: (17000,111000) ops and (13418.4,22104.3) ops/second in (1.266916,5.021651) seconds
2026/05/26-09:36:17  ... thread 1: (33000,142000) ops and (31259.1,23393.3) ops/second in (1.055693,6.070121) seconds
2026/05/26-09:36:17  ... thread 0: (32000,138000) ops and (30202.7,22718.3) ops/second in (1.059509,6.074399) seconds
2026/05/26-09:36:17  ... thread 2: (31000,142000) ops and (28427.0,23263.9) ops/second in (1.090514,6.103877) seconds
2026/05/26-09:36:17  ... thread 3: (29000,140000) ops and (26699.4,22921.5) ops/second in (1.086165,6.107816) seconds
2026/05/26-09:36:18  ... thread 3: (15000,155000) ops and (12742.4,21276.6) ops/second in (1.177169,7.284985) seconds
2026/05/26-09:36:18  ... thread 2: (14000,156000) ops and (11761.5,21386.8) ops/second in (1.190326,7.294203) seconds
2026/05/26-09:36:18  ... thread 0: (16000,154000) ops and (13159.4,21124.1) ops/second in (1.215858,7.290257) seconds
2026/05/26-09:36:18  ... thread 1: (17000,159000) ops and (13703.4,21749.0) ops/second in (1.240572,7.310693) seconds
2026/05/26-09:36:20  ... thread 3: (30000,185000) ops and (18977.3,20866.6) ops/second in (1.580837,8.865822) seconds
2026/05/26-09:36:20  ... thread 1: (29000,188000) ops and (18664.5,21208.3) ops/second in (1.553753,8.864446) seconds
2026/05/26-09:36:20  ... thread 0: (30000,184000) ops and (19092.4,20763.8) ops/second in (1.571303,8.861560) seconds
2026/05/26-09:36:20  ... thread 2: (35000,191000) ops and (21702.4,21444.0) ops/second in (1.612723,8.906926) seconds
2026/05/26-09:36:21  ... thread 0: (14000,198000) ops and (11678.7,19681.3) ops/second in (1.198759,10.060319) seconds
2026/05/26-09:36:21  ... thread 3: (18000,203000) ops and (14928.8,20155.8) ops/second in (1.205727,10.071549) seconds
2026/05/26-09:36:21  ... thread 2: (16000,207000) ops and (13728.3,20551.2) ops/second in (1.165475,10.072401) seconds
2026/05/26-09:36:21  ... thread 1: (16000,204000) ops and (12865.7,20181.9) ops/second in (1.243616,10.108062) seconds
2026/05/26-09:36:22  ... thread 3: (15000,218000) ops and (14321.7,19606.2) ops/second in (1.047365,11.118914) seconds
2026/05/26-09:36:22  ... thread 1: (16000,220000) ops and (15618.9,19762.0) ops/second in (1.024397,11.132459) seconds
2026/05/26-09:36:22  ... thread 2: (16000,223000) ops and (14845.2,19999.7) ops/second in (1.077786,11.150187) seconds
2026/05/26-09:36:22  ... thread 0: (15000,213000) ops and (13752.1,19101.3) ops/second in (1.090741,11.151060) seconds
2026/05/26-09:36:24  ... thread 0: (15000,228000) ops and (8744.5,17720.6) ops/second in (1.715357,12.866417) seconds
2026/05/26-09:36:24  ... thread 3: (16000,234000) ops and (9056.6,18159.8) ops/second in (1.766660,12.885574) seconds
2026/05/26-09:36:24  ... thread 2: (15000,238000) ops and (8640.7,18469.4) ops/second in (1.735972,12.886159) seconds
2026/05/26-09:36:24  ... thread 1: (16000,236000) ops and (9043.2,18292.1) ops/second in (1.769276,12.901735) seconds
2026/05/26-09:36:25  ... thread 0: (28000,256000) ops and (27927.1,18458.4) ops/second in (1.002609,13.869026) seconds
2026/05/26-09:36:25  ... thread 3: (29000,263000) ops and (28983.8,18939.8) ops/second in (1.000559,13.886133) seconds
2026/05/26-09:36:25  ... thread 2: (29000,267000) ops and (28882.0,19222.1) ops/second in (1.004086,13.890245) seconds
2026/05/26-09:36:25  ... thread 1: (32000,268000) ops and (31653.8,19263.0) ops/second in (1.010936,13.912671) seconds
2026/05/26-09:36:26  ... thread 3: (20000,283000) ops and (17819.5,18856.0) ops/second in (1.122364,15.008497) seconds
2026/05/26-09:36:26  ... thread 2: (18000,285000) ops and (16037.6,18984.0) ops/second in (1.122365,15.012610) seconds
2026/05/26-09:36:26  ... thread 0: (15000,271000) ops and (13164.2,18056.5) ops/second in (1.139453,15.008479) seconds
2026/05/26-09:36:26  ... thread 1: (16000,284000) ops and (14398.2,18903.2) ops/second in (1.111253,15.023924) seconds
2026/05/26-09:36:27  ... thread 2: (16000,301000) ops and (13867.5,18618.9) ops/second in (1.153779,16.166389) seconds
2026/05/26-09:36:27  ... thread 3: (17000,300000) ops and (14387.1,18529.8) ops/second in (1.181611,16.190108) seconds
2026/05/26-09:36:27  ... thread 0: (14000,285000) ops and (11829.2,17601.3) ops/second in (1.183509,16.191988) seconds
2026/05/26-09:36:27  ... thread 1: (15000,299000) ops and (12742.5,18455.6) ops/second in (1.177162,16.201086) seconds
2026/05/26-09:36:28  ... thread 2: (30000,331000) ops and (29759.0,19272.8) ops/second in (1.008097,17.174486) seconds
2026/05/26-09:36:28  ... thread 3: (30000,330000) ops and (29566.1,19180.7) ops/second in (1.014675,17.204783) seconds
2026/05/26-09:36:28  ... thread 0: (27000,312000) ops and (26220.4,18116.7) ops/second in (1.029732,17.221720) seconds
2026/05/26-09:36:28  ... thread 1: (28000,327000) ops and (27175.0,18976.9) ops/second in (1.030359,17.231445) seconds
2026/05/26-09:36:29  ... thread 3: (10000,340000) ops and (9900.8,18666.1) ops/second in (1.010018,18.214801) seconds
2026/05/26-09:36:29  ... thread 2: (10000,341000) ops and (9523.8,18711.1) ops/second in (1.050004,18.224490) seconds
2026/05/26-09:36:29  ... thread 0: (12000,324000) ops and (11931.2,17775.4) ops/second in (1.005767,18.227487) seconds
2026/05/26-09:36:29  ... thread 1: (9000,336000) ops and (8893.0,18417.5) ops/second in (1.012034,18.243479) seconds
2026/05/26-09:36:31  ... thread 0: (7000,331000) ops and (3174.7,16199.8) ops/second in (2.204921,20.432408) seconds
2026/05/26-09:36:31  ... thread 3: (8000,348000) ops and (3587.6,17021.5) ops/second in (2.229928,20.444729) seconds
2026/05/26-09:36:31  ... thread 2: (7000,348000) ops and (3143.8,17016.2) ops/second in (2.226631,20.451121) seconds
2026/05/26-09:36:31  ... thread 1: (8000,344000) ops and (3622.4,16819.9) ops/second in (2.208478,20.451957) seconds
2026/05/26-09:36:32  ... thread 3: (32000,380000) ops and (24515.1,17471.2) ops/second in (1.305320,21.750049) seconds
2026/05/26-09:36:33  ... thread 2: (31000,379000) ops and (23359.3,17402.7) ops/second in (1.327093,21.778214) seconds
2026/05/26-09:36:33  ... thread 1: (31000,375000) ops and (22992.9,17201.7) ops/second in (1.348242,21.800199) seconds
2026/05/26-09:36:33  ... thread 0: (31000,362000) ops and (22546.5,16599.9) ops/second in (1.374937,21.807345) seconds
2026/05/26-09:36:33  ... thread 3: (30000,410000) ops and (29763.9,18015.7) ops/second in (1.007932,22.757981) seconds
2026/05/26-09:36:34  ... thread 2: (34000,413000) ops and (28557.8,17980.9) ops/second in (1.190567,22.968781) seconds
2026/05/26-09:36:34  ... thread 1: (30000,405000) ops and (25707.3,17633.9) ops/second in (1.166982,22.967181) seconds
2026/05/26-09:36:34  ... thread 0: (29000,391000) ops and (24704.0,17013.9) ops/second in (1.173898,22.981243) seconds
2026/05/26-09:36:35  ... thread 1: (14000,419000) ops and (12162.0,17372.7) ops/second in (1.151131,24.118312) seconds
2026/05/26-09:36:35  ... thread 3: (15000,425000) ops and (10900.9,17610.0) ops/second in (1.376038,24.134019) seconds
2026/05/26-09:36:35  ... thread 2: (17000,430000) ops and (14445.7,17808.6) ops/second in (1.176819,24.145600) seconds
2026/05/26-09:36:35  ... thread 0: (17000,408000) ops and (14477.4,16890.6) ops/second in (1.174247,24.155490) seconds
2026/05/26-09:36:36  ... thread 1: (26000,445000) ops and (25572.6,17704.4) ops/second in (1.016715,25.135027) seconds
2026/05/26-09:36:36  ... thread 2: (26000,456000) ops and (25941.2,18132.7) ops/second in (1.002268,25.147868) seconds
2026/05/26-09:36:36  ... thread 3: (25000,450000) ops and (24588.8,17892.1) ops/second in (1.016725,25.150744) seconds
2026/05/26-09:36:36  ... thread 0: (26000,434000) ops and (25816.1,17247.8) ops/second in (1.007124,25.162614) seconds
2026/05/26-09:36:37  ... thread 1: (5000,450000) ops and (4961.0,17213.1) ops/second in (1.007869,26.142896) seconds
2026/05/26-09:36:37  ... thread 2: (6000,462000) ops and (5869.0,17653.7) ops/second in (1.022312,26.170180) seconds
2026/05/26-09:36:37  ... thread 0: (7000,441000) ops and (6893.0,16846.1) ops/second in (1.015525,26.178139) seconds
2026/05/26-09:36:37  ... thread 3: (7000,457000) ops and (6729.6,17448.8) ops/second in (1.040187,26.190931) seconds
2026/05/26-09:36:38  ... thread 1: (20000,470000) ops and (19341.5,17294.1) ops/second in (1.034045,27.176941) seconds
2026/05/26-09:36:38  ... thread 3: (23000,480000) ops and (22864.8,17649.1) ops/second in (1.005911,27.196842) seconds
2026/05/26-09:36:38  ... thread 2: (22000,484000) ops and (20938.2,17780.5) ops/second in (1.050711,27.220891) seconds
2026/05/26-09:36:38  ... thread 0: (21000,462000) ops and (19978.6,16967.0) ops/second in (1.051126,27.229265) seconds
2026/05/26-09:36:39  ... thread 1: (24000,494000) ops and (23315.6,17513.8) ops/second in (1.029355,28.206296) seconds
2026/05/26-09:36:39  ... thread 2: (27000,511000) ops and (26620.7,18098.0) ops/second in (1.014249,28.235140) seconds
2026/05/26-09:36:39  ... thread 3: (28000,508000) ops and (26957.6,17991.5) ops/second in (1.038668,28.235510) seconds
2026/05/26-09:36:39  ... thread 0: (29000,491000) ops and (28393.2,17380.1) ops/second in (1.021371,28.250636) seconds
2026/05/26-09:36:40  ... thread 1: (22000,516000) ops and (21711.0,17659.4) ops/second in (1.013313,29.219609) seconds
2026/05/26-09:36:40  ... thread 3: (24000,532000) ops and (23796.9,18191.7) ops/second in (1.008535,29.244045) seconds
2026/05/26-09:36:40  ... thread 2: (24000,535000) ops and (23415.7,18284.3) ops/second in (1.024954,29.260094) seconds
2026/05/26-09:36:40  ... thread 0: (23000,514000) ops and (22865.6,17568.7) ops/second in (1.005876,29.256512) seconds
2026/05/26-09:36:41  ... thread 1: (24000,540000) ops and (19643.6,17739.0) ops/second in (1.221769,30.441378) seconds
2026/05/26-09:36:41  ... thread 2: (23000,558000) ops and (19348.7,18325.8) ops/second in (1.188710,30.448804) seconds
2026/05/26-09:36:41  ... thread 3: (18000,550000) ops and (14938.0,18063.0) ops/second in (1.204983,30.449028) seconds
2026/05/26-09:36:41  ... thread 0: (18000,532000) ops and (15027.2,17468.8) ops/second in (1.197831,30.454343) seconds
2026/05/26-09:36:42  ... thread 3: (17000,567000) ops and (16869.1,18024.7) ops/second in (1.007760,31.456788) seconds
2026/05/26-09:36:42  ... thread 1: (17000,557000) ops and (16652.0,17703.7) ops/second in (1.020898,31.462276) seconds
2026/05/26-09:36:42  ... thread 2: (16000,574000) ops and (15512.7,18233.7) ops/second in (1.031412,31.480216) seconds
2026/05/26-09:36:42  ... thread 0: (16000,548000) ops and (15502.2,17404.3) ops/second in (1.032109,31.486452) seconds
2026/05/26-09:36:44  ... thread 2: (13000,587000) ops and (9096.0,17836.8) ops/second in (1.429193,32.909409) seconds
2026/05/26-09:36:44  ... thread 3: (16000,583000) ops and (10946.9,17710.5) ops/second in (1.461601,32.918389) seconds
2026/05/26-09:36:44  ... thread 1: (16000,573000) ops and (10991.1,17406.9) ops/second in (1.455724,32.918000) seconds
2026/05/26-09:36:44  ... thread 0: (14000,562000) ops and (9795.2,17073.9) ops/second in (1.429270,32.915722) seconds
2026/05/26-09:36:45  ... thread 1: (16000,589000) ops and (13368.9,17265.2) ops/second in (1.196805,34.114805) seconds
2026/05/26-09:36:45  ... thread 2: (18000,605000) ops and (13287.8,17657.0) ops/second in (1.354628,34.264037) seconds
2026/05/26-09:36:45  ... thread 0: (13000,575000) ops and (8475.8,16691.1) ops/second in (1.533772,34.449494) seconds
2026/05/26-09:36:45  ... thread 3: (15000,598000) ops and (9627.4,17345.2) ops/second in (1.558061,34.476450) seconds
2026/05/26-09:36:46  ... thread 1: (20000,609000) ops and (19429.3,17328.6) ops/second in (1.029374,35.144179) seconds
2026/05/26-09:36:46  ... thread 2: (28000,633000) ops and (27751.3,17945.7) ops/second in (1.008961,35.272998) seconds
2026/05/26-09:36:46  ... thread 0: (32000,607000) ops and (29952.1,17090.0) ops/second in (1.068371,35.517865) seconds
2026/05/26-09:36:46  ... thread 3: (28000,626000) ops and (26512.4,17617.6) ops/second in (1.056111,35.532561) seconds
2026/05/26-09:36:47  ... thread 1: (27000,636000) ops and (22341.3,17495.3) ops/second in (1.208524,36.352703) seconds
2026/05/26-09:36:47  ... thread 2: (22000,655000) ops and (20010.5,18008.1) ops/second in (1.099424,36.372422) seconds
2026/05/26-09:36:47  ... thread 3: (21000,647000) ops and (20946.7,17709.0) ops/second in (1.002546,36.535107) seconds
2026/05/26-09:36:47  ... thread 0: (22000,629000) ops and (21217.9,17207.1) ops/second in (1.036861,36.554726) seconds
2026/05/26-09:36:48  ... thread 2: (31000,686000) ops and (27984.8,18303.0) ops/second in (1.107746,37.480168) seconds
2026/05/26-09:36:48  ... thread 1: (30000,666000) ops and (26619.5,17769.6) ops/second in (1.126993,37.479696) seconds
2026/05/26-09:36:48  ... thread 3: (27000,674000) ops and (26997.6,17956.5) ops/second in (1.000088,37.535195) seconds
2026/05/26-09:36:48  ... thread 0: (25000,654000) ops and (24950.9,17413.7) ops/second in (1.001966,37.556692) seconds
2026/05/26-09:36:50  ... thread 0: (28000,682000) ops and (23259.8,17595.2) ops/second in (1.203793,38.760485) seconds
2026/05/26-09:36:50  ... thread 1: (31000,697000) ops and (24079.6,17979.2) ops/second in (1.287396,38.767092) seconds
2026/05/26-09:36:50  ... thread 3: (31000,705000) ops and (25061.4,18183.2) ops/second in (1.236962,38.772157) seconds
2026/05/26-09:36:50  ... thread 2: (32000,718000) ops and (24601.6,18514.3) ops/second in (1.300730,38.780898) seconds
2026/05/26-09:36:51  ... thread 2: (16000,734000) ops and (8192.5,18019.4) ops/second in (1.953013,40.733911) seconds
2026/05/26-09:36:51  ... thread 3: (14000,719000) ops and (7123.5,17649.6) ops/second in (1.965313,40.737470) seconds
2026/05/26-09:36:51  ... thread 0: (15000,697000) ops and (7588.8,17109.7) ops/second in (1.976593,40.737078) seconds
2026/05/26-09:36:51  ... thread 1: (18000,715000) ops and (9115.1,17549.5) ops/second in (1.974755,40.741847) seconds
2026/05/26-09:36:53  ... thread 1: (7000,722000) ops and (6838.3,17287.0) ops/second in (1.023644,41.765491) seconds
2026/05/26-09:36:53  ... thread 3: (5000,724000) ops and (4844.0,17333.2) ops/second in (1.032196,41.769666) seconds
2026/05/26-09:36:53  ... thread 0: (4000,701000) ops and (3870.5,16782.2) ops/second in (1.033467,41.770545) seconds
2026/05/26-09:36:53  ... thread 2: (7000,741000) ops and (6539.9,17725.5) ops/second in (1.070347,41.804258) seconds
2026/05/26-09:36:54  ... thread 1: (24000,746000) ops and (19422.8,17348.4) ops/second in (1.235660,43.001151) seconds
2026/05/26-09:36:54  ... thread 2: (25000,766000) ops and (20658.2,17808.0) ops/second in (1.210175,43.014433) seconds
2026/05/26-09:36:54  ... thread 0: (27000,728000) ops and (21548.8,16921.0) ops/second in (1.252970,43.023515) seconds
2026/05/26-09:36:54  ... thread 3: (25000,749000) ops and (19805.5,17405.7) ops/second in (1.262276,43.031942) seconds
2026/05/26-09:36:56  ... thread 1: (15000,761000) ops and (6523.3,16798.9) ops/second in (2.299450,45.300601) seconds
2026/05/26-09:36:56  ... thread 0: (15000,743000) ops and (6589.2,16401.8) ops/second in (2.276460,45.299975) seconds
2026/05/26-09:36:56  ... thread 3: (16000,765000) ops and (7029.4,16884.4) ops/second in (2.276158,45.308100) seconds
2026/05/26-09:36:56  ... thread 2: (17000,783000) ops and (7401.7,17280.5) ops/second in (2.296764,45.311197) seconds
2026/05/26-09:36:57  ... thread 1: (30000,791000) ops and (24633.2,17004.0) ops/second in (1.217867,46.518468) seconds
2026/05/26-09:36:57  ... thread 0: (32000,775000) ops and (26262.6,16660.1) ops/second in (1.218461,46.518436) seconds
2026/05/26-09:36:57  ... thread 2: (28000,811000) ops and (22716.1,17424.4) ops/second in (1.232605,46.543802) seconds
2026/05/26-09:36:57  ... thread 3: (33000,798000) ops and (26274.1,17137.7) ops/second in (1.255990,46.564090) seconds
2026/05/26-09:36:58  ... thread 0: (29000,804000) ops and (28717.7,16916.2) ops/second in (1.009830,47.528266) seconds
2026/05/26-09:36:58  ... thread 1: (29000,820000) ops and (28364.3,17248.3) ops/second in (1.022411,47.540879) seconds
2026/05/26-09:36:58  ... thread 2: (27000,838000) ops and (26974.2,17625.5) ops/second in (1.000958,47.544760) seconds
2026/05/26-09:36:58  ... thread 3: (33000,831000) ops and (32945.8,17470.6) ops/second in (1.001645,47.565735) seconds
2026/05/26-09:36:59  ... thread 0: (3000,807000) ops and (2869.0,16613.8) ops/second in (1.045666,48.573932) seconds
2026/05/26-09:37:00  ... thread 1: (3000,823000) ops and (1804.0,16726.3) ops/second in (1.662938,49.203817) seconds
2026/05/26-09:37:00  ... thread 3: (5000,836000) ops and (2609.9,16895.2) ops/second in (1.915780,49.481515) seconds
2026/05/26-09:37:00  ... thread 2: (3000,841000) ops and (1545.6,16994.8) ops/second in (1.941021,49.485781) seconds
2026/05/26-09:37:00  ... thread 0: (7000,814000) ops and (6843.9,16412.4) ops/second in (1.022815,49.596747) seconds
2026/05/26-09:37:01  ... thread 1: (32000,855000) ops and (27057.0,16968.8) ops/second in (1.182689,50.386506) seconds
2026/05/26-09:37:01  ... thread 2: (32000,873000) ops and (31506.0,17286.6) ops/second in (1.015678,50.501459) seconds
2026/05/26-09:37:01  ... thread 3: (28000,864000) ops and (27419.8,17108.0) ops/second in (1.021160,50.502675) seconds
2026/05/26-09:37:01  ... thread 0: (31000,845000) ops and (30242.2,16692.4) ops/second in (1.025058,50.621805) seconds
2026/05/26-09:37:03  ... thread 3: (14000,878000) ops and (10602.0,16942.2) ops/second in (1.320506,51.823181) seconds
2026/05/26-09:37:03  ... thread 0: (12000,857000) ops and (9992.4,16537.2) ops/second in (1.200907,51.822712) seconds
2026/05/26-09:37:03  ... thread 2: (13000,886000) ops and (9785.5,17094.4) ops/second in (1.328497,51.829956) seconds
2026/05/26-09:37:03  ... thread 1: (15000,870000) ops and (9688.0,16751.8) ops/second in (1.548312,51.934818) seconds
2026/05/26-09:37:04  ... thread 0: (2000,859000) ops and (1955.5,16254.9) ops/second in (1.022776,52.845488) seconds
2026/05/26-09:37:04  ... thread 2: (2000,888000) ops and (1928.6,16796.9) ops/second in (1.037017,52.866973) seconds
2026/05/26-09:37:04  ... thread 3: (3000,881000) ops and (2844.7,16661.1) ops/second in (1.054578,52.877759) seconds
2026/05/26-09:37:04  ... thread 1: (5000,875000) ops and (4898.1,16523.3) ops/second in (1.020795,52.955613) seconds
2026/05/26-09:37:05  ... thread 0: (29000,888000) ops and (28876.1,16490.3) ops/second in (1.004291,53.849779) seconds
2026/05/26-09:37:05  ... thread 2: (33000,921000) ops and (32255.9,17090.4) ops/second in (1.023068,53.890041) seconds
2026/05/26-09:37:05  ... thread 3: (35000,916000) ops and (33799.2,16990.2) ops/second in (1.035526,53.913285) seconds
2026/05/26-09:37:05  ... thread 1: (28000,903000) ops and (27968.4,16735.6) ops/second in (1.001131,53.956744) seconds
2026/05/26-09:37:06  ... thread 0: (12000,900000) ops and (11456.9,16394.3) ops/second in (1.047403,54.897182) seconds
2026/05/26-09:37:06  ... thread 1: (11000,914000) ops and (9618.6,16587.9) ops/second in (1.143615,55.100359) seconds
2026/05/26-09:37:06  ... thread 2: (11000,932000) ops and (6894.0,16797.1) ops/second in (1.595600,55.485641) seconds
2026/05/26-09:37:06  ... thread 3: (10000,926000) ops and (6130.0,16671.3) ops/second in (1.631324,55.544609) seconds
2026/05/26-09:37:07  ... thread 1: (2000,916000) ops and (1839.9,16302.6) ops/second in (1.086990,56.187349) seconds
2026/05/26-09:37:07  ... thread 0: (2000,902000) ops and (1360.9,16002.3) ops/second in (1.469619,56.366801) seconds
2026/05/26-09:37:08  ... thread 3: (2000,928000) ops and (1632.8,16346.8) ops/second in (1.224884,56.769493) seconds
2026/05/26-09:37:08  ... thread 2: (2000,934000) ops and (1044.5,16271.7) ops/second in (1.914727,57.400368) seconds
2026/05/26-09:37:08  ... thread 0: (1000,903000) ops and (950.4,15726.5) ops/second in (1.052155,57.418956) seconds
2026/05/26-09:37:08  ... thread 1: (3000,919000) ops and (2268.0,15979.8) ops/second in (1.322764,57.510113) seconds
2026/05/26-09:37:09  ... thread 3: (11000,939000) ops and (10841.0,16250.1) ops/second in (1.014670,57.784163) seconds
2026/05/26-09:37:09  ... thread 1: (25000,944000) ops and (24348.0,16126.6) ops/second in (1.026777,58.536890) seconds
2026/05/26-09:37:09  ... thread 2: (25000,959000) ops and (21635.3,16377.5) ops/second in (1.155521,58.555889) seconds
2026/05/26-09:37:09  ... thread 0: (22000,925000) ops and (19144.5,15793.6) ops/second in (1.149156,58.568112) seconds
2026/05/26-09:37:10  ... thread 3: (20000,959000) ops and (19332.3,16304.3) ops/second in (1.034537,58.818700) seconds
2026/05/26-09:37:10  ... thread 2: (29000,988000) ops and (28780.6,16587.3) ops/second in (1.007622,59.563511) seconds
2026/05/26-09:37:10  ... thread 1: (31000,975000) ops and (30224.0,16369.3) ops/second in (1.025675,59.562565) seconds
2026/05/26-09:37:10  ... thread 0: (30000,955000) ops and (29109.4,16023.8) ops/second in (1.030594,59.598706) seconds
2026/05/26-09:37:11  ... thread 3: (27000,986000) ops and (23490.7,16442.1) ops/second in (1.149391,59.968091) seconds
2026/05/26-09:37:11  ... thread 1: (26000,1001000) ops and (25120.8,16518.8) ops/second in (1.034998,60.597563) seconds
2026/05/26-09:37:11  ... thread 2: (20000,1008000) ops and (19221.4,16632.6) ops/second in (1.040508,60.604019) seconds
2026/05/26-09:37:11  ... thread 0: (21000,976000) ops and (20553.6,16100.2) ops/second in (1.021719,60.620425) seconds
2026/05/26-09:37:12  ... thread 3: (29000,1015000) ops and (28872.5,16646.8) ops/second in (1.004417,60.972508) seconds
2026/05/26-09:37:12  ... thread 2: (28000,1036000) ops and (27499.2,16812.1) ops/second in (1.018213,61.622232) seconds
2026/05/26-09:37:12  ... thread 0: (28000,1004000) ops and (27962.1,16292.9) ops/second in (1.001357,61.621782) seconds
2026/05/26-09:37:12  ... thread 1: (28000,1029000) ops and (26605.9,16691.0) ops/second in (1.052398,61.649961) seconds
2026/05/26-09:37:13  ... thread 3: (20000,1035000) ops and (13096.2,16560.1) ops/second in (1.527165,62.499673) seconds
2026/05/26-09:37:13  ... thread 0: (7000,1011000) ops and (6959.3,16143.0) ops/second in (1.005850,62.627632) seconds
2026/05/26-09:37:13  ... thread 2: (6000,1042000) ops and (5917.8,16635.8) ops/second in (1.013885,62.636117) seconds
2026/05/26-09:37:13  ... thread 1: (9000,1038000) ops and (8845.6,16563.6) ops/second in (1.017451,62.667412) seconds
2026/05/26-09:37:14  ... thread 3: (16000,1051000) ops and (12896.5,16488.8) ops/second in (1.240651,63.740324) seconds
2026/05/26-09:37:14  ... thread 0: (10000,1021000) ops and (9004.4,16018.7) ops/second in (1.110571,63.738203) seconds
2026/05/26-09:37:15  ... thread 1: (9000,1047000) ops and (8217.5,16420.3) ops/second in (1.095221,63.762633) seconds
2026/05/26-09:37:15  ... thread 2: (11000,1053000) ops and (9713.4,16512.8) ops/second in (1.132451,63.768568) seconds
2026/05/26-09:37:15  ... thread 3: (28000,1079000) ops and (27991.5,16666.5) ops/second in (1.000304,64.740628) seconds
2026/05/26-09:37:16  ... thread 0: (32000,1053000) ops and (31337.1,16260.2) ops/second in (1.021155,64.759358) seconds
2026/05/26-09:37:16  ... thread 1: (28000,1075000) ops and (27453.2,16594.0) ops/second in (1.019918,64.782551) seconds
2026/05/26-09:37:16  ... thread 2: (27000,1080000) ops and (26345.3,16668.4) ops/second in (1.024850,64.793418) seconds
2026/05/26-09:37:17  ... thread 3: (24000,1103000) ops and (23366.1,16771.1) ops/second in (1.027130,65.767758) seconds
2026/05/26-09:37:17  ... thread 0: (23000,1076000) ops and (22125.3,16352.9) ops/second in (1.039534,65.798892) seconds
2026/05/26-09:37:17  ... thread 1: (26000,1101000) ops and (25326.2,16730.2) ops/second in (1.026606,65.809157) seconds
2026/05/26-09:37:17  ... thread 2: (23000,1103000) ops and (21721.3,16749.6) ops/second in (1.058869,65.852287) seconds
2026/05/26-09:37:19  ... thread 1: (23000,1124000) ops and (11126.6,16559.5) ops/second in (2.067110,67.876267) seconds
2026/05/26-09:37:19  ... thread 2: (24000,1127000) ops and (11822.4,16602.3) ops/second in (2.030052,67.882339) seconds
2026/05/26-09:37:19  ... thread 3: (27000,1130000) ops and (12768.4,16646.4) ops/second in (2.114599,67.882357) seconds
2026/05/26-09:37:19  ... thread 0: (26000,1102000) ops and (12438.5,16232.3) ops/second in (2.090285,67.889177) seconds
2026/05/26-09:37:20  ... thread 3: (29000,1159000) ops and (27109.3,16808.8) ops/second in (1.069745,68.952102) seconds
2026/05/26-09:37:20  ... thread 0: (33000,1135000) ops and (31013.7,16460.4) ops/second in (1.064045,68.953222) seconds
2026/05/26-09:37:20  ... thread 1: (31000,1155000) ops and (28513.5,16748.0) ops/second in (1.087206,68.963473) seconds
2026/05/26-09:37:20  ... thread 2: (31000,1158000) ops and (27738.9,16782.6) ops/second in (1.117565,68.999904) seconds
2026/05/26-09:37:21  ... thread 1: (17000,1172000) ops and (15974.0,16736.2) ops/second in (1.064231,70.027704) seconds
2026/05/26-09:37:21  ... thread 2: (17000,1175000) ops and (12971.4,16711.6) ops/second in (1.310578,70.310482) seconds
2026/05/26-09:37:21  ... thread 3: (18000,1177000) ops and (12682.8,16725.6) ops/second in (1.419248,70.371350) seconds
2026/05/26-09:37:21  ... thread 0: (13000,1148000) ops and (9157.8,16313.1) ops/second in (1.419558,70.372780) seconds
2026/05/26-09:37:22  ... thread 1: (2000,1174000) ops and (1973.6,16525.6) ops/second in (1.013377,71.041081) seconds
2026/05/26-09:37:22  ... thread 2: (2000,1177000) ops and (1868.5,16489.0) ops/second in (1.070380,71.380862) seconds
2026/05/26-09:37:22  ... thread 0: (2000,1150000) ops and (1965.4,16108.6) ops/second in (1.017627,71.390407) seconds
2026/05/26-09:37:22  ... thread 3: (3000,1180000) ops and (2912.6,16526.3) ops/second in (1.030005,71.401355) seconds
2026/05/26-09:37:23  ... thread 1: (20000,1194000) ops and (19162.4,16563.8) ops/second in (1.043711,72.084792) seconds
2026/05/26-09:37:23  ... thread 2: (26000,1203000) ops and (23800.3,16599.2) ops/second in (1.092421,72.473283) seconds
2026/05/26-09:37:23  ... thread 0: (27000,1177000) ops and (24815.9,16239.3) ops/second in (1.088010,72.478417) seconds
2026/05/26-09:37:23  ... thread 3: (30000,1210000) ops and (26627.5,16683.2) ops/second in (1.126656,72.528011) seconds
2026/05/26-09:37:24  ... thread 1: (22000,1216000) ops and (16686.2,16566.0) ops/second in (1.318458,73.403250) seconds
2026/05/26-09:37:24  ... thread 2: (14000,1217000) ops and (13628.3,16557.7) ops/second in (1.027273,73.500556) seconds
2026/05/26-09:37:24  ... thread 0: (17000,1194000) ops and (15957.3,16235.2) ops/second in (1.065343,73.543760) seconds
2026/05/26-09:37:25  ... thread 3: (13000,1223000) ops and (8617.2,16518.9) ops/second in (1.508605,74.036616) seconds
2026/05/26-09:37:25  ... thread 1: (2000,1218000) ops and (1494.9,16296.2) ops/second in (1.337922,74.741172) seconds
2026/05/26-09:37:26  ... thread 2: (4000,1221000) ops and (2898.9,16306.0) ops/second in (1.379847,74.880403) seconds
2026/05/26-09:37:26  ... thread 0: (2000,1196000) ops and (1483.9,15969.7) ops/second in (1.347842,74.891602) seconds
2026/05/26-09:37:26  ... thread 3: (2000,1225000) ops and (1544.5,16261.5) ops/second in (1.294900,75.331516) seconds
2026/05/26-09:37:27  ... thread 1: (15000,1233000) ops and (14534.3,16272.2) ops/second in (1.032043,75.773215) seconds
2026/05/26-09:37:27  ... thread 2: (20000,1241000) ops and (19906.9,16353.7) ops/second in (1.004679,75.885082) seconds
2026/05/26-09:37:27  ... thread 0: (23000,1219000) ops and (22733.9,16059.9) ops/second in (1.011705,75.903307) seconds
Initializing RocksDB Options from the specified file
Initializing RocksDB Options from command-line flags
Integrated BlobDB: blob cache disabled
Keys:       16 bytes each (+ 0 bytes user-defined timestamp)
Values:     1024 bytes each (512 bytes after compression)
Entries:    1250000
Prefix:    0 bytes
Keys per prefix:    0
RawSize:    1239.8 MB (estimated)
FileSize:   629.4 MB (estimated)
Write rate: 0 bytes/second
Read rate: 0 ops/second
Compression: Snappy
Compression sampling rate: 0
Memtablerep: SkipListFactory
Perf Level: 1
WARNING: Assertions are enabled; benchmarks unnecessarily slow
------------------------------------------------
Initializing RocksDB Options from the specified file
Initializing RocksDB Options from command-line flags
Integrated BlobDB: blob cache disabled
DB path: [/tmp/rocksdb_comp_exp_db]
fillrandom   :      60.940 micros/op 65433 ops/sec 76.413 seconds 5000000 operations;   64.9 MB/s
2026/05/26-09:37:39  ... thread 2: (1000,1000) ops and (85.9,85.9) ops/second in (11.637328,11.637328) seconds
2026/05/26-09:37:39  ... thread 3: (1000,1000) ops and (85.3,85.3) ops/second in (11.718217,11.718217) seconds
2026/05/26-09:37:39  ... thread 1: (1000,1000) ops and (84.4,84.4) ops/second in (11.851424,11.851424) seconds
2026/05/26-09:37:39  ... thread 0: (1000,1000) ops and (84.1,84.1) ops/second in (11.886746,11.886746) seconds
2026/05/26-09:37:45  ... thread 1: (1000,2000) ops and (170.1,112.8) ops/second in (5.879959,17.731383) seconds
2026/05/26-09:37:45  ... thread 0: (1000,2000) ops and (166.7,111.8) ops/second in (5.997160,17.883906) seconds
2026/05/26-09:37:45  ... thread 2: (1000,2000) ops and (158.1,111.3) ops/second in (6.324866,17.962194) seconds
2026/05/26-09:37:45  ... thread 3: (1000,2000) ops and (158.0,110.8) ops/second in (6.328904,18.047121) seconds
2026/05/26-09:37:50  ... thread 1: (1000,3000) ops and (212.3,133.7) ops/second in (4.711265,22.442648) seconds
2026/05/26-09:37:50  ... thread 3: (1000,3000) ops and (222.1,133.0) ops/second in (4.503420,22.550541) seconds
2026/05/26-09:37:50  ... thread 0: (1000,3000) ops and (203.0,131.5) ops/second in (4.924914,22.808820) seconds
2026/05/26-09:37:50  ... thread 2: (1000,3000) ops and (202.4,131.0) ops/second in (4.939580,22.901774) seconds
2026/05/26-09:37:57  ... thread 1: (1000,4000) ops and (136.4,134.3) ops/second in (7.331429,29.774077) seconds
2026/05/26-09:37:57  ... thread 3: (1000,4000) ops and (135.0,133.5) ops/second in (7.404855,29.955396) seconds
2026/05/26-09:37:58  ... thread 0: (1000,4000) ops and (129.6,131.0) ops/second in (7.715235,30.524055) seconds
2026/05/26-09:37:58  ... thread 2: (1000,4000) ops and (124.6,129.3) ops/second in (8.026594,30.928368) seconds
2026/05/26-09:38:04  ... thread 1: (1000,5000) ops and (137.8,135.0) ops/second in (7.258279,37.032356) seconds
2026/05/26-09:38:04  ... thread 3: (1000,5000) ops and (138.6,134.5) ops/second in (7.214361,37.169757) seconds
2026/05/26-09:38:06  ... thread 0: (1000,5000) ops and (124.7,129.7) ops/second in (8.021437,38.545492) seconds
2026/05/26-09:38:06  ... thread 2: (1000,5000) ops and (126.5,128.7) ops/second in (7.907802,38.836170) seconds
2026/05/26-09:38:11  ... thread 3: (1000,6000) ops and (141.6,135.7) ops/second in (7.060759,44.230516) seconds
2026/05/26-09:38:11  ... thread 1: (1000,6000) ops and (136.9,135.3) ops/second in (7.307018,44.339374) seconds
2026/05/26-09:38:12  ... thread 0: (1000,6000) ops and (162.0,134.2) ops/second in (6.173545,44.719037) seconds
2026/05/26-09:38:12  ... thread 2: (1000,6000) ops and (158.1,132.9) ops/second in (6.325142,45.161312) seconds
2026/05/26-09:38:15  ... thread 3: (1000,7000) ops and (255.8,145.4) ops/second in (3.909587,48.140103) seconds
2026/05/26-09:38:15  ... thread 1: (1000,7000) ops and (253.6,145.0) ops/second in (3.943282,48.282656) seconds
2026/05/26-09:38:16  ... thread 2: (1000,7000) ops and (295.6,144.2) ops/second in (3.382513,48.543825) seconds
2026/05/26-09:38:16  ... thread 0: (1000,7000) ops and (261.0,144.2) ops/second in (3.831535,48.550572) seconds
2026/05/26-09:38:19  ... thread 3: (1000,8000) ops and (287.4,155.0) ops/second in (3.479657,51.619760) seconds
2026/05/26-09:38:19  ... thread 1: (1000,8000) ops and (289.4,154.6) ops/second in (3.455474,51.738130) seconds
2026/05/26-09:38:19  ... thread 2: (1000,8000) ops and (295.4,154.1) ops/second in (3.384827,51.928652) seconds
2026/05/26-09:38:19  ... thread 0: (1000,8000) ops and (285.9,153.7) ops/second in (3.497549,52.048121) seconds
2026/05/26-09:38:22  ... thread 3: (1000,9000) ops and (319.3,164.4) ops/second in (3.131460,54.751220) seconds
2026/05/26-09:38:22  ... thread 1: (1000,9000) ops and (319.9,164.0) ops/second in (3.126421,54.864551) seconds
2026/05/26-09:38:22  ... thread 2: (1000,9000) ops and (319.3,163.5) ops/second in (3.131409,55.060061) seconds
2026/05/26-09:38:22  ... thread 0: (1000,9000) ops and (317.6,163.1) ops/second in (3.148494,55.196615) seconds
2026/05/26-09:38:24  ... thread 3: (1000,10000) ops and (555.5,176.8) ops/second in (1.800336,56.551556) seconds
2026/05/26-09:38:24  ... thread 1: (1000,10000) ops and (541.7,176.3) ops/second in (1.846081,56.710632) seconds
2026/05/26-09:38:24  ... thread 2: (1000,10000) ops and (510.3,175.4) ops/second in (1.959611,57.019672) seconds
2026/05/26-09:38:24  ... thread 0: (1000,10000) ops and (535.3,175.2) ops/second in (1.868156,57.064771) seconds
2026/05/26-09:38:27  ... thread 3: (1000,11000) ops and (329.7,184.6) ops/second in (3.033451,59.585007) seconds
2026/05/26-09:38:27  ... thread 1: (1000,11000) ops and (276.1,182.3) ops/second in (3.622394,60.333026) seconds
2026/05/26-09:38:28  ... thread 0: (1000,11000) ops and (296.5,182.0) ops/second in (3.372131,60.436902) seconds
2026/05/26-09:38:28  ... thread 2: (1000,11000) ops and (291.0,181.9) ops/second in (3.436892,60.456564) seconds
2026/05/26-09:38:28  ... thread 3: (1000,12000) ops and (743.8,196.9) ops/second in (1.344456,60.929463) seconds
2026/05/26-09:38:29  ... thread 1: (2000,13000) ops and (1519.0,210.9) ops/second in (1.316632,61.649658) seconds
2026/05/26-09:38:29  ... thread 0: (2000,13000) ops and (1492.8,210.4) ops/second in (1.339727,61.776629) seconds
2026/05/26-09:38:29  ... thread 2: (2000,13000) ops and (1482.2,210.3) ops/second in (1.349303,61.805867) seconds
2026/05/26-09:38:29  ... thread 3: (2000,14000) ops and (1565.1,225.1) ops/second in (1.277837,62.207300) seconds
2026/05/26-09:38:30  ... thread 1: (2000,15000) ops and (1574.9,238.4) ops/second in (1.269904,62.919562) seconds
2026/05/26-09:38:30  ... thread 0: (2000,15000) ops and (1671.4,238.2) ops/second in (1.196604,62.973233) seconds
2026/05/26-09:38:30  ... thread 2: (2000,15000) ops and (1598.6,237.9) ops/second in (1.251128,63.056995) seconds
2026/05/26-09:38:31  ... thread 3: (2000,16000) ops and (1529.7,251.9) ops/second in (1.307449,63.514749) seconds
2026/05/26-09:38:31  ... thread 1: (2000,17000) ops and (1733.8,265.3) ops/second in (1.153539,64.073101) seconds
2026/05/26-09:38:31  ... thread 0: (2000,17000) ops and (1700.8,265.0) ops/second in (1.175915,64.149148) seconds
2026/05/26-09:38:31  ... thread 2: (2000,17000) ops and (1668.0,264.6) ops/second in (1.199026,64.256021) seconds
2026/05/26-09:38:32  ... thread 3: (2000,18000) ops and (1622.4,278.0) ops/second in (1.232724,64.747473) seconds
2026/05/26-09:38:32  ... thread 1: (2000,19000) ops and (1850.2,291.6) ops/second in (1.080956,65.154057) seconds
2026/05/26-09:38:32  ... thread 0: (2000,19000) ops and (1792.3,291.1) ops/second in (1.115867,65.265015) seconds
2026/05/26-09:38:33  ... thread 2: (2000,19000) ops and (1699.1,290.4) ops/second in (1.177124,65.433145) seconds
2026/05/26-09:38:33  ... thread 3: (2000,20000) ops and (1746.1,303.5) ops/second in (1.145412,65.892885) seconds
2026/05/26-09:38:33  ... thread 1: (2000,21000) ops and (1772.8,316.8) ops/second in (1.128128,66.282185) seconds
2026/05/26-09:38:34  ... thread 0: (2000,21000) ops and (1737.0,316.2) ops/second in (1.151434,66.416449) seconds
2026/05/26-09:38:34  ... thread 2: (2000,21000) ops and (1929.2,315.9) ops/second in (1.036687,66.469832) seconds
2026/05/26-09:38:34  ... thread 3: (2000,22000) ops and (1927.3,328.7) ops/second in (1.037697,66.930582) seconds
2026/05/26-09:38:34  ... thread 1: (2000,23000) ops and (1908.0,341.6) ops/second in (1.048230,67.330415) seconds
2026/05/26-09:38:35  ... thread 0: (2000,23000) ops and (1865.6,340.8) ops/second in (1.072030,67.488479) seconds
2026/05/26-09:38:35  ... thread 2: (2000,23000) ops and (1956.1,340.8) ops/second in (1.022441,67.492273) seconds
2026/05/26-09:38:35  ... thread 3: (3000,25000) ops and (2143.5,365.9) ops/second in (1.399558,68.330140) seconds
2026/05/26-09:38:36  ... thread 1: (3000,26000) ops and (2188.9,378.5) ops/second in (1.370581,68.700996) seconds
2026/05/26-09:38:36  ... thread 0: (3000,26000) ops and (2250.1,377.8) ops/second in (1.333247,68.821726) seconds
2026/05/26-09:38:36  ... thread 2: (3000,26000) ops and (2237.8,377.7) ops/second in (1.340608,68.832881) seconds
2026/05/26-09:38:37  ... thread 3: (3000,28000) ops and (2320.4,402.2) ops/second in (1.292902,69.623042) seconds
2026/05/26-09:38:37  ... thread 1: (3000,29000) ops and (2444.6,414.7) ops/second in (1.227194,69.928190) seconds
2026/05/26-09:38:37  ... thread 2: (3000,29000) ops and (2492.0,414.1) ops/second in (1.203859,70.036740) seconds
2026/05/26-09:38:37  ... thread 0: (3000,29000) ops and (2370.8,413.8) ops/second in (1.265389,70.087115) seconds
2026/05/26-09:38:38  ... thread 3: (3000,31000) ops and (2530.2,437.8) ops/second in (1.185662,70.808704) seconds
2026/05/26-09:38:38  ... thread 2: (3000,32000) ops and (2750.4,449.9) ops/second in (1.090733,71.127473) seconds
2026/05/26-09:38:38  ... thread 1: (3000,32000) ops and (2464.4,449.8) ops/second in (1.217330,71.145520) seconds
2026/05/26-09:38:38  ... thread 0: (3000,32000) ops and (2531.6,449.0) ops/second in (1.185024,71.272139) seconds
2026/05/26-09:38:39  ... thread 3: (3000,34000) ops and (2805.8,473.0) ops/second in (1.069221,71.877925) seconds
2026/05/26-09:38:39  ... thread 2: (3000,35000) ops and (2849.9,484.9) ops/second in (1.052671,72.180144) seconds
2026/05/26-09:38:39  ... thread 1: (3000,35000) ops and (2879.1,484.8) ops/second in (1.041991,72.187511) seconds
2026/05/26-09:38:39  ... thread 0: (3000,35000) ops and (2969.8,484.2) ops/second in (1.010175,72.282314) seconds
2026/05/26-09:38:40  ... thread 3: (4000,38000) ops and (3322.1,520.0) ops/second in (1.204056,73.081981) seconds
2026/05/26-09:38:41  ... thread 1: (4000,39000) ops and (3276.5,531.3) ops/second in (1.220806,73.408317) seconds
2026/05/26-09:38:41  ... thread 2: (4000,39000) ops and (3187.7,531.1) ops/second in (1.254827,73.434971) seconds
2026/05/26-09:38:41  ... thread 0: (4000,39000) ops and (3324.0,530.7) ops/second in (1.203365,73.485679) seconds
2026/05/26-09:38:41  ... thread 3: (4000,42000) ops and (3350.5,565.5) ops/second in (1.193846,74.275827) seconds
2026/05/26-09:38:42  ... thread 1: (4000,43000) ops and (3571.8,577.0) ops/second in (1.119882,74.528199) seconds
2026/05/26-09:38:42  ... thread 2: (4000,43000) ops and (3538.7,576.7) ops/second in (1.130365,74.565336) seconds
2026/05/26-09:38:42  ... thread 0: (4000,43000) ops and (3613.6,576.5) ops/second in (1.106916,74.592595) seconds
2026/05/26-09:38:42  ... thread 3: (4000,46000) ops and (3918.6,610.9) ops/second in (1.020772,75.296599) seconds
2026/05/26-09:38:43  ... thread 1: (4000,47000) ops and (3880.6,622.0) ops/second in (1.030774,75.558973) seconds
2026/05/26-09:38:43  ... thread 0: (4000,47000) ops and (3996.3,621.7) ops/second in (1.000924,75.593519) seconds
2026/05/26-09:38:43  ... thread 2: (5000,48000) ops and (4265.9,633.8) ops/second in (1.172084,75.737420) seconds
2026/05/26-09:38:44  ... thread 3: (5000,51000) ops and (4196.8,666.8) ops/second in (1.191374,76.487973) seconds
2026/05/26-09:38:44  ... thread 1: (5000,52000) ops and (4257.0,677.7) ops/second in (1.174523,76.733496) seconds
2026/05/26-09:38:44  ... thread 0: (5000,52000) ops and (4263.8,677.4) ops/second in (1.172673,76.766192) seconds
2026/05/26-09:38:44  ... thread 2: (5000,53000) ops and (4406.4,689.5) ops/second in (1.134702,76.872122) seconds
2026/05/26-09:38:45  ... thread 3: (6000,57000) ops and (5093.0,733.9) ops/second in (1.178087,77.666060) seconds
2026/05/26-09:38:45  ... thread 0: (5000,57000) ops and (4920.2,732.8) ops/second in (1.016229,77.782421) seconds
2026/05/26-09:38:45  ... thread 1: (6000,58000) ops and (5156.3,744.6) ops/second in (1.163628,77.897124) seconds
2026/05/26-09:38:45  ... thread 2: (6000,59000) ops and (5252.2,756.3) ops/second in (1.142381,78.014503) seconds
2026/05/26-09:38:46  ... thread 3: (6000,63000) ops and (5932.4,800.7) ops/second in (1.011399,78.677459) seconds
2026/05/26-09:38:46  ... thread 0: (7000,64000) ops and (6158.2,811.0) ops/second in (1.136702,78.919123) seconds
2026/05/26-09:38:46  ... thread 1: (7000,65000) ops and (6091.7,822.3) ops/second in (1.149107,79.046231) seconds
2026/05/26-09:38:46  ... thread 2: (7000,66000) ops and (5998.4,833.5) ops/second in (1.166978,79.181481) seconds
2026/05/26-09:38:47  ... thread 3: (7000,70000) ops and (6280.1,877.3) ops/second in (1.114629,79.792088) seconds
2026/05/26-09:38:47  ... thread 0: (7000,71000) ops and (6589.6,887.7) ops/second in (1.062273,79.981396) seconds
2026/05/26-09:38:47  ... thread 1: (7000,72000) ops and (6335.2,898.3) ops/second in (1.104936,80.151167) seconds
2026/05/26-09:38:47  ... thread 2: (8000,74000) ops and (7297.1,921.8) ops/second in (1.096329,80.277810) seconds
2026/05/26-09:38:48  ... thread 3: (8000,78000) ops and (7980.3,965.4) ops/second in (1.002471,80.794559) seconds
2026/05/26-09:38:48  ... thread 0: (9000,80000) ops and (8336.2,986.9) ops/second in (1.079628,81.061024) seconds
2026/05/26-09:38:48  ... thread 1: (9000,81000) ops and (8425.5,997.3) ops/second in (1.068180,81.219347) seconds
2026/05/26-09:38:49  ... thread 2: (10000,84000) ops and (9197.8,1032.4) ops/second in (1.087213,81.365023) seconds
2026/05/26-09:38:49  ... thread 3: (10000,88000) ops and (9653.4,1075.4) ops/second in (1.035906,81.830465) seconds
2026/05/26-09:38:49  ... thread 0: (10000,90000) ops and (9717.0,1096.4) ops/second in (1.029120,82.090144) seconds
2026/05/26-09:38:49  ... thread 1: (11000,92000) ops and (10076.4,1117.7) ops/second in (1.091656,82.311003) seconds
2026/05/26-09:38:50  ... thread 2: (11000,95000) ops and (10495.0,1152.7) ops/second in (1.048119,82.413142) seconds
2026/05/26-09:38:50  ... thread 3: (11000,99000) ops and (10542.6,1194.6) ops/second in (1.043384,82.873849) seconds
DB path: [/tmp/rocksdb_comp_exp_db]
readrandom   :     829.560 micros/op 4815 ops/sec 83.060 seconds 400000 operations;    4.7 MB/s (98123 of 100000 found)

STATISTICS:
rocksdb.block.cache.miss COUNT : 3328085
rocksdb.block.cache.hit COUNT : 28041
rocksdb.block.cache.add COUNT : 501723
rocksdb.block.cache.add.failures COUNT : 0
rocksdb.block.cache.index.miss COUNT : 0
rocksdb.block.cache.index.hit COUNT : 0
rocksdb.block.cache.index.add COUNT : 0
rocksdb.block.cache.index.bytes.insert COUNT : 0
rocksdb.block.cache.filter.miss COUNT : 0
rocksdb.block.cache.filter.hit COUNT : 0
rocksdb.block.cache.filter.add COUNT : 0
rocksdb.block.cache.filter.bytes.insert COUNT : 0
rocksdb.block.cache.data.miss COUNT : 3328085
rocksdb.block.cache.data.hit COUNT : 28041
rocksdb.block.cache.data.add COUNT : 501723
rocksdb.block.cache.data.bytes.insert COUNT : 2159394096
rocksdb.block.cache.bytes.read COUNT : 120688528
rocksdb.block.cache.bytes.write COUNT : 2159394096
rocksdb.block.cache.compression.dict.miss COUNT : 0
rocksdb.block.cache.compression.dict.hit COUNT : 0
rocksdb.block.cache.compression.dict.add COUNT : 0
rocksdb.block.cache.compression.dict.bytes.insert COUNT : 0
rocksdb.block.cache.add.redundant COUNT : 5
rocksdb.block.cache.index.add.redundant COUNT : 0
rocksdb.block.cache.filter.add.redundant COUNT : 0
rocksdb.block.cache.data.add.redundant COUNT : 5
rocksdb.block.cache.compression.dict.add.redundant COUNT : 0
rocksdb.secondary.cache.hits COUNT : 0
rocksdb.secondary.cache.filter.hits COUNT : 0
rocksdb.secondary.cache.index.hits COUNT : 0
rocksdb.secondary.cache.data.hits COUNT : 0
rocksdb.compressed.secondary.cache.dummy.hits COUNT : 0
rocksdb.compressed.secondary.cache.hits COUNT : 0
rocksdb.compressed.secondary.cache.promotions COUNT : 0
rocksdb.compressed.secondary.cache.promotion.skips COUNT : 0
rocksdb.bloom.filter.useful COUNT : 0
rocksdb.bloom.filter.full.positive COUNT : 0
rocksdb.bloom.filter.full.true.positive COUNT : 0
rocksdb.bloom.filter.prefix.checked COUNT : 0
rocksdb.bloom.filter.prefix.useful COUNT : 0
rocksdb.bloom.filter.prefix.true.positive COUNT : 0
rocksdb.persistent.cache.hit COUNT : 0
rocksdb.persistent.cache.miss COUNT : 0
rocksdb.sim.block.cache.hit COUNT : 0
rocksdb.sim.block.cache.miss COUNT : 0
rocksdb.memtable.hit COUNT : 6900
rocksdb.memtable.miss COUNT : 393100
rocksdb.l0.hit COUNT : 34980
rocksdb.l1.hit COUNT : 89901
rocksdb.l2andup.hit COUNT : 260823
rocksdb.compaction.key.drop.new COUNT : 3341374
rocksdb.compaction.key.drop.obsolete COUNT : 0
rocksdb.compaction.key.drop.range_del COUNT : 0
rocksdb.compaction.key.drop.user COUNT : 0
rocksdb.compaction.range_del.drop.obsolete COUNT : 0
rocksdb.compaction.optimized.del.drop.obsolete COUNT : 0
rocksdb.compaction.cancelled COUNT : 0
rocksdb.compaction.aborted COUNT : 0
rocksdb.number.keys.written COUNT : 5000000
rocksdb.number.keys.read COUNT : 400000
rocksdb.number.keys.updated COUNT : 0
rocksdb.bytes.written COUNT : 5278981416
rocksdb.bytes.read COUNT : 402026496
rocksdb.number.db.seek COUNT : 0
rocksdb.number.db.next COUNT : 0
rocksdb.number.db.prev COUNT : 0
rocksdb.number.db.seek.found COUNT : 0
rocksdb.number.db.next.found COUNT : 0
rocksdb.number.db.prev.found COUNT : 0
rocksdb.db.iter.bytes.read COUNT : 0
rocksdb.number.iter.skip COUNT : 0
rocksdb.number.reseeks.iteration COUNT : 0
rocksdb.num.iterator.created COUNT : 0
rocksdb.num.iterator.deleted COUNT : 0
rocksdb.no.file.opens COUNT : 128
rocksdb.no.file.errors COUNT : 0
rocksdb.stall.micros COUNT : 35568271
rocksdb.db.mutex.wait.micros COUNT : 0
rocksdb.number.multiget.get COUNT : 0
rocksdb.number.multiget.keys.read COUNT : 0
rocksdb.number.multiget.bytes.read COUNT : 0
rocksdb.number.multiget.keys.found COUNT : 0
rocksdb.number.merge.failures COUNT : 0
rocksdb.getupdatessince.calls COUNT : 0
rocksdb.wal.synced COUNT : 0
rocksdb.wal.bytes COUNT : 5278981416
rocksdb.write.self COUNT : 4915118
rocksdb.write.other COUNT : 84882
rocksdb.write.wal COUNT : 5000000
rocksdb.compact.read.bytes COUNT : 6900052846
rocksdb.compact.write.bytes COUNT : 4902055933
rocksdb.flush.write.bytes COUNT : 2971335832
rocksdb.compact.read.marked.bytes COUNT : 0
rocksdb.compact.read.periodic.bytes COUNT : 0
rocksdb.compact.read.ttl.bytes COUNT : 0
rocksdb.compact.write.marked.bytes COUNT : 0
rocksdb.compact.write.periodic.bytes COUNT : 0
rocksdb.compact.write.ttl.bytes COUNT : 0
rocksdb.number.direct.load.table.properties COUNT : 0
rocksdb.number.superversion_acquires COUNT : 31
rocksdb.number.superversion_releases COUNT : 27
rocksdb.number.superversion_cleanups COUNT : 7
rocksdb.number.block.compressed COUNT : 3220574
rocksdb.number.block.decompressed COUNT : 3328213
rocksdb.bytes.compressed.from COUNT : 13574175783
rocksdb.bytes.compressed.to COUNT : 7857116639
rocksdb.bytes.compression_bypassed COUNT : 0
rocksdb.bytes.compression.rejected COUNT : 0
rocksdb.number.block_compression_bypassed COUNT : 0
rocksdb.number.block_compression_rejected COUNT : 0
rocksdb.bytes.decompressed.from COUNT : 8119654952
rocksdb.bytes.decompressed.to COUNT : 14025738679
rocksdb.merge.operation.time.nanos COUNT : 0
rocksdb.filter.operation.time.nanos COUNT : 0
rocksdb.compaction.total.time.cpu_micros COUNT : 41613660
rocksdb.row.cache.hit COUNT : 0
rocksdb.row.cache.miss COUNT : 0
rocksdb.read.amp.estimate.useful.bytes COUNT : 0
rocksdb.read.amp.total.read.bytes COUNT : 0
rocksdb.number.rate_limiter.drains COUNT : 0
rocksdb.blobdb.num.put COUNT : 0
rocksdb.blobdb.num.write COUNT : 0
rocksdb.blobdb.num.get COUNT : 0
rocksdb.blobdb.num.multiget COUNT : 0
rocksdb.blobdb.num.seek COUNT : 0
rocksdb.blobdb.num.next COUNT : 0
rocksdb.blobdb.num.prev COUNT : 0
rocksdb.blobdb.num.keys.written COUNT : 0
rocksdb.blobdb.num.keys.read COUNT : 0
rocksdb.blobdb.bytes.written COUNT : 0
rocksdb.blobdb.bytes.read COUNT : 0
rocksdb.blobdb.write.inlined COUNT : 0
rocksdb.blobdb.write.inlined.ttl COUNT : 0
rocksdb.blobdb.write.blob COUNT : 0
rocksdb.blobdb.write.blob.ttl COUNT : 0
rocksdb.blobdb.blob.file.bytes.written COUNT : 0
rocksdb.blobdb.blob.file.bytes.read COUNT : 0
rocksdb.blobdb.blob.file.synced COUNT : 0
rocksdb.blobdb.blob.index.expired.count COUNT : 0
rocksdb.blobdb.blob.index.expired.size COUNT : 0
rocksdb.blobdb.blob.index.evicted.count COUNT : 0
rocksdb.blobdb.blob.index.evicted.size COUNT : 0
rocksdb.blobdb.gc.num.files COUNT : 0
rocksdb.blobdb.gc.num.new.files COUNT : 0
rocksdb.blobdb.gc.failures COUNT : 0
rocksdb.blobdb.gc.num.keys.relocated COUNT : 0
rocksdb.blobdb.gc.bytes.relocated COUNT : 0
rocksdb.blobdb.fifo.num.files.evicted COUNT : 0
rocksdb.blobdb.fifo.num.keys.evicted COUNT : 0
rocksdb.blobdb.fifo.bytes.evicted COUNT : 0
rocksdb.blobdb.cache.miss COUNT : 0
rocksdb.blobdb.cache.hit COUNT : 0
rocksdb.blobdb.cache.add COUNT : 0
rocksdb.blobdb.cache.add.failures COUNT : 0
rocksdb.blobdb.cache.bytes.read COUNT : 0
rocksdb.blobdb.cache.bytes.write COUNT : 0
rocksdb.txn.overhead.mutex.prepare COUNT : 0
rocksdb.txn.overhead.mutex.old.commit.map COUNT : 0
rocksdb.txn.overhead.duplicate.key COUNT : 0
rocksdb.txn.overhead.mutex.snapshot COUNT : 0
rocksdb.txn.get.tryagain COUNT : 0
rocksdb.files.marked.trash COUNT : 0
rocksdb.files.marked.trash.deleted COUNT : 0
rocksdb.files.deleted.immediately COUNT : 196
rocksdb.error.handler.bg.error.count COUNT : 0
rocksdb.error.handler.bg.io.error.count COUNT : 0
rocksdb.error.handler.bg.retryable.io.error.count COUNT : 0
rocksdb.error.handler.autoresume.count COUNT : 0
rocksdb.error.handler.autoresume.retry.total.count COUNT : 0
rocksdb.error.handler.autoresume.success.count COUNT : 0
rocksdb.memtable.payload.bytes.at.flush COUNT : 5217234296
rocksdb.memtable.garbage.bytes.at.flush COUNT : 128404104
rocksdb.verify_checksum.read.bytes COUNT : 0
rocksdb.backup.read.bytes COUNT : 0
rocksdb.backup.write.bytes COUNT : 0
rocksdb.remote.compact.read.bytes COUNT : 0
rocksdb.remote.compact.write.bytes COUNT : 0
rocksdb.remote.compact.resumed.bytes COUNT : 0
rocksdb.hot.file.read.bytes COUNT : 0
rocksdb.warm.file.read.bytes COUNT : 0
rocksdb.cool.file.read.bytes COUNT : 0
rocksdb.cold.file.read.bytes COUNT : 0
rocksdb.ice.file.read.bytes COUNT : 0
rocksdb.hot.file.read.count COUNT : 0
rocksdb.warm.file.read.count COUNT : 0
rocksdb.cool.file.read.count COUNT : 0
rocksdb.cold.file.read.count COUNT : 0
rocksdb.ice.file.read.count COUNT : 0
rocksdb.last.level.read.bytes COUNT : 0
rocksdb.last.level.read.count COUNT : 0
rocksdb.non.last.level.read.bytes COUNT : 8136456896
rocksdb.non.last.level.read.count COUNT : 3328597
rocksdb.last.level.seek.filtered COUNT : 0
rocksdb.last.level.seek.filter.match COUNT : 0
rocksdb.last.level.seek.data COUNT : 0
rocksdb.last.level.seek.data.useful.no.filter COUNT : 0
rocksdb.last.level.seek.data.useful.filter.match COUNT : 0
rocksdb.non.last.level.seek.filtered COUNT : 0
rocksdb.non.last.level.seek.filter.match COUNT : 0
rocksdb.non.last.level.seek.data COUNT : 0
rocksdb.non.last.level.seek.data.useful.no.filter COUNT : 0
rocksdb.non.last.level.seek.data.useful.filter.match COUNT : 0
rocksdb.block.checksum.compute.count COUNT : 3328341
rocksdb.block.checksum.mismatch.count COUNT : 0
rocksdb.multiget.coroutine.count COUNT : 0
rocksdb.read.async.micros COUNT : 0
rocksdb.async.read.error.count COUNT : 0
rocksdb.table.open.prefetch.tail.miss COUNT : 0
rocksdb.table.open.prefetch.tail.hit COUNT : 0
rocksdb.timestamp.filter.table.checked COUNT : 0
rocksdb.timestamp.filter.table.filtered COUNT : 0
rocksdb.readahead.trimmed COUNT : 0
rocksdb.fifo.max.size.compactions COUNT : 0
rocksdb.fifo.ttl.compactions COUNT : 0
rocksdb.fifo.change_temperature.compactions COUNT : 0
rocksdb.prefetch.bytes COUNT : 0
rocksdb.prefetch.bytes.useful COUNT : 0
rocksdb.prefetch.hits COUNT : 0
rocksdb.footer.corruption.count COUNT : 0
rocksdb.file.read.corruption.retry.count COUNT : 0
rocksdb.file.read.corruption.retry.success.count COUNT : 0
rocksdb.number.wbwi.ingest COUNT : 0
rocksdb.sst.user.defined.index.load.fail.count COUNT : 0
rocksdb.multiscan.prepare.calls COUNT : 0
rocksdb.multiscan.prepare.errors COUNT : 0
rocksdb.multiscan.blocks.prefetched COUNT : 0
rocksdb.multiscan.blocks.from.cache COUNT : 0
rocksdb.multiscan.prefetch.bytes COUNT : 0
rocksdb.multiscan.prefetch.blocks.wasted COUNT : 0
rocksdb.multiscan.io.requests COUNT : 0
rocksdb.multiscan.io.coalesced.nonadjacent COUNT : 0
rocksdb.multiscan.seek.errors COUNT : 0
rocksdb.prefetch.memory.bytes.granted COUNT : 0
rocksdb.prefetch.memory.bytes.released COUNT : 0
rocksdb.prefetch.memory.requests.blocked COUNT : 0
rocksdb.read.path.range.tombstones.inserted COUNT : 0
rocksdb.read.path.range.tombstones.discarded COUNT : 0
rocksdb.file.open.metadata.retrieved COUNT : 0
rocksdb.file.open.metadata.passed COUNT : 0
rocksdb.manifest.validation.failure.count COUNT : 0
rocksdb.db.get.micros P50 : 13.742746 P95 : 2291.958939 P99 : 13023.923865 P100 : 862343.000000 COUNT : 400000 SUM : 331516102
rocksdb.db.write.micros P50 : 5.575550 P95 : 23.985896 P99 : 920.058759 P100 : 2037354.000000 COUNT : 5000000 SUM : 297254619
rocksdb.compaction.times.micros P50 : 4090000.000000 P95 : 32725000.000000 P99 : 60989968.000000 P100 : 60989968.000000 COUNT : 21 SUM : 200087448
rocksdb.compaction.times.cpu_micros P50 : 1108461.538462 P95 : 6390000.000000 P99 : 10819028.000000 P100 : 10819028.000000 COUNT : 21 SUM : 41613660
rocksdb.subcompaction.setup.times.micros P50 : 0.000000 P95 : 0.000000 P99 : 0.000000 P100 : 0.000000 COUNT : 0 SUM : 0
rocksdb.table.sync.micros P50 : 373809.523810 P95 : 1157500.000000 P99 : 1598488.000000 P100 : 1598488.000000 COUNT : 80 SUM : 43469637
rocksdb.compaction.outfile.sync.micros P50 : 841875.000000 P95 : 1880000.000000 P99 : 2209763.000000 P100 : 2209763.000000 COUNT : 48 SUM : 44694315
rocksdb.wal.file.sync.micros P50 : 0.000000 P95 : 0.000000 P99 : 0.000000 P100 : 0.000000 COUNT : 0 SUM : 0
rocksdb.manifest.file.sync.micros P50 : 5898.275862 P95 : 119750.000000 P99 : 192266.000000 P100 : 192266.000000 COUNT : 107 SUM : 2164947
rocksdb.table.open.io.micros P50 : 856.190476 P95 : 5192.000000 P99 : 6228.000000 P100 : 6228.000000 COUNT : 128 SUM : 188302
rocksdb.db.multiget.micros P50 : 0.000000 P95 : 0.000000 P99 : 0.000000 P100 : 0.000000 COUNT : 0 SUM : 0
rocksdb.read.block.compaction.micros P50 : 3.333139 P95 : 6.946429 P99 : 19.375639 P100 : 758222.000000 COUNT : 2826362 SUM : 118224474
rocksdb.read.block.get.micros P50 : 7.889753 P95 : 1765.027324 P99 : 10990.754301 P100 : 366687.000000 COUNT : 501851 SUM : 327186544
rocksdb.write.raw.block.micros P50 : 0.530697 P95 : 1.199049 P99 : 2.847380 P100 : 289059.000000 COUNT : 3220830 SUM : 11880358
rocksdb.numfiles.in.singlecompaction P50 : 4.000000 P95 : 9.850000 P99 : 17.000000 P100 : 17.000000 COUNT : 23 SUM : 124
rocksdb.db.seek.micros P50 : 0.000000 P95 : 0.000000 P99 : 0.000000 P100 : 0.000000 COUNT : 0 SUM : 0
rocksdb.db.write.stall P50 : 1130.489902 P95 : 2642.980857 P99 : 4081.718750 P100 : 2034158.000000 COUNT : 7679 SUM : 35568271
rocksdb.sst.read.micros P50 : 0.828307 P95 : 9.009757 P99 : 1738.574247 P100 : 758200.000000 COUNT : 3328597 SUM : 432280006
rocksdb.file.read.flush.micros P50 : 3.272727 P95 : 65.655172 P99 : 103.200000 P100 : 846.000000 COUNT : 320 SUM : 6167
rocksdb.file.read.compaction.micros P50 : 0.731734 P95 : 2.023884 P99 : 9.014871 P100 : 758200.000000 COUNT : 2826554 SUM : 108992953
rocksdb.file.read.db.open.micros P50 : 0.000000 P95 : 0.000000 P99 : 0.000000 P100 : 0.000000 COUNT : 0 SUM : 0
rocksdb.file.read.get.micros P50 : 0.000000 P95 : 0.000000 P99 : 0.000000 P100 : 0.000000 COUNT : 0 SUM : 0
rocksdb.file.read.multiget.micros P50 : 0.000000 P95 : 0.000000 P99 : 0.000000 P100 : 0.000000 COUNT : 0 SUM : 0
rocksdb.file.read.db.iterator.micros P50 : 0.000000 P95 : 0.000000 P99 : 0.000000 P100 : 0.000000 COUNT : 0 SUM : 0
rocksdb.file.read.verify.db.checksum.micros P50 : 0.000000 P95 : 0.000000 P99 : 0.000000 P100 : 0.000000 COUNT : 0 SUM : 0
rocksdb.file.read.verify.file.checksums.micros P50 : 0.000000 P95 : 0.000000 P99 : 0.000000 P100 : 0.000000 COUNT : 0 SUM : 0
rocksdb.sst.write.micros P50 : 0.502402 P95 : 0.954564 P99 : 0.994757 P100 : 289052.000000 COUNT : 6441788 SUM : 9985746
rocksdb.file.write.flush.micros P50 : 0.501628 P95 : 0.953093 P99 : 0.993223 P100 : 7703.000000 COUNT : 2428492 SUM : 3322444
rocksdb.file.write.compaction.micros P50 : 0.502872 P95 : 0.955457 P99 : 0.995687 P100 : 289052.000000 COUNT : 4013296 SUM : 6663302
rocksdb.file.write.db.open.micros P50 : 0.000000 P95 : 0.000000 P99 : 0.000000 P100 : 0.000000 COUNT : 0 SUM : 0
rocksdb.num.subcompactions.scheduled P50 : 0.000000 P95 : 0.000000 P99 : 0.000000 P100 : 0.000000 COUNT : 0 SUM : 0
rocksdb.bytes.per.read P50 : 1024.000000 P95 : 1024.000000 P99 : 1024.000000 P100 : 1024.000000 COUNT : 400000 SUM : 402026496
rocksdb.bytes.per.write P50 : 1087.026310 P95 : 1282.349990 P99 : 1299.712094 P100 : 4188.000000 COUNT : 4915118 SUM : 5278981416
rocksdb.bytes.per.multiget P50 : 0.000000 P95 : 0.000000 P99 : 0.000000 P100 : 0.000000 COUNT : 0 SUM : 0
rocksdb.compression.times.nanos P50 : 0.000000 P95 : 0.000000 P99 : 0.000000 P100 : 0.000000 COUNT : 0 SUM : 0
rocksdb.decompression.times.nanos P50 : 0.000000 P95 : 0.000000 P99 : 0.000000 P100 : 0.000000 COUNT : 0 SUM : 0
rocksdb.read.num.merge_operands P50 : 0.000000 P95 : 0.000000 P99 : 0.000000 P100 : 0.000000 COUNT : 0 SUM : 0
rocksdb.blobdb.key.size P50 : 0.000000 P95 : 0.000000 P99 : 0.000000 P100 : 0.000000 COUNT : 0 SUM : 0
rocksdb.blobdb.value.size P50 : 0.000000 P95 : 0.000000 P99 : 0.000000 P100 : 0.000000 COUNT : 0 SUM : 0
rocksdb.blobdb.write.micros P50 : 0.000000 P95 : 0.000000 P99 : 0.000000 P100 : 0.000000 COUNT : 0 SUM : 0
rocksdb.blobdb.get.micros P50 : 0.000000 P95 : 0.000000 P99 : 0.000000 P100 : 0.000000 COUNT : 0 SUM : 0
rocksdb.blobdb.multiget.micros P50 : 0.000000 P95 : 0.000000 P99 : 0.000000 P100 : 0.000000 COUNT : 0 SUM : 0
rocksdb.blobdb.seek.micros P50 : 0.000000 P95 : 0.000000 P99 : 0.000000 P100 : 0.000000 COUNT : 0 SUM : 0
rocksdb.blobdb.next.micros P50 : 0.000000 P95 : 0.000000 P99 : 0.000000 P100 : 0.000000 COUNT : 0 SUM : 0
rocksdb.blobdb.prev.micros P50 : 0.000000 P95 : 0.000000 P99 : 0.000000 P100 : 0.000000 COUNT : 0 SUM : 0
rocksdb.blobdb.blob.file.write.micros P50 : 0.000000 P95 : 0.000000 P99 : 0.000000 P100 : 0.000000 COUNT : 0 SUM : 0
rocksdb.blobdb.blob.file.read.micros P50 : 0.000000 P95 : 0.000000 P99 : 0.000000 P100 : 0.000000 COUNT : 0 SUM : 0
rocksdb.blobdb.blob.file.sync.micros P50 : 0.000000 P95 : 0.000000 P99 : 0.000000 P100 : 0.000000 COUNT : 0 SUM : 0
rocksdb.blobdb.compression.micros P50 : 0.000000 P95 : 0.000000 P99 : 0.000000 P100 : 0.000000 COUNT : 0 SUM : 0
rocksdb.blobdb.decompression.micros P50 : 0.000000 P95 : 0.000000 P99 : 0.000000 P100 : 0.000000 COUNT : 0 SUM : 0
rocksdb.db.flush.micros P50 : 720000.000000 P95 : 1744444.444444 P99 : 2211074.000000 P100 : 2211074.000000 COUNT : 80 SUM : 63413726
rocksdb.sst.batch.size P50 : 0.000000 P95 : 0.000000 P99 : 0.000000 P100 : 0.000000 COUNT : 0 SUM : 0
rocksdb.multiget.io.batch.size P50 : 0.000000 P95 : 0.000000 P99 : 0.000000 P100 : 0.000000 COUNT : 0 SUM : 0
rocksdb.num.index.and.filter.blocks.read.per.level P50 : 0.000000 P95 : 0.000000 P99 : 0.000000 P100 : 0.000000 COUNT : 0 SUM : 0
rocksdb.num.sst.read.per.level P50 : 0.000000 P95 : 0.000000 P99 : 0.000000 P100 : 0.000000 COUNT : 0 SUM : 0
rocksdb.num.level.read.per.multiget P50 : 0.000000 P95 : 0.000000 P99 : 0.000000 P100 : 0.000000 COUNT : 0 SUM : 0
rocksdb.error.handler.autoresume.retry.count P50 : 0.000000 P95 : 0.000000 P99 : 0.000000 P100 : 0.000000 COUNT : 0 SUM : 0
rocksdb.async.read.bytes P50 : 0.000000 P95 : 0.000000 P99 : 0.000000 P100 : 0.000000 COUNT : 0 SUM : 0
rocksdb.poll.wait.micros P50 : 0.000000 P95 : 0.000000 P99 : 0.000000 P100 : 0.000000 COUNT : 0 SUM : 0
rocksdb.compaction.prefetch.bytes P50 : 0.000000 P95 : 0.000000 P99 : 0.000000 P100 : 0.000000 COUNT : 0 SUM : 0
rocksdb.prefetched.bytes.discarded P50 : 0.000000 P95 : 0.000000 P99 : 0.000000 P100 : 0.000000 COUNT : 0 SUM : 0
rocksdb.async.prefetch.abort.micros P50 : 0.000000 P95 : 0.000000 P99 : 0.000000 P100 : 0.000000 COUNT : 0 SUM : 0
rocksdb.table.open.prefetch.tail.read.bytes P50 : 0.000000 P95 : 0.000000 P99 : 0.000000 P100 : 0.000000 COUNT : 0 SUM : 0
rocksdb.num.op.per.transaction P50 : 0.000000 P95 : 0.000000 P99 : 0.000000 P100 : 0.000000 COUNT : 0 SUM : 0
rocksdb.multiscan.op.prepare.iterators.micros P50 : 0.000000 P95 : 0.000000 P99 : 0.000000 P100 : 0.000000 COUNT : 0 SUM : 0
rocksdb.multiscan.prepare.micros P50 : 0.000000 P95 : 0.000000 P99 : 0.000000 P100 : 0.000000 COUNT : 0 SUM : 0
rocksdb.multiscan.blocks.per.prepare P50 : 0.000000 P95 : 0.000000 P99 : 0.000000 P100 : 0.000000 COUNT : 0 SUM : 0
rocksdb.block.key.distribution.cv P50 : 0.000000 P95 : 0.000000 P99 : 0.000000 P100 : 0.000000 COUNT : 0 SUM : 0

[EXPERIMENT_COMPLETED]
