RocksDB:    version 11.3.0
Date:       Tue May 26 10:04:00 2026
CPU:        2 * Intel Xeon Processor (SapphireRapids)
CPUCache:   16384 KB
2026/05/26-10:04:01  ... thread 2: (35000,35000) ops and (34560.8,34560.8) ops/second in (1.012709,1.012709) seconds
2026/05/26-10:04:01  ... thread 1: (37000,37000) ops and (36488.6,36488.6) ops/second in (1.014014,1.014014) seconds
2026/05/26-10:04:01  ... thread 0: (33000,33000) ops and (32157.5,32157.5) ops/second in (1.026200,1.026200) seconds
2026/05/26-10:04:01  ... thread 3: (36000,36000) ops and (34703.1,34703.1) ops/second in (1.037371,1.037371) seconds
2026/05/26-10:04:02  ... thread 2: (30000,65000) ops and (29659.9,32111.8) ops/second in (1.011467,2.024176) seconds
2026/05/26-10:04:02  ... thread 1: (32000,69000) ops and (31525.1,34005.6) ops/second in (1.015064,2.029078) seconds
2026/05/26-10:04:02  ... thread 0: (31000,64000) ops and (30882.6,31527.1) ops/second in (1.003802,2.030002) seconds
2026/05/26-10:04:02  ... thread 3: (30000,66000) ops and (29953.1,32369.8) ops/second in (1.001565,2.038936) seconds
2026/05/26-10:04:04  ... thread 1: (13000,82000) ops and (8563.7,23117.3) ops/second in (1.518044,3.547122) seconds
2026/05/26-10:04:04  ... thread 3: (14000,80000) ops and (9270.4,22540.8) ops/second in (1.510185,3.549121) seconds
2026/05/26-10:04:04  ... thread 2: (12000,77000) ops and (7829.2,21648.1) ops/second in (1.532724,3.556900) seconds
2026/05/26-10:04:04  ... thread 0: (15000,79000) ops and (9776.4,22164.2) ops/second in (1.534308,3.564310) seconds
2026/05/26-10:04:05  ... thread 0: (1000,80000) ops and (976.1,17433.8) ops/second in (1.024467,4.588777) seconds
2026/05/26-10:04:05  ... thread 2: (2000,79000) ops and (1871.9,17079.8) ops/second in (1.068460,4.625360) seconds
2026/05/26-10:04:05  ... thread 3: (5000,85000) ops and (4613.5,18347.1) ops/second in (1.083775,4.632896) seconds
2026/05/26-10:04:05  ... thread 1: (2000,84000) ops and (1838.2,18122.3) ops/second in (1.088048,4.635170) seconds
2026/05/26-10:04:06  ... thread 0: (37000,117000) ops and (36152.8,20847.4) ops/second in (1.023434,5.612211) seconds
2026/05/26-10:04:06  ... thread 2: (34000,113000) ops and (33967.2,20084.2) ops/second in (1.000967,5.626327) seconds
2026/05/26-10:04:06  ... thread 1: (35000,119000) ops and (34955.4,21112.6) ops/second in (1.001276,5.636446) seconds
2026/05/26-10:04:06  ... thread 3: (36000,121000) ops and (35805.4,21460.3) ops/second in (1.005435,5.638331) seconds
2026/05/26-10:04:07  ... thread 1: (23000,142000) ops and (19740.2,20877.5) ops/second in (1.165135,6.801581) seconds
2026/05/26-10:04:07  ... thread 0: (23000,140000) ops and (19118.7,20542.3) ops/second in (1.203008,6.815219) seconds
2026/05/26-10:04:08  ... thread 2: (23000,136000) ops and (12200.3,18105.5) ops/second in (1.885198,7.511525) seconds
2026/05/26-10:04:08  ... thread 3: (25000,146000) ops and (12985.3,19303.0) ops/second in (1.925257,7.563588) seconds
2026/05/26-10:04:08  ... thread 1: (3000,145000) ops and (2524.8,18148.2) ops/second in (1.188191,7.989772) seconds
2026/05/26-10:04:09  ... thread 0: (3000,143000) ops and (1636.1,16534.0) ops/second in (1.833651,8.648870) seconds
2026/05/26-10:04:09  ... thread 2: (4000,140000) ops and (3334.6,16071.5) ops/second in (1.199543,8.711068) seconds
2026/05/26-10:04:10  ... thread 1: (2000,147000) ops and (1751.4,16097.7) ops/second in (1.141946,9.131718) seconds
2026/05/26-10:04:10  ... thread 3: (2000,148000) ops and (1150.5,15910.7) ops/second in (1.738306,9.301894) seconds
2026/05/26-10:04:10  ... thread 0: (1000,144000) ops and (855.5,14667.2) ops/second in (1.168951,9.817821) seconds
2026/05/26-10:04:11  ... thread 2: (2000,142000) ops and (1452.4,14076.0) ops/second in (1.377007,10.088075) seconds
2026/05/26-10:04:11  ... thread 1: (3000,150000) ops and (2421.2,14463.7) ops/second in (1.239053,10.370771) seconds
2026/05/26-10:04:11  ... thread 3: (2000,150000) ops and (1860.2,14455.0) ops/second in (1.075139,10.377033) seconds
2026/05/26-10:04:11  ... thread 0: (20000,164000) ops and (19983.2,15159.0) ops/second in (1.000839,10.818660) seconds
2026/05/26-10:04:12  ... thread 2: (26000,168000) ops and (25713.4,15136.2) ops/second in (1.011145,11.099220) seconds
2026/05/26-10:04:12  ... thread 1: (36000,186000) ops and (35554.8,16339.7) ops/second in (1.012522,11.383293) seconds
2026/05/26-10:04:12  ... thread 3: (36000,186000) ops and (35631.6,16333.9) ops/second in (1.010340,11.387373) seconds
2026/05/26-10:04:12  ... thread 0: (31000,195000) ops and (30916.9,16495.6) ops/second in (1.002687,11.821347) seconds
2026/05/26-10:04:13  ... thread 2: (32000,200000) ops and (23523.1,16051.9) ops/second in (1.360363,12.459583) seconds
2026/05/26-10:04:13  ... thread 1: (19000,205000) ops and (15894.9,16297.5) ops/second in (1.195354,12.578647) seconds
2026/05/26-10:04:14  ... thread 0: (7000,202000) ops and (5117.6,15315.6) ops/second in (1.367824,13.189171) seconds
2026/05/26-10:04:14  ... thread 3: (19000,205000) ops and (10474.6,15528.8) ops/second in (1.813916,13.201289) seconds
2026/05/26-10:04:14  ... thread 2: (3000,203000) ops and (2051.6,14581.4) ops/second in (1.462304,13.921887) seconds
2026/05/26-10:04:15  ... thread 1: (2000,207000) ops and (1178.2,14499.7) ops/second in (1.697519,14.276166) seconds
2026/05/26-10:04:15  ... thread 0: (5000,207000) ops and (2781.8,13812.3) ops/second in (1.797425,14.986596) seconds
2026/05/26-10:04:16  ... thread 3: (3000,208000) ops and (1486.3,13666.5) ops/second in (2.018427,15.219716) seconds
2026/05/26-10:04:16  ... thread 2: (4000,207000) ops and (2751.5,13462.8) ops/second in (1.453778,15.375665) seconds
2026/05/26-10:04:16  ... thread 1: (2000,209000) ops and (1560.1,13433.5) ops/second in (1.281970,15.558136) seconds
2026/05/26-10:04:17  ... thread 0: (2000,209000) ops and (1734.3,12949.4) ops/second in (1.153193,16.139789) seconds
2026/05/26-10:04:17  ... thread 2: (2000,209000) ops and (1622.8,12584.2) ops/second in (1.232403,16.608068) seconds
2026/05/26-10:04:18  ... thread 1: (3000,212000) ops and (1834.8,12330.5) ops/second in (1.635058,17.193194) seconds
2026/05/26-10:04:18  ... thread 3: (2000,210000) ops and (970.7,12152.8) ops/second in (2.060322,17.280038) seconds
2026/05/26-10:04:18  ... thread 0: (3000,212000) ops and (2294.1,12150.8) ops/second in (1.307675,17.447464) seconds
2026/05/26-10:04:18  ... thread 2: (9000,218000) ops and (8797.7,12364.5) ops/second in (1.023000,17.631068) seconds
2026/05/26-10:04:19  ... thread 1: (26000,238000) ops and (25415.8,13065.3) ops/second in (1.022984,18.216178) seconds
2026/05/26-10:04:19  ... thread 3: (31000,241000) ops and (30933.6,13182.2) ops/second in (1.002146,18.282184) seconds
2026/05/26-10:04:19  ... thread 0: (35000,247000) ops and (34675.6,13382.6) ops/second in (1.009354,18.456818) seconds
2026/05/26-10:04:19  ... thread 2: (31000,249000) ops and (30353.2,13349.5) ops/second in (1.021309,18.652377) seconds
2026/05/26-10:04:20  ... thread 1: (27000,265000) ops and (26799.5,13785.1) ops/second in (1.007482,19.223660) seconds
2026/05/26-10:04:21  ... thread 0: (18000,265000) ops and (10843.6,13173.1) ops/second in (1.659972,20.116790) seconds
2026/05/26-10:04:21  ... thread 3: (26000,267000) ops and (14088.2,13265.3) ops/second in (1.845510,20.127694) seconds
2026/05/26-10:04:21  ... thread 2: (15000,264000) ops and (10105.2,13110.4) ops/second in (1.484378,20.136755) seconds
2026/05/26-10:04:21  ... thread 1: (4000,269000) ops and (3702.6,13248.6) ops/second in (1.080336,20.303996) seconds
2026/05/26-10:04:22  ... thread 3: (2000,269000) ops and (1831.0,12676.7) ops/second in (1.092276,21.219970) seconds
2026/05/26-10:04:22  ... thread 2: (3000,267000) ops and (2454.6,12500.6) ops/second in (1.222216,21.358971) seconds
2026/05/26-10:04:22  ... thread 0: (2000,267000) ops and (1273.3,12311.2) ops/second in (1.570759,21.687549) seconds
2026/05/26-10:04:22  ... thread 1: (2000,271000) ops and (1287.0,12398.2) ops/second in (1.553973,21.857969) seconds
2026/05/26-10:04:23  ... thread 3: (2000,271000) ops and (1810.0,12138.9) ops/second in (1.104973,22.324943) seconds
2026/05/26-10:04:23  ... thread 2: (4000,271000) ops and (3903.8,12107.1) ops/second in (1.024639,22.383610) seconds
2026/05/26-10:04:23  ... thread 0: (15000,282000) ops and (14915.5,12426.6) ops/second in (1.005663,22.693212) seconds
2026/05/26-10:04:23  ... thread 1: (27000,298000) ops and (26226.6,13020.2) ops/second in (1.029490,22.887459) seconds
2026/05/26-10:04:24  ... thread 3: (35000,306000) ops and (34172.8,13105.4) ops/second in (1.024207,23.349150) seconds
2026/05/26-10:04:24  ... thread 2: (34000,305000) ops and (33782.9,13039.7) ops/second in (1.006427,23.390037) seconds
2026/05/26-10:04:24  ... thread 0: (33000,315000) ops and (32732.9,13290.4) ops/second in (1.008160,23.701372) seconds
2026/05/26-10:04:24  ... thread 1: (29000,327000) ops and (28800.2,13685.2) ops/second in (1.006937,23.894396) seconds
2026/05/26-10:04:25  ... thread 0: (14000,329000) ops and (10519.3,13143.0) ops/second in (1.330888,25.032260) seconds
2026/05/26-10:04:25  ... thread 3: (21000,327000) ops and (12401.7,13057.8) ops/second in (1.693321,25.042471) seconds
2026/05/26-10:04:26  ... thread 2: (20000,325000) ops and (11849.6,12959.6) ops/second in (1.687823,25.077860) seconds
2026/05/26-10:04:27  ... thread 1: (5000,332000) ops and (2158.3,12666.4) ops/second in (2.316629,26.211025) seconds
2026/05/26-10:04:27  ... thread 2: (4000,329000) ops and (3447.1,12538.9) ops/second in (1.160384,26.238244) seconds
2026/05/26-10:04:27  ... thread 0: (2000,331000) ops and (1606.0,12596.3) ops/second in (1.245352,26.277612) seconds
2026/05/26-10:04:27  ... thread 3: (3000,330000) ops and (1954.7,12416.7) ops/second in (1.534727,26.577198) seconds
2026/05/26-10:04:28  ... thread 1: (1000,333000) ops and (954.5,12216.3) ops/second in (1.047714,27.258739) seconds
2026/05/26-10:04:28  ... thread 2: (2000,331000) ops and (1599.4,12041.3) ops/second in (1.250483,27.488727) seconds
2026/05/26-10:04:29  ... thread 3: (1000,331000) ops and (591.9,11709.9) ops/second in (1.689442,28.266640) seconds
2026/05/26-10:04:29  ... thread 0: (4000,335000) ops and (1991.5,11843.3) ops/second in (2.008533,28.286145) seconds
2026/05/26-10:04:29  ... thread 2: (2000,333000) ops and (1748.5,11630.1) ops/second in (1.143812,28.632539) seconds
2026/05/26-10:04:29  ... thread 1: (4000,337000) ops and (2424.0,11657.3) ops/second in (1.650178,28.908917) seconds
2026/05/26-10:04:30  ... thread 3: (16000,347000) ops and (15991.5,11856.3) ops/second in (1.000532,29.267172) seconds
2026/05/26-10:04:30  ... thread 0: (17000,352000) ops and (16751.7,12013.3) ops/second in (1.014821,29.300966) seconds
2026/05/26-10:04:30  ... thread 2: (27000,360000) ops and (26522.7,12141.4) ops/second in (1.017995,29.650534) seconds
2026/05/26-10:04:30  ... thread 1: (35000,372000) ops and (34649.3,12433.6) ops/second in (1.010121,29.919038) seconds
2026/05/26-10:04:31  ... thread 3: (30000,377000) ops and (29698.9,12451.6) ops/second in (1.010138,30.277310) seconds
2026/05/26-10:04:31  ... thread 0: (31000,383000) ops and (30538.2,12633.6) ops/second in (1.015121,30.316087) seconds
2026/05/26-10:04:31  ... thread 1: (17000,389000) ops and (16040.0,12556.9) ops/second in (1.059853,30.978891) seconds
2026/05/26-10:04:31  ... thread 2: (33000,393000) ops and (24261.8,12673.0) ops/second in (1.360163,31.010697) seconds
2026/05/26-10:04:32  ... thread 0: (9000,392000) ops and (6398.2,12357.1) ops/second in (1.406647,31.722734) seconds
2026/05/26-10:04:32  ... thread 3: (10000,387000) ops and (6843.5,12193.4) ops/second in (1.461232,31.738542) seconds
2026/05/26-10:04:33  ... thread 1: (2000,391000) ops and (1686.8,12156.2) ops/second in (1.185697,32.164588) seconds
2026/05/26-10:04:33  ... thread 2: (2000,395000) ops and (1440.0,12191.5) ops/second in (1.388866,32.399563) seconds
2026/05/26-10:04:33  ... thread 0: (2000,394000) ops and (1811.6,12002.4) ops/second in (1.103984,32.826718) seconds
2026/05/26-10:04:33  ... thread 3: (3000,390000) ops and (2483.1,11837.3) ops/second in (1.208178,32.946720) seconds
2026/05/26-10:04:34  ... thread 1: (2000,393000) ops and (1697.5,11786.7) ops/second in (1.178185,33.342773) seconds
2026/05/26-10:04:34  ... thread 0: (2000,396000) ops and (1864.4,11681.6) ops/second in (1.072739,33.899457) seconds
2026/05/26-10:04:35  ... thread 2: (1000,396000) ops and (595.7,11620.3) ops/second in (1.678755,34.078318) seconds
2026/05/26-10:04:35  ... thread 3: (3000,393000) ops and (2444.3,11500.0) ops/second in (1.227335,34.174055) seconds
2026/05/26-10:04:35  ... thread 1: (2000,395000) ops and (1640.5,11428.8) ops/second in (1.219111,34.561884) seconds
2026/05/26-10:04:35  ... thread 0: (2000,398000) ops and (1910.2,11388.8) ops/second in (1.047010,34.946467) seconds
2026/05/26-10:04:36  ... thread 2: (1000,397000) ops and (870.7,11269.8) ops/second in (1.148531,35.226849) seconds
2026/05/26-10:04:36  ... thread 3: (2000,395000) ops and (1659.0,11164.6) ops/second in (1.205541,35.379596) seconds
2026/05/26-10:04:36  ... thread 1: (8000,403000) ops and (7956.1,11330.6) ops/second in (1.005519,35.567403) seconds
2026/05/26-10:04:36  ... thread 0: (16000,414000) ops and (15396.6,11504.6) ops/second in (1.039188,35.985655) seconds
2026/05/26-10:04:37  ... thread 1: (19000,422000) ops and (14704.9,11448.9) ops/second in (1.292085,36.859488) seconds
2026/05/26-10:04:37  ... thread 2: (24000,421000) ops and (14601.4,11418.3) ops/second in (1.643677,36.870526) seconds
2026/05/26-10:04:37  ... thread 3: (22000,417000) ops and (14721.1,11308.8) ops/second in (1.494455,36.874051) seconds
2026/05/26-10:04:37  ... thread 0: (11000,425000) ops and (10780.0,11484.6) ops/second in (1.020405,37.006060) seconds
2026/05/26-10:04:38  ... thread 2: (16000,437000) ops and (15976.4,11538.9) ops/second in (1.001478,37.872004) seconds
2026/05/26-10:04:38  ... thread 3: (20000,437000) ops and (19773.1,11534.7) ops/second in (1.011477,37.885528) seconds
2026/05/26-10:04:38  ... thread 1: (16000,438000) ops and (15529.6,11559.8) ops/second in (1.030290,37.889778) seconds
2026/05/26-10:04:38  ... thread 0: (21000,446000) ops and (20227.6,11723.2) ops/second in (1.038188,38.044248) seconds
2026/05/26-10:04:39  ... thread 3: (14000,451000) ops and (13275.2,11581.9) ops/second in (1.054596,38.940124) seconds
2026/05/26-10:04:40  ... thread 0: (9000,455000) ops and (8689.0,11642.8) ops/second in (1.035796,39.080044) seconds
2026/05/26-10:04:40  ... thread 1: (13000,451000) ops and (9152.7,11472.9) ops/second in (1.420353,39.310131) seconds
2026/05/26-10:04:40  ... thread 2: (13000,450000) ops and (7130.2,11336.4) ops/second in (1.823226,39.695230) seconds
2026/05/26-10:04:41  ... thread 1: (3000,454000) ops and (2601.3,11220.0) ops/second in (1.153279,40.463410) seconds
2026/05/26-10:04:41  ... thread 0: (2000,457000) ops and (1386.0,11277.5) ops/second in (1.443005,40.523049) seconds
2026/05/26-10:04:41  ... thread 3: (2000,453000) ops and (959.8,11042.4) ops/second in (2.083671,41.023795) seconds
2026/05/26-10:04:42  ... thread 0: (3000,460000) ops and (2598.6,11037.1) ops/second in (1.154454,41.677503) seconds
2026/05/26-10:04:42  ... thread 2: (2000,452000) ops and (929.0,10801.0) ops/second in (2.152777,41.848007) seconds
2026/05/26-10:04:43  ... thread 1: (2000,456000) ops and (1194.1,10821.5) ops/second in (1.674859,42.138269) seconds
2026/05/26-10:04:43  ... thread 3: (1000,454000) ops and (686.0,10687.0) ops/second in (1.457673,42.481468) seconds
2026/05/26-10:04:43  ... thread 0: (1000,461000) ops and (862.4,10761.7) ops/second in (1.159545,42.837048) seconds
2026/05/26-10:04:43  ... thread 2: (2000,454000) ops and (1671.8,10547.3) ops/second in (1.196328,43.044335) seconds
2026/05/26-10:04:44  ... thread 1: (2000,458000) ops and (1515.4,10538.9) ops/second in (1.319797,43.458066) seconds
2026/05/26-10:04:44  ... thread 3: (2000,456000) ops and (1519.5,10411.5) ops/second in (1.316205,43.797673) seconds
2026/05/26-10:04:45  ... thread 0: (2000,463000) ops and (1648.5,10510.7) ops/second in (1.213200,44.050248) seconds
2026/05/26-10:04:45  ... thread 2: (1000,455000) ops and (984.3,10326.8) ops/second in (1.015899,44.060234) seconds
2026/05/26-10:04:45  ... thread 1: (15000,473000) ops and (14970.7,10638.8) ops/second in (1.001955,44.460021) seconds
2026/05/26-10:04:46  ... thread 3: (22000,478000) ops and (12890.4,10504.5) ops/second in (1.706690,45.504363) seconds
2026/05/26-10:04:46  ... thread 0: (25000,488000) ops and (17150.5,10723.4) ops/second in (1.457680,45.507928) seconds
2026/05/26-10:04:46  ... thread 1: (13000,486000) ops and (12179.3,10674.9) ops/second in (1.067381,45.527402) seconds
2026/05/26-10:04:46  ... thread 2: (24000,479000) ops and (16258.3,10519.1) ops/second in (1.476169,45.536403) seconds
2026/05/26-10:04:47  ... thread 1: (17000,503000) ops and (16935.5,10809.9) ops/second in (1.003811,46.531213) seconds
2026/05/26-10:04:47  ... thread 2: (14000,493000) ops and (13966.1,10593.3) ops/second in (1.002428,46.538831) seconds
2026/05/26-10:04:47  ... thread 0: (15000,503000) ops and (14507.0,10807.5) ops/second in (1.033983,46.541911) seconds
2026/05/26-10:04:47  ... thread 3: (19000,497000) ops and (18051.6,10675.1) ops/second in (1.052541,46.556904) seconds
2026/05/26-10:04:48  ... thread 1: (18000,521000) ops and (16844.1,10945.4) ops/second in (1.068623,47.599836) seconds
2026/05/26-10:04:48  ... thread 3: (14000,511000) ops and (13428.0,10735.4) ops/second in (1.042596,47.599500) seconds
2026/05/26-10:04:48  ... thread 0: (15000,518000) ops and (12472.8,10849.4) ops/second in (1.202615,47.744526) seconds
2026/05/26-10:04:49  ... thread 2: (15000,508000) ops and (9545.5,10559.1) ops/second in (1.571421,48.110252) seconds
2026/05/26-10:04:49  ... thread 0: (1000,519000) ops and (777.6,10585.3) ops/second in (1.285963,49.030489) seconds
2026/05/26-10:04:50  ... thread 3: (1000,512000) ops and (648.5,10418.9) ops/second in (1.541971,49.141471) seconds
2026/05/26-10:04:50  ... thread 1: (3000,524000) ops and (1737.4,10623.1) ops/second in (1.726736,49.326572) seconds
2026/05/26-10:04:50  ... thread 2: (4000,512000) ops and (2876.2,10343.2) ops/second in (1.390715,49.500967) seconds
2026/05/26-10:04:51  ... thread 0: (2000,521000) ops and (1207.5,10278.8) ops/second in (1.656276,50.686765) seconds
2026/05/26-10:04:51  ... thread 3: (3000,515000) ops and (1781.6,10132.7) ops/second in (1.683854,50.825325) seconds
2026/05/26-10:04:52  ... thread 1: (2000,526000) ops and (1150.9,10300.7) ops/second in (1.737763,51.064335) seconds
2026/05/26-10:04:52  ... thread 2: (2000,514000) ops and (1156.9,10033.2) ops/second in (1.728729,51.229696) seconds
2026/05/26-10:04:52  ... thread 0: (2000,523000) ops and (1655.0,10078.0) ops/second in (1.208495,51.895260) seconds
2026/05/26-10:04:53  ... thread 1: (1000,527000) ops and (798.4,10073.2) ops/second in (1.252516,52.316851) seconds
2026/05/26-10:04:53  ... thread 2: (3000,517000) ops and (2732.8,9880.1) ops/second in (1.097771,52.327467) seconds
2026/05/26-10:04:53  ... thread 3: (3000,518000) ops and (1991.2,9898.4) ops/second in (1.506607,52.331932) seconds
2026/05/26-10:04:53  ... thread 0: (19000,542000) ops and (18759.6,10244.2) ops/second in (1.012814,52.908074) seconds
2026/05/26-10:04:54  ... thread 3: (22000,540000) ops and (15574.8,10047.5) ops/second in (1.412536,53.744468) seconds
2026/05/26-10:04:54  ... thread 2: (23000,540000) ops and (15989.7,10043.5) ops/second in (1.438423,53.765890) seconds
2026/05/26-10:04:54  ... thread 1: (26000,553000) ops and (17622.3,10280.3) ops/second in (1.475406,53.792257) seconds
2026/05/26-10:04:54  ... thread 0: (9000,551000) ops and (8737.6,10215.4) ops/second in (1.030028,53.938102) seconds
2026/05/26-10:04:55  ... thread 1: (13000,566000) ops and (12990.9,10329.8) ops/second in (1.000698,54.792955) seconds
2026/05/26-10:04:55  ... thread 2: (16000,556000) ops and (15319.2,10144.1) ops/second in (1.044438,54.810328) seconds
2026/05/26-10:04:55  ... thread 3: (17000,557000) ops and (15912.4,10161.9) ops/second in (1.068352,54.812820) seconds
2026/05/26-10:04:55  ... thread 0: (18000,569000) ops and (17902.5,10356.1) ops/second in (1.005445,54.943547) seconds
2026/05/26-10:04:57  ... thread 2: (14000,570000) ops and (9514.7,10127.6) ops/second in (1.471404,56.281732) seconds
2026/05/26-10:04:57  ... thread 0: (12000,581000) ops and (8875.8,10320.5) ops/second in (1.351986,56.295533) seconds
2026/05/26-10:04:57  ... thread 1: (17000,583000) ops and (11252.6,10354.6) ops/second in (1.510761,56.303716) seconds
2026/05/26-10:04:57  ... thread 3: (18000,575000) ops and (10576.0,10174.3) ops/second in (1.701962,56.514782) seconds
2026/05/26-10:04:58  ... thread 0: (2000,583000) ops and (1729.0,10147.6) ops/second in (1.156721,57.452254) seconds
2026/05/26-10:04:58  ... thread 3: (1000,576000) ops and (959.6,10007.5) ops/second in (1.042115,57.556897) seconds
2026/05/26-10:04:58  ... thread 2: (4000,574000) ops and (2455.9,9911.9) ops/second in (1.628708,57.910440) seconds
2026/05/26-10:04:58  ... thread 1: (3000,586000) ops and (1825.6,10112.7) ops/second in (1.643290,57.947006) seconds
2026/05/26-10:04:59  ... thread 3: (2000,578000) ops and (1454.5,9807.9) ops/second in (1.375000,58.931897) seconds
2026/05/26-10:04:59  ... thread 2: (3000,577000) ops and (2654.7,9772.9) ops/second in (1.130080,59.040520) seconds
2026/05/26-10:05:00  ... thread 0: (2000,585000) ops and (1139.5,9880.5) ops/second in (1.755185,59.207439) seconds
2026/05/26-10:05:00  ... thread 1: (2000,588000) ops and (1509.2,9920.3) ops/second in (1.325241,59.272247) seconds
2026/05/26-10:05:00  ... thread 3: (1000,579000) ops and (911.1,9645.3) ops/second in (1.097591,60.029488) seconds
2026/05/26-10:05:01  ... thread 2: (1000,578000) ops and (728.0,9567.3) ops/second in (1.373536,60.414056) seconds
2026/05/26-10:05:01  ... thread 1: (3000,591000) ops and (2535.0,9775.8) ops/second in (1.183411,60.455658) seconds
2026/05/26-10:05:01  ... thread 0: (2000,587000) ops and (1374.8,9676.5) ops/second in (1.454779,60.662218) seconds
2026/05/26-10:05:01  ... thread 3: (16000,595000) ops and (15950.2,9748.9) ops/second in (1.003125,61.032613) seconds
2026/05/26-10:05:03  ... thread 2: (23000,601000) ops and (13894.6,9682.7) ops/second in (1.655324,62.069380) seconds
2026/05/26-10:05:03  ... thread 1: (23000,614000) ops and (14051.1,9888.5) ops/second in (1.636886,62.092544) seconds
2026/05/26-10:05:03  ... thread 0: (22000,609000) ops and (15331.4,9807.2) ops/second in (1.434961,62.097179) seconds
2026/05/26-10:05:03  ... thread 3: (10000,605000) ops and (9386.3,9742.7) ops/second in (1.065386,62.097999) seconds
2026/05/26-10:05:04  ... thread 2: (30000,631000) ops and (29433.7,10001.8) ops/second in (1.019239,63.088619) seconds
2026/05/26-10:05:04  ... thread 1: (30000,644000) ops and (29563.0,10204.8) ops/second in (1.014783,63.107327) seconds
2026/05/26-10:05:04  ... thread 0: (32000,641000) ops and (19264.9,10053.6) ops/second in (1.661054,63.758233) seconds
2026/05/26-10:05:04  ... thread 3: (30000,635000) ops and (17960.4,9957.9) ops/second in (1.670342,63.768341) seconds
2026/05/26-10:05:05  ... thread 2: (2000,633000) ops and (1949.9,9873.0) ops/second in (1.025694,64.114313) seconds
2026/05/26-10:05:05  ... thread 1: (1000,645000) ops and (921.1,10047.8) ops/second in (1.085713,64.193040) seconds
2026/05/26-10:05:05  ... thread 3: (2000,637000) ops and (1930.2,9829.6) ops/second in (1.036155,64.804496) seconds
2026/05/26-10:05:06  ... thread 0: (3000,644000) ops and (2216.4,9890.7) ops/second in (1.353516,65.111749) seconds
2026/05/26-10:05:06  ... thread 2: (1000,634000) ops and (830.7,9706.3) ops/second in (1.203834,65.318147) seconds
2026/05/26-10:05:06  ... thread 3: (1000,638000) ops and (827.4,9664.7) ops/second in (1.208637,66.013133) seconds
2026/05/26-10:05:07  ... thread 1: (4000,649000) ops and (2079.7,9816.0) ops/second in (1.923322,66.116362) seconds
2026/05/26-10:05:07  ... thread 0: (5000,649000) ops and (4136.5,9785.8) ops/second in (1.208747,66.320496) seconds
2026/05/26-10:05:08  ... thread 3: (2000,640000) ops and (1753.6,9530.4) ops/second in (1.140495,67.153628) seconds
2026/05/26-10:05:08  ... thread 2: (2000,636000) ops and (1011.5,9450.9) ops/second in (1.977185,67.295332) seconds
2026/05/26-10:05:08  ... thread 1: (5000,654000) ops and (3536.9,9684.6) ops/second in (1.413663,67.530025) seconds
2026/05/26-10:05:08  ... thread 0: (1000,650000) ops and (677.1,9587.4) ops/second in (1.476945,67.797441) seconds
2026/05/26-10:05:09  ... thread 3: (3000,643000) ops and (2856.7,9427.6) ops/second in (1.050156,68.203784) seconds
2026/05/26-10:05:09  ... thread 2: (3000,639000) ops and (2607.9,9335.9) ops/second in (1.150356,68.445688) seconds
2026/05/26-10:05:09  ... thread 1: (2000,656000) ops and (1914.2,9566.2) ops/second in (1.044824,68.574849) seconds
2026/05/26-10:05:10  ... thread 0: (2000,652000) ops and (1379.7,9415.6) ops/second in (1.449588,69.247029) seconds
2026/05/26-10:05:10  ... thread 3: (1000,644000) ops and (849.7,9282.1) ops/second in (1.176831,69.380615) seconds
2026/05/26-10:05:10  ... thread 2: (4000,643000) ops and (2576.4,9185.9) ops/second in (1.552563,69.998251) seconds
2026/05/26-10:05:10  ... thread 1: (3000,659000) ops and (2070.6,9411.1) ops/second in (1.448849,70.023698) seconds
2026/05/26-10:05:11  ... thread 3: (3000,647000) ops and (2681.2,9177.4) ops/second in (1.118887,70.499502) seconds
2026/05/26-10:05:11  ... thread 0: (3000,655000) ops and (2390.3,9290.5) ops/second in (1.255059,70.502088) seconds
2026/05/26-10:05:12  ... thread 2: (19000,662000) ops and (16070.7,9300.3) ops/second in (1.182274,71.180525) seconds
2026/05/26-10:05:12  ... thread 1: (18000,677000) ops and (15457.8,9510.0) ops/second in (1.164458,71.188156) seconds
2026/05/26-10:05:12  ... thread 3: (33000,680000) ops and (32606.0,9508.9) ops/second in (1.012085,71.511587) seconds
2026/05/26-10:05:12  ... thread 0: (29000,684000) ops and (28250.3,9562.6) ops/second in (1.026536,71.528624) seconds
2026/05/26-10:05:13  ... thread 1: (31000,708000) ops and (19962.4,9733.2) ops/second in (1.552921,72.741077) seconds
2026/05/26-10:05:13  ... thread 2: (29000,691000) ops and (18476.6,9498.3) ops/second in (1.569549,72.750074) seconds
2026/05/26-10:05:13  ... thread 3: (20000,700000) ops and (16024.0,9620.7) ops/second in (1.248127,72.759714) seconds
2026/05/26-10:05:13  ... thread 0: (19000,703000) ops and (15143.7,9658.8) ops/second in (1.254649,72.783273) seconds
2026/05/26-10:05:14  ... thread 3: (16000,716000) ops and (13977.6,9688.2) ops/second in (1.144690,73.904404) seconds
2026/05/26-10:05:14  ... thread 0: (15000,718000) ops and (13214.6,9713.4) ops/second in (1.135104,73.918377) seconds
2026/05/26-10:05:15  ... thread 2: (19000,710000) ops and (12390.7,9558.0) ops/second in (1.533404,74.283478) seconds
2026/05/26-10:05:15  ... thread 1: (16000,724000) ops and (9471.7,9727.2) ops/second in (1.689240,74.430317) seconds
2026/05/26-10:05:16  ... thread 3: (1000,717000) ops and (868.4,9552.9) ops/second in (1.151601,75.056005) seconds
2026/05/26-10:05:16  ... thread 2: (3000,713000) ops and (2559.1,9449.2) ops/second in (1.172310,75.455788) seconds
2026/05/26-10:05:16  ... thread 0: (1000,719000) ops and (608.7,9515.5) ops/second in (1.642729,75.561106) seconds
2026/05/26-10:05:16  ... thread 1: (6000,730000) ops and (4940.4,9650.4) ops/second in (1.214487,75.644804) seconds
2026/05/26-10:05:17  ... thread 3: (2000,719000) ops and (1253.7,9380.1) ops/second in (1.595236,76.651241) seconds
2026/05/26-10:05:17  ... thread 1: (2000,732000) ops and (1841.9,9539.9) ops/second in (1.085858,76.730662) seconds
2026/05/26-10:05:17  ... thread 0: (2000,721000) ops and (1627.2,9389.2) ops/second in (1.229094,76.790200) seconds
2026/05/26-10:05:18  ... thread 2: (5000,718000) ops and (3019.9,9311.2) ops/second in (1.655686,77.111474) seconds
2026/05/26-10:05:18  ... thread 3: (3000,722000) ops and (2573.8,9278.2) ops/second in (1.165609,77.816850) seconds
2026/05/26-10:05:18  ... thread 1: (2000,734000) ops and (1722.3,9423.3) ops/second in (1.161223,77.891885) seconds
2026/05/26-10:05:19  ... thread 2: (2000,720000) ops and (1898.2,9211.3) ops/second in (1.053604,78.165078) seconds
2026/05/26-10:05:19  ... thread 0: (3000,724000) ops and (1886.3,9237.0) ops/second in (1.590417,78.380617) seconds
2026/05/26-10:05:20  ... thread 3: (2000,724000) ops and (1555.6,9152.7) ops/second in (1.285718,79.102568) seconds
2026/05/26-10:05:20  ... thread 2: (4000,724000) ops and (3550.9,9130.9) ops/second in (1.126478,79.291556) seconds
2026/05/26-10:05:20  ... thread 1: (2000,736000) ops and (1377.6,9276.1) ops/second in (1.451806,79.343691) seconds
2026/05/26-10:05:20  ... thread 0: (2000,726000) ops and (1922.7,9141.2) ops/second in (1.040227,79.420844) seconds
2026/05/26-10:05:21  ... thread 3: (2000,726000) ops and (1937.1,9059.7) ops/second in (1.032468,80.135036) seconds
2026/05/26-10:05:21  ... thread 2: (2000,726000) ops and (1722.3,9023.9) ops/second in (1.161229,80.452785) seconds
2026/05/26-10:05:21  ... thread 1: (3000,739000) ops and (2581.8,9179.5) ops/second in (1.161988,80.505679) seconds
2026/05/26-10:05:21  ... thread 0: (2000,728000) ops and (1605.6,9024.8) ops/second in (1.245666,80.666510) seconds
2026/05/26-10:05:22  ... thread 3: (12000,738000) ops and (11928.3,9095.3) ops/second in (1.006012,81.141048) seconds
2026/05/26-10:05:22  ... thread 2: (17000,743000) ops and (16339.6,9117.3) ops/second in (1.040414,81.493199) seconds
2026/05/26-10:05:22  ... thread 1: (19000,758000) ops and (18616.1,9297.6) ops/second in (1.020624,81.526303) seconds
2026/05/26-10:05:22  ... thread 0: (22000,750000) ops and (21984.6,9183.6) ops/second in (1.000699,81.667209) seconds
2026/05/26-10:05:23  ... thread 3: (26000,764000) ops and (25739.2,9299.9) ops/second in (1.010132,82.151180) seconds
2026/05/26-10:05:23  ... thread 2: (30000,773000) ops and (26771.2,9356.8) ops/second in (1.120608,82.613807) seconds
2026/05/26-10:05:23  ... thread 1: (31000,789000) ops and (28309.1,9549.6) ops/second in (1.095053,82.621356) seconds
2026/05/26-10:05:23  ... thread 0: (27000,777000) ops and (26650.1,9397.6) ops/second in (1.013131,82.680340) seconds
2026/05/26-10:05:24  ... thread 3: (26000,790000) ops and (20553.5,9470.6) ops/second in (1.264989,83.416169) seconds
2026/05/26-10:05:24  ... thread 1: (16000,805000) ops and (14434.2,9614.3) ops/second in (1.108482,83.729838) seconds
2026/05/26-10:05:24  ... thread 2: (17000,790000) ops and (13809.9,9422.2) ops/second in (1.230998,83.844805) seconds
2026/05/26-10:05:25  ... thread 0: (17000,794000) ops and (9568.1,9401.2) ops/second in (1.776744,84.457084) seconds
2026/05/26-10:05:25  ... thread 1: (2000,807000) ops and (1813.1,9512.8) ops/second in (1.103069,84.832907) seconds
2026/05/26-10:05:25  ... thread 2: (2000,792000) ops and (1879.0,9327.6) ops/second in (1.064371,84.909176) seconds
2026/05/26-10:05:26  ... thread 3: (2000,792000) ops and (982.3,9268.3) ops/second in (2.036031,85.452200) seconds
2026/05/26-10:05:26  ... thread 0: (2000,796000) ops and (1648.5,9291.4) ops/second in (1.213247,85.670331) seconds
2026/05/26-10:05:26  ... thread 2: (1000,793000) ops and (943.7,9224.3) ops/second in (1.059707,85.968883) seconds
2026/05/26-10:05:27  ... thread 1: (3000,810000) ops and (1946.1,9377.8) ops/second in (1.541581,86.374488) seconds
2026/05/26-10:05:27  ... thread 3: (3000,795000) ops and (2918.4,9192.9) ops/second in (1.027945,86.480145) seconds
2026/05/26-10:05:27  ... thread 0: (2000,798000) ops and (1726.4,9190.5) ops/second in (1.158498,86.828829) seconds
2026/05/26-10:05:28  ... thread 2: (1000,794000) ops and (778.3,9099.9) ops/second in (1.284885,87.253768) seconds
2026/05/26-10:05:28  ... thread 1: (3000,813000) ops and (2884.4,9300.5) ops/second in (1.040071,87.414559) seconds
2026/05/26-10:05:28  ... thread 3: (3000,798000) ops and (2657.5,9108.7) ops/second in (1.128860,87.609005) seconds
2026/05/26-10:05:29  ... thread 0: (1000,799000) ops and (764.6,9065.5) ops/second in (1.307908,88.136737) seconds
2026/05/26-10:05:29  ... thread 2: (3000,797000) ops and (2108.3,8987.7) ops/second in (1.422972,88.676740) seconds
2026/05/26-10:05:29  ... thread 1: (2000,815000) ops and (1530.0,9186.0) ops/second in (1.307191,88.721750) seconds
2026/05/26-10:05:29  ... thread 3: (4000,802000) ops and (2868.5,9010.9) ops/second in (1.394440,89.003445) seconds
2026/05/26-10:05:30  ... thread 0: (2000,801000) ops and (1487.4,8951.6) ops/second in (1.344650,89.481387) seconds
2026/05/26-10:05:30  ... thread 2: (3000,800000) ops and (2874.5,8916.6) ops/second in (1.043668,89.720408) seconds
2026/05/26-10:05:31  ... thread 3: (2000,804000) ops and (1727.2,8917.3) ops/second in (1.157925,90.161370) seconds
2026/05/26-10:05:31  ... thread 1: (3000,818000) ops and (1792.2,9049.1) ops/second in (1.673956,90.395706) seconds
2026/05/26-10:05:32  ... thread 0: (3000,804000) ops and (1912.2,8830.3) ops/second in (1.568910,91.050297) seconds
2026/05/26-10:05:32  ... thread 2: (1000,801000) ops and (561.4,8753.9) ops/second in (1.781293,91.501701) seconds
2026/05/26-10:05:32  ... thread 3: (3000,807000) ops and (2035.7,8806.7) ops/second in (1.473706,91.635076) seconds
2026/05/26-10:05:33  ... thread 1: (4000,822000) ops and (2079.9,8903.9) ops/second in (1.923156,92.318862) seconds
2026/05/26-10:05:33  ... thread 0: (4000,808000) ops and (3007.3,8746.4) ops/second in (1.330109,92.380406) seconds
2026/05/26-10:05:33  ... thread 2: (8000,809000) ops and (7741.7,8742.6) ops/second in (1.033361,92.535062) seconds
2026/05/26-10:05:33  ... thread 3: (13000,820000) ops and (12772.5,8850.2) ops/second in (1.017813,92.652889) seconds
2026/05/26-10:05:34  ... thread 1: (30000,852000) ops and (25593.2,9113.2) ops/second in (1.172186,93.491048) seconds
2026/05/26-10:05:34  ... thread 0: (30000,838000) ops and (26383.0,8960.9) ops/second in (1.137098,93.517504) seconds
2026/05/26-10:05:34  ... thread 2: (26000,835000) ops and (24768.4,8922.4) ops/second in (1.049723,93.584785) seconds
2026/05/26-10:05:34  ... thread 3: (27000,847000) ops and (26432.2,9042.0) ops/second in (1.021483,93.674372) seconds
2026/05/26-10:05:35  ... thread 0: (15000,853000) ops and (14289.6,9020.0) ops/second in (1.049712,94.567216) seconds
2026/05/26-10:05:35  ... thread 1: (15000,867000) ops and (13913.7,9167.9) ops/second in (1.078075,94.569123) seconds
2026/05/26-10:05:35  ... thread 2: (15000,850000) ops and (14294.4,8982.0) ops/second in (1.049362,94.634147) seconds
2026/05/26-10:05:35  ... thread 3: (12000,859000) ops and (11852.6,9072.0) ops/second in (1.012433,94.686805) seconds
2026/05/26-10:05:36  ... thread 3: (13000,872000) ops and (10916.6,9094.9) ops/second in (1.190842,95.877647) seconds
2026/05/26-10:05:37  ... thread 0: (17000,870000) ops and (11019.8,9052.1) ops/second in (1.542676,96.109892) seconds
2026/05/26-10:05:37  ... thread 2: (17000,867000) ops and (8850.0,8979.3) ops/second in (1.920894,96.555041) seconds
2026/05/26-10:05:37  ... thread 1: (14000,881000) ops and (6598.7,9111.5) ops/second in (2.121642,96.690765) seconds
2026/05/26-10:05:37  ... thread 3: (1000,873000) ops and (924.2,9003.7) ops/second in (1.082038,96.959685) seconds
2026/05/26-10:05:38  ... thread 0: (2000,872000) ops and (1702.6,8963.4) ops/second in (1.174662,97.284554) seconds
2026/05/26-10:05:38  ... thread 2: (1000,868000) ops and (961.2,8893.9) ops/second in (1.040411,97.595452) seconds
2026/05/26-10:05:38  ... thread 1: (2000,883000) ops and (1626.7,9017.5) ops/second in (1.229519,97.920284) seconds
2026/05/26-10:05:39  ... thread 0: (1000,873000) ops and (795.0,8859.1) ops/second in (1.257823,98.542377) seconds
2026/05/26-10:05:39  ... thread 2: (3000,871000) ops and (2208.5,8802.1) ops/second in (1.358380,98.953832) seconds
2026/05/26-10:05:39  ... thread 3: (2000,875000) ops and (987.3,8839.7) ops/second in (2.025722,98.985407) seconds
2026/05/26-10:05:40  ... thread 1: (2000,885000) ops and (1326.3,8900.9) ops/second in (1.508011,99.428295) seconds
2026/05/26-10:05:40  ... thread 0: (1000,874000) ops and (713.7,8744.9) ops/second in (1.401059,99.943436) seconds
2026/05/26-10:05:40  ... thread 3: (2000,877000) ops and (1887.1,8766.0) ops/second in (1.059843,100.045250) seconds
2026/05/26-10:05:41  ... thread 2: (2000,873000) ops and (1788.3,8723.7) ops/second in (1.118389,100.072221) seconds
2026/05/26-10:05:41  ... thread 1: (1000,886000) ops and (828.8,8804.1) ops/second in (1.206525,100.634820) seconds
2026/05/26-10:05:41  ... thread 0: (2000,876000) ops and (1858.2,8671.6) ops/second in (1.076295,101.019731) seconds
2026/05/26-10:05:42  ... thread 3: (3000,880000) ops and (2163.7,8675.8) ops/second in (1.386512,101.431762) seconds
2026/05/26-10:05:42  ... thread 1: (1000,887000) ops and (915.1,8719.4) ops/second in (1.092791,101.727611) seconds
2026/05/26-10:05:42  ... thread 2: (1000,874000) ops and (568.2,8582.7) ops/second in (1.759958,101.832179) seconds
2026/05/26-10:05:43  ... thread 0: (1000,877000) ops and (831.7,8579.4) ops/second in (1.202361,102.222092) seconds
2026/05/26-10:05:44  ... thread 1: (2000,889000) ops and (1262.4,8605.0) ops/second in (1.584226,103.311837) seconds
2026/05/26-10:05:44  ... thread 3: (4000,884000) ops and (1942.7,8541.8) ops/second in (2.058959,103.490721) seconds
2026/05/26-10:05:44  ... thread 2: (2000,876000) ops and (1189.7,8462.7) ops/second in (1.681088,103.513267) seconds
2026/05/26-10:05:44  ... thread 0: (2000,879000) ops and (1527.3,8490.2) ops/second in (1.309468,103.531560) seconds
2026/05/26-10:05:45  ... thread 1: (17000,906000) ops and (16756.9,8684.3) ops/second in (1.014507,104.326344) seconds
2026/05/26-10:05:45  ... thread 2: (19000,895000) ops and (17373.4,8555.8) ops/second in (1.093626,104.606893) seconds
2026/05/26-10:05:45  ... thread 3: (20000,904000) ops and (17861.3,8641.6) ops/second in (1.119739,104.610460) seconds
2026/05/26-10:05:45  ... thread 0: (23000,902000) ops and (20941.6,8620.9) ops/second in (1.098290,104.629850) seconds
2026/05/26-10:05:46  ... thread 1: (24000,930000) ops and (23909.6,8829.4) ops/second in (1.003781,105.330125) seconds
2026/05/26-10:05:46  ... thread 0: (30000,932000) ops and (27164.4,8814.6) ops/second in (1.104388,105.734238) seconds
2026/05/26-10:05:46  ... thread 2: (34000,929000) ops and (29861.3,8785.2) ops/second in (1.138598,105.745491) seconds
2026/05/26-10:05:46  ... thread 3: (29000,933000) ops and (25373.6,8822.4) ops/second in (1.142919,105.753379) seconds
2026/05/26-10:05:47  ... thread 1: (27000,957000) ops and (20185.5,8971.8) ops/second in (1.337595,106.667720) seconds
2026/05/26-10:05:47  ... thread 0: (17000,949000) ops and (15033.4,8880.4) ops/second in (1.130817,106.865055) seconds
2026/05/26-10:05:48  ... thread 2: (17000,946000) ops and (12235.8,8830.0) ops/second in (1.389369,107.134860) seconds
2026/05/26-10:05:49  ... thread 3: (16000,949000) ops and (6606.5,8772.8) ops/second in (2.421846,108.175225) seconds
2026/05/26-10:05:49  ... thread 1: (3000,960000) ops and (1601.7,8844.6) ops/second in (1.873017,108.540737) seconds
2026/05/26-10:05:49  ... thread 0: (2000,951000) ops and (961.5,8729.2) ops/second in (2.080182,108.945237) seconds
2026/05/26-10:05:50  ... thread 3: (5000,954000) ops and (4529.0,8729.9) ops/second in (1.104007,109.279232) seconds
2026/05/26-10:05:50  ... thread 2: (4000,950000) ops and (1449.3,8644.6) ops/second in (2.759987,109.894847) seconds
2026/05/26-10:05:51  ... thread 0: (1000,952000) ops and (724.7,8629.0) ops/second in (1.379919,110.325156) seconds
2026/05/26-10:05:51  ... thread 1: (5000,965000) ops and (2699.7,8741.5) ops/second in (1.852066,110.392803) seconds
2026/05/26-10:05:51  ... thread 2: (2000,952000) ops and (1869.5,8579.3) ops/second in (1.069795,110.964642) seconds
2026/05/26-10:05:51  ... thread 3: (4000,958000) ops and (2348.4,8632.0) ops/second in (1.703304,110.982536) seconds
2026/05/26-10:05:52  ... thread 1: (3000,968000) ops and (2971.7,8689.2) ops/second in (1.009523,111.402326) seconds
2026/05/26-10:05:52  ... thread 0: (2000,954000) ops and (1828.0,8562.3) ops/second in (1.094116,111.419272) seconds
2026/05/26-10:05:53  ... thread 2: (1000,953000) ops and (917.8,8504.8) ops/second in (1.089584,112.054226) seconds
2026/05/26-10:05:53  ... thread 3: (2000,960000) ops and (1308.3,8532.5) ops/second in (1.528743,112.511279) seconds
2026/05/26-10:05:53  ... thread 0: (4000,958000) ops and (2921.6,8493.8) ops/second in (1.369100,112.788372) seconds
2026/05/26-10:05:53  ... thread 1: (2000,970000) ops and (1388.3,8596.0) ops/second in (1.440604,112.842930) seconds
2026/05/26-10:05:54  ... thread 2: (2000,955000) ops and (1406.6,8415.9) ops/second in (1.421841,113.476067) seconds
2026/05/26-10:05:54  ... thread 3: (2000,962000) ops and (1643.4,8458.8) ops/second in (1.216966,113.728245) seconds
2026/05/26-10:05:55  ... thread 1: (3000,973000) ops and (2079.4,8513.8) ops/second in (1.442741,114.285671) seconds
2026/05/26-10:05:55  ... thread 0: (3000,961000) ops and (1996.2,8408.3) ops/second in (1.502871,114.291243) seconds
2026/05/26-10:05:55  ... thread 2: (4000,959000) ops and (3075.2,8355.3) ops/second in (1.300726,114.776793) seconds
2026/05/26-10:05:56  ... thread 3: (2000,964000) ops and (1214.8,8355.4) ops/second in (1.646334,115.374579) seconds
2026/05/26-10:05:56  ... thread 1: (1000,974000) ops and (887.4,8439.3) ops/second in (1.126897,115.412568) seconds
2026/05/26-10:05:56  ... thread 0: (3000,964000) ops and (2616.4,8350.8) ops/second in (1.146615,115.437858) seconds
2026/05/26-10:05:56  ... thread 2: (15000,974000) ops and (14478.0,8410.1) ops/second in (1.036055,115.812848) seconds
2026/05/26-10:05:57  ... thread 0: (28000,992000) ops and (27165.0,8517.3) ops/second in (1.030737,116.468595) seconds
2026/05/26-10:05:57  ... thread 1: (30000,1004000) ops and (28231.3,8619.9) ops/second in (1.062652,116.475220) seconds
2026/05/26-10:05:57  ... thread 3: (32000,996000) ops and (28541.8,8549.7) ops/second in (1.121163,116.495742) seconds
2026/05/26-10:05:57  ... thread 2: (32000,1006000) ops and (31228.5,8610.2) ops/second in (1.024704,116.837552) seconds
2026/05/26-10:05:58  ... thread 1: (31000,1035000) ops and (21802.6,8778.8) ops/second in (1.421847,117.897067) seconds
2026/05/26-10:05:59  ... thread 3: (31000,1027000) ops and (17619.8,8684.6) ops/second in (1.759385,118.255127) seconds
2026/05/26-10:05:59  ... thread 2: (18000,1024000) ops and (12639.6,8658.8) ops/second in (1.424091,118.261643) seconds
2026/05/26-10:05:59  ... thread 0: (32000,1024000) ops and (12921.6,8609.0) ops/second in (2.476479,118.945074) seconds
2026/05/26-10:06:00  ... thread 1: (2000,1037000) ops and (1435.2,8693.1) ops/second in (1.393516,119.290583) seconds
2026/05/26-10:06:00  ... thread 2: (2000,1026000) ops and (1561.3,8582.7) ops/second in (1.280951,119.542594) seconds
2026/05/26-10:06:00  ... thread 3: (1000,1028000) ops and (670.0,8584.7) ops/second in (1.492447,119.747574) seconds
2026/05/26-10:06:01  ... thread 1: (1000,1038000) ops and (893.1,8620.5) ops/second in (1.119668,120.410251) seconds
2026/05/26-10:06:01  ... thread 0: (2000,1026000) ops and (1237.2,8510.2) ops/second in (1.616613,120.561687) seconds
2026/05/26-10:06:01  ... thread 2: (1000,1027000) ops and (854.3,8507.8) ops/second in (1.170487,120.713081) seconds
2026/05/26-10:06:01  ... thread 3: (2000,1030000) ops and (1681.8,8516.8) ops/second in (1.189221,120.936795) seconds
2026/05/26-10:06:02  ... thread 1: (2000,1040000) ops and (1593.7,8548.0) ops/second in (1.254956,121.665207) seconds
2026/05/26-10:06:02  ... thread 0: (3000,1029000) ops and (2257.5,8442.0) ops/second in (1.328915,121.890602) seconds
2026/05/26-10:06:03  ... thread 3: (1000,1031000) ops and (787.8,8436.6) ops/second in (1.269309,122.206104) seconds
2026/05/26-10:06:03  ... thread 2: (1000,1028000) ops and (565.0,8393.0) ops/second in (1.769866,122.482947) seconds
2026/05/26-10:06:04  ... thread 1: (2000,1042000) ops and (1304.7,8457.9) ops/second in (1.532864,123.198071) seconds
2026/05/26-10:06:04  ... thread 0: (3000,1032000) ops and (1782.9,8351.3) ops/second in (1.682660,123.573262) seconds
2026/05/26-10:06:04  ... thread 2: (3000,1031000) ops and (2581.2,8338.4) ops/second in (1.162234,123.645181) seconds
2026/05/26-10:06:04  ... thread 3: (2000,1033000) ops and (1253.5,8344.0) ops/second in (1.595499,123.801603) seconds
2026/05/26-10:06:05  ... thread 0: (2000,1034000) ops and (1932.5,8298.0) ops/second in (1.034928,124.608190) seconds
2026/05/26-10:06:05  ... thread 2: (2000,1033000) ops and (1717.1,8276.6) ops/second in (1.164773,124.809954) seconds
2026/05/26-10:06:05  ... thread 1: (2000,1044000) ops and (1139.5,8355.1) ops/second in (1.755185,124.953256) seconds
2026/05/26-10:06:06  ... thread 3: (2000,1035000) ops and (1299.6,8257.5) ops/second in (1.538935,125.340538) seconds
2026/05/26-10:06:06  ... thread 2: (3000,1036000) ops and (2796.3,8229.9) ops/second in (1.072831,125.882785) seconds
2026/05/26-10:06:07  ... thread 1: (2000,1046000) ops and (1534.5,8284.7) ops/second in (1.303385,126.256641) seconds
2026/05/26-10:06:07  ... thread 3: (1000,1036000) ops and (976.2,8198.5) ops/second in (1.024344,126.364882) seconds
2026/05/26-10:06:07  ... thread 0: (3000,1037000) ops and (1545.8,8194.5) ops/second in (1.940771,126.548961) seconds
2026/05/26-10:06:07  ... thread 2: (2000,1038000) ops and (1806.5,8173.9) ops/second in (1.107134,126.989919) seconds
2026/05/26-10:06:08  ... thread 1: (2000,1048000) ops and (1559.4,8217.1) ops/second in (1.282511,127.539152) seconds
2026/05/26-10:06:08  ... thread 3: (2000,1038000) ops and (1360.3,8119.8) ops/second in (1.470239,127.835121) seconds
2026/05/26-10:06:09  ... thread 2: (2000,1040000) ops and (1857.5,8120.8) ops/second in (1.076740,128.066659) seconds
2026/05/26-10:06:09  ... thread 0: (3000,1040000) ops and (1780.9,8110.2) ops/second in (1.684558,128.233519) seconds
2026/05/26-10:06:10  ... thread 1: (2000,1050000) ops and (1257.9,8131.4) ops/second in (1.589997,129.129149) seconds
2026/05/26-10:06:10  ... thread 2: (2000,1042000) ops and (1783.7,8065.8) ops/second in (1.121291,129.187950) seconds
2026/05/26-10:06:10  ... thread 3: (1000,1039000) ops and (699.5,8037.8) ops/second in (1.429521,129.264642) seconds
2026/05/26-10:06:10  ... thread 0: (2000,1042000) ops and (1459.3,8039.9) ops/second in (1.370552,129.604071) seconds
2026/05/26-10:06:11  ... thread 1: (19000,1069000) ops and (18659.5,8213.8) ops/second in (1.018250,130.147399) seconds
2026/05/26-10:06:11  ... thread 2: (22000,1064000) ops and (21670.5,8171.8) ops/second in (1.015204,130.203154) seconds
2026/05/26-10:06:11  ... thread 3: (23000,1062000) ops and (22997.1,8152.6) ops/second in (1.000128,130.264770) seconds
2026/05/26-10:06:11  ... thread 0: (30000,1072000) ops and (27581.2,8202.5) ops/second in (1.087699,130.691770) seconds
2026/05/26-10:06:12  ... thread 1: (26000,1095000) ops and (25011.3,8346.9) ops/second in (1.039532,131.186931) seconds
2026/05/26-10:06:12  ... thread 2: (29000,1093000) ops and (28750.6,8330.0) ops/second in (1.008676,131.211830) seconds
2026/05/26-10:06:12  ... thread 3: (27000,1089000) ops and (26659.1,8295.4) ops/second in (1.012788,131.277558) seconds
2026/05/26-10:06:13  ... thread 0: (31000,1103000) ops and (20130.0,8341.4) ops/second in (1.539989,132.231759) seconds
2026/05/26-10:06:14  ... thread 1: (15000,1110000) ops and (7095.7,8327.0) ops/second in (2.113952,133.300883) seconds
2026/05/26-10:06:14  ... thread 3: (12000,1101000) ops and (4636.3,8224.7) ops/second in (2.588243,133.865801) seconds
2026/05/26-10:06:15  ... thread 2: (16000,1109000) ops and (5302.5,8262.0) ops/second in (3.017431,134.229261) seconds
2026/05/26-10:06:15  ... thread 0: (3000,1106000) ops and (1473.2,8237.2) ops/second in (2.036363,134.268122) seconds
2026/05/26-10:06:15  ... thread 1: (2000,1112000) ops and (1477.2,8258.2) ops/second in (1.353893,134.654776) seconds
2026/05/26-10:06:16  ... thread 3: (1000,1102000) ops and (640.3,8137.2) ops/second in (1.561708,135.427509) seconds
2026/05/26-10:06:16  ... thread 0: (3000,1109000) ops and (2137.6,8174.2) ops/second in (1.403464,135.671586) seconds
2026/05/26-10:06:16  ... thread 2: (1000,1110000) ops and (638.2,8174.0) ops/second in (1.566975,135.796236) seconds
2026/05/26-10:06:17  ... thread 1: (2000,1114000) ops and (1228.0,8174.1) ops/second in (1.628718,136.283494) seconds
2026/05/26-10:06:17  ... thread 0: (2000,1111000) ops and (1972.5,8128.1) ops/second in (1.013929,136.685515) seconds
2026/05/26-10:06:18  ... thread 3: (2000,1104000) ops and (1220.2,8054.5) ops/second in (1.639098,137.066607) seconds
2026/05/26-10:06:18  ... thread 1: (2000,1116000) ops and (1560.6,8112.5) ops/second in (1.281569,137.565063) seconds
2026/05/26-10:06:18  ... thread 2: (2000,1112000) ops and (1001.6,8070.1) ops/second in (1.996732,137.792968) seconds
2026/05/26-10:06:18  ... thread 0: (2000,1113000) ops and (1487.5,8063.5) ops/second in (1.344573,138.030088) seconds
2026/05/26-10:06:19  ... thread 3: (2000,1106000) ops and (1643.5,7998.1) ops/second in (1.216905,138.283512) seconds
2026/05/26-10:06:20  ... thread 1: (1000,1117000) ops and (673.6,8033.1) ops/second in (1.484646,139.049709) seconds
2026/05/26-10:06:20  ... thread 2: (1000,1113000) ops and (785.2,8003.4) ops/second in (1.273571,139.066539) seconds
2026/05/26-10:06:20  ... thread 0: (2000,1115000) ops and (1454.3,7998.3) ops/second in (1.375221,139.405309) seconds
2026/05/26-10:06:21  ... thread 3: (3000,1109000) ops and (1534.9,7908.0) ops/second in (1.954580,140.238092) seconds
2026/05/26-10:06:21  ... thread 2: (2000,1115000) ops and (1582.0,7945.5) ops/second in (1.264217,140.330756) seconds
2026/05/26-10:06:21  ... thread 0: (2000,1117000) ops and (1455.4,7934.4) ops/second in (1.374233,140.779542) seconds
2026/05/26-10:06:22  ... thread 1: (2000,1119000) ops and (891.9,7919.8) ops/second in (2.242420,141.292129) seconds
2026/05/26-10:06:22  ... thread 3: (1000,1110000) ops and (897.9,7852.7) ops/second in (1.113679,141.351771) seconds
2026/05/26-10:06:22  ... thread 2: (2000,1117000) ops and (1269.0,7871.4) ops/second in (1.576097,141.906853) seconds
2026/05/26-10:06:22  ... thread 0: (3000,1120000) ops and (2422.2,7886.3) ops/second in (1.238530,142.018072) seconds
2026/05/26-10:06:23  ... thread 1: (2000,1121000) ops and (1570.0,7863.0) ops/second in (1.273874,142.566003) seconds
2026/05/26-10:06:23  ... thread 3: (1000,1111000) ops and (745.4,7785.9) ops/second in (1.341587,142.693358) seconds
2026/05/26-10:06:23  ... thread 2: (7000,1124000) ops and (6869.0,7864.2) ops/second in (1.019078,142.925931) seconds
2026/05/26-10:06:23  ... thread 0: (12000,1132000) ops and (11935.4,7914.8) ops/second in (1.005413,143.023485) seconds
2026/05/26-10:06:24  ... thread 1: (27000,1148000) ops and (26713.9,7995.7) ops/second in (1.010708,143.576711) seconds
2026/05/26-10:06:24  ... thread 3: (30000,1141000) ops and (29872.3,7940.3) ops/second in (1.004276,143.697634) seconds
2026/05/26-10:06:24  ... thread 2: (27000,1151000) ops and (25838.7,7994.7) ops/second in (1.044944,143.970875) seconds
2026/05/26-10:06:25  ... thread 0: (27000,1159000) ops and (26301.2,8045.8) ops/second in (1.026569,144.050054) seconds
2026/05/26-10:06:25  ... thread 1: (30000,1178000) ops and (29556.9,8147.1) ops/second in (1.014991,144.591702) seconds
2026/05/26-10:06:25  ... thread 3: (28000,1169000) ops and (27741.3,8078.4) ops/second in (1.009327,144.706961) seconds
2026/05/26-10:06:26  ... thread 0: (27000,1186000) ops and (24324.0,8170.3) ops/second in (1.110013,145.160067) seconds
2026/05/26-10:06:26  ... thread 2: (29000,1180000) ops and (18609.6,8108.3) ops/second in (1.558336,145.529211) seconds
2026/05/26-10:06:26  ... thread 1: (12000,1190000) ops and (10968.9,8168.3) ops/second in (1.094007,145.685709) seconds
2026/05/26-10:06:27  ... thread 0: (2000,1188000) ops and (1674.4,8117.3) ops/second in (1.194444,146.354511) seconds
2026/05/26-10:06:27  ... thread 3: (9000,1178000) ops and (4483.3,8029.2) ops/second in (2.007463,146.714424) seconds
2026/05/26-10:06:28  ... thread 1: (3000,1193000) ops and (2080.8,8108.6) ops/second in (1.441760,147.127469) seconds
2026/05/26-10:06:28  ... thread 2: (2000,1182000) ops and (1069.0,8019.0) ops/second in (1.870821,147.400032) seconds
2026/05/26-10:06:28  ... thread 0: (2000,1190000) ops and (1761.7,8068.4) ops/second in (1.135250,147.489761) seconds
2026/05/26-10:06:28  ... thread 3: (2000,1180000) ops and (1950.4,7987.0) ops/second in (1.025445,147.739869) seconds
2026/05/26-10:06:29  ... thread 2: (3000,1185000) ops and (2796.8,7981.3) ops/second in (1.072638,148.472670) seconds
2026/05/26-10:06:29  ... thread 0: (1000,1191000) ops and (952.1,8018.0) ops/second in (1.050287,148.540048) seconds
2026/05/26-10:06:29  ... thread 1: (2000,1195000) ops and (1230.8,8033.5) ops/second in (1.624914,148.752383) seconds
2026/05/26-10:06:29  ... thread 3: (3000,1183000) ops and (2636.8,7946.1) ops/second in (1.137725,148.877594) seconds
2026/05/26-10:06:30  ... thread 0: (3000,1194000) ops and (2848.1,7981.6) ops/second in (1.053320,149.593368) seconds
2026/05/26-10:06:30  ... thread 1: (3000,1198000) ops and (2725.1,7994.5) ops/second in (1.100883,149.853266) seconds
2026/05/26-10:06:31  ... thread 2: (2000,1187000) ops and (1134.7,7900.9) ops/second in (1.762549,150.235219) seconds
2026/05/26-10:06:31  ... thread 3: (2000,1185000) ops and (1227.1,7873.4) ops/second in (1.629871,150.507465) seconds
2026/05/26-10:06:32  ... thread 1: (3000,1201000) ops and (1861.7,7929.2) ops/second in (1.611410,151.464676) seconds
2026/05/26-10:06:32  ... thread 0: (2000,1196000) ops and (954.6,7884.6) ops/second in (2.095167,151.688535) seconds
2026/05/26-10:06:32  ... thread 3: (2000,1187000) ops and (1534.1,7818.9) ops/second in (1.303679,151.811144) seconds
2026/05/26-10:06:32  ... thread 2: (5000,1192000) ops and (3082.1,7849.5) ops/second in (1.622281,151.857500) seconds
2026/05/26-10:06:33  ... thread 0: (2000,1198000) ops and (1755.3,7838.9) ops/second in (1.139426,152.827961) seconds
2026/05/26-10:06:34  ... thread 3: (3000,1190000) ops and (2217.3,7769.4) ops/second in (1.353018,153.164162) seconds
2026/05/26-10:06:34  ... thread 2: (3000,1195000) ops and (2128.3,7796.8) ops/second in (1.409573,153.267073) seconds
2026/05/26-10:06:34  ... thread 1: (3000,1204000) ops and (1564.9,7849.7) ops/second in (1.917015,153.381691) seconds
2026/05/26-10:06:35  ... thread 3: (1000,1191000) ops and (809.1,7713.7) ops/second in (1.235926,154.400088) seconds
2026/05/26-10:06:35  ... thread 2: (1000,1196000) ops and (877.3,7745.8) ops/second in (1.139836,154.406909) seconds
2026/05/26-10:06:35  ... thread 0: (4000,1202000) ops and (2285.2,7776.0) ops/second in (1.750388,154.578349) seconds
2026/05/26-10:06:35  ... thread 1: (2000,1206000) ops and (1580.8,7798.4) ops/second in (1.265180,154.646871) seconds
2026/05/26-10:06:36  ... thread 3: (29000,1220000) ops and (28948.0,7850.6) ops/second in (1.001796,155.401884) seconds
2026/05/26-10:06:36  ... thread 2: (31000,1227000) ops and (25836.5,7885.3) ops/second in (1.199852,155.606761) seconds
2026/05/26-10:06:36  ... thread 0: (31000,1233000) ops and (29307.3,7922.3) ops/second in (1.057756,155.636105) seconds
2026/05/26-10:06:36  ... thread 1: (33000,1239000) ops and (32397.8,7959.4) ops/second in (1.018588,155.665459) seconds
Initializing RocksDB Options from the specified file
Initializing RocksDB Options from command-line flags
Integrated BlobDB: blob cache disabled
Keys:       16 bytes each (+ 0 bytes user-defined timestamp)
Values:     1024 bytes each (512 bytes after compression)
Entries:    1250000
Prefix:    0 bytes
Keys per prefix:    0
RawSize:    1239.8 MB (estimated)
FileSize:   629.4 MB (estimated)
Write rate: 0 bytes/second
Read rate: 0 ops/second
Compression: Snappy
Compression sampling rate: 0
Memtablerep: SkipListFactory
Perf Level: 1
WARNING: Assertions are enabled; benchmarks unnecessarily slow
------------------------------------------------
Initializing RocksDB Options from the specified file
Initializing RocksDB Options from command-line flags
Integrated BlobDB: blob cache disabled
DB path: [/tmp/rocksdb_comp_exp_db]
fillrandom   :     124.976 micros/op 31974 ops/sec 156.377 seconds 5000000 operations;   31.7 MB/s
2026/05/26-10:06:39  ... thread 3: (1000,1000) ops and (586.1,586.1) ops/second in (1.706169,1.706169) seconds
2026/05/26-10:06:39  ... thread 2: (1000,1000) ops and (581.9,581.9) ops/second in (1.718371,1.718371) seconds
2026/05/26-10:06:39  ... thread 1: (1000,1000) ops and (581.3,581.3) ops/second in (1.720342,1.720342) seconds
2026/05/26-10:06:39  ... thread 0: (1000,1000) ops and (573.1,573.1) ops/second in (1.745039,1.745039) seconds
2026/05/26-10:06:41  ... thread 0: (2000,3000) ops and (861.6,737.8) ops/second in (2.321284,4.066323) seconds
2026/05/26-10:06:41  ... thread 3: (2000,3000) ops and (846.2,737.1) ops/second in (2.363618,4.069787) seconds
2026/05/26-10:06:41  ... thread 2: (2000,3000) ops and (850.5,737.1) ops/second in (2.351487,4.069858) seconds
2026/05/26-10:06:41  ... thread 1: (2000,3000) ops and (825.9,724.3) ops/second in (2.421638,4.141980) seconds
2026/05/26-10:06:42  ... thread 3: (1000,4000) ops and (767.1,744.4) ops/second in (1.303547,5.373334) seconds
2026/05/26-10:06:42  ... thread 0: (1000,4000) ops and (730.8,736.0) ops/second in (1.368404,5.434727) seconds
2026/05/26-10:06:42  ... thread 2: (1000,4000) ops and (657.4,715.4) ops/second in (1.521230,5.591088) seconds
2026/05/26-10:06:42  ... thread 1: (1000,4000) ops and (686.1,714.3) ops/second in (1.457594,5.599574) seconds
2026/05/26-10:06:44  ... thread 3: (2000,6000) ops and (1498.6,894.5) ops/second in (1.334539,6.707873) seconds
2026/05/26-10:06:44  ... thread 1: (2000,6000) ops and (1742.2,889.2) ops/second in (1.147952,6.747526) seconds
2026/05/26-10:06:44  ... thread 0: (2000,6000) ops and (1518.1,888.6) ops/second in (1.317397,6.752124) seconds
2026/05/26-10:06:44  ... thread 2: (2000,6000) ops and (1698.1,886.4) ops/second in (1.177777,6.768865) seconds
2026/05/26-10:06:45  ... thread 0: (2000,8000) ops and (1650.2,1004.5) ops/second in (1.211987,7.964111) seconds
2026/05/26-10:06:45  ... thread 3: (2000,8000) ops and (1439.2,988.0) ops/second in (1.389691,8.097564) seconds
2026/05/26-10:06:45  ... thread 2: (2000,8000) ops and (1487.1,986.0) ops/second in (1.344927,8.113792) seconds
2026/05/26-10:06:46  ... thread 1: (2000,8000) ops and (891.9,889.9) ops/second in (2.242417,8.989943) seconds
2026/05/26-10:06:46  ... thread 0: (1000,9000) ops and (709.2,960.1) ops/second in (1.410097,9.374208) seconds
2026/05/26-10:06:46  ... thread 3: (1000,9000) ops and (755.6,955.3) ops/second in (1.323531,9.421095) seconds
2026/05/26-10:06:47  ... thread 2: (1000,9000) ops and (558.6,908.7) ops/second in (1.790304,9.904096) seconds
2026/05/26-10:06:47  ... thread 1: (2000,10000) ops and (1381.7,958.1) ops/second in (1.447445,10.437388) seconds
2026/05/26-10:06:48  ... thread 0: (2000,11000) ops and (1067.6,978.0) ops/second in (1.873339,11.247547) seconds
2026/05/26-10:06:48  ... thread 3: (2000,11000) ops and (1004.0,963.8) ops/second in (1.992029,11.413124) seconds
2026/05/26-10:06:48  ... thread 2: (2000,11000) ops and (1320.7,963.4) ops/second in (1.514294,11.418390) seconds
2026/05/26-10:06:48  ... thread 1: (1000,11000) ops and (883.9,950.8) ops/second in (1.131301,11.568689) seconds
2026/05/26-10:06:49  ... thread 0: (1000,12000) ops and (971.7,977.5) ops/second in (1.029146,12.276693) seconds
2026/05/26-10:06:50  ... thread 1: (1000,12000) ops and (661.0,917.3) ops/second in (1.512931,13.081620) seconds
2026/05/26-10:06:50  ... thread 3: (2000,13000) ops and (900.7,953.5) ops/second in (2.220528,13.633652) seconds
2026/05/26-10:06:50  ... thread 2: (2000,13000) ops and (898.6,952.8) ops/second in (2.225789,13.644179) seconds
2026/05/26-10:06:51  ... thread 0: (1000,13000) ops and (688.3,946.9) ops/second in (1.452922,13.729615) seconds
2026/05/26-10:06:52  ... thread 2: (1000,14000) ops and (719.1,931.2) ops/second in (1.390552,15.034731) seconds
2026/05/26-10:06:52  ... thread 3: (1000,14000) ops and (712.1,931.0) ops/second in (1.404382,15.038034) seconds
2026/05/26-10:06:52  ... thread 0: (1000,14000) ops and (753.0,929.8) ops/second in (1.327968,15.057583) seconds
2026/05/26-10:06:52  ... thread 1: (2000,14000) ops and (950.1,921.9) ops/second in (2.105097,15.186717) seconds
2026/05/26-10:06:53  ... thread 2: (3000,17000) ops and (2801.2,1055.5) ops/second in (1.070970,16.105701) seconds
2026/05/26-10:06:53  ... thread 0: (3000,17000) ops and (2854.1,1055.3) ops/second in (1.051105,16.108688) seconds
2026/05/26-10:06:53  ... thread 3: (3000,17000) ops and (2718.9,1053.2) ops/second in (1.103369,16.141403) seconds
2026/05/26-10:06:53  ... thread 1: (3000,17000) ops and (2790.1,1045.4) ops/second in (1.075215,16.261932) seconds
2026/05/26-10:06:54  ... thread 0: (4000,21000) ops and (3328.0,1213.1) ops/second in (1.201936,17.310624) seconds
2026/05/26-10:06:54  ... thread 2: (4000,21000) ops and (3247.3,1211.2) ops/second in (1.231795,17.337496) seconds
2026/05/26-10:06:54  ... thread 3: (4000,21000) ops and (3321.9,1210.7) ops/second in (1.204121,17.345524) seconds
2026/05/26-10:06:54  ... thread 1: (4000,21000) ops and (3278.5,1201.2) ops/second in (1.220054,17.481986) seconds
2026/05/26-10:06:55  ... thread 0: (4000,25000) ops and (3828.4,1362.0) ops/second in (1.044820,18.355444) seconds
2026/05/26-10:06:55  ... thread 2: (4000,25000) ops and (3907.4,1361.6) ops/second in (1.023705,18.361201) seconds
2026/05/26-10:06:55  ... thread 3: (4000,25000) ops and (3814.5,1359.1) ops/second in (1.048617,18.394141) seconds
2026/05/26-10:06:56  ... thread 1: (5000,26000) ops and (4113.0,1390.5) ops/second in (1.215672,18.697658) seconds
2026/05/26-10:06:56  ... thread 3: (5000,30000) ops and (4758.7,1542.8) ops/second in (1.050718,19.444859) seconds
2026/05/26-10:06:56  ... thread 2: (5000,30000) ops and (4594.7,1542.5) ops/second in (1.088218,19.449419) seconds
2026/05/26-10:06:56  ... thread 0: (5000,30000) ops and (4489.6,1540.9) ops/second in (1.113696,19.469140) seconds
2026/05/26-10:06:57  ... thread 1: (5000,31000) ops and (4770.6,1570.0) ops/second in (1.048081,19.745739) seconds
2026/05/26-10:06:57  ... thread 3: (6000,36000) ops and (5636.5,1755.3) ops/second in (1.064495,20.509354) seconds
2026/05/26-10:06:57  ... thread 0: (6000,36000) ops and (5753.9,1755.1) ops/second in (1.042768,20.511908) seconds
2026/05/26-10:06:57  ... thread 2: (6000,36000) ops and (5626.5,1754.7) ops/second in (1.066374,20.515793) seconds
2026/05/26-10:06:58  ... thread 1: (6000,37000) ops and (5686.5,1778.8) ops/second in (1.055125,20.800864) seconds
2026/05/26-10:06:58  ... thread 0: (7000,43000) ops and (6830.6,1996.6) ops/second in (1.024806,21.536714) seconds
2026/05/26-10:06:58  ... thread 3: (7000,43000) ops and (6769.3,1996.0) ops/second in (1.034076,21.543430) seconds
2026/05/26-10:06:58  ... thread 2: (8000,44000) ops and (7166.5,2034.0) ops/second in (1.116299,21.632092) seconds
2026/05/26-10:06:59  ... thread 1: (8000,45000) ops and (7235.6,2054.2) ops/second in (1.105650,21.906514) seconds
2026/05/26-10:06:59  ... thread 0: (9000,52000) ops and (8816.5,2305.2) ops/second in (1.020818,22.557532) seconds
2026/05/26-10:06:59  ... thread 3: (9000,52000) ops and (8158.9,2296.2) ops/second in (1.103086,22.646516) seconds
2026/05/26-10:07:00  ... thread 2: (9000,53000) ops and (8487.7,2335.6) ops/second in (1.060353,22.692445) seconds
2026/05/26-10:07:00  ... thread 1: (9000,54000) ops and (8917.9,2356.5) ops/second in (1.009209,22.915723) seconds
2026/05/26-10:07:00  ... thread 0: (11000,63000) ops and (10570.5,2669.7) ops/second in (1.040633,23.598165) seconds
2026/05/26-10:07:00  ... thread 3: (11000,63000) ops and (10888.6,2663.1) ops/second in (1.010229,23.656745) seconds
2026/05/26-10:07:01  ... thread 2: (12000,65000) ops and (11363.4,2737.0) ops/second in (1.056021,23.748466) seconds
2026/05/26-10:07:01  ... thread 1: (13000,67000) ops and (12217.1,2794.0) ops/second in (1.064082,23.979805) seconds
2026/05/26-10:07:01  ... thread 0: (14000,77000) ops and (13938.1,3129.7) ops/second in (1.004444,24.602609) seconds
2026/05/26-10:07:02  ... thread 3: (15000,78000) ops and (14082.0,3155.1) ops/second in (1.065186,24.721931) seconds
2026/05/26-10:07:02  ... thread 2: (15000,80000) ops and (13960.4,3222.8) ops/second in (1.074470,24.822936) seconds
2026/05/26-10:07:02  ... thread 1: (15000,82000) ops and (14553.3,3278.6) ops/second in (1.030693,25.010498) seconds
2026/05/26-10:07:02  ... thread 0: (19000,96000) ops and (18739.6,3747.6) ops/second in (1.013894,25.616503) seconds
2026/05/26-10:07:03  ... thread 3: (20000,98000) ops and (19463.8,3805.9) ops/second in (1.027549,25.749480) seconds
2026/05/26-10:07:03  ... thread 2: (20000,100000) ops and (19534.2,3869.0) ops/second in (1.023843,25.846779) seconds
DB path: [/tmp/rocksdb_comp_exp_db]
readrandom   :     258.459 micros/op 15459 ops/sec 25.874 seconds 400000 operations;   15.1 MB/s (98145 of 100000 found)

STATISTICS:
rocksdb.block.cache.miss COUNT : 4654666
rocksdb.block.cache.hit COUNT : 48469
rocksdb.block.cache.add COUNT : 691810
rocksdb.block.cache.add.failures COUNT : 0
rocksdb.block.cache.index.miss COUNT : 0
rocksdb.block.cache.index.hit COUNT : 0
rocksdb.block.cache.index.add COUNT : 0
rocksdb.block.cache.index.bytes.insert COUNT : 0
rocksdb.block.cache.filter.miss COUNT : 0
rocksdb.block.cache.filter.hit COUNT : 0
rocksdb.block.cache.filter.add COUNT : 0
rocksdb.block.cache.filter.bytes.insert COUNT : 0
rocksdb.block.cache.data.miss COUNT : 4654666
rocksdb.block.cache.data.hit COUNT : 48469
rocksdb.block.cache.data.add COUNT : 691810
rocksdb.block.cache.data.bytes.insert COUNT : 2977518144
rocksdb.block.cache.bytes.read COUNT : 208610672
rocksdb.block.cache.bytes.write COUNT : 2977518144
rocksdb.block.cache.compression.dict.miss COUNT : 0
rocksdb.block.cache.compression.dict.hit COUNT : 0
rocksdb.block.cache.compression.dict.add COUNT : 0
rocksdb.block.cache.compression.dict.bytes.insert COUNT : 0
rocksdb.block.cache.add.redundant COUNT : 10
rocksdb.block.cache.index.add.redundant COUNT : 0
rocksdb.block.cache.filter.add.redundant COUNT : 0
rocksdb.block.cache.data.add.redundant COUNT : 10
rocksdb.block.cache.compression.dict.add.redundant COUNT : 0
rocksdb.secondary.cache.hits COUNT : 0
rocksdb.secondary.cache.filter.hits COUNT : 0
rocksdb.secondary.cache.index.hits COUNT : 0
rocksdb.secondary.cache.data.hits COUNT : 0
rocksdb.compressed.secondary.cache.dummy.hits COUNT : 0
rocksdb.compressed.secondary.cache.hits COUNT : 0
rocksdb.compressed.secondary.cache.promotions COUNT : 0
rocksdb.compressed.secondary.cache.promotion.skips COUNT : 0
rocksdb.bloom.filter.useful COUNT : 0
rocksdb.bloom.filter.full.positive COUNT : 0
rocksdb.bloom.filter.full.true.positive COUNT : 0
rocksdb.bloom.filter.prefix.checked COUNT : 0
rocksdb.bloom.filter.prefix.useful COUNT : 0
rocksdb.bloom.filter.prefix.true.positive COUNT : 0
rocksdb.persistent.cache.hit COUNT : 0
rocksdb.persistent.cache.miss COUNT : 0
rocksdb.sim.block.cache.hit COUNT : 0
rocksdb.sim.block.cache.miss COUNT : 0
rocksdb.memtable.hit COUNT : 6882
rocksdb.memtable.miss COUNT : 393118
rocksdb.l0.hit COUNT : 7861
rocksdb.l1.hit COUNT : 123698
rocksdb.l2andup.hit COUNT : 254180
rocksdb.compaction.key.drop.new COUNT : 3259946
rocksdb.compaction.key.drop.obsolete COUNT : 0
rocksdb.compaction.key.drop.range_del COUNT : 0
rocksdb.compaction.key.drop.user COUNT : 0
rocksdb.compaction.range_del.drop.obsolete COUNT : 0
rocksdb.compaction.optimized.del.drop.obsolete COUNT : 0
rocksdb.compaction.cancelled COUNT : 0
rocksdb.compaction.aborted COUNT : 0
rocksdb.number.keys.written COUNT : 5000000
rocksdb.number.keys.read COUNT : 400000
rocksdb.number.keys.updated COUNT : 0
rocksdb.bytes.written COUNT : 5279106540
rocksdb.bytes.read COUNT : 402043904
rocksdb.number.db.seek COUNT : 0
rocksdb.number.db.next COUNT : 0
rocksdb.number.db.prev COUNT : 0
rocksdb.number.db.seek.found COUNT : 0
rocksdb.number.db.next.found COUNT : 0
rocksdb.number.db.prev.found COUNT : 0
rocksdb.db.iter.bytes.read COUNT : 0
rocksdb.number.iter.skip COUNT : 0
rocksdb.number.reseeks.iteration COUNT : 0
rocksdb.num.iterator.created COUNT : 0
rocksdb.num.iterator.deleted COUNT : 0
rocksdb.no.file.opens COUNT : 219
rocksdb.no.file.errors COUNT : 0
rocksdb.stall.micros COUNT : 114199366
rocksdb.db.mutex.wait.micros COUNT : 0
rocksdb.number.multiget.get COUNT : 0
rocksdb.number.multiget.keys.read COUNT : 0
rocksdb.number.multiget.bytes.read COUNT : 0
rocksdb.number.multiget.keys.found COUNT : 0
rocksdb.number.merge.failures COUNT : 0
rocksdb.getupdatessince.calls COUNT : 0
rocksdb.wal.synced COUNT : 0
rocksdb.wal.bytes COUNT : 5279106540
rocksdb.write.self COUNT : 4925545
rocksdb.write.other COUNT : 74455
rocksdb.write.wal COUNT : 5000000
rocksdb.compact.read.bytes COUNT : 9678559634
rocksdb.compact.write.bytes COUNT : 7709718679
rocksdb.flush.write.bytes COUNT : 2971481992
rocksdb.compact.read.marked.bytes COUNT : 0
rocksdb.compact.read.periodic.bytes COUNT : 0
rocksdb.compact.read.ttl.bytes COUNT : 0
rocksdb.compact.write.marked.bytes COUNT : 0
rocksdb.compact.write.periodic.bytes COUNT : 0
rocksdb.compact.write.ttl.bytes COUNT : 0
rocksdb.number.direct.load.table.properties COUNT : 0
rocksdb.number.superversion_acquires COUNT : 32
rocksdb.number.superversion_releases COUNT : 27
rocksdb.number.superversion_cleanups COUNT : 7
rocksdb.number.block.compressed COUNT : 4370269
rocksdb.number.block.decompressed COUNT : 4654885
rocksdb.bytes.compressed.from COUNT : 18419422198
rocksdb.bytes.compressed.to COUNT : 10659062871
rocksdb.bytes.compression_bypassed COUNT : 0
rocksdb.bytes.compression.rejected COUNT : 0
rocksdb.number.block_compression_bypassed COUNT : 0
rocksdb.number.block_compression_rejected COUNT : 0
rocksdb.bytes.decompressed.from COUNT : 11351350208
rocksdb.bytes.decompressed.to COUNT : 19613449888
rocksdb.merge.operation.time.nanos COUNT : 0
rocksdb.filter.operation.time.nanos COUNT : 0
rocksdb.compaction.total.time.cpu_micros COUNT : 55478749
rocksdb.row.cache.hit COUNT : 0
rocksdb.row.cache.miss COUNT : 0
rocksdb.read.amp.estimate.useful.bytes COUNT : 0
rocksdb.read.amp.total.read.bytes COUNT : 0
rocksdb.number.rate_limiter.drains COUNT : 0
rocksdb.blobdb.num.put COUNT : 0
rocksdb.blobdb.num.write COUNT : 0
rocksdb.blobdb.num.get COUNT : 0
rocksdb.blobdb.num.multiget COUNT : 0
rocksdb.blobdb.num.seek COUNT : 0
rocksdb.blobdb.num.next COUNT : 0
rocksdb.blobdb.num.prev COUNT : 0
rocksdb.blobdb.num.keys.written COUNT : 0
rocksdb.blobdb.num.keys.read COUNT : 0
rocksdb.blobdb.bytes.written COUNT : 0
rocksdb.blobdb.bytes.read COUNT : 0
rocksdb.blobdb.write.inlined COUNT : 0
rocksdb.blobdb.write.inlined.ttl COUNT : 0
rocksdb.blobdb.write.blob COUNT : 0
rocksdb.blobdb.write.blob.ttl COUNT : 0
rocksdb.blobdb.blob.file.bytes.written COUNT : 0
rocksdb.blobdb.blob.file.bytes.read COUNT : 0
rocksdb.blobdb.blob.file.synced COUNT : 0
rocksdb.blobdb.blob.index.expired.count COUNT : 0
rocksdb.blobdb.blob.index.expired.size COUNT : 0
rocksdb.blobdb.blob.index.evicted.count COUNT : 0
rocksdb.blobdb.blob.index.evicted.size COUNT : 0
rocksdb.blobdb.gc.num.files COUNT : 0
rocksdb.blobdb.gc.num.new.files COUNT : 0
rocksdb.blobdb.gc.failures COUNT : 0
rocksdb.blobdb.gc.num.keys.relocated COUNT : 0
rocksdb.blobdb.gc.bytes.relocated COUNT : 0
rocksdb.blobdb.fifo.num.files.evicted COUNT : 0
rocksdb.blobdb.fifo.num.keys.evicted COUNT : 0
rocksdb.blobdb.fifo.bytes.evicted COUNT : 0
rocksdb.blobdb.cache.miss COUNT : 0
rocksdb.blobdb.cache.hit COUNT : 0
rocksdb.blobdb.cache.add COUNT : 0
rocksdb.blobdb.cache.add.failures COUNT : 0
rocksdb.blobdb.cache.bytes.read COUNT : 0
rocksdb.blobdb.cache.bytes.write COUNT : 0
rocksdb.txn.overhead.mutex.prepare COUNT : 0
rocksdb.txn.overhead.mutex.old.commit.map COUNT : 0
rocksdb.txn.overhead.duplicate.key COUNT : 0
rocksdb.txn.overhead.mutex.snapshot COUNT : 0
rocksdb.txn.get.tryagain COUNT : 0
rocksdb.files.marked.trash COUNT : 0
rocksdb.files.marked.trash.deleted COUNT : 0
rocksdb.files.deleted.immediately COUNT : 273
rocksdb.error.handler.bg.error.count COUNT : 0
rocksdb.error.handler.bg.io.error.count COUNT : 0
rocksdb.error.handler.bg.retryable.io.error.count COUNT : 0
rocksdb.error.handler.autoresume.count COUNT : 0
rocksdb.error.handler.autoresume.retry.total.count COUNT : 0
rocksdb.error.handler.autoresume.success.count COUNT : 0
rocksdb.memtable.payload.bytes.at.flush COUNT : 5217263640
rocksdb.memtable.garbage.bytes.at.flush COUNT : 128041496
rocksdb.verify_checksum.read.bytes COUNT : 0
rocksdb.backup.read.bytes COUNT : 0
rocksdb.backup.write.bytes COUNT : 0
rocksdb.remote.compact.read.bytes COUNT : 0
rocksdb.remote.compact.write.bytes COUNT : 0
rocksdb.remote.compact.resumed.bytes COUNT : 0
rocksdb.hot.file.read.bytes COUNT : 0
rocksdb.warm.file.read.bytes COUNT : 0
rocksdb.cool.file.read.bytes COUNT : 0
rocksdb.cold.file.read.bytes COUNT : 0
rocksdb.ice.file.read.bytes COUNT : 0
rocksdb.hot.file.read.count COUNT : 0
rocksdb.warm.file.read.count COUNT : 0
rocksdb.cool.file.read.count COUNT : 0
rocksdb.cold.file.read.count COUNT : 0
rocksdb.ice.file.read.count COUNT : 0
rocksdb.last.level.read.bytes COUNT : 0
rocksdb.last.level.read.count COUNT : 0
rocksdb.non.last.level.read.bytes COUNT : 11374899650
rocksdb.non.last.level.read.count COUNT : 4655542
rocksdb.last.level.seek.filtered COUNT : 0
rocksdb.last.level.seek.filter.match COUNT : 0
rocksdb.last.level.seek.data COUNT : 0
rocksdb.last.level.seek.data.useful.no.filter COUNT : 0
rocksdb.last.level.seek.data.useful.filter.match COUNT : 0
rocksdb.non.last.level.seek.filtered COUNT : 0
rocksdb.non.last.level.seek.filter.match COUNT : 0
rocksdb.non.last.level.seek.data COUNT : 0
rocksdb.non.last.level.seek.data.useful.no.filter COUNT : 0
rocksdb.non.last.level.seek.data.useful.filter.match COUNT : 0
rocksdb.block.checksum.compute.count COUNT : 4655104
rocksdb.block.checksum.mismatch.count COUNT : 0
rocksdb.multiget.coroutine.count COUNT : 0
rocksdb.read.async.micros COUNT : 0
rocksdb.async.read.error.count COUNT : 0
rocksdb.table.open.prefetch.tail.miss COUNT : 0
rocksdb.table.open.prefetch.tail.hit COUNT : 0
rocksdb.timestamp.filter.table.checked COUNT : 0
rocksdb.timestamp.filter.table.filtered COUNT : 0
rocksdb.readahead.trimmed COUNT : 0
rocksdb.fifo.max.size.compactions COUNT : 0
rocksdb.fifo.ttl.compactions COUNT : 0
rocksdb.fifo.change_temperature.compactions COUNT : 0
rocksdb.prefetch.bytes COUNT : 0
rocksdb.prefetch.bytes.useful COUNT : 0
rocksdb.prefetch.hits COUNT : 0
rocksdb.footer.corruption.count COUNT : 0
rocksdb.file.read.corruption.retry.count COUNT : 0
rocksdb.file.read.corruption.retry.success.count COUNT : 0
rocksdb.number.wbwi.ingest COUNT : 0
rocksdb.sst.user.defined.index.load.fail.count COUNT : 0
rocksdb.multiscan.prepare.calls COUNT : 0
rocksdb.multiscan.prepare.errors COUNT : 0
rocksdb.multiscan.blocks.prefetched COUNT : 0
rocksdb.multiscan.blocks.from.cache COUNT : 0
rocksdb.multiscan.prefetch.bytes COUNT : 0
rocksdb.multiscan.prefetch.blocks.wasted COUNT : 0
rocksdb.multiscan.io.requests COUNT : 0
rocksdb.multiscan.io.coalesced.nonadjacent COUNT : 0
rocksdb.multiscan.seek.errors COUNT : 0
rocksdb.prefetch.memory.bytes.granted COUNT : 0
rocksdb.prefetch.memory.bytes.released COUNT : 0
rocksdb.prefetch.memory.requests.blocked COUNT : 0
rocksdb.read.path.range.tombstones.inserted COUNT : 0
rocksdb.read.path.range.tombstones.discarded COUNT : 0
rocksdb.file.open.metadata.retrieved COUNT : 0
rocksdb.file.open.metadata.passed COUNT : 0
rocksdb.manifest.validation.failure.count COUNT : 0
rocksdb.db.get.micros P50 : 16.186530 P95 : 1297.552862 P99 : 2257.250755 P100 : 475102.000000 COUNT : 400000 SUM : 103184130
rocksdb.db.write.micros P50 : 5.856010 P95 : 46.771226 P99 : 1974.387099 P100 : 720059.000000 COUNT : 5000000 SUM : 620567530
rocksdb.compaction.times.micros P50 : 4066666.666667 P95 : 7837917.000000 P99 : 7837917.000000 P100 : 7837917.000000 COUNT : 37 SUM : 156934389
rocksdb.compaction.times.cpu_micros P50 : 1287500.000000 P95 : 2839285.714286 P99 : 2941417.000000 P100 : 2941417.000000 COUNT : 37 SUM : 55478749
rocksdb.subcompaction.setup.times.micros P50 : 0.000000 P95 : 0.000000 P99 : 0.000000 P100 : 0.000000 COUNT : 0 SUM : 0
rocksdb.table.sync.micros P50 : 338135.593220 P95 : 1041938.000000 P99 : 1041938.000000 P100 : 1041938.000000 COUNT : 80 SUM : 37753128
rocksdb.compaction.outfile.sync.micros P50 : 572500.000000 P95 : 1003083.333333 P99 : 1160616.666667 P100 : 1186396.000000 COUNT : 139 SUM : 72478787
rocksdb.wal.file.sync.micros P50 : 0.000000 P95 : 0.000000 P99 : 0.000000 P100 : 0.000000 COUNT : 0 SUM : 0
rocksdb.manifest.file.sync.micros P50 : 5605.319149 P95 : 15133.333333 P99 : 21693.333333 P100 : 152748.000000 COUNT : 123 SUM : 880082
rocksdb.table.open.io.micros P50 : 736.328125 P95 : 4631.000000 P99 : 6558.200000 P100 : 9951.000000 COUNT : 219 SUM : 227237
rocksdb.db.multiget.micros P50 : 0.000000 P95 : 0.000000 P99 : 0.000000 P100 : 0.000000 COUNT : 0 SUM : 0
rocksdb.read.block.compaction.micros P50 : 3.305589 P95 : 5.964647 P99 : 9.929787 P100 : 322644.000000 COUNT : 3962856 SUM : 43069125
rocksdb.read.block.get.micros P50 : 5.677010 P95 : 1012.770877 P99 : 1747.248978 P100 : 441481.000000 COUNT : 692029 SUM : 99578843
rocksdb.write.raw.block.micros P50 : 0.523069 P95 : 0.993830 P99 : 2.025244 P100 : 10575.000000 COUNT : 4370707 SUM : 10887447
rocksdb.numfiles.in.singlecompaction P50 : 2.937500 P95 : 11.000000 P99 : 11.000000 P100 : 11.000000 COUNT : 39 SUM : 201
rocksdb.db.seek.micros P50 : 0.000000 P95 : 0.000000 P99 : 0.000000 P100 : 0.000000 COUNT : 0 SUM : 0
rocksdb.db.write.stall P50 : 1123.205444 P95 : 2564.870502 P99 : 2847.018947 P100 : 719701.000000 COUNT : 81160 SUM : 114199366
rocksdb.sst.read.micros P50 : 0.753970 P95 : 2.722253 P99 : 870.107520 P100 : 441463.000000 COUNT : 4655542 SUM : 127745075
rocksdb.file.read.flush.micros P50 : 3.750000 P95 : 67.911765 P99 : 234.000000 P100 : 1781.000000 COUNT : 320 SUM : 8024
rocksdb.file.read.compaction.micros P50 : 0.680613 P95 : 1.962083 P99 : 5.617906 P100 : 322615.000000 COUNT : 3963412 SUM : 32000634
rocksdb.file.read.db.open.micros P50 : 0.000000 P95 : 0.000000 P99 : 0.000000 P100 : 0.000000 COUNT : 0 SUM : 0
rocksdb.file.read.get.micros P50 : 0.000000 P95 : 0.000000 P99 : 0.000000 P100 : 0.000000 COUNT : 0 SUM : 0
rocksdb.file.read.multiget.micros P50 : 0.000000 P95 : 0.000000 P99 : 0.000000 P100 : 0.000000 COUNT : 0 SUM : 0
rocksdb.file.read.db.iterator.micros P50 : 0.000000 P95 : 0.000000 P99 : 0.000000 P100 : 0.000000 COUNT : 0 SUM : 0
rocksdb.file.read.verify.db.checksum.micros P50 : 0.000000 P95 : 0.000000 P99 : 0.000000 P100 : 0.000000 COUNT : 0 SUM : 0
rocksdb.file.read.verify.file.checksums.micros P50 : 0.000000 P95 : 0.000000 P99 : 0.000000 P100 : 0.000000 COUNT : 0 SUM : 0
rocksdb.sst.write.micros P50 : 0.501439 P95 : 0.952734 P99 : 0.992849 P100 : 10574.000000 COUNT : 8741633 SUM : 8740744
rocksdb.file.write.flush.micros P50 : 0.501359 P95 : 0.952582 P99 : 0.992691 P100 : 10574.000000 COUNT : 2428686 SUM : 2760191
rocksdb.file.write.compaction.micros P50 : 0.501470 P95 : 0.952793 P99 : 0.992910 P100 : 10501.000000 COUNT : 6312947 SUM : 5980553
rocksdb.file.write.db.open.micros P50 : 0.000000 P95 : 0.000000 P99 : 0.000000 P100 : 0.000000 COUNT : 0 SUM : 0
rocksdb.num.subcompactions.scheduled P50 : 0.000000 P95 : 0.000000 P99 : 0.000000 P100 : 0.000000 COUNT : 0 SUM : 0
rocksdb.bytes.per.read P50 : 1024.000000 P95 : 1024.000000 P99 : 1024.000000 P100 : 1024.000000 COUNT : 400000 SUM : 402043904
rocksdb.bytes.per.write P50 : 1086.852219 P95 : 1282.019217 P99 : 1299.367394 P100 : 4188.000000 COUNT : 4925545 SUM : 5279106540
rocksdb.bytes.per.multiget P50 : 0.000000 P95 : 0.000000 P99 : 0.000000 P100 : 0.000000 COUNT : 0 SUM : 0
rocksdb.compression.times.nanos P50 : 0.000000 P95 : 0.000000 P99 : 0.000000 P100 : 0.000000 COUNT : 0 SUM : 0
rocksdb.decompression.times.nanos P50 : 0.000000 P95 : 0.000000 P99 : 0.000000 P100 : 0.000000 COUNT : 0 SUM : 0
rocksdb.read.num.merge_operands P50 : 0.000000 P95 : 0.000000 P99 : 0.000000 P100 : 0.000000 COUNT : 0 SUM : 0
rocksdb.blobdb.key.size P50 : 0.000000 P95 : 0.000000 P99 : 0.000000 P100 : 0.000000 COUNT : 0 SUM : 0
rocksdb.blobdb.value.size P50 : 0.000000 P95 : 0.000000 P99 : 0.000000 P100 : 0.000000 COUNT : 0 SUM : 0
rocksdb.blobdb.write.micros P50 : 0.000000 P95 : 0.000000 P99 : 0.000000 P100 : 0.000000 COUNT : 0 SUM : 0
rocksdb.blobdb.get.micros P50 : 0.000000 P95 : 0.000000 P99 : 0.000000 P100 : 0.000000 COUNT : 0 SUM : 0
rocksdb.blobdb.multiget.micros P50 : 0.000000 P95 : 0.000000 P99 : 0.000000 P100 : 0.000000 COUNT : 0 SUM : 0
rocksdb.blobdb.seek.micros P50 : 0.000000 P95 : 0.000000 P99 : 0.000000 P100 : 0.000000 COUNT : 0 SUM : 0
rocksdb.blobdb.next.micros P50 : 0.000000 P95 : 0.000000 P99 : 0.000000 P100 : 0.000000 COUNT : 0 SUM : 0
rocksdb.blobdb.prev.micros P50 : 0.000000 P95 : 0.000000 P99 : 0.000000 P100 : 0.000000 COUNT : 0 SUM : 0
rocksdb.blobdb.blob.file.write.micros P50 : 0.000000 P95 : 0.000000 P99 : 0.000000 P100 : 0.000000 COUNT : 0 SUM : 0
rocksdb.blobdb.blob.file.read.micros P50 : 0.000000 P95 : 0.000000 P99 : 0.000000 P100 : 0.000000 COUNT : 0 SUM : 0
rocksdb.blobdb.blob.file.sync.micros P50 : 0.000000 P95 : 0.000000 P99 : 0.000000 P100 : 0.000000 COUNT : 0 SUM : 0
rocksdb.blobdb.compression.micros P50 : 0.000000 P95 : 0.000000 P99 : 0.000000 P100 : 0.000000 COUNT : 0 SUM : 0
rocksdb.blobdb.decompression.micros P50 : 0.000000 P95 : 0.000000 P99 : 0.000000 P100 : 0.000000 COUNT : 0 SUM : 0
rocksdb.db.flush.micros P50 : 538333.333333 P95 : 1200000.000000 P99 : 1217375.000000 P100 : 1217375.000000 COUNT : 80 SUM : 52901672
rocksdb.sst.batch.size P50 : 0.000000 P95 : 0.000000 P99 : 0.000000 P100 : 0.000000 COUNT : 0 SUM : 0
rocksdb.multiget.io.batch.size P50 : 0.000000 P95 : 0.000000 P99 : 0.000000 P100 : 0.000000 COUNT : 0 SUM : 0
rocksdb.num.index.and.filter.blocks.read.per.level P50 : 0.000000 P95 : 0.000000 P99 : 0.000000 P100 : 0.000000 COUNT : 0 SUM : 0
rocksdb.num.sst.read.per.level P50 : 0.000000 P95 : 0.000000 P99 : 0.000000 P100 : 0.000000 COUNT : 0 SUM : 0
rocksdb.num.level.read.per.multiget P50 : 0.000000 P95 : 0.000000 P99 : 0.000000 P100 : 0.000000 COUNT : 0 SUM : 0
rocksdb.error.handler.autoresume.retry.count P50 : 0.000000 P95 : 0.000000 P99 : 0.000000 P100 : 0.000000 COUNT : 0 SUM : 0
rocksdb.async.read.bytes P50 : 0.000000 P95 : 0.000000 P99 : 0.000000 P100 : 0.000000 COUNT : 0 SUM : 0
rocksdb.poll.wait.micros P50 : 0.000000 P95 : 0.000000 P99 : 0.000000 P100 : 0.000000 COUNT : 0 SUM : 0
rocksdb.compaction.prefetch.bytes P50 : 0.000000 P95 : 0.000000 P99 : 0.000000 P100 : 0.000000 COUNT : 0 SUM : 0
rocksdb.prefetched.bytes.discarded P50 : 0.000000 P95 : 0.000000 P99 : 0.000000 P100 : 0.000000 COUNT : 0 SUM : 0
rocksdb.async.prefetch.abort.micros P50 : 0.000000 P95 : 0.000000 P99 : 0.000000 P100 : 0.000000 COUNT : 0 SUM : 0
rocksdb.table.open.prefetch.tail.read.bytes P50 : 0.000000 P95 : 0.000000 P99 : 0.000000 P100 : 0.000000 COUNT : 0 SUM : 0
rocksdb.num.op.per.transaction P50 : 0.000000 P95 : 0.000000 P99 : 0.000000 P100 : 0.000000 COUNT : 0 SUM : 0
rocksdb.multiscan.op.prepare.iterators.micros P50 : 0.000000 P95 : 0.000000 P99 : 0.000000 P100 : 0.000000 COUNT : 0 SUM : 0
rocksdb.multiscan.prepare.micros P50 : 0.000000 P95 : 0.000000 P99 : 0.000000 P100 : 0.000000 COUNT : 0 SUM : 0
rocksdb.multiscan.blocks.per.prepare P50 : 0.000000 P95 : 0.000000 P99 : 0.000000 P100 : 0.000000 COUNT : 0 SUM : 0
rocksdb.block.key.distribution.cv P50 : 0.000000 P95 : 0.000000 P99 : 0.000000 P100 : 0.000000 COUNT : 0 SUM : 0

[EXPERIMENT_COMPLETED]
