RocksDB:    version 11.3.0
Date:       Tue May 26 11:25:19 2026
CPU:        2 * Intel Xeon Processor (SapphireRapids)
CPUCache:   16384 KB
2026/05/26-11:25:20  ... thread 2: (33000,33000) ops and (32878.9,32878.9) ops/second in (1.003684,1.003684) seconds
2026/05/26-11:25:20  ... thread 1: (36000,36000) ops and (35710.7,35710.7) ops/second in (1.008101,1.008101) seconds
2026/05/26-11:25:20  ... thread 3: (36000,36000) ops and (35504.4,35504.4) ops/second in (1.013958,1.013958) seconds
2026/05/26-11:25:20  ... thread 0: (34000,34000) ops and (33596.3,33596.3) ops/second in (1.012016,1.012016) seconds
2026/05/26-11:25:21  ... thread 2: (31000,64000) ops and (30874.2,31876.4) ops/second in (1.004074,2.007758) seconds
2026/05/26-11:25:21  ... thread 3: (30000,66000) ops and (29848.3,32688.8) ops/second in (1.005082,2.019040) seconds
2026/05/26-11:25:21  ... thread 0: (31000,65000) ops and (30808.3,32206.3) ops/second in (1.006221,2.018237) seconds
2026/05/26-11:25:21  ... thread 1: (30000,66000) ops and (29526.0,32606.2) ops/second in (1.016052,2.024153) seconds
2026/05/26-11:25:23  ... thread 1: (29000,95000) ops and (17515.1,25816.2) ops/second in (1.655711,3.679864) seconds
2026/05/26-11:25:23  ... thread 0: (23000,88000) ops and (13777.9,23863.9) ops/second in (1.669340,3.687577) seconds
2026/05/26-11:25:23  ... thread 3: (30000,96000) ops and (17918.6,25993.2) ops/second in (1.674239,3.693279) seconds
2026/05/26-11:25:23  ... thread 2: (32000,96000) ops and (18824.4,25892.2) ops/second in (1.699918,3.707676) seconds
2026/05/26-11:25:24  ... thread 2: (16000,112000) ops and (13469.8,22878.1) ops/second in (1.187844,4.895520) seconds
2026/05/26-11:25:24  ... thread 0: (15000,103000) ops and (12424.6,21042.5) ops/second in (1.207278,4.894855) seconds
2026/05/26-11:25:24  ... thread 3: (14000,110000) ops and (11519.5,22409.6) ops/second in (1.215332,4.908611) seconds
2026/05/26-11:25:24  ... thread 1: (16000,111000) ops and (12875.4,22549.3) ops/second in (1.242681,4.922545) seconds
2026/05/26-11:25:25  ... thread 3: (32000,142000) ops and (30654.8,23855.5) ops/second in (1.043883,5.952494) seconds
2026/05/26-11:25:25  ... thread 2: (34000,146000) ops and (31636.5,24454.7) ops/second in (1.074708,5.970228) seconds
2026/05/26-11:25:25  ... thread 1: (30000,141000) ops and (28552.9,23605.3) ops/second in (1.050681,5.973226) seconds
2026/05/26-11:25:25  ... thread 0: (31000,134000) ops and (28385.9,22382.0) ops/second in (1.092091,5.986946) seconds
2026/05/26-11:25:27  ... thread 3: (31000,173000) ops and (20003.0,23059.7) ops/second in (1.549769,7.502263) seconds
2026/05/26-11:25:27  ... thread 1: (33000,174000) ops and (21517.2,23178.7) ops/second in (1.533655,7.506881) seconds
2026/05/26-11:25:27  ... thread 0: (29000,163000) ops and (19088.4,21715.4) ops/second in (1.519249,7.506195) seconds
2026/05/26-11:25:27  ... thread 2: (31000,177000) ops and (19962.1,23527.3) ops/second in (1.552940,7.523168) seconds
2026/05/26-11:25:28  ... thread 1: (13000,187000) ops and (10887.9,21492.1) ops/second in (1.193985,8.700866) seconds
2026/05/26-11:25:28  ... thread 2: (18000,195000) ops and (15223.8,22399.6) ops/second in (1.182361,8.705529) seconds
2026/05/26-11:25:28  ... thread 0: (14000,177000) ops and (11618.1,20318.6) ops/second in (1.205015,8.711210) seconds
2026/05/26-11:25:28  ... thread 3: (17000,190000) ops and (13919.4,21780.1) ops/second in (1.221315,8.723578) seconds
2026/05/26-11:25:29  ... thread 3: (14000,204000) ops and (11926.6,20611.4) ops/second in (1.173850,9.897428) seconds
2026/05/26-11:25:29  ... thread 0: (15000,192000) ops and (12646.9,19399.3) ops/second in (1.186059,9.897269) seconds
2026/05/26-11:25:29  ... thread 2: (16000,211000) ops and (13367.6,21307.9) ops/second in (1.196924,9.902453) seconds
2026/05/26-11:25:29  ... thread 1: (17000,204000) ops and (13983.2,20571.6) ops/second in (1.215741,9.916607) seconds
2026/05/26-11:25:30  ... thread 2: (17000,228000) ops and (16904.3,20901.9) ops/second in (1.005661,10.908114) seconds
2026/05/26-11:25:30  ... thread 0: (16000,208000) ops and (15578.9,19040.1) ops/second in (1.027029,10.924298) seconds
2026/05/26-11:25:30  ... thread 3: (14000,218000) ops and (13548.8,19943.8) ops/second in (1.033299,10.930727) seconds
2026/05/26-11:25:30  ... thread 1: (14000,218000) ops and (13756.2,19937.2) ops/second in (1.017722,10.934329) seconds
2026/05/26-11:25:31  ... thread 2: (31000,259000) ops and (30854.2,21741.2) ops/second in (1.004726,11.912840) seconds
2026/05/26-11:25:32  ... thread 1: (31000,249000) ops and (20110.5,19958.6) ops/second in (1.541481,12.475810) seconds
2026/05/26-11:25:32  ... thread 0: (32000,240000) ops and (20290.7,19197.9) ops/second in (1.577076,12.501374) seconds
2026/05/26-11:25:32  ... thread 3: (31000,249000) ops and (19454.0,19881.5) ops/second in (1.593502,12.524229) seconds
2026/05/26-11:25:32  ... thread 2: (12000,271000) ops and (11952.9,20980.5) ops/second in (1.003939,12.916779) seconds
2026/05/26-11:25:33  ... thread 0: (18000,258000) ops and (14551.1,18779.5) ops/second in (1.237023,13.738397) seconds
2026/05/26-11:25:33  ... thread 3: (15000,264000) ops and (12207.1,19195.8) ops/second in (1.228796,13.753025) seconds
2026/05/26-11:25:33  ... thread 1: (14000,263000) ops and (10841.3,19103.4) ops/second in (1.291359,13.767169) seconds
2026/05/26-11:25:33  ... thread 2: (7000,278000) ops and (6994.6,19974.8) ops/second in (1.000774,13.917553) seconds
2026/05/26-11:25:34  ... thread 1: (15000,278000) ops and (12753.6,18603.6) ops/second in (1.176138,14.943307) seconds
2026/05/26-11:25:34  ... thread 3: (16000,280000) ops and (13243.3,18715.1) ops/second in (1.208154,14.961179) seconds
2026/05/26-11:25:34  ... thread 2: (11000,289000) ops and (10537.7,19316.3) ops/second in (1.043875,14.961428) seconds
2026/05/26-11:25:34  ... thread 0: (17000,275000) ops and (13904.7,18381.1) ops/second in (1.222611,14.961008) seconds
2026/05/26-11:25:35  ... thread 2: (14000,303000) ops and (11563.2,18735.9) ops/second in (1.210733,16.172161) seconds
2026/05/26-11:25:35  ... thread 0: (20000,295000) ops and (16526.4,18242.3) ops/second in (1.210186,16.171194) seconds
2026/05/26-11:25:35  ... thread 3: (14000,294000) ops and (11366.9,18156.2) ops/second in (1.231649,16.192828) seconds
2026/05/26-11:25:35  ... thread 1: (14000,292000) ops and (11220.4,18034.7) ops/second in (1.247730,16.191037) seconds
2026/05/26-11:25:37  ... thread 2: (16000,319000) ops and (12701.6,18299.8) ops/second in (1.259686,17.431847) seconds
2026/05/26-11:25:37  ... thread 3: (14000,308000) ops and (11258.6,17664.3) ops/second in (1.243497,17.436325) seconds
2026/05/26-11:25:37  ... thread 0: (14000,309000) ops and (11067.8,17721.8) ops/second in (1.264931,17.436125) seconds
2026/05/26-11:25:37  ... thread 1: (18000,310000) ops and (14049.7,17742.5) ops/second in (1.281164,17.472201) seconds
2026/05/26-11:25:38  ... thread 2: (24000,343000) ops and (23497.6,18587.5) ops/second in (1.021381,18.453228) seconds
2026/05/26-11:25:38  ... thread 3: (18000,326000) ops and (17590.8,17660.2) ops/second in (1.023262,18.459587) seconds
2026/05/26-11:25:38  ... thread 0: (21000,330000) ops and (20498.8,17875.9) ops/second in (1.024448,18.460573) seconds
2026/05/26-11:25:38  ... thread 1: (20000,330000) ops and (19776.0,17853.7) ops/second in (1.011327,18.483528) seconds
2026/05/26-11:25:39  ... thread 1: (26000,356000) ops and (17714.6,17843.5) ops/second in (1.467713,19.951241) seconds
2026/05/26-11:25:39  ... thread 3: (28000,354000) ops and (18452.7,17720.4) ops/second in (1.517390,19.976977) seconds
2026/05/26-11:25:39  ... thread 0: (25000,355000) ops and (16522.5,17773.4) ops/second in (1.513089,19.973662) seconds
2026/05/26-11:25:39  ... thread 2: (25000,368000) ops and (16397.7,18420.4) ops/second in (1.524600,19.977828) seconds
2026/05/26-11:25:41  ... thread 0: (33000,388000) ops and (21094.4,18014.6) ops/second in (1.564398,21.538060) seconds
2026/05/26-11:25:41  ... thread 1: (30000,386000) ops and (18872.6,17919.4) ops/second in (1.589602,21.540843) seconds
2026/05/26-11:25:41  ... thread 2: (31000,399000) ops and (19713.3,18514.8) ops/second in (1.572542,21.550370) seconds
2026/05/26-11:25:41  ... thread 3: (31000,385000) ops and (19560.0,17855.6) ops/second in (1.584867,21.561844) seconds
2026/05/26-11:25:42  ... thread 1: (29000,415000) ops and (19022.0,17992.3) ops/second in (1.524548,23.065391) seconds
2026/05/26-11:25:42  ... thread 2: (35000,434000) ops and (22983.9,18809.7) ops/second in (1.522804,23.073174) seconds
2026/05/26-11:25:42  ... thread 0: (31000,419000) ops and (20219.7,18161.2) ops/second in (1.533156,23.071216) seconds
2026/05/26-11:25:42  ... thread 3: (28000,413000) ops and (18451.4,17894.8) ops/second in (1.517499,23.079343) seconds
2026/05/26-11:25:43  ... thread 3: (29000,442000) ops and (25730.1,18259.6) ops/second in (1.127083,24.206426) seconds
2026/05/26-11:25:43  ... thread 2: (35000,469000) ops and (30776.6,19371.8) ops/second in (1.137229,24.210403) seconds
2026/05/26-11:25:43  ... thread 0: (28000,447000) ops and (24625.3,18464.8) ops/second in (1.137044,24.208260) seconds
2026/05/26-11:25:43  ... thread 1: (33000,448000) ops and (28076.0,18481.3) ops/second in (1.175380,24.240771) seconds
2026/05/26-11:25:44  ... thread 2: (17000,486000) ops and (16032.5,19231.7) ops/second in (1.060343,25.270746) seconds
2026/05/26-11:25:44  ... thread 3: (14000,456000) ops and (13140.7,18043.8) ops/second in (1.065391,25.271817) seconds
2026/05/26-11:25:44  ... thread 1: (15000,463000) ops and (14542.8,18320.5) ops/second in (1.031435,25.272206) seconds
2026/05/26-11:25:44  ... thread 0: (16000,463000) ops and (14739.0,18304.9) ops/second in (1.085552,25.293812) seconds
2026/05/26-11:25:46  ... thread 3: (33000,489000) ops and (30065.4,18544.2) ops/second in (1.097607,26.369424) seconds
2026/05/26-11:25:46  ... thread 1: (30000,493000) ops and (27325.6,18695.4) ops/second in (1.097873,26.370079) seconds
2026/05/26-11:25:46  ... thread 0: (30000,493000) ops and (27701.6,18690.7) ops/second in (1.082968,26.376780) seconds
2026/05/26-11:25:46  ... thread 2: (31000,517000) ops and (27721.2,19591.5) ops/second in (1.118277,26.389023) seconds
2026/05/26-11:25:47  ... thread 0: (32000,525000) ops and (28474.9,19090.5) ops/second in (1.123796,27.500576) seconds
2026/05/26-11:25:47  ... thread 3: (29000,518000) ops and (25441.3,18830.0) ops/second in (1.139877,27.509301) seconds
2026/05/26-11:25:47  ... thread 2: (32000,549000) ops and (18562.6,19528.4) ops/second in (1.723893,28.112916) seconds
2026/05/26-11:25:48  ... thread 1: (32000,525000) ops and (15746.3,18484.4) ops/second in (2.032218,28.402297) seconds
2026/05/26-11:25:48  ... thread 0: (4000,529000) ops and (3254.6,18413.1) ops/second in (1.229018,28.729594) seconds
2026/05/26-11:25:48  ... thread 3: (2000,520000) ops and (1164.1,17791.6) ops/second in (1.718020,29.227321) seconds
2026/05/26-11:25:49  ... thread 2: (2000,551000) ops and (1649.4,18789.1) ops/second in (1.212572,29.325488) seconds
2026/05/26-11:25:49  ... thread 0: (2000,531000) ops and (1634.1,17727.5) ops/second in (1.223897,29.953491) seconds
2026/05/26-11:25:49  ... thread 1: (2000,527000) ops and (1092.1,17430.9) ops/second in (1.831335,30.233632) seconds
2026/05/26-11:25:50  ... thread 3: (4000,524000) ops and (3574.0,17267.2) ops/second in (1.119194,30.346515) seconds
2026/05/26-11:25:50  ... thread 2: (1000,552000) ops and (941.2,18165.1) ops/second in (1.062516,30.388004) seconds
2026/05/26-11:25:50  ... thread 1: (1000,528000) ops and (932.8,16865.9) ops/second in (1.072057,31.305689) seconds
2026/05/26-11:25:51  ... thread 2: (2000,554000) ops and (1703.4,17552.7) ops/second in (1.174148,31.562152) seconds
2026/05/26-11:25:51  ... thread 0: (1000,532000) ops and (595.8,16818.4) ops/second in (1.678533,31.632024) seconds
2026/05/26-11:25:51  ... thread 3: (4000,528000) ops and (2928.6,16649.7) ops/second in (1.365826,31.712341) seconds
2026/05/26-11:25:51  ... thread 1: (18000,546000) ops and (17996.8,16901.0) ops/second in (1.000177,32.305866) seconds
2026/05/26-11:25:52  ... thread 2: (26000,580000) ops and (23081.3,17743.2) ops/second in (1.126454,32.688606) seconds
2026/05/26-11:25:52  ... thread 0: (24000,556000) ops and (22550.1,17005.0) ops/second in (1.064295,32.696319) seconds
2026/05/26-11:25:52  ... thread 3: (24000,552000) ops and (23988.9,16874.1) ops/second in (1.000462,32.712803) seconds
2026/05/26-11:25:53  ... thread 1: (24000,570000) ops and (23564.2,17104.6) ops/second in (1.018493,33.324359) seconds
2026/05/26-11:25:53  ... thread 2: (32000,612000) ops and (31691.8,18161.1) ops/second in (1.009726,33.698332) seconds
2026/05/26-11:25:53  ... thread 3: (30000,582000) ops and (25122.2,17164.6) ops/second in (1.194163,33.906966) seconds
2026/05/26-11:25:53  ... thread 0: (29000,585000) ops and (23721.8,17247.1) ops/second in (1.222503,33.918822) seconds
2026/05/26-11:25:54  ... thread 2: (15000,627000) ops and (11898.4,17935.3) ops/second in (1.260673,34.959005) seconds
2026/05/26-11:25:54  ... thread 1: (32000,602000) ops and (19562.1,17219.6) ops/second in (1.635820,34.960179) seconds
2026/05/26-11:25:54  ... thread 3: (17000,599000) ops and (15940.4,17127.3) ops/second in (1.066473,34.973439) seconds
2026/05/26-11:25:54  ... thread 0: (15000,600000) ops and (14073.9,17150.4) ops/second in (1.065802,34.984624) seconds
2026/05/26-11:25:55  ... thread 1: (30000,632000) ops and (29572.0,17567.9) ops/second in (1.014474,35.974653) seconds
2026/05/26-11:25:55  ... thread 3: (31000,630000) ops and (30528.5,17505.4) ops/second in (1.015443,35.988882) seconds
2026/05/26-11:25:55  ... thread 2: (28000,655000) ops and (26964.2,18195.7) ops/second in (1.038413,35.997418) seconds
2026/05/26-11:25:55  ... thread 0: (30000,630000) ops and (29390.1,17497.4) ops/second in (1.020751,36.005375) seconds
2026/05/26-11:25:56  ... thread 2: (3000,658000) ops and (2325.6,17646.7) ops/second in (1.290015,37.287433) seconds
2026/05/26-11:25:57  ... thread 1: (5000,637000) ops and (3605.6,17049.7) ops/second in (1.386742,37.361395) seconds
2026/05/26-11:25:57  ... thread 3: (3000,633000) ops and (2157.0,16934.3) ops/second in (1.390838,37.379720) seconds
2026/05/26-11:25:57  ... thread 0: (2000,632000) ops and (1049.3,16670.5) ops/second in (1.905986,37.911361) seconds
2026/05/26-11:25:58  ... thread 2: (2000,660000) ops and (1554.9,17110.1) ops/second in (1.286264,38.573697) seconds
2026/05/26-11:25:58  ... thread 0: (2000,634000) ops and (1714.0,16223.9) ops/second in (1.166861,39.078222) seconds
2026/05/26-11:25:58  ... thread 1: (2000,639000) ops and (1134.3,16332.4) ops/second in (1.763238,39.124633) seconds
2026/05/26-11:25:58  ... thread 3: (3000,636000) ops and (1682.8,16240.1) ops/second in (1.782711,39.162431) seconds
2026/05/26-11:25:59  ... thread 0: (3000,637000) ops and (2904.4,15880.9) ops/second in (1.032918,40.111140) seconds
2026/05/26-11:25:59  ... thread 2: (3000,663000) ops and (1793.0,16473.3) ops/second in (1.673206,40.246903) seconds
2026/05/26-11:26:00  ... thread 3: (2000,638000) ops and (1673.6,15808.7) ops/second in (1.195034,40.357465) seconds
2026/05/26-11:26:00  ... thread 1: (1000,640000) ops and (544.6,15624.7) ops/second in (1.836048,40.960681) seconds
2026/05/26-11:26:00  ... thread 0: (1000,638000) ops and (986.7,15513.8) ops/second in (1.013435,41.124575) seconds
2026/05/26-11:26:01  ... thread 2: (4000,667000) ops and (2942.7,16031.3) ops/second in (1.359276,41.606179) seconds
2026/05/26-11:26:01  ... thread 3: (2000,640000) ops and (1493.5,15349.0) ops/second in (1.339178,41.696643) seconds
2026/05/26-11:26:01  ... thread 1: (2000,642000) ops and (1532.7,15189.7) ops/second in (1.304862,42.265543) seconds
2026/05/26-11:26:02  ... thread 2: (3000,670000) ops and (2095.1,15567.6) ops/second in (1.431938,43.038117) seconds
2026/05/26-11:26:02  ... thread 0: (2000,640000) ops and (969.7,14819.2) ops/second in (2.062522,43.187097) seconds
2026/05/26-11:26:03  ... thread 3: (2000,642000) ops and (1206.6,14808.2) ops/second in (1.657590,43.354233) seconds
2026/05/26-11:26:03  ... thread 1: (3000,645000) ops and (2593.5,14854.1) ops/second in (1.156721,43.422264) seconds
2026/05/26-11:26:03  ... thread 0: (1000,641000) ops and (927.9,14481.0) ops/second in (1.077726,44.264823) seconds
2026/05/26-11:26:04  ... thread 2: (2000,672000) ops and (1550.7,15159.8) ops/second in (1.289729,44.327846) seconds
2026/05/26-11:26:04  ... thread 1: (2000,647000) ops and (1999.5,14564.7) ops/second in (1.000243,44.422507) seconds
2026/05/26-11:26:04  ... thread 3: (2000,644000) ops and (1816.9,14486.6) ops/second in (1.100766,44.454999) seconds
2026/05/26-11:26:05  ... thread 3: (2000,646000) ops and (1711.3,14159.3) ops/second in (1.168718,45.623717) seconds
2026/05/26-11:26:05  ... thread 1: (2000,649000) ops and (1542.3,14195.3) ops/second in (1.296796,45.719303) seconds
2026/05/26-11:26:05  ... thread 0: (2000,643000) ops and (1203.3,14000.5) ops/second in (1.662141,45.926964) seconds
2026/05/26-11:26:05  ... thread 2: (3000,675000) ops and (1729.6,14654.1) ops/second in (1.734501,46.062347) seconds
2026/05/26-11:26:06  ... thread 1: (2000,651000) ops and (1398.0,13807.0) ops/second in (1.430588,47.149891) seconds
2026/05/26-11:26:07  ... thread 0: (1000,644000) ops and (697.8,13598.0) ops/second in (1.433114,47.360078) seconds
2026/05/26-11:26:07  ... thread 3: (2000,648000) ops and (1070.3,13644.3) ops/second in (1.868635,47.492352) seconds
2026/05/26-11:26:07  ... thread 2: (2000,677000) ops and (1149.7,14162.6) ops/second in (1.739566,47.801913) seconds
2026/05/26-11:26:08  ... thread 1: (1000,652000) ops and (785.0,13464.5) ops/second in (1.273891,48.423782) seconds
2026/05/26-11:26:08  ... thread 0: (2000,646000) ops and (1785.7,13325.1) ops/second in (1.120035,48.480113) seconds
2026/05/26-11:26:08  ... thread 3: (1000,649000) ops and (701.8,13267.3) ops/second in (1.424948,48.917300) seconds
2026/05/26-11:26:08  ... thread 2: (1000,678000) ops and (670.0,13754.1) ops/second in (1.492612,49.294525) seconds
2026/05/26-11:26:09  ... thread 1: (1000,653000) ops and (889.8,13179.2) ops/second in (1.123902,49.547684) seconds
2026/05/26-11:26:09  ... thread 0: (2000,648000) ops and (1703.2,13050.2) ops/second in (1.174265,49.654378) seconds
2026/05/26-11:26:10  ... thread 2: (2000,680000) ops and (1280.2,13370.9) ops/second in (1.562222,50.856747) seconds
2026/05/26-11:26:10  ... thread 1: (1000,654000) ops and (707.5,12833.3) ops/second in (1.413426,50.961110) seconds
2026/05/26-11:26:10  ... thread 0: (2000,650000) ops and (1311.3,12700.4) ops/second in (1.525198,51.179576) seconds
2026/05/26-11:26:11  ... thread 3: (2000,651000) ops and (673.1,12546.1) ops/second in (2.971467,51.888767) seconds
2026/05/26-11:26:12  ... thread 0: (1000,651000) ops and (825.3,12425.7) ops/second in (1.211725,52.391301) seconds
2026/05/26-11:26:12  ... thread 1: (2000,656000) ops and (1219.6,12471.2) ops/second in (1.639938,52.601048) seconds
2026/05/26-11:26:12  ... thread 3: (2000,653000) ops and (1423.4,12252.8) ops/second in (1.405110,53.293877) seconds
2026/05/26-11:26:13  ... thread 0: (1000,652000) ops and (844.3,12169.7) ops/second in (1.184445,53.575746) seconds
2026/05/26-11:26:13  ... thread 2: (3000,683000) ops and (1039.9,12709.0) ops/second in (2.884808,53.741555) seconds
2026/05/26-11:26:13  ... thread 1: (2000,658000) ops and (1286.3,12150.1) ops/second in (1.554863,54.155911) seconds
2026/05/26-11:26:14  ... thread 3: (1000,654000) ops and (738.0,11967.3) ops/second in (1.355045,54.648922) seconds
2026/05/26-11:26:14  ... thread 0: (1000,653000) ops and (850.2,11926.5) ops/second in (1.176177,54.751923) seconds
2026/05/26-11:26:15  ... thread 1: (2000,660000) ops and (1624.7,11916.2) ops/second in (1.230995,55.386906) seconds
2026/05/26-11:26:15  ... thread 3: (1000,655000) ops and (943.1,11757.5) ops/second in (1.060299,55.709221) seconds
2026/05/26-11:26:15  ... thread 2: (2000,685000) ops and (991.4,12285.0) ops/second in (2.017444,55.758999) seconds
2026/05/26-11:26:15  ... thread 0: (1000,654000) ops and (990.2,11728.5) ops/second in (1.009857,55.761780) seconds
2026/05/26-11:26:16  ... thread 1: (20000,680000) ops and (16891.4,12020.3) ops/second in (1.184031,56.570937) seconds
2026/05/26-11:26:16  ... thread 3: (25000,680000) ops and (24521.8,11986.9) ops/second in (1.019501,56.728722) seconds
2026/05/26-11:26:16  ... thread 2: (27000,712000) ops and (26958.9,12543.9) ops/second in (1.001526,56.760525) seconds
2026/05/26-11:26:16  ... thread 0: (32000,686000) ops and (31537.8,12082.5) ops/second in (1.014657,56.776437) seconds
2026/05/26-11:26:17  ... thread 1: (28000,708000) ops and (27752.6,12296.0) ops/second in (1.008914,57.579851) seconds
2026/05/26-11:26:17  ... thread 3: (25000,705000) ops and (23273.3,12196.6) ops/second in (1.074192,57.802914) seconds
2026/05/26-11:26:17  ... thread 2: (27000,739000) ops and (25526.1,12781.4) ops/second in (1.057741,57.818266) seconds
2026/05/26-11:26:17  ... thread 0: (23000,709000) ops and (22120.5,12263.0) ops/second in (1.039761,57.816198) seconds
2026/05/26-11:26:18  ... thread 1: (18000,726000) ops and (16803.7,12378.3) ops/second in (1.071194,58.651045) seconds
2026/05/26-11:26:18  ... thread 2: (20000,759000) ops and (19938.4,12903.5) ops/second in (1.003090,58.821356) seconds
2026/05/26-11:26:18  ... thread 0: (19000,728000) ops and (18971.1,12377.2) ops/second in (1.001521,58.817719) seconds
2026/05/26-11:26:18  ... thread 3: (23000,728000) ops and (21879.8,12369.6) ops/second in (1.051199,58.854113) seconds
2026/05/26-11:26:19  ... thread 1: (29000,755000) ops and (28946.9,12656.6) ops/second in (1.001835,59.652880) seconds
2026/05/26-11:26:19  ... thread 2: (28000,787000) ops and (27012.0,13147.8) ops/second in (1.036576,59.857932) seconds
2026/05/26-11:26:19  ... thread 3: (24000,752000) ops and (23497.0,12559.4) ops/second in (1.021408,59.875521) seconds
2026/05/26-11:26:19  ... thread 0: (26000,754000) ops and (24463.1,12591.7) ops/second in (1.062824,59.880543) seconds
2026/05/26-11:26:20  ... thread 1: (30000,785000) ops and (29526.2,12939.1) ops/second in (1.016048,60.668928) seconds
2026/05/26-11:26:20  ... thread 3: (32000,784000) ops and (23555.0,12803.3) ops/second in (1.358524,61.234045) seconds
2026/05/26-11:26:20  ... thread 2: (32000,819000) ops and (22895.3,13370.2) ops/second in (1.397666,61.255598) seconds
2026/05/26-11:26:20  ... thread 0: (29000,783000) ops and (21071.4,12782.3) ops/second in (1.376270,61.256813) seconds
2026/05/26-11:26:21  ... thread 1: (21000,806000) ops and (18453.8,13040.6) ops/second in (1.137975,61.806903) seconds
2026/05/26-11:26:22  ... thread 0: (29000,812000) ops and (26386.7,13022.0) ops/second in (1.099040,62.355853) seconds
2026/05/26-11:26:22  ... thread 3: (32000,816000) ops and (28255.4,13083.9) ops/second in (1.132526,62.366571) seconds
2026/05/26-11:26:22  ... thread 2: (31000,850000) ops and (27799.8,13628.2) ops/second in (1.115116,62.370714) seconds
2026/05/26-11:26:22  ... thread 1: (32000,838000) ops and (29556.1,13324.9) ops/second in (1.082688,62.889591) seconds
2026/05/26-11:26:23  ... thread 0: (33000,845000) ops and (24814.3,13268.3) ops/second in (1.329877,63.685730) seconds
2026/05/26-11:26:23  ... thread 2: (28000,878000) ops and (18531.3,13744.2) ops/second in (1.510955,63.881669) seconds
2026/05/26-11:26:24  ... thread 3: (32000,848000) ops and (14732.0,13139.4) ops/second in (2.172139,64.538710) seconds
2026/05/26-11:26:24  ... thread 0: (1000,846000) ops and (806.6,13030.3) ops/second in (1.239794,64.925524) seconds
2026/05/26-11:26:24  ... thread 1: (17000,855000) ops and (8127.8,13157.7) ops/second in (2.091589,64.981180) seconds
2026/05/26-11:26:25  ... thread 2: (3000,881000) ops and (1799.1,13440.3) ops/second in (1.667480,65.549149) seconds
2026/05/26-11:26:25  ... thread 3: (2000,850000) ops and (1186.0,12835.0) ops/second in (1.686312,66.225022) seconds
2026/05/26-11:26:26  ... thread 1: (3000,858000) ops and (1799.6,12873.6) ops/second in (1.667064,66.648244) seconds
2026/05/26-11:26:26  ... thread 0: (1000,847000) ops and (509.6,12663.0) ops/second in (1.962382,66.887906) seconds
2026/05/26-11:26:26  ... thread 2: (2000,883000) ops and (1413.1,13186.1) ops/second in (1.415314,66.964463) seconds
2026/05/26-11:26:27  ... thread 3: (1000,851000) ops and (735.4,12591.6) ops/second in (1.359849,67.584871) seconds
2026/05/26-11:26:27  ... thread 1: (2000,860000) ops and (1382.8,12629.5) ops/second in (1.446316,68.094560) seconds
2026/05/26-11:26:27  ... thread 2: (1000,884000) ops and (843.9,12971.5) ops/second in (1.184964,68.149427) seconds
2026/05/26-11:26:28  ... thread 0: (2000,849000) ops and (1068.7,12347.4) ops/second in (1.871506,68.759412) seconds
2026/05/26-11:26:28  ... thread 3: (1000,852000) ops and (746.6,12361.4) ops/second in (1.339370,68.924241) seconds
2026/05/26-11:26:29  ... thread 2: (2000,886000) ops and (1252.2,12703.1) ops/second in (1.597234,69.746661) seconds
2026/05/26-11:26:29  ... thread 0: (2000,851000) ops and (1795.5,12179.2) ops/second in (1.113899,69.873311) seconds
2026/05/26-11:26:30  ... thread 1: (2000,862000) ops and (877.6,12248.9) ops/second in (2.278971,70.373531) seconds
2026/05/26-11:26:30  ... thread 3: (2000,854000) ops and (1124.6,12078.8) ops/second in (1.778386,70.702627) seconds
2026/05/26-11:26:30  ... thread 2: (1000,887000) ops and (695.6,12460.6) ops/second in (1.437683,71.184344) seconds
2026/05/26-11:26:31  ... thread 0: (3000,854000) ops and (1873.0,11948.2) ops/second in (1.601746,71.475057) seconds
2026/05/26-11:26:31  ... thread 3: (2000,856000) ops and (1552.6,11890.4) ops/second in (1.288196,71.990823) seconds
2026/05/26-11:26:31  ... thread 2: (1000,888000) ops and (956.8,12294.2) ops/second in (1.045111,72.229455) seconds
2026/05/26-11:26:32  ... thread 1: (2000,864000) ops and (1002.0,11938.7) ops/second in (1.995961,72.369492) seconds
2026/05/26-11:26:32  ... thread 0: (2000,856000) ops and (1139.1,11689.1) ops/second in (1.755699,73.230756) seconds
2026/05/26-11:26:33  ... thread 1: (2000,866000) ops and (1502.8,11750.3) ops/second in (1.330871,73.700363) seconds
2026/05/26-11:26:33  ... thread 3: (2000,858000) ops and (1103.8,11625.6) ops/second in (1.811862,73.802685) seconds
2026/05/26-11:26:34  ... thread 2: (2000,890000) ops and (934.4,11967.2) ops/second in (2.140418,74.369873) seconds
2026/05/26-11:26:35  ... thread 1: (2000,868000) ops and (1127.8,11500.7) ops/second in (1.773328,75.473691) seconds
2026/05/26-11:26:35  ... thread 3: (2000,860000) ops and (1071.0,11365.1) ops/second in (1.867353,75.670038) seconds
2026/05/26-11:26:35  ... thread 0: (2000,858000) ops and (798.4,11328.8) ops/second in (2.505118,75.735874) seconds
2026/05/26-11:26:35  ... thread 2: (3000,893000) ops and (1932.8,11762.1) ops/second in (1.552134,75.922007) seconds
2026/05/26-11:26:36  ... thread 1: (2000,870000) ops and (1843.6,11363.9) ops/second in (1.084827,76.558518) seconds
2026/05/26-11:26:36  ... thread 3: (7000,867000) ops and (6896.5,11306.0) ops/second in (1.015006,76.685044) seconds
2026/05/26-11:26:36  ... thread 0: (9000,867000) ops and (8706.5,11293.5) ops/second in (1.033712,76.769586) seconds
2026/05/26-11:26:36  ... thread 2: (16000,909000) ops and (15775.3,11815.0) ops/second in (1.014243,76.936250) seconds
2026/05/26-11:26:37  ... thread 1: (30000,900000) ops and (25373.6,11576.9) ops/second in (1.182331,77.740849) seconds
2026/05/26-11:26:37  ... thread 3: (25000,892000) ops and (23550.3,11473.2) ops/second in (1.061557,77.746601) seconds
2026/05/26-11:26:37  ... thread 0: (27000,894000) ops and (25965.8,11489.6) ops/second in (1.039831,77.809417) seconds
2026/05/26-11:26:37  ... thread 2: (23000,932000) ops and (22500.5,11955.1) ops/second in (1.022200,77.958450) seconds
2026/05/26-11:26:38  ... thread 3: (30000,922000) ops and (29608.1,11706.5) ops/second in (1.013236,78.759837) seconds
2026/05/26-11:26:38  ... thread 1: (31000,931000) ops and (30402.2,11820.6) ops/second in (1.019663,78.760512) seconds
2026/05/26-11:26:38  ... thread 0: (30000,924000) ops and (26323.3,11703.7) ops/second in (1.139675,78.949092) seconds
2026/05/26-11:26:38  ... thread 2: (22000,954000) ops and (21665.4,12079.9) ops/second in (1.015444,78.973894) seconds
2026/05/26-11:26:39  ... thread 1: (18000,949000) ops and (15239.9,11871.2) ops/second in (1.181110,79.941622) seconds
2026/05/26-11:26:39  ... thread 3: (19000,941000) ops and (15847.4,11768.6) ops/second in (1.198938,79.958775) seconds
2026/05/26-11:26:39  ... thread 2: (15000,969000) ops and (14757.8,12114.0) ops/second in (1.016411,79.990305) seconds
2026/05/26-11:26:39  ... thread 0: (17000,941000) ops and (16379.3,11764.4) ops/second in (1.037895,79.986987) seconds
2026/05/26-11:26:40  ... thread 1: (25000,974000) ops and (24964.5,12033.2) ops/second in (1.001423,80.943045) seconds
2026/05/26-11:26:40  ... thread 3: (35000,976000) ops and (34954.6,12055.3) ops/second in (1.001298,80.960073) seconds
2026/05/26-11:26:40  ... thread 0: (27000,968000) ops and (26955.5,11952.3) ops/second in (1.001651,80.988638) seconds
2026/05/26-11:26:40  ... thread 2: (29000,998000) ops and (28896.8,12321.9) ops/second in (1.003573,80.993878) seconds
2026/05/26-11:26:41  ... thread 1: (2000,976000) ops and (1945.0,11906.6) ops/second in (1.028256,81.971301) seconds
2026/05/26-11:26:41  ... thread 0: (3000,971000) ops and (2336.9,11802.3) ops/second in (1.283733,82.272371) seconds
2026/05/26-11:26:42  ... thread 2: (3000,1001000) ops and (1494.6,12060.1) ops/second in (2.007288,83.001166) seconds
2026/05/26-11:26:43  ... thread 3: (3000,979000) ops and (1100.8,11698.6) ops/second in (2.725338,83.685411) seconds
2026/05/26-11:26:43  ... thread 0: (2000,973000) ops and (1297.6,11609.1) ops/second in (1.541291,83.813662) seconds
2026/05/26-11:26:43  ... thread 1: (3000,979000) ops and (1468.0,11652.7) ops/second in (2.043581,84.014882) seconds
2026/05/26-11:26:44  ... thread 2: (3000,1004000) ops and (1591.5,11827.6) ops/second in (1.885069,84.886235) seconds
2026/05/26-11:26:44  ... thread 3: (2000,981000) ops and (1509.2,11539.7) ops/second in (1.325177,85.010588) seconds
2026/05/26-11:26:44  ... thread 1: (3000,982000) ops and (2317.3,11511.0) ops/second in (1.294607,85.309489) seconds
2026/05/26-11:26:45  ... thread 0: (2000,975000) ops and (1075.7,11380.5) ops/second in (1.859242,85.672904) seconds
2026/05/26-11:26:46  ... thread 1: (1000,983000) ops and (905.4,11375.5) ops/second in (1.104538,86.414027) seconds
2026/05/26-11:26:46  ... thread 2: (2000,1006000) ops and (1136.8,11610.5) ops/second in (1.759326,86.645561) seconds
2026/05/26-11:26:46  ... thread 0: (2000,977000) ops and (1708.2,11250.1) ops/second in (1.170825,86.843729) seconds
2026/05/26-11:26:46  ... thread 3: (2000,983000) ops and (1078.2,11316.3) ops/second in (1.854929,86.865517) seconds
2026/05/26-11:26:47  ... thread 2: (2000,1008000) ops and (1738.3,11481.1) ops/second in (1.150536,87.796097) seconds
2026/05/26-11:26:47  ... thread 0: (2000,979000) ops and (1436.5,11095.2) ops/second in (1.392233,88.235962) seconds
2026/05/26-11:26:48  ... thread 1: (2000,985000) ops and (1050.6,11152.9) ops/second in (1.903718,88.317745) seconds
2026/05/26-11:26:48  ... thread 3: (2000,985000) ops and (1158.6,11118.4) ops/second in (1.726149,88.591666) seconds
2026/05/26-11:26:48  ... thread 2: (2000,1010000) ops and (1431.9,11323.8) ops/second in (1.396763,89.192860) seconds
2026/05/26-11:26:49  ... thread 0: (2000,981000) ops and (1381.5,10938.4) ops/second in (1.447742,89.683704) seconds
2026/05/26-11:26:49  ... thread 1: (1000,986000) ops and (629.9,10967.1) ops/second in (1.587480,89.905225) seconds
2026/05/26-11:26:49  ... thread 3: (2000,987000) ops and (1398.0,10964.0) ops/second in (1.430594,90.022260) seconds
2026/05/26-11:26:49  ... thread 2: (2000,1012000) ops and (1894.1,11213.4) ops/second in (1.055931,90.248791) seconds
2026/05/26-11:26:51  ... thread 1: (2000,988000) ops and (1314.0,10806.4) ops/second in (1.522037,91.427262) seconds
2026/05/26-11:26:51  ... thread 2: (2000,1014000) ops and (1692.2,11090.4) ops/second in (1.181878,91.430669) seconds
2026/05/26-11:26:51  ... thread 0: (2000,983000) ops and (1013.2,10724.7) ops/second in (1.973961,91.657665) seconds
2026/05/26-11:26:51  ... thread 3: (2000,989000) ops and (1108.8,10770.4) ops/second in (1.803756,91.826016) seconds
2026/05/26-11:26:52  ... thread 2: (3000,1017000) ops and (1734.3,10916.6) ops/second in (1.729849,93.160518) seconds
2026/05/26-11:26:52  ... thread 0: (2000,985000) ops and (1230.3,10559.2) ops/second in (1.625681,93.283346) seconds
2026/05/26-11:26:52  ... thread 1: (2000,990000) ops and (1076.2,10612.6) ops/second in (1.858350,93.285612) seconds
2026/05/26-11:26:53  ... thread 3: (2000,991000) ops and (1313.7,10616.1) ops/second in (1.522378,93.348394) seconds
2026/05/26-11:26:54  ... thread 3: (1000,992000) ops and (751.1,10477.4) ops/second in (1.331403,94.679797) seconds
2026/05/26-11:26:54  ... thread 0: (2000,987000) ops and (1338.0,10413.8) ops/second in (1.494791,94.778137) seconds
2026/05/26-11:26:55  ... thread 1: (2000,992000) ops and (958.7,10401.4) ops/second in (2.086204,95.371816) seconds
2026/05/26-11:26:55  ... thread 2: (1000,1018000) ops and (439.5,10666.9) ops/second in (2.275087,95.435605) seconds
2026/05/26-11:26:55  ... thread 0: (1000,988000) ops and (897.2,10303.2) ops/second in (1.114520,95.892657) seconds
2026/05/26-11:26:55  ... thread 3: (1000,993000) ops and (706.6,10333.5) ops/second in (1.415258,96.095055) seconds
2026/05/26-11:26:56  ... thread 2: (1000,1019000) ops and (910.8,10555.9) ops/second in (1.097954,96.533559) seconds
2026/05/26-11:26:56  ... thread 1: (1000,993000) ops and (560.7,10220.7) ops/second in (1.783485,97.155301) seconds
2026/05/26-11:26:56  ... thread 3: (1000,994000) ops and (929.4,10229.4) ops/second in (1.075906,97.170961) seconds
2026/05/26-11:26:57  ... thread 2: (1000,1020000) ops and (901.0,10446.2) ops/second in (1.109863,97.643422) seconds
2026/05/26-11:26:57  ... thread 3: (1000,995000) ops and (896.9,10123.5) ops/second in (1.114965,98.285926) seconds
2026/05/26-11:26:58  ... thread 0: (2000,990000) ops and (797.8,10061.0) ops/second in (2.507000,98.399657) seconds
2026/05/26-11:26:58  ... thread 2: (1000,1021000) ops and (606.9,10282.9) ops/second in (1.647681,99.291103) seconds
2026/05/26-11:26:59  ... thread 0: (1000,991000) ops and (878.3,9956.0) ops/second in (1.138524,99.538181) seconds
2026/05/26-11:26:59  ... thread 3: (2000,997000) ops and (1384.5,9996.9) ops/second in (1.444531,99.730457) seconds
2026/05/26-11:26:59  ... thread 1: (2000,995000) ops and (716.8,9955.4) ops/second in (2.790195,99.945496) seconds
2026/05/26-11:26:59  ... thread 2: (9000,1030000) ops and (8973.0,10269.8) ops/second in (1.003004,100.294107) seconds
2026/05/26-11:27:00  ... thread 0: (21000,1012000) ops and (20499.6,10063.4) ops/second in (1.024409,100.562590) seconds
2026/05/26-11:27:00  ... thread 3: (27000,1024000) ops and (25982.2,10161.8) ops/second in (1.039174,100.769631) seconds
2026/05/26-11:27:00  ... thread 1: (20000,1015000) ops and (18470.4,10046.7) ops/second in (1.082814,101.028310) seconds
2026/05/26-11:27:01  ... thread 2: (25000,1055000) ops and (24512.5,10413.2) ops/second in (1.019887,101.313994) seconds
2026/05/26-11:27:01  ... thread 0: (21000,1033000) ops and (19634.5,10164.1) ops/second in (1.069545,101.632135) seconds
2026/05/26-11:27:01  ... thread 3: (25000,1049000) ops and (24396.0,10305.1) ops/second in (1.024757,101.794388) seconds
2026/05/26-11:27:01  ... thread 1: (29000,1044000) ops and (27768.2,10228.0) ops/second in (1.044360,102.072670) seconds
2026/05/26-11:27:02  ... thread 2: (23000,1078000) ops and (17507.6,10504.0) ops/second in (1.313713,102.627707) seconds
2026/05/26-11:27:02  ... thread 0: (16000,1049000) ops and (15800.3,10219.7) ops/second in (1.012641,102.644776) seconds
2026/05/26-11:27:02  ... thread 3: (15000,1064000) ops and (14949.6,10350.4) ops/second in (1.003368,102.797756) seconds
2026/05/26-11:27:02  ... thread 1: (16000,1060000) ops and (15871.9,10283.2) ops/second in (1.008073,103.080743) seconds
2026/05/26-11:27:03  ... thread 2: (27000,1105000) ops and (26941.9,10662.9) ops/second in (1.002156,103.629863) seconds
2026/05/26-11:27:03  ... thread 0: (30000,1079000) ops and (25975.7,10395.0) ops/second in (1.154927,103.799703) seconds
2026/05/26-11:27:03  ... thread 3: (29000,1093000) ops and (27914.5,10526.1) ops/second in (1.038886,103.836642) seconds
2026/05/26-11:27:03  ... thread 1: (28000,1088000) ops and (27457.8,10451.4) ops/second in (1.019748,104.100491) seconds
2026/05/26-11:27:04  ... thread 2: (28000,1133000) ops and (27075.6,10825.1) ops/second in (1.034141,104.664004) seconds
2026/05/26-11:27:04  ... thread 3: (30000,1123000) ops and (24120.1,10687.1) ops/second in (1.243774,105.080416) seconds
2026/05/26-11:27:04  ... thread 0: (32000,1111000) ops and (25011.8,10573.0) ops/second in (1.279398,105.079101) seconds
2026/05/26-11:27:04  ... thread 1: (21000,1109000) ops and (20865.6,10551.2) ops/second in (1.006442,105.106933) seconds
2026/05/26-11:27:05  ... thread 2: (22000,1155000) ops and (18881.2,10913.8) ops/second in (1.165179,105.829183) seconds
2026/05/26-11:27:05  ... thread 3: (27000,1150000) ops and (26449.7,10838.7) ops/second in (1.020807,106.101223) seconds
2026/05/26-11:27:05  ... thread 0: (27000,1138000) ops and (26439.9,10725.7) ops/second in (1.021182,106.100283) seconds
2026/05/26-11:27:05  ... thread 1: (27000,1136000) ops and (26817.1,10705.5) ops/second in (1.006820,106.113753) seconds
2026/05/26-11:27:06  ... thread 2: (16000,1171000) ops and (15824.8,10960.3) ops/second in (1.011071,106.840254) seconds
2026/05/26-11:27:06  ... thread 0: (16000,1154000) ops and (15927.3,10774.5) ops/second in (1.004565,107.104848) seconds
2026/05/26-11:27:06  ... thread 3: (18000,1168000) ops and (17742.1,10904.1) ops/second in (1.014538,107.115761) seconds
2026/05/26-11:27:06  ... thread 1: (16000,1152000) ops and (15757.3,10753.4) ops/second in (1.015400,107.129153) seconds
2026/05/26-11:27:08  ... thread 2: (30000,1201000) ops and (19241.3,11079.4) ops/second in (1.559146,108.399400) seconds
2026/05/26-11:27:08  ... thread 3: (20000,1188000) ops and (15217.0,10956.4) ops/second in (1.314318,108.430079) seconds
2026/05/26-11:27:08  ... thread 0: (20000,1174000) ops and (10645.3,10772.3) ops/second in (1.878771,108.983619) seconds
2026/05/26-11:27:08  ... thread 1: (17000,1169000) ops and (8863.5,10720.1) ops/second in (1.917982,109.047135) seconds
2026/05/26-11:27:09  ... thread 0: (2000,1176000) ops and (1650.4,10671.9) ops/second in (1.211852,110.195471) seconds
2026/05/26-11:27:10  ... thread 2: (1000,1202000) ops and (501.6,10888.4) ops/second in (1.993777,110.393177) seconds
2026/05/26-11:27:10  ... thread 3: (2000,1190000) ops and (1000.9,10776.2) ops/second in (1.998252,110.428331) seconds
2026/05/26-11:27:10  ... thread 1: (2000,1171000) ops and (955.6,10536.3) ops/second in (2.092890,111.140025) seconds
2026/05/26-11:27:11  ... thread 3: (2000,1192000) ops and (1649.0,10677.1) ops/second in (1.212832,111.641163) seconds
2026/05/26-11:27:11  ... thread 2: (1000,1203000) ops and (755.6,10768.3) ops/second in (1.323535,111.716712) seconds
2026/05/26-11:27:11  ... thread 0: (1000,1177000) ops and (619.9,10526.9) ops/second in (1.613147,111.808618) seconds
2026/05/26-11:27:11  ... thread 1: (1000,1172000) ops and (875.4,10438.0) ops/second in (1.142397,112.282422) seconds
2026/05/26-11:27:12  ... thread 2: (1000,1204000) ops and (936.2,10675.2) ops/second in (1.068138,112.784850) seconds
2026/05/26-11:27:12  ... thread 3: (1000,1193000) ops and (772.8,10563.6) ops/second in (1.293965,112.935128) seconds
2026/05/26-11:27:13  ... thread 1: (1000,1173000) ops and (859.6,10339.7) ops/second in (1.163271,113.445693) seconds
2026/05/26-11:27:13  ... thread 0: (2000,1179000) ops and (935.0,10346.9) ops/second in (2.139056,113.947674) seconds
2026/05/26-11:27:13  ... thread 3: (1000,1194000) ops and (919.4,10471.6) ops/second in (1.087724,114.022852) seconds
2026/05/26-11:27:14  ... thread 2: (2000,1206000) ops and (1022.5,10510.6) ops/second in (1.955984,114.740834) seconds
2026/05/26-11:27:14  ... thread 1: (2000,1175000) ops and (1087.8,10192.2) ops/second in (1.838592,115.284285) seconds
2026/05/26-11:27:15  ... thread 3: (1000,1195000) ops and (762.4,10361.2) ops/second in (1.311576,115.334428) seconds
2026/05/26-11:27:15  ... thread 0: (1000,1180000) ops and (653.8,10218.5) ops/second in (1.529494,115.477168) seconds
2026/05/26-11:27:15  ... thread 2: (1000,1207000) ops and (874.5,10415.6) ops/second in (1.143543,115.884377) seconds
2026/05/26-11:27:15  ... thread 1: (1000,1176000) ops and (986.4,10111.9) ops/second in (1.013832,116.298117) seconds
2026/05/26-11:27:16  ... thread 3: (2000,1197000) ops and (1128.3,10221.4) ops/second in (1.772596,117.107024) seconds
2026/05/26-11:27:17  ... thread 1: (1000,1177000) ops and (908.4,10025.6) ops/second in (1.100897,117.399014) seconds
2026/05/26-11:27:17  ... thread 0: (2000,1182000) ops and (860.9,10033.9) ops/second in (2.323221,117.800389) seconds
2026/05/26-11:27:18  ... thread 2: (2000,1209000) ops and (811.9,10215.6) ops/second in (2.463468,118.347845) seconds
2026/05/26-11:27:18  ... thread 1: (1000,1178000) ops and (676.8,9909.4) ops/second in (1.477466,118.876480) seconds
2026/05/26-11:27:18  ... thread 3: (2000,1199000) ops and (1118.9,10084.6) ops/second in (1.787486,118.894510) seconds
2026/05/26-11:27:19  ... thread 0: (1000,1183000) ops and (658.4,9914.6) ops/second in (1.518890,119.319279) seconds
2026/05/26-11:27:19  ... thread 2: (3000,1212000) ops and (1571.7,10078.5) ops/second in (1.908709,120.256554) seconds
2026/05/26-11:27:20  ... thread 2: (2000,1214000) ops and (1940.3,10009.3) ops/second in (1.030793,121.287347) seconds
2026/05/26-11:27:21  ... thread 3: (1000,1200000) ops and (403.6,9886.9) ops/second in (2.477631,121.372141) seconds
2026/05/26-11:27:21  ... thread 1: (1000,1179000) ops and (377.9,9701.9) ops/second in (2.646264,121.522744) seconds
2026/05/26-11:27:21  ... thread 0: (3000,1186000) ops and (1341.7,9756.9) ops/second in (2.235995,121.555274) seconds
2026/05/26-11:27:21  ... thread 2: (5000,1219000) ops and (4886.6,9966.4) ops/second in (1.023216,122.310563) seconds
2026/05/26-11:27:22  ... thread 3: (9000,1209000) ops and (8907.8,9878.9) ops/second in (1.010353,122.382494) seconds
2026/05/26-11:27:22  ... thread 1: (12000,1191000) ops and (11596.7,9717.9) ops/second in (1.034778,122.557522) seconds
2026/05/26-11:27:22  ... thread 0: (17000,1203000) ops and (16598.3,9814.0) ops/second in (1.024201,122.579475) seconds
2026/05/26-11:27:23  ... thread 2: (26000,1245000) ops and (25018.7,10093.2) ops/second in (1.039224,123.349787) seconds
2026/05/26-11:27:23  ... thread 3: (25000,1234000) ops and (23121.6,9994.8) ops/second in (1.081238,123.463732) seconds
2026/05/26-11:27:23  ... thread 1: (27000,1218000) ops and (26316.2,9855.7) ops/second in (1.025983,123.583505) seconds
2026/05/26-11:27:23  ... thread 0: (25000,1228000) ops and (24596.0,9935.6) ops/second in (1.016427,123.595902) seconds
Initializing RocksDB Options from the specified file
Initializing RocksDB Options from command-line flags
Integrated BlobDB: blob cache disabled
Keys:       16 bytes each (+ 0 bytes user-defined timestamp)
Values:     1024 bytes each (512 bytes after compression)
Entries:    1250000
Prefix:    0 bytes
Keys per prefix:    0
RawSize:    1239.8 MB (estimated)
FileSize:   629.4 MB (estimated)
Write rate: 0 bytes/second
Read rate: 0 ops/second
Compression: Snappy
Compression sampling rate: 0
Memtablerep: SkipListFactory
Perf Level: 1
WARNING: Assertions are enabled; benchmarks unnecessarily slow
------------------------------------------------
Initializing RocksDB Options from the specified file
Initializing RocksDB Options from command-line flags
Integrated BlobDB: blob cache disabled
DB path: [/tmp/rocksdb_comp_exp_db]
fillrandom   :      99.145 micros/op 40261 ops/sec 124.190 seconds 5000000 operations;   39.9 MB/s
2026/05/26-11:27:28  ... thread 0: (1000,1000) ops and (236.7,236.7) ops/second in (4.225142,4.225142) seconds
2026/05/26-11:27:28  ... thread 2: (1000,1000) ops and (233.0,233.0) ops/second in (4.291449,4.291449) seconds
2026/05/26-11:27:28  ... thread 1: (1000,1000) ops and (233.0,233.0) ops/second in (4.292581,4.292581) seconds
2026/05/26-11:27:28  ... thread 3: (1000,1000) ops and (230.1,230.1) ops/second in (4.346762,4.346762) seconds
2026/05/26-11:27:31  ... thread 1: (1000,2000) ops and (262.5,246.8) ops/second in (3.810093,8.102674) seconds
2026/05/26-11:27:31  ... thread 0: (1000,2000) ops and (257.3,246.6) ops/second in (3.885762,8.110904) seconds
2026/05/26-11:27:31  ... thread 2: (1000,2000) ops and (261.2,246.3) ops/second in (3.828145,8.119594) seconds
2026/05/26-11:27:32  ... thread 3: (1000,2000) ops and (261.4,244.7) ops/second in (3.826026,8.172788) seconds
2026/05/26-11:27:34  ... thread 1: (1000,3000) ops and (343.4,272.4) ops/second in (2.911915,11.014589) seconds
2026/05/26-11:27:34  ... thread 2: (1000,3000) ops and (340.6,271.4) ops/second in (2.936045,11.055639) seconds
2026/05/26-11:27:35  ... thread 3: (1000,3000) ops and (336.9,269.3) ops/second in (2.968118,11.140906) seconds
2026/05/26-11:27:35  ... thread 0: (1000,3000) ops and (328.5,268.9) ops/second in (3.044592,11.155496) seconds
2026/05/26-11:27:37  ... thread 1: (1000,4000) ops and (358.5,289.8) ops/second in (2.789191,13.803780) seconds
2026/05/26-11:27:37  ... thread 3: (1000,4000) ops and (358.6,287.2) ops/second in (2.788841,13.929747) seconds
2026/05/26-11:27:37  ... thread 2: (1000,4000) ops and (344.1,286.5) ops/second in (2.905715,13.961354) seconds
2026/05/26-11:27:37  ... thread 0: (1000,4000) ops and (344.8,284.6) ops/second in (2.900008,14.055504) seconds
2026/05/26-11:27:40  ... thread 1: (1000,5000) ops and (413.7,308.2) ops/second in (2.417206,16.220986) seconds
2026/05/26-11:27:40  ... thread 3: (1000,5000) ops and (332.8,295.3) ops/second in (3.004746,16.934493) seconds
2026/05/26-11:27:40  ... thread 2: (1000,5000) ops and (330.9,294.4) ops/second in (3.021821,16.983175) seconds
2026/05/26-11:27:40  ... thread 0: (1000,5000) ops and (335.1,293.4) ops/second in (2.984185,17.039689) seconds
2026/05/26-11:27:42  ... thread 1: (1000,6000) ops and (455.7,325.8) ops/second in (2.194540,18.415526) seconds
2026/05/26-11:27:42  ... thread 3: (1000,6000) ops and (609.1,323.0) ops/second in (1.641840,18.576333) seconds
2026/05/26-11:27:42  ... thread 2: (1000,6000) ops and (611.6,322.3) ops/second in (1.635116,18.618291) seconds
2026/05/26-11:27:42  ... thread 0: (1000,6000) ops and (605.9,321.0) ops/second in (1.650497,18.690186) seconds
2026/05/26-11:27:44  ... thread 1: (1000,7000) ops and (510.8,343.6) ops/second in (1.957713,20.373239) seconds
2026/05/26-11:27:44  ... thread 3: (1000,7000) ops and (523.5,341.7) ops/second in (1.910157,20.486490) seconds
2026/05/26-11:27:44  ... thread 2: (1000,7000) ops and (529.3,341.3) ops/second in (1.889231,20.507522) seconds
2026/05/26-11:27:44  ... thread 0: (1000,7000) ops and (534.2,340.4) ops/second in (1.871914,20.562100) seconds
2026/05/26-11:27:45  ... thread 1: (1000,8000) ops and (586.5,362.3) ops/second in (1.705158,22.078397) seconds
2026/05/26-11:27:46  ... thread 3: (1000,8000) ops and (588.4,360.6) ops/second in (1.699505,22.185995) seconds
2026/05/26-11:27:46  ... thread 2: (1000,8000) ops and (582.1,359.9) ops/second in (1.718010,22.225532) seconds
2026/05/26-11:27:46  ... thread 0: (1000,8000) ops and (568.0,358.4) ops/second in (1.760533,22.322633) seconds
2026/05/26-11:27:47  ... thread 1: (1000,9000) ops and (618.2,379.8) ops/second in (1.617671,23.696068) seconds
2026/05/26-11:27:47  ... thread 2: (1000,9000) ops and (580.3,375.8) ops/second in (1.723131,23.948663) seconds
2026/05/26-11:27:47  ... thread 3: (1000,9000) ops and (566.5,375.8) ops/second in (1.765376,23.951371) seconds
2026/05/26-11:27:47  ... thread 0: (1000,9000) ops and (597.2,375.0) ops/second in (1.674620,23.997253) seconds
2026/05/26-11:27:49  ... thread 1: (2000,11000) ops and (832.3,421.5) ops/second in (2.403059,26.099127) seconds
2026/05/26-11:27:50  ... thread 2: (2000,11000) ops and (889.9,419.9) ops/second in (2.247484,26.196147) seconds
2026/05/26-11:27:50  ... thread 0: (2000,11000) ops and (887.2,419.0) ops/second in (2.254248,26.251501) seconds
2026/05/26-11:27:50  ... thread 3: (2000,11000) ops and (849.6,418.2) ops/second in (2.354047,26.305418) seconds
2026/05/26-11:27:51  ... thread 1: (1000,12000) ops and (867.3,440.3) ops/second in (1.152991,27.252118) seconds
2026/05/26-11:27:51  ... thread 2: (1000,12000) ops and (909.7,439.6) ops/second in (1.099312,27.295459) seconds
2026/05/26-11:27:51  ... thread 3: (1000,12000) ops and (949.5,438.6) ops/second in (1.053241,27.358659) seconds
2026/05/26-11:27:51  ... thread 0: (1000,12000) ops and (892.9,438.4) ops/second in (1.119996,27.371497) seconds
2026/05/26-11:27:53  ... thread 3: (3000,15000) ops and (1429.3,509.2) ops/second in (2.098870,29.457529) seconds
2026/05/26-11:27:53  ... thread 0: (3000,15000) ops and (1420.3,508.8) ops/second in (2.112218,29.483715) seconds
2026/05/26-11:27:53  ... thread 1: (4000,16000) ops and (1686.8,540.1) ops/second in (2.371382,29.623500) seconds
2026/05/26-11:27:53  ... thread 2: (4000,16000) ops and (1685.8,539.3) ops/second in (2.372762,29.668221) seconds
2026/05/26-11:27:55  ... thread 1: (3000,19000) ops and (1235.3,592.8) ops/second in (2.428520,32.052020) seconds
2026/05/26-11:27:55  ... thread 3: (4000,19000) ops and (1515.7,592.0) ops/second in (2.639127,32.096656) seconds
2026/05/26-11:27:56  ... thread 2: (3000,19000) ops and (1220.6,591.4) ops/second in (2.457821,32.126042) seconds
2026/05/26-11:27:56  ... thread 0: (4000,19000) ops and (1436.6,588.8) ops/second in (2.784376,32.268091) seconds
2026/05/26-11:27:57  ... thread 3: (1000,20000) ops and (749.5,598.2) ops/second in (1.334223,33.430879) seconds
2026/05/26-11:27:57  ... thread 0: (1000,20000) ops and (804.6,596.8) ops/second in (1.242848,33.510939) seconds
2026/05/26-11:27:57  ... thread 2: (2000,21000) ops and (1007.2,615.6) ops/second in (1.985714,34.111756) seconds
2026/05/26-11:27:58  ... thread 1: (2000,21000) ops and (964.8,615.4) ops/second in (2.072977,34.124997) seconds
2026/05/26-11:27:59  ... thread 0: (1000,21000) ops and (575.4,595.8) ops/second in (1.737862,35.248801) seconds
2026/05/26-11:27:59  ... thread 2: (1000,22000) ops and (600.4,614.9) ops/second in (1.665471,35.777227) seconds
2026/05/26-11:27:59  ... thread 1: (1000,22000) ops and (559.4,612.6) ops/second in (1.787750,35.912747) seconds
2026/05/26-11:27:59  ... thread 3: (2000,22000) ops and (802.1,612.4) ops/second in (2.493532,35.924411) seconds
2026/05/26-11:28:00  ... thread 0: (1000,22000) ops and (673.2,598.9) ops/second in (1.485479,36.734280) seconds
2026/05/26-11:28:01  ... thread 2: (1000,23000) ops and (632.0,615.6) ops/second in (1.582171,37.359398) seconds
2026/05/26-11:28:01  ... thread 1: (1000,23000) ops and (653.3,614.3) ops/second in (1.530590,37.443337) seconds
2026/05/26-11:28:01  ... thread 3: (1000,23000) ops and (636.8,613.4) ops/second in (1.570295,37.494706) seconds
2026/05/26-11:28:02  ... thread 0: (1000,23000) ops and (661.7,601.4) ops/second in (1.511266,38.245546) seconds
2026/05/26-11:28:02  ... thread 2: (1000,24000) ops and (823.8,622.2) ops/second in (1.213939,38.573337) seconds
2026/05/26-11:28:02  ... thread 1: (1000,24000) ops and (838.9,621.2) ops/second in (1.192003,38.635340) seconds
2026/05/26-11:28:02  ... thread 3: (1000,24000) ops and (853.0,620.7) ops/second in (1.172379,38.667085) seconds
2026/05/26-11:28:03  ... thread 0: (3000,26000) ops and (2371.4,658.1) ops/second in (1.265069,39.510615) seconds
2026/05/26-11:28:03  ... thread 2: (3000,27000) ops and (2799.4,681.0) ops/second in (1.071660,39.644997) seconds
2026/05/26-11:28:03  ... thread 1: (3000,27000) ops and (2614.5,678.7) ops/second in (1.147432,39.782772) seconds
2026/05/26-11:28:03  ... thread 3: (3000,27000) ops and (2675.8,678.6) ops/second in (1.121159,39.788244) seconds
2026/05/26-11:28:04  ... thread 0: (4000,30000) ops and (3198.3,736.0) ops/second in (1.250659,40.761274) seconds
2026/05/26-11:28:04  ... thread 2: (4000,31000) ops and (3281.2,758.6) ops/second in (1.219084,40.864081) seconds
2026/05/26-11:28:04  ... thread 3: (4000,31000) ops and (3346.3,756.4) ops/second in (1.195354,40.983598) seconds
2026/05/26-11:28:04  ... thread 1: (4000,31000) ops and (3275.2,756.0) ops/second in (1.221308,41.004080) seconds
2026/05/26-11:28:05  ... thread 0: (4000,34000) ops and (3953.8,813.9) ops/second in (1.011696,41.772970) seconds
2026/05/26-11:28:05  ... thread 1: (4000,35000) ops and (3969.5,833.1) ops/second in (1.007674,42.011754) seconds
2026/05/26-11:28:05  ... thread 3: (4000,35000) ops and (3847.7,832.9) ops/second in (1.039571,42.023169) seconds
2026/05/26-11:28:05  ... thread 2: (5000,36000) ops and (4074.0,855.3) ops/second in (1.227306,42.091387) seconds
2026/05/26-11:28:06  ... thread 0: (5000,39000) ops and (4437.4,909.1) ops/second in (1.126789,42.899759) seconds
2026/05/26-11:28:06  ... thread 1: (5000,40000) ops and (4917.0,929.6) ops/second in (1.016875,43.028629) seconds
2026/05/26-11:28:06  ... thread 3: (5000,40000) ops and (4873.1,929.2) ops/second in (1.026039,43.049208) seconds
2026/05/26-11:28:06  ... thread 2: (5000,41000) ops and (4860.4,950.8) ops/second in (1.028716,43.120103) seconds
2026/05/26-11:28:07  ... thread 0: (6000,45000) ops and (5652.7,1023.6) ops/second in (1.061445,43.961204) seconds
2026/05/26-11:28:07  ... thread 3: (6000,46000) ops and (5953.1,1044.1) ops/second in (1.007879,44.057087) seconds
2026/05/26-11:28:08  ... thread 2: (6000,47000) ops and (5864.1,1064.7) ops/second in (1.023181,44.143284) seconds
2026/05/26-11:28:08  ... thread 1: (7000,47000) ops and (6083.6,1063.8) ops/second in (1.150628,44.179257) seconds
2026/05/26-11:28:08  ... thread 0: (7000,52000) ops and (6506.2,1154.6) ops/second in (1.075896,45.037100) seconds
2026/05/26-11:28:08  ... thread 3: (7000,53000) ops and (6994.6,1176.3) ops/second in (1.000767,45.057854) seconds
2026/05/26-11:28:09  ... thread 1: (7000,54000) ops and (6953.3,1195.1) ops/second in (1.006709,45.185966) seconds
2026/05/26-11:28:09  ... thread 2: (8000,55000) ops and (7200.7,1215.4) ops/second in (1.110997,45.254281) seconds
2026/05/26-11:28:10  ... thread 3: (9000,62000) ops and (8303.6,1343.7) ops/second in (1.083872,46.141726) seconds
2026/05/26-11:28:10  ... thread 0: (9000,61000) ops and (8145.1,1322.0) ops/second in (1.104956,46.142056) seconds
2026/05/26-11:28:10  ... thread 2: (9000,64000) ops and (8817.7,1383.0) ops/second in (1.020674,46.274955) seconds
2026/05/26-11:28:10  ... thread 1: (10000,64000) ops and (9181.7,1383.0) ops/second in (1.089125,46.275091) seconds
2026/05/26-11:28:11  ... thread 0: (11000,72000) ops and (10917.8,1527.1) ops/second in (1.007532,47.149588) seconds
2026/05/26-11:28:11  ... thread 3: (11000,73000) ops and (10702.1,1547.6) ops/second in (1.027836,47.169562) seconds
2026/05/26-11:28:11  ... thread 2: (12000,76000) ops and (11946.8,1607.5) ops/second in (1.004450,47.279405) seconds
2026/05/26-11:28:11  ... thread 1: (12000,76000) ops and (11591.2,1606.4) ops/second in (1.035264,47.310355) seconds
2026/05/26-11:28:12  ... thread 0: (16000,88000) ops and (15152.2,1825.5) ops/second in (1.055950,48.205538) seconds
2026/05/26-11:28:12  ... thread 3: (16000,89000) ops and (15410.2,1846.2) ops/second in (1.038276,48.207838) seconds
2026/05/26-11:28:12  ... thread 1: (16000,92000) ops and (15877.8,1904.1) ops/second in (1.007694,48.318049) seconds
2026/05/26-11:28:12  ... thread 2: (16000,92000) ops and (15257.8,1903.7) ops/second in (1.048647,48.328052) seconds
DB path: [/tmp/rocksdb_comp_exp_db]
readrandom   :     487.621 micros/op 8189 ops/sec 48.842 seconds 400000 operations;    8.0 MB/s (98152 of 100000 found)

STATISTICS:
rocksdb.block.cache.miss COUNT : 3781215
rocksdb.block.cache.hit COUNT : 71841
rocksdb.block.cache.add COUNT : 911430
rocksdb.block.cache.add.failures COUNT : 0
rocksdb.block.cache.index.miss COUNT : 0
rocksdb.block.cache.index.hit COUNT : 0
rocksdb.block.cache.index.add COUNT : 0
rocksdb.block.cache.index.bytes.insert COUNT : 0
rocksdb.block.cache.filter.miss COUNT : 0
rocksdb.block.cache.filter.hit COUNT : 0
rocksdb.block.cache.filter.add COUNT : 0
rocksdb.block.cache.filter.bytes.insert COUNT : 0
rocksdb.block.cache.data.miss COUNT : 3781215
rocksdb.block.cache.data.hit COUNT : 71841
rocksdb.block.cache.data.add COUNT : 911430
rocksdb.block.cache.data.bytes.insert COUNT : 3922765744
rocksdb.block.cache.bytes.read COUNT : 309201600
rocksdb.block.cache.bytes.write COUNT : 3922765744
rocksdb.block.cache.compression.dict.miss COUNT : 0
rocksdb.block.cache.compression.dict.hit COUNT : 0
rocksdb.block.cache.compression.dict.add COUNT : 0
rocksdb.block.cache.compression.dict.bytes.insert COUNT : 0
rocksdb.block.cache.add.redundant COUNT : 7
rocksdb.block.cache.index.add.redundant COUNT : 0
rocksdb.block.cache.filter.add.redundant COUNT : 0
rocksdb.block.cache.data.add.redundant COUNT : 7
rocksdb.block.cache.compression.dict.add.redundant COUNT : 0
rocksdb.secondary.cache.hits COUNT : 0
rocksdb.secondary.cache.filter.hits COUNT : 0
rocksdb.secondary.cache.index.hits COUNT : 0
rocksdb.secondary.cache.data.hits COUNT : 0
rocksdb.compressed.secondary.cache.dummy.hits COUNT : 0
rocksdb.compressed.secondary.cache.hits COUNT : 0
rocksdb.compressed.secondary.cache.promotions COUNT : 0
rocksdb.compressed.secondary.cache.promotion.skips COUNT : 0
rocksdb.bloom.filter.useful COUNT : 0
rocksdb.bloom.filter.full.positive COUNT : 0
rocksdb.bloom.filter.full.true.positive COUNT : 0
rocksdb.bloom.filter.prefix.checked COUNT : 0
rocksdb.bloom.filter.prefix.useful COUNT : 0
rocksdb.bloom.filter.prefix.true.positive COUNT : 0
rocksdb.persistent.cache.hit COUNT : 0
rocksdb.persistent.cache.miss COUNT : 0
rocksdb.sim.block.cache.hit COUNT : 0
rocksdb.sim.block.cache.miss COUNT : 0
rocksdb.memtable.hit COUNT : 7064
rocksdb.memtable.miss COUNT : 392936
rocksdb.l0.hit COUNT : 19364
rocksdb.l1.hit COUNT : 92480
rocksdb.l2andup.hit COUNT : 273799
rocksdb.compaction.key.drop.new COUNT : 3376839
rocksdb.compaction.key.drop.obsolete COUNT : 0
rocksdb.compaction.key.drop.range_del COUNT : 0
rocksdb.compaction.key.drop.user COUNT : 0
rocksdb.compaction.range_del.drop.obsolete COUNT : 0
rocksdb.compaction.optimized.del.drop.obsolete COUNT : 0
rocksdb.compaction.cancelled COUNT : 0
rocksdb.compaction.aborted COUNT : 0
rocksdb.number.keys.written COUNT : 5000000
rocksdb.number.keys.read COUNT : 400000
rocksdb.number.keys.updated COUNT : 0
rocksdb.bytes.written COUNT : 5279254224
rocksdb.bytes.read COUNT : 402131968
rocksdb.number.db.seek COUNT : 0
rocksdb.number.db.next COUNT : 0
rocksdb.number.db.prev COUNT : 0
rocksdb.number.db.seek.found COUNT : 0
rocksdb.number.db.next.found COUNT : 0
rocksdb.number.db.prev.found COUNT : 0
rocksdb.db.iter.bytes.read COUNT : 0
rocksdb.number.iter.skip COUNT : 0
rocksdb.number.reseeks.iteration COUNT : 0
rocksdb.num.iterator.created COUNT : 0
rocksdb.num.iterator.deleted COUNT : 0
rocksdb.no.file.opens COUNT : 156
rocksdb.no.file.errors COUNT : 0
rocksdb.stall.micros COUNT : 86605419
rocksdb.db.mutex.wait.micros COUNT : 0
rocksdb.number.multiget.get COUNT : 0
rocksdb.number.multiget.keys.read COUNT : 0
rocksdb.number.multiget.bytes.read COUNT : 0
rocksdb.number.multiget.keys.found COUNT : 0
rocksdb.number.merge.failures COUNT : 0
rocksdb.getupdatessince.calls COUNT : 0
rocksdb.wal.synced COUNT : 0
rocksdb.wal.bytes COUNT : 5279254224
rocksdb.write.self COUNT : 4937852
rocksdb.write.other COUNT : 62148
rocksdb.write.wal COUNT : 5000000
rocksdb.compact.read.bytes COUNT : 7000749149
rocksdb.compact.write.bytes COUNT : 4972731573
rocksdb.flush.write.bytes COUNT : 2971102019
rocksdb.compact.read.marked.bytes COUNT : 0
rocksdb.compact.read.periodic.bytes COUNT : 0
rocksdb.compact.read.ttl.bytes COUNT : 0
rocksdb.compact.write.marked.bytes COUNT : 0
rocksdb.compact.write.periodic.bytes COUNT : 0
rocksdb.compact.write.ttl.bytes COUNT : 0
rocksdb.number.direct.load.table.properties COUNT : 0
rocksdb.number.superversion_acquires COUNT : 40
rocksdb.number.superversion_releases COUNT : 36
rocksdb.number.superversion_cleanups COUNT : 9
rocksdb.number.block.compressed COUNT : 3252678
rocksdb.number.block.decompressed COUNT : 3781371
rocksdb.bytes.compressed.from COUNT : 13709149421
rocksdb.bytes.compressed.to COUNT : 7927362863
rocksdb.bytes.compression_bypassed COUNT : 0
rocksdb.bytes.compression.rejected COUNT : 0
rocksdb.number.block_compression_bypassed COUNT : 0
rocksdb.number.block_compression_rejected COUNT : 0
rocksdb.bytes.decompressed.from COUNT : 9212396285
rocksdb.bytes.decompressed.to COUNT : 15927148507
rocksdb.merge.operation.time.nanos COUNT : 0
rocksdb.filter.operation.time.nanos COUNT : 0
rocksdb.compaction.total.time.cpu_micros COUNT : 42104968
rocksdb.row.cache.hit COUNT : 0
rocksdb.row.cache.miss COUNT : 0
rocksdb.read.amp.estimate.useful.bytes COUNT : 0
rocksdb.read.amp.total.read.bytes COUNT : 0
rocksdb.number.rate_limiter.drains COUNT : 0
rocksdb.blobdb.num.put COUNT : 0
rocksdb.blobdb.num.write COUNT : 0
rocksdb.blobdb.num.get COUNT : 0
rocksdb.blobdb.num.multiget COUNT : 0
rocksdb.blobdb.num.seek COUNT : 0
rocksdb.blobdb.num.next COUNT : 0
rocksdb.blobdb.num.prev COUNT : 0
rocksdb.blobdb.num.keys.written COUNT : 0
rocksdb.blobdb.num.keys.read COUNT : 0
rocksdb.blobdb.bytes.written COUNT : 0
rocksdb.blobdb.bytes.read COUNT : 0
rocksdb.blobdb.write.inlined COUNT : 0
rocksdb.blobdb.write.inlined.ttl COUNT : 0
rocksdb.blobdb.write.blob COUNT : 0
rocksdb.blobdb.write.blob.ttl COUNT : 0
rocksdb.blobdb.blob.file.bytes.written COUNT : 0
rocksdb.blobdb.blob.file.bytes.read COUNT : 0
rocksdb.blobdb.blob.file.synced COUNT : 0
rocksdb.blobdb.blob.index.expired.count COUNT : 0
rocksdb.blobdb.blob.index.expired.size COUNT : 0
rocksdb.blobdb.blob.index.evicted.count COUNT : 0
rocksdb.blobdb.blob.index.evicted.size COUNT : 0
rocksdb.blobdb.gc.num.files COUNT : 0
rocksdb.blobdb.gc.num.new.files COUNT : 0
rocksdb.blobdb.gc.failures COUNT : 0
rocksdb.blobdb.gc.num.keys.relocated COUNT : 0
rocksdb.blobdb.gc.bytes.relocated COUNT : 0
rocksdb.blobdb.fifo.num.files.evicted COUNT : 0
rocksdb.blobdb.fifo.num.keys.evicted COUNT : 0
rocksdb.blobdb.fifo.bytes.evicted COUNT : 0
rocksdb.blobdb.cache.miss COUNT : 0
rocksdb.blobdb.cache.hit COUNT : 0
rocksdb.blobdb.cache.add COUNT : 0
rocksdb.blobdb.cache.add.failures COUNT : 0
rocksdb.blobdb.cache.bytes.read COUNT : 0
rocksdb.blobdb.cache.bytes.write COUNT : 0
rocksdb.txn.overhead.mutex.prepare COUNT : 0
rocksdb.txn.overhead.mutex.old.commit.map COUNT : 0
rocksdb.txn.overhead.duplicate.key COUNT : 0
rocksdb.txn.overhead.mutex.snapshot COUNT : 0
rocksdb.txn.get.tryagain COUNT : 0
rocksdb.files.marked.trash COUNT : 0
rocksdb.files.marked.trash.deleted COUNT : 0
rocksdb.files.deleted.immediately COUNT : 215
rocksdb.error.handler.bg.error.count COUNT : 0
rocksdb.error.handler.bg.io.error.count COUNT : 0
rocksdb.error.handler.bg.retryable.io.error.count COUNT : 0
rocksdb.error.handler.autoresume.count COUNT : 0
rocksdb.error.handler.autoresume.retry.total.count COUNT : 0
rocksdb.error.handler.autoresume.success.count COUNT : 0
rocksdb.memtable.payload.bytes.at.flush COUNT : 5216763744
rocksdb.memtable.garbage.bytes.at.flush COUNT : 128208128
rocksdb.verify_checksum.read.bytes COUNT : 0
rocksdb.backup.read.bytes COUNT : 0
rocksdb.backup.write.bytes COUNT : 0
rocksdb.remote.compact.read.bytes COUNT : 0
rocksdb.remote.compact.write.bytes COUNT : 0
rocksdb.remote.compact.resumed.bytes COUNT : 0
rocksdb.hot.file.read.bytes COUNT : 0
rocksdb.warm.file.read.bytes COUNT : 0
rocksdb.cool.file.read.bytes COUNT : 0
rocksdb.cold.file.read.bytes COUNT : 0
rocksdb.ice.file.read.bytes COUNT : 0
rocksdb.hot.file.read.count COUNT : 0
rocksdb.warm.file.read.count COUNT : 0
rocksdb.cool.file.read.count COUNT : 0
rocksdb.cold.file.read.count COUNT : 0
rocksdb.ice.file.read.count COUNT : 0
rocksdb.last.level.read.bytes COUNT : 0
rocksdb.last.level.read.count COUNT : 0
rocksdb.non.last.level.read.bytes COUNT : 9231499072
rocksdb.non.last.level.read.count COUNT : 3781839
rocksdb.last.level.seek.filtered COUNT : 0
rocksdb.last.level.seek.filter.match COUNT : 0
rocksdb.last.level.seek.data COUNT : 0
rocksdb.last.level.seek.data.useful.no.filter COUNT : 0
rocksdb.last.level.seek.data.useful.filter.match COUNT : 0
rocksdb.non.last.level.seek.filtered COUNT : 0
rocksdb.non.last.level.seek.filter.match COUNT : 0
rocksdb.non.last.level.seek.data COUNT : 0
rocksdb.non.last.level.seek.data.useful.no.filter COUNT : 0
rocksdb.non.last.level.seek.data.useful.filter.match COUNT : 0
rocksdb.block.checksum.compute.count COUNT : 3781527
rocksdb.block.checksum.mismatch.count COUNT : 0
rocksdb.multiget.coroutine.count COUNT : 0
rocksdb.read.async.micros COUNT : 0
rocksdb.async.read.error.count COUNT : 0
rocksdb.table.open.prefetch.tail.miss COUNT : 0
rocksdb.table.open.prefetch.tail.hit COUNT : 0
rocksdb.timestamp.filter.table.checked COUNT : 0
rocksdb.timestamp.filter.table.filtered COUNT : 0
rocksdb.readahead.trimmed COUNT : 0
rocksdb.fifo.max.size.compactions COUNT : 0
rocksdb.fifo.ttl.compactions COUNT : 0
rocksdb.fifo.change_temperature.compactions COUNT : 0
rocksdb.prefetch.bytes COUNT : 0
rocksdb.prefetch.bytes.useful COUNT : 0
rocksdb.prefetch.hits COUNT : 0
rocksdb.footer.corruption.count COUNT : 0
rocksdb.file.read.corruption.retry.count COUNT : 0
rocksdb.file.read.corruption.retry.success.count COUNT : 0
rocksdb.number.wbwi.ingest COUNT : 0
rocksdb.sst.user.defined.index.load.fail.count COUNT : 0
rocksdb.multiscan.prepare.calls COUNT : 0
rocksdb.multiscan.prepare.errors COUNT : 0
rocksdb.multiscan.blocks.prefetched COUNT : 0
rocksdb.multiscan.blocks.from.cache COUNT : 0
rocksdb.multiscan.prefetch.bytes COUNT : 0
rocksdb.multiscan.prefetch.blocks.wasted COUNT : 0
rocksdb.multiscan.io.requests COUNT : 0
rocksdb.multiscan.io.coalesced.nonadjacent COUNT : 0
rocksdb.multiscan.seek.errors COUNT : 0
rocksdb.prefetch.memory.bytes.granted COUNT : 0
rocksdb.prefetch.memory.bytes.released COUNT : 0
rocksdb.prefetch.memory.requests.blocked COUNT : 0
rocksdb.read.path.range.tombstones.inserted COUNT : 0
rocksdb.read.path.range.tombstones.discarded COUNT : 0
rocksdb.file.open.metadata.retrieved COUNT : 0
rocksdb.file.open.metadata.passed COUNT : 0
rocksdb.manifest.validation.failure.count COUNT : 0
rocksdb.db.get.micros P50 : 18.340809 P95 : 1706.892369 P99 : 6400.206398 P100 : 1127319.000000 COUNT : 400000 SUM : 194804392
rocksdb.db.write.micros P50 : 5.800160 P95 : 21.800393 P99 : 1944.026191 P100 : 792478.000000 COUNT : 5000000 SUM : 491518491
rocksdb.compaction.times.micros P50 : 5766666.666667 P95 : 23848104.000000 P99 : 23848104.000000 P100 : 23848104.000000 COUNT : 16 SUM : 158212690
rocksdb.compaction.times.cpu_micros P50 : 2233333.333333 P95 : 5822739.000000 P99 : 5822739.000000 P100 : 5822739.000000 COUNT : 16 SUM : 42104968
rocksdb.subcompaction.setup.times.micros P50 : 0.000000 P95 : 0.000000 P99 : 0.000000 P100 : 0.000000 COUNT : 0 SUM : 0
rocksdb.table.sync.micros P50 : 348113.207547 P95 : 940848.000000 P99 : 940848.000000 P100 : 940848.000000 COUNT : 80 SUM : 39037447
rocksdb.compaction.outfile.sync.micros P50 : 721904.761905 P95 : 1161750.000000 P99 : 1505855.000000 P100 : 1505855.000000 COUNT : 76 SUM : 50409763
rocksdb.wal.file.sync.micros P50 : 0.000000 P95 : 0.000000 P99 : 0.000000 P100 : 0.000000 COUNT : 0 SUM : 0
rocksdb.manifest.file.sync.micros P50 : 5639.436620 P95 : 19933.333333 P99 : 32780.000000 P100 : 92407.000000 COUNT : 102 SUM : 782966
rocksdb.table.open.io.micros P50 : 831.698113 P95 : 5091.428571 P99 : 8976.000000 P100 : 10048.000000 COUNT : 156 SUM : 194059
rocksdb.db.multiget.micros P50 : 0.000000 P95 : 0.000000 P99 : 0.000000 P100 : 0.000000 COUNT : 0 SUM : 0
rocksdb.read.block.compaction.micros P50 : 3.462154 P95 : 7.478848 P99 : 40.349725 P100 : 515628.000000 COUNT : 2869785 SUM : 75618469
rocksdb.read.block.get.micros P50 : 5.944195 P95 : 1141.215458 P99 : 1843.032489 P100 : 928995.000000 COUNT : 911586 SUM : 190109356
rocksdb.write.raw.block.micros P50 : 0.536076 P95 : 1.335827 P99 : 2.707069 P100 : 8036.000000 COUNT : 3252990 SUM : 9161968
rocksdb.numfiles.in.singlecompaction P50 : 4.000000 P95 : 19.900000 P99 : 21.580000 P100 : 22.000000 COUNT : 18 SUM : 145
rocksdb.db.seek.micros P50 : 0.000000 P95 : 0.000000 P99 : 0.000000 P100 : 0.000000 COUNT : 0 SUM : 0
rocksdb.db.write.stall P50 : 1213.035102 P95 : 2768.305214 P99 : 2880.511227 P100 : 789066.000000 COUNT : 44226 SUM : 86605419
rocksdb.sst.read.micros P50 : 0.896899 P95 : 5.366712 P99 : 1426.951689 P100 : 928986.000000 COUNT : 3781839 SUM : 251274134
rocksdb.file.read.flush.micros P50 : 3.909091 P95 : 69.269231 P99 : 100.650000 P100 : 119.000000 COUNT : 320 SUM : 5649
rocksdb.file.read.compaction.micros P50 : 0.755376 P95 : 2.670914 P99 : 17.785406 P100 : 515597.000000 COUNT : 2870089 SUM : 66545472
rocksdb.file.read.db.open.micros P50 : 0.000000 P95 : 0.000000 P99 : 0.000000 P100 : 0.000000 COUNT : 0 SUM : 0
rocksdb.file.read.get.micros P50 : 0.000000 P95 : 0.000000 P99 : 0.000000 P100 : 0.000000 COUNT : 0 SUM : 0
rocksdb.file.read.multiget.micros P50 : 0.000000 P95 : 0.000000 P99 : 0.000000 P100 : 0.000000 COUNT : 0 SUM : 0
rocksdb.file.read.db.iterator.micros P50 : 0.000000 P95 : 0.000000 P99 : 0.000000 P100 : 0.000000 COUNT : 0 SUM : 0
rocksdb.file.read.verify.db.checksum.micros P50 : 0.000000 P95 : 0.000000 P99 : 0.000000 P100 : 0.000000 COUNT : 0 SUM : 0
rocksdb.file.read.verify.file.checksums.micros P50 : 0.000000 P95 : 0.000000 P99 : 0.000000 P100 : 0.000000 COUNT : 0 SUM : 0
rocksdb.sst.write.micros P50 : 0.502377 P95 : 0.954517 P99 : 0.994707 P100 : 7327.000000 COUNT : 6506136 SUM : 7378265
rocksdb.file.write.flush.micros P50 : 0.501965 P95 : 0.953734 P99 : 0.993891 P100 : 6039.000000 COUNT : 2428370 SUM : 3016463
rocksdb.file.write.compaction.micros P50 : 0.502623 P95 : 0.954983 P99 : 0.995193 P100 : 7327.000000 COUNT : 4077766 SUM : 4361802
rocksdb.file.write.db.open.micros P50 : 0.000000 P95 : 0.000000 P99 : 0.000000 P100 : 0.000000 COUNT : 0 SUM : 0
rocksdb.num.subcompactions.scheduled P50 : 0.000000 P95 : 0.000000 P99 : 0.000000 P100 : 0.000000 COUNT : 0 SUM : 0
rocksdb.bytes.per.read P50 : 1024.000000 P95 : 1024.000000 P99 : 1024.000000 P100 : 1024.000000 COUNT : 400000 SUM : 402131968
rocksdb.bytes.per.write P50 : 1086.508590 P95 : 1281.366321 P99 : 1298.687008 P100 : 4188.000000 COUNT : 4937852 SUM : 5279254224
rocksdb.bytes.per.multiget P50 : 0.000000 P95 : 0.000000 P99 : 0.000000 P100 : 0.000000 COUNT : 0 SUM : 0
rocksdb.compression.times.nanos P50 : 0.000000 P95 : 0.000000 P99 : 0.000000 P100 : 0.000000 COUNT : 0 SUM : 0
rocksdb.decompression.times.nanos P50 : 0.000000 P95 : 0.000000 P99 : 0.000000 P100 : 0.000000 COUNT : 0 SUM : 0
rocksdb.read.num.merge_operands P50 : 0.000000 P95 : 0.000000 P99 : 0.000000 P100 : 0.000000 COUNT : 0 SUM : 0
rocksdb.blobdb.key.size P50 : 0.000000 P95 : 0.000000 P99 : 0.000000 P100 : 0.000000 COUNT : 0 SUM : 0
rocksdb.blobdb.value.size P50 : 0.000000 P95 : 0.000000 P99 : 0.000000 P100 : 0.000000 COUNT : 0 SUM : 0
rocksdb.blobdb.write.micros P50 : 0.000000 P95 : 0.000000 P99 : 0.000000 P100 : 0.000000 COUNT : 0 SUM : 0
rocksdb.blobdb.get.micros P50 : 0.000000 P95 : 0.000000 P99 : 0.000000 P100 : 0.000000 COUNT : 0 SUM : 0
rocksdb.blobdb.multiget.micros P50 : 0.000000 P95 : 0.000000 P99 : 0.000000 P100 : 0.000000 COUNT : 0 SUM : 0
rocksdb.blobdb.seek.micros P50 : 0.000000 P95 : 0.000000 P99 : 0.000000 P100 : 0.000000 COUNT : 0 SUM : 0
rocksdb.blobdb.next.micros P50 : 0.000000 P95 : 0.000000 P99 : 0.000000 P100 : 0.000000 COUNT : 0 SUM : 0
rocksdb.blobdb.prev.micros P50 : 0.000000 P95 : 0.000000 P99 : 0.000000 P100 : 0.000000 COUNT : 0 SUM : 0
rocksdb.blobdb.blob.file.write.micros P50 : 0.000000 P95 : 0.000000 P99 : 0.000000 P100 : 0.000000 COUNT : 0 SUM : 0
rocksdb.blobdb.blob.file.read.micros P50 : 0.000000 P95 : 0.000000 P99 : 0.000000 P100 : 0.000000 COUNT : 0 SUM : 0
rocksdb.blobdb.blob.file.sync.micros P50 : 0.000000 P95 : 0.000000 P99 : 0.000000 P100 : 0.000000 COUNT : 0 SUM : 0
rocksdb.blobdb.compression.micros P50 : 0.000000 P95 : 0.000000 P99 : 0.000000 P100 : 0.000000 COUNT : 0 SUM : 0
rocksdb.blobdb.decompression.micros P50 : 0.000000 P95 : 0.000000 P99 : 0.000000 P100 : 0.000000 COUNT : 0 SUM : 0
rocksdb.db.flush.micros P50 : 645185.185185 P95 : 1200000.000000 P99 : 1243267.000000 P100 : 1243267.000000 COUNT : 80 SUM : 56012535
rocksdb.sst.batch.size P50 : 0.000000 P95 : 0.000000 P99 : 0.000000 P100 : 0.000000 COUNT : 0 SUM : 0
rocksdb.multiget.io.batch.size P50 : 0.000000 P95 : 0.000000 P99 : 0.000000 P100 : 0.000000 COUNT : 0 SUM : 0
rocksdb.num.index.and.filter.blocks.read.per.level P50 : 0.000000 P95 : 0.000000 P99 : 0.000000 P100 : 0.000000 COUNT : 0 SUM : 0
rocksdb.num.sst.read.per.level P50 : 0.000000 P95 : 0.000000 P99 : 0.000000 P100 : 0.000000 COUNT : 0 SUM : 0
rocksdb.num.level.read.per.multiget P50 : 0.000000 P95 : 0.000000 P99 : 0.000000 P100 : 0.000000 COUNT : 0 SUM : 0
rocksdb.error.handler.autoresume.retry.count P50 : 0.000000 P95 : 0.000000 P99 : 0.000000 P100 : 0.000000 COUNT : 0 SUM : 0
rocksdb.async.read.bytes P50 : 0.000000 P95 : 0.000000 P99 : 0.000000 P100 : 0.000000 COUNT : 0 SUM : 0
rocksdb.poll.wait.micros P50 : 0.000000 P95 : 0.000000 P99 : 0.000000 P100 : 0.000000 COUNT : 0 SUM : 0
rocksdb.compaction.prefetch.bytes P50 : 0.000000 P95 : 0.000000 P99 : 0.000000 P100 : 0.000000 COUNT : 0 SUM : 0
rocksdb.prefetched.bytes.discarded P50 : 0.000000 P95 : 0.000000 P99 : 0.000000 P100 : 0.000000 COUNT : 0 SUM : 0
rocksdb.async.prefetch.abort.micros P50 : 0.000000 P95 : 0.000000 P99 : 0.000000 P100 : 0.000000 COUNT : 0 SUM : 0
rocksdb.table.open.prefetch.tail.read.bytes P50 : 0.000000 P95 : 0.000000 P99 : 0.000000 P100 : 0.000000 COUNT : 0 SUM : 0
rocksdb.num.op.per.transaction P50 : 0.000000 P95 : 0.000000 P99 : 0.000000 P100 : 0.000000 COUNT : 0 SUM : 0
rocksdb.multiscan.op.prepare.iterators.micros P50 : 0.000000 P95 : 0.000000 P99 : 0.000000 P100 : 0.000000 COUNT : 0 SUM : 0
rocksdb.multiscan.prepare.micros P50 : 0.000000 P95 : 0.000000 P99 : 0.000000 P100 : 0.000000 COUNT : 0 SUM : 0
rocksdb.multiscan.blocks.per.prepare P50 : 0.000000 P95 : 0.000000 P99 : 0.000000 P100 : 0.000000 COUNT : 0 SUM : 0
rocksdb.block.key.distribution.cv P50 : 0.000000 P95 : 0.000000 P99 : 0.000000 P100 : 0.000000 COUNT : 0 SUM : 0

[EXPERIMENT_COMPLETED]
