RocksDB:    version 11.3.0
Date:       Tue May 26 11:28:12 2026
CPU:        2 * Intel Xeon Processor (SapphireRapids)
CPUCache:   16384 KB
2026/05/26-11:28:14  ... thread 2: (39000,39000) ops and (38803.5,38803.5) ops/second in (1.005063,1.005063) seconds
2026/05/26-11:28:14  ... thread 1: (45000,45000) ops and (44569.6,44569.6) ops/second in (1.009656,1.009656) seconds
2026/05/26-11:28:14  ... thread 0: (34000,34000) ops and (33567.9,33567.9) ops/second in (1.012872,1.012872) seconds
2026/05/26-11:28:14  ... thread 3: (40000,40000) ops and (39215.1,39215.1) ops/second in (1.020015,1.020015) seconds
2026/05/26-11:28:15  ... thread 1: (29000,74000) ops and (28737.5,36655.6) ops/second in (1.009133,2.018789) seconds
2026/05/26-11:28:15  ... thread 2: (32000,71000) ops and (31249.3,34991.1) ops/second in (1.024023,2.029086) seconds
2026/05/26-11:28:15  ... thread 0: (30000,64000) ops and (29274.8,31408.8) ops/second in (1.024772,2.037644) seconds
2026/05/26-11:28:15  ... thread 3: (31000,71000) ops and (30342.6,34775.3) ops/second in (1.021665,2.041680) seconds
2026/05/26-11:28:16  ... thread 1: (36000,110000) ops and (35470.4,36259.1) ops/second in (1.014932,3.033721) seconds
2026/05/26-11:28:16  ... thread 0: (30000,94000) ops and (29613.3,30812.6) ops/second in (1.013058,3.050702) seconds
2026/05/26-11:28:16  ... thread 2: (32000,103000) ops and (31227.8,33728.3) ops/second in (1.024727,3.053813) seconds
2026/05/26-11:28:16  ... thread 3: (29000,100000) ops and (27789.5,32412.4) ops/second in (1.043558,3.085238) seconds
2026/05/26-11:28:17  ... thread 0: (15000,109000) ops and (14973.1,26897.0) ops/second in (1.001795,4.052497) seconds
2026/05/26-11:28:17  ... thread 2: (20000,123000) ops and (19890.5,30300.7) ops/second in (1.005504,4.059317) seconds
2026/05/26-11:28:17  ... thread 1: (16000,126000) ops and (15507.0,30992.4) ops/second in (1.031791,4.065512) seconds
2026/05/26-11:28:17  ... thread 3: (14000,114000) ops and (13869.0,27841.0) ops/second in (1.009448,4.094686) seconds
2026/05/26-11:28:18  ... thread 0: (13000,122000) ops and (12964.7,24133.5) ops/second in (1.002720,5.055217) seconds
2026/05/26-11:28:18  ... thread 2: (9000,132000) ops and (8875.3,26018.2) ops/second in (1.014051,5.073368) seconds
2026/05/26-11:28:18  ... thread 1: (14000,140000) ops and (13730.5,27531.2) ops/second in (1.019631,5.085143) seconds
2026/05/26-11:28:18  ... thread 3: (15000,129000) ops and (14714.9,25224.6) ops/second in (1.019378,5.114064) seconds
2026/05/26-11:28:19  ... thread 0: (11000,133000) ops and (10622.7,21836.4) ops/second in (1.035518,6.090735) seconds
2026/05/26-11:28:19  ... thread 1: (8000,148000) ops and (7918.3,24280.3) ops/second in (1.010323,6.095466) seconds
2026/05/26-11:28:19  ... thread 2: (11000,143000) ops and (10752.0,23456.4) ops/second in (1.023062,6.096430) seconds
2026/05/26-11:28:19  ... thread 3: (12000,141000) ops and (11605.0,22933.9) ops/second in (1.034037,6.148101) seconds
2026/05/26-11:28:20  ... thread 0: (23000,156000) ops and (22824.1,21976.7) ops/second in (1.007707,7.098442) seconds
2026/05/26-11:28:20  ... thread 1: (18000,166000) ops and (17816.8,23361.4) ops/second in (1.010281,7.105747) seconds
2026/05/26-11:28:20  ... thread 2: (20000,163000) ops and (19746.4,22927.8) ops/second in (1.012845,7.109275) seconds
2026/05/26-11:28:20  ... thread 3: (20000,161000) ops and (19728.0,22480.1) ops/second in (1.013789,7.161890) seconds
2026/05/26-11:28:21  ... thread 0: (14000,170000) ops and (13846.5,20963.0) ops/second in (1.011086,8.109528) seconds
2026/05/26-11:28:21  ... thread 2: (14000,177000) ops and (13962.6,21819.7) ops/second in (1.002678,8.111953) seconds
2026/05/26-11:28:21  ... thread 1: (8000,174000) ops and (7829.7,21408.8) ops/second in (1.021754,8.127501) seconds
2026/05/26-11:28:21  ... thread 3: (13000,174000) ops and (12877.6,21293.8) ops/second in (1.009506,8.171396) seconds
2026/05/26-11:28:22  ... thread 3: (23000,197000) ops and (14025.5,20079.0) ops/second in (1.639867,9.811263) seconds
2026/05/26-11:28:22  ... thread 2: (27000,204000) ops and (15915.6,20798.5) ops/second in (1.696451,9.808404) seconds
2026/05/26-11:28:22  ... thread 1: (33000,207000) ops and (19604.2,21099.2) ops/second in (1.683316,9.810817) seconds
2026/05/26-11:28:22  ... thread 0: (33000,203000) ops and (19265.5,20667.0) ops/second in (1.712905,9.822433) seconds
2026/05/26-11:28:24  ... thread 3: (15000,212000) ops and (12238.4,19208.3) ops/second in (1.225649,11.036912) seconds
2026/05/26-11:28:24  ... thread 1: (14000,221000) ops and (11343.9,20009.1) ops/second in (1.234141,11.044958) seconds
2026/05/26-11:28:24  ... thread 0: (14000,217000) ops and (11316.2,19621.0) ops/second in (1.237163,11.059596) seconds
2026/05/26-11:28:24  ... thread 2: (19000,223000) ops and (15022.5,20138.8) ops/second in (1.264766,11.073170) seconds
2026/05/26-11:28:25  ... thread 0: (13000,230000) ops and (10853.5,18764.2) ops/second in (1.197769,12.257365) seconds
2026/05/26-11:28:25  ... thread 1: (13000,234000) ops and (10665.4,19080.5) ops/second in (1.218893,12.263851) seconds
2026/05/26-11:28:25  ... thread 3: (23000,235000) ops and (18669.5,19154.2) ops/second in (1.231957,12.268869) seconds
2026/05/26-11:28:25  ... thread 2: (12000,235000) ops and (10071.5,19160.8) ops/second in (1.191480,12.264650) seconds
2026/05/26-11:28:26  ... thread 3: (32000,267000) ops and (21316.3,19389.9) ops/second in (1.501197,13.770066) seconds
2026/05/26-11:28:26  ... thread 0: (29000,259000) ops and (19106.0,18801.9) ops/second in (1.517845,13.775210) seconds
2026/05/26-11:28:26  ... thread 1: (34000,268000) ops and (22469.7,19452.7) ops/second in (1.513150,13.777001) seconds
2026/05/26-11:28:26  ... thread 2: (31000,266000) ops and (20477.3,19305.4) ops/second in (1.513874,13.778524) seconds
2026/05/26-11:28:27  ... thread 3: (16000,283000) ops and (14939.2,19068.7) ops/second in (1.071005,14.841071) seconds
2026/05/26-11:28:27  ... thread 2: (17000,283000) ops and (16044.5,19072.6) ops/second in (1.059550,14.838074) seconds
2026/05/26-11:28:27  ... thread 0: (15000,274000) ops and (13949.1,18450.5) ops/second in (1.075342,14.850552) seconds
2026/05/26-11:28:27  ... thread 1: (14000,282000) ops and (12791.8,18962.5) ops/second in (1.094455,14.871456) seconds
2026/05/26-11:28:29  ... thread 2: (14000,297000) ops and (12246.3,18584.2) ops/second in (1.143202,15.981276) seconds
2026/05/26-11:28:29  ... thread 1: (15000,297000) ops and (13488.7,18581.7) ops/second in (1.112038,15.983494) seconds
2026/05/26-11:28:29  ... thread 0: (16000,290000) ops and (14055.4,18137.6) ops/second in (1.138351,15.988903) seconds
2026/05/26-11:28:29  ... thread 3: (18000,301000) ops and (15256.4,18788.0) ops/second in (1.179835,16.020906) seconds
2026/05/26-11:28:30  ... thread 0: (16000,306000) ops and (12690.3,17739.4) ops/second in (1.260804,17.249707) seconds
2026/05/26-11:28:30  ... thread 2: (16000,313000) ops and (12544.2,18137.8) ops/second in (1.275494,17.256770) seconds
2026/05/26-11:28:30  ... thread 3: (14000,315000) ops and (11200.5,18238.8) ops/second in (1.249940,17.270846) seconds
2026/05/26-11:28:30  ... thread 1: (16000,313000) ops and (12453.1,18125.7) ops/second in (1.284819,17.268313) seconds
2026/05/26-11:28:31  ... thread 2: (18000,331000) ops and (14564.3,17899.0) ops/second in (1.235895,18.492665) seconds
2026/05/26-11:28:31  ... thread 1: (13000,326000) ops and (10563.2,17622.6) ops/second in (1.230688,18.499001) seconds
2026/05/26-11:28:31  ... thread 0: (14000,320000) ops and (11149.7,17292.3) ops/second in (1.255639,18.505346) seconds
2026/05/26-11:28:31  ... thread 3: (17000,332000) ops and (13464.2,17913.6) ops/second in (1.262609,18.533455) seconds
2026/05/26-11:28:32  ... thread 1: (13000,339000) ops and (10788.1,17204.6) ops/second in (1.205030,19.704031) seconds
2026/05/26-11:28:32  ... thread 3: (15000,347000) ops and (12621.3,17594.6) ops/second in (1.188471,19.721926) seconds
2026/05/26-11:28:32  ... thread 0: (22000,342000) ops and (18089.1,17341.4) ops/second in (1.216199,19.721545) seconds
2026/05/26-11:28:32  ... thread 2: (13000,344000) ops and (10442.8,17428.7) ops/second in (1.244874,19.737539) seconds
2026/05/26-11:28:33  ... thread 3: (18000,365000) ops and (17930.5,17610.9) ops/second in (1.003876,20.725802) seconds
2026/05/26-11:28:33  ... thread 0: (18000,360000) ops and (17896.3,17368.4) ops/second in (1.005793,20.727338) seconds
2026/05/26-11:28:33  ... thread 2: (18000,362000) ops and (17919.0,17452.5) ops/second in (1.004520,20.742059) seconds
2026/05/26-11:28:33  ... thread 1: (16000,355000) ops and (15285.6,17107.8) ops/second in (1.046736,20.750767) seconds
2026/05/26-11:28:34  ... thread 3: (15000,380000) ops and (12764.0,17350.8) ops/second in (1.175182,21.900984) seconds
2026/05/26-11:28:34  ... thread 1: (12000,367000) ops and (10404.6,16754.9) ops/second in (1.153336,21.904103) seconds
2026/05/26-11:28:34  ... thread 0: (14000,374000) ops and (11786.6,17065.8) ops/second in (1.187786,21.915124) seconds
2026/05/26-11:28:34  ... thread 2: (13000,375000) ops and (11096.3,17112.6) ops/second in (1.171557,21.913616) seconds
2026/05/26-11:28:36  ... thread 2: (16000,391000) ops and (14639.3,16995.1) ops/second in (1.092948,23.006564) seconds
2026/05/26-11:28:36  ... thread 1: (15000,382000) ops and (13446.1,16594.5) ops/second in (1.115564,23.019667) seconds
2026/05/26-11:28:36  ... thread 3: (15000,395000) ops and (13302.9,17152.6) ops/second in (1.127574,23.028558) seconds
2026/05/26-11:28:36  ... thread 0: (16000,390000) ops and (13901.6,16908.0) ops/second in (1.150946,23.066070) seconds
2026/05/26-11:28:37  ... thread 1: (19000,401000) ops and (18948.3,16692.8) ops/second in (1.002728,24.022395) seconds
2026/05/26-11:28:37  ... thread 3: (21000,416000) ops and (20883.3,17308.7) ops/second in (1.005588,24.034146) seconds
2026/05/26-11:28:37  ... thread 2: (21000,412000) ops and (19819.7,17119.5) ops/second in (1.059551,24.066115) seconds
2026/05/26-11:28:37  ... thread 0: (20000,410000) ops and (19850.1,17031.1) ops/second in (1.007552,24.073622) seconds
2026/05/26-11:28:38  ... thread 1: (28000,429000) ops and (21498.9,16939.9) ops/second in (1.302392,25.324787) seconds
2026/05/26-11:28:38  ... thread 0: (27000,437000) ops and (21464.1,17251.2) ops/second in (1.257916,25.331538) seconds
2026/05/26-11:28:38  ... thread 3: (25000,441000) ops and (19011.7,17397.0) ops/second in (1.314983,25.349129) seconds
2026/05/26-11:28:38  ... thread 2: (26000,438000) ops and (20266.9,17278.8) ops/second in (1.282880,25.348995) seconds
2026/05/26-11:28:39  ... thread 0: (31000,468000) ops and (19513.8,17384.7) ops/second in (1.588616,26.920154) seconds
2026/05/26-11:28:39  ... thread 2: (31000,469000) ops and (19641.3,17417.3) ops/second in (1.578308,26.927303) seconds
2026/05/26-11:28:39  ... thread 3: (33000,474000) ops and (20475.4,17581.1) ops/second in (1.611691,26.960820) seconds
2026/05/26-11:28:40  ... thread 1: (29000,458000) ops and (17547.6,16977.2) ops/second in (1.652646,26.977433) seconds
2026/05/26-11:28:40  ... thread 0: (35000,503000) ops and (33885.7,17994.5) ops/second in (1.032884,27.953038) seconds
2026/05/26-11:28:40  ... thread 2: (30000,499000) ops and (28933.4,17844.3) ops/second in (1.036863,27.964166) seconds
2026/05/26-11:28:41  ... thread 3: (28000,502000) ops and (27504.4,17942.1) ops/second in (1.018019,27.978839) seconds
2026/05/26-11:28:41  ... thread 1: (34000,492000) ops and (33057.5,17567.7) ops/second in (1.028510,28.005943) seconds
2026/05/26-11:28:41  ... thread 0: (36000,539000) ops and (35660.3,18610.2) ops/second in (1.009527,28.962565) seconds
2026/05/26-11:28:41  ... thread 2: (30000,529000) ops and (29992.0,18263.8) ops/second in (1.000268,28.964434) seconds
2026/05/26-11:28:42  ... thread 3: (42000,544000) ops and (41014.2,18756.8) ops/second in (1.024035,29.002874) seconds
2026/05/26-11:28:42  ... thread 1: (42000,534000) ops and (41474.9,18402.0) ops/second in (1.012660,29.018603) seconds
2026/05/26-11:28:42  ... thread 2: (33000,562000) ops and (32868.8,18753.1) ops/second in (1.003991,29.968425) seconds
2026/05/26-11:28:43  ... thread 3: (29000,573000) ops and (28999.2,19098.2) ops/second in (1.000028,30.002902) seconds
2026/05/26-11:28:43  ... thread 0: (37000,576000) ops and (34888.9,19185.2) ops/second in (1.060510,30.023075) seconds
2026/05/26-11:28:43  ... thread 1: (30000,564000) ops and (29814.8,18784.5) ops/second in (1.006210,30.024813) seconds
2026/05/26-11:28:44  ... thread 2: (27000,589000) ops and (26738.4,19013.4) ops/second in (1.009783,30.978208) seconds
2026/05/26-11:28:44  ... thread 3: (27000,600000) ops and (26877.7,19350.2) ops/second in (1.004551,31.007453) seconds
2026/05/26-11:28:44  ... thread 1: (35000,599000) ops and (34861.1,19304.6) ops/second in (1.003984,31.028797) seconds
2026/05/26-11:28:44  ... thread 0: (19000,595000) ops and (18766.6,19171.6) ops/second in (1.012438,31.035513) seconds
2026/05/26-11:28:45  ... thread 2: (18000,607000) ops and (17389.2,18960.9) ops/second in (1.035124,32.013332) seconds
2026/05/26-11:28:45  ... thread 1: (17000,616000) ops and (16950.6,19230.9) ops/second in (1.002916,32.031713) seconds
2026/05/26-11:28:45  ... thread 3: (20000,620000) ops and (19434.0,19352.9) ops/second in (1.029125,32.036578) seconds
2026/05/26-11:28:45  ... thread 0: (16000,611000) ops and (15734.6,19062.5) ops/second in (1.016865,32.052378) seconds
2026/05/26-11:28:46  ... thread 0: (19000,630000) ops and (18850.7,19056.1) ops/second in (1.007918,33.060296) seconds
2026/05/26-11:28:46  ... thread 2: (41000,648000) ops and (31113.6,19441.3) ops/second in (1.317750,33.331082) seconds
2026/05/26-11:28:46  ... thread 1: (22000,638000) ops and (11968.7,18836.8) ops/second in (1.838135,33.869848) seconds
2026/05/26-11:28:47  ... thread 3: (19000,639000) ops and (9679.7,18794.4) ops/second in (1.962867,33.999445) seconds
2026/05/26-11:28:47  ... thread 2: (4000,652000) ops and (3769.3,18957.7) ops/second in (1.061217,34.392299) seconds
2026/05/26-11:28:48  ... thread 3: (3000,642000) ops and (2911.0,18327.1) ops/second in (1.030587,35.030032) seconds
2026/05/26-11:28:48  ... thread 0: (3000,633000) ops and (1462.3,18028.1) ops/second in (2.051615,35.111911) seconds
2026/05/26-11:28:48  ... thread 1: (3000,641000) ops and (2196.8,18191.9) ops/second in (1.365609,35.235457) seconds
2026/05/26-11:28:48  ... thread 2: (2000,654000) ops and (1686.0,18381.9) ops/second in (1.186237,35.578536) seconds
2026/05/26-11:28:49  ... thread 0: (3000,636000) ops and (2484.4,17511.3) ops/second in (1.207553,36.319464) seconds
2026/05/26-11:28:49  ... thread 3: (3000,645000) ops and (2149.6,17707.3) ops/second in (1.395601,36.425633) seconds
2026/05/26-11:28:49  ... thread 1: (1000,642000) ops and (743.8,17550.6) ops/second in (1.344507,36.579964) seconds
2026/05/26-11:28:50  ... thread 2: (3000,657000) ops and (2149.1,17769.0) ops/second in (1.395963,36.974499) seconds
2026/05/26-11:28:50  ... thread 0: (2000,638000) ops and (1878.3,17066.0) ops/second in (1.064808,37.384272) seconds
2026/05/26-11:28:50  ... thread 3: (2000,647000) ops and (1725.3,17214.4) ops/second in (1.159199,37.584832) seconds
2026/05/26-11:28:50  ... thread 1: (2000,644000) ops and (1948.4,17124.7) ops/second in (1.026480,37.606444) seconds
2026/05/26-11:28:51  ... thread 2: (3000,660000) ops and (2603.3,17310.6) ops/second in (1.152371,38.126870) seconds
2026/05/26-11:28:51  ... thread 0: (3000,641000) ops and (2957.1,16693.2) ops/second in (1.014494,38.398766) seconds
2026/05/26-11:28:51  ... thread 3: (3000,650000) ops and (2756.2,16807.5) ops/second in (1.088463,38.673295) seconds
2026/05/26-11:28:51  ... thread 1: (2000,646000) ops and (1616.9,16630.9) ops/second in (1.236943,38.843387) seconds
2026/05/26-11:28:52  ... thread 2: (2000,662000) ops and (1980.6,16915.1) ops/second in (1.009774,39.136644) seconds
2026/05/26-11:28:52  ... thread 3: (3000,653000) ops and (2544.6,16385.5) ops/second in (1.178968,39.852263) seconds
2026/05/26-11:28:53  ... thread 0: (2000,643000) ops and (1084.2,15977.8) ops/second in (1.844631,40.243397) seconds
2026/05/26-11:28:53  ... thread 2: (1000,663000) ops and (767.6,16394.9) ops/second in (1.302781,40.439425) seconds
2026/05/26-11:28:53  ... thread 1: (3000,649000) ops and (1711.9,15986.9) ops/second in (1.752409,40.595796) seconds
2026/05/26-11:28:53  ... thread 3: (4000,657000) ops and (3871.8,16069.3) ops/second in (1.033119,40.885382) seconds
2026/05/26-11:28:54  ... thread 0: (2000,645000) ops and (1422.1,15486.3) ops/second in (1.406408,41.649805) seconds
2026/05/26-11:28:54  ... thread 1: (4000,653000) ops and (3137.4,15595.6) ops/second in (1.274960,41.870756) seconds
2026/05/26-11:28:55  ... thread 3: (2000,659000) ops and (1762.0,15682.8) ops/second in (1.135103,42.020485) seconds
2026/05/26-11:28:55  ... thread 2: (3000,666000) ops and (1727.9,15791.1) ops/second in (1.736222,42.175647) seconds
2026/05/26-11:28:55  ... thread 0: (3000,648000) ops and (2739.3,15159.7) ops/second in (1.095172,42.744977) seconds
2026/05/26-11:28:56  ... thread 3: (4000,663000) ops and (3242.4,15328.0) ops/second in (1.233653,43.254138) seconds
2026/05/26-11:28:56  ... thread 1: (2000,655000) ops and (1399.9,15127.2) ops/second in (1.428651,43.299407) seconds
2026/05/26-11:28:56  ... thread 2: (2000,668000) ops and (1519.7,15359.3) ops/second in (1.316007,43.491654) seconds
2026/05/26-11:28:57  ... thread 0: (2000,650000) ops and (1604.2,14775.5) ops/second in (1.246749,43.991726) seconds
2026/05/26-11:28:57  ... thread 3: (2000,665000) ops and (1907.7,15010.4) ops/second in (1.048369,44.302507) seconds
2026/05/26-11:28:57  ... thread 1: (2000,657000) ops and (1455.3,14706.7) ops/second in (1.374259,44.673666) seconds
2026/05/26-11:28:57  ... thread 2: (3000,671000) ops and (2503.4,15014.5) ops/second in (1.198380,44.690034) seconds
2026/05/26-11:28:58  ... thread 0: (15000,665000) ops and (14821.5,14776.5) ops/second in (1.012046,45.003772) seconds
2026/05/26-11:28:58  ... thread 3: (22000,687000) ops and (21429.0,15155.8) ops/second in (1.026645,45.329152) seconds
2026/05/26-11:28:58  ... thread 1: (33000,690000) ops and (32243.0,15099.4) ops/second in (1.023479,45.697145) seconds
2026/05/26-11:28:58  ... thread 2: (32000,703000) ops and (31211.2,15377.8) ops/second in (1.025273,45.715307) seconds
2026/05/26-11:28:59  ... thread 0: (24000,689000) ops and (23563.4,14971.0) ops/second in (1.018527,46.022299) seconds
2026/05/26-11:28:59  ... thread 3: (30000,717000) ops and (29668.0,15472.5) ops/second in (1.011190,46.340342) seconds
2026/05/26-11:29:00  ... thread 2: (23000,726000) ops and (16182.7,15402.1) ops/second in (1.421267,47.136574) seconds
2026/05/26-11:29:00  ... thread 0: (16000,705000) ops and (14192.0,14952.4) ops/second in (1.127397,47.149696) seconds
2026/05/26-11:29:00  ... thread 1: (24000,714000) ops and (16399.5,15139.8) ops/second in (1.463459,47.160604) seconds
2026/05/26-11:29:00  ... thread 3: (12000,729000) ops and (11969.2,15398.3) ops/second in (1.002572,47.342914) seconds
2026/05/26-11:29:01  ... thread 1: (15000,729000) ops and (14171.5,15118.5) ops/second in (1.058464,48.219068) seconds
2026/05/26-11:29:01  ... thread 0: (17000,722000) ops and (12972.6,14898.8) ops/second in (1.310457,48.460153) seconds
2026/05/26-11:29:01  ... thread 2: (17000,743000) ops and (12430.6,15318.3) ops/second in (1.367591,48.504165) seconds
2026/05/26-11:29:01  ... thread 3: (8000,737000) ops and (6043.1,15143.8) ops/second in (1.323827,48.666741) seconds
2026/05/26-11:29:02  ... thread 2: (3000,746000) ops and (2662.1,15030.9) ops/second in (1.126923,49.631088) seconds
2026/05/26-11:29:02  ... thread 3: (1000,738000) ops and (985.3,14854.6) ops/second in (1.014938,49.681679) seconds
2026/05/26-11:29:03  ... thread 1: (4000,733000) ops and (2270.2,14665.6) ops/second in (1.761931,49.980999) seconds
2026/05/26-11:29:03  ... thread 0: (2000,724000) ops and (1212.2,14448.2) ops/second in (1.649947,50.110100) seconds
2026/05/26-11:29:03  ... thread 2: (2000,748000) ops and (1821.6,14745.0) ops/second in (1.097955,50.729043) seconds
2026/05/26-11:29:04  ... thread 3: (4000,742000) ops and (2896.5,14531.2) ops/second in (1.380991,51.062670) seconds
2026/05/26-11:29:04  ... thread 1: (3000,736000) ops and (2393.9,14365.4) ops/second in (1.253163,51.234162) seconds
2026/05/26-11:29:04  ... thread 0: (1000,725000) ops and (648.2,14036.0) ops/second in (1.542761,51.652861) seconds
2026/05/26-11:29:05  ... thread 2: (3000,751000) ops and (2297.6,14432.7) ops/second in (1.305694,52.034737) seconds
2026/05/26-11:29:05  ... thread 3: (4000,746000) ops and (2695.0,14196.8) ops/second in (1.484207,52.546877) seconds
2026/05/26-11:29:05  ... thread 0: (3000,728000) ops and (2491.8,13773.1) ops/second in (1.203967,52.856828) seconds
2026/05/26-11:29:05  ... thread 1: (4000,740000) ops and (2348.5,13978.8) ops/second in (1.703205,52.937367) seconds
2026/05/26-11:29:06  ... thread 2: (2000,753000) ops and (1476.5,14104.0) ops/second in (1.354526,53.389263) seconds
2026/05/26-11:29:06  ... thread 3: (2000,748000) ops and (1452.5,13871.4) ops/second in (1.376913,53.923790) seconds
2026/05/26-11:29:07  ... thread 1: (3000,743000) ops and (2896.1,13766.1) ops/second in (1.035883,53.973250) seconds
2026/05/26-11:29:07  ... thread 0: (1000,729000) ops and (751.3,13453.2) ops/second in (1.330959,54.187787) seconds
2026/05/26-11:29:07  ... thread 2: (3000,756000) ops and (2453.7,13843.1) ops/second in (1.222656,54.611919) seconds
2026/05/26-11:29:08  ... thread 3: (2000,750000) ops and (1523.4,13577.9) ops/second in (1.312870,55.236660) seconds
2026/05/26-11:29:08  ... thread 1: (4000,747000) ops and (3143.3,13521.4) ops/second in (1.272548,55.245798) seconds
2026/05/26-11:29:08  ... thread 0: (2000,731000) ops and (1520.3,13170.4) ops/second in (1.315493,55.503280) seconds
2026/05/26-11:29:09  ... thread 2: (2000,758000) ops and (1418.1,13530.3) ops/second in (1.410312,56.022231) seconds
2026/05/26-11:29:09  ... thread 3: (4000,754000) ops and (3500.8,13373.7) ops/second in (1.142595,56.379255) seconds
2026/05/26-11:29:09  ... thread 0: (2000,733000) ops and (1610.7,12917.4) ops/second in (1.241722,56.745002) seconds
2026/05/26-11:29:09  ... thread 1: (3000,750000) ops and (1863.1,13191.2) ops/second in (1.610228,56.856026) seconds
2026/05/26-11:29:10  ... thread 3: (2000,756000) ops and (1974.0,13172.5) ops/second in (1.013174,57.392429) seconds
2026/05/26-11:29:10  ... thread 2: (3000,761000) ops and (2151.4,13254.0) ops/second in (1.394423,57.416654) seconds
2026/05/26-11:29:11  ... thread 1: (2000,752000) ops and (1748.0,12965.5) ops/second in (1.144149,58.000175) seconds
2026/05/26-11:29:11  ... thread 0: (3000,736000) ops and (2135.0,12656.9) ops/second in (1.405138,58.150140) seconds
2026/05/26-11:29:12  ... thread 2: (2000,763000) ops and (1241.0,12926.0) ops/second in (1.611617,59.028271) seconds
2026/05/26-11:29:12  ... thread 3: (2000,758000) ops and (1214.9,12839.0) ops/second in (1.646263,59.038692) seconds
2026/05/26-11:29:12  ... thread 0: (4000,740000) ops and (3494.8,12480.0) ops/second in (1.144565,59.294705) seconds
2026/05/26-11:29:12  ... thread 1: (3000,755000) ops and (1990.0,12687.4) ops/second in (1.507530,59.507705) seconds
2026/05/26-11:29:13  ... thread 3: (3000,761000) ops and (2292.3,12610.3) ops/second in (1.308735,60.347427) seconds
2026/05/26-11:29:13  ... thread 2: (3000,766000) ops and (1939.0,12645.4) ops/second in (1.547170,60.575441) seconds
2026/05/26-11:29:14  ... thread 1: (3000,758000) ops and (1889.1,12406.7) ops/second in (1.588071,61.095776) seconds
2026/05/26-11:29:14  ... thread 0: (3000,743000) ops and (1661.7,12160.4) ops/second in (1.805424,61.100129) seconds
2026/05/26-11:29:14  ... thread 3: (3000,764000) ops and (2837.9,12442.1) ops/second in (1.057125,61.404552) seconds
2026/05/26-11:29:15  ... thread 2: (2000,768000) ops and (1422.2,12390.7) ops/second in (1.406296,61.981737) seconds
2026/05/26-11:29:15  ... thread 0: (2000,745000) ops and (1736.0,11967.5) ops/second in (1.152057,62.252186) seconds
2026/05/26-11:29:15  ... thread 3: (3000,767000) ops and (2670.5,12266.5) ops/second in (1.123372,62.527924) seconds
2026/05/26-11:29:16  ... thread 1: (4000,762000) ops and (1996.9,12076.3) ops/second in (2.003143,63.098919) seconds
2026/05/26-11:29:16  ... thread 2: (2000,770000) ops and (1464.8,12155.2) ops/second in (1.365401,63.347138) seconds
2026/05/26-11:29:16  ... thread 0: (3000,748000) ops and (2514.6,11789.7) ops/second in (1.193015,63.445201) seconds
2026/05/26-11:29:16  ... thread 3: (3000,770000) ops and (2653.1,12095.8) ops/second in (1.130768,63.658692) seconds
2026/05/26-11:29:17  ... thread 1: (2000,764000) ops and (1552.9,11865.8) ops/second in (1.287904,64.386823) seconds
2026/05/26-11:29:17  ... thread 2: (2000,772000) ops and (1869.5,11984.4) ops/second in (1.069818,64.416956) seconds
2026/05/26-11:29:17  ... thread 0: (3000,751000) ops and (2037.4,11568.5) ops/second in (1.472457,64.917658) seconds
2026/05/26-11:29:18  ... thread 3: (2000,772000) ops and (1439.7,11868.2) ops/second in (1.389202,65.047894) seconds
2026/05/26-11:29:18  ... thread 2: (3000,775000) ops and (2996.3,11846.9) ops/second in (1.001235,65.418191) seconds
2026/05/26-11:29:18  ... thread 1: (2000,766000) ops and (1655.3,11677.7) ops/second in (1.208247,65.595070) seconds
2026/05/26-11:29:19  ... thread 2: (3000,778000) ops and (2832.3,11703.2) ops/second in (1.059193,66.477384) seconds
2026/05/26-11:29:19  ... thread 3: (2000,774000) ops and (1361.0,11636.1) ops/second in (1.469520,66.517414) seconds
2026/05/26-11:29:19  ... thread 0: (3000,754000) ops and (1870.6,11334.7) ops/second in (1.603756,66.521414) seconds
2026/05/26-11:29:19  ... thread 1: (3000,769000) ops and (2224.9,11487.3) ops/second in (1.348384,66.943454) seconds
2026/05/26-11:29:20  ... thread 0: (2000,756000) ops and (1996.2,11196.1) ops/second in (1.001918,67.523332) seconds
2026/05/26-11:29:20  ... thread 2: (2000,780000) ops and (1620.6,11519.5) ops/second in (1.234087,67.711471) seconds
2026/05/26-11:29:20  ... thread 3: (4000,778000) ops and (2807.5,11450.9) ops/second in (1.424760,67.942174) seconds
2026/05/26-11:29:21  ... thread 1: (2000,771000) ops and (1743.0,11323.1) ops/second in (1.147465,68.090919) seconds
2026/05/26-11:29:21  ... thread 2: (2000,782000) ops and (1864.0,11368.9) ops/second in (1.072967,68.784438) seconds
2026/05/26-11:29:21  ... thread 0: (2000,758000) ops and (1480.9,11005.6) ops/second in (1.350510,68.873842) seconds
2026/05/26-11:29:22  ... thread 1: (3000,774000) ops and (2272.3,11150.9) ops/second in (1.320246,69.411165) seconds
2026/05/26-11:29:22  ... thread 3: (3000,781000) ops and (2019.6,11249.1) ops/second in (1.485474,69.427648) seconds
2026/05/26-11:29:23  ... thread 0: (2000,760000) ops and (1368.0,10805.3) ops/second in (1.462020,70.335862) seconds
2026/05/26-11:29:23  ... thread 2: (3000,785000) ops and (1917.8,11158.7) ops/second in (1.564266,70.348704) seconds
2026/05/26-11:29:23  ... thread 3: (3000,784000) ops and (2651.2,11111.2) ops/second in (1.131560,70.559208) seconds
2026/05/26-11:29:23  ... thread 1: (3000,777000) ops and (2255.2,10983.7) ops/second in (1.330261,70.741426) seconds
2026/05/26-11:29:24  ... thread 0: (2000,762000) ops and (1421.4,10621.3) ops/second in (1.407040,71.742902) seconds
2026/05/26-11:29:25  ... thread 3: (4000,788000) ops and (2800.3,10946.3) ops/second in (1.428438,71.987646) seconds
2026/05/26-11:29:25  ... thread 2: (3000,788000) ops and (1790.9,10940.8) ops/second in (1.675161,72.023865) seconds
2026/05/26-11:29:25  ... thread 1: (2000,779000) ops and (1123.2,10741.6) ops/second in (1.780677,72.522103) seconds
2026/05/26-11:29:26  ... thread 0: (3000,765000) ops and (2084.8,10453.4) ops/second in (1.438967,73.181869) seconds
2026/05/26-11:29:26  ... thread 2: (2000,790000) ops and (1480.3,10766.6) ops/second in (1.351086,73.374951) seconds
2026/05/26-11:29:26  ... thread 3: (4000,792000) ops and (2508.2,10763.4) ops/second in (1.594740,73.582386) seconds
2026/05/26-11:29:26  ... thread 1: (3000,782000) ops and (2820.4,10627.1) ops/second in (1.063665,73.585768) seconds
2026/05/26-11:29:27  ... thread 0: (3000,768000) ops and (2866.7,10346.4) ops/second in (1.046495,74.228364) seconds
2026/05/26-11:29:27  ... thread 3: (2000,794000) ops and (1616.0,10612.1) ops/second in (1.237655,74.820041) seconds
2026/05/26-11:29:27  ... thread 2: (3000,793000) ops and (1952.8,10585.9) ops/second in (1.536282,74.911233) seconds
2026/05/26-11:29:28  ... thread 1: (2000,784000) ops and (1415.0,10453.4) ops/second in (1.413465,74.999233) seconds
2026/05/26-11:29:28  ... thread 0: (3000,771000) ops and (2304.2,10207.8) ops/second in (1.301983,75.530347) seconds
2026/05/26-11:29:28  ... thread 3: (2000,796000) ops and (1797.5,10483.0) ops/second in (1.112641,75.932682) seconds
2026/05/26-11:29:28  ... thread 2: (3000,796000) ops and (2928.4,10482.6) ops/second in (1.024448,75.935681) seconds
2026/05/26-11:29:29  ... thread 1: (5000,789000) ops and (4963.7,10380.7) ops/second in (1.007323,76.006556) seconds
2026/05/26-11:29:29  ... thread 0: (20000,791000) ops and (17660.5,10317.9) ops/second in (1.132471,76.662818) seconds
2026/05/26-11:29:29  ... thread 3: (30000,826000) ops and (29658.8,10735.1) ops/second in (1.011505,76.944187) seconds
2026/05/26-11:29:29  ... thread 2: (36000,832000) ops and (35835.7,10813.6) ops/second in (1.004584,76.940265) seconds
2026/05/26-11:29:30  ... thread 1: (37000,826000) ops and (36984.8,10726.3) ops/second in (1.000412,77.006968) seconds
2026/05/26-11:29:30  ... thread 0: (32000,823000) ops and (31785.4,10596.2) ops/second in (1.006750,77.669568) seconds
2026/05/26-11:29:30  ... thread 3: (29000,855000) ops and (28600.7,10967.4) ops/second in (1.013962,77.958149) seconds
2026/05/26-11:29:31  ... thread 2: (23000,855000) ops and (22214.2,10965.0) ops/second in (1.035373,77.975638) seconds
2026/05/26-11:29:31  ... thread 1: (30000,856000) ops and (29462.0,10970.8) ops/second in (1.018262,78.025230) seconds
2026/05/26-11:29:31  ... thread 0: (14000,837000) ops and (12029.4,10617.3) ops/second in (1.163817,78.833385) seconds
2026/05/26-11:29:31  ... thread 3: (14000,869000) ops and (13964.8,11005.5) ops/second in (1.002520,78.960669) seconds
2026/05/26-11:29:32  ... thread 2: (11000,866000) ops and (10599.6,10960.2) ops/second in (1.037777,79.013415) seconds
2026/05/26-11:29:32  ... thread 1: (16000,872000) ops and (15937.5,11033.9) ops/second in (1.003923,79.029153) seconds
2026/05/26-11:29:32  ... thread 0: (31000,868000) ops and (27989.9,10858.0) ops/second in (1.107541,79.940926) seconds
2026/05/26-11:29:32  ... thread 3: (23000,892000) ops and (22989.7,11155.4) ops/second in (1.000449,79.961118) seconds
2026/05/26-11:29:33  ... thread 2: (22000,888000) ops and (21946.1,11097.8) ops/second in (1.002456,80.015871) seconds
2026/05/26-11:29:33  ... thread 1: (34000,906000) ops and (32610.3,11314.8) ops/second in (1.042615,80.071768) seconds
2026/05/26-11:29:34  ... thread 0: (28000,896000) ops and (19400.7,11009.5) ops/second in (1.443250,81.384176) seconds
2026/05/26-11:29:34  ... thread 1: (33000,939000) ops and (25149.8,11537.9) ops/second in (1.312138,81.383906) seconds
2026/05/26-11:29:34  ... thread 3: (31000,923000) ops and (21604.9,11339.6) ops/second in (1.434857,81.395975) seconds
2026/05/26-11:29:34  ... thread 2: (28000,916000) ops and (20323.5,11254.0) ops/second in (1.377718,81.393589) seconds
2026/05/26-11:29:35  ... thread 3: (28000,951000) ops and (27907.4,11541.4) ops/second in (1.003317,82.399292) seconds
2026/05/26-11:29:35  ... thread 2: (40000,956000) ops and (39283.0,11600.3) ops/second in (1.018253,82.411842) seconds
2026/05/26-11:29:35  ... thread 1: (35000,974000) ops and (33949.6,11818.3) ops/second in (1.030939,82.414845) seconds
2026/05/26-11:29:35  ... thread 0: (37000,933000) ops and (35766.1,11320.2) ops/second in (1.034499,82.418675) seconds
2026/05/26-11:29:36  ... thread 1: (13000,987000) ops and (12555.5,11827.4) ops/second in (1.035405,83.450250) seconds
2026/05/26-11:29:36  ... thread 0: (12000,945000) ops and (8797.1,11279.2) ops/second in (1.364086,83.782761) seconds
2026/05/26-11:29:36  ... thread 3: (14000,965000) ops and (9127.6,11497.3) ops/second in (1.533806,83.933098) seconds
2026/05/26-11:29:37  ... thread 2: (13000,969000) ops and (6990.4,11498.5) ops/second in (1.859696,84.271538) seconds
2026/05/26-11:29:37  ... thread 1: (3000,990000) ops and (2238.1,11675.8) ops/second in (1.340447,84.790697) seconds
2026/05/26-11:29:38  ... thread 0: (4000,949000) ops and (3187.1,11159.7) ops/second in (1.255044,85.037805) seconds
2026/05/26-11:29:38  ... thread 3: (2000,967000) ops and (1630.2,11355.1) ops/second in (1.226873,85.159971) seconds
2026/05/26-11:29:38  ... thread 2: (2000,971000) ops and (1275.4,11311.8) ops/second in (1.568130,85.839668) seconds
2026/05/26-11:29:39  ... thread 1: (3000,993000) ops and (2146.6,11521.3) ops/second in (1.397534,86.188231) seconds
2026/05/26-11:29:39  ... thread 0: (2000,951000) ops and (1593.7,11020.6) ops/second in (1.254922,86.292727) seconds
2026/05/26-11:29:39  ... thread 3: (2000,969000) ops and (1734.1,11226.5) ops/second in (1.153324,86.313295) seconds
2026/05/26-11:29:39  ... thread 2: (26000,997000) ops and (25571.6,11478.7) ops/second in (1.016752,86.856420) seconds
2026/05/26-11:29:40  ... thread 1: (30000,1023000) ops and (29306.4,11730.1) ops/second in (1.023667,87.211898) seconds
2026/05/26-11:29:40  ... thread 0: (32000,983000) ops and (31942.2,11260.7) ops/second in (1.001809,87.294536) seconds
2026/05/26-11:29:40  ... thread 3: (35000,1004000) ops and (34298.9,11496.1) ops/second in (1.020441,87.333736) seconds
2026/05/26-11:29:40  ... thread 2: (32000,1029000) ops and (31430.3,11709.9) ops/second in (1.018126,87.874546) seconds
2026/05/26-11:29:41  ... thread 1: (30000,1053000) ops and (29845.5,11936.5) ops/second in (1.005175,88.217073) seconds
2026/05/26-11:29:41  ... thread 0: (42000,1025000) ops and (41469.7,11607.2) ops/second in (1.012788,88.307324) seconds
2026/05/26-11:29:41  ... thread 3: (32000,1036000) ops and (31857.5,11727.7) ops/second in (1.004474,88.338210) seconds
2026/05/26-11:29:41  ... thread 2: (33000,1062000) ops and (32677.0,11948.1) ops/second in (1.009885,88.884431) seconds
2026/05/26-11:29:42  ... thread 1: (38000,1091000) ops and (37418.1,12226.5) ops/second in (1.015550,89.232623) seconds
2026/05/26-11:29:42  ... thread 0: (29000,1054000) ops and (28389.2,11799.1) ops/second in (1.021517,89.328841) seconds
2026/05/26-11:29:42  ... thread 3: (27000,1063000) ops and (26287.0,11895.0) ops/second in (1.027122,89.365332) seconds
2026/05/26-11:29:43  ... thread 0: (6000,1060000) ops and (5867.0,11732.0) ops/second in (1.022673,90.351514) seconds
2026/05/26-11:29:43  ... thread 1: (8000,1099000) ops and (6872.7,12157.5) ops/second in (1.164025,90.396648) seconds
2026/05/26-11:29:43  ... thread 3: (2000,1065000) ops and (1710.2,11763.4) ops/second in (1.169466,90.534798) seconds
2026/05/26-11:29:43  ... thread 2: (14000,1076000) ops and (8186.1,11877.1) ops/second in (1.710224,90.594655) seconds
2026/05/26-11:29:44  ... thread 0: (2000,1062000) ops and (1824.4,11613.2) ops/second in (1.096270,91.447784) seconds
2026/05/26-11:29:44  ... thread 1: (3000,1102000) ops and (2607.0,12037.5) ops/second in (1.150758,91.547406) seconds
2026/05/26-11:29:44  ... thread 2: (3000,1079000) ops and (2679.7,11764.8) ops/second in (1.119529,91.714184) seconds
2026/05/26-11:29:45  ... thread 3: (2000,1067000) ops and (1246.9,11580.4) ops/second in (1.603985,92.138783) seconds
2026/05/26-11:29:45  ... thread 1: (4000,1106000) ops and (3124.5,11914.6) ops/second in (1.280189,92.827595) seconds
2026/05/26-11:29:45  ... thread 2: (2000,1081000) ops and (1744.7,11641.1) ops/second in (1.146298,92.860482) seconds
2026/05/26-11:29:46  ... thread 0: (3000,1065000) ops and (1854.1,11443.5) ops/second in (1.618010,93.065794) seconds
2026/05/26-11:29:46  ... thread 3: (2000,1069000) ops and (1627.3,11449.3) ops/second in (1.229025,93.367808) seconds
2026/05/26-11:29:47  ... thread 2: (3000,1084000) ops and (2627.7,11531.6) ops/second in (1.141682,94.002164) seconds
2026/05/26-11:29:47  ... thread 1: (2000,1108000) ops and (1618.3,11779.3) ops/second in (1.235839,94.063434) seconds
2026/05/26-11:29:47  ... thread 0: (2000,1067000) ops and (1695.9,11321.5) ops/second in (1.179345,94.245139) seconds
2026/05/26-11:29:47  ... thread 3: (2000,1071000) ops and (1793.6,11335.4) ops/second in (1.115104,94.482912) seconds
2026/05/26-11:29:48  ... thread 2: (2000,1086000) ops and (1942.0,11427.7) ops/second in (1.029865,95.032029) seconds
2026/05/26-11:29:48  ... thread 0: (3000,1070000) ops and (2201.8,11191.6) ops/second in (1.362504,95.607643) seconds
2026/05/26-11:29:48  ... thread 1: (2000,1110000) ops and (1255.4,11604.0) ops/second in (1.593142,95.656576) seconds
2026/05/26-11:29:48  ... thread 3: (4000,1075000) ops and (2868.2,11212.2) ops/second in (1.394584,95.877496) seconds
2026/05/26-11:29:49  ... thread 2: (3000,1089000) ops and (2025.3,11283.4) ops/second in (1.481237,96.513266) seconds
2026/05/26-11:29:49  ... thread 0: (2000,1072000) ops and (1825.4,11085.5) ops/second in (1.095636,96.703279) seconds
2026/05/26-11:29:49  ... thread 3: (2000,1077000) ops and (1875.6,11109.5) ops/second in (1.066323,96.943819) seconds
2026/05/26-11:29:50  ... thread 1: (3000,1113000) ops and (2266.6,11476.6) ops/second in (1.323566,96.980142) seconds
2026/05/26-11:29:50  ... thread 2: (3000,1092000) ops and (2928.0,11195.7) ops/second in (1.024596,97.537862) seconds
2026/05/26-11:29:51  ... thread 0: (3000,1075000) ops and (2332.5,10970.6) ops/second in (1.286167,97.989446) seconds
2026/05/26-11:29:51  ... thread 3: (2000,1079000) ops and (1425.1,10971.3) ops/second in (1.403380,98.347199) seconds
2026/05/26-11:29:51  ... thread 1: (2000,1115000) ops and (1401.6,11330.5) ops/second in (1.426927,98.407069) seconds
2026/05/26-11:29:51  ... thread 2: (3000,1095000) ops and (2705.1,11100.2) ops/second in (1.109022,98.646884) seconds
2026/05/26-11:29:52  ... thread 0: (2000,1077000) ops and (1794.1,10867.4) ops/second in (1.114734,99.104180) seconds
2026/05/26-11:29:52  ... thread 1: (3000,1118000) ops and (2999.7,11246.7) ops/second in (1.000105,99.407174) seconds
2026/05/26-11:29:52  ... thread 3: (2000,1081000) ops and (1688.0,10860.8) ops/second in (1.184803,99.532002) seconds
2026/05/26-11:29:53  ... thread 2: (2000,1097000) ops and (1255.8,10943.8) ops/second in (1.592594,100.239478) seconds
2026/05/26-11:29:53  ... thread 0: (2000,1079000) ops and (1714.5,10760.9) ops/second in (1.166507,100.270687) seconds
2026/05/26-11:29:53  ... thread 3: (2000,1083000) ops and (1956.6,10770.3) ops/second in (1.022200,100.554202) seconds
2026/05/26-11:29:54  ... thread 1: (3000,1121000) ops and (1777.5,11088.6) ops/second in (1.687733,101.094907) seconds
2026/05/26-11:29:54  ... thread 0: (3000,1082000) ops and (2926.8,10681.6) ops/second in (1.025000,101.295687) seconds
2026/05/26-11:29:54  ... thread 3: (2000,1085000) ops and (1776.3,10670.7) ops/second in (1.125951,101.680153) seconds
2026/05/26-11:29:54  ... thread 2: (3000,1100000) ops and (1899.0,10803.5) ops/second in (1.579811,101.819289) seconds
2026/05/26-11:29:55  ... thread 1: (2000,1123000) ops and (1728.0,10982.6) ops/second in (1.157383,102.252290) seconds
2026/05/26-11:29:55  ... thread 0: (3000,1085000) ops and (1860.9,10543.4) ops/second in (1.612157,102.907844) seconds
2026/05/26-11:29:56  ... thread 2: (2000,1102000) ops and (1545.8,10687.3) ops/second in (1.293835,103.113124) seconds
2026/05/26-11:29:56  ... thread 3: (3000,1088000) ops and (2079.2,10550.5) ops/second in (1.442854,103.123007) seconds
2026/05/26-11:29:56  ... thread 1: (4000,1127000) ops and (2957.8,10877.9) ops/second in (1.352363,103.604653) seconds
2026/05/26-11:29:56  ... thread 0: (2000,1087000) ops and (1999.2,10461.2) ops/second in (1.000399,103.908243) seconds
2026/05/26-11:29:57  ... thread 2: (3000,1105000) ops and (2284.2,10581.6) ops/second in (1.313345,104.426469) seconds
2026/05/26-11:29:57  ... thread 1: (3000,1130000) ops and (2973.0,10801.6) ops/second in (1.009069,104.613722) seconds
2026/05/26-11:29:57  ... thread 3: (2000,1090000) ops and (1185.0,10399.7) ops/second in (1.687825,104.810832) seconds
2026/05/26-11:29:58  ... thread 0: (3000,1090000) ops and (1576.9,10301.4) ops/second in (1.902410,105.810653) seconds
2026/05/26-11:29:58  ... thread 2: (3000,1108000) ops and (2165.2,10471.4) ops/second in (1.385545,105.812014) seconds
2026/05/26-11:29:58  ... thread 3: (2000,1092000) ops and (1978.2,10319.2) ops/second in (1.011039,105.821871) seconds
2026/05/26-11:29:59  ... thread 1: (2000,1132000) ops and (1436.7,10678.7) ops/second in (1.392093,106.005815) seconds
2026/05/26-11:29:59  ... thread 0: (2000,1092000) ops and (1912.4,10219.3) ops/second in (1.045786,106.856439) seconds
2026/05/26-11:29:59  ... thread 3: (2000,1094000) ops and (1846.1,10233.4) ops/second in (1.083366,106.905237) seconds
2026/05/26-11:30:00  ... thread 2: (4000,1112000) ops and (3161.5,10385.0) ops/second in (1.265222,107.077236) seconds
2026/05/26-11:30:00  ... thread 1: (2000,1134000) ops and (1816.4,10587.6) ops/second in (1.101070,107.106885) seconds
2026/05/26-11:30:00  ... thread 3: (3000,1097000) ops and (2824.2,10160.5) ops/second in (1.062229,107.967466) seconds
2026/05/26-11:30:01  ... thread 0: (2000,1094000) ops and (1522.7,10113.7) ops/second in (1.313419,108.169858) seconds
2026/05/26-11:30:01  ... thread 1: (3000,1137000) ops and (2270.6,10486.2) ops/second in (1.321252,108.428137) seconds
2026/05/26-11:30:01  ... thread 2: (2000,1114000) ops and (1430.5,10269.6) ops/second in (1.398157,108.475393) seconds
2026/05/26-11:30:02  ... thread 3: (2000,1099000) ops and (1672.8,10067.5) ops/second in (1.195630,109.163096) seconds
2026/05/26-11:30:02  ... thread 2: (2000,1116000) ops and (1963.4,10192.3) ops/second in (1.018640,109.494033) seconds
2026/05/26-11:30:02  ... thread 1: (3000,1140000) ops and (2793.7,10410.8) ops/second in (1.073836,109.501973) seconds
2026/05/26-11:30:02  ... thread 0: (3000,1097000) ops and (1668.9,9975.7) ops/second in (1.797540,109.967398) seconds
2026/05/26-11:30:03  ... thread 3: (3000,1102000) ops and (2276.8,9974.6) ops/second in (1.317655,110.480751) seconds
2026/05/26-11:30:03  ... thread 2: (2000,1118000) ops and (1609.2,10096.0) ops/second in (1.242827,110.736860) seconds
2026/05/26-11:30:04  ... thread 1: (3000,1143000) ops and (1922.0,10291.5) ops/second in (1.560901,111.062874) seconds
2026/05/26-11:30:04  ... thread 0: (2000,1099000) ops and (1642.2,9884.4) ops/second in (1.217873,111.185271) seconds
2026/05/26-11:30:04  ... thread 3: (2000,1104000) ops and (1796.1,9893.0) ops/second in (1.113550,111.594301) seconds
2026/05/26-11:30:05  ... thread 1: (3000,1146000) ops and (2607.5,10212.7) ops/second in (1.150526,112.213400) seconds
2026/05/26-11:30:05  ... thread 2: (4000,1122000) ops and (2590.4,9992.8) ops/second in (1.544142,112.281002) seconds
2026/05/26-11:30:05  ... thread 3: (3000,1107000) ops and (2269.9,9803.8) ops/second in (1.321657,112.915958) seconds
2026/05/26-11:30:05  ... thread 0: (2000,1101000) ops and (1133.5,9747.7) ops/second in (1.764446,112.949717) seconds
2026/05/26-11:30:06  ... thread 1: (3000,1149000) ops and (1952.6,10101.1) ops/second in (1.536452,113.749852) seconds
2026/05/26-11:30:06  ... thread 2: (3000,1125000) ops and (1960.7,9884.8) ops/second in (1.530058,113.811060) seconds
2026/05/26-11:30:07  ... thread 0: (2000,1103000) ops and (1604.5,9658.8) ops/second in (1.246458,114.196175) seconds
2026/05/26-11:30:07  ... thread 3: (3000,1110000) ops and (2075.2,9706.1) ops/second in (1.445648,114.361606) seconds
2026/05/26-11:30:08  ... thread 1: (4000,1153000) ops and (3175.4,10025.3) ops/second in (1.259692,115.009544) seconds
2026/05/26-11:30:08  ... thread 0: (3000,1106000) ops and (2630.8,9589.3) ops/second in (1.140353,115.336528) seconds
2026/05/26-11:30:08  ... thread 2: (3000,1128000) ops and (1669.8,9757.1) ops/second in (1.796628,115.607688) seconds
2026/05/26-11:30:08  ... thread 3: (2000,1112000) ops and (1374.4,9601.4) ops/second in (1.455207,115.816813) seconds
2026/05/26-11:30:09  ... thread 1: (1000,1154000) ops and (768.3,9921.7) ops/second in (1.301523,116.311067) seconds
2026/05/26-11:30:09  ... thread 0: (5000,1111000) ops and (4109.2,9532.1) ops/second in (1.216786,116.553314) seconds
2026/05/26-11:30:10  ... thread 3: (2000,1114000) ops and (1707.4,9522.3) ops/second in (1.171403,116.988216) seconds
2026/05/26-11:30:10  ... thread 2: (2000,1130000) ops and (1406.4,9655.7) ops/second in (1.422071,117.029759) seconds
2026/05/26-11:30:10  ... thread 1: (2000,1156000) ops and (1970.9,9852.9) ops/second in (1.014748,117.325815) seconds
2026/05/26-11:30:10  ... thread 0: (3000,1114000) ops and (2680.4,9466.9) ops/second in (1.119236,117.672550) seconds
2026/05/26-11:30:11  ... thread 2: (2000,1132000) ops and (1966.8,9589.4) ops/second in (1.016894,118.046653) seconds
2026/05/26-11:30:11  ... thread 3: (2000,1116000) ops and (1313.4,9416.9) ops/second in (1.522728,118.510944) seconds
2026/05/26-11:30:11  ... thread 0: (3000,1117000) ops and (2464.5,9395.3) ops/second in (1.217291,118.889841) seconds
2026/05/26-11:30:12  ... thread 1: (3000,1159000) ops and (1712.7,9733.2) ops/second in (1.751651,119.077466) seconds
2026/05/26-11:30:12  ... thread 2: (2000,1134000) ops and (1724.3,9512.9) ops/second in (1.159890,119.206543) seconds
2026/05/26-11:30:12  ... thread 3: (3000,1119000) ops and (2827.8,9358.4) ops/second in (1.060907,119.571851) seconds
2026/05/26-11:30:13  ... thread 1: (2000,1161000) ops and (1645.3,9651.4) ops/second in (1.215590,120.293056) seconds
2026/05/26-11:30:13  ... thread 0: (3000,1120000) ops and (2081.9,9307.7) ops/second in (1.440995,120.330836) seconds
2026/05/26-11:30:13  ... thread 2: (3000,1137000) ops and (2632.7,9447.8) ops/second in (1.139520,120.346063) seconds
2026/05/26-11:30:13  ... thread 3: (2000,1121000) ops and (1850.0,9291.1) ops/second in (1.081106,120.652957) seconds
2026/05/26-11:30:14  ... thread 0: (3000,1123000) ops and (2405.2,9236.9) ops/second in (1.247288,121.578124) seconds
2026/05/26-11:30:14  ... thread 1: (3000,1164000) ops and (2280.9,9571.7) ops/second in (1.315256,121.608312) seconds
2026/05/26-11:30:14  ... thread 2: (2000,1139000) ops and (1568.1,9365.1) ops/second in (1.275437,121.621500) seconds
2026/05/26-11:30:15  ... thread 3: (2000,1123000) ops and (1167.9,9177.4) ops/second in (1.712457,122.365414) seconds
2026/05/26-11:30:15  ... thread 0: (3000,1126000) ops and (2784.9,9180.2) ops/second in (1.077249,122.655373) seconds
2026/05/26-11:30:16  ... thread 1: (3000,1167000) ops and (1981.5,9478.4) ops/second in (1.514006,123.122318) seconds
2026/05/26-11:30:16  ... thread 2: (2000,1141000) ops and (1214.2,9256.2) ops/second in (1.647151,123.268651) seconds
2026/05/26-11:30:16  ... thread 3: (3000,1126000) ops and (2583.8,9115.5) ops/second in (1.161073,123.526487) seconds
2026/05/26-11:30:17  ... thread 2: (1000,1142000) ops and (982.8,9188.5) ops/second in (1.017462,124.286113) seconds
2026/05/26-11:30:17  ... thread 1: (4000,1171000) ops and (3237.3,9416.4) ops/second in (1.235592,124.357910) seconds
2026/05/26-11:30:17  ... thread 0: (3000,1129000) ops and (1711.0,9074.9) ops/second in (1.753398,124.408771) seconds
2026/05/26-11:30:17  ... thread 3: (3000,1129000) ops and (2576.7,9054.4) ops/second in (1.164270,124.690757) seconds
2026/05/26-11:30:18  ... thread 2: (2000,1144000) ops and (1973.5,9130.1) ops/second in (1.013447,125.299560) seconds
2026/05/26-11:30:18  ... thread 1: (2000,1173000) ops and (1419.7,9326.8) ops/second in (1.408743,125.766653) seconds
2026/05/26-11:30:18  ... thread 3: (3000,1132000) ops and (2471.3,8990.9) ops/second in (1.213955,125.904712) seconds
2026/05/26-11:30:19  ... thread 0: (3000,1132000) ops and (1581.2,8962.4) ops/second in (1.897235,126.306006) seconds
2026/05/26-11:30:19  ... thread 2: (2000,1146000) ops and (1548.6,9052.8) ops/second in (1.291491,126.591051) seconds
2026/05/26-11:30:19  ... thread 1: (3000,1176000) ops and (2624.8,9266.4) ops/second in (1.142964,126.909617) seconds
2026/05/26-11:30:20  ... thread 3: (3000,1135000) ops and (2533.9,8930.8) ops/second in (1.183966,127.088678) seconds
2026/05/26-11:30:20  ... thread 0: (2000,1134000) ops and (1869.1,8902.8) ops/second in (1.070026,127.376032) seconds
2026/05/26-11:30:20  ... thread 2: (2000,1148000) ops and (1729.1,8986.5) ops/second in (1.156688,127.747739) seconds
2026/05/26-11:30:21  ... thread 1: (2000,1178000) ops and (1645.9,9194.2) ops/second in (1.215175,128.124792) seconds
2026/05/26-11:30:21  ... thread 3: (3000,1138000) ops and (2574.1,8873.0) ops/second in (1.165476,128.254154) seconds
2026/05/26-11:30:21  ... thread 0: (2000,1136000) ops and (1979.2,8848.3) ops/second in (1.010518,128.386550) seconds
2026/05/26-11:30:21  ... thread 2: (2000,1150000) ops and (1719.6,8920.9) ops/second in (1.163040,128.910779) seconds
2026/05/26-11:30:22  ... thread 3: (2000,1140000) ops and (1819.5,8813.1) ops/second in (1.099195,129.353349) seconds
2026/05/26-11:30:22  ... thread 1: (3000,1181000) ops and (2110.3,9116.4) ops/second in (1.421594,129.546386) seconds
2026/05/26-11:30:22  ... thread 0: (3000,1139000) ops and (2102.6,8774.1) ops/second in (1.426779,129.813329) seconds
2026/05/26-11:30:23  ... thread 2: (2000,1152000) ops and (1693.0,8855.3) ops/second in (1.181333,130.092112) seconds
2026/05/26-11:30:23  ... thread 3: (3000,1143000) ops and (2048.1,8737.3) ops/second in (1.464740,130.818089) seconds
2026/05/26-11:30:23  ... thread 1: (2000,1183000) ops and (1477.6,9037.4) ops/second in (1.353514,130.899900) seconds
2026/05/26-11:30:23  ... thread 0: (4000,1143000) ops and (3578.0,8729.8) ops/second in (1.117936,130.931265) seconds
2026/05/26-11:30:24  ... thread 2: (11000,1163000) ops and (10905.7,8871.0) ops/second in (1.008645,131.100757) seconds
2026/05/26-11:30:24  ... thread 3: (29000,1172000) ops and (28467.7,8889.8) ops/second in (1.018697,131.836786) seconds
2026/05/26-11:30:24  ... thread 1: (31000,1214000) ops and (30470.7,9202.7) ops/second in (1.017371,131.917271) seconds
2026/05/26-11:30:24  ... thread 0: (31000,1174000) ops and (30299.2,8897.0) ops/second in (1.023130,131.954395) seconds
2026/05/26-11:30:25  ... thread 2: (34000,1197000) ops and (33658.1,9060.6) ops/second in (1.010157,132.110914) seconds
2026/05/26-11:30:25  ... thread 3: (32000,1204000) ops and (31182.3,9062.0) ops/second in (1.026223,132.863009) seconds
2026/05/26-11:30:25  ... thread 1: (33000,1247000) ops and (32624.4,9381.0) ops/second in (1.011514,132.928785) seconds
2026/05/26-11:30:26  ... thread 0: (27000,1201000) ops and (26400.7,9031.6) ops/second in (1.022701,132.977096) seconds
2026/05/26-11:30:26  ... thread 2: (27000,1224000) ops and (26855.8,9195.0) ops/second in (1.005371,133.116285) seconds
2026/05/26-11:30:27  ... thread 3: (40000,1244000) ops and (24987.4,9251.6) ops/second in (1.600810,134.463819) seconds
2026/05/26-11:30:27  ... thread 2: (25000,1249000) ops and (18592.0,9288.9) ops/second in (1.344665,134.460950) seconds
2026/05/26-11:30:27  ... thread 0: (35000,1236000) ops and (23332.9,9191.2) ops/second in (1.500030,134.477126) seconds
Initializing RocksDB Options from the specified file
Initializing RocksDB Options from command-line flags
Integrated BlobDB: blob cache disabled
Keys:       16 bytes each (+ 0 bytes user-defined timestamp)
Values:     1024 bytes each (512 bytes after compression)
Entries:    1250000
Prefix:    0 bytes
Keys per prefix:    0
RawSize:    1239.8 MB (estimated)
FileSize:   629.4 MB (estimated)
Write rate: 0 bytes/second
Read rate: 0 ops/second
Compression: Snappy
Compression sampling rate: 0
Memtablerep: SkipListFactory
Perf Level: 1
WARNING: Assertions are enabled; benchmarks unnecessarily slow
------------------------------------------------
Initializing RocksDB Options from the specified file
Initializing RocksDB Options from command-line flags
Integrated BlobDB: blob cache disabled
DB path: [/tmp/rocksdb_comp_exp_db]
fillrandom   :     107.345 micros/op 37147 ops/sec 134.600 seconds 5000000 operations;   36.8 MB/s
2026/05/26-11:30:32  ... thread 1: (1000,1000) ops and (219.3,219.3) ops/second in (4.559193,4.559193) seconds
2026/05/26-11:30:32  ... thread 2: (1000,1000) ops and (219.0,219.0) ops/second in (4.565341,4.565341) seconds
2026/05/26-11:30:33  ... thread 3: (1000,1000) ops and (181.3,181.3) ops/second in (5.514913,5.514913) seconds
2026/05/26-11:30:33  ... thread 0: (1000,1000) ops and (179.1,179.1) ops/second in (5.582799,5.582799) seconds
2026/05/26-11:30:35  ... thread 1: (1000,2000) ops and (276.7,244.7) ops/second in (3.614476,8.173669) seconds
2026/05/26-11:30:35  ... thread 2: (1000,2000) ops and (276.0,244.3) ops/second in (3.622743,8.188084) seconds
2026/05/26-11:30:35  ... thread 3: (1000,2000) ops and (372.6,243.9) ops/second in (2.683925,8.198838) seconds
2026/05/26-11:30:35  ... thread 0: (1000,2000) ops and (361.8,239.6) ops/second in (2.764031,8.346830) seconds
2026/05/26-11:30:37  ... thread 3: (1000,3000) ops and (778.3,316.3) ops/second in (1.284817,9.483655) seconds
2026/05/26-11:30:37  ... thread 2: (1000,3000) ops and (770.1,316.2) ops/second in (1.298612,9.486696) seconds
2026/05/26-11:30:37  ... thread 1: (1000,3000) ops and (760.8,316.2) ops/second in (1.314402,9.488071) seconds
2026/05/26-11:30:37  ... thread 0: (1000,3000) ops and (791.7,312.2) ops/second in (1.263179,9.610009) seconds
2026/05/26-11:30:38  ... thread 2: (1000,4000) ops and (836.9,374.5) ops/second in (1.194949,10.681645) seconds
2026/05/26-11:30:38  ... thread 3: (1000,4000) ops and (565.7,355.5) ops/second in (1.767661,11.251316) seconds
2026/05/26-11:30:38  ... thread 1: (1000,4000) ops and (563.5,355.2) ops/second in (1.774639,11.262710) seconds
2026/05/26-11:30:38  ... thread 0: (1000,4000) ops and (575.2,352.5) ops/second in (1.738579,11.348588) seconds
2026/05/26-11:30:39  ... thread 2: (1000,5000) ops and (711.6,413.7) ops/second in (1.405339,12.086984) seconds
2026/05/26-11:30:40  ... thread 1: (2000,6000) ops and (1150.2,461.5) ops/second in (1.738882,13.001592) seconds
2026/05/26-11:30:40  ... thread 3: (2000,6000) ops and (1141.4,461.4) ops/second in (1.752307,13.003623) seconds
2026/05/26-11:30:40  ... thread 0: (2000,6000) ops and (1141.0,458.0) ops/second in (1.752904,13.101492) seconds
2026/05/26-11:30:41  ... thread 2: (2000,7000) ops and (1190.3,508.5) ops/second in (1.680198,13.767182) seconds
2026/05/26-11:30:42  ... thread 1: (2000,8000) ops and (1219.3,546.4) ops/second in (1.640268,14.641860) seconds
2026/05/26-11:30:42  ... thread 3: (2000,8000) ops and (1209.9,545.8) ops/second in (1.653095,14.656718) seconds
2026/05/26-11:30:42  ... thread 0: (2000,8000) ops and (1216.5,542.5) ops/second in (1.644117,14.745609) seconds
2026/05/26-11:30:42  ... thread 2: (2000,9000) ops and (1316.6,588.8) ops/second in (1.519101,15.286283) seconds
2026/05/26-11:30:43  ... thread 1: (2000,10000) ops and (1397.3,622.2) ops/second in (1.431354,16.073214) seconds
2026/05/26-11:30:43  ... thread 0: (2000,10000) ops and (1476.9,621.1) ops/second in (1.354148,16.099757) seconds
2026/05/26-11:30:43  ... thread 3: (2000,10000) ops and (1365.3,620.3) ops/second in (1.464883,16.121601) seconds
2026/05/26-11:30:44  ... thread 2: (2000,11000) ops and (1498.2,661.8) ops/second in (1.334954,16.621237) seconds
2026/05/26-11:30:44  ... thread 1: (2000,12000) ops and (1542.3,690.8) ops/second in (1.296730,17.369944) seconds
2026/05/26-11:30:45  ... thread 3: (2000,12000) ops and (1575.9,690.0) ops/second in (1.269120,17.390721) seconds
2026/05/26-11:30:45  ... thread 0: (2000,12000) ops and (1530.9,689.4) ops/second in (1.306435,17.406192) seconds
2026/05/26-11:30:45  ... thread 2: (2000,13000) ops and (1685.0,730.0) ops/second in (1.186960,17.808197) seconds
2026/05/26-11:30:46  ... thread 3: (2000,14000) ops and (1785.2,756.3) ops/second in (1.120315,18.511036) seconds
2026/05/26-11:30:46  ... thread 1: (2000,14000) ops and (1749.3,756.2) ops/second in (1.143326,18.513270) seconds
2026/05/26-11:30:46  ... thread 0: (2000,14000) ops and (1774.1,755.4) ops/second in (1.127337,18.533529) seconds
2026/05/26-11:30:46  ... thread 2: (2000,15000) ops and (1843.2,793.9) ops/second in (1.085041,18.893238) seconds
2026/05/26-11:30:47  ... thread 1: (2000,16000) ops and (1932.9,818.5) ops/second in (1.034706,19.547976) seconds
2026/05/26-11:30:47  ... thread 3: (2000,16000) ops and (1900.1,817.8) ops/second in (1.052556,19.563592) seconds
2026/05/26-11:30:47  ... thread 0: (2000,16000) ops and (1937.7,817.8) ops/second in (1.032147,19.565676) seconds
2026/05/26-11:30:47  ... thread 2: (2000,17000) ops and (1991.3,854.4) ops/second in (1.004358,19.897596) seconds
2026/05/26-11:30:48  ... thread 0: (3000,19000) ops and (2124.1,905.7) ops/second in (1.412364,20.978040) seconds
2026/05/26-11:30:48  ... thread 1: (3000,19000) ops and (2091.9,905.5) ops/second in (1.434094,20.982070) seconds
2026/05/26-11:30:48  ... thread 3: (3000,19000) ops and (2092.9,904.9) ops/second in (1.433393,20.996985) seconds
2026/05/26-11:30:48  ... thread 2: (3000,20000) ops and (2156.7,939.5) ops/second in (1.391027,21.288623) seconds
2026/05/26-11:30:49  ... thread 0: (3000,22000) ops and (2339.6,988.3) ops/second in (1.282254,22.260294) seconds
2026/05/26-11:30:49  ... thread 1: (3000,22000) ops and (2321.3,987.7) ops/second in (1.292355,22.274425) seconds
2026/05/26-11:30:49  ... thread 3: (3000,22000) ops and (2296.9,986.4) ops/second in (1.306131,22.303116) seconds
2026/05/26-11:30:50  ... thread 2: (3000,23000) ops and (2294.0,1017.9) ops/second in (1.307750,22.596373) seconds
2026/05/26-11:30:51  ... thread 1: (3000,25000) ops and (2655.0,1068.2) ops/second in (1.129929,23.404354) seconds
2026/05/26-11:30:51  ... thread 0: (3000,25000) ops and (2622.3,1068.2) ops/second in (1.144042,23.404336) seconds
2026/05/26-11:30:51  ... thread 3: (3000,25000) ops and (2593.2,1065.6) ops/second in (1.156865,23.459981) seconds
2026/05/26-11:30:51  ... thread 2: (3000,26000) ops and (2650.4,1095.7) ops/second in (1.131906,23.728279) seconds
2026/05/26-11:30:52  ... thread 1: (3000,28000) ops and (2900.3,1145.7) ops/second in (1.034363,24.438717) seconds
2026/05/26-11:30:52  ... thread 0: (3000,28000) ops and (2888.8,1145.5) ops/second in (1.038499,24.442835) seconds
2026/05/26-11:30:52  ... thread 3: (3000,28000) ops and (2915.4,1143.4) ops/second in (1.029009,24.488990) seconds
2026/05/26-11:30:52  ... thread 2: (3000,29000) ops and (2814.8,1169.6) ops/second in (1.065800,24.794079) seconds
2026/05/26-11:30:53  ... thread 3: (4000,32000) ops and (3270.0,1244.5) ops/second in (1.223229,25.712219) seconds
2026/05/26-11:30:53  ... thread 1: (4000,32000) ops and (3103.2,1243.8) ops/second in (1.288984,25.727701) seconds
2026/05/26-11:30:53  ... thread 0: (4000,32000) ops and (3075.1,1243.0) ops/second in (1.300791,25.743626) seconds
2026/05/26-11:30:53  ... thread 2: (4000,33000) ops and (3257.2,1268.2) ops/second in (1.228037,26.022116) seconds
2026/05/26-11:30:54  ... thread 3: (4000,36000) ops and (3461.2,1339.9) ops/second in (1.155678,26.867897) seconds
2026/05/26-11:30:54  ... thread 0: (4000,36000) ops and (3559.6,1339.9) ops/second in (1.123706,26.867332) seconds
2026/05/26-11:30:54  ... thread 1: (4000,36000) ops and (3296.4,1336.2) ops/second in (1.213429,26.941130) seconds
2026/05/26-11:30:54  ... thread 2: (4000,37000) ops and (3668.4,1364.7) ops/second in (1.090395,27.112511) seconds
2026/05/26-11:30:55  ... thread 3: (4000,40000) ops and (3663.6,1430.6) ops/second in (1.091832,27.959729) seconds
2026/05/26-11:30:55  ... thread 0: (4000,40000) ops and (3575.0,1429.3) ops/second in (1.118884,27.986216) seconds
2026/05/26-11:30:55  ... thread 1: (4000,40000) ops and (3670.7,1427.0) ops/second in (1.089704,28.030834) seconds
2026/05/26-11:30:55  ... thread 2: (4000,41000) ops and (3855.3,1456.5) ops/second in (1.037539,28.150050) seconds
2026/05/26-11:30:56  ... thread 0: (4000,44000) ops and (3772.2,1514.8) ops/second in (1.060396,29.046612) seconds
2026/05/26-11:30:56  ... thread 1: (4000,44000) ops and (3678.0,1511.1) ops/second in (1.087545,29.118379) seconds
2026/05/26-11:30:56  ... thread 3: (5000,45000) ops and (4183.8,1543.5) ops/second in (1.195072,29.154801) seconds
2026/05/26-11:30:56  ... thread 2: (4000,45000) ops and (3912.2,1542.5) ops/second in (1.022430,29.172480) seconds
2026/05/26-11:30:57  ... thread 0: (5000,49000) ops and (4401.7,1623.5) ops/second in (1.135912,30.182524) seconds
2026/05/26-11:30:57  ... thread 1: (5000,49000) ops and (4306.1,1618.3) ops/second in (1.161135,30.279514) seconds
2026/05/26-11:30:57  ... thread 3: (5000,50000) ops and (4398.4,1650.6) ops/second in (1.136782,30.291583) seconds
2026/05/26-11:30:57  ... thread 2: (5000,50000) ops and (4297.7,1648.2) ops/second in (1.163416,30.335896) seconds
2026/05/26-11:30:58  ... thread 0: (5000,54000) ops and (4523.1,1725.9) ops/second in (1.105429,31.287953) seconds
2026/05/26-11:30:58  ... thread 3: (5000,55000) ops and (4865.9,1756.1) ops/second in (1.027560,31.319143) seconds
2026/05/26-11:30:58  ... thread 1: (5000,54000) ops and (4627.9,1721.9) ops/second in (1.080392,31.359906) seconds
2026/05/26-11:30:59  ... thread 2: (5000,55000) ops and (4349.3,1746.8) ops/second in (1.149620,31.485516) seconds
2026/05/26-11:31:00  ... thread 0: (4000,58000) ops and (3566.7,1789.6) ops/second in (1.121485,32.409438) seconds
2026/05/26-11:31:00  ... thread 3: (4000,59000) ops and (3580.0,1818.9) ops/second in (1.117319,32.436462) seconds
2026/05/26-11:31:00  ... thread 1: (4000,58000) ops and (3525.7,1784.9) ops/second in (1.134527,32.494433) seconds
2026/05/26-11:31:00  ... thread 2: (4000,59000) ops and (3486.4,1808.0) ops/second in (1.147326,32.632842) seconds
2026/05/26-11:31:01  ... thread 3: (5000,64000) ops and (4563.4,1908.6) ops/second in (1.095665,33.532127) seconds
2026/05/26-11:31:01  ... thread 0: (5000,63000) ops and (4324.6,1876.9) ops/second in (1.156184,33.565622) seconds
2026/05/26-11:31:01  ... thread 1: (5000,63000) ops and (4389.0,1873.1) ops/second in (1.139208,33.633641) seconds
2026/05/26-11:31:01  ... thread 2: (5000,64000) ops and (4392.1,1895.1) ops/second in (1.138414,33.771256) seconds
2026/05/26-11:31:02  ... thread 3: (5000,69000) ops and (4244.0,1987.9) ops/second in (1.178125,34.710252) seconds
2026/05/26-11:31:02  ... thread 0: (5000,68000) ops and (4273.3,1957.6) ops/second in (1.170045,34.735667) seconds
2026/05/26-11:31:02  ... thread 1: (5000,68000) ops and (4423.0,1956.0) ops/second in (1.130455,34.764096) seconds
2026/05/26-11:31:02  ... thread 2: (5000,69000) ops and (4649.7,1980.1) ops/second in (1.075336,34.846592) seconds
2026/05/26-11:31:03  ... thread 3: (5000,74000) ops and (4948.3,2071.6) ops/second in (1.010450,35.720702) seconds
2026/05/26-11:31:03  ... thread 0: (5000,73000) ops and (4806.7,2040.5) ops/second in (1.040224,35.775891) seconds
2026/05/26-11:31:03  ... thread 1: (5000,73000) ops and (4928.1,2040.3) ops/second in (1.014592,35.778688) seconds
2026/05/26-11:31:03  ... thread 2: (5000,74000) ops and (4837.0,2062.4) ops/second in (1.033689,35.880281) seconds
2026/05/26-11:31:04  ... thread 3: (5000,79000) ops and (4604.3,2146.4) ops/second in (1.085942,36.806644) seconds
2026/05/26-11:31:04  ... thread 1: (5000,78000) ops and (4810.3,2118.5) ops/second in (1.039437,36.818125) seconds
2026/05/26-11:31:04  ... thread 0: (5000,78000) ops and (4370.8,2112.7) ops/second in (1.143946,36.919837) seconds
2026/05/26-11:31:04  ... thread 2: (5000,79000) ops and (4613.3,2137.2) ops/second in (1.083819,36.964100) seconds
2026/05/26-11:31:05  ... thread 1: (5000,83000) ops and (4660.7,2190.5) ops/second in (1.072799,37.890924) seconds
2026/05/26-11:31:05  ... thread 3: (5000,84000) ops and (4607.9,2216.8) ops/second in (1.085097,37.891741) seconds
2026/05/26-11:31:05  ... thread 2: (5000,84000) ops and (4948.7,2212.0) ops/second in (1.010360,37.974460) seconds
2026/05/26-11:31:05  ... thread 0: (6000,84000) ops and (5147.8,2205.6) ops/second in (1.165539,38.085376) seconds
2026/05/26-11:31:06  ... thread 1: (5000,88000) ops and (4945.1,2262.1) ops/second in (1.011105,38.902029) seconds
2026/05/26-11:31:06  ... thread 3: (6000,90000) ops and (5089.2,2303.5) ops/second in (1.178970,39.070711) seconds
2026/05/26-11:31:06  ... thread 2: (6000,90000) ops and (5129.5,2299.2) ops/second in (1.169712,39.144172) seconds
2026/05/26-11:31:06  ... thread 0: (6000,90000) ops and (5041.1,2291.5) ops/second in (1.190210,39.275586) seconds
2026/05/26-11:31:07  ... thread 1: (6000,94000) ops and (5218.5,2347.0) ops/second in (1.149750,40.051779) seconds
2026/05/26-11:31:07  ... thread 3: (6000,96000) ops and (5221.8,2386.9) ops/second in (1.149034,40.219745) seconds
2026/05/26-11:31:07  ... thread 2: (6000,96000) ops and (5181.5,2382.0) ops/second in (1.157960,40.302132) seconds
2026/05/26-11:31:08  ... thread 0: (6000,96000) ops and (5129.2,2373.6) ops/second in (1.169771,40.445357) seconds
2026/05/26-11:31:08  ... thread 1: (6000,100000) ops and (5544.8,2431.1) ops/second in (1.082089,41.133868) seconds
DB path: [/tmp/rocksdb_comp_exp_db]
readrandom   :     411.024 micros/op 9692 ops/sec 41.269 seconds 400000 operations;    9.4 MB/s (98185 of 100000 found)

STATISTICS:
rocksdb.block.cache.miss COUNT : 3228560
rocksdb.block.cache.hit COUNT : 41372
rocksdb.block.cache.add COUNT : 927305
rocksdb.block.cache.add.failures COUNT : 0
rocksdb.block.cache.index.miss COUNT : 0
rocksdb.block.cache.index.hit COUNT : 0
rocksdb.block.cache.index.add COUNT : 0
rocksdb.block.cache.index.bytes.insert COUNT : 0
rocksdb.block.cache.filter.miss COUNT : 0
rocksdb.block.cache.filter.hit COUNT : 0
rocksdb.block.cache.filter.add COUNT : 0
rocksdb.block.cache.filter.bytes.insert COUNT : 0
rocksdb.block.cache.data.miss COUNT : 3228560
rocksdb.block.cache.data.hit COUNT : 41372
rocksdb.block.cache.data.add COUNT : 927305
rocksdb.block.cache.data.bytes.insert COUNT : 3991105264
rocksdb.block.cache.bytes.read COUNT : 178065088
rocksdb.block.cache.bytes.write COUNT : 3991105264
rocksdb.block.cache.compression.dict.miss COUNT : 0
rocksdb.block.cache.compression.dict.hit COUNT : 0
rocksdb.block.cache.compression.dict.add COUNT : 0
rocksdb.block.cache.compression.dict.bytes.insert COUNT : 0
rocksdb.block.cache.add.redundant COUNT : 9
rocksdb.block.cache.index.add.redundant COUNT : 0
rocksdb.block.cache.filter.add.redundant COUNT : 0
rocksdb.block.cache.data.add.redundant COUNT : 9
rocksdb.block.cache.compression.dict.add.redundant COUNT : 0
rocksdb.secondary.cache.hits COUNT : 0
rocksdb.secondary.cache.filter.hits COUNT : 0
rocksdb.secondary.cache.index.hits COUNT : 0
rocksdb.secondary.cache.data.hits COUNT : 0
rocksdb.compressed.secondary.cache.dummy.hits COUNT : 0
rocksdb.compressed.secondary.cache.hits COUNT : 0
rocksdb.compressed.secondary.cache.promotions COUNT : 0
rocksdb.compressed.secondary.cache.promotion.skips COUNT : 0
rocksdb.bloom.filter.useful COUNT : 0
rocksdb.bloom.filter.full.positive COUNT : 0
rocksdb.bloom.filter.full.true.positive COUNT : 0
rocksdb.bloom.filter.prefix.checked COUNT : 0
rocksdb.bloom.filter.prefix.useful COUNT : 0
rocksdb.bloom.filter.prefix.true.positive COUNT : 0
rocksdb.persistent.cache.hit COUNT : 0
rocksdb.persistent.cache.miss COUNT : 0
rocksdb.sim.block.cache.hit COUNT : 0
rocksdb.sim.block.cache.miss COUNT : 0
rocksdb.memtable.hit COUNT : 6935
rocksdb.memtable.miss COUNT : 393065
rocksdb.l0.hit COUNT : 6413
rocksdb.l1.hit COUNT : 0
rocksdb.l2andup.hit COUNT : 379300
rocksdb.compaction.key.drop.new COUNT : 2778853
rocksdb.compaction.key.drop.obsolete COUNT : 0
rocksdb.compaction.key.drop.range_del COUNT : 0
rocksdb.compaction.key.drop.user COUNT : 0
rocksdb.compaction.range_del.drop.obsolete COUNT : 0
rocksdb.compaction.optimized.del.drop.obsolete COUNT : 0
rocksdb.compaction.cancelled COUNT : 0
rocksdb.compaction.aborted COUNT : 0
rocksdb.number.keys.written COUNT : 5000000
rocksdb.number.keys.read COUNT : 400000
rocksdb.number.keys.updated COUNT : 0
rocksdb.bytes.written COUNT : 5277120180
rocksdb.bytes.read COUNT : 402071552
rocksdb.number.db.seek COUNT : 0
rocksdb.number.db.next COUNT : 0
rocksdb.number.db.prev COUNT : 0
rocksdb.number.db.seek.found COUNT : 0
rocksdb.number.db.next.found COUNT : 0
rocksdb.number.db.prev.found COUNT : 0
rocksdb.db.iter.bytes.read COUNT : 0
rocksdb.number.iter.skip COUNT : 0
rocksdb.number.reseeks.iteration COUNT : 0
rocksdb.num.iterator.created COUNT : 0
rocksdb.num.iterator.deleted COUNT : 0
rocksdb.no.file.opens COUNT : 146
rocksdb.no.file.errors COUNT : 0
rocksdb.stall.micros COUNT : 99330574
rocksdb.db.mutex.wait.micros COUNT : 0
rocksdb.number.multiget.get COUNT : 0
rocksdb.number.multiget.keys.read COUNT : 0
rocksdb.number.multiget.bytes.read COUNT : 0
rocksdb.number.multiget.keys.found COUNT : 0
rocksdb.number.merge.failures COUNT : 0
rocksdb.getupdatessince.calls COUNT : 0
rocksdb.wal.synced COUNT : 0
rocksdb.wal.bytes COUNT : 5277120180
rocksdb.write.self COUNT : 4760015
rocksdb.write.other COUNT : 239985
rocksdb.write.wal COUNT : 5000000
rocksdb.compact.read.bytes COUNT : 5612987848
rocksdb.compact.write.bytes COUNT : 3937261512
rocksdb.flush.write.bytes COUNT : 2971585206
rocksdb.compact.read.marked.bytes COUNT : 0
rocksdb.compact.read.periodic.bytes COUNT : 0
rocksdb.compact.read.ttl.bytes COUNT : 0
rocksdb.compact.write.marked.bytes COUNT : 0
rocksdb.compact.write.periodic.bytes COUNT : 0
rocksdb.compact.write.ttl.bytes COUNT : 0
rocksdb.number.direct.load.table.properties COUNT : 0
rocksdb.number.superversion_acquires COUNT : 16
rocksdb.number.superversion_releases COUNT : 12
rocksdb.number.superversion_cleanups COUNT : 3
rocksdb.number.block.compressed COUNT : 2828951
rocksdb.number.block.decompressed COUNT : 3228706
rocksdb.bytes.compressed.from COUNT : 11923206443
rocksdb.bytes.compressed.to COUNT : 6894507155
rocksdb.bytes.compression_bypassed COUNT : 0
rocksdb.bytes.compression.rejected COUNT : 0
rocksdb.number.block_compression_bypassed COUNT : 0
rocksdb.number.block_compression_rejected COUNT : 0
rocksdb.bytes.decompressed.from COUNT : 7868249398
rocksdb.bytes.decompressed.to COUNT : 13600269233
rocksdb.merge.operation.time.nanos COUNT : 0
rocksdb.filter.operation.time.nanos COUNT : 0
rocksdb.compaction.total.time.cpu_micros COUNT : 28945913
rocksdb.row.cache.hit COUNT : 0
rocksdb.row.cache.miss COUNT : 0
rocksdb.read.amp.estimate.useful.bytes COUNT : 0
rocksdb.read.amp.total.read.bytes COUNT : 0
rocksdb.number.rate_limiter.drains COUNT : 0
rocksdb.blobdb.num.put COUNT : 0
rocksdb.blobdb.num.write COUNT : 0
rocksdb.blobdb.num.get COUNT : 0
rocksdb.blobdb.num.multiget COUNT : 0
rocksdb.blobdb.num.seek COUNT : 0
rocksdb.blobdb.num.next COUNT : 0
rocksdb.blobdb.num.prev COUNT : 0
rocksdb.blobdb.num.keys.written COUNT : 0
rocksdb.blobdb.num.keys.read COUNT : 0
rocksdb.blobdb.bytes.written COUNT : 0
rocksdb.blobdb.bytes.read COUNT : 0
rocksdb.blobdb.write.inlined COUNT : 0
rocksdb.blobdb.write.inlined.ttl COUNT : 0
rocksdb.blobdb.write.blob COUNT : 0
rocksdb.blobdb.write.blob.ttl COUNT : 0
rocksdb.blobdb.blob.file.bytes.written COUNT : 0
rocksdb.blobdb.blob.file.bytes.read COUNT : 0
rocksdb.blobdb.blob.file.synced COUNT : 0
rocksdb.blobdb.blob.index.expired.count COUNT : 0
rocksdb.blobdb.blob.index.expired.size COUNT : 0
rocksdb.blobdb.blob.index.evicted.count COUNT : 0
rocksdb.blobdb.blob.index.evicted.size COUNT : 0
rocksdb.blobdb.gc.num.files COUNT : 0
rocksdb.blobdb.gc.num.new.files COUNT : 0
rocksdb.blobdb.gc.failures COUNT : 0
rocksdb.blobdb.gc.num.keys.relocated COUNT : 0
rocksdb.blobdb.gc.bytes.relocated COUNT : 0
rocksdb.blobdb.fifo.num.files.evicted COUNT : 0
rocksdb.blobdb.fifo.num.keys.evicted COUNT : 0
rocksdb.blobdb.fifo.bytes.evicted COUNT : 0
rocksdb.blobdb.cache.miss COUNT : 0
rocksdb.blobdb.cache.hit COUNT : 0
rocksdb.blobdb.cache.add COUNT : 0
rocksdb.blobdb.cache.add.failures COUNT : 0
rocksdb.blobdb.cache.bytes.read COUNT : 0
rocksdb.blobdb.cache.bytes.write COUNT : 0
rocksdb.txn.overhead.mutex.prepare COUNT : 0
rocksdb.txn.overhead.mutex.old.commit.map COUNT : 0
rocksdb.txn.overhead.duplicate.key COUNT : 0
rocksdb.txn.overhead.mutex.snapshot COUNT : 0
rocksdb.txn.get.tryagain COUNT : 0
rocksdb.files.marked.trash COUNT : 0
rocksdb.files.marked.trash.deleted COUNT : 0
rocksdb.files.deleted.immediately COUNT : 200
rocksdb.error.handler.bg.error.count COUNT : 0
rocksdb.error.handler.bg.io.error.count COUNT : 0
rocksdb.error.handler.bg.retryable.io.error.count COUNT : 0
rocksdb.error.handler.autoresume.count COUNT : 0
rocksdb.error.handler.autoresume.retry.total.count COUNT : 0
rocksdb.error.handler.autoresume.success.count COUNT : 0
rocksdb.memtable.payload.bytes.at.flush COUNT : 5217306608
rocksdb.memtable.garbage.bytes.at.flush COUNT : 128036256
rocksdb.verify_checksum.read.bytes COUNT : 0
rocksdb.backup.read.bytes COUNT : 0
rocksdb.backup.write.bytes COUNT : 0
rocksdb.remote.compact.read.bytes COUNT : 0
rocksdb.remote.compact.write.bytes COUNT : 0
rocksdb.remote.compact.resumed.bytes COUNT : 0
rocksdb.hot.file.read.bytes COUNT : 0
rocksdb.warm.file.read.bytes COUNT : 0
rocksdb.cool.file.read.bytes COUNT : 0
rocksdb.cold.file.read.bytes COUNT : 0
rocksdb.ice.file.read.bytes COUNT : 0
rocksdb.hot.file.read.count COUNT : 0
rocksdb.warm.file.read.count COUNT : 0
rocksdb.cool.file.read.count COUNT : 0
rocksdb.cold.file.read.count COUNT : 0
rocksdb.ice.file.read.count COUNT : 0
rocksdb.last.level.read.bytes COUNT : 2076011350
rocksdb.last.level.read.count COUNT : 852990
rocksdb.non.last.level.read.bytes COUNT : 5808564976
rocksdb.non.last.level.read.count COUNT : 2376154
rocksdb.last.level.seek.filtered COUNT : 0
rocksdb.last.level.seek.filter.match COUNT : 0
rocksdb.last.level.seek.data COUNT : 0
rocksdb.last.level.seek.data.useful.no.filter COUNT : 0
rocksdb.last.level.seek.data.useful.filter.match COUNT : 0
rocksdb.non.last.level.seek.filtered COUNT : 0
rocksdb.non.last.level.seek.filter.match COUNT : 0
rocksdb.non.last.level.seek.data COUNT : 0
rocksdb.non.last.level.seek.data.useful.no.filter COUNT : 0
rocksdb.non.last.level.seek.data.useful.filter.match COUNT : 0
rocksdb.block.checksum.compute.count COUNT : 3228852
rocksdb.block.checksum.mismatch.count COUNT : 0
rocksdb.multiget.coroutine.count COUNT : 0
rocksdb.read.async.micros COUNT : 0
rocksdb.async.read.error.count COUNT : 0
rocksdb.table.open.prefetch.tail.miss COUNT : 0
rocksdb.table.open.prefetch.tail.hit COUNT : 0
rocksdb.timestamp.filter.table.checked COUNT : 0
rocksdb.timestamp.filter.table.filtered COUNT : 0
rocksdb.readahead.trimmed COUNT : 0
rocksdb.fifo.max.size.compactions COUNT : 0
rocksdb.fifo.ttl.compactions COUNT : 0
rocksdb.fifo.change_temperature.compactions COUNT : 0
rocksdb.prefetch.bytes COUNT : 0
rocksdb.prefetch.bytes.useful COUNT : 0
rocksdb.prefetch.hits COUNT : 0
rocksdb.footer.corruption.count COUNT : 0
rocksdb.file.read.corruption.retry.count COUNT : 0
rocksdb.file.read.corruption.retry.success.count COUNT : 0
rocksdb.number.wbwi.ingest COUNT : 0
rocksdb.sst.user.defined.index.load.fail.count COUNT : 0
rocksdb.multiscan.prepare.calls COUNT : 0
rocksdb.multiscan.prepare.errors COUNT : 0
rocksdb.multiscan.blocks.prefetched COUNT : 0
rocksdb.multiscan.blocks.from.cache COUNT : 0
rocksdb.multiscan.prefetch.bytes COUNT : 0
rocksdb.multiscan.prefetch.blocks.wasted COUNT : 0
rocksdb.multiscan.io.requests COUNT : 0
rocksdb.multiscan.io.coalesced.nonadjacent COUNT : 0
rocksdb.multiscan.seek.errors COUNT : 0
rocksdb.prefetch.memory.bytes.granted COUNT : 0
rocksdb.prefetch.memory.bytes.released COUNT : 0
rocksdb.prefetch.memory.requests.blocked COUNT : 0
rocksdb.read.path.range.tombstones.inserted COUNT : 0
rocksdb.read.path.range.tombstones.discarded COUNT : 0
rocksdb.file.open.metadata.retrieved COUNT : 0
rocksdb.file.open.metadata.passed COUNT : 0
rocksdb.manifest.validation.failure.count COUNT : 0
rocksdb.db.get.micros P50 : 20.821268 P95 : 1667.200850 P99 : 2729.979743 P100 : 623371.000000 COUNT : 400000 SUM : 164151482
rocksdb.db.write.micros P50 : 4.916381 P95 : 84.645603 P99 : 1268.172601 P100 : 950795.000000 COUNT : 5000000 SUM : 533546516
rocksdb.compaction.times.micros P50 : 3250000.000000 P95 : 37000000.000000 P99 : 44566975.000000 P100 : 44566975.000000 COUNT : 15 SUM : 142427807
rocksdb.compaction.times.cpu_micros P50 : 787500.000000 P95 : 7325000.000000 P99 : 7755956.000000 P100 : 7755956.000000 COUNT : 15 SUM : 28945913
rocksdb.subcompaction.setup.times.micros P50 : 0.000000 P95 : 0.000000 P99 : 0.000000 P100 : 0.000000 COUNT : 0 SUM : 0
rocksdb.table.sync.micros P50 : 348113.207547 P95 : 924172.000000 P99 : 924172.000000 P100 : 924172.000000 COUNT : 80 SUM : 40081732
rocksdb.compaction.outfile.sync.micros P50 : 718222.222222 P95 : 927349.000000 P99 : 927349.000000 P100 : 927349.000000 COUNT : 66 SUM : 41567340
rocksdb.wal.file.sync.micros P50 : 0.000000 P95 : 0.000000 P99 : 0.000000 P100 : 0.000000 COUNT : 0 SUM : 0
rocksdb.manifest.file.sync.micros P50 : 5517.187500 P95 : 18488.888889 P99 : 22110.000000 P100 : 25073.000000 COUNT : 99 SUM : 635841
rocksdb.table.open.io.micros P50 : 661.562500 P95 : 5023.333333 P99 : 7750.000000 P100 : 7750.000000 COUNT : 146 SUM : 153217
rocksdb.db.multiget.micros P50 : 0.000000 P95 : 0.000000 P99 : 0.000000 P100 : 0.000000 COUNT : 0 SUM : 0
rocksdb.read.block.compaction.micros P50 : 2.840583 P95 : 6.542695 P99 : 1127.785628 P100 : 328686.000000 COUNT : 2301255 SUM : 78594757
rocksdb.read.block.get.micros P50 : 5.202669 P95 : 1198.826147 P99 : 1729.662924 P100 : 579034.000000 COUNT : 927451 SUM : 159847416
rocksdb.write.raw.block.micros P50 : 0.529763 P95 : 1.159047 P99 : 2.746217 P100 : 12021.000000 COUNT : 2829243 SUM : 6996148
rocksdb.numfiles.in.singlecompaction P50 : 4.500000 P95 : 26.000000 P99 : 26.000000 P100 : 26.000000 COUNT : 30 SUM : 252
rocksdb.db.seek.micros P50 : 0.000000 P95 : 0.000000 P99 : 0.000000 P100 : 0.000000 COUNT : 0 SUM : 0
rocksdb.db.write.stall P50 : 1103.216284 P95 : 2146.536597 P99 : 2767.778804 P100 : 950223.000000 COUNT : 67265 SUM : 99330574
rocksdb.sst.read.micros P50 : 0.768840 P95 : 7.258528 P99 : 1490.998826 P100 : 579021.000000 COUNT : 3229144 SUM : 227828324
rocksdb.file.read.flush.micros P50 : 3.363636 P95 : 64.636364 P99 : 107.733333 P100 : 1450.000000 COUNT : 320 SUM : 6710
rocksdb.file.read.compaction.micros P50 : 0.644718 P95 : 2.037599 P99 : 1110.287342 P100 : 328671.000000 COUNT : 2301519 SUM : 72551097
rocksdb.file.read.db.open.micros P50 : 0.000000 P95 : 0.000000 P99 : 0.000000 P100 : 0.000000 COUNT : 0 SUM : 0
rocksdb.file.read.get.micros P50 : 0.000000 P95 : 0.000000 P99 : 0.000000 P100 : 0.000000 COUNT : 0 SUM : 0
rocksdb.file.read.multiget.micros P50 : 0.000000 P95 : 0.000000 P99 : 0.000000 P100 : 0.000000 COUNT : 0 SUM : 0
rocksdb.file.read.db.iterator.micros P50 : 0.000000 P95 : 0.000000 P99 : 0.000000 P100 : 0.000000 COUNT : 0 SUM : 0
rocksdb.file.read.verify.db.checksum.micros P50 : 0.000000 P95 : 0.000000 P99 : 0.000000 P100 : 0.000000 COUNT : 0 SUM : 0
rocksdb.file.read.verify.file.checksums.micros P50 : 0.000000 P95 : 0.000000 P99 : 0.000000 P100 : 0.000000 COUNT : 0 SUM : 0
rocksdb.sst.write.micros P50 : 0.503166 P95 : 0.956016 P99 : 0.996269 P100 : 12016.000000 COUNT : 5658632 SUM : 5713004
rocksdb.file.write.flush.micros P50 : 0.502816 P95 : 0.955351 P99 : 0.995577 P100 : 12016.000000 COUNT : 2428710 SUM : 2581735
rocksdb.file.write.compaction.micros P50 : 0.503430 P95 : 0.956517 P99 : 0.996791 P100 : 10346.000000 COUNT : 3229922 SUM : 3131269
rocksdb.file.write.db.open.micros P50 : 0.000000 P95 : 0.000000 P99 : 0.000000 P100 : 0.000000 COUNT : 0 SUM : 0
rocksdb.num.subcompactions.scheduled P50 : 0.000000 P95 : 0.000000 P99 : 0.000000 P100 : 0.000000 COUNT : 0 SUM : 0
rocksdb.bytes.per.read P50 : 1024.000000 P95 : 1024.000000 P99 : 1024.000000 P100 : 1024.000000 COUNT : 400000 SUM : 402071552
rocksdb.bytes.per.write P50 : 1090.482398 P95 : 1288.916556 P99 : 3425.877935 P100 : 4188.000000 COUNT : 4760015 SUM : 5277120180
rocksdb.bytes.per.multiget P50 : 0.000000 P95 : 0.000000 P99 : 0.000000 P100 : 0.000000 COUNT : 0 SUM : 0
rocksdb.compression.times.nanos P50 : 0.000000 P95 : 0.000000 P99 : 0.000000 P100 : 0.000000 COUNT : 0 SUM : 0
rocksdb.decompression.times.nanos P50 : 0.000000 P95 : 0.000000 P99 : 0.000000 P100 : 0.000000 COUNT : 0 SUM : 0
rocksdb.read.num.merge_operands P50 : 0.000000 P95 : 0.000000 P99 : 0.000000 P100 : 0.000000 COUNT : 0 SUM : 0
rocksdb.blobdb.key.size P50 : 0.000000 P95 : 0.000000 P99 : 0.000000 P100 : 0.000000 COUNT : 0 SUM : 0
rocksdb.blobdb.value.size P50 : 0.000000 P95 : 0.000000 P99 : 0.000000 P100 : 0.000000 COUNT : 0 SUM : 0
rocksdb.blobdb.write.micros P50 : 0.000000 P95 : 0.000000 P99 : 0.000000 P100 : 0.000000 COUNT : 0 SUM : 0
rocksdb.blobdb.get.micros P50 : 0.000000 P95 : 0.000000 P99 : 0.000000 P100 : 0.000000 COUNT : 0 SUM : 0
rocksdb.blobdb.multiget.micros P50 : 0.000000 P95 : 0.000000 P99 : 0.000000 P100 : 0.000000 COUNT : 0 SUM : 0
rocksdb.blobdb.seek.micros P50 : 0.000000 P95 : 0.000000 P99 : 0.000000 P100 : 0.000000 COUNT : 0 SUM : 0
rocksdb.blobdb.next.micros P50 : 0.000000 P95 : 0.000000 P99 : 0.000000 P100 : 0.000000 COUNT : 0 SUM : 0
rocksdb.blobdb.prev.micros P50 : 0.000000 P95 : 0.000000 P99 : 0.000000 P100 : 0.000000 COUNT : 0 SUM : 0
rocksdb.blobdb.blob.file.write.micros P50 : 0.000000 P95 : 0.000000 P99 : 0.000000 P100 : 0.000000 COUNT : 0 SUM : 0
rocksdb.blobdb.blob.file.read.micros P50 : 0.000000 P95 : 0.000000 P99 : 0.000000 P100 : 0.000000 COUNT : 0 SUM : 0
rocksdb.blobdb.blob.file.sync.micros P50 : 0.000000 P95 : 0.000000 P99 : 0.000000 P100 : 0.000000 COUNT : 0 SUM : 0
rocksdb.blobdb.compression.micros P50 : 0.000000 P95 : 0.000000 P99 : 0.000000 P100 : 0.000000 COUNT : 0 SUM : 0
rocksdb.blobdb.decompression.micros P50 : 0.000000 P95 : 0.000000 P99 : 0.000000 P100 : 0.000000 COUNT : 0 SUM : 0
rocksdb.db.flush.micros P50 : 535102.040816 P95 : 1250228.000000 P99 : 1250228.000000 P100 : 1250228.000000 COUNT : 80 SUM : 53853771
rocksdb.sst.batch.size P50 : 0.000000 P95 : 0.000000 P99 : 0.000000 P100 : 0.000000 COUNT : 0 SUM : 0
rocksdb.multiget.io.batch.size P50 : 0.000000 P95 : 0.000000 P99 : 0.000000 P100 : 0.000000 COUNT : 0 SUM : 0
rocksdb.num.index.and.filter.blocks.read.per.level P50 : 0.000000 P95 : 0.000000 P99 : 0.000000 P100 : 0.000000 COUNT : 0 SUM : 0
rocksdb.num.sst.read.per.level P50 : 0.000000 P95 : 0.000000 P99 : 0.000000 P100 : 0.000000 COUNT : 0 SUM : 0
rocksdb.num.level.read.per.multiget P50 : 0.000000 P95 : 0.000000 P99 : 0.000000 P100 : 0.000000 COUNT : 0 SUM : 0
rocksdb.error.handler.autoresume.retry.count P50 : 0.000000 P95 : 0.000000 P99 : 0.000000 P100 : 0.000000 COUNT : 0 SUM : 0
rocksdb.async.read.bytes P50 : 0.000000 P95 : 0.000000 P99 : 0.000000 P100 : 0.000000 COUNT : 0 SUM : 0
rocksdb.poll.wait.micros P50 : 0.000000 P95 : 0.000000 P99 : 0.000000 P100 : 0.000000 COUNT : 0 SUM : 0
rocksdb.compaction.prefetch.bytes P50 : 0.000000 P95 : 0.000000 P99 : 0.000000 P100 : 0.000000 COUNT : 0 SUM : 0
rocksdb.prefetched.bytes.discarded P50 : 0.000000 P95 : 0.000000 P99 : 0.000000 P100 : 0.000000 COUNT : 0 SUM : 0
rocksdb.async.prefetch.abort.micros P50 : 0.000000 P95 : 0.000000 P99 : 0.000000 P100 : 0.000000 COUNT : 0 SUM : 0
rocksdb.table.open.prefetch.tail.read.bytes P50 : 0.000000 P95 : 0.000000 P99 : 0.000000 P100 : 0.000000 COUNT : 0 SUM : 0
rocksdb.num.op.per.transaction P50 : 0.000000 P95 : 0.000000 P99 : 0.000000 P100 : 0.000000 COUNT : 0 SUM : 0
rocksdb.multiscan.op.prepare.iterators.micros P50 : 0.000000 P95 : 0.000000 P99 : 0.000000 P100 : 0.000000 COUNT : 0 SUM : 0
rocksdb.multiscan.prepare.micros P50 : 0.000000 P95 : 0.000000 P99 : 0.000000 P100 : 0.000000 COUNT : 0 SUM : 0
rocksdb.multiscan.blocks.per.prepare P50 : 0.000000 P95 : 0.000000 P99 : 0.000000 P100 : 0.000000 COUNT : 0 SUM : 0
rocksdb.block.key.distribution.cv P50 : 0.000000 P95 : 0.000000 P99 : 0.000000 P100 : 0.000000 COUNT : 0 SUM : 0

[EXPERIMENT_COMPLETED]
