RocksDB:    version 11.3.0
Date:       Tue May 26 09:41:36 2026
CPU:        2 * Intel Xeon Processor (SapphireRapids)
CPUCache:   16384 KB
2026/05/26-09:41:37  ... thread 2: (34000,34000) ops and (33837.0,33837.0) ops/second in (1.004816,1.004816) seconds
2026/05/26-09:41:37  ... thread 3: (32000,32000) ops and (31786.3,31786.3) ops/second in (1.006723,1.006723) seconds
2026/05/26-09:41:37  ... thread 0: (32000,32000) ops and (31963.0,31963.0) ops/second in (1.001158,1.001158) seconds
2026/05/26-09:41:37  ... thread 1: (36000,36000) ops and (35780.2,35780.2) ops/second in (1.006142,1.006142) seconds
2026/05/26-09:41:38  ... thread 2: (34000,68000) ops and (33906.2,33871.6) ops/second in (1.002766,2.007582) seconds
2026/05/26-09:41:38  ... thread 1: (28000,64000) ops and (27719.0,31741.6) ops/second in (1.010138,2.016280) seconds
2026/05/26-09:41:38  ... thread 3: (30000,62000) ops and (29376.4,30572.7) ops/second in (1.021227,2.027950) seconds
2026/05/26-09:41:38  ... thread 0: (28000,60000) ops and (27248.6,29575.1) ops/second in (1.027574,2.028732) seconds
2026/05/26-09:41:40  ... thread 2: (34000,102000) ops and (19418.6,27138.6) ops/second in (1.750896,3.758478) seconds
2026/05/26-09:41:40  ... thread 0: (28000,88000) ops and (16237.1,23446.8) ops/second in (1.724451,3.753183) seconds
2026/05/26-09:41:40  ... thread 3: (27000,89000) ops and (15576.4,23661.7) ops/second in (1.733395,3.761345) seconds
2026/05/26-09:41:40  ... thread 1: (31000,95000) ops and (17605.9,25151.9) ops/second in (1.760770,3.777050) seconds
2026/05/26-09:41:41  ... thread 1: (16000,111000) ops and (13348.6,22308.5) ops/second in (1.198630,4.975680) seconds
2026/05/26-09:41:41  ... thread 3: (17000,106000) ops and (13945.4,21283.5) ops/second in (1.219043,4.980388) seconds
2026/05/26-09:41:41  ... thread 0: (15000,103000) ops and (12248.7,20691.9) ops/second in (1.224616,4.977799) seconds
2026/05/26-09:41:41  ... thread 2: (15000,117000) ops and (12073.6,23396.0) ops/second in (1.242380,5.000858) seconds
2026/05/26-09:41:42  ... thread 0: (30000,133000) ops and (28157.4,22008.1) ops/second in (1.065441,6.043240) seconds
2026/05/26-09:41:42  ... thread 3: (31000,137000) ops and (28751.4,22612.5) ops/second in (1.078210,6.058598) seconds
2026/05/26-09:41:42  ... thread 2: (30000,147000) ops and (27919.8,24196.1) ops/second in (1.074507,6.075365) seconds
2026/05/26-09:41:42  ... thread 1: (34000,145000) ops and (30919.0,23867.0) ops/second in (1.099648,6.075328) seconds
2026/05/26-09:41:44  ... thread 0: (18000,151000) ops and (15199.7,20892.5) ops/second in (1.184236,7.227476) seconds
2026/05/26-09:41:44  ... thread 2: (15000,162000) ops and (12929.6,22389.6) ops/second in (1.160133,7.235498) seconds
2026/05/26-09:41:44  ... thread 1: (16000,161000) ops and (13764.8,22244.6) ops/second in (1.162386,7.237714) seconds
2026/05/26-09:41:44  ... thread 3: (13000,150000) ops and (10774.3,20646.5) ops/second in (1.206572,7.265170) seconds
2026/05/26-09:41:45  ... thread 1: (27000,188000) ops and (17846.7,21484.2) ops/second in (1.512883,8.750597) seconds
2026/05/26-09:41:45  ... thread 0: (31000,182000) ops and (20313.7,20791.6) ops/second in (1.526064,8.753540) seconds
2026/05/26-09:41:45  ... thread 2: (34000,196000) ops and (22157.4,22349.0) ops/second in (1.534477,8.769975) seconds
2026/05/26-09:41:45  ... thread 3: (32000,182000) ops and (20831.7,20678.8) ops/second in (1.536122,8.801292) seconds
2026/05/26-09:41:46  ... thread 0: (18000,200000) ops and (14861.6,20070.8) ops/second in (1.211177,9.964717) seconds
2026/05/26-09:41:46  ... thread 2: (15000,211000) ops and (12488.1,21161.1) ops/second in (1.201140,9.971115) seconds
2026/05/26-09:41:46  ... thread 3: (15000,197000) ops and (12758.0,19745.4) ops/second in (1.175735,9.977027) seconds
2026/05/26-09:41:46  ... thread 1: (16000,204000) ops and (12998.3,20437.8) ops/second in (1.230928,9.981525) seconds
2026/05/26-09:41:47  ... thread 0: (16000,216000) ops and (14695.9,19541.4) ops/second in (1.088741,11.053458) seconds
2026/05/26-09:41:47  ... thread 3: (14000,211000) ops and (12789.3,19057.6) ops/second in (1.094663,11.071690) seconds
2026/05/26-09:41:47  ... thread 1: (18000,222000) ops and (16460.2,20045.0) ops/second in (1.093549,11.075074) seconds
2026/05/26-09:41:47  ... thread 2: (14000,225000) ops and (12647.3,20310.4) ops/second in (1.106956,11.078071) seconds
2026/05/26-09:41:49  ... thread 0: (15000,231000) ops and (8009.1,17870.5) ops/second in (1.872880,12.926338) seconds
2026/05/26-09:41:49  ... thread 3: (16000,227000) ops and (8572.2,17545.0) ops/second in (1.866496,12.938186) seconds
2026/05/26-09:41:49  ... thread 2: (15000,240000) ops and (8042.0,18542.4) ops/second in (1.865216,12.943287) seconds
2026/05/26-09:41:49  ... thread 1: (15000,237000) ops and (7999.0,18300.7) ops/second in (1.875240,12.950314) seconds
2026/05/26-09:41:50  ... thread 0: (29000,260000) ops and (28914.0,18665.7) ops/second in (1.002974,13.929312) seconds
2026/05/26-09:41:50  ... thread 2: (29000,269000) ops and (28426.3,19264.6) ops/second in (1.020182,13.963469) seconds
2026/05/26-09:41:50  ... thread 1: (27000,264000) ops and (26679.9,18908.0) ops/second in (1.011998,13.962312) seconds
2026/05/26-09:41:50  ... thread 3: (30000,257000) ops and (29180.4,18401.5) ops/second in (1.028086,13.966272) seconds
2026/05/26-09:41:51  ... thread 2: (7000,276000) ops and (6967.5,18439.2) ops/second in (1.004663,14.968132) seconds
2026/05/26-09:41:51  ... thread 0: (8000,268000) ops and (7720.7,17907.9) ops/second in (1.036170,14.965482) seconds
2026/05/26-09:41:51  ... thread 3: (11000,268000) ops and (10869.3,17892.6) ops/second in (1.012028,14.978300) seconds
2026/05/26-09:41:51  ... thread 1: (10000,274000) ops and (9791.0,18286.6) ops/second in (1.021347,14.983659) seconds
2026/05/26-09:41:53  ... thread 2: (22000,298000) ops and (16560.6,18286.0) ops/second in (1.328451,16.296583) seconds
2026/05/26-09:41:53  ... thread 1: (23000,297000) ops and (17499.4,18223.1) ops/second in (1.314328,16.297987) seconds
2026/05/26-09:41:53  ... thread 0: (27000,295000) ops and (20166.7,18093.4) ops/second in (1.338841,16.304323) seconds
2026/05/26-09:41:53  ... thread 3: (26000,294000) ops and (19324.7,18010.6) ops/second in (1.345431,16.323731) seconds
2026/05/26-09:41:54  ... thread 2: (30000,328000) ops and (29888.5,18959.2) ops/second in (1.003731,17.300314) seconds
2026/05/26-09:41:54  ... thread 1: (27000,324000) ops and (26365.2,18704.5) ops/second in (1.024079,17.322066) seconds
2026/05/26-09:41:54  ... thread 0: (26000,321000) ops and (25624.5,18534.6) ops/second in (1.014655,17.318978) seconds
2026/05/26-09:41:54  ... thread 3: (31000,325000) ops and (30971.5,18759.4) ops/second in (1.000921,17.324652) seconds
2026/05/26-09:41:55  ... thread 2: (8000,336000) ops and (7903.0,18348.0) ops/second in (1.012277,18.312591) seconds
2026/05/26-09:41:55  ... thread 1: (12000,336000) ops and (11929.9,18332.7) ops/second in (1.005880,18.327946) seconds
2026/05/26-09:41:55  ... thread 3: (11000,336000) ops and (10941.9,18330.6) ops/second in (1.005313,18.329965) seconds
2026/05/26-09:41:55  ... thread 0: (10000,331000) ops and (9840.7,18052.7) ops/second in (1.016186,18.335164) seconds
2026/05/26-09:41:56  ... thread 0: (7000,338000) ops and (5132.7,17158.3) ops/second in (1.363811,19.698975) seconds
2026/05/26-09:41:56  ... thread 2: (9000,345000) ops and (6421.9,17500.2) ops/second in (1.401450,19.714041) seconds
2026/05/26-09:41:56  ... thread 3: (8000,344000) ops and (5711.3,17434.8) ops/second in (1.400739,19.730704) seconds
2026/05/26-09:41:56  ... thread 1: (8000,344000) ops and (5680.3,17429.8) ops/second in (1.408370,19.736316) seconds
2026/05/26-09:41:57  ... thread 1: (16000,360000) ops and (14029.4,17244.0) ops/second in (1.140464,20.876780) seconds
2026/05/26-09:41:57  ... thread 2: (13000,358000) ops and (11122.3,17143.2) ops/second in (1.168822,20.882863) seconds
2026/05/26-09:41:57  ... thread 0: (16000,354000) ops and (13398.6,16943.4) ops/second in (1.194152,20.893127) seconds
2026/05/26-09:41:57  ... thread 3: (17000,361000) ops and (14206.6,17250.2) ops/second in (1.196624,20.927328) seconds
2026/05/26-09:41:58  ... thread 2: (27000,385000) ops and (26622.4,17582.3) ops/second in (1.014182,21.897045) seconds
2026/05/26-09:41:58  ... thread 0: (24000,378000) ops and (23861.8,17261.1) ops/second in (1.005792,21.898919) seconds
2026/05/26-09:41:58  ... thread 1: (26000,386000) ops and (25143.5,17616.8) ops/second in (1.034063,21.910843) seconds
2026/05/26-09:41:58  ... thread 3: (26000,387000) ops and (25575.0,17635.8) ops/second in (1.016617,21.943945) seconds
2026/05/26-09:42:00  ... thread 2: (21000,406000) ops and (14180.6,17366.8) ops/second in (1.480898,23.377943) seconds
2026/05/26-09:42:00  ... thread 0: (20000,398000) ops and (13523.6,17024.7) ops/second in (1.478898,23.377817) seconds
2026/05/26-09:42:00  ... thread 1: (21000,407000) ops and (14083.7,17391.7) ops/second in (1.491087,23.401930) seconds
2026/05/26-09:42:00  ... thread 3: (22000,409000) ops and (14802.8,17456.1) ops/second in (1.486201,23.430146) seconds
2026/05/26-09:42:01  ... thread 2: (24000,430000) ops and (23571.8,17625.8) ops/second in (1.018165,24.396108) seconds
2026/05/26-09:42:01  ... thread 0: (25000,423000) ops and (24631.2,17341.2) ops/second in (1.014972,24.392789) seconds
2026/05/26-09:42:01  ... thread 3: (25000,434000) ops and (21224.7,17636.5) ops/second in (1.177873,24.608019) seconds
2026/05/26-09:42:01  ... thread 1: (26000,433000) ops and (21468.1,17592.3) ops/second in (1.211101,24.613031) seconds
2026/05/26-09:42:02  ... thread 3: (5000,439000) ops and (3952.4,16967.4) ops/second in (1.265067,25.873086) seconds
2026/05/26-09:42:02  ... thread 2: (7000,437000) ops and (4731.6,16888.6) ops/second in (1.479403,25.875511) seconds
2026/05/26-09:42:02  ... thread 1: (5000,438000) ops and (3965.8,16928.3) ops/second in (1.260783,25.873814) seconds
2026/05/26-09:42:02  ... thread 0: (7000,430000) ops and (4630.0,16599.3) ops/second in (1.511884,25.904673) seconds
2026/05/26-09:42:03  ... thread 1: (27000,465000) ops and (26949.3,17301.9) ops/second in (1.001882,26.875696) seconds
2026/05/26-09:42:03  ... thread 3: (27000,466000) ops and (26626.6,17331.7) ops/second in (1.014025,26.887111) seconds
2026/05/26-09:42:03  ... thread 2: (30000,467000) ops and (29214.0,17359.0) ops/second in (1.026906,26.902417) seconds
2026/05/26-09:42:03  ... thread 0: (28000,458000) ops and (27566.3,17013.1) ops/second in (1.015733,26.920406) seconds
2026/05/26-09:42:04  ... thread 1: (21000,486000) ops and (18900.9,17365.4) ops/second in (1.111059,27.986755) seconds
2026/05/26-09:42:04  ... thread 2: (19000,486000) ops and (16876.6,17339.7) ops/second in (1.125817,28.028234) seconds
2026/05/26-09:42:04  ... thread 0: (17000,475000) ops and (15130.2,16937.7) ops/second in (1.123583,28.043989) seconds
2026/05/26-09:42:04  ... thread 3: (19000,485000) ops and (16038.3,17277.1) ops/second in (1.184662,28.071773) seconds
2026/05/26-09:42:06  ... thread 0: (15000,490000) ops and (8761.7,16467.3) ops/second in (1.712006,29.755995) seconds
2026/05/26-09:42:06  ... thread 3: (16000,501000) ops and (9461.5,16833.1) ops/second in (1.691064,29.762837) seconds
2026/05/26-09:42:06  ... thread 1: (16000,502000) ops and (8953.6,16860.5) ops/second in (1.786993,29.773748) seconds
2026/05/26-09:42:06  ... thread 2: (14000,500000) ops and (7894.3,16777.6) ops/second in (1.773435,29.801669) seconds
2026/05/26-09:42:07  ... thread 0: (29000,519000) ops and (28894.7,16872.8) ops/second in (1.003645,30.759640) seconds
2026/05/26-09:42:07  ... thread 3: (29000,530000) ops and (28783.5,17224.4) ops/second in (1.007521,30.770358) seconds
2026/05/26-09:42:07  ... thread 1: (31000,533000) ops and (30659.5,17313.7) ops/second in (1.011106,30.784854) seconds
2026/05/26-09:42:07  ... thread 2: (29000,529000) ops and (28430.1,17163.2) ops/second in (1.020045,30.821714) seconds
2026/05/26-09:42:08  ... thread 0: (27000,546000) ops and (26219.5,17175.5) ops/second in (1.029767,31.789407) seconds
2026/05/26-09:42:08  ... thread 1: (31000,564000) ops and (30190.3,17729.3) ops/second in (1.026820,31.811674) seconds
2026/05/26-09:42:08  ... thread 2: (28000,557000) ops and (27891.8,17501.6) ops/second in (1.003879,31.825593) seconds
2026/05/26-09:42:08  ... thread 3: (31000,561000) ops and (29374.7,17627.3) ops/second in (1.055331,31.825689) seconds
2026/05/26-09:42:09  ... thread 0: (24000,570000) ops and (23853.4,17380.4) ops/second in (1.006147,32.795554) seconds
2026/05/26-09:42:09  ... thread 1: (19000,583000) ops and (18706.0,17759.6) ops/second in (1.015718,32.827392) seconds
2026/05/26-09:42:09  ... thread 3: (18000,579000) ops and (17497.1,17623.2) ops/second in (1.028742,32.854431) seconds
2026/05/26-09:42:09  ... thread 2: (18000,575000) ops and (16957.5,17484.1) ops/second in (1.061475,32.887068) seconds
2026/05/26-09:42:11  ... thread 3: (14000,593000) ops and (10273.1,17330.5) ops/second in (1.362786,34.217217) seconds
2026/05/26-09:42:11  ... thread 0: (16000,586000) ops and (11279.4,17127.5) ops/second in (1.418511,34.214065) seconds
2026/05/26-09:42:11  ... thread 1: (16000,599000) ops and (11355.1,17496.0) ops/second in (1.409057,34.236449) seconds
2026/05/26-09:42:11  ... thread 2: (13000,588000) ops and (9594.7,17171.9) ops/second in (1.354919,34.241987) seconds
2026/05/26-09:42:12  ... thread 0: (16000,602000) ops and (14458.6,17043.8) ops/second in (1.106609,35.320674) seconds
2026/05/26-09:42:12  ... thread 2: (15000,603000) ops and (13604.2,17060.6) ops/second in (1.102598,35.344585) seconds
2026/05/26-09:42:12  ... thread 3: (15000,608000) ops and (13278.6,17201.0) ops/second in (1.129639,35.346856) seconds
2026/05/26-09:42:12  ... thread 1: (17000,616000) ops and (15133.0,17420.9) ops/second in (1.123375,35.359824) seconds
2026/05/26-09:42:13  ... thread 0: (29000,631000) ops and (28374.5,17362.5) ops/second in (1.022043,36.342717) seconds
2026/05/26-09:42:13  ... thread 3: (25000,633000) ops and (24585.4,17407.5) ops/second in (1.016862,36.363718) seconds
2026/05/26-09:42:13  ... thread 2: (27000,630000) ops and (26397.2,17323.2) ops/second in (1.022836,36.367421) seconds
2026/05/26-09:42:13  ... thread 1: (24000,640000) ops and (23740.4,17596.6) ops/second in (1.010935,36.370759) seconds
2026/05/26-09:42:14  ... thread 0: (15000,646000) ops and (14914.7,17296.6) ops/second in (1.005720,37.348437) seconds
2026/05/26-09:42:14  ... thread 3: (15000,648000) ops and (14763.3,17335.6) ops/second in (1.016033,37.379751) seconds
2026/05/26-09:42:14  ... thread 2: (14000,644000) ops and (13685.3,17223.7) ops/second in (1.022993,37.390414) seconds
2026/05/26-09:42:14  ... thread 1: (15000,655000) ops and (14681.1,17516.9) ops/second in (1.021719,37.392478) seconds
2026/05/26-09:42:15  ... thread 0: (9000,655000) ops and (8915.6,17076.0) ops/second in (1.009465,38.357902) seconds
2026/05/26-09:42:15  ... thread 3: (13000,661000) ops and (12856.0,17217.6) ops/second in (1.011202,38.390953) seconds
2026/05/26-09:42:15  ... thread 2: (10000,654000) ops and (9961.7,17033.8) ops/second in (1.003840,38.394254) seconds
2026/05/26-09:42:15  ... thread 1: (8000,663000) ops and (7939.7,17265.6) ops/second in (1.007600,38.400078) seconds
2026/05/26-09:42:16  ... thread 0: (28000,683000) ops and (27529.8,17346.0) ops/second in (1.017078,39.374980) seconds
2026/05/26-09:42:16  ... thread 1: (25000,688000) ops and (24405.8,17451.1) ops/second in (1.024345,39.424423) seconds
2026/05/26-09:42:16  ... thread 3: (27000,688000) ops and (25824.0,17445.8) ops/second in (1.045538,39.436491) seconds
2026/05/26-09:42:16  ... thread 2: (28000,682000) ops and (26844.2,17293.3) ops/second in (1.043057,39.437311) seconds
2026/05/26-09:42:17  ... thread 3: (14000,702000) ops and (12544.0,17310.9) ops/second in (1.116072,40.552563) seconds
2026/05/26-09:42:17  ... thread 0: (20000,703000) ops and (17043.3,17337.3) ops/second in (1.173484,40.548464) seconds
2026/05/26-09:42:17  ... thread 1: (14000,702000) ops and (12327.5,17307.7) ops/second in (1.135671,40.560094) seconds
2026/05/26-09:42:17  ... thread 2: (13000,695000) ops and (11517.2,17132.5) ops/second in (1.128750,40.566061) seconds
2026/05/26-09:42:18  ... thread 0: (14000,717000) ops and (11746.4,17177.6) ops/second in (1.191858,41.740322) seconds
2026/05/26-09:42:18  ... thread 1: (16000,718000) ops and (13509.5,17199.9) ops/second in (1.184354,41.744448) seconds
2026/05/26-09:42:18  ... thread 3: (17000,719000) ops and (14239.7,17223.0) ops/second in (1.193843,41.746406) seconds
2026/05/26-09:42:18  ... thread 2: (15000,710000) ops and (12460.7,16997.9) ops/second in (1.203785,41.769846) seconds
2026/05/26-09:42:20  ... thread 1: (16000,734000) ops and (8974.7,16863.0) ops/second in (1.782784,43.527232) seconds
2026/05/26-09:42:20  ... thread 3: (16000,735000) ops and (8905.8,16879.9) ops/second in (1.796585,43.542991) seconds
2026/05/26-09:42:20  ... thread 0: (16000,733000) ops and (8892.5,16835.3) ops/second in (1.799261,43.539583) seconds
2026/05/26-09:42:20  ... thread 2: (14000,724000) ops and (7877.9,16625.7) ops/second in (1.777117,43.546963) seconds
2026/05/26-09:42:21  ... thread 1: (31000,765000) ops and (26408.5,17113.7) ops/second in (1.173864,44.701096) seconds
2026/05/26-09:42:21  ... thread 3: (30000,765000) ops and (25857.0,17112.9) ops/second in (1.160229,44.703220) seconds
2026/05/26-09:42:21  ... thread 0: (33000,766000) ops and (28379.7,17135.6) ops/second in (1.162804,44.702387) seconds
2026/05/26-09:42:21  ... thread 2: (31000,755000) ops and (26213.3,16879.2) ops/second in (1.182608,44.729571) seconds
2026/05/26-09:42:22  ... thread 0: (31000,797000) ops and (26088.9,17367.4) ops/second in (1.188244,45.890631) seconds
2026/05/26-09:42:22  ... thread 2: (29000,784000) ops and (24563.6,17076.8) ops/second in (1.180608,45.910179) seconds
2026/05/26-09:42:22  ... thread 3: (34000,799000) ops and (27848.2,17398.3) ops/second in (1.220905,45.924125) seconds
2026/05/26-09:42:22  ... thread 1: (31000,796000) ops and (24952.5,17325.6) ops/second in (1.242361,45.943457) seconds
2026/05/26-09:42:23  ... thread 2: (24000,808000) ops and (23925.2,17223.3) ops/second in (1.003125,46.913304) seconds
2026/05/26-09:42:23  ... thread 0: (22000,819000) ops and (21507.8,17457.7) ops/second in (1.022883,46.913514) seconds
2026/05/26-09:42:23  ... thread 3: (25000,824000) ops and (24684.2,17555.5) ops/second in (1.012795,46.936920) seconds
2026/05/26-09:42:23  ... thread 1: (27000,823000) ops and (26665.2,17527.0) ops/second in (1.012556,46.956013) seconds
2026/05/26-09:42:25  ... thread 2: (7000,815000) ops and (3663.0,16692.5) ops/second in (1.911016,48.824320) seconds
2026/05/26-09:42:25  ... thread 1: (6000,829000) ops and (3207.8,16978.5) ops/second in (1.870447,48.826460) seconds
2026/05/26-09:42:25  ... thread 3: (6000,830000) ops and (3155.6,16994.9) ops/second in (1.901373,48.838293) seconds
2026/05/26-09:42:25  ... thread 0: (6000,825000) ops and (3124.8,16894.1) ops/second in (1.920115,48.833629) seconds
2026/05/26-09:42:26  ... thread 3: (32000,862000) ops and (28393.0,17252.0) ops/second in (1.127037,49.965330) seconds
2026/05/26-09:42:26  ... thread 2: (33000,848000) ops and (28843.3,16970.7) ops/second in (1.144113,49.968433) seconds
2026/05/26-09:42:26  ... thread 1: (29000,858000) ops and (25309.8,17169.5) ops/second in (1.145799,49.972259) seconds
2026/05/26-09:42:26  ... thread 0: (33000,858000) ops and (29057.1,17170.5) ops/second in (1.135693,49.969322) seconds
2026/05/26-09:42:27  ... thread 3: (26000,888000) ops and (25663.7,17419.1) ops/second in (1.013106,50.978436) seconds
2026/05/26-09:42:27  ... thread 2: (23000,871000) ops and (22551.9,17082.3) ops/second in (1.019868,50.988301) seconds
2026/05/26-09:42:27  ... thread 0: (23000,881000) ops and (22574.6,17278.5) ops/second in (1.018842,50.988164) seconds
2026/05/26-09:42:27  ... thread 1: (24000,882000) ops and (23463.9,17295.8) ops/second in (1.022847,50.995106) seconds
2026/05/26-09:42:28  ... thread 1: (26000,908000) ops and (25787.9,17460.4) ops/second in (1.008225,52.003331) seconds
2026/05/26-09:42:28  ... thread 2: (29000,900000) ops and (28254.9,17302.8) ops/second in (1.026369,52.014670) seconds
2026/05/26-09:42:28  ... thread 3: (27000,915000) ops and (25623.4,17585.3) ops/second in (1.053723,52.032159) seconds
2026/05/26-09:42:28  ... thread 0: (26000,907000) ops and (24942.9,17432.1) ops/second in (1.042381,52.030545) seconds
2026/05/26-09:42:31  ... thread 0: (25000,932000) ops and (10540.3,17131.6) ops/second in (2.371858,54.402403) seconds
2026/05/26-09:42:31  ... thread 2: (28000,928000) ops and (11678.7,17055.0) ops/second in (2.397517,54.412187) seconds
2026/05/26-09:42:31  ... thread 1: (26000,934000) ops and (10776.8,17164.1) ops/second in (2.412594,54.415925) seconds
2026/05/26-09:42:31  ... thread 3: (26000,941000) ops and (10856.2,17289.2) ops/second in (2.394944,54.427103) seconds
2026/05/26-09:42:32  ... thread 0: (31000,963000) ops and (30817.7,17380.1) ops/second in (1.005916,55.408319) seconds
2026/05/26-09:42:32  ... thread 1: (29000,963000) ops and (28706.6,17374.5) ops/second in (1.010221,55.426146) seconds
2026/05/26-09:42:32  ... thread 2: (27000,955000) ops and (26393.5,17227.3) ops/second in (1.022978,55.435165) seconds
2026/05/26-09:42:32  ... thread 3: (29000,970000) ops and (28612.8,17496.2) ops/second in (1.013533,55.440636) seconds
2026/05/26-09:42:34  ... thread 1: (17000,980000) ops and (9390.3,17121.9) ops/second in (1.810382,57.236528) seconds
2026/05/26-09:42:34  ... thread 2: (16000,971000) ops and (8646.4,16950.1) ops/second in (1.850482,57.285647) seconds
2026/05/26-09:42:34  ... thread 0: (18000,981000) ops and (9607.7,17125.9) ops/second in (1.873494,57.281813) seconds
2026/05/26-09:42:34  ... thread 3: (19000,989000) ops and (10260.1,17262.3) ops/second in (1.851836,57.292472) seconds
2026/05/26-09:42:35  ... thread 0: (32000,1013000) ops and (27957.2,17338.0) ops/second in (1.144606,58.426419) seconds
2026/05/26-09:42:35  ... thread 1: (31000,1011000) ops and (25700.2,17299.0) ops/second in (1.206217,58.442745) seconds
2026/05/26-09:42:35  ... thread 2: (32000,1003000) ops and (27384.4,17158.7) ops/second in (1.168547,58.454194) seconds
2026/05/26-09:42:35  ... thread 3: (31000,1020000) ops and (26341.6,17445.0) ops/second in (1.176844,58.469316) seconds
2026/05/26-09:42:36  ... thread 2: (18000,1021000) ops and (16033.9,17137.5) ops/second in (1.122624,59.576818) seconds
2026/05/26-09:42:36  ... thread 3: (16000,1036000) ops and (13335.8,17362.4) ops/second in (1.199778,59.669094) seconds
2026/05/26-09:42:36  ... thread 1: (15000,1026000) ops and (10303.0,17128.9) ops/second in (1.455883,59.898628) seconds
2026/05/26-09:42:36  ... thread 0: (16000,1029000) ops and (10744.0,17174.2) ops/second in (1.489204,59.915623) seconds
2026/05/26-09:42:37  ... thread 3: (2000,1038000) ops and (1939.0,17100.3) ops/second in (1.031477,60.700571) seconds
2026/05/26-09:42:37  ... thread 0: (2000,1031000) ops and (1816.2,16897.0) ops/second in (1.101205,61.016828) seconds
2026/05/26-09:42:38  ... thread 1: (2000,1028000) ops and (1533.6,16796.6) ops/second in (1.304082,61.202710) seconds
2026/05/26-09:42:38  ... thread 2: (2000,1023000) ops and (1226.5,16713.6) ops/second in (1.630708,61.207526) seconds
2026/05/26-09:42:38  ... thread 3: (16000,1054000) ops and (15254.0,17069.0) ops/second in (1.048906,61.749477) seconds
2026/05/26-09:42:38  ... thread 0: (27000,1058000) ops and (26270.5,17052.3) ops/second in (1.027770,62.044598) seconds
2026/05/26-09:42:39  ... thread 1: (29000,1057000) ops and (28953.6,16992.4) ops/second in (1.001601,62.204311) seconds
2026/05/26-09:42:39  ... thread 2: (29000,1052000) ops and (28470.6,16906.1) ops/second in (1.018593,62.226119) seconds
2026/05/26-09:42:40  ... thread 2: (15000,1067000) ops and (8658.6,16682.7) ops/second in (1.732374,63.958493) seconds
2026/05/26-09:42:40  ... thread 1: (17000,1074000) ops and (9666.8,16791.0) ops/second in (1.758590,63.962901) seconds
2026/05/26-09:42:40  ... thread 0: (18000,1076000) ops and (9397.0,16823.0) ops/second in (1.915495,63.960093) seconds
2026/05/26-09:42:40  ... thread 3: (25000,1079000) ops and (11223.6,16865.5) ops/second in (2.227451,63.976928) seconds
2026/05/26-09:42:41  ... thread 1: (29000,1103000) ops and (28598.9,16975.3) ops/second in (1.014026,64.976927) seconds
2026/05/26-09:42:41  ... thread 2: (31000,1098000) ops and (30372.0,16897.7) ops/second in (1.020677,64.979170) seconds
2026/05/26-09:42:41  ... thread 0: (31000,1107000) ops and (30176.6,17034.1) ops/second in (1.027286,64.987379) seconds
2026/05/26-09:42:41  ... thread 3: (33000,1112000) ops and (32262.2,17107.7) ops/second in (1.022869,64.999797) seconds
2026/05/26-09:42:42  ... thread 0: (18000,1125000) ops and (17519.7,17041.6) ops/second in (1.027414,66.014793) seconds
2026/05/26-09:42:42  ... thread 2: (17000,1115000) ops and (15288.6,16870.7) ops/second in (1.111939,66.091109) seconds
2026/05/26-09:42:43  ... thread 1: (16000,1119000) ops and (12270.4,16882.7) ops/second in (1.303955,66.280882) seconds
2026/05/26-09:42:43  ... thread 3: (14000,1126000) ops and (9542.1,16940.7) ops/second in (1.467181,66.466978) seconds
2026/05/26-09:42:44  ... thread 0: (2000,1127000) ops and (1702.8,16773.5) ops/second in (1.174506,67.189299) seconds
2026/05/26-09:42:44  ... thread 2: (3000,1118000) ops and (2484.1,16612.5) ops/second in (1.207659,67.298768) seconds
2026/05/26-09:42:44  ... thread 1: (1000,1120000) ops and (899.6,16619.1) ops/second in (1.111654,67.392536) seconds
2026/05/26-09:42:44  ... thread 3: (2000,1128000) ops and (1547.3,16647.1) ops/second in (1.292587,67.759565) seconds
2026/05/26-09:42:45  ... thread 0: (7000,1134000) ops and (6907.5,16626.9) ops/second in (1.013392,68.202691) seconds
2026/05/26-09:42:45  ... thread 2: (14000,1132000) ops and (13621.9,16567.5) ops/second in (1.027754,68.326522) seconds
2026/05/26-09:42:45  ... thread 1: (14000,1134000) ops and (13921.2,16579.4) ops/second in (1.005659,68.398195) seconds
2026/05/26-09:42:45  ... thread 3: (29000,1157000) ops and (25544.9,16793.7) ops/second in (1.135258,68.894823) seconds
2026/05/26-09:42:46  ... thread 0: (36000,1170000) ops and (35346.1,16902.3) ops/second in (1.018499,69.221190) seconds
2026/05/26-09:42:46  ... thread 1: (27000,1161000) ops and (21869.0,16673.2) ops/second in (1.234627,69.632822) seconds
2026/05/26-09:42:46  ... thread 2: (33000,1165000) ops and (20925.8,16665.8) ops/second in (1.577004,69.903526) seconds
2026/05/26-09:42:47  ... thread 0: (4000,1174000) ops and (3676.9,16697.7) ops/second in (1.087860,70.309050) seconds
2026/05/26-09:42:47  ... thread 3: (15000,1172000) ops and (8689.9,16595.6) ops/second in (1.726140,70.620963) seconds
2026/05/26-09:42:48  ... thread 2: (2000,1167000) ops and (1465.8,16374.8) ops/second in (1.364460,71.267986) seconds
2026/05/26-09:42:48  ... thread 0: (2000,1176000) ops and (1710.2,16452.5) ops/second in (1.169462,71.478512) seconds
2026/05/26-09:42:48  ... thread 1: (3000,1164000) ops and (1428.1,16226.7) ops/second in (2.100695,71.733517) seconds
2026/05/26-09:42:48  ... thread 3: (2000,1174000) ops and (1594.8,16333.9) ops/second in (1.254041,71.875004) seconds
2026/05/26-09:42:49  ... thread 2: (11000,1178000) ops and (10871.0,16297.8) ops/second in (1.011869,72.279855) seconds
2026/05/26-09:42:49  ... thread 0: (16000,1192000) ops and (15722.0,16442.2) ops/second in (1.017682,72.496194) seconds
2026/05/26-09:42:49  ... thread 1: (28000,1192000) ops and (27467.5,16384.2) ops/second in (1.019387,72.752904) seconds
2026/05/26-09:42:49  ... thread 3: (26000,1200000) ops and (21832.3,16423.5) ops/second in (1.190895,73.065899) seconds
2026/05/26-09:42:50  ... thread 2: (27000,1205000) ops and (26576.2,16440.2) ops/second in (1.015946,73.295801) seconds
2026/05/26-09:42:50  ... thread 0: (26000,1218000) ops and (18844.0,16487.1) ops/second in (1.379747,73.875941) seconds
2026/05/26-09:42:51  ... thread 1: (17000,1209000) ops and (11934.5,16298.8) ops/second in (1.424436,74.177340) seconds
2026/05/26-09:42:51  ... thread 3: (15000,1215000) ops and (11609.4,16339.9) ops/second in (1.292057,74.357956) seconds
2026/05/26-09:42:51  ... thread 2: (11000,1216000) ops and (8860.9,16314.0) ops/second in (1.241410,74.537211) seconds
2026/05/26-09:42:51  ... thread 0: (3000,1221000) ops and (2549.2,16268.5) ops/second in (1.176852,75.052793) seconds
2026/05/26-09:42:52  ... thread 1: (1000,1210000) ops and (944.0,16082.6) ops/second in (1.059332,75.236672) seconds
2026/05/26-09:42:52  ... thread 3: (2000,1217000) ops and (1605.1,16097.0) ops/second in (1.246016,75.603972) seconds
2026/05/26-09:42:52  ... thread 2: (2000,1218000) ops and (1617.4,16074.2) ops/second in (1.236578,75.773789) seconds
2026/05/26-09:42:53  ... thread 0: (2000,1223000) ops and (1555.1,16020.7) ops/second in (1.286053,76.338846) seconds
2026/05/26-09:42:53  ... thread 2: (2000,1220000) ops and (1931.1,15883.5) ops/second in (1.035696,76.809485) seconds
2026/05/26-09:42:53  ... thread 1: (2000,1212000) ops and (1128.3,15738.4) ops/second in (1.772637,77.009309) seconds
2026/05/26-09:42:54  ... thread 3: (3000,1220000) ops and (1703.0,15769.3) ops/second in (1.761628,77.365600) seconds
2026/05/26-09:42:54  ... thread 0: (2000,1225000) ops and (1818.8,15819.0) ops/second in (1.099646,77.438492) seconds
2026/05/26-09:42:55  ... thread 2: (2000,1222000) ops and (1446.6,15628.2) ops/second in (1.382584,78.192069) seconds
2026/05/26-09:42:55  ... thread 1: (2000,1214000) ops and (1262.2,15446.5) ops/second in (1.584491,78.593800) seconds
2026/05/26-09:42:55  ... thread 0: (2000,1227000) ops and (1570.6,15588.5) ops/second in (1.273430,78.711922) seconds
2026/05/26-09:42:56  ... thread 3: (3000,1223000) ops and (1614.9,15437.4) ops/second in (1.857662,79.223262) seconds
2026/05/26-09:42:56  ... thread 2: (3000,1225000) ops and (1761.8,15332.7) ops/second in (1.702781,79.894850) seconds
2026/05/26-09:42:56  ... thread 0: (2000,1229000) ops and (1569.0,15365.1) ops/second in (1.274663,79.986585) seconds
2026/05/26-09:42:56  ... thread 1: (3000,1217000) ops and (2115.8,15210.3) ops/second in (1.417878,80.011678) seconds
2026/05/26-09:42:57  ... thread 3: (2000,1225000) ops and (1383.0,15185.4) ops/second in (1.446169,80.669431) seconds
2026/05/26-09:42:57  ... thread 0: (2000,1231000) ops and (1759.4,15174.4) ops/second in (1.136726,81.123311) seconds
2026/05/26-09:42:58  ... thread 1: (2000,1219000) ops and (1694.7,15013.8) ops/second in (1.180125,81.191803) seconds
2026/05/26-09:42:58  ... thread 2: (2000,1227000) ops and (1270.1,15060.8) ops/second in (1.574690,81.469540) seconds
2026/05/26-09:42:58  ... thread 3: (2000,1227000) ops and (1886.8,15013.0) ops/second in (1.059986,81.729417) seconds
2026/05/26-09:42:59  ... thread 1: (2000,1221000) ops and (1483.3,14792.8) ops/second in (1.348345,82.540148) seconds
2026/05/26-09:42:59  ... thread 0: (2000,1233000) ops and (1211.7,14896.0) ops/second in (1.650571,82.773882) seconds
2026/05/26-09:42:59  ... thread 2: (2000,1229000) ops and (1480.6,14839.3) ops/second in (1.350847,82.820387) seconds
2026/05/26-09:43:00  ... thread 3: (3000,1230000) ops and (1811.9,14750.8) ops/second in (1.655711,83.385128) seconds
2026/05/26-09:43:00  ... thread 2: (2000,1231000) ops and (1848.4,14671.8) ops/second in (1.082020,83.902407) seconds
2026/05/26-09:43:00  ... thread 0: (1000,1234000) ops and (732.9,14666.3) ops/second in (1.364510,84.138392) seconds
2026/05/26-09:43:01  ... thread 1: (3000,1224000) ops and (1642.6,14508.1) ops/second in (1.826416,84.366564) seconds
2026/05/26-09:43:01  ... thread 3: (2000,1232000) ops and (1231.7,14492.6) ops/second in (1.623722,85.008850) seconds
2026/05/26-09:43:02  ... thread 2: (2000,1233000) ops and (1271.7,14425.3) ops/second in (1.572692,85.475099) seconds
2026/05/26-09:43:03  ... thread 0: (2000,1236000) ops and (995.5,14347.5) ops/second in (2.009071,86.147463) seconds
2026/05/26-09:43:03  ... thread 3: (1000,1233000) ops and (712.0,14268.6) ops/second in (1.404402,86.413252) seconds
2026/05/26-09:43:03  ... thread 2: (2000,1235000) ops and (1567.1,14236.1) ops/second in (1.276243,86.751342) seconds
2026/05/26-09:43:03  ... thread 1: (2000,1226000) ops and (754.9,14089.4) ops/second in (2.649414,87.015978) seconds
2026/05/26-09:43:04  ... thread 0: (9000,1245000) ops and (8587.8,14278.3) ops/second in (1.047993,87.195456) seconds
2026/05/26-09:43:04  ... thread 3: (16000,1249000) ops and (15737.3,14285.7) ops/second in (1.016691,87.429943) seconds
Initializing RocksDB Options from the specified file
Initializing RocksDB Options from command-line flags
Integrated BlobDB: blob cache disabled
Keys:       16 bytes each (+ 0 bytes user-defined timestamp)
Values:     1024 bytes each (512 bytes after compression)
Entries:    1250000
Prefix:    0 bytes
Keys per prefix:    0
RawSize:    1239.8 MB (estimated)
FileSize:   629.4 MB (estimated)
Write rate: 0 bytes/second
Read rate: 0 ops/second
Compression: Snappy
Compression sampling rate: 0
Memtablerep: SkipListFactory
Perf Level: 1
WARNING: Assertions are enabled; benchmarks unnecessarily slow
------------------------------------------------
Initializing RocksDB Options from the specified file
Initializing RocksDB Options from command-line flags
Integrated BlobDB: blob cache disabled
DB path: [/tmp/rocksdb_comp_exp_db]
fillrandom   :      69.954 micros/op 57134 ops/sec 87.513 seconds 5000000 operations;   56.7 MB/s
2026/05/26-09:43:21  ... thread 1: (1000,1000) ops and (57.9,57.9) ops/second in (17.266597,17.266597) seconds
2026/05/26-09:43:21  ... thread 2: (1000,1000) ops and (57.1,57.1) ops/second in (17.508445,17.508445) seconds
2026/05/26-09:43:22  ... thread 0: (1000,1000) ops and (56.7,56.7) ops/second in (17.631148,17.631148) seconds
2026/05/26-09:43:22  ... thread 3: (1000,1000) ops and (56.3,56.3) ops/second in (17.755521,17.755521) seconds
2026/05/26-09:43:30  ... thread 1: (1000,2000) ops and (116.3,77.3) ops/second in (8.597736,25.864333) seconds
2026/05/26-09:43:30  ... thread 2: (1000,2000) ops and (115.4,76.4) ops/second in (8.669236,26.177681) seconds
2026/05/26-09:43:30  ... thread 0: (1000,2000) ops and (115.2,76.0) ops/second in (8.684059,26.315207) seconds
2026/05/26-09:43:31  ... thread 3: (1000,2000) ops and (108.6,74.2) ops/second in (9.205482,26.961003) seconds
2026/05/26-09:43:37  ... thread 1: (1000,3000) ops and (129.9,89.4) ops/second in (7.698859,33.563192) seconds
2026/05/26-09:43:38  ... thread 0: (1000,3000) ops and (134.6,88.9) ops/second in (7.427700,33.742907) seconds
2026/05/26-09:43:38  ... thread 2: (1000,3000) ops and (131.1,88.7) ops/second in (7.629058,33.806739) seconds
2026/05/26-09:43:38  ... thread 3: (1000,3000) ops and (137.2,87.6) ops/second in (7.288463,34.249466) seconds
2026/05/26-09:43:43  ... thread 1: (1000,4000) ops and (172.1,101.6) ops/second in (5.810544,39.373736) seconds
2026/05/26-09:43:43  ... thread 0: (1000,4000) ops and (177.0,101.5) ops/second in (5.649146,39.392053) seconds
2026/05/26-09:43:43  ... thread 2: (1000,4000) ops and (173.5,101.1) ops/second in (5.764966,39.571705) seconds
2026/05/26-09:43:44  ... thread 3: (1000,4000) ops and (156.7,98.4) ops/second in (6.380437,40.629903) seconds
2026/05/26-09:43:48  ... thread 1: (1000,5000) ops and (208.0,113.2) ops/second in (4.807714,44.181450) seconds
2026/05/26-09:43:49  ... thread 0: (1000,5000) ops and (180.8,111.3) ops/second in (5.529512,44.921565) seconds
2026/05/26-09:43:49  ... thread 2: (1000,5000) ops and (186.4,111.3) ops/second in (5.363762,44.935467) seconds
2026/05/26-09:43:49  ... thread 3: (1000,5000) ops and (213.8,110.4) ops/second in (4.677045,45.306948) seconds
2026/05/26-09:43:52  ... thread 0: (1000,6000) ops and (277.4,123.6) ops/second in (3.605518,48.527083) seconds
2026/05/26-09:43:53  ... thread 1: (1000,6000) ops and (218.3,123.0) ops/second in (4.580985,48.762435) seconds
2026/05/26-09:43:53  ... thread 2: (1000,6000) ops and (225.6,121.5) ops/second in (4.431833,49.367300) seconds
2026/05/26-09:43:54  ... thread 3: (1000,6000) ops and (226.7,120.7) ops/second in (4.410212,49.717160) seconds
2026/05/26-09:43:56  ... thread 0: (1000,7000) ops and (247.3,133.2) ops/second in (4.044035,52.571118) seconds
2026/05/26-09:43:56  ... thread 1: (1000,7000) ops and (259.2,133.0) ops/second in (3.857778,52.620213) seconds
2026/05/26-09:43:57  ... thread 2: (1000,7000) ops and (287.7,132.5) ops/second in (3.475273,52.842573) seconds
2026/05/26-09:43:58  ... thread 3: (1000,7000) ops and (249.8,130.3) ops/second in (4.002784,53.719944) seconds
2026/05/26-09:43:58  ... thread 0: (1000,8000) ops and (651.6,147.9) ops/second in (1.534583,54.105701) seconds
2026/05/26-09:43:58  ... thread 1: (1000,8000) ops and (659.2,147.8) ops/second in (1.517080,54.137293) seconds
2026/05/26-09:43:58  ... thread 2: (1000,8000) ops and (746.3,147.6) ops/second in (1.340020,54.182593) seconds
2026/05/26-09:43:59  ... thread 3: (2000,9000) ops and (1885.9,164.3) ops/second in (1.060488,54.780432) seconds
2026/05/26-09:43:59  ... thread 0: (2000,10000) ops and (1844.8,181.2) ops/second in (1.084137,55.189838) seconds
2026/05/26-09:43:59  ... thread 1: (2000,10000) ops and (1831.1,181.1) ops/second in (1.092260,55.229553) seconds
2026/05/26-09:43:59  ... thread 2: (2000,10000) ops and (1790.6,180.8) ops/second in (1.116965,55.299558) seconds
2026/05/26-09:44:00  ... thread 3: (2000,11000) ops and (1815.4,196.8) ops/second in (1.101712,55.882144) seconds
2026/05/26-09:44:00  ... thread 0: (2000,12000) ops and (1862.5,213.3) ops/second in (1.073828,56.263666) seconds
2026/05/26-09:44:00  ... thread 1: (2000,12000) ops and (1796.5,213.0) ops/second in (1.113284,56.342837) seconds
2026/05/26-09:44:00  ... thread 2: (2000,12000) ops and (1853.3,212.8) ops/second in (1.079130,56.378688) seconds
2026/05/26-09:44:01  ... thread 3: (2000,13000) ops and (1825.4,228.2) ops/second in (1.095635,56.977779) seconds
2026/05/26-09:44:01  ... thread 0: (2000,14000) ops and (1898.5,244.3) ops/second in (1.053446,57.317112) seconds
2026/05/26-09:44:01  ... thread 1: (2000,14000) ops and (1993.1,244.1) ops/second in (1.003482,57.346319) seconds
2026/05/26-09:44:01  ... thread 2: (2000,14000) ops and (1960.1,243.9) ops/second in (1.020377,57.399065) seconds
2026/05/26-09:44:02  ... thread 3: (2000,15000) ops and (1969.3,258.7) ops/second in (1.015578,57.993357) seconds
2026/05/26-09:44:02  ... thread 0: (2000,16000) ops and (1942.9,274.2) ops/second in (1.029389,58.346501) seconds
2026/05/26-09:44:02  ... thread 1: (2000,16000) ops and (1982.1,274.2) ops/second in (1.009035,58.355354) seconds
2026/05/26-09:44:02  ... thread 2: (2000,16000) ops and (1962.2,273.9) ops/second in (1.019274,58.418339) seconds
2026/05/26-09:44:03  ... thread 3: (3000,18000) ops and (2051.6,302.7) ops/second in (1.462272,59.455629) seconds
2026/05/26-09:44:04  ... thread 0: (3000,19000) ops and (2188.8,318.2) ops/second in (1.370623,59.717124) seconds
2026/05/26-09:44:04  ... thread 2: (3000,19000) ops and (2189.5,317.8) ops/second in (1.370199,59.788538) seconds
2026/05/26-09:44:04  ... thread 1: (3000,19000) ops and (2089.3,317.8) ops/second in (1.435878,59.791232) seconds
2026/05/26-09:44:05  ... thread 3: (3000,21000) ops and (2356.0,345.8) ops/second in (1.273331,60.728960) seconds
2026/05/26-09:44:05  ... thread 0: (3000,22000) ops and (2352.5,360.7) ops/second in (1.275262,60.992386) seconds
2026/05/26-09:44:05  ... thread 1: (3000,22000) ops and (2452.0,360.6) ops/second in (1.223472,61.014704) seconds
2026/05/26-09:44:05  ... thread 2: (3000,22000) ops and (2325.3,360.2) ops/second in (1.290134,61.078672) seconds
2026/05/26-09:44:06  ... thread 3: (3000,24000) ops and (2538.4,387.7) ops/second in (1.181841,61.910801) seconds
2026/05/26-09:44:06  ... thread 0: (3000,25000) ops and (2444.8,401.8) ops/second in (1.227118,62.219504) seconds
2026/05/26-09:44:06  ... thread 1: (3000,25000) ops and (2451.2,401.7) ops/second in (1.223894,62.238598) seconds
2026/05/26-09:44:06  ... thread 2: (3000,25000) ops and (2377.0,401.0) ops/second in (1.262084,62.340756) seconds
2026/05/26-09:44:07  ... thread 3: (3000,27000) ops and (2714.4,428.5) ops/second in (1.105202,63.016003) seconds
2026/05/26-09:44:07  ... thread 0: (3000,28000) ops and (2768.3,442.3) ops/second in (1.083715,63.303219) seconds
2026/05/26-09:44:07  ... thread 1: (3000,28000) ops and (2743.3,442.1) ops/second in (1.093575,63.332173) seconds
2026/05/26-09:44:07  ... thread 2: (3000,28000) ops and (2702.2,441.3) ops/second in (1.110205,63.450961) seconds
2026/05/26-09:44:08  ... thread 3: (3000,30000) ops and (2847.2,468.2) ops/second in (1.053653,64.069656) seconds
2026/05/26-09:44:08  ... thread 0: (3000,31000) ops and (2871.4,481.8) ops/second in (1.044800,64.348019) seconds
2026/05/26-09:44:08  ... thread 1: (3000,31000) ops and (2921.0,481.7) ops/second in (1.027036,64.359209) seconds
2026/05/26-09:44:08  ... thread 2: (3000,31000) ops and (2946.2,480.8) ops/second in (1.018272,64.469233) seconds
2026/05/26-09:44:09  ... thread 3: (4000,34000) ops and (3125.9,520.3) ops/second in (1.279626,65.349282) seconds
2026/05/26-09:44:09  ... thread 0: (4000,35000) ops and (3411.9,534.2) ops/second in (1.172352,65.520371) seconds
2026/05/26-09:44:09  ... thread 1: (4000,35000) ops and (3164.9,533.3) ops/second in (1.263878,65.623087) seconds
2026/05/26-09:44:10  ... thread 2: (4000,35000) ops and (3295.8,532.9) ops/second in (1.213658,65.682891) seconds
2026/05/26-09:44:10  ... thread 3: (4000,38000) ops and (3515.0,571.5) ops/second in (1.137987,66.487269) seconds
2026/05/26-09:44:10  ... thread 0: (4000,39000) ops and (3723.4,585.6) ops/second in (1.074283,66.594654) seconds
2026/05/26-09:44:11  ... thread 1: (4000,39000) ops and (3563.1,584.3) ops/second in (1.122621,66.745708) seconds
2026/05/26-09:44:11  ... thread 2: (4000,39000) ops and (3668.8,584.1) ops/second in (1.090278,66.773169) seconds
2026/05/26-09:44:11  ... thread 3: (4000,42000) ops and (3812.3,621.9) ops/second in (1.049247,67.536516) seconds
2026/05/26-09:44:12  ... thread 0: (5000,44000) ops and (4111.3,648.9) ops/second in (1.216154,67.810808) seconds
2026/05/26-09:44:12  ... thread 1: (5000,44000) ops and (4447.0,648.3) ops/second in (1.124355,67.870063) seconds
2026/05/26-09:44:12  ... thread 2: (5000,44000) ops and (4256.5,647.6) ops/second in (1.174671,67.947840) seconds
2026/05/26-09:44:13  ... thread 3: (5000,47000) ops and (4413.1,684.4) ops/second in (1.132996,68.669512) seconds
2026/05/26-09:44:13  ... thread 0: (5000,49000) ops and (4896.5,711.9) ops/second in (1.021131,68.831939) seconds
2026/05/26-09:44:13  ... thread 1: (5000,49000) ops and (4846.3,711.2) ops/second in (1.031715,68.901778) seconds
2026/05/26-09:44:13  ... thread 2: (5000,49000) ops and (4827.6,710.3) ops/second in (1.035716,68.983556) seconds
2026/05/26-09:44:14  ... thread 3: (6000,53000) ops and (5310.3,759.3) ops/second in (1.129875,69.799387) seconds
2026/05/26-09:44:14  ... thread 0: (6000,55000) ops and (5321.5,786.2) ops/second in (1.127493,69.959432) seconds
2026/05/26-09:44:14  ... thread 1: (6000,55000) ops and (5403.3,785.6) ops/second in (1.110438,70.012216) seconds
2026/05/26-09:44:14  ... thread 2: (6000,55000) ops and (5556.0,785.0) ops/second in (1.079904,70.063460) seconds
2026/05/26-09:44:15  ... thread 3: (7000,60000) ops and (6374.0,846.3) ops/second in (1.098214,70.897601) seconds
2026/05/26-09:44:15  ... thread 0: (7000,62000) ops and (6454.9,872.7) ops/second in (1.084450,71.043882) seconds
2026/05/26-09:44:15  ... thread 1: (7000,62000) ops and (6642.3,872.4) ops/second in (1.053845,71.066061) seconds
2026/05/26-09:44:15  ... thread 2: (7000,62000) ops and (6884.1,872.3) ops/second in (1.016838,71.080298) seconds
2026/05/26-09:44:16  ... thread 3: (9000,69000) ops and (8174.6,958.4) ops/second in (1.100975,71.998576) seconds
2026/05/26-09:44:16  ... thread 2: (9000,71000) ops and (8959.4,985.0) ops/second in (1.004531,72.084829) seconds
2026/05/26-09:44:16  ... thread 0: (9000,71000) ops and (8368.7,984.5) ops/second in (1.075431,72.119313) seconds
2026/05/26-09:44:16  ... thread 1: (9000,71000) ops and (8244.4,984.0) ops/second in (1.091652,72.157713) seconds
2026/05/26-09:44:17  ... thread 3: (12000,81000) ops and (11243.4,1108.6) ops/second in (1.067292,73.065868) seconds
2026/05/26-09:44:17  ... thread 0: (12000,83000) ops and (11774.9,1134.8) ops/second in (1.019117,73.138430) seconds
2026/05/26-09:44:17  ... thread 2: (12000,83000) ops and (11322.7,1134.7) ops/second in (1.059814,73.144643) seconds
2026/05/26-09:44:17  ... thread 1: (12000,83000) ops and (11860.5,1134.4) ops/second in (1.011764,73.169477) seconds
2026/05/26-09:44:18  ... thread 3: (16000,97000) ops and (15431.6,1309.0) ops/second in (1.036831,74.102699) seconds
2026/05/26-09:44:18  ... thread 0: (16000,99000) ops and (15747.3,1335.1) ops/second in (1.016045,74.154475) seconds
2026/05/26-09:44:18  ... thread 1: (17000,100000) ops and (16629.0,1347.9) ops/second in (1.022311,74.191788) seconds
2026/05/26-09:44:18  ... thread 2: (17000,100000) ops and (16215.8,1347.8) ops/second in (1.048362,74.193005) seconds
DB path: [/tmp/rocksdb_comp_exp_db]
readrandom   :     742.237 micros/op 5384 ops/sec 74.288 seconds 400000 operations;    5.2 MB/s (98214 of 100000 found)

STATISTICS:
rocksdb.block.cache.miss COUNT : 3399459
rocksdb.block.cache.hit COUNT : 25909
rocksdb.block.cache.add COUNT : 449856
rocksdb.block.cache.add.failures COUNT : 0
rocksdb.block.cache.index.miss COUNT : 0
rocksdb.block.cache.index.hit COUNT : 0
rocksdb.block.cache.index.add COUNT : 0
rocksdb.block.cache.index.bytes.insert COUNT : 0
rocksdb.block.cache.filter.miss COUNT : 0
rocksdb.block.cache.filter.hit COUNT : 0
rocksdb.block.cache.filter.add COUNT : 0
rocksdb.block.cache.filter.bytes.insert COUNT : 0
rocksdb.block.cache.data.miss COUNT : 3399459
rocksdb.block.cache.data.hit COUNT : 25909
rocksdb.block.cache.data.add COUNT : 449856
rocksdb.block.cache.data.bytes.insert COUNT : 1936175360
rocksdb.block.cache.bytes.read COUNT : 111512416
rocksdb.block.cache.bytes.write COUNT : 1936175360
rocksdb.block.cache.compression.dict.miss COUNT : 0
rocksdb.block.cache.compression.dict.hit COUNT : 0
rocksdb.block.cache.compression.dict.add COUNT : 0
rocksdb.block.cache.compression.dict.bytes.insert COUNT : 0
rocksdb.block.cache.add.redundant COUNT : 3
rocksdb.block.cache.index.add.redundant COUNT : 0
rocksdb.block.cache.filter.add.redundant COUNT : 0
rocksdb.block.cache.data.add.redundant COUNT : 3
rocksdb.block.cache.compression.dict.add.redundant COUNT : 0
rocksdb.secondary.cache.hits COUNT : 0
rocksdb.secondary.cache.filter.hits COUNT : 0
rocksdb.secondary.cache.index.hits COUNT : 0
rocksdb.secondary.cache.data.hits COUNT : 0
rocksdb.compressed.secondary.cache.dummy.hits COUNT : 0
rocksdb.compressed.secondary.cache.hits COUNT : 0
rocksdb.compressed.secondary.cache.promotions COUNT : 0
rocksdb.compressed.secondary.cache.promotion.skips COUNT : 0
rocksdb.bloom.filter.useful COUNT : 0
rocksdb.bloom.filter.full.positive COUNT : 0
rocksdb.bloom.filter.full.true.positive COUNT : 0
rocksdb.bloom.filter.prefix.checked COUNT : 0
rocksdb.bloom.filter.prefix.useful COUNT : 0
rocksdb.bloom.filter.prefix.true.positive COUNT : 0
rocksdb.persistent.cache.hit COUNT : 0
rocksdb.persistent.cache.miss COUNT : 0
rocksdb.sim.block.cache.hit COUNT : 0
rocksdb.sim.block.cache.miss COUNT : 0
rocksdb.memtable.hit COUNT : 7147
rocksdb.memtable.miss COUNT : 392853
rocksdb.l0.hit COUNT : 23959
rocksdb.l1.hit COUNT : 103140
rocksdb.l2andup.hit COUNT : 258479
rocksdb.compaction.key.drop.new COUNT : 3629814
rocksdb.compaction.key.drop.obsolete COUNT : 0
rocksdb.compaction.key.drop.range_del COUNT : 0
rocksdb.compaction.key.drop.user COUNT : 0
rocksdb.compaction.range_del.drop.obsolete COUNT : 0
rocksdb.compaction.optimized.del.drop.obsolete COUNT : 0
rocksdb.compaction.cancelled COUNT : 0
rocksdb.compaction.aborted COUNT : 0
rocksdb.number.keys.written COUNT : 5000000
rocksdb.number.keys.read COUNT : 400000
rocksdb.number.keys.updated COUNT : 0
rocksdb.bytes.written COUNT : 5279126064
rocksdb.bytes.read COUNT : 402150400
rocksdb.number.db.seek COUNT : 0
rocksdb.number.db.next COUNT : 0
rocksdb.number.db.prev COUNT : 0
rocksdb.number.db.seek.found COUNT : 0
rocksdb.number.db.next.found COUNT : 0
rocksdb.number.db.prev.found COUNT : 0
rocksdb.db.iter.bytes.read COUNT : 0
rocksdb.number.iter.skip COUNT : 0
rocksdb.number.reseeks.iteration COUNT : 0
rocksdb.num.iterator.created COUNT : 0
rocksdb.num.iterator.deleted COUNT : 0
rocksdb.no.file.opens COUNT : 133
rocksdb.no.file.errors COUNT : 0
rocksdb.stall.micros COUNT : 47796863
rocksdb.db.mutex.wait.micros COUNT : 0
rocksdb.number.multiget.get COUNT : 0
rocksdb.number.multiget.keys.read COUNT : 0
rocksdb.number.multiget.bytes.read COUNT : 0
rocksdb.number.multiget.keys.found COUNT : 0
rocksdb.number.merge.failures COUNT : 0
rocksdb.getupdatessince.calls COUNT : 0
rocksdb.wal.synced COUNT : 0
rocksdb.wal.bytes COUNT : 5279126064
rocksdb.write.self COUNT : 4927172
rocksdb.write.other COUNT : 72828
rocksdb.write.wal COUNT : 5000000
rocksdb.compact.read.bytes COUNT : 7199042544
rocksdb.compact.write.bytes COUNT : 5010499099
rocksdb.flush.write.bytes COUNT : 2971619502
rocksdb.compact.read.marked.bytes COUNT : 0
rocksdb.compact.read.periodic.bytes COUNT : 0
rocksdb.compact.read.ttl.bytes COUNT : 0
rocksdb.compact.write.marked.bytes COUNT : 0
rocksdb.compact.write.periodic.bytes COUNT : 0
rocksdb.compact.write.ttl.bytes COUNT : 0
rocksdb.number.direct.load.table.properties COUNT : 0
rocksdb.number.superversion_acquires COUNT : 28
rocksdb.number.superversion_releases COUNT : 24
rocksdb.number.superversion_cleanups COUNT : 6
rocksdb.number.block.compressed COUNT : 3266814
rocksdb.number.block.decompressed COUNT : 3399592
rocksdb.bytes.compressed.from COUNT : 13769074386
rocksdb.bytes.compressed.to COUNT : 7965606046
rocksdb.bytes.compression_bypassed COUNT : 0
rocksdb.bytes.compression.rejected COUNT : 0
rocksdb.number.block_compression_bypassed COUNT : 0
rocksdb.number.block_compression_rejected COUNT : 0
rocksdb.bytes.decompressed.from COUNT : 8287452616
rocksdb.bytes.decompressed.to COUNT : 14326120021
rocksdb.merge.operation.time.nanos COUNT : 0
rocksdb.filter.operation.time.nanos COUNT : 0
rocksdb.compaction.total.time.cpu_micros COUNT : 43856228
rocksdb.row.cache.hit COUNT : 0
rocksdb.row.cache.miss COUNT : 0
rocksdb.read.amp.estimate.useful.bytes COUNT : 0
rocksdb.read.amp.total.read.bytes COUNT : 0
rocksdb.number.rate_limiter.drains COUNT : 0
rocksdb.blobdb.num.put COUNT : 0
rocksdb.blobdb.num.write COUNT : 0
rocksdb.blobdb.num.get COUNT : 0
rocksdb.blobdb.num.multiget COUNT : 0
rocksdb.blobdb.num.seek COUNT : 0
rocksdb.blobdb.num.next COUNT : 0
rocksdb.blobdb.num.prev COUNT : 0
rocksdb.blobdb.num.keys.written COUNT : 0
rocksdb.blobdb.num.keys.read COUNT : 0
rocksdb.blobdb.bytes.written COUNT : 0
rocksdb.blobdb.bytes.read COUNT : 0
rocksdb.blobdb.write.inlined COUNT : 0
rocksdb.blobdb.write.inlined.ttl COUNT : 0
rocksdb.blobdb.write.blob COUNT : 0
rocksdb.blobdb.write.blob.ttl COUNT : 0
rocksdb.blobdb.blob.file.bytes.written COUNT : 0
rocksdb.blobdb.blob.file.bytes.read COUNT : 0
rocksdb.blobdb.blob.file.synced COUNT : 0
rocksdb.blobdb.blob.index.expired.count COUNT : 0
rocksdb.blobdb.blob.index.expired.size COUNT : 0
rocksdb.blobdb.blob.index.evicted.count COUNT : 0
rocksdb.blobdb.blob.index.evicted.size COUNT : 0
rocksdb.blobdb.gc.num.files COUNT : 0
rocksdb.blobdb.gc.num.new.files COUNT : 0
rocksdb.blobdb.gc.failures COUNT : 0
rocksdb.blobdb.gc.num.keys.relocated COUNT : 0
rocksdb.blobdb.gc.bytes.relocated COUNT : 0
rocksdb.blobdb.fifo.num.files.evicted COUNT : 0
rocksdb.blobdb.fifo.num.keys.evicted COUNT : 0
rocksdb.blobdb.fifo.bytes.evicted COUNT : 0
rocksdb.blobdb.cache.miss COUNT : 0
rocksdb.blobdb.cache.hit COUNT : 0
rocksdb.blobdb.cache.add COUNT : 0
rocksdb.blobdb.cache.add.failures COUNT : 0
rocksdb.blobdb.cache.bytes.read COUNT : 0
rocksdb.blobdb.cache.bytes.write COUNT : 0
rocksdb.txn.overhead.mutex.prepare COUNT : 0
rocksdb.txn.overhead.mutex.old.commit.map COUNT : 0
rocksdb.txn.overhead.duplicate.key COUNT : 0
rocksdb.txn.overhead.mutex.snapshot COUNT : 0
rocksdb.txn.get.tryagain COUNT : 0
rocksdb.files.marked.trash COUNT : 0
rocksdb.files.marked.trash.deleted COUNT : 0
rocksdb.files.deleted.immediately COUNT : 201
rocksdb.error.handler.bg.error.count COUNT : 0
rocksdb.error.handler.bg.io.error.count COUNT : 0
rocksdb.error.handler.bg.retryable.io.error.count COUNT : 0
rocksdb.error.handler.autoresume.count COUNT : 0
rocksdb.error.handler.autoresume.retry.total.count COUNT : 0
rocksdb.error.handler.autoresume.success.count COUNT : 0
rocksdb.memtable.payload.bytes.at.flush COUNT : 5217033080
rocksdb.memtable.garbage.bytes.at.flush COUNT : 127584568
rocksdb.verify_checksum.read.bytes COUNT : 0
rocksdb.backup.read.bytes COUNT : 0
rocksdb.backup.write.bytes COUNT : 0
rocksdb.remote.compact.read.bytes COUNT : 0
rocksdb.remote.compact.write.bytes COUNT : 0
rocksdb.remote.compact.resumed.bytes COUNT : 0
rocksdb.hot.file.read.bytes COUNT : 0
rocksdb.warm.file.read.bytes COUNT : 0
rocksdb.cool.file.read.bytes COUNT : 0
rocksdb.cold.file.read.bytes COUNT : 0
rocksdb.ice.file.read.bytes COUNT : 0
rocksdb.hot.file.read.count COUNT : 0
rocksdb.warm.file.read.count COUNT : 0
rocksdb.cool.file.read.count COUNT : 0
rocksdb.cold.file.read.count COUNT : 0
rocksdb.ice.file.read.count COUNT : 0
rocksdb.last.level.read.bytes COUNT : 0
rocksdb.last.level.read.count COUNT : 0
rocksdb.non.last.level.read.bytes COUNT : 8304617679
rocksdb.non.last.level.read.count COUNT : 3399991
rocksdb.last.level.seek.filtered COUNT : 0
rocksdb.last.level.seek.filter.match COUNT : 0
rocksdb.last.level.seek.data COUNT : 0
rocksdb.last.level.seek.data.useful.no.filter COUNT : 0
rocksdb.last.level.seek.data.useful.filter.match COUNT : 0
rocksdb.non.last.level.seek.filtered COUNT : 0
rocksdb.non.last.level.seek.filter.match COUNT : 0
rocksdb.non.last.level.seek.data COUNT : 0
rocksdb.non.last.level.seek.data.useful.no.filter COUNT : 0
rocksdb.non.last.level.seek.data.useful.filter.match COUNT : 0
rocksdb.block.checksum.compute.count COUNT : 3399725
rocksdb.block.checksum.mismatch.count COUNT : 0
rocksdb.multiget.coroutine.count COUNT : 0
rocksdb.read.async.micros COUNT : 0
rocksdb.async.read.error.count COUNT : 0
rocksdb.table.open.prefetch.tail.miss COUNT : 0
rocksdb.table.open.prefetch.tail.hit COUNT : 0
rocksdb.timestamp.filter.table.checked COUNT : 0
rocksdb.timestamp.filter.table.filtered COUNT : 0
rocksdb.readahead.trimmed COUNT : 0
rocksdb.fifo.max.size.compactions COUNT : 0
rocksdb.fifo.ttl.compactions COUNT : 0
rocksdb.fifo.change_temperature.compactions COUNT : 0
rocksdb.prefetch.bytes COUNT : 0
rocksdb.prefetch.bytes.useful COUNT : 0
rocksdb.prefetch.hits COUNT : 0
rocksdb.footer.corruption.count COUNT : 0
rocksdb.file.read.corruption.retry.count COUNT : 0
rocksdb.file.read.corruption.retry.success.count COUNT : 0
rocksdb.number.wbwi.ingest COUNT : 0
rocksdb.sst.user.defined.index.load.fail.count COUNT : 0
rocksdb.multiscan.prepare.calls COUNT : 0
rocksdb.multiscan.prepare.errors COUNT : 0
rocksdb.multiscan.blocks.prefetched COUNT : 0
rocksdb.multiscan.blocks.from.cache COUNT : 0
rocksdb.multiscan.prefetch.bytes COUNT : 0
rocksdb.multiscan.prefetch.blocks.wasted COUNT : 0
rocksdb.multiscan.io.requests COUNT : 0
rocksdb.multiscan.io.coalesced.nonadjacent COUNT : 0
rocksdb.multiscan.seek.errors COUNT : 0
rocksdb.prefetch.memory.bytes.granted COUNT : 0
rocksdb.prefetch.memory.bytes.released COUNT : 0
rocksdb.prefetch.memory.requests.blocked COUNT : 0
rocksdb.read.path.range.tombstones.inserted COUNT : 0
rocksdb.read.path.range.tombstones.discarded COUNT : 0
rocksdb.file.open.metadata.retrieved COUNT : 0
rocksdb.file.open.metadata.passed COUNT : 0
rocksdb.manifest.validation.failure.count COUNT : 0
rocksdb.db.get.micros P50 : 13.459445 P95 : 1798.324979 P99 : 12996.782763 P100 : 1059892.000000 COUNT : 400000 SUM : 296596252
rocksdb.db.write.micros P50 : 5.694383 P95 : 21.304451 P99 : 1159.241071 P100 : 1727253.000000 COUNT : 5000000 SUM : 343667998
rocksdb.compaction.times.micros P50 : 4575000.000000 P95 : 32633333.333333 P99 : 68500000.000000 P100 : 72607634.000000 COUNT : 22 SUM : 221708639
rocksdb.compaction.times.cpu_micros P50 : 1080000.000000 P95 : 7985000.000000 P99 : 9121286.000000 P100 : 9121286.000000 COUNT : 22 SUM : 43856228
rocksdb.subcompaction.setup.times.micros P50 : 0.000000 P95 : 0.000000 P99 : 0.000000 P100 : 0.000000 COUNT : 0 SUM : 0
rocksdb.table.sync.micros P50 : 356122.448980 P95 : 1433333.333333 P99 : 1806666.666667 P100 : 1883207.000000 COUNT : 80 SUM : 45266767
rocksdb.compaction.outfile.sync.micros P50 : 805625.000000 P95 : 1823000.000000 P99 : 1989314.000000 P100 : 1989314.000000 COUNT : 53 SUM : 45951415
rocksdb.wal.file.sync.micros P50 : 0.000000 P95 : 0.000000 P99 : 0.000000 P100 : 0.000000 COUNT : 0 SUM : 0
rocksdb.manifest.file.sync.micros P50 : 6013.333333 P95 : 107200.000000 P99 : 374800.000000 P100 : 578226.000000 COUNT : 108 SUM : 2590137
rocksdb.table.open.io.micros P50 : 800.185185 P95 : 6480.833333 P99 : 66750.000000 P100 : 109795.000000 COUNT : 133 SUM : 428245
rocksdb.db.multiget.micros P50 : 0.000000 P95 : 0.000000 P99 : 0.000000 P100 : 0.000000 COUNT : 0 SUM : 0
rocksdb.read.block.compaction.micros P50 : 3.358481 P95 : 7.829513 P99 : 21.009048 P100 : 1017685.000000 COUNT : 2949603 SUM : 137427705
rocksdb.read.block.get.micros P50 : 7.948815 P95 : 1764.306760 P99 : 11449.873437 P100 : 468332.000000 COUNT : 449989 SUM : 292593880
rocksdb.write.raw.block.micros P50 : 0.535314 P95 : 1.354875 P99 : 2.897194 P100 : 350309.000000 COUNT : 3267080 SUM : 11489721
rocksdb.numfiles.in.singlecompaction P50 : 4.000000 P95 : 14.000000 P99 : 16.000000 P100 : 16.000000 COUNT : 24 SUM : 129
rocksdb.db.seek.micros P50 : 0.000000 P95 : 0.000000 P99 : 0.000000 P100 : 0.000000 COUNT : 0 SUM : 0
rocksdb.db.write.stall P50 : 1151.082337 P95 : 2697.992318 P99 : 2896.469972 P100 : 1727004.000000 COUNT : 14211 SUM : 47796863
rocksdb.sst.read.micros P50 : 0.821142 P95 : 5.721476 P99 : 1708.476728 P100 : 1017657.000000 COUNT : 3399991 SUM : 416872371
rocksdb.file.read.flush.micros P50 : 4.125000 P95 : 70.000000 P99 : 152.000000 P100 : 1639.000000 COUNT : 320 SUM : 7388
rocksdb.file.read.compaction.micros P50 : 0.731317 P95 : 2.446219 P99 : 9.206406 P100 : 1017657.000000 COUNT : 2949815 SUM : 127772339
rocksdb.file.read.db.open.micros P50 : 0.000000 P95 : 0.000000 P99 : 0.000000 P100 : 0.000000 COUNT : 0 SUM : 0
rocksdb.file.read.get.micros P50 : 0.000000 P95 : 0.000000 P99 : 0.000000 P100 : 0.000000 COUNT : 0 SUM : 0
rocksdb.file.read.multiget.micros P50 : 0.000000 P95 : 0.000000 P99 : 0.000000 P100 : 0.000000 COUNT : 0 SUM : 0
rocksdb.file.read.db.iterator.micros P50 : 0.000000 P95 : 0.000000 P99 : 0.000000 P100 : 0.000000 COUNT : 0 SUM : 0
rocksdb.file.read.verify.db.checksum.micros P50 : 0.000000 P95 : 0.000000 P99 : 0.000000 P100 : 0.000000 COUNT : 0 SUM : 0
rocksdb.file.read.verify.file.checksums.micros P50 : 0.000000 P95 : 0.000000 P99 : 0.000000 P100 : 0.000000 COUNT : 0 SUM : 0
rocksdb.sst.write.micros P50 : 0.502409 P95 : 0.954577 P99 : 0.994770 P100 : 350300.000000 COUNT : 6534293 SUM : 9478071
rocksdb.file.write.flush.micros P50 : 0.501543 P95 : 0.952932 P99 : 0.993056 P100 : 11594.000000 COUNT : 2428788 SUM : 3420516
rocksdb.file.write.compaction.micros P50 : 0.502921 P95 : 0.955550 P99 : 0.995784 P100 : 350300.000000 COUNT : 4105505 SUM : 6057555
rocksdb.file.write.db.open.micros P50 : 0.000000 P95 : 0.000000 P99 : 0.000000 P100 : 0.000000 COUNT : 0 SUM : 0
rocksdb.num.subcompactions.scheduled P50 : 0.000000 P95 : 0.000000 P99 : 0.000000 P100 : 0.000000 COUNT : 0 SUM : 0
rocksdb.bytes.per.read P50 : 1024.000000 P95 : 1024.000000 P99 : 1024.000000 P100 : 1024.000000 COUNT : 400000 SUM : 402150400
rocksdb.bytes.per.write P50 : 1086.717006 P95 : 1281.762311 P99 : 1299.099671 P100 : 4188.000000 COUNT : 4927172 SUM : 5279126064
rocksdb.bytes.per.multiget P50 : 0.000000 P95 : 0.000000 P99 : 0.000000 P100 : 0.000000 COUNT : 0 SUM : 0
rocksdb.compression.times.nanos P50 : 0.000000 P95 : 0.000000 P99 : 0.000000 P100 : 0.000000 COUNT : 0 SUM : 0
rocksdb.decompression.times.nanos P50 : 0.000000 P95 : 0.000000 P99 : 0.000000 P100 : 0.000000 COUNT : 0 SUM : 0
rocksdb.read.num.merge_operands P50 : 0.000000 P95 : 0.000000 P99 : 0.000000 P100 : 0.000000 COUNT : 0 SUM : 0
rocksdb.blobdb.key.size P50 : 0.000000 P95 : 0.000000 P99 : 0.000000 P100 : 0.000000 COUNT : 0 SUM : 0
rocksdb.blobdb.value.size P50 : 0.000000 P95 : 0.000000 P99 : 0.000000 P100 : 0.000000 COUNT : 0 SUM : 0
rocksdb.blobdb.write.micros P50 : 0.000000 P95 : 0.000000 P99 : 0.000000 P100 : 0.000000 COUNT : 0 SUM : 0
rocksdb.blobdb.get.micros P50 : 0.000000 P95 : 0.000000 P99 : 0.000000 P100 : 0.000000 COUNT : 0 SUM : 0
rocksdb.blobdb.multiget.micros P50 : 0.000000 P95 : 0.000000 P99 : 0.000000 P100 : 0.000000 COUNT : 0 SUM : 0
rocksdb.blobdb.seek.micros P50 : 0.000000 P95 : 0.000000 P99 : 0.000000 P100 : 0.000000 COUNT : 0 SUM : 0
rocksdb.blobdb.next.micros P50 : 0.000000 P95 : 0.000000 P99 : 0.000000 P100 : 0.000000 COUNT : 0 SUM : 0
rocksdb.blobdb.prev.micros P50 : 0.000000 P95 : 0.000000 P99 : 0.000000 P100 : 0.000000 COUNT : 0 SUM : 0
rocksdb.blobdb.blob.file.write.micros P50 : 0.000000 P95 : 0.000000 P99 : 0.000000 P100 : 0.000000 COUNT : 0 SUM : 0
rocksdb.blobdb.blob.file.read.micros P50 : 0.000000 P95 : 0.000000 P99 : 0.000000 P100 : 0.000000 COUNT : 0 SUM : 0
rocksdb.blobdb.blob.file.sync.micros P50 : 0.000000 P95 : 0.000000 P99 : 0.000000 P100 : 0.000000 COUNT : 0 SUM : 0
rocksdb.blobdb.compression.micros P50 : 0.000000 P95 : 0.000000 P99 : 0.000000 P100 : 0.000000 COUNT : 0 SUM : 0
rocksdb.blobdb.decompression.micros P50 : 0.000000 P95 : 0.000000 P99 : 0.000000 P100 : 0.000000 COUNT : 0 SUM : 0
rocksdb.db.flush.micros P50 : 688636.363636 P95 : 1709090.909091 P99 : 2100000.000000 P100 : 2253527.000000 COUNT : 80 SUM : 65436419
rocksdb.sst.batch.size P50 : 0.000000 P95 : 0.000000 P99 : 0.000000 P100 : 0.000000 COUNT : 0 SUM : 0
rocksdb.multiget.io.batch.size P50 : 0.000000 P95 : 0.000000 P99 : 0.000000 P100 : 0.000000 COUNT : 0 SUM : 0
rocksdb.num.index.and.filter.blocks.read.per.level P50 : 0.000000 P95 : 0.000000 P99 : 0.000000 P100 : 0.000000 COUNT : 0 SUM : 0
rocksdb.num.sst.read.per.level P50 : 0.000000 P95 : 0.000000 P99 : 0.000000 P100 : 0.000000 COUNT : 0 SUM : 0
rocksdb.num.level.read.per.multiget P50 : 0.000000 P95 : 0.000000 P99 : 0.000000 P100 : 0.000000 COUNT : 0 SUM : 0
rocksdb.error.handler.autoresume.retry.count P50 : 0.000000 P95 : 0.000000 P99 : 0.000000 P100 : 0.000000 COUNT : 0 SUM : 0
rocksdb.async.read.bytes P50 : 0.000000 P95 : 0.000000 P99 : 0.000000 P100 : 0.000000 COUNT : 0 SUM : 0
rocksdb.poll.wait.micros P50 : 0.000000 P95 : 0.000000 P99 : 0.000000 P100 : 0.000000 COUNT : 0 SUM : 0
rocksdb.compaction.prefetch.bytes P50 : 0.000000 P95 : 0.000000 P99 : 0.000000 P100 : 0.000000 COUNT : 0 SUM : 0
rocksdb.prefetched.bytes.discarded P50 : 0.000000 P95 : 0.000000 P99 : 0.000000 P100 : 0.000000 COUNT : 0 SUM : 0
rocksdb.async.prefetch.abort.micros P50 : 0.000000 P95 : 0.000000 P99 : 0.000000 P100 : 0.000000 COUNT : 0 SUM : 0
rocksdb.table.open.prefetch.tail.read.bytes P50 : 0.000000 P95 : 0.000000 P99 : 0.000000 P100 : 0.000000 COUNT : 0 SUM : 0
rocksdb.num.op.per.transaction P50 : 0.000000 P95 : 0.000000 P99 : 0.000000 P100 : 0.000000 COUNT : 0 SUM : 0
rocksdb.multiscan.op.prepare.iterators.micros P50 : 0.000000 P95 : 0.000000 P99 : 0.000000 P100 : 0.000000 COUNT : 0 SUM : 0
rocksdb.multiscan.prepare.micros P50 : 0.000000 P95 : 0.000000 P99 : 0.000000 P100 : 0.000000 COUNT : 0 SUM : 0
rocksdb.multiscan.blocks.per.prepare P50 : 0.000000 P95 : 0.000000 P99 : 0.000000 P100 : 0.000000 COUNT : 0 SUM : 0
rocksdb.block.key.distribution.cv P50 : 0.000000 P95 : 0.000000 P99 : 0.000000 P100 : 0.000000 COUNT : 0 SUM : 0

[EXPERIMENT_COMPLETED]
