RocksDB:    version 11.3.0
Date:       Tue May 26 11:22:18 2026
CPU:        2 * Intel Xeon Processor (SapphireRapids)
CPUCache:   16384 KB
2026/05/26-11:22:19  ... thread 2: (35000,35000) ops and (34771.2,34771.2) ops/second in (1.006581,1.006581) seconds
2026/05/26-11:22:19  ... thread 0: (36000,36000) ops and (35576.8,35576.8) ops/second in (1.011895,1.011895) seconds
2026/05/26-11:22:19  ... thread 1: (36000,36000) ops and (35420.9,35420.9) ops/second in (1.016349,1.016349) seconds
2026/05/26-11:22:19  ... thread 3: (39000,39000) ops and (38144.0,38144.0) ops/second in (1.022442,1.022442) seconds
2026/05/26-11:22:20  ... thread 2: (33000,68000) ops and (32917.5,33846.2) ops/second in (1.002505,2.009086) seconds
2026/05/26-11:22:20  ... thread 1: (28000,64000) ops and (27859.2,31661.2) ops/second in (1.005053,2.021402) seconds
2026/05/26-11:22:20  ... thread 3: (29000,68000) ops and (28922.2,33578.0) ops/second in (1.002691,2.025133) seconds
2026/05/26-11:22:20  ... thread 0: (29000,65000) ops and (28090.6,31796.2) ops/second in (1.032375,2.044270) seconds
2026/05/26-11:22:22  ... thread 1: (30000,94000) ops and (18434.4,25761.9) ops/second in (1.627395,3.648797) seconds
2026/05/26-11:22:22  ... thread 2: (27000,95000) ops and (16377.8,25972.9) ops/second in (1.648574,3.657660) seconds
2026/05/26-11:22:22  ... thread 0: (26000,91000) ops and (16120.2,24882.8) ops/second in (1.612881,3.657151) seconds
2026/05/26-11:22:22  ... thread 3: (27000,95000) ops and (16425.4,25893.1) ops/second in (1.643799,3.668932) seconds
2026/05/26-11:22:23  ... thread 0: (31000,122000) ops and (20888.8,23729.9) ops/second in (1.484047,5.141198) seconds
2026/05/26-11:22:23  ... thread 3: (31000,126000) ops and (20936.0,24467.7) ops/second in (1.480704,5.149636) seconds
2026/05/26-11:22:23  ... thread 1: (32000,126000) ops and (21234.7,24438.7) ops/second in (1.506970,5.155767) seconds
2026/05/26-11:22:23  ... thread 2: (30000,125000) ops and (19943.3,24215.8) ops/second in (1.504268,5.161928) seconds
2026/05/26-11:22:24  ... thread 3: (30000,156000) ops and (29864.8,25348.7) ops/second in (1.004527,6.154163) seconds
2026/05/26-11:22:24  ... thread 0: (29000,151000) ops and (28599.4,24532.1) ops/second in (1.014006,6.155204) seconds
2026/05/26-11:22:24  ... thread 1: (32000,158000) ops and (31744.1,25633.4) ops/second in (1.008061,6.163828) seconds
2026/05/26-11:22:25  ... thread 2: (31000,156000) ops and (17789.0,22593.7) ops/second in (1.742649,6.904577) seconds
2026/05/26-11:22:25  ... thread 3: (8000,164000) ops and (7925.1,22893.5) ops/second in (1.009452,7.163615) seconds
2026/05/26-11:22:25  ... thread 1: (9000,167000) ops and (8995.0,23309.7) ops/second in (1.000559,7.164387) seconds
2026/05/26-11:22:25  ... thread 0: (8000,159000) ops and (7905.2,22184.4) ops/second in (1.011990,7.167194) seconds
2026/05/26-11:22:26  ... thread 2: (14000,170000) ops and (11914.9,21040.7) ops/second in (1.175002,8.079579) seconds
2026/05/26-11:22:26  ... thread 3: (11000,175000) ops and (10935.5,21421.1) ops/second in (1.005900,8.169515) seconds
2026/05/26-11:22:26  ... thread 0: (10000,169000) ops and (9979.6,20687.4) ops/second in (1.002048,8.169242) seconds
2026/05/26-11:22:26  ... thread 1: (9000,176000) ops and (8771.6,21488.5) ops/second in (1.026036,8.190423) seconds
2026/05/26-11:22:28  ... thread 2: (34000,204000) ops and (22090.7,21208.7) ops/second in (1.539108,9.618687) seconds
2026/05/26-11:22:28  ... thread 0: (28000,197000) ops and (19337.1,20484.1) ops/second in (1.447992,9.617234) seconds
2026/05/26-11:22:28  ... thread 1: (29000,205000) ops and (20134.1,21285.9) ops/second in (1.440345,9.630768) seconds
2026/05/26-11:22:28  ... thread 3: (31000,206000) ops and (20963.7,21351.0) ops/second in (1.478747,9.648262) seconds
2026/05/26-11:22:29  ... thread 0: (15000,212000) ops and (14957.2,19962.2) ops/second in (1.002864,10.620098) seconds
2026/05/26-11:22:29  ... thread 2: (17000,221000) ops and (16776.2,20786.3) ops/second in (1.013339,10.632026) seconds
2026/05/26-11:22:29  ... thread 1: (16000,221000) ops and (15706.9,20752.3) ops/second in (1.018658,10.649426) seconds
2026/05/26-11:22:29  ... thread 3: (18000,224000) ops and (17912.0,21026.6) ops/second in (1.004914,10.653176) seconds
2026/05/26-11:22:30  ... thread 3: (29000,253000) ops and (19553.7,20846.6) ops/second in (1.483096,12.136272) seconds
2026/05/26-11:22:30  ... thread 2: (29000,250000) ops and (19227.0,20592.5) ops/second in (1.508294,12.140320) seconds
2026/05/26-11:22:30  ... thread 1: (30000,251000) ops and (20007.4,20660.4) ops/second in (1.499446,12.148872) seconds
2026/05/26-11:22:30  ... thread 0: (31000,243000) ops and (20070.2,19975.9) ops/second in (1.544578,12.164676) seconds
2026/05/26-11:22:31  ... thread 3: (17000,270000) ops and (14069.8,20233.0) ops/second in (1.208263,13.344535) seconds
2026/05/26-11:22:31  ... thread 0: (12000,255000) ops and (10162.5,19107.6) ops/second in (1.180811,13.345487) seconds
2026/05/26-11:22:31  ... thread 1: (17000,268000) ops and (14149.6,20074.4) ops/second in (1.201445,13.350317) seconds
2026/05/26-11:22:31  ... thread 2: (17000,267000) ops and (13883.6,19977.9) ops/second in (1.224462,13.364782) seconds
2026/05/26-11:22:33  ... thread 0: (17000,272000) ops and (13241.1,18592.7) ops/second in (1.283880,14.629367) seconds
2026/05/26-11:22:33  ... thread 2: (14000,281000) ops and (10977.4,19193.8) ops/second in (1.275344,14.640126) seconds
2026/05/26-11:22:33  ... thread 3: (16000,286000) ops and (12145.8,19506.4) ops/second in (1.317323,14.661858) seconds
2026/05/26-11:22:33  ... thread 1: (16000,284000) ops and (12182.9,19367.6) ops/second in (1.313311,14.663628) seconds
2026/05/26-11:22:34  ... thread 1: (13000,297000) ops and (11250.4,18774.7) ops/second in (1.155516,15.819144) seconds
2026/05/26-11:22:34  ... thread 2: (18000,299000) ops and (15109.9,18886.5) ops/second in (1.191270,15.831396) seconds
2026/05/26-11:22:34  ... thread 3: (15000,301000) ops and (12788.1,19008.7) ops/second in (1.172964,15.834822) seconds
2026/05/26-11:22:34  ... thread 0: (15000,287000) ops and (12351.3,18114.3) ops/second in (1.214444,15.843811) seconds
2026/05/26-11:22:35  ... thread 1: (17000,314000) ops and (13997.5,18434.1) ops/second in (1.214503,17.033647) seconds
2026/05/26-11:22:35  ... thread 3: (16000,317000) ops and (13245.1,18600.2) ops/second in (1.207991,17.042813) seconds
2026/05/26-11:22:35  ... thread 0: (14000,301000) ops and (11694.6,17663.3) ops/second in (1.197135,17.040946) seconds
2026/05/26-11:22:35  ... thread 2: (16000,315000) ops and (13102.7,18472.3) ops/second in (1.221126,17.052522) seconds
2026/05/26-11:22:36  ... thread 1: (20000,334000) ops and (19890.7,18515.3) ops/second in (1.005497,18.039144) seconds
2026/05/26-11:22:36  ... thread 3: (22000,339000) ops and (21656.3,18772.1) ops/second in (1.015872,18.058685) seconds
2026/05/26-11:22:36  ... thread 2: (20000,335000) ops and (19721.2,18542.4) ops/second in (1.014135,18.066657) seconds
2026/05/26-11:22:36  ... thread 0: (22000,323000) ops and (21104.8,17861.7) ops/second in (1.042418,18.083364) seconds
2026/05/26-11:22:37  ... thread 2: (25000,360000) ops and (18331.9,18527.7) ops/second in (1.363742,19.430399) seconds
2026/05/26-11:22:37  ... thread 3: (27000,366000) ops and (19606.2,18831.2) ops/second in (1.377116,19.435801) seconds
2026/05/26-11:22:37  ... thread 1: (27000,361000) ops and (19236.0,18567.3) ops/second in (1.403618,19.442762) seconds
2026/05/26-11:22:37  ... thread 0: (23000,346000) ops and (16523.7,17766.1) ops/second in (1.391941,19.475305) seconds
2026/05/26-11:22:39  ... thread 2: (14000,374000) ops and (11562.4,18119.1) ops/second in (1.210824,20.641223) seconds
2026/05/26-11:22:39  ... thread 0: (16000,362000) ops and (13654.7,17532.8) ops/second in (1.171756,20.647061) seconds
2026/05/26-11:22:39  ... thread 3: (16000,382000) ops and (13159.6,18497.3) ops/second in (1.215845,20.651646) seconds
2026/05/26-11:22:39  ... thread 1: (16000,377000) ops and (13234.6,18255.1) ops/second in (1.208951,20.651713) seconds
2026/05/26-11:22:40  ... thread 0: (29000,391000) ops and (18326.6,17589.3) ops/second in (1.582403,22.229464) seconds
2026/05/26-11:22:40  ... thread 2: (31000,405000) ops and (19360.1,18208.4) ops/second in (1.601230,22.242453) seconds
2026/05/26-11:22:40  ... thread 3: (34000,416000) ops and (21204.8,18692.4) ops/second in (1.603410,22.255056) seconds
2026/05/26-11:22:40  ... thread 1: (31000,408000) ops and (19162.5,18321.1) ops/second in (1.617742,22.269455) seconds
2026/05/26-11:22:42  ... thread 2: (31000,436000) ops and (19889.3,18318.5) ops/second in (1.558624,23.801077) seconds
2026/05/26-11:22:42  ... thread 3: (32000,448000) ops and (20575.5,18815.4) ops/second in (1.555246,23.810302) seconds
2026/05/26-11:22:42  ... thread 1: (31000,439000) ops and (20144.2,18438.9) ops/second in (1.538902,23.808357) seconds
2026/05/26-11:22:42  ... thread 0: (30000,421000) ops and (18894.5,17676.3) ops/second in (1.587762,23.817226) seconds
2026/05/26-11:22:43  ... thread 2: (29000,465000) ops and (28645.9,18739.8) ops/second in (1.012363,24.813440) seconds
2026/05/26-11:22:43  ... thread 0: (31000,452000) ops and (27522.5,18120.9) ops/second in (1.126350,24.943576) seconds
2026/05/26-11:22:43  ... thread 1: (31000,470000) ops and (27180.5,18838.5) ops/second in (1.140525,24.948882) seconds
2026/05/26-11:22:43  ... thread 3: (33000,481000) ops and (28847.7,19275.3) ops/second in (1.143940,24.954242) seconds
2026/05/26-11:22:44  ... thread 2: (30000,495000) ops and (29485.5,19163.1) ops/second in (1.017448,25.830888) seconds
2026/05/26-11:22:44  ... thread 1: (31000,501000) ops and (30607.1,19297.6) ops/second in (1.012836,25.961718) seconds
2026/05/26-11:22:44  ... thread 3: (35000,516000) ops and (34461.7,19869.2) ops/second in (1.015620,25.969862) seconds
2026/05/26-11:22:44  ... thread 0: (28000,480000) ops and (27099.9,18478.0) ops/second in (1.033216,25.976792) seconds
2026/05/26-11:22:45  ... thread 2: (33000,528000) ops and (32778.8,19673.9) ops/second in (1.006747,26.837635) seconds
2026/05/26-11:22:45  ... thread 0: (28000,508000) ops and (26890.9,18802.3) ops/second in (1.041243,27.018035) seconds
2026/05/26-11:22:45  ... thread 1: (31000,532000) ops and (27170.3,19629.1) ops/second in (1.140951,27.102669) seconds
2026/05/26-11:22:46  ... thread 3: (32000,548000) ops and (14847.1,19484.3) ops/second in (2.155309,28.125171) seconds
2026/05/26-11:22:46  ... thread 2: (3000,531000) ops and (2136.1,18801.7) ops/second in (1.404455,28.242090) seconds
2026/05/26-11:22:46  ... thread 0: (3000,511000) ops and (2374.1,18068.2) ops/second in (1.263659,28.281694) seconds
2026/05/26-11:22:47  ... thread 1: (3000,535000) ops and (1768.7,18577.2) ops/second in (1.696119,28.798788) seconds
2026/05/26-11:22:47  ... thread 3: (2000,550000) ops and (1815.0,18818.2) ops/second in (1.101915,29.227086) seconds
2026/05/26-11:22:48  ... thread 0: (3000,514000) ops and (2144.5,17317.7) ops/second in (1.398926,29.680620) seconds
2026/05/26-11:22:48  ... thread 2: (1000,532000) ops and (653.8,17869.4) ops/second in (1.529437,29.771527) seconds
2026/05/26-11:22:48  ... thread 1: (3000,538000) ops and (1936.7,17727.8) ops/second in (1.549066,30.347854) seconds
2026/05/26-11:22:49  ... thread 3: (2000,552000) ops and (1425.8,18021.7) ops/second in (1.402722,30.629808) seconds
2026/05/26-11:22:49  ... thread 0: (2000,516000) ops and (1803.8,16759.0) ops/second in (1.108753,30.789373) seconds
2026/05/26-11:22:49  ... thread 2: (2000,534000) ops and (1543.6,17188.6) ops/second in (1.295639,31.067166) seconds
2026/05/26-11:22:49  ... thread 1: (2000,540000) ops and (1773.6,17156.2) ops/second in (1.127620,31.475474) seconds
2026/05/26-11:22:50  ... thread 3: (1000,553000) ops and (816.3,17360.0) ops/second in (1.225013,31.854821) seconds
2026/05/26-11:22:50  ... thread 2: (2000,536000) ops and (1699.0,16623.1) ops/second in (1.177153,32.244319) seconds
2026/05/26-11:22:50  ... thread 0: (3000,519000) ops and (2061.9,16095.8) ops/second in (1.454999,32.244372) seconds
2026/05/26-11:22:51  ... thread 1: (13000,553000) ops and (12586.5,17011.0) ops/second in (1.032852,32.508326) seconds
2026/05/26-11:22:51  ... thread 3: (24000,577000) ops and (19940.1,17453.9) ops/second in (1.203605,33.058426) seconds
2026/05/26-11:22:51  ... thread 2: (32000,568000) ops and (31866.0,17083.5) ops/second in (1.004205,33.248524) seconds
2026/05/26-11:22:51  ... thread 0: (30000,549000) ops and (29717.6,16509.4) ops/second in (1.009504,33.253876) seconds
2026/05/26-11:22:52  ... thread 1: (27000,580000) ops and (25206.4,17272.5) ops/second in (1.071158,33.579484) seconds
2026/05/26-11:22:52  ... thread 3: (29000,606000) ops and (26920.4,17752.7) ops/second in (1.077251,34.135677) seconds
2026/05/26-11:22:52  ... thread 2: (29000,597000) ops and (28725.4,17426.5) ops/second in (1.009559,34.258083) seconds
2026/05/26-11:22:52  ... thread 0: (30000,579000) ops and (29686.7,16898.0) ops/second in (1.010552,34.264428) seconds
2026/05/26-11:22:53  ... thread 3: (14000,620000) ops and (13113.5,17612.0) ops/second in (1.067606,35.203283) seconds
2026/05/26-11:22:53  ... thread 1: (32000,612000) ops and (19516.6,17376.9) ops/second in (1.639627,35.219111) seconds
2026/05/26-11:22:53  ... thread 2: (12000,609000) ops and (11826.2,17265.4) ops/second in (1.014697,35.272780) seconds
2026/05/26-11:22:53  ... thread 0: (12000,591000) ops and (11885.2,16754.5) ops/second in (1.009657,35.274085) seconds
2026/05/26-11:22:54  ... thread 3: (30000,650000) ops and (29445.4,17944.8) ops/second in (1.018836,36.222119) seconds
2026/05/26-11:22:54  ... thread 1: (30000,642000) ops and (29889.1,17723.6) ops/second in (1.003712,36.222823) seconds
2026/05/26-11:22:54  ... thread 2: (27000,636000) ops and (24321.0,17480.7) ops/second in (1.110151,36.382931) seconds
2026/05/26-11:22:54  ... thread 0: (32000,623000) ops and (27014.4,17087.9) ops/second in (1.184555,36.458640) seconds
2026/05/26-11:22:55  ... thread 3: (3000,653000) ops and (2551.5,17460.9) ops/second in (1.175799,37.397918) seconds
2026/05/26-11:22:56  ... thread 2: (2000,638000) ops and (1696.4,16985.3) ops/second in (1.178973,37.561904) seconds
2026/05/26-11:22:56  ... thread 1: (2000,644000) ops and (1418.9,17112.9) ops/second in (1.409528,37.632351) seconds
2026/05/26-11:22:56  ... thread 0: (2000,625000) ops and (1456.4,16520.4) ops/second in (1.373278,37.831918) seconds
2026/05/26-11:22:56  ... thread 3: (1000,654000) ops and (972.7,17019.7) ops/second in (1.028112,38.426030) seconds
2026/05/26-11:22:57  ... thread 2: (2000,640000) ops and (1665.5,16510.7) ops/second in (1.200856,38.762760) seconds
2026/05/26-11:22:57  ... thread 0: (2000,627000) ops and (1906.1,16126.1) ops/second in (1.049258,38.881176) seconds
2026/05/26-11:22:57  ... thread 1: (3000,647000) ops and (2196.9,16590.6) ops/second in (1.365558,38.997909) seconds
2026/05/26-11:22:57  ... thread 3: (2000,656000) ops and (1900.5,16616.7) ops/second in (1.052356,39.478386) seconds
2026/05/26-11:22:58  ... thread 1: (1000,648000) ops and (963.3,16185.4) ops/second in (1.038117,40.036026) seconds
2026/05/26-11:22:58  ... thread 0: (3000,630000) ops and (2218.2,15658.6) ops/second in (1.352430,40.233606) seconds
2026/05/26-11:22:58  ... thread 2: (2000,642000) ops and (1309.8,15934.6) ops/second in (1.526933,40.289693) seconds
2026/05/26-11:22:59  ... thread 3: (2000,658000) ops and (1613.3,16159.9) ops/second in (1.239664,40.718050) seconds
2026/05/26-11:22:59  ... thread 1: (2000,650000) ops and (1964.2,15832.7) ops/second in (1.018209,41.054235) seconds
2026/05/26-11:22:59  ... thread 2: (2000,644000) ops and (1818.7,15559.6) ops/second in (1.099677,41.389370) seconds
2026/05/26-11:23:00  ... thread 0: (2000,632000) ops and (1144.8,15054.6) ops/second in (1.747011,41.980617) seconds
2026/05/26-11:23:00  ... thread 3: (3000,661000) ops and (2111.0,15686.1) ops/second in (1.421121,42.139171) seconds
2026/05/26-11:23:00  ... thread 1: (1000,651000) ops and (828.6,15404.3) ops/second in (1.206787,42.261022) seconds
2026/05/26-11:23:00  ... thread 2: (2000,646000) ops and (1848.8,15210.3) ops/second in (1.081775,42.471145) seconds
2026/05/26-11:23:01  ... thread 0: (2000,634000) ops and (1590.0,14662.9) ops/second in (1.257869,43.238486) seconds
2026/05/26-11:23:01  ... thread 3: (2000,663000) ops and (1513.1,15255.1) ops/second in (1.321775,43.460946) seconds
2026/05/26-11:23:02  ... thread 1: (2000,653000) ops and (1291.9,14905.6) ops/second in (1.548124,43.809146) seconds
2026/05/26-11:23:02  ... thread 2: (2000,648000) ops and (1255.5,14705.9) ops/second in (1.592928,44.064073) seconds
2026/05/26-11:23:02  ... thread 0: (2000,636000) ops and (1828.1,14346.1) ops/second in (1.094010,44.332496) seconds
2026/05/26-11:23:03  ... thread 3: (2000,665000) ops and (1656.1,14887.4) ops/second in (1.207623,44.668569) seconds
2026/05/26-11:23:03  ... thread 1: (2000,655000) ops and (1705.9,14561.5) ops/second in (1.172420,44.981566) seconds
2026/05/26-11:23:04  ... thread 2: (2000,650000) ops and (1333.3,14265.6) ops/second in (1.500093,45.564166) seconds
2026/05/26-11:23:04  ... thread 0: (2000,638000) ops and (1495.4,13969.8) ops/second in (1.337423,45.669919) seconds
2026/05/26-11:23:04  ... thread 1: (2000,657000) ops and (1922.2,14275.8) ops/second in (1.040489,46.022055) seconds
2026/05/26-11:23:04  ... thread 3: (2000,667000) ops and (1455.5,14486.6) ops/second in (1.374105,46.042674) seconds
2026/05/26-11:23:05  ... thread 0: (1000,639000) ops and (929.8,13669.8) ops/second in (1.075464,46.745383) seconds
2026/05/26-11:23:05  ... thread 2: (2000,652000) ops and (1601.8,13927.8) ops/second in (1.248585,46.812751) seconds
2026/05/26-11:23:06  ... thread 1: (3000,660000) ops and (1665.5,13800.8) ops/second in (1.801254,47.823309) seconds
2026/05/26-11:23:06  ... thread 3: (1000,668000) ops and (529.7,13936.8) ops/second in (1.887839,47.930513) seconds
2026/05/26-11:23:07  ... thread 2: (2000,654000) ops and (1148.9,13469.7) ops/second in (1.740808,48.553559) seconds
2026/05/26-11:23:07  ... thread 1: (1000,661000) ops and (879.4,13500.7) ops/second in (1.137103,48.960412) seconds
2026/05/26-11:23:08  ... thread 0: (2000,641000) ops and (686.7,12908.3) ops/second in (2.912539,49.657922) seconds
2026/05/26-11:23:08  ... thread 2: (1000,655000) ops and (768.9,13138.3) ops/second in (1.300540,49.854099) seconds
2026/05/26-11:23:08  ... thread 3: (3000,671000) ops and (1213.6,13312.8) ops/second in (2.472067,50.402580) seconds
2026/05/26-11:23:09  ... thread 1: (3000,664000) ops and (1644.3,13074.8) ops/second in (1.824454,50.784866) seconds
2026/05/26-11:23:09  ... thread 2: (1000,656000) ops and (861.8,12859.1) ops/second in (1.160338,51.014437) seconds
2026/05/26-11:23:09  ... thread 0: (2000,643000) ops and (1210.4,12531.6) ops/second in (1.652291,51.310213) seconds
2026/05/26-11:23:10  ... thread 1: (1000,665000) ops and (848.4,12797.4) ops/second in (1.178686,51.963552) seconds
2026/05/26-11:23:10  ... thread 2: (1000,657000) ops and (886.5,12600.1) ops/second in (1.128091,52.142528) seconds
2026/05/26-11:23:10  ... thread 3: (2000,673000) ops and (1070.6,12875.3) ops/second in (1.868039,52.270619) seconds
2026/05/26-11:23:10  ... thread 0: (1000,644000) ops and (991.1,12309.1) ops/second in (1.009011,52.319224) seconds
2026/05/26-11:23:12  ... thread 0: (1000,645000) ops and (811.6,12044.5) ops/second in (1.232081,53.551305) seconds
2026/05/26-11:23:12  ... thread 2: (2000,659000) ops and (1249.0,12261.9) ops/second in (1.601292,53.743820) seconds
2026/05/26-11:23:12  ... thread 1: (2000,667000) ops and (997.7,12359.1) ops/second in (2.004616,53.968168) seconds
2026/05/26-11:23:12  ... thread 3: (2000,675000) ops and (918.4,12397.1) ops/second in (2.177633,54.448252) seconds
2026/05/26-11:23:13  ... thread 0: (1000,646000) ops and (922.0,11823.7) ops/second in (1.084632,54.635937) seconds
2026/05/26-11:23:13  ... thread 1: (1000,668000) ops and (875.6,12121.1) ops/second in (1.142133,55.110301) seconds
2026/05/26-11:23:13  ... thread 2: (2000,661000) ops and (1226.4,11936.9) ops/second in (1.630768,55.374588) seconds
2026/05/26-11:23:14  ... thread 0: (2000,648000) ops and (1606.6,11596.1) ops/second in (1.244901,55.880838) seconds
2026/05/26-11:23:14  ... thread 3: (1000,676000) ops and (626.7,12062.0) ops/second in (1.595648,56.043900) seconds
2026/05/26-11:23:14  ... thread 1: (1000,669000) ops and (872.9,11892.1) ops/second in (1.145628,56.255929) seconds
2026/05/26-11:23:15  ... thread 2: (2000,663000) ops and (1087.4,11588.1) ops/second in (1.839185,57.213773) seconds
2026/05/26-11:23:16  ... thread 3: (2000,678000) ops and (1256.7,11763.6) ops/second in (1.591481,57.635381) seconds
2026/05/26-11:23:16  ... thread 0: (2000,650000) ops and (1077.6,11258.0) ops/second in (1.855963,57.736801) seconds
2026/05/26-11:23:16  ... thread 1: (1000,670000) ops and (553.6,11539.3) ops/second in (1.806496,58.062425) seconds
2026/05/26-11:23:16  ... thread 2: (2000,665000) ops and (1626.4,11378.5) ops/second in (1.229680,58.443453) seconds
2026/05/26-11:23:17  ... thread 3: (7000,685000) ops and (6832.3,11677.5) ops/second in (1.024548,58.659929) seconds
2026/05/26-11:23:17  ... thread 0: (12000,662000) ops and (11918.6,11269.3) ops/second in (1.006832,58.743633) seconds
2026/05/26-11:23:17  ... thread 1: (16000,686000) ops and (14328.9,11591.9) ops/second in (1.116625,59.179050) seconds
2026/05/26-11:23:17  ... thread 2: (30000,695000) ops and (29325.1,11687.3) ops/second in (1.023013,59.466466) seconds
2026/05/26-11:23:18  ... thread 3: (28000,713000) ops and (26104.6,11936.5) ops/second in (1.072606,59.732535) seconds
2026/05/26-11:23:18  ... thread 0: (28000,690000) ops and (27549.9,11546.2) ops/second in (1.016338,59.759971) seconds
2026/05/26-11:23:18  ... thread 1: (29000,715000) ops and (25955.2,11858.1) ops/second in (1.117310,60.296360) seconds
2026/05/26-11:23:18  ... thread 2: (26000,721000) ops and (25391.1,11919.2) ops/second in (1.023980,60.490446) seconds
2026/05/26-11:23:19  ... thread 3: (32000,745000) ops and (20773.8,12158.7) ops/second in (1.540400,61.272935) seconds
2026/05/26-11:23:19  ... thread 0: (29000,719000) ops and (19111.6,11733.5) ops/second in (1.517406,61.277377) seconds
2026/05/26-11:23:19  ... thread 1: (19000,734000) ops and (18747.2,11972.0) ops/second in (1.013484,61.309844) seconds
2026/05/26-11:23:20  ... thread 2: (21000,742000) ops and (20583.5,12062.9) ops/second in (1.020236,61.510682) seconds
2026/05/26-11:23:20  ... thread 0: (30000,749000) ops and (29763.7,12025.3) ops/second in (1.007939,62.285316) seconds
2026/05/26-11:23:20  ... thread 3: (28000,773000) ops and (27129.6,12406.7) ops/second in (1.032083,62.305018) seconds
2026/05/26-11:23:20  ... thread 1: (29000,763000) ops and (25555.5,12218.8) ops/second in (1.134786,62.444630) seconds
2026/05/26-11:23:21  ... thread 2: (23000,765000) ops and (22939.2,12237.4) ops/second in (1.002651,62.513333) seconds
2026/05/26-11:23:21  ... thread 0: (19000,768000) ops and (18916.8,12134.7) ops/second in (1.004399,63.289715) seconds
2026/05/26-11:23:21  ... thread 3: (17000,790000) ops and (16755.8,12476.4) ops/second in (1.014574,63.319592) seconds
2026/05/26-11:23:21  ... thread 1: (19000,782000) ops and (18964.5,12325.3) ops/second in (1.001872,63.446502) seconds
2026/05/26-11:23:22  ... thread 2: (21000,786000) ops and (20718.9,12372.7) ops/second in (1.013566,63.526899) seconds
2026/05/26-11:23:22  ... thread 3: (29000,819000) ops and (26287.9,12712.9) ops/second in (1.103168,64.422760) seconds
2026/05/26-11:23:22  ... thread 0: (32000,800000) ops and (27630.5,12413.1) ops/second in (1.158139,64.447854) seconds
2026/05/26-11:23:22  ... thread 1: (29000,811000) ops and (28691.4,12582.0) ops/second in (1.010755,64.457257) seconds
2026/05/26-11:23:23  ... thread 2: (28000,814000) ops and (27774.1,12613.3) ops/second in (1.008134,64.535033) seconds
2026/05/26-11:23:23  ... thread 3: (33000,852000) ops and (30934.4,13009.7) ops/second in (1.066773,65.489533) seconds
2026/05/26-11:23:23  ... thread 0: (27000,827000) ops and (25951.5,12628.2) ops/second in (1.040404,65.488258) seconds
2026/05/26-11:23:24  ... thread 1: (29000,840000) ops and (27351.2,12821.0) ops/second in (1.060281,65.517538) seconds
2026/05/26-11:23:24  ... thread 2: (31000,845000) ops and (30477.2,12890.5) ops/second in (1.017153,65.552186) seconds
2026/05/26-11:23:25  ... thread 1: (17000,857000) ops and (16682.8,12880.1) ops/second in (1.019011,66.536549) seconds
2026/05/26-11:23:25  ... thread 0: (15000,842000) ops and (12331.2,12622.8) ops/second in (1.216430,66.704688) seconds
2026/05/26-11:23:25  ... thread 2: (13000,858000) ops and (8435.1,12788.1) ops/second in (1.541181,67.093367) seconds
2026/05/26-11:23:26  ... thread 3: (18000,870000) ops and (8236.8,12855.6) ops/second in (2.185316,67.674849) seconds
2026/05/26-11:23:26  ... thread 1: (1000,858000) ops and (712.1,12628.6) ops/second in (1.404230,67.940779) seconds
2026/05/26-11:23:26  ... thread 0: (3000,845000) ops and (1744.9,12349.5) ops/second in (1.719336,68.424024) seconds
2026/05/26-11:23:27  ... thread 3: (2000,872000) ops and (1605.6,12652.3) ops/second in (1.245602,68.920451) seconds
2026/05/26-11:23:27  ... thread 2: (2000,860000) ops and (1008.0,12449.8) ops/second in (1.984136,69.077503) seconds
2026/05/26-11:23:27  ... thread 1: (1000,859000) ops and (805.7,12416.5) ops/second in (1.241178,69.181957) seconds
2026/05/26-11:23:28  ... thread 3: (1000,873000) ops and (971.1,12480.3) ops/second in (1.029718,69.950169) seconds
2026/05/26-11:23:28  ... thread 1: (3000,862000) ops and (2422.6,12240.8) ops/second in (1.238320,70.420277) seconds
2026/05/26-11:23:29  ... thread 0: (2000,847000) ops and (905.2,11991.5) ops/second in (2.209486,70.633510) seconds
2026/05/26-11:23:29  ... thread 3: (1000,874000) ops and (984.4,12315.8) ops/second in (1.015820,70.965989) seconds
2026/05/26-11:23:29  ... thread 2: (2000,862000) ops and (1027.8,12136.8) ops/second in (1.945901,71.023404) seconds
2026/05/26-11:23:30  ... thread 0: (1000,848000) ops and (952.7,11829.8) ops/second in (1.049677,71.683187) seconds
2026/05/26-11:23:30  ... thread 3: (1000,875000) ops and (944.8,12148.7) ops/second in (1.058456,72.024445) seconds
2026/05/26-11:23:30  ... thread 1: (2000,864000) ops and (1006.4,11932.5) ops/second in (1.987308,72.407585) seconds
2026/05/26-11:23:31  ... thread 2: (2000,864000) ops and (1040.2,11844.4) ops/second in (1.922723,72.946127) seconds
2026/05/26-11:23:31  ... thread 0: (2000,850000) ops and (1136.1,11573.5) ops/second in (1.760404,73.443591) seconds
2026/05/26-11:23:32  ... thread 3: (2000,877000) ops and (1331.9,11927.7) ops/second in (1.501620,73.526065) seconds
2026/05/26-11:23:32  ... thread 1: (2000,866000) ops and (1123.2,11673.0) ops/second in (1.780574,74.188159) seconds
2026/05/26-11:23:32  ... thread 2: (2000,866000) ops and (1474.7,11655.1) ops/second in (1.356175,74.302302) seconds
2026/05/26-11:23:33  ... thread 0: (1000,851000) ops and (900.0,11414.4) ops/second in (1.111172,74.554763) seconds
2026/05/26-11:23:33  ... thread 3: (2000,879000) ops and (1682.7,11764.8) ops/second in (1.188557,74.714622) seconds
2026/05/26-11:23:34  ... thread 1: (1000,867000) ops and (702.5,11466.5) ops/second in (1.423577,75.611736) seconds
2026/05/26-11:23:34  ... thread 2: (2000,868000) ops and (1513.0,11477.8) ops/second in (1.321918,75.624220) seconds
2026/05/26-11:23:34  ... thread 3: (1000,880000) ops and (992.6,11621.4) ops/second in (1.007492,75.722114) seconds
2026/05/26-11:23:34  ... thread 0: (2000,853000) ops and (1101.9,11169.3) ops/second in (1.815012,76.369775) seconds
2026/05/26-11:23:35  ... thread 1: (1000,868000) ops and (837.9,11301.3) ops/second in (1.193494,76.805230) seconds
2026/05/26-11:23:35  ... thread 2: (2000,870000) ops and (1533.9,11309.3) ops/second in (1.303840,76.928060) seconds
2026/05/26-11:23:36  ... thread 3: (2000,882000) ops and (1054.7,11363.3) ops/second in (1.896268,77.618382) seconds
2026/05/26-11:23:36  ... thread 1: (2000,870000) ops and (1450.0,11127.5) ops/second in (1.379303,78.184533) seconds
2026/05/26-11:23:36  ... thread 2: (2000,872000) ops and (1495.2,11141.5) ops/second in (1.337634,78.265694) seconds
2026/05/26-11:23:36  ... thread 0: (2000,855000) ops and (1003.4,10910.7) ops/second in (1.993310,78.363085) seconds
2026/05/26-11:23:37  ... thread 1: (2000,872000) ops and (1841.1,11000.3) ops/second in (1.086329,79.270862) seconds
2026/05/26-11:23:37  ... thread 3: (1000,883000) ops and (562.4,11121.4) ops/second in (1.778201,79.396583) seconds
2026/05/26-11:23:37  ... thread 2: (1000,873000) ops and (879.2,10994.5) ops/second in (1.137381,79.403075) seconds
2026/05/26-11:23:37  ... thread 0: (2000,857000) ops and (1928.6,10793.4) ops/second in (1.037016,79.400101) seconds
2026/05/26-11:23:38  ... thread 1: (29000,901000) ops and (28603.2,11222.6) ops/second in (1.013873,80.284735) seconds
2026/05/26-11:23:39  ... thread 0: (30000,887000) ops and (26201.2,11012.5) ops/second in (1.144984,80.545085) seconds
2026/05/26-11:23:39  ... thread 2: (29000,902000) ops and (25203.2,11197.5) ops/second in (1.150648,80.553723) seconds
2026/05/26-11:23:39  ... thread 3: (34000,917000) ops and (29165.6,11382.5) ops/second in (1.165757,80.562340) seconds
2026/05/26-11:23:39  ... thread 1: (23000,924000) ops and (22895.8,11366.8) ops/second in (1.004551,81.289286) seconds
2026/05/26-11:23:40  ... thread 0: (27000,914000) ops and (26677.9,11206.9) ops/second in (1.012074,81.557159) seconds
2026/05/26-11:23:40  ... thread 2: (28000,930000) ops and (27690.6,11402.0) ops/second in (1.011172,81.564895) seconds
2026/05/26-11:23:40  ... thread 3: (31000,948000) ops and (30445.4,11620.4) ops/second in (1.018217,81.580557) seconds
2026/05/26-11:23:41  ... thread 1: (12000,936000) ops and (7890.3,11303.0) ops/second in (1.520856,82.810142) seconds
2026/05/26-11:23:41  ... thread 3: (2000,950000) ops and (1616.4,11471.0) ops/second in (1.237319,82.817876) seconds
2026/05/26-11:23:41  ... thread 2: (3000,933000) ops and (2387.8,11265.2) ops/second in (1.256410,82.821305) seconds
2026/05/26-11:23:41  ... thread 0: (3000,917000) ops and (2347.3,11070.2) ops/second in (1.278075,82.835234) seconds
2026/05/26-11:23:42  ... thread 1: (26000,962000) ops and (25846.8,11477.5) ops/second in (1.005926,83.816068) seconds
2026/05/26-11:23:42  ... thread 2: (27000,960000) ops and (26798.4,11451.9) ops/second in (1.007521,83.828826) seconds
2026/05/26-11:23:42  ... thread 3: (28000,978000) ops and (27433.4,11665.3) ops/second in (1.020653,83.838529) seconds
2026/05/26-11:23:42  ... thread 0: (29000,946000) ops and (28820.4,11283.2) ops/second in (1.006232,83.841466) seconds
2026/05/26-11:23:43  ... thread 0: (16000,962000) ops and (14250.3,11322.4) ops/second in (1.122787,84.964253) seconds
2026/05/26-11:23:43  ... thread 1: (18000,980000) ops and (13680.0,11511.6) ops/second in (1.315789,85.131857) seconds
2026/05/26-11:23:43  ... thread 2: (26000,986000) ops and (17075.1,11552.2) ops/second in (1.522682,85.351508) seconds
2026/05/26-11:23:44  ... thread 3: (18000,996000) ops and (8598.3,11590.6) ops/second in (2.093428,85.931957) seconds
2026/05/26-11:23:44  ... thread 0: (3000,965000) ops and (2235.3,11181.1) ops/second in (1.342077,86.306330) seconds
2026/05/26-11:23:44  ... thread 1: (2000,982000) ops and (1522.3,11359.7) ops/second in (1.313817,86.445674) seconds
2026/05/26-11:23:45  ... thread 2: (2000,988000) ops and (1356.1,11379.0) ops/second in (1.474865,86.826373) seconds
2026/05/26-11:23:45  ... thread 3: (1000,997000) ops and (860.4,11447.4) ops/second in (1.162303,87.094260) seconds
2026/05/26-11:23:45  ... thread 0: (1000,966000) ops and (849.0,11042.0) ops/second in (1.177908,87.484238) seconds
2026/05/26-11:23:46  ... thread 1: (1000,983000) ops and (901.1,11227.2) ops/second in (1.109766,87.555440) seconds
2026/05/26-11:23:46  ... thread 2: (2000,990000) ops and (1876.5,11263.8) ops/second in (1.065813,87.892186) seconds
2026/05/26-11:23:47  ... thread 3: (3000,1000000) ops and (1911.6,11278.6) ops/second in (1.569335,88.663595) seconds
2026/05/26-11:23:47  ... thread 0: (1000,967000) ops and (717.3,10880.0) ops/second in (1.394050,88.878288) seconds
2026/05/26-11:23:47  ... thread 2: (2000,992000) ops and (1245.5,11084.1) ops/second in (1.605776,89.497962) seconds
2026/05/26-11:23:48  ... thread 1: (2000,985000) ops and (879.3,10965.2) ops/second in (2.274527,89.829967) seconds
2026/05/26-11:23:48  ... thread 3: (1000,1001000) ops and (840.0,11140.3) ops/second in (1.190439,89.854034) seconds
2026/05/26-11:23:48  ... thread 0: (3000,970000) ops and (2775.2,10782.7) ops/second in (1.080989,89.959277) seconds
2026/05/26-11:23:49  ... thread 2: (2000,994000) ops and (1306.6,10919.6) ops/second in (1.530716,91.028678) seconds
2026/05/26-11:23:49  ... thread 0: (1000,971000) ops and (801.0,10646.0) ops/second in (1.248485,91.207762) seconds
2026/05/26-11:23:49  ... thread 1: (2000,987000) ops and (1253.3,10795.6) ops/second in (1.595824,91.425791) seconds
2026/05/26-11:23:50  ... thread 3: (2000,1003000) ops and (1153.4,10951.2) ops/second in (1.733930,91.587964) seconds
2026/05/26-11:23:50  ... thread 2: (2000,996000) ops and (1805.5,10810.1) ops/second in (1.107717,92.136395) seconds
2026/05/26-11:23:50  ... thread 1: (1000,988000) ops and (980.4,10687.3) ops/second in (1.019951,92.445742) seconds
2026/05/26-11:23:51  ... thread 3: (2000,1005000) ops and (1607.7,10826.0) ops/second in (1.244016,92.831980) seconds
2026/05/26-11:23:51  ... thread 0: (2000,973000) ops and (1000.7,10439.2) ops/second in (1.998643,93.206405) seconds
2026/05/26-11:23:52  ... thread 1: (2000,990000) ops and (1692.3,10573.8) ops/second in (1.181848,93.627590) seconds
2026/05/26-11:23:52  ... thread 2: (2000,998000) ops and (1013.9,10604.7) ops/second in (1.972488,94.108883) seconds
2026/05/26-11:23:52  ... thread 0: (1000,974000) ops and (882.7,10324.4) ops/second in (1.132855,94.339260) seconds
2026/05/26-11:23:53  ... thread 3: (2000,1007000) ops and (1073.9,10634.2) ops/second in (1.862437,94.694417) seconds
2026/05/26-11:23:53  ... thread 1: (2000,992000) ops and (1727.0,10465.7) ops/second in (1.158094,94.785684) seconds
2026/05/26-11:23:53  ... thread 2: (2000,1000000) ops and (1531.5,10480.6) ops/second in (1.305930,95.414813) seconds
2026/05/26-11:23:54  ... thread 3: (1000,1008000) ops and (979.2,10531.2) ops/second in (1.021278,95.715695) seconds
2026/05/26-11:23:54  ... thread 0: (2000,976000) ops and (1335.4,10184.0) ops/second in (1.497674,95.836934) seconds
2026/05/26-11:23:54  ... thread 1: (2000,994000) ops and (1775.2,10363.6) ops/second in (1.126621,95.912305) seconds
2026/05/26-11:23:55  ... thread 2: (1000,1001000) ops and (856.9,10364.3) ops/second in (1.166999,96.581812) seconds
2026/05/26-11:23:55  ... thread 1: (1000,995000) ops and (781.8,10237.5) ops/second in (1.279132,97.191437) seconds
2026/05/26-11:23:55  ... thread 0: (3000,979000) ops and (1901.2,10049.8) ops/second in (1.577932,97.414866) seconds
2026/05/26-11:23:55  ... thread 3: (1000,1009000) ops and (582.0,10355.7) ops/second in (1.718106,97.433801) seconds
2026/05/26-11:23:56  ... thread 2: (2000,1003000) ops and (1293.6,10221.4) ops/second in (1.546059,98.127871) seconds
2026/05/26-11:23:56  ... thread 0: (1000,980000) ops and (947.3,9952.2) ops/second in (1.055583,98.470449) seconds
2026/05/26-11:23:57  ... thread 3: (1000,1010000) ops and (827.8,10239.1) ops/second in (1.207983,98.641784) seconds
2026/05/26-11:23:57  ... thread 1: (1000,996000) ops and (681.8,10095.5) ops/second in (1.466798,98.658235) seconds
2026/05/26-11:23:57  ... thread 2: (1000,1004000) ops and (968.0,10125.0) ops/second in (1.033054,99.160925) seconds
2026/05/26-11:23:57  ... thread 0: (1000,981000) ops and (996.5,9861.9) ops/second in (1.003538,99.473987) seconds
2026/05/26-11:23:58  ... thread 3: (1000,1011000) ops and (668.2,10096.0) ops/second in (1.496549,100.138333) seconds
2026/05/26-11:23:59  ... thread 2: (1000,1005000) ops and (596.0,9966.4) ops/second in (1.677838,100.838763) seconds
2026/05/26-11:23:59  ... thread 1: (2000,998000) ops and (721.2,9839.2) ops/second in (2.773031,101.431266) seconds
2026/05/26-11:23:59  ... thread 0: (1000,982000) ops and (497.7,9676.5) ops/second in (2.009164,101.483151) seconds
2026/05/26-11:24:00  ... thread 2: (1000,1006000) ops and (802.7,9854.6) ops/second in (1.245801,102.084564) seconds
2026/05/26-11:24:00  ... thread 3: (3000,1014000) ops and (1286.5,9895.6) ops/second in (2.331890,102.470223) seconds
2026/05/26-11:24:01  ... thread 1: (1000,999000) ops and (813.3,9731.1) ops/second in (1.229614,102.660880) seconds
2026/05/26-11:24:01  ... thread 0: (1000,983000) ops and (785.3,9566.3) ops/second in (1.273318,102.756469) seconds
2026/05/26-11:24:02  ... thread 3: (2000,1016000) ops and (1313.5,9769.9) ops/second in (1.522658,103.992881) seconds
2026/05/26-11:24:02  ... thread 2: (1000,1007000) ops and (461.6,9659.4) ops/second in (2.166459,104.251023) seconds
2026/05/26-11:24:02  ... thread 1: (1000,1000000) ops and (607.1,9587.0) ops/second in (1.647310,104.308190) seconds
2026/05/26-11:24:03  ... thread 3: (1000,1017000) ops and (945.3,9681.0) ops/second in (1.057899,105.050780) seconds
2026/05/26-11:24:03  ... thread 2: (1000,1008000) ops and (910.3,9568.1) ops/second in (1.098502,105.349525) seconds
2026/05/26-11:24:04  ... thread 0: (2000,985000) ops and (707.5,9329.1) ops/second in (2.827035,105.583504) seconds
2026/05/26-11:24:04  ... thread 2: (1000,1009000) ops and (932.9,9481.2) ops/second in (1.071950,106.421475) seconds
2026/05/26-11:24:05  ... thread 3: (1000,1018000) ops and (593.2,9537.5) ops/second in (1.685907,106.736687) seconds
2026/05/26-11:24:05  ... thread 1: (2000,1002000) ops and (808.4,9383.6) ops/second in (2.474102,106.782292) seconds
2026/05/26-11:24:05  ... thread 0: (2000,987000) ops and (1342.5,9218.0) ops/second in (1.489774,107.073278) seconds
2026/05/26-11:24:06  ... thread 2: (2000,1011000) ops and (1719.5,9397.3) ops/second in (1.163106,107.584581) seconds
2026/05/26-11:24:06  ... thread 3: (8000,1026000) ops and (7896.5,9522.1) ops/second in (1.013112,107.749799) seconds
2026/05/26-11:24:06  ... thread 1: (8000,1010000) ops and (7987.3,9370.6) ops/second in (1.001584,107.783876) seconds
2026/05/26-11:24:06  ... thread 0: (16000,1003000) ops and (14873.9,9274.2) ops/second in (1.075707,108.148985) seconds
2026/05/26-11:24:07  ... thread 2: (30000,1041000) ops and (29684.8,9586.1) ops/second in (1.010617,108.595198) seconds
2026/05/26-11:24:07  ... thread 3: (31000,1057000) ops and (30501.1,9718.1) ops/second in (1.016356,108.766155) seconds
2026/05/26-11:24:07  ... thread 1: (28000,1038000) ops and (24397.4,9528.9) ops/second in (1.147661,108.931537) seconds
2026/05/26-11:24:07  ... thread 0: (32000,1035000) ops and (31474.6,9481.0) ops/second in (1.016694,109.165679) seconds
2026/05/26-11:24:08  ... thread 3: (14000,1071000) ops and (12616.2,9747.4) ops/second in (1.109682,109.875837) seconds
2026/05/26-11:24:08  ... thread 2: (27000,1068000) ops and (21031.1,9719.8) ops/second in (1.283814,109.879012) seconds
2026/05/26-11:24:08  ... thread 1: (18000,1056000) ops and (17841.8,9605.2) ops/second in (1.008865,109.940402) seconds
2026/05/26-11:24:08  ... thread 0: (13000,1048000) ops and (12529.1,9509.7) ops/second in (1.037582,110.203261) seconds
2026/05/26-11:24:09  ... thread 2: (32000,1100000) ops and (28832.5,9910.9) ops/second in (1.109860,110.988872) seconds
2026/05/26-11:24:09  ... thread 1: (31000,1087000) ops and (29564.7,9793.8) ops/second in (1.048548,110.988950) seconds
2026/05/26-11:24:09  ... thread 3: (29000,1100000) ops and (25958.0,9910.5) ops/second in (1.117188,110.993025) seconds
2026/05/26-11:24:09  ... thread 0: (32000,1080000) ops and (31577.7,9710.8) ops/second in (1.013373,111.216634) seconds
2026/05/26-11:24:10  ... thread 3: (31000,1131000) ops and (30929.6,10098.6) ops/second in (1.002276,111.995301) seconds
2026/05/26-11:24:10  ... thread 2: (29000,1129000) ops and (28663.0,10080.3) ops/second in (1.011756,112.000628) seconds
2026/05/26-11:24:10  ... thread 1: (30000,1117000) ops and (26560.0,9962.7) ops/second in (1.129517,112.118467) seconds
2026/05/26-11:24:10  ... thread 0: (29000,1109000) ops and (28786.4,9882.0) ops/second in (1.007421,112.224055) seconds
2026/05/26-11:24:11  ... thread 2: (29000,1158000) ops and (28930.3,10247.5) ops/second in (1.002408,113.003036) seconds
2026/05/26-11:24:11  ... thread 3: (30000,1161000) ops and (28821.5,10271.0) ops/second in (1.040891,113.036192) seconds
2026/05/26-11:24:11  ... thread 1: (31000,1148000) ops and (29051.1,10142.6) ops/second in (1.067087,113.185554) seconds
2026/05/26-11:24:11  ... thread 0: (29000,1138000) ops and (28893.9,10050.5) ops/second in (1.003671,113.227726) seconds
2026/05/26-11:24:12  ... thread 2: (31000,1189000) ops and (30198.6,10427.1) ops/second in (1.026538,114.029574) seconds
2026/05/26-11:24:12  ... thread 3: (30000,1191000) ops and (29347.5,10442.0) ops/second in (1.022234,114.058426) seconds
2026/05/26-11:24:13  ... thread 1: (32000,1180000) ops and (18634.2,10269.5) ops/second in (1.717277,114.902831) seconds
2026/05/26-11:24:13  ... thread 3: (3000,1194000) ops and (2202.9,10344.8) ops/second in (1.361838,115.420264) seconds
2026/05/26-11:24:14  ... thread 0: (30000,1168000) ops and (12383.1,10099.4) ops/second in (2.422662,115.650388) seconds
2026/05/26-11:24:14  ... thread 2: (3000,1192000) ops and (1747.0,10298.3) ops/second in (1.717198,115.746772) seconds
2026/05/26-11:24:15  ... thread 3: (1000,1195000) ops and (916.2,10256.5) ops/second in (1.091522,116.511786) seconds
2026/05/26-11:24:15  ... thread 1: (1000,1181000) ops and (611.0,10133.9) ops/second in (1.636728,116.539559) seconds
2026/05/26-11:24:15  ... thread 0: (2000,1170000) ops and (1395.0,9992.8) ops/second in (1.433707,117.084095) seconds
2026/05/26-11:24:15  ... thread 2: (1000,1193000) ops and (578.7,10155.4) ops/second in (1.728024,117.474796) seconds
2026/05/26-11:24:16  ... thread 3: (1000,1196000) ops and (745.5,10148.2) ops/second in (1.341397,117.853183) seconds
2026/05/26-11:24:16  ... thread 1: (2000,1183000) ops and (1368.0,10025.3) ops/second in (1.461976,118.001535) seconds
2026/05/26-11:24:17  ... thread 2: (1000,1194000) ops and (938.3,10072.5) ops/second in (1.065808,118.540604) seconds
2026/05/26-11:24:17  ... thread 0: (1000,1171000) ops and (634.0,9868.4) ops/second in (1.577374,118.661469) seconds
2026/05/26-11:24:17  ... thread 1: (1000,1184000) ops and (967.0,9946.6) ops/second in (1.034097,119.035632) seconds
2026/05/26-11:24:17  ... thread 3: (2000,1198000) ops and (1302.6,10034.5) ops/second in (1.535346,119.388529) seconds
2026/05/26-11:24:18  ... thread 0: (1000,1172000) ops and (787.7,9772.3) ops/second in (1.269477,119.930946) seconds
2026/05/26-11:24:18  ... thread 2: (2000,1196000) ops and (1027.5,9926.4) ops/second in (1.946525,120.487129) seconds
2026/05/26-11:24:19  ... thread 3: (1000,1199000) ops and (812.3,9940.3) ops/second in (1.231110,120.619639) seconds
2026/05/26-11:24:20  ... thread 2: (1000,1197000) ops and (934.9,9847.3) ops/second in (1.069577,121.556706) seconds
2026/05/26-11:24:20  ... thread 0: (2000,1174000) ops and (1160.4,9650.3) ops/second in (1.723498,121.654444) seconds
2026/05/26-11:24:20  ... thread 1: (2000,1186000) ops and (690.9,9726.9) ops/second in (2.894744,121.930376) seconds
2026/05/26-11:24:21  ... thread 3: (2000,1201000) ops and (1020.2,9797.7) ops/second in (1.960355,122.579994) seconds
2026/05/26-11:24:21  ... thread 0: (1000,1175000) ops and (628.3,9533.8) ops/second in (1.591714,123.246158) seconds
2026/05/26-11:24:22  ... thread 2: (2000,1199000) ops and (975.0,9700.0) ops/second in (2.051348,123.608054) seconds
2026/05/26-11:24:22  ... thread 3: (2000,1203000) ops and (1372.7,9698.7) ops/second in (1.456939,124.036933) seconds
2026/05/26-11:24:22  ... thread 0: (1000,1176000) ops and (984.6,9463.9) ops/second in (1.015603,124.261761) seconds
2026/05/26-11:24:22  ... thread 1: (2000,1188000) ops and (838.9,9556.4) ops/second in (2.383975,124.314351) seconds
2026/05/26-11:24:23  ... thread 3: (2000,1205000) ops and (1550.2,9614.8) ops/second in (1.290119,125.327052) seconds
2026/05/26-11:24:23  ... thread 2: (1000,1200000) ops and (529.9,9562.1) ops/second in (1.887049,125.495103) seconds
2026/05/26-11:24:24  ... thread 1: (2000,1190000) ops and (932.0,9410.1) ops/second in (2.145881,126.460232) seconds
2026/05/26-11:24:24  ... thread 0: (1000,1177000) ops and (448.1,9304.8) ops/second in (2.231490,126.493251) seconds
2026/05/26-11:24:25  ... thread 3: (2000,1207000) ops and (1160.3,9500.1) ops/second in (1.723638,127.050690) seconds
2026/05/26-11:24:25  ... thread 2: (2000,1202000) ops and (1105.7,9442.0) ops/second in (1.808787,127.303890) seconds
2026/05/26-11:24:26  ... thread 1: (1000,1191000) ops and (782.3,9323.7) ops/second in (1.278311,127.738543) seconds
2026/05/26-11:24:26  ... thread 0: (2000,1179000) ops and (1365.5,9214.0) ops/second in (1.464707,127.957958) seconds
2026/05/26-11:24:26  ... thread 3: (1000,1208000) ops and (928.0,9428.0) ops/second in (1.077633,128.128323) seconds
2026/05/26-11:24:27  ... thread 2: (1000,1203000) ops and (641.8,9335.6) ops/second in (1.558071,128.861961) seconds
2026/05/26-11:24:27  ... thread 1: (1000,1192000) ops and (688.3,9226.6) ops/second in (1.452766,129.191309) seconds
2026/05/26-11:24:27  ... thread 3: (2000,1210000) ops and (1463.5,9344.0) ops/second in (1.366565,129.494888) seconds
2026/05/26-11:24:28  ... thread 0: (1000,1180000) ops and (577.0,9098.6) ops/second in (1.732993,129.690951) seconds
2026/05/26-11:24:28  ... thread 1: (1000,1193000) ops and (874.3,9153.3) ops/second in (1.143765,130.335074) seconds
2026/05/26-11:24:29  ... thread 2: (2000,1205000) ops and (891.2,9191.0) ops/second in (2.244080,131.106041) seconds
2026/05/26-11:24:29  ... thread 3: (2000,1212000) ops and (1229.6,9243.3) ops/second in (1.626539,131.121427) seconds
2026/05/26-11:24:29  ... thread 0: (2000,1182000) ops and (1400.6,9014.7) ops/second in (1.427934,131.118885) seconds
2026/05/26-11:24:29  ... thread 1: (9000,1202000) ops and (8958.3,9151.8) ops/second in (1.004654,131.339728) seconds
2026/05/26-11:24:30  ... thread 0: (29000,1211000) ops and (28642.9,9165.1) ops/second in (1.012468,132.131353) seconds
2026/05/26-11:24:30  ... thread 2: (32000,1237000) ops and (30666.0,9360.6) ops/second in (1.043500,132.149541) seconds
2026/05/26-11:24:30  ... thread 3: (34000,1246000) ops and (32872.3,9428.3) ops/second in (1.034305,132.155732) seconds
2026/05/26-11:24:30  ... thread 1: (33000,1235000) ops and (32652.7,9331.3) ops/second in (1.010636,132.350364) seconds
Initializing RocksDB Options from the specified file
Initializing RocksDB Options from command-line flags
Integrated BlobDB: blob cache disabled
Keys:       16 bytes each (+ 0 bytes user-defined timestamp)
Values:     1024 bytes each (512 bytes after compression)
Entries:    1250000
Prefix:    0 bytes
Keys per prefix:    0
RawSize:    1239.8 MB (estimated)
FileSize:   629.4 MB (estimated)
Write rate: 0 bytes/second
Read rate: 0 ops/second
Compression: Snappy
Compression sampling rate: 0
Memtablerep: SkipListFactory
Perf Level: 1
WARNING: Assertions are enabled; benchmarks unnecessarily slow
------------------------------------------------
Initializing RocksDB Options from the specified file
Initializing RocksDB Options from command-line flags
Integrated BlobDB: blob cache disabled
DB path: [/tmp/rocksdb_comp_exp_db]
fillrandom   :     106.015 micros/op 37660 ops/sec 132.763 seconds 5000000 operations;   37.4 MB/s
2026/05/26-11:24:34  ... thread 3: (1000,1000) ops and (287.7,287.7) ops/second in (3.476165,3.476165) seconds
2026/05/26-11:24:34  ... thread 0: (1000,1000) ops and (284.9,284.9) ops/second in (3.510177,3.510177) seconds
2026/05/26-11:24:34  ... thread 2: (1000,1000) ops and (284.2,284.2) ops/second in (3.518482,3.518482) seconds
2026/05/26-11:24:34  ... thread 1: (1000,1000) ops and (282.7,282.7) ops/second in (3.536741,3.536741) seconds
2026/05/26-11:24:37  ... thread 2: (1000,2000) ops and (356.1,316.1) ops/second in (2.808395,6.326877) seconds
2026/05/26-11:24:37  ... thread 1: (1000,2000) ops and (349.7,312.7) ops/second in (2.859428,6.396169) seconds
2026/05/26-11:24:37  ... thread 3: (1000,2000) ops and (333.5,308.9) ops/second in (2.998942,6.475107) seconds
2026/05/26-11:24:37  ... thread 0: (1000,2000) ops and (337.1,308.8) ops/second in (2.966290,6.476467) seconds
2026/05/26-11:24:41  ... thread 1: (1000,3000) ops and (257.0,291.6) ops/second in (3.891158,10.287327) seconds
2026/05/26-11:24:41  ... thread 2: (1000,3000) ops and (250.0,290.5) ops/second in (4.000284,10.327161) seconds
2026/05/26-11:24:41  ... thread 3: (1000,3000) ops and (257.5,289.6) ops/second in (3.884095,10.359202) seconds
2026/05/26-11:24:41  ... thread 0: (1000,3000) ops and (251.9,287.2) ops/second in (3.969343,10.445810) seconds
2026/05/26-11:24:44  ... thread 2: (1000,4000) ops and (358.6,305.0) ops/second in (2.788875,13.116036) seconds
2026/05/26-11:24:44  ... thread 1: (1000,4000) ops and (344.7,303.3) ops/second in (2.901464,13.188791) seconds
2026/05/26-11:24:45  ... thread 3: (1000,4000) ops and (264.4,282.9) ops/second in (3.781682,14.140884) seconds
2026/05/26-11:24:45  ... thread 0: (1000,4000) ops and (264.4,281.1) ops/second in (3.781746,14.227556) seconds
2026/05/26-11:24:47  ... thread 2: (1000,5000) ops and (291.6,302.2) ops/second in (3.429251,16.545287) seconds
2026/05/26-11:24:47  ... thread 1: (1000,5000) ops and (295.5,301.7) ops/second in (3.384321,16.573112) seconds
2026/05/26-11:24:47  ... thread 3: (1000,5000) ops and (406.9,301.2) ops/second in (2.457795,16.598679) seconds
2026/05/26-11:24:48  ... thread 0: (1000,5000) ops and (373.6,295.8) ops/second in (2.676678,16.904234) seconds
2026/05/26-11:24:50  ... thread 3: (1000,6000) ops and (412.8,315.4) ops/second in (2.422464,19.021143) seconds
2026/05/26-11:24:50  ... thread 2: (1000,6000) ops and (400.3,315.1) ops/second in (2.498367,19.043654) seconds
2026/05/26-11:24:50  ... thread 1: (1000,6000) ops and (387.3,313.2) ops/second in (2.582079,19.155191) seconds
2026/05/26-11:24:50  ... thread 0: (1000,6000) ops and (389.6,308.2) ops/second in (2.566521,19.470755) seconds
2026/05/26-11:24:52  ... thread 2: (1000,7000) ops and (475.5,331.0) ops/second in (2.103129,21.146783) seconds
2026/05/26-11:24:52  ... thread 3: (1000,7000) ops and (469.8,331.0) ops/second in (2.128558,21.149701) seconds
2026/05/26-11:24:52  ... thread 1: (1000,7000) ops and (501.3,331.0) ops/second in (1.994805,21.149996) seconds
2026/05/26-11:24:52  ... thread 0: (1000,7000) ops and (498.8,326.0) ops/second in (2.004750,21.475505) seconds
2026/05/26-11:24:53  ... thread 2: (1000,8000) ops and (863.4,358.7) ops/second in (1.158225,22.305008) seconds
2026/05/26-11:24:53  ... thread 1: (1000,8000) ops and (849.0,358.3) ops/second in (1.177814,22.327810) seconds
2026/05/26-11:24:54  ... thread 3: (1000,8000) ops and (554.1,348.5) ops/second in (1.804581,22.954282) seconds
2026/05/26-11:24:54  ... thread 0: (1000,8000) ops and (604.5,345.9) ops/second in (1.654201,23.129706) seconds
2026/05/26-11:24:55  ... thread 1: (1000,9000) ops and (546.8,372.6) ops/second in (1.828935,24.156745) seconds
2026/05/26-11:24:55  ... thread 3: (1000,9000) ops and (747.9,370.5) ops/second in (1.337040,24.291322) seconds
2026/05/26-11:24:55  ... thread 2: (1000,9000) ops and (497.4,370.1) ops/second in (2.010404,24.315412) seconds
2026/05/26-11:24:56  ... thread 0: (1000,9000) ops and (513.4,358.9) ops/second in (1.947928,25.077634) seconds
2026/05/26-11:24:56  ... thread 1: (1000,10000) ops and (650.2,389.2) ops/second in (1.537980,25.694725) seconds
2026/05/26-11:24:57  ... thread 3: (1000,10000) ops and (648.2,387.1) ops/second in (1.542849,25.834171) seconds
2026/05/26-11:24:57  ... thread 2: (1000,10000) ops and (651.7,386.8) ops/second in (1.534401,25.849813) seconds
2026/05/26-11:24:57  ... thread 0: (1000,10000) ops and (671.4,376.4) ops/second in (1.489426,26.567060) seconds
2026/05/26-11:24:58  ... thread 1: (1000,11000) ops and (886.1,410.1) ops/second in (1.128487,26.823212) seconds
2026/05/26-11:24:58  ... thread 3: (1000,11000) ops and (945.0,409.0) ops/second in (1.058236,26.892407) seconds
2026/05/26-11:24:58  ... thread 2: (1000,11000) ops and (958.8,409.0) ops/second in (1.043022,26.892835) seconds
2026/05/26-11:25:00  ... thread 0: (3000,13000) ops and (1259.4,449.1) ops/second in (2.382121,28.949181) seconds
2026/05/26-11:25:00  ... thread 1: (3000,14000) ops and (1307.0,480.8) ops/second in (2.295318,29.118530) seconds
2026/05/26-11:25:00  ... thread 3: (3000,14000) ops and (1341.7,480.6) ops/second in (2.235991,29.128398) seconds
2026/05/26-11:25:00  ... thread 2: (3000,14000) ops and (1320.3,480.0) ops/second in (2.272276,29.165111) seconds
2026/05/26-11:25:02  ... thread 3: (2000,16000) ops and (981.2,513.4) ops/second in (2.038268,31.166666) seconds
2026/05/26-11:25:02  ... thread 1: (2000,16000) ops and (964.3,512.9) ops/second in (2.073990,31.192520) seconds
2026/05/26-11:25:02  ... thread 2: (2000,16000) ops and (974.0,512.5) ops/second in (2.053311,31.218422) seconds
2026/05/26-11:25:02  ... thread 0: (3000,16000) ops and (1147.0,506.9) ops/second in (2.615460,31.564641) seconds
2026/05/26-11:25:04  ... thread 1: (2000,18000) ops and (1013.2,542.7) ops/second in (1.973924,33.166444) seconds
2026/05/26-11:25:04  ... thread 2: (2000,18000) ops and (967.0,540.8) ops/second in (2.068303,33.286725) seconds
2026/05/26-11:25:04  ... thread 3: (2000,18000) ops and (936.6,540.5) ops/second in (2.135342,33.302008) seconds
2026/05/26-11:25:04  ... thread 0: (2000,18000) ops and (997.0,536.2) ops/second in (2.006042,33.570683) seconds
2026/05/26-11:25:06  ... thread 1: (1000,19000) ops and (555.9,543.4) ops/second in (1.798809,34.965253) seconds
2026/05/26-11:25:06  ... thread 2: (1000,19000) ops and (560.9,541.8) ops/second in (1.782733,35.069458) seconds
2026/05/26-11:25:06  ... thread 3: (1000,19000) ops and (564.5,541.7) ops/second in (1.771354,35.073362) seconds
2026/05/26-11:25:06  ... thread 0: (1000,19000) ops and (618.8,540.0) ops/second in (1.616052,35.186735) seconds
2026/05/26-11:25:07  ... thread 1: (1000,20000) ops and (692.5,549.3) ops/second in (1.444013,36.409266) seconds
2026/05/26-11:25:07  ... thread 3: (1000,20000) ops and (686.8,547.5) ops/second in (1.456130,36.529492) seconds
2026/05/26-11:25:07  ... thread 0: (1000,20000) ops and (699.5,546.2) ops/second in (1.429657,36.616392) seconds
2026/05/26-11:25:07  ... thread 2: (1000,20000) ops and (637.3,545.9) ops/second in (1.569229,36.638687) seconds
2026/05/26-11:25:09  ... thread 1: (2000,22000) ops and (1030.0,573.6) ops/second in (1.941812,38.351078) seconds
2026/05/26-11:25:09  ... thread 0: (2000,22000) ops and (1121.6,572.9) ops/second in (1.783172,38.399564) seconds
2026/05/26-11:25:09  ... thread 3: (2000,22000) ops and (1064.8,572.8) ops/second in (1.878201,38.407693) seconds
2026/05/26-11:25:09  ... thread 2: (2000,22000) ops and (1085.2,571.7) ops/second in (1.842974,38.481661) seconds
2026/05/26-11:25:10  ... thread 1: (3000,25000) ops and (2960.8,635.1) ops/second in (1.013233,39.364311) seconds
2026/05/26-11:25:10  ... thread 3: (3000,25000) ops and (2897.7,633.8) ops/second in (1.035294,39.442987) seconds
2026/05/26-11:25:10  ... thread 2: (3000,25000) ops and (2935.5,632.9) ops/second in (1.021980,39.503641) seconds
2026/05/26-11:25:10  ... thread 0: (4000,26000) ops and (3019.5,654.5) ops/second in (1.324723,39.724287) seconds
2026/05/26-11:25:11  ... thread 1: (4000,29000) ops and (3525.9,716.1) ops/second in (1.134451,40.498762) seconds
2026/05/26-11:25:11  ... thread 3: (4000,29000) ops and (3597.3,715.1) ops/second in (1.111957,40.554944) seconds
2026/05/26-11:25:11  ... thread 2: (4000,29000) ops and (3551.5,713.8) ops/second in (1.126282,40.629923) seconds
2026/05/26-11:25:12  ... thread 0: (4000,30000) ops and (3736.1,735.4) ops/second in (1.070622,40.794909) seconds
2026/05/26-11:25:12  ... thread 3: (5000,34000) ops and (4625.9,816.6) ops/second in (1.080881,41.635825) seconds
2026/05/26-11:25:12  ... thread 1: (5000,34000) ops and (4381.3,816.5) ops/second in (1.141210,41.639972) seconds
2026/05/26-11:25:12  ... thread 2: (5000,34000) ops and (4707.5,815.5) ops/second in (1.062136,41.692059) seconds
2026/05/26-11:25:13  ... thread 0: (5000,35000) ops and (4858.1,836.8) ops/second in (1.029210,41.824119) seconds
2026/05/26-11:25:13  ... thread 3: (6000,40000) ops and (5581.8,936.5) ops/second in (1.074922,42.710747) seconds
2026/05/26-11:25:14  ... thread 1: (6000,40000) ops and (5378.6,935.6) ops/second in (1.115526,42.755498) seconds
2026/05/26-11:25:14  ... thread 2: (6000,40000) ops and (5367.0,934.4) ops/second in (1.117934,42.809993) seconds
2026/05/26-11:25:14  ... thread 0: (6000,41000) ops and (5341.0,954.7) ops/second in (1.123387,42.947506) seconds
2026/05/26-11:25:15  ... thread 3: (7000,47000) ops and (6401.8,1073.0) ops/second in (1.093436,43.804183) seconds
2026/05/26-11:25:15  ... thread 1: (7000,47000) ops and (6570.7,1072.5) ops/second in (1.065341,43.820839) seconds
2026/05/26-11:25:15  ... thread 2: (7000,47000) ops and (6592.0,1071.3) ops/second in (1.061887,43.871880) seconds
2026/05/26-11:25:15  ... thread 0: (8000,49000) ops and (7470.7,1113.2) ops/second in (1.070848,44.018354) seconds
2026/05/26-11:25:16  ... thread 3: (8000,55000) ops and (7755.4,1226.7) ops/second in (1.031534,44.835717) seconds
2026/05/26-11:25:16  ... thread 1: (8000,55000) ops and (7632.9,1225.8) ops/second in (1.048091,44.868930) seconds
2026/05/26-11:25:16  ... thread 2: (9000,56000) ops and (8218.4,1245.4) ops/second in (1.095103,44.966983) seconds
2026/05/26-11:25:16  ... thread 0: (9000,58000) ops and (8286.0,1285.9) ops/second in (1.086171,45.104525) seconds
2026/05/26-11:25:17  ... thread 3: (11000,66000) ops and (10148.1,1437.3) ops/second in (1.083944,45.919661) seconds
2026/05/26-11:25:17  ... thread 1: (11000,66000) ops and (10371.1,1437.0) ops/second in (1.060636,45.929566) seconds
2026/05/26-11:25:17  ... thread 2: (11000,67000) ops and (10161.9,1455.0) ops/second in (1.082478,46.049461) seconds
2026/05/26-11:25:17  ... thread 0: (11000,69000) ops and (10802.1,1496.0) ops/second in (1.018323,46.122848) seconds
2026/05/26-11:25:18  ... thread 1: (13000,79000) ops and (12931.8,1683.2) ops/second in (1.005275,46.934841) seconds
2026/05/26-11:25:18  ... thread 3: (13000,79000) ops and (12732.4,1683.0) ops/second in (1.021016,46.940677) seconds
2026/05/26-11:25:18  ... thread 2: (14000,81000) ops and (13341.1,1719.8) ops/second in (1.049388,47.098849) seconds
2026/05/26-11:25:18  ... thread 0: (15000,84000) ops and (14197.2,1780.4) ops/second in (1.056547,47.179395) seconds
2026/05/26-11:25:19  ... thread 1: (18000,97000) ops and (17383.0,2022.1) ops/second in (1.035497,47.970338) seconds
2026/05/26-11:25:19  ... thread 3: (18000,97000) ops and (17400.3,2021.9) ops/second in (1.034465,47.975142) seconds
DB path: [/tmp/rocksdb_comp_exp_db]
readrandom   :     481.034 micros/op 8311 ops/sec 48.126 seconds 400000 operations;    8.1 MB/s (98132 of 100000 found)

STATISTICS:
rocksdb.block.cache.miss COUNT : 3747591
rocksdb.block.cache.hit COUNT : 67694
rocksdb.block.cache.add COUNT : 878068
rocksdb.block.cache.add.failures COUNT : 0
rocksdb.block.cache.index.miss COUNT : 0
rocksdb.block.cache.index.hit COUNT : 0
rocksdb.block.cache.index.add COUNT : 0
rocksdb.block.cache.index.bytes.insert COUNT : 0
rocksdb.block.cache.filter.miss COUNT : 0
rocksdb.block.cache.filter.hit COUNT : 0
rocksdb.block.cache.filter.add COUNT : 0
rocksdb.block.cache.filter.bytes.insert COUNT : 0
rocksdb.block.cache.data.miss COUNT : 3747591
rocksdb.block.cache.data.hit COUNT : 67694
rocksdb.block.cache.data.add COUNT : 878068
rocksdb.block.cache.data.bytes.insert COUNT : 3779175744
rocksdb.block.cache.bytes.read COUNT : 291348736
rocksdb.block.cache.bytes.write COUNT : 3779175744
rocksdb.block.cache.compression.dict.miss COUNT : 0
rocksdb.block.cache.compression.dict.hit COUNT : 0
rocksdb.block.cache.compression.dict.add COUNT : 0
rocksdb.block.cache.compression.dict.bytes.insert COUNT : 0
rocksdb.block.cache.add.redundant COUNT : 10
rocksdb.block.cache.index.add.redundant COUNT : 0
rocksdb.block.cache.filter.add.redundant COUNT : 0
rocksdb.block.cache.data.add.redundant COUNT : 10
rocksdb.block.cache.compression.dict.add.redundant COUNT : 0
rocksdb.secondary.cache.hits COUNT : 0
rocksdb.secondary.cache.filter.hits COUNT : 0
rocksdb.secondary.cache.index.hits COUNT : 0
rocksdb.secondary.cache.data.hits COUNT : 0
rocksdb.compressed.secondary.cache.dummy.hits COUNT : 0
rocksdb.compressed.secondary.cache.hits COUNT : 0
rocksdb.compressed.secondary.cache.promotions COUNT : 0
rocksdb.compressed.secondary.cache.promotion.skips COUNT : 0
rocksdb.bloom.filter.useful COUNT : 0
rocksdb.bloom.filter.full.positive COUNT : 0
rocksdb.bloom.filter.full.true.positive COUNT : 0
rocksdb.bloom.filter.prefix.checked COUNT : 0
rocksdb.bloom.filter.prefix.useful COUNT : 0
rocksdb.bloom.filter.prefix.true.positive COUNT : 0
rocksdb.persistent.cache.hit COUNT : 0
rocksdb.persistent.cache.miss COUNT : 0
rocksdb.sim.block.cache.hit COUNT : 0
rocksdb.sim.block.cache.miss COUNT : 0
rocksdb.memtable.hit COUNT : 6814
rocksdb.memtable.miss COUNT : 393186
rocksdb.l0.hit COUNT : 17594
rocksdb.l1.hit COUNT : 91542
rocksdb.l2andup.hit COUNT : 276597
rocksdb.compaction.key.drop.new COUNT : 3378335
rocksdb.compaction.key.drop.obsolete COUNT : 0
rocksdb.compaction.key.drop.range_del COUNT : 0
rocksdb.compaction.key.drop.user COUNT : 0
rocksdb.compaction.range_del.drop.obsolete COUNT : 0
rocksdb.compaction.optimized.del.drop.obsolete COUNT : 0
rocksdb.compaction.cancelled COUNT : 0
rocksdb.compaction.aborted COUNT : 0
rocksdb.number.keys.written COUNT : 5000000
rocksdb.number.keys.read COUNT : 400000
rocksdb.number.keys.updated COUNT : 0
rocksdb.bytes.written COUNT : 5279233140
rocksdb.bytes.read COUNT : 401968128
rocksdb.number.db.seek COUNT : 0
rocksdb.number.db.next COUNT : 0
rocksdb.number.db.prev COUNT : 0
rocksdb.number.db.seek.found COUNT : 0
rocksdb.number.db.next.found COUNT : 0
rocksdb.number.db.prev.found COUNT : 0
rocksdb.db.iter.bytes.read COUNT : 0
rocksdb.number.iter.skip COUNT : 0
rocksdb.number.reseeks.iteration COUNT : 0
rocksdb.num.iterator.created COUNT : 0
rocksdb.num.iterator.deleted COUNT : 0
rocksdb.no.file.opens COUNT : 156
rocksdb.no.file.errors COUNT : 0
rocksdb.stall.micros COUNT : 96210234
rocksdb.db.mutex.wait.micros COUNT : 0
rocksdb.number.multiget.get COUNT : 0
rocksdb.number.multiget.keys.read COUNT : 0
rocksdb.number.multiget.bytes.read COUNT : 0
rocksdb.number.multiget.keys.found COUNT : 0
rocksdb.number.merge.failures COUNT : 0
rocksdb.getupdatessince.calls COUNT : 0
rocksdb.wal.synced COUNT : 0
rocksdb.wal.bytes COUNT : 5279233140
rocksdb.write.self COUNT : 4936095
rocksdb.write.other COUNT : 63905
rocksdb.write.wal COUNT : 5000000
rocksdb.compact.read.bytes COUNT : 7000281570
rocksdb.compact.write.bytes COUNT : 4972764713
rocksdb.flush.write.bytes COUNT : 2971850719
rocksdb.compact.read.marked.bytes COUNT : 0
rocksdb.compact.read.periodic.bytes COUNT : 0
rocksdb.compact.read.ttl.bytes COUNT : 0
rocksdb.compact.write.marked.bytes COUNT : 0
rocksdb.compact.write.periodic.bytes COUNT : 0
rocksdb.compact.write.ttl.bytes COUNT : 0
rocksdb.number.direct.load.table.properties COUNT : 0
rocksdb.number.superversion_acquires COUNT : 40
rocksdb.number.superversion_releases COUNT : 36
rocksdb.number.superversion_cleanups COUNT : 9
rocksdb.number.block.compressed COUNT : 3252939
rocksdb.number.block.decompressed COUNT : 3747747
rocksdb.bytes.compressed.from COUNT : 13710217093
rocksdb.bytes.compressed.to COUNT : 7928143398
rocksdb.bytes.compression_bypassed COUNT : 0
rocksdb.bytes.compression.rejected COUNT : 0
rocksdb.number.block_compression_bypassed COUNT : 0
rocksdb.number.block_compression_rejected COUNT : 0
rocksdb.bytes.decompressed.from COUNT : 9130984499
rocksdb.bytes.decompressed.to COUNT : 15786067196
rocksdb.merge.operation.time.nanos COUNT : 0
rocksdb.filter.operation.time.nanos COUNT : 0
rocksdb.compaction.total.time.cpu_micros COUNT : 42199495
rocksdb.row.cache.hit COUNT : 0
rocksdb.row.cache.miss COUNT : 0
rocksdb.read.amp.estimate.useful.bytes COUNT : 0
rocksdb.read.amp.total.read.bytes COUNT : 0
rocksdb.number.rate_limiter.drains COUNT : 0
rocksdb.blobdb.num.put COUNT : 0
rocksdb.blobdb.num.write COUNT : 0
rocksdb.blobdb.num.get COUNT : 0
rocksdb.blobdb.num.multiget COUNT : 0
rocksdb.blobdb.num.seek COUNT : 0
rocksdb.blobdb.num.next COUNT : 0
rocksdb.blobdb.num.prev COUNT : 0
rocksdb.blobdb.num.keys.written COUNT : 0
rocksdb.blobdb.num.keys.read COUNT : 0
rocksdb.blobdb.bytes.written COUNT : 0
rocksdb.blobdb.bytes.read COUNT : 0
rocksdb.blobdb.write.inlined COUNT : 0
rocksdb.blobdb.write.inlined.ttl COUNT : 0
rocksdb.blobdb.write.blob COUNT : 0
rocksdb.blobdb.write.blob.ttl COUNT : 0
rocksdb.blobdb.blob.file.bytes.written COUNT : 0
rocksdb.blobdb.blob.file.bytes.read COUNT : 0
rocksdb.blobdb.blob.file.synced COUNT : 0
rocksdb.blobdb.blob.index.expired.count COUNT : 0
rocksdb.blobdb.blob.index.expired.size COUNT : 0
rocksdb.blobdb.blob.index.evicted.count COUNT : 0
rocksdb.blobdb.blob.index.evicted.size COUNT : 0
rocksdb.blobdb.gc.num.files COUNT : 0
rocksdb.blobdb.gc.num.new.files COUNT : 0
rocksdb.blobdb.gc.failures COUNT : 0
rocksdb.blobdb.gc.num.keys.relocated COUNT : 0
rocksdb.blobdb.gc.bytes.relocated COUNT : 0
rocksdb.blobdb.fifo.num.files.evicted COUNT : 0
rocksdb.blobdb.fifo.num.keys.evicted COUNT : 0
rocksdb.blobdb.fifo.bytes.evicted COUNT : 0
rocksdb.blobdb.cache.miss COUNT : 0
rocksdb.blobdb.cache.hit COUNT : 0
rocksdb.blobdb.cache.add COUNT : 0
rocksdb.blobdb.cache.add.failures COUNT : 0
rocksdb.blobdb.cache.bytes.read COUNT : 0
rocksdb.blobdb.cache.bytes.write COUNT : 0
rocksdb.txn.overhead.mutex.prepare COUNT : 0
rocksdb.txn.overhead.mutex.old.commit.map COUNT : 0
rocksdb.txn.overhead.duplicate.key COUNT : 0
rocksdb.txn.overhead.mutex.snapshot COUNT : 0
rocksdb.txn.get.tryagain COUNT : 0
rocksdb.files.marked.trash COUNT : 0
rocksdb.files.marked.trash.deleted COUNT : 0
rocksdb.files.deleted.immediately COUNT : 215
rocksdb.error.handler.bg.error.count COUNT : 0
rocksdb.error.handler.bg.io.error.count COUNT : 0
rocksdb.error.handler.bg.retryable.io.error.count COUNT : 0
rocksdb.error.handler.autoresume.count COUNT : 0
rocksdb.error.handler.autoresume.retry.total.count COUNT : 0
rocksdb.error.handler.autoresume.success.count COUNT : 0
rocksdb.memtable.payload.bytes.at.flush COUNT : 5217274120
rocksdb.memtable.garbage.bytes.at.flush COUNT : 127537408
rocksdb.verify_checksum.read.bytes COUNT : 0
rocksdb.backup.read.bytes COUNT : 0
rocksdb.backup.write.bytes COUNT : 0
rocksdb.remote.compact.read.bytes COUNT : 0
rocksdb.remote.compact.write.bytes COUNT : 0
rocksdb.remote.compact.resumed.bytes COUNT : 0
rocksdb.hot.file.read.bytes COUNT : 0
rocksdb.warm.file.read.bytes COUNT : 0
rocksdb.cool.file.read.bytes COUNT : 0
rocksdb.cold.file.read.bytes COUNT : 0
rocksdb.ice.file.read.bytes COUNT : 0
rocksdb.hot.file.read.count COUNT : 0
rocksdb.warm.file.read.count COUNT : 0
rocksdb.cool.file.read.count COUNT : 0
rocksdb.cold.file.read.count COUNT : 0
rocksdb.ice.file.read.count COUNT : 0
rocksdb.last.level.read.bytes COUNT : 0
rocksdb.last.level.read.count COUNT : 0
rocksdb.non.last.level.read.bytes COUNT : 9149919166
rocksdb.non.last.level.read.count COUNT : 3748215
rocksdb.last.level.seek.filtered COUNT : 0
rocksdb.last.level.seek.filter.match COUNT : 0
rocksdb.last.level.seek.data COUNT : 0
rocksdb.last.level.seek.data.useful.no.filter COUNT : 0
rocksdb.last.level.seek.data.useful.filter.match COUNT : 0
rocksdb.non.last.level.seek.filtered COUNT : 0
rocksdb.non.last.level.seek.filter.match COUNT : 0
rocksdb.non.last.level.seek.data COUNT : 0
rocksdb.non.last.level.seek.data.useful.no.filter COUNT : 0
rocksdb.non.last.level.seek.data.useful.filter.match COUNT : 0
rocksdb.block.checksum.compute.count COUNT : 3747903
rocksdb.block.checksum.mismatch.count COUNT : 0
rocksdb.multiget.coroutine.count COUNT : 0
rocksdb.read.async.micros COUNT : 0
rocksdb.async.read.error.count COUNT : 0
rocksdb.table.open.prefetch.tail.miss COUNT : 0
rocksdb.table.open.prefetch.tail.hit COUNT : 0
rocksdb.timestamp.filter.table.checked COUNT : 0
rocksdb.timestamp.filter.table.filtered COUNT : 0
rocksdb.readahead.trimmed COUNT : 0
rocksdb.fifo.max.size.compactions COUNT : 0
rocksdb.fifo.ttl.compactions COUNT : 0
rocksdb.fifo.change_temperature.compactions COUNT : 0
rocksdb.prefetch.bytes COUNT : 0
rocksdb.prefetch.bytes.useful COUNT : 0
rocksdb.prefetch.hits COUNT : 0
rocksdb.footer.corruption.count COUNT : 0
rocksdb.file.read.corruption.retry.count COUNT : 0
rocksdb.file.read.corruption.retry.success.count COUNT : 0
rocksdb.number.wbwi.ingest COUNT : 0
rocksdb.sst.user.defined.index.load.fail.count COUNT : 0
rocksdb.multiscan.prepare.calls COUNT : 0
rocksdb.multiscan.prepare.errors COUNT : 0
rocksdb.multiscan.blocks.prefetched COUNT : 0
rocksdb.multiscan.blocks.from.cache COUNT : 0
rocksdb.multiscan.prefetch.bytes COUNT : 0
rocksdb.multiscan.prefetch.blocks.wasted COUNT : 0
rocksdb.multiscan.io.requests COUNT : 0
rocksdb.multiscan.io.coalesced.nonadjacent COUNT : 0
rocksdb.multiscan.seek.errors COUNT : 0
rocksdb.prefetch.memory.bytes.granted COUNT : 0
rocksdb.prefetch.memory.bytes.released COUNT : 0
rocksdb.prefetch.memory.requests.blocked COUNT : 0
rocksdb.read.path.range.tombstones.inserted COUNT : 0
rocksdb.read.path.range.tombstones.discarded COUNT : 0
rocksdb.file.open.metadata.retrieved COUNT : 0
rocksdb.file.open.metadata.passed COUNT : 0
rocksdb.manifest.validation.failure.count COUNT : 0
rocksdb.db.get.micros P50 : 18.512428 P95 : 1698.422160 P99 : 6631.279621 P100 : 1170990.000000 COUNT : 400000 SUM : 192166073
rocksdb.db.write.micros P50 : 5.670628 P95 : 24.463953 P99 : 2034.753403 P100 : 1190696.000000 COUNT : 5000000 SUM : 525959358
rocksdb.compaction.times.micros P50 : 6500000.000000 P95 : 28085301.000000 P99 : 28085301.000000 P100 : 28085301.000000 COUNT : 16 SUM : 167212035
rocksdb.compaction.times.cpu_micros P50 : 2233333.333333 P95 : 6559179.000000 P99 : 6559179.000000 P100 : 6559179.000000 COUNT : 16 SUM : 42199495
rocksdb.subcompaction.setup.times.micros P50 : 0.000000 P95 : 0.000000 P99 : 0.000000 P100 : 0.000000 COUNT : 0 SUM : 0
rocksdb.table.sync.micros P50 : 336666.666667 P95 : 928525.000000 P99 : 928525.000000 P100 : 928525.000000 COUNT : 80 SUM : 36709529
rocksdb.compaction.outfile.sync.micros P50 : 708095.238095 P95 : 1119250.000000 P99 : 1183850.000000 P100 : 1198381.000000 COUNT : 76 SUM : 48232907
rocksdb.wal.file.sync.micros P50 : 0.000000 P95 : 0.000000 P99 : 0.000000 P100 : 0.000000 COUNT : 0 SUM : 0
rocksdb.manifest.file.sync.micros P50 : 5530.555556 P95 : 19200.000000 P99 : 32890.000000 P100 : 483919.000000 COUNT : 102 SUM : 1123216
rocksdb.table.open.io.micros P50 : 732.909091 P95 : 5206.666667 P99 : 8613.000000 P100 : 9522.000000 COUNT : 156 SUM : 183401
rocksdb.db.multiget.micros P50 : 0.000000 P95 : 0.000000 P99 : 0.000000 P100 : 0.000000 COUNT : 0 SUM : 0
rocksdb.read.block.compaction.micros P50 : 3.387442 P95 : 8.457723 P99 : 1049.247534 P100 : 518271.000000 COUNT : 2869523 SUM : 87246018
rocksdb.read.block.get.micros P50 : 5.821880 P95 : 1151.185648 P99 : 1851.709079 P100 : 1080461.000000 COUNT : 878224 SUM : 187540239
rocksdb.write.raw.block.micros P50 : 0.531675 P95 : 1.220882 P99 : 2.672562 P100 : 7049.000000 COUNT : 3253251 SUM : 8823788
rocksdb.numfiles.in.singlecompaction P50 : 4.000000 P95 : 19.900000 P99 : 21.580000 P100 : 22.000000 COUNT : 18 SUM : 145
rocksdb.db.seek.micros P50 : 0.000000 P95 : 0.000000 P99 : 0.000000 P100 : 0.000000 COUNT : 0 SUM : 0
rocksdb.db.write.stall P50 : 1225.710752 P95 : 2775.488245 P99 : 2881.255040 P100 : 1188145.000000 COUNT : 50501 SUM : 96210234
rocksdb.sst.read.micros P50 : 0.891025 P95 : 5.294889 P99 : 1498.936689 P100 : 1080450.000000 COUNT : 3748215 SUM : 261074916
rocksdb.file.read.flush.micros P50 : 4.222222 P95 : 63.962963 P99 : 75.814815 P100 : 82.000000 COUNT : 320 SUM : 5363
rocksdb.file.read.compaction.micros P50 : 0.748945 P95 : 4.577435 P99 : 1030.236955 P100 : 518168.000000 COUNT : 2869827 SUM : 78598530
rocksdb.file.read.db.open.micros P50 : 0.000000 P95 : 0.000000 P99 : 0.000000 P100 : 0.000000 COUNT : 0 SUM : 0
rocksdb.file.read.get.micros P50 : 0.000000 P95 : 0.000000 P99 : 0.000000 P100 : 0.000000 COUNT : 0 SUM : 0
rocksdb.file.read.multiget.micros P50 : 0.000000 P95 : 0.000000 P99 : 0.000000 P100 : 0.000000 COUNT : 0 SUM : 0
rocksdb.file.read.db.iterator.micros P50 : 0.000000 P95 : 0.000000 P99 : 0.000000 P100 : 0.000000 COUNT : 0 SUM : 0
rocksdb.file.read.verify.db.checksum.micros P50 : 0.000000 P95 : 0.000000 P99 : 0.000000 P100 : 0.000000 COUNT : 0 SUM : 0
rocksdb.file.read.verify.file.checksums.micros P50 : 0.000000 P95 : 0.000000 P99 : 0.000000 P100 : 0.000000 COUNT : 0 SUM : 0
rocksdb.sst.write.micros P50 : 0.502324 P95 : 0.954416 P99 : 0.994602 P100 : 7046.000000 COUNT : 6506658 SUM : 7075234
rocksdb.file.write.flush.micros P50 : 0.501943 P95 : 0.953692 P99 : 0.993847 P100 : 7046.000000 COUNT : 2428946 SUM : 2881847
rocksdb.file.write.compaction.micros P50 : 0.502528 P95 : 0.954802 P99 : 0.995005 P100 : 6621.000000 COUNT : 4077712 SUM : 4193387
rocksdb.file.write.db.open.micros P50 : 0.000000 P95 : 0.000000 P99 : 0.000000 P100 : 0.000000 COUNT : 0 SUM : 0
rocksdb.num.subcompactions.scheduled P50 : 0.000000 P95 : 0.000000 P99 : 0.000000 P100 : 0.000000 COUNT : 0 SUM : 0
rocksdb.bytes.per.read P50 : 1024.000000 P95 : 1024.000000 P99 : 1024.000000 P100 : 1024.000000 COUNT : 400000 SUM : 401968128
rocksdb.bytes.per.write P50 : 1086.544384 P95 : 1281.434331 P99 : 1298.757881 P100 : 4188.000000 COUNT : 4936095 SUM : 5279233140
rocksdb.bytes.per.multiget P50 : 0.000000 P95 : 0.000000 P99 : 0.000000 P100 : 0.000000 COUNT : 0 SUM : 0
rocksdb.compression.times.nanos P50 : 0.000000 P95 : 0.000000 P99 : 0.000000 P100 : 0.000000 COUNT : 0 SUM : 0
rocksdb.decompression.times.nanos P50 : 0.000000 P95 : 0.000000 P99 : 0.000000 P100 : 0.000000 COUNT : 0 SUM : 0
rocksdb.read.num.merge_operands P50 : 0.000000 P95 : 0.000000 P99 : 0.000000 P100 : 0.000000 COUNT : 0 SUM : 0
rocksdb.blobdb.key.size P50 : 0.000000 P95 : 0.000000 P99 : 0.000000 P100 : 0.000000 COUNT : 0 SUM : 0
rocksdb.blobdb.value.size P50 : 0.000000 P95 : 0.000000 P99 : 0.000000 P100 : 0.000000 COUNT : 0 SUM : 0
rocksdb.blobdb.write.micros P50 : 0.000000 P95 : 0.000000 P99 : 0.000000 P100 : 0.000000 COUNT : 0 SUM : 0
rocksdb.blobdb.get.micros P50 : 0.000000 P95 : 0.000000 P99 : 0.000000 P100 : 0.000000 COUNT : 0 SUM : 0
rocksdb.blobdb.multiget.micros P50 : 0.000000 P95 : 0.000000 P99 : 0.000000 P100 : 0.000000 COUNT : 0 SUM : 0
rocksdb.blobdb.seek.micros P50 : 0.000000 P95 : 0.000000 P99 : 0.000000 P100 : 0.000000 COUNT : 0 SUM : 0
rocksdb.blobdb.next.micros P50 : 0.000000 P95 : 0.000000 P99 : 0.000000 P100 : 0.000000 COUNT : 0 SUM : 0
rocksdb.blobdb.prev.micros P50 : 0.000000 P95 : 0.000000 P99 : 0.000000 P100 : 0.000000 COUNT : 0 SUM : 0
rocksdb.blobdb.blob.file.write.micros P50 : 0.000000 P95 : 0.000000 P99 : 0.000000 P100 : 0.000000 COUNT : 0 SUM : 0
rocksdb.blobdb.blob.file.read.micros P50 : 0.000000 P95 : 0.000000 P99 : 0.000000 P100 : 0.000000 COUNT : 0 SUM : 0
rocksdb.blobdb.blob.file.sync.micros P50 : 0.000000 P95 : 0.000000 P99 : 0.000000 P100 : 0.000000 COUNT : 0 SUM : 0
rocksdb.blobdb.compression.micros P50 : 0.000000 P95 : 0.000000 P99 : 0.000000 P100 : 0.000000 COUNT : 0 SUM : 0
rocksdb.blobdb.decompression.micros P50 : 0.000000 P95 : 0.000000 P99 : 0.000000 P100 : 0.000000 COUNT : 0 SUM : 0
rocksdb.db.flush.micros P50 : 541702.127660 P95 : 1140000.000000 P99 : 1270246.000000 P100 : 1270246.000000 COUNT : 80 SUM : 52664695
rocksdb.sst.batch.size P50 : 0.000000 P95 : 0.000000 P99 : 0.000000 P100 : 0.000000 COUNT : 0 SUM : 0
rocksdb.multiget.io.batch.size P50 : 0.000000 P95 : 0.000000 P99 : 0.000000 P100 : 0.000000 COUNT : 0 SUM : 0
rocksdb.num.index.and.filter.blocks.read.per.level P50 : 0.000000 P95 : 0.000000 P99 : 0.000000 P100 : 0.000000 COUNT : 0 SUM : 0
rocksdb.num.sst.read.per.level P50 : 0.000000 P95 : 0.000000 P99 : 0.000000 P100 : 0.000000 COUNT : 0 SUM : 0
rocksdb.num.level.read.per.multiget P50 : 0.000000 P95 : 0.000000 P99 : 0.000000 P100 : 0.000000 COUNT : 0 SUM : 0
rocksdb.error.handler.autoresume.retry.count P50 : 0.000000 P95 : 0.000000 P99 : 0.000000 P100 : 0.000000 COUNT : 0 SUM : 0
rocksdb.async.read.bytes P50 : 0.000000 P95 : 0.000000 P99 : 0.000000 P100 : 0.000000 COUNT : 0 SUM : 0
rocksdb.poll.wait.micros P50 : 0.000000 P95 : 0.000000 P99 : 0.000000 P100 : 0.000000 COUNT : 0 SUM : 0
rocksdb.compaction.prefetch.bytes P50 : 0.000000 P95 : 0.000000 P99 : 0.000000 P100 : 0.000000 COUNT : 0 SUM : 0
rocksdb.prefetched.bytes.discarded P50 : 0.000000 P95 : 0.000000 P99 : 0.000000 P100 : 0.000000 COUNT : 0 SUM : 0
rocksdb.async.prefetch.abort.micros P50 : 0.000000 P95 : 0.000000 P99 : 0.000000 P100 : 0.000000 COUNT : 0 SUM : 0
rocksdb.table.open.prefetch.tail.read.bytes P50 : 0.000000 P95 : 0.000000 P99 : 0.000000 P100 : 0.000000 COUNT : 0 SUM : 0
rocksdb.num.op.per.transaction P50 : 0.000000 P95 : 0.000000 P99 : 0.000000 P100 : 0.000000 COUNT : 0 SUM : 0
rocksdb.multiscan.op.prepare.iterators.micros P50 : 0.000000 P95 : 0.000000 P99 : 0.000000 P100 : 0.000000 COUNT : 0 SUM : 0
rocksdb.multiscan.prepare.micros P50 : 0.000000 P95 : 0.000000 P99 : 0.000000 P100 : 0.000000 COUNT : 0 SUM : 0
rocksdb.multiscan.blocks.per.prepare P50 : 0.000000 P95 : 0.000000 P99 : 0.000000 P100 : 0.000000 COUNT : 0 SUM : 0
rocksdb.block.key.distribution.cv P50 : 0.000000 P95 : 0.000000 P99 : 0.000000 P100 : 0.000000 COUNT : 0 SUM : 0

[EXPERIMENT_COMPLETED]
