RocksDB:    version 11.3.0
Date:       Tue May 26 10:26:51 2026
CPU:        2 * Intel Xeon Processor (SapphireRapids)
CPUCache:   16384 KB
2026/05/26-10:26:52  ... thread 2: (30000,30000) ops and (29820.0,29820.0) ops/second in (1.006037,1.006037) seconds
2026/05/26-10:26:52  ... thread 3: (31000,31000) ops and (30694.7,30694.7) ops/second in (1.009945,1.009945) seconds
2026/05/26-10:26:52  ... thread 0: (29000,29000) ops and (28401.0,28401.0) ops/second in (1.021092,1.021092) seconds
2026/05/26-10:26:52  ... thread 1: (33000,33000) ops and (31729.3,31729.3) ops/second in (1.040047,1.040047) seconds
2026/05/26-10:26:53  ... thread 2: (26000,56000) ops and (25790.6,27803.2) ops/second in (1.008120,2.014157) seconds
2026/05/26-10:26:53  ... thread 0: (26000,55000) ops and (25656.0,27033.7) ops/second in (1.013407,2.034499) seconds
2026/05/26-10:26:53  ... thread 3: (30000,61000) ops and (29187.2,29934.3) ops/second in (1.027849,2.037794) seconds
2026/05/26-10:26:53  ... thread 1: (27000,60000) ops and (26531.7,29158.8) ops/second in (1.017651,2.057698) seconds
2026/05/26-10:26:54  ... thread 2: (26000,82000) ops and (25990.9,27201.8) ops/second in (1.000352,3.014509) seconds
2026/05/26-10:26:54  ... thread 1: (30000,90000) ops and (29981.5,29428.0) ops/second in (1.000616,3.058314) seconds
2026/05/26-10:26:54  ... thread 3: (26000,87000) ops and (25294.9,28378.8) ops/second in (1.027875,3.065669) seconds
2026/05/26-10:26:54  ... thread 0: (26000,81000) ops and (24533.4,26177.4) ops/second in (1.059779,3.094278) seconds
2026/05/26-10:26:55  ... thread 1: (26000,116000) ops and (19535.8,26428.5) ops/second in (1.330892,4.389206) seconds
2026/05/26-10:26:55  ... thread 3: (26000,113000) ops and (19235.7,25581.1) ops/second in (1.351655,4.417324) seconds
2026/05/26-10:26:55  ... thread 2: (25000,107000) ops and (17817.7,24221.2) ops/second in (1.403103,4.417612) seconds
2026/05/26-10:26:55  ... thread 0: (21000,102000) ops and (15834.5,23074.3) ops/second in (1.326219,4.420497) seconds
2026/05/26-10:26:57  ... thread 1: (25000,141000) ops and (20762.6,25208.8) ops/second in (1.204086,5.593292) seconds
2026/05/26-10:26:57  ... thread 0: (12000,114000) ops and (10174.3,20357.3) ops/second in (1.179448,5.599945) seconds
2026/05/26-10:26:57  ... thread 2: (12000,119000) ops and (10072.7,21216.1) ops/second in (1.191342,5.608954) seconds
2026/05/26-10:26:57  ... thread 3: (13000,126000) ops and (10842.6,22434.7) ops/second in (1.198972,5.616296) seconds
2026/05/26-10:26:58  ... thread 3: (30000,156000) ops and (29129.2,23472.1) ops/second in (1.029894,6.646190) seconds
2026/05/26-10:26:58  ... thread 2: (28000,147000) ops and (26972.9,22115.1) ops/second in (1.038078,6.647032) seconds
2026/05/26-10:26:58  ... thread 0: (30000,144000) ops and (28611.5,21659.1) ops/second in (1.048528,6.648473) seconds
2026/05/26-10:26:58  ... thread 1: (37000,178000) ops and (34029.6,26644.4) ops/second in (1.087288,6.680580) seconds
2026/05/26-10:26:59  ... thread 3: (18000,174000) ops and (17683.9,22703.4) ops/second in (1.017874,7.664064) seconds
2026/05/26-10:26:59  ... thread 0: (16000,160000) ops and (15582.8,20846.2) ops/second in (1.026771,7.675244) seconds
2026/05/26-10:26:59  ... thread 1: (18000,196000) ops and (17778.3,25477.5) ops/second in (1.012468,7.693048) seconds
2026/05/26-10:26:59  ... thread 2: (17000,164000) ops and (16205.9,21309.7) ops/second in (1.049003,7.696035) seconds
2026/05/26-10:27:00  ... thread 0: (30000,190000) ops and (18739.2,20482.6) ops/second in (1.600926,9.276170) seconds
2026/05/26-10:27:00  ... thread 3: (40000,214000) ops and (24731.1,23056.7) ops/second in (1.617397,9.281461) seconds
2026/05/26-10:27:00  ... thread 2: (20000,184000) ops and (12586.3,19816.8) ops/second in (1.589025,9.285060) seconds
2026/05/26-10:27:00  ... thread 1: (27000,223000) ops and (16913.6,24005.9) ops/second in (1.596349,9.289397) seconds
2026/05/26-10:27:01  ... thread 0: (16000,206000) ops and (13244.7,19648.6) ops/second in (1.208026,10.484196) seconds
2026/05/26-10:27:01  ... thread 2: (13000,197000) ops and (10676.7,18757.2) ops/second in (1.217600,10.502660) seconds
2026/05/26-10:27:01  ... thread 3: (17000,231000) ops and (13785.9,21969.4) ops/second in (1.233140,10.514601) seconds
2026/05/26-10:27:01  ... thread 1: (16000,239000) ops and (12872.0,22691.9) ops/second in (1.243010,10.532407) seconds
2026/05/26-10:27:02  ... thread 0: (25000,231000) ops and (24967.3,20112.3) ops/second in (1.001308,11.485504) seconds
2026/05/26-10:27:02  ... thread 2: (21000,218000) ops and (20941.9,18947.6) ops/second in (1.002774,11.505434) seconds
2026/05/26-10:27:02  ... thread 3: (18000,249000) ops and (17932.8,21617.7) ops/second in (1.003748,11.518349) seconds
2026/05/26-10:27:02  ... thread 1: (24000,263000) ops and (23404.8,22755.1) ops/second in (1.025430,11.557837) seconds
2026/05/26-10:27:04  ... thread 0: (25000,256000) ops and (16120.5,19637.4) ops/second in (1.550818,13.036322) seconds
2026/05/26-10:27:04  ... thread 3: (28000,277000) ops and (18401.5,21242.4) ops/second in (1.521614,13.039963) seconds
2026/05/26-10:27:04  ... thread 2: (22000,240000) ops and (14280.8,18396.5) ops/second in (1.540535,13.045969) seconds
2026/05/26-10:27:04  ... thread 1: (24000,287000) ops and (16040.6,21985.5) ops/second in (1.496204,13.054041) seconds
2026/05/26-10:27:05  ... thread 2: (16000,256000) ops and (15097.5,18148.6) ops/second in (1.059778,14.105747) seconds
2026/05/26-10:27:05  ... thread 1: (15000,302000) ops and (14209.4,21403.7) ops/second in (1.055641,14.109682) seconds
2026/05/26-10:27:05  ... thread 0: (15000,271000) ops and (13807.2,19188.9) ops/second in (1.086392,14.122714) seconds
2026/05/26-10:27:05  ... thread 3: (16000,293000) ops and (14194.1,20681.6) ops/second in (1.127231,14.167194) seconds
2026/05/26-10:27:06  ... thread 0: (15000,286000) ops and (13423.2,18766.2) ops/second in (1.117467,15.240181) seconds
2026/05/26-10:27:06  ... thread 1: (19000,321000) ops and (16531.3,21036.7) ops/second in (1.149338,15.259020) seconds
2026/05/26-10:27:06  ... thread 3: (13000,306000) ops and (11784.4,20038.8) ops/second in (1.103151,15.270345) seconds
2026/05/26-10:27:06  ... thread 2: (16000,272000) ops and (13696.7,17808.1) ops/second in (1.168165,15.273912) seconds
2026/05/26-10:27:08  ... thread 3: (29000,335000) ops and (19361.9,19978.4) ops/second in (1.497785,16.768130) seconds
2026/05/26-10:27:08  ... thread 2: (30000,302000) ops and (19862.1,17993.0) ops/second in (1.510417,16.784329) seconds
2026/05/26-10:27:08  ... thread 1: (33000,354000) ops and (21412.7,21071.2) ops/second in (1.541140,16.800160) seconds
2026/05/26-10:27:08  ... thread 0: (32000,318000) ops and (20358.2,18915.0) ops/second in (1.571852,16.812033) seconds
2026/05/26-10:27:09  ... thread 2: (15000,317000) ops and (12433.7,17620.2) ops/second in (1.206400,17.990729) seconds
2026/05/26-10:27:09  ... thread 3: (18000,353000) ops and (14546.0,19605.0) ops/second in (1.237456,18.005586) seconds
2026/05/26-10:27:09  ... thread 1: (14000,368000) ops and (11602.8,20436.8) ops/second in (1.206606,18.006766) seconds
2026/05/26-10:27:09  ... thread 0: (15000,333000) ops and (12447.6,18482.5) ops/second in (1.205051,18.017084) seconds
2026/05/26-10:27:10  ... thread 3: (16000,369000) ops and (15919.5,19410.2) ops/second in (1.005058,19.010644) seconds
2026/05/26-10:27:10  ... thread 0: (16000,349000) ops and (15918.8,18347.0) ops/second in (1.005100,19.022184) seconds
2026/05/26-10:27:10  ... thread 2: (17000,334000) ops and (15775.5,17515.9) ops/second in (1.077621,19.068350) seconds
2026/05/26-10:27:10  ... thread 1: (15000,383000) ops and (13783.1,20057.5) ops/second in (1.088289,19.095055) seconds
2026/05/26-10:27:11  ... thread 3: (28000,397000) ops and (27062.0,19805.1) ops/second in (1.034662,20.045306) seconds
2026/05/26-10:27:11  ... thread 0: (34000,383000) ops and (32579.8,19087.2) ops/second in (1.043590,20.065774) seconds
2026/05/26-10:27:11  ... thread 2: (29000,363000) ops and (28213.3,18063.1) ops/second in (1.027883,20.096233) seconds
2026/05/26-10:27:11  ... thread 1: (33000,416000) ops and (32949.8,20700.0) ops/second in (1.001524,20.096579) seconds
2026/05/26-10:27:12  ... thread 1: (15000,431000) ops and (14612.6,20404.2) ops/second in (1.026508,21.123087) seconds
2026/05/26-10:27:12  ... thread 3: (17000,414000) ops and (15708.9,19595.3) ops/second in (1.082191,21.127497) seconds
2026/05/26-10:27:12  ... thread 2: (13000,376000) ops and (12537.0,17791.9) ops/second in (1.036927,21.133160) seconds
2026/05/26-10:27:12  ... thread 0: (15000,398000) ops and (13925.4,18824.2) ops/second in (1.077168,21.142942) seconds
2026/05/26-10:27:13  ... thread 1: (30000,461000) ops and (29339.2,20816.8) ops/second in (1.022524,22.145611) seconds
2026/05/26-10:27:14  ... thread 3: (33000,447000) ops and (19204.3,19565.9) ops/second in (1.718367,22.845864) seconds
2026/05/26-10:27:14  ... thread 2: (31000,407000) ops and (18053.6,17811.6) ops/second in (1.717112,22.850272) seconds
2026/05/26-10:27:14  ... thread 0: (30000,428000) ops and (17501.3,18725.0) ops/second in (1.714157,22.857099) seconds
2026/05/26-10:27:14  ... thread 1: (10000,471000) ops and (9608.3,20313.7) ops/second in (1.040762,23.186373) seconds
2026/05/26-10:27:15  ... thread 3: (26000,473000) ops and (25980.5,19835.1) ops/second in (1.000751,23.846615) seconds
2026/05/26-10:27:15  ... thread 2: (26000,433000) ops and (25961.7,18153.8) ops/second in (1.001474,23.851746) seconds
2026/05/26-10:27:15  ... thread 0: (31000,459000) ops and (30672.3,19230.9) ops/second in (1.010685,23.867784) seconds
2026/05/26-10:27:15  ... thread 1: (25000,496000) ops and (24720.6,20497.8) ops/second in (1.011302,24.197675) seconds
2026/05/26-10:27:16  ... thread 0: (19000,478000) ops and (16108.8,19083.9) ops/second in (1.179481,25.047265) seconds
2026/05/26-10:27:16  ... thread 3: (17000,490000) ops and (14132.5,19561.3) ops/second in (1.202901,25.049516) seconds
2026/05/26-10:27:16  ... thread 2: (22000,455000) ops and (18385.3,18164.9) ops/second in (1.196611,25.048357) seconds
2026/05/26-10:27:16  ... thread 1: (18000,514000) ops and (17929.8,20395.5) ops/second in (1.003916,25.201591) seconds
2026/05/26-10:27:17  ... thread 0: (27000,505000) ops and (26922.5,19385.7) ops/second in (1.002879,26.050144) seconds
2026/05/26-10:27:17  ... thread 3: (30000,520000) ops and (29105.6,19938.5) ops/second in (1.030729,26.080245) seconds
2026/05/26-10:27:17  ... thread 2: (42000,497000) ops and (40666.7,19055.9) ops/second in (1.032787,26.081144) seconds
2026/05/26-10:27:17  ... thread 1: (31000,545000) ops and (30503.1,20787.3) ops/second in (1.016289,26.217880) seconds
2026/05/26-10:27:18  ... thread 0: (31000,536000) ops and (30679.4,19807.4) ops/second in (1.010450,27.060594) seconds
2026/05/26-10:27:18  ... thread 3: (36000,556000) ops and (35919.0,20529.9) ops/second in (1.002254,27.082499) seconds
2026/05/26-10:27:18  ... thread 2: (33000,530000) ops and (32010.6,19548.5) ops/second in (1.030910,27.112054) seconds
2026/05/26-10:27:18  ... thread 1: (27000,572000) ops and (26960.7,21014.5) ops/second in (1.001457,27.219337) seconds
2026/05/26-10:27:19  ... thread 0: (44000,580000) ops and (43418.8,20659.7) ops/second in (1.013386,28.073980) seconds
2026/05/26-10:27:19  ... thread 3: (23000,579000) ops and (22918.4,20615.2) ops/second in (1.003560,28.086059) seconds
2026/05/26-10:27:19  ... thread 2: (24000,554000) ops and (23770.8,19700.1) ops/second in (1.009640,28.121694) seconds
2026/05/26-10:27:19  ... thread 1: (27000,599000) ops and (26828.5,21221.8) ops/second in (1.006391,28.225728) seconds
2026/05/26-10:27:20  ... thread 3: (31000,610000) ops and (28653.3,20913.4) ops/second in (1.081901,29.167960) seconds
2026/05/26-10:27:20  ... thread 2: (28000,582000) ops and (26199.5,19938.1) ops/second in (1.068723,29.190417) seconds
2026/05/26-10:27:20  ... thread 0: (33000,613000) ops and (29499.3,20998.4) ops/second in (1.118671,29.192651) seconds
2026/05/26-10:27:20  ... thread 1: (27000,626000) ops and (26810.4,21414.3) ops/second in (1.007072,29.232800) seconds
2026/05/26-10:27:21  ... thread 3: (32000,642000) ops and (31949.5,21279.7) ops/second in (1.001580,30.169540) seconds
2026/05/26-10:27:21  ... thread 2: (36000,618000) ops and (35965.0,20469.4) ops/second in (1.000972,30.191389) seconds
2026/05/26-10:27:21  ... thread 1: (33000,659000) ops and (32842.7,21794.1) ops/second in (1.004791,30.237591) seconds
2026/05/26-10:27:21  ... thread 0: (37000,650000) ops and (34609.0,21479.3) ops/second in (1.069087,30.261738) seconds
2026/05/26-10:27:22  ... thread 2: (39000,657000) ops and (38908.2,21061.9) ops/second in (1.002360,31.193749) seconds
2026/05/26-10:27:22  ... thread 3: (21000,663000) ops and (20310.9,21247.6) ops/second in (1.033930,31.203470) seconds
2026/05/26-10:27:22  ... thread 1: (29000,688000) ops and (28548.0,22013.6) ops/second in (1.015832,31.253423) seconds
2026/05/26-10:27:22  ... thread 0: (23000,673000) ops and (22882.1,21524.4) ops/second in (1.005151,31.266889) seconds
2026/05/26-10:27:23  ... thread 2: (39000,696000) ops and (37138.1,21585.5) ops/second in (1.050135,32.243884) seconds
2026/05/26-10:27:23  ... thread 3: (34000,697000) ops and (32522.0,21613.1) ops/second in (1.045447,32.248917) seconds
2026/05/26-10:27:23  ... thread 0: (35000,708000) ops and (34499.2,21932.1) ops/second in (1.014517,32.281406) seconds
2026/05/26-10:27:23  ... thread 1: (41000,729000) ops and (38349.7,22553.9) ops/second in (1.069108,32.322531) seconds
2026/05/26-10:27:24  ... thread 2: (22000,718000) ops and (21830.2,21592.9) ops/second in (1.007776,33.251660) seconds
2026/05/26-10:27:24  ... thread 3: (35000,732000) ops and (34511.0,22006.4) ops/second in (1.014170,33.263087) seconds
2026/05/26-10:27:24  ... thread 0: (24000,732000) ops and (23776.5,21988.1) ops/second in (1.009400,33.290806) seconds
2026/05/26-10:27:24  ... thread 1: (24000,753000) ops and (23918.1,22595.0) ops/second in (1.003426,33.325957) seconds
2026/05/26-10:27:25  ... thread 2: (29000,747000) ops and (28951.7,21808.1) ops/second in (1.001668,34.253328) seconds
2026/05/26-10:27:25  ... thread 3: (29000,761000) ops and (28935.3,22209.0) ops/second in (1.002235,34.265322) seconds
2026/05/26-10:27:25  ... thread 0: (36000,768000) ops and (35902.3,22394.9) ops/second in (1.002721,34.293527) seconds
2026/05/26-10:27:25  ... thread 1: (32000,785000) ops and (30933.8,22846.1) ops/second in (1.034466,34.360423) seconds
2026/05/26-10:27:26  ... thread 2: (27000,774000) ops and (24418.1,21889.7) ops/second in (1.105738,35.359066) seconds
2026/05/26-10:27:26  ... thread 0: (27000,795000) ops and (25201.1,22479.9) ops/second in (1.071381,35.364908) seconds
2026/05/26-10:27:26  ... thread 1: (26000,811000) ops and (25890.4,22932.5) ops/second in (1.004232,35.364655) seconds
2026/05/26-10:27:26  ... thread 3: (34000,795000) ops and (30692.7,22474.7) ops/second in (1.107754,35.373076) seconds
2026/05/26-10:27:27  ... thread 1: (20000,831000) ops and (19914.2,22849.2) ops/second in (1.004306,36.368961) seconds
2026/05/26-10:27:27  ... thread 2: (17000,791000) ops and (16620.9,21741.6) ops/second in (1.022808,36.381874) seconds
2026/05/26-10:27:27  ... thread 3: (20000,815000) ops and (19768.5,22399.5) ops/second in (1.011711,36.384787) seconds
2026/05/26-10:27:27  ... thread 0: (19000,814000) ops and (18436.1,22365.4) ops/second in (1.030585,36.395493) seconds
2026/05/26-10:27:28  ... thread 1: (39000,870000) ops and (38919.9,23280.1) ops/second in (1.002058,37.371019) seconds
2026/05/26-10:27:28  ... thread 2: (32000,823000) ops and (31787.6,22012.1) ops/second in (1.006682,37.388556) seconds
2026/05/26-10:27:28  ... thread 0: (35000,849000) ops and (34974.1,22702.8) ops/second in (1.000741,37.396234) seconds
2026/05/26-10:27:28  ... thread 3: (35000,850000) ops and (33838.8,22715.7) ops/second in (1.034316,37.419103) seconds
2026/05/26-10:27:29  ... thread 3: (6000,856000) ops and (5586.3,22237.7) ops/second in (1.074052,38.493155) seconds
2026/05/26-10:27:30  ... thread 1: (9000,879000) ops and (6460.6,22675.6) ops/second in (1.393059,38.764078) seconds
2026/05/26-10:27:30  ... thread 2: (15000,838000) ops and (10364.1,21578.0) ops/second in (1.447309,38.835865) seconds
2026/05/26-10:27:30  ... thread 0: (7000,856000) ops and (4747.9,22021.8) ops/second in (1.474328,38.870562) seconds
2026/05/26-10:27:31  ... thread 3: (3000,859000) ops and (2276.6,21577.0) ops/second in (1.317739,39.810894) seconds
2026/05/26-10:27:31  ... thread 2: (3000,841000) ops and (2072.1,20877.0) ops/second in (1.447775,40.283640) seconds
2026/05/26-10:27:31  ... thread 0: (2000,858000) ops and (1302.5,21234.4) ops/second in (1.535523,40.406085) seconds
2026/05/26-10:27:32  ... thread 1: (2000,881000) ops and (1066.5,21678.5) ops/second in (1.875339,40.639417) seconds
2026/05/26-10:27:32  ... thread 3: (2000,861000) ops and (1980.1,21092.1) ops/second in (1.010028,40.820922) seconds
2026/05/26-10:27:33  ... thread 0: (2000,860000) ops and (1567.1,20632.2) ops/second in (1.276277,41.682362) seconds
2026/05/26-10:27:33  ... thread 2: (2000,843000) ops and (1356.2,20187.6) ops/second in (1.474674,41.758314) seconds
2026/05/26-10:27:33  ... thread 1: (2000,883000) ops and (1554.8,21061.1) ops/second in (1.286308,41.925725) seconds
2026/05/26-10:27:33  ... thread 3: (3000,864000) ops and (1875.2,20367.4) ops/second in (1.599793,42.420715) seconds
2026/05/26-10:27:34  ... thread 0: (2000,862000) ops and (1608.8,20081.3) ops/second in (1.243197,42.925559) seconds
2026/05/26-10:27:35  ... thread 1: (3000,886000) ops and (1571.6,20212.4) ops/second in (1.908836,43.834561) seconds
2026/05/26-10:27:35  ... thread 3: (3000,867000) ops and (2064.8,19761.3) ops/second in (1.452918,43.873633) seconds
2026/05/26-10:27:35  ... thread 2: (2000,845000) ops and (857.9,19165.5) ops/second in (2.331320,44.089634) seconds
2026/05/26-10:27:35  ... thread 0: (3000,865000) ops and (2359.9,19571.6) ops/second in (1.271229,44.196788) seconds
2026/05/26-10:27:36  ... thread 3: (2000,869000) ops and (1637.8,19270.5) ops/second in (1.221117,45.094750) seconds
2026/05/26-10:27:36  ... thread 0: (2000,867000) ops and (1949.1,19171.7) ops/second in (1.026132,45.222920) seconds
2026/05/26-10:27:36  ... thread 2: (2000,847000) ops and (1516.7,18653.0) ops/second in (1.318639,45.408273) seconds
2026/05/26-10:27:36  ... thread 1: (2000,888000) ops and (1233.2,19535.2) ops/second in (1.621753,45.456314) seconds
2026/05/26-10:27:37  ... thread 3: (1000,870000) ops and (863.3,18809.6) ops/second in (1.158296,46.253046) seconds
2026/05/26-10:27:37  ... thread 0: (2000,869000) ops and (1704.9,18730.1) ops/second in (1.173109,46.396029) seconds
2026/05/26-10:27:37  ... thread 2: (3000,850000) ops and (2875.0,18298.6) ops/second in (1.043493,46.451766) seconds
2026/05/26-10:27:38  ... thread 1: (2000,890000) ops and (1071.8,18807.2) ops/second in (1.865955,47.322269) seconds
2026/05/26-10:27:38  ... thread 3: (2000,872000) ops and (1514.1,18329.3) ops/second in (1.320939,47.573985) seconds
2026/05/26-10:27:39  ... thread 0: (2000,871000) ops and (1563.6,18269.5) ops/second in (1.279106,47.675135) seconds
2026/05/26-10:27:39  ... thread 2: (3000,853000) ops and (1613.9,17656.6) ops/second in (1.858888,48.310654) seconds
2026/05/26-10:27:40  ... thread 0: (1000,872000) ops and (969.8,17903.2) ops/second in (1.031135,48.706270) seconds
2026/05/26-10:27:40  ... thread 3: (2000,874000) ops and (1277.1,17785.9) ops/second in (1.566048,49.140033) seconds
2026/05/26-10:27:40  ... thread 2: (2000,855000) ops and (1605.8,17253.2) ops/second in (1.245498,49.556152) seconds
2026/05/26-10:27:41  ... thread 0: (2000,874000) ops and (1385.4,17427.7) ops/second in (1.443666,50.149936) seconds
2026/05/26-10:27:41  ... thread 3: (1000,875000) ops and (912.1,17417.6) ops/second in (1.096405,50.236438) seconds
2026/05/26-10:27:41  ... thread 1: (2000,892000) ops and (671.3,17733.1) ops/second in (2.979123,50.301392) seconds
2026/05/26-10:27:42  ... thread 2: (1000,856000) ops and (669.6,16768.0) ops/second in (1.493360,51.049512) seconds
2026/05/26-10:27:42  ... thread 3: (1000,876000) ops and (958.5,17082.8) ops/second in (1.043350,51.279788) seconds
2026/05/26-10:27:42  ... thread 1: (2000,894000) ops and (1577.0,17335.8) ops/second in (1.268198,51.569590) seconds
2026/05/26-10:27:43  ... thread 3: (2000,878000) ops and (1841.5,16766.7) ops/second in (1.086066,52.365854) seconds
2026/05/26-10:27:43  ... thread 0: (2000,876000) ops and (833.1,16669.7) ops/second in (2.400642,52.550578) seconds
2026/05/26-10:27:44  ... thread 1: (1000,895000) ops and (804.1,16946.5) ops/second in (1.243648,52.813238) seconds
2026/05/26-10:27:44  ... thread 2: (2000,858000) ops and (819.1,16040.0) ops/second in (2.441655,53.491167) seconds
2026/05/26-10:27:44  ... thread 3: (2000,880000) ops and (1694.3,16434.4) ops/second in (1.180435,53.546289) seconds
2026/05/26-10:27:45  ... thread 0: (1000,877000) ops and (927.7,16353.2) ops/second in (1.077940,53.628518) seconds
2026/05/26-10:27:46  ... thread 1: (1000,896000) ops and (503.9,16351.1) ops/second in (1.984359,54.797597) seconds
2026/05/26-10:27:46  ... thread 3: (1000,881000) ops and (774.5,16065.7) ops/second in (1.291075,54.837364) seconds
2026/05/26-10:27:46  ... thread 0: (2000,879000) ops and (1405.0,15966.7) ops/second in (1.423503,55.052021) seconds
2026/05/26-10:27:46  ... thread 2: (2000,860000) ops and (1189.2,15587.3) ops/second in (1.681781,55.172948) seconds
2026/05/26-10:27:47  ... thread 1: (26000,922000) ops and (22098.2,16471.9) ops/second in (1.176565,55.974162) seconds
2026/05/26-10:27:47  ... thread 3: (23000,904000) ops and (20009.4,16146.7) ops/second in (1.149462,55.986826) seconds
2026/05/26-10:27:47  ... thread 0: (25000,904000) ops and (24552.8,16122.6) ops/second in (1.018212,56.070233) seconds
2026/05/26-10:27:47  ... thread 2: (30000,890000) ops and (29211.2,15836.3) ops/second in (1.027002,56.199950) seconds
2026/05/26-10:27:48  ... thread 1: (30000,952000) ops and (29379.1,16703.1) ops/second in (1.021133,56.995295) seconds
2026/05/26-10:27:48  ... thread 3: (29000,933000) ops and (28392.3,16366.1) ops/second in (1.021402,57.008228) seconds
2026/05/26-10:27:48  ... thread 0: (27000,931000) ops and (24117.5,16279.1) ops/second in (1.119521,57.189754) seconds
2026/05/26-10:27:48  ... thread 2: (28000,918000) ops and (26614.7,16034.4) ops/second in (1.052052,57.252002) seconds
2026/05/26-10:27:49  ... thread 1: (27000,979000) ops and (26431.3,16874.4) ops/second in (1.021517,58.016812) seconds
2026/05/26-10:27:49  ... thread 3: (30000,963000) ops and (29530.4,16596.5) ops/second in (1.015902,58.024130) seconds
2026/05/26-10:27:49  ... thread 2: (27000,945000) ops and (26797.1,16220.5) ops/second in (1.007572,58.259574) seconds
2026/05/26-10:27:49  ... thread 0: (33000,964000) ops and (30809.8,16546.3) ops/second in (1.071089,58.260843) seconds
2026/05/26-10:27:50  ... thread 3: (19000,982000) ops and (16389.4,16592.5) ops/second in (1.159289,59.183419) seconds
2026/05/26-10:27:50  ... thread 1: (22000,1001000) ops and (14469.9,16813.0) ops/second in (1.520401,59.537213) seconds
2026/05/26-10:27:51  ... thread 2: (18000,963000) ops and (12110.0,16118.2) ops/second in (1.486377,59.745951) seconds
2026/05/26-10:27:51  ... thread 3: (1000,983000) ops and (889.0,16299.6) ops/second in (1.124880,60.308299) seconds
2026/05/26-10:27:51  ... thread 0: (15000,979000) ops and (6913.7,16200.4) ops/second in (2.169606,60.430449) seconds
2026/05/26-10:27:52  ... thread 2: (3000,966000) ops and (2195.7,15807.0) ops/second in (1.366287,61.112238) seconds
2026/05/26-10:27:52  ... thread 1: (1000,1002000) ops and (624.2,16388.8) ops/second in (1.602056,61.139269) seconds
2026/05/26-10:27:53  ... thread 0: (1000,980000) ops and (784.4,15881.9) ops/second in (1.274904,61.705353) seconds
2026/05/26-10:27:53  ... thread 1: (2000,1004000) ops and (1877.1,16140.2) ops/second in (1.065475,62.204744) seconds
2026/05/26-10:27:54  ... thread 3: (2000,985000) ops and (867.9,15731.6) ops/second in (2.304410,62.612709) seconds
2026/05/26-10:27:54  ... thread 2: (2000,968000) ops and (1002.9,15339.2) ops/second in (1.994189,63.106427) seconds
2026/05/26-10:27:54  ... thread 0: (2000,982000) ops and (1374.6,15547.7) ops/second in (1.455016,63.160369) seconds
2026/05/26-10:27:55  ... thread 1: (1000,1005000) ops and (578.9,15719.8) ops/second in (1.727333,63.932077) seconds
2026/05/26-10:27:55  ... thread 3: (4000,989000) ops and (2633.1,15421.4) ops/second in (1.519139,64.131848) seconds
2026/05/26-10:27:56  ... thread 2: (1000,969000) ops and (586.4,14951.0) ops/second in (1.705326,64.811753) seconds
2026/05/26-10:27:56  ... thread 0: (1000,983000) ops and (581.9,15151.3) ops/second in (1.718536,64.878905) seconds
2026/05/26-10:27:56  ... thread 1: (1000,1006000) ops and (620.8,15348.7) ops/second in (1.610926,65.543003) seconds
2026/05/26-10:27:56  ... thread 3: (3000,992000) ops and (2097.2,15130.6) ops/second in (1.430466,65.562314) seconds
2026/05/26-10:27:57  ... thread 2: (1000,970000) ops and (989.8,14736.7) ops/second in (1.010315,65.822068) seconds
2026/05/26-10:27:57  ... thread 0: (2000,985000) ops and (1252.4,14817.4) ops/second in (1.596976,66.475881) seconds
2026/05/26-10:27:58  ... thread 1: (1000,1007000) ops and (788.6,15072.4) ops/second in (1.268023,66.811026) seconds
2026/05/26-10:27:58  ... thread 2: (1000,971000) ops and (732.6,14452.2) ops/second in (1.365066,67.187134) seconds
2026/05/26-10:27:58  ... thread 3: (2000,994000) ops and (1087.9,14747.6) ops/second in (1.838437,67.400751) seconds
2026/05/26-10:27:59  ... thread 1: (2000,1009000) ops and (1897.4,14867.7) ops/second in (1.054080,67.865106) seconds
2026/05/26-10:27:59  ... thread 0: (2000,987000) ops and (1369.4,14528.3) ops/second in (1.460469,67.936350) seconds
2026/05/26-10:27:59  ... thread 3: (1000,995000) ops and (966.7,14539.3) ops/second in (1.034429,68.435180) seconds
2026/05/26-10:28:00  ... thread 2: (2000,973000) ops and (1295.9,14156.7) ops/second in (1.543358,68.730492) seconds
2026/05/26-10:28:00  ... thread 0: (1000,988000) ops and (809.4,14283.3) ops/second in (1.235413,69.171763) seconds
2026/05/26-10:28:00  ... thread 1: (2000,1011000) ops and (1403.9,14590.9) ops/second in (1.424613,69.289719) seconds
2026/05/26-10:28:01  ... thread 2: (2000,975000) ops and (1905.6,13972.5) ops/second in (1.049547,69.780039) seconds
2026/05/26-10:28:01  ... thread 3: (1000,996000) ops and (649.5,14233.7) ops/second in (1.539544,69.974724) seconds
2026/05/26-10:28:01  ... thread 0: (2000,990000) ops and (1611.9,14060.0) ops/second in (1.240759,70.412522) seconds
2026/05/26-10:28:02  ... thread 1: (2000,1013000) ops and (1116.7,14251.4) ops/second in (1.791060,71.080779) seconds
2026/05/26-10:28:02  ... thread 3: (2000,998000) ops and (1613.0,14014.0) ops/second in (1.239914,71.214638) seconds
2026/05/26-10:28:02  ... thread 2: (1000,976000) ops and (684.9,13700.1) ops/second in (1.460129,71.240168) seconds
2026/05/26-10:28:03  ... thread 0: (1000,991000) ops and (798.0,13828.1) ops/second in (1.253126,71.665648) seconds
2026/05/26-10:28:03  ... thread 3: (1000,999000) ops and (940.2,13821.6) ops/second in (1.063552,72.278190) seconds
2026/05/26-10:28:04  ... thread 1: (2000,1015000) ops and (1290.8,13974.9) ops/second in (1.549423,72.630202) seconds
2026/05/26-10:28:04  ... thread 3: (1000,1000000) ops and (998.7,13646.4) ops/second in (1.001311,73.279501) seconds
2026/05/26-10:28:05  ... thread 1: (1000,1016000) ops and (811.8,13755.4) ops/second in (1.231848,73.862050) seconds
2026/05/26-10:28:05  ... thread 2: (2000,978000) ops and (736.1,13223.8) ops/second in (2.717179,73.957347) seconds
2026/05/26-10:28:05  ... thread 0: (2000,993000) ops and (720.2,13339.1) ops/second in (2.776906,74.442554) seconds
2026/05/26-10:28:06  ... thread 1: (1000,1017000) ops and (773.4,13532.0) ops/second in (1.293004,75.155054) seconds
2026/05/26-10:28:06  ... thread 3: (2000,1002000) ops and (884.7,13264.5) ops/second in (2.260592,75.540093) seconds
2026/05/26-10:28:07  ... thread 0: (2000,995000) ops and (1142.7,13059.0) ops/second in (1.750210,76.192764) seconds
2026/05/26-10:28:07  ... thread 2: (1000,979000) ops and (419.7,12824.2) ops/second in (2.382462,76.339809) seconds
2026/05/26-10:28:08  ... thread 3: (2000,1004000) ops and (1373.3,13039.6) ops/second in (1.456317,76.996410) seconds
2026/05/26-10:28:08  ... thread 1: (1000,1018000) ops and (459.9,13164.5) ops/second in (2.174287,77.329341) seconds
2026/05/26-10:28:09  ... thread 0: (1000,996000) ops and (554.4,12769.8) ops/second in (1.803795,77.996559) seconds
2026/05/26-10:28:09  ... thread 2: (1000,980000) ops and (501.0,12510.2) ops/second in (1.996069,78.335878) seconds
2026/05/26-10:28:10  ... thread 1: (1000,1019000) ops and (736.9,12950.1) ops/second in (1.357121,78.686462) seconds
2026/05/26-10:28:10  ... thread 3: (2000,1006000) ops and (964.6,12722.9) ops/second in (2.073416,79.069826) seconds
2026/05/26-10:28:11  ... thread 2: (1000,981000) ops and (797.5,12325.7) ops/second in (1.253943,79.589821) seconds
2026/05/26-10:28:11  ... thread 1: (1000,1020000) ops and (895.6,12781.5) ops/second in (1.116539,79.803001) seconds
2026/05/26-10:28:11  ... thread 0: (1000,997000) ops and (477.5,12448.4) ops/second in (2.094208,80.090767) seconds
2026/05/26-10:28:11  ... thread 3: (1000,1007000) ops and (900.0,12559.1) ops/second in (1.111067,80.180893) seconds
2026/05/26-10:28:12  ... thread 2: (1000,982000) ops and (840.5,12156.5) ops/second in (1.189763,80.779584) seconds
2026/05/26-10:28:13  ... thread 3: (1000,1008000) ops and (644.4,12332.9) ops/second in (1.551788,81.732681) seconds
2026/05/26-10:28:13  ... thread 0: (1000,998000) ops and (587.7,12201.6) ops/second in (1.701531,81.792298) seconds
2026/05/26-10:28:14  ... thread 2: (2000,984000) ops and (1043.0,11898.8) ops/second in (1.917608,82.697192) seconds
2026/05/26-10:28:14  ... thread 1: (2000,1022000) ops and (658.9,12337.3) ops/second in (3.035263,82.838264) seconds
2026/05/26-10:28:14  ... thread 3: (1000,1009000) ops and (803.6,12160.0) ops/second in (1.244365,82.977046) seconds
2026/05/26-10:28:14  ... thread 0: (1000,999000) ops and (667.4,11994.2) ops/second in (1.498278,83.290576) seconds
2026/05/26-10:28:15  ... thread 0: (1000,1000000) ops and (989.5,11862.2) ops/second in (1.010622,84.301198) seconds
2026/05/26-10:28:15  ... thread 2: (1000,985000) ops and (577.6,11666.7) ops/second in (1.731450,84.428642) seconds
2026/05/26-10:28:16  ... thread 1: (1000,1023000) ops and (552.5,12085.3) ops/second in (1.809906,84.648170) seconds
2026/05/26-10:28:16  ... thread 3: (2000,1011000) ops and (1100.6,11923.0) ops/second in (1.817184,84.794230) seconds
2026/05/26-10:28:17  ... thread 2: (1000,986000) ops and (760.5,11499.4) ops/second in (1.314849,85.743491) seconds
2026/05/26-10:28:17  ... thread 3: (1000,1012000) ops and (998.5,11795.5) ops/second in (1.001516,85.795746) seconds
2026/05/26-10:28:17  ... thread 0: (1000,1001000) ops and (644.0,11659.3) ops/second in (1.552818,85.854016) seconds
2026/05/26-10:28:18  ... thread 1: (1000,1024000) ops and (492.6,11813.8) ops/second in (2.030013,86.678183) seconds
2026/05/26-10:28:18  ... thread 2: (1000,987000) ops and (747.3,11334.2) ops/second in (1.338090,87.081581) seconds
2026/05/26-10:28:19  ... thread 0: (1000,1002000) ops and (465.0,11385.8) ops/second in (2.150462,88.004478) seconds
2026/05/26-10:28:19  ... thread 3: (2000,1014000) ops and (807.7,11487.2) ops/second in (2.476221,88.271967) seconds
2026/05/26-10:28:19  ... thread 1: (1000,1025000) ops and (608.2,11605.2) ops/second in (1.644260,88.322443) seconds
2026/05/26-10:28:20  ... thread 0: (1000,1003000) ops and (802.4,11238.0) ops/second in (1.246229,89.250707) seconds
2026/05/26-10:28:21  ... thread 1: (2000,1027000) ops and (1478.5,11452.4) ops/second in (1.352713,89.675156) seconds
2026/05/26-10:28:21  ... thread 2: (2000,989000) ops and (723.0,11007.5) ops/second in (2.766073,89.847654) seconds
2026/05/26-10:28:21  ... thread 0: (1000,1004000) ops and (988.3,11123.1) ops/second in (1.011841,90.262548) seconds
2026/05/26-10:28:22  ... thread 3: (1000,1015000) ops and (335.4,11122.8) ops/second in (2.981781,91.253748) seconds
2026/05/26-10:28:22  ... thread 2: (2000,991000) ops and (1391.3,10856.1) ops/second in (1.437554,91.285208) seconds
2026/05/26-10:28:23  ... thread 1: (1000,1028000) ops and (514.7,11220.5) ops/second in (1.942745,91.617901) seconds
2026/05/26-10:28:23  ... thread 0: (1000,1005000) ops and (631.0,10942.1) ops/second in (1.584742,91.847290) seconds
2026/05/26-10:28:23  ... thread 2: (1000,992000) ops and (884.4,10734.1) ops/second in (1.130734,92.415942) seconds
2026/05/26-10:28:24  ... thread 1: (1000,1029000) ops and (837.2,11086.9) ops/second in (1.194510,92.812411) seconds
2026/05/26-10:28:24  ... thread 0: (1000,1006000) ops and (748.6,10795.9) ops/second in (1.335915,93.183205) seconds
2026/05/26-10:28:24  ... thread 3: (1000,1016000) ops and (486.1,10888.3) ops/second in (2.057389,93.311137) seconds
2026/05/26-10:28:24  ... thread 2: (1000,993000) ops and (887.1,10615.4) ops/second in (1.127238,93.543180) seconds
2026/05/26-10:28:25  ... thread 1: (1000,1030000) ops and (609.9,10905.0) ops/second in (1.639535,94.451946) seconds
2026/05/26-10:28:26  ... thread 0: (1000,1007000) ops and (491.8,10575.9) ops/second in (2.033296,95.216501) seconds
2026/05/26-10:28:27  ... thread 2: (1000,994000) ops and (458.8,10384.1) ops/second in (2.179816,95.722996) seconds
2026/05/26-10:28:27  ... thread 3: (1000,1017000) ops and (391.0,10608.3) ops/second in (2.557569,95.868706) seconds
2026/05/26-10:28:27  ... thread 1: (1000,1031000) ops and (631.7,10735.7) ops/second in (1.583119,96.035065) seconds
2026/05/26-10:28:28  ... thread 0: (1000,1008000) ops and (654.3,10419.2) ops/second in (1.528337,96.744838) seconds
2026/05/26-10:28:29  ... thread 1: (1000,1032000) ops and (557.9,10549.2) ops/second in (1.792594,97.827659) seconds
2026/05/26-10:28:29  ... thread 2: (1000,995000) ops and (418.7,10141.5) ops/second in (2.388471,98.111467) seconds
2026/05/26-10:28:29  ... thread 3: (1000,1018000) ops and (381.2,10335.9) ops/second in (2.623073,98.491779) seconds
2026/05/26-10:28:30  ... thread 0: (1000,1009000) ops and (450.8,10195.7) ops/second in (2.218281,98.963119) seconds
2026/05/26-10:28:31  ... thread 3: (1000,1019000) ops and (686.9,10195.3) ops/second in (1.455863,99.947642) seconds
2026/05/26-10:28:31  ... thread 1: (1000,1033000) ops and (455.9,10327.8) ops/second in (2.193491,100.021150) seconds
2026/05/26-10:28:31  ... thread 0: (1000,1010000) ops and (646.2,10048.7) ops/second in (1.547511,100.510630) seconds
2026/05/26-10:28:32  ... thread 2: (1000,996000) ops and (328.2,9846.0) ops/second in (3.046667,101.158134) seconds
2026/05/26-10:28:33  ... thread 1: (1000,1034000) ops and (554.1,10154.6) ops/second in (1.804688,101.825838) seconds
2026/05/26-10:28:34  ... thread 3: (1000,1020000) ops and (376.8,9941.4) ops/second in (2.653765,102.601407) seconds
2026/05/26-10:28:34  ... thread 0: (1000,1011000) ops and (405.6,9817.8) ops/second in (2.465404,102.976034) seconds
2026/05/26-10:28:34  ... thread 1: (1000,1035000) ops and (617.3,10005.2) ops/second in (1.619868,103.445706) seconds
2026/05/26-10:28:35  ... thread 2: (1000,997000) ops and (403.2,9620.0) ops/second in (2.480072,103.638206) seconds
2026/05/26-10:28:36  ... thread 3: (1000,1021000) ops and (487.4,9756.0) ops/second in (2.051771,104.653178) seconds
2026/05/26-10:28:36  ... thread 0: (1000,1012000) ops and (416.1,9603.4) ops/second in (2.403461,105.379495) seconds
2026/05/26-10:28:37  ... thread 2: (1000,998000) ops and (475.7,9438.2) ops/second in (2.102369,105.740575) seconds
2026/05/26-10:28:37  ... thread 1: (1000,1036000) ops and (426.6,9793.0) ops/second in (2.344379,105.790085) seconds
2026/05/26-10:28:37  ... thread 3: (1000,1022000) ops and (547.1,9597.9) ops/second in (1.827924,106.481102) seconds
2026/05/26-10:28:38  ... thread 1: (1000,1037000) ops and (573.6,9643.5) ops/second in (1.743317,107.533402) seconds
2026/05/26-10:28:39  ... thread 0: (1000,1013000) ops and (386.9,9382.7) ops/second in (2.584862,107.964357) seconds
2026/05/26-10:28:39  ... thread 2: (1000,999000) ops and (428.3,9243.5) ops/second in (2.334826,108.075401) seconds
2026/05/26-10:28:39  ... thread 3: (1000,1023000) ops and (584.6,9455.4) ops/second in (1.710656,108.191758) seconds
2026/05/26-10:28:40  ... thread 1: (1000,1038000) ops and (566.9,9497.0) ops/second in (1.763856,109.297258) seconds
2026/05/26-10:28:41  ... thread 2: (1000,1000000) ops and (539.3,9096.7) ops/second in (1.854374,109.929775) seconds
2026/05/26-10:28:42  ... thread 0: (1000,1014000) ops and (322.8,9130.0) ops/second in (3.097534,111.061891) seconds
2026/05/26-10:28:42  ... thread 3: (1000,1024000) ops and (312.5,9192.8) ops/second in (3.199796,111.391554) seconds
2026/05/26-10:28:43  ... thread 1: (1000,1039000) ops and (405.1,9296.2) ops/second in (2.468634,111.765892) seconds
2026/05/26-10:28:44  ... thread 3: (1000,1025000) ops and (571.2,9059.4) ops/second in (1.750643,113.142197) seconds
2026/05/26-10:28:44  ... thread 2: (2000,1002000) ops and (592.8,8843.5) ops/second in (3.373961,113.303736) seconds
2026/05/26-10:28:44  ... thread 0: (1000,1015000) ops and (440.0,8955.8) ops/second in (2.272486,113.334377) seconds
2026/05/26-10:28:45  ... thread 3: (1000,1026000) ops and (754.5,8963.2) ops/second in (1.325328,114.467525) seconds
2026/05/26-10:28:46  ... thread 1: (1000,1040000) ops and (352.6,9074.9) ops/second in (2.836280,114.602172) seconds
2026/05/26-10:28:46  ... thread 2: (1000,1003000) ops and (592.0,8722.3) ops/second in (1.689272,114.993008) seconds
2026/05/26-10:28:47  ... thread 3: (1000,1027000) ops and (721.2,8864.6) ops/second in (1.386593,115.854118) seconds
2026/05/26-10:28:47  ... thread 1: (1000,1041000) ops and (555.3,8943.1) ops/second in (1.800971,116.403143) seconds
2026/05/26-10:28:48  ... thread 2: (1000,1004000) ops and (560.0,8597.4) ops/second in (1.785860,116.778868) seconds
2026/05/26-10:28:48  ... thread 0: (1000,1016000) ops and (261.5,8672.0) ops/second in (3.824696,117.159073) seconds
2026/05/26-10:28:49  ... thread 2: (1000,1005000) ops and (686.3,8500.0) ops/second in (1.457092,118.235960) seconds
2026/05/26-10:28:49  ... thread 3: (1000,1028000) ops and (388.0,8680.1) ops/second in (2.577503,118.431621) seconds
2026/05/26-10:28:50  ... thread 0: (1000,1017000) ops and (552.5,8548.4) ops/second in (1.810091,118.969164) seconds
2026/05/26-10:28:50  ... thread 1: (1000,1042000) ops and (323.4,8720.0) ops/second in (3.092222,119.495365) seconds
2026/05/26-10:28:51  ... thread 3: (1000,1029000) ops and (706.1,8585.9) ops/second in (1.416228,119.847849) seconds
2026/05/26-10:28:52  ... thread 2: (1000,1006000) ops and (378.6,8322.5) ops/second in (2.641125,120.877085) seconds
2026/05/26-10:28:52  ... thread 1: (1000,1043000) ops and (574.4,8603.0) ops/second in (1.740906,121.236271) seconds
2026/05/26-10:28:52  ... thread 0: (1000,1018000) ops and (431.2,8393.2) ops/second in (2.318878,121.288042) seconds
2026/05/26-10:28:52  ... thread 3: (1000,1030000) ops and (581.8,8472.7) ops/second in (1.718833,121.566682) seconds
2026/05/26-10:28:54  ... thread 1: (1000,1044000) ops and (552.4,8484.6) ops/second in (1.810259,123.046530) seconds
2026/05/26-10:28:54  ... thread 3: (1000,1031000) ops and (603.6,8366.9) ops/second in (1.656852,123.223534) seconds
2026/05/26-10:28:55  ... thread 0: (1000,1019000) ops and (396.9,8230.5) ops/second in (2.519550,123.807592) seconds
2026/05/26-10:28:55  ... thread 2: (1000,1007000) ops and (317.6,8119.3) ops/second in (3.148478,124.025563) seconds
2026/05/26-10:28:56  ... thread 1: (1000,1045000) ops and (527.1,8363.8) ops/second in (1.897109,124.943639) seconds
2026/05/26-10:28:56  ... thread 3: (1000,1032000) ops and (453.5,8227.8) ops/second in (2.205105,125.428639) seconds
2026/05/26-10:28:57  ... thread 2: (1000,1008000) ops and (625.3,8023.9) ops/second in (1.599246,125.624809) seconds
2026/05/26-10:28:58  ... thread 1: (1000,1046000) ops and (487.4,8236.5) ops/second in (2.051730,126.995369) seconds
2026/05/26-10:28:58  ... thread 2: (1000,1009000) ops and (675.6,7938.3) ops/second in (1.480251,127.105060) seconds
2026/05/26-10:28:58  ... thread 0: (1000,1020000) ops and (284.6,8011.2) ops/second in (3.513518,127.321110) seconds
2026/05/26-10:29:00  ... thread 3: (1000,1033000) ops and (292.0,8016.9) ops/second in (3.424132,128.852771) seconds
2026/05/26-10:29:01  ... thread 0: (1000,1021000) ops and (397.9,7863.9) ops/second in (2.513439,129.834549) seconds
2026/05/26-10:29:01  ... thread 2: (1000,1010000) ops and (309.9,7749.4) ops/second in (3.227283,130.332343) seconds
2026/05/26-10:29:02  ... thread 3: (1000,1034000) ops and (401.9,7872.6) ops/second in (2.488396,131.341167) seconds
2026/05/26-10:29:03  ... thread 1: (1000,1047000) ops and (192.4,7920.2) ops/second in (5.197651,132.193020) seconds
2026/05/26-10:29:03  ... thread 0: (1000,1022000) ops and (372.0,7711.9) ops/second in (2.687891,132.522440) seconds
2026/05/26-10:29:04  ... thread 2: (1000,1011000) ops and (373.4,7600.9) ops/second in (2.678000,133.010343) seconds
2026/05/26-10:29:06  ... thread 0: (1000,1023000) ops and (465.3,7596.3) ops/second in (2.149034,134.671474) seconds
2026/05/26-10:29:06  ... thread 3: (1000,1035000) ops and (241.9,7639.8) ops/second in (4.134362,135.475529) seconds
2026/05/26-10:29:07  ... thread 1: (1000,1048000) ops and (263.9,7706.9) ops/second in (3.789637,135.982657) seconds
2026/05/26-10:29:08  ... thread 2: (1000,1012000) ops and (239.8,7377.1) ops/second in (4.170288,137.180631) seconds
2026/05/26-10:29:09  ... thread 0: (1000,1024000) ops and (298.7,7419.3) ops/second in (3.347770,138.019244) seconds
2026/05/26-10:29:10  ... thread 3: (1000,1036000) ops and (309.8,7469.2) ops/second in (3.227702,138.703231) seconds
2026/05/26-10:29:10  ... thread 1: (1000,1049000) ops and (338.4,7550.1) ops/second in (2.955338,138.937995) seconds
2026/05/26-10:29:11  ... thread 2: (1000,1013000) ops and (403.2,7253.3) ops/second in (2.480011,139.660642) seconds
2026/05/26-10:29:12  ... thread 3: (1000,1037000) ops and (492.3,7368.5) ops/second in (2.031087,140.734318) seconds
2026/05/26-10:29:12  ... thread 0: (1000,1025000) ops and (290.5,7245.8) ops/second in (3.442498,141.461742) seconds
2026/05/26-10:29:14  ... thread 1: (1000,1050000) ops and (238.2,7335.7) ops/second in (4.197281,143.135276) seconds
2026/05/26-10:29:15  ... thread 0: (1000,1026000) ops and (446.3,7139.8) ops/second in (2.240521,143.702263) seconds
2026/05/26-10:29:16  ... thread 0: (1000,1027000) ops and (567.9,7060.2) ops/second in (1.760921,145.463184) seconds
2026/05/26-10:29:17  ... thread 3: (1000,1038000) ops and (197.8,7119.9) ops/second in (5.054854,145.789172) seconds
2026/05/26-10:29:17  ... thread 2: (1000,1014000) ops and (146.7,6922.5) ops/second in (6.818288,146.478930) seconds
2026/05/26-10:29:18  ... thread 1: (1000,1051000) ops and (265.9,7154.7) ops/second in (3.761271,146.896547) seconds
2026/05/26-10:29:19  ... thread 0: (1000,1028000) ops and (370.7,6938.4) ops/second in (2.697323,148.160507) seconds
2026/05/26-10:29:20  ... thread 2: (1000,1015000) ops and (455.2,6826.9) ops/second in (2.196791,148.675721) seconds
2026/05/26-10:29:20  ... thread 3: (1000,1039000) ops and (274.6,6953.1) ops/second in (3.641240,149.430412) seconds
2026/05/26-10:29:21  ... thread 1: (1000,1052000) ops and (311.8,7008.5) ops/second in (3.207437,150.103984) seconds
2026/05/26-10:29:22  ... thread 0: (1000,1029000) ops and (304.2,6794.4) ops/second in (3.287548,151.448055) seconds
2026/05/26-10:29:22  ... thread 3: (1000,1040000) ops and (471.1,6862.3) ops/second in (2.122852,151.553264) seconds
2026/05/26-10:29:24  ... thread 0: (1000,1030000) ops and (502.3,6712.8) ops/second in (1.990930,153.438985) seconds
2026/05/26-10:29:25  ... thread 2: (1000,1016000) ops and (194.7,6605.5) ops/second in (5.136310,153.812031) seconds
2026/05/26-10:29:25  ... thread 1: (1000,1053000) ops and (254.3,6836.0) ops/second in (3.932577,154.036561) seconds
2026/05/26-10:29:27  ... thread 3: (1000,1041000) ops and (233.1,6679.8) ops/second in (4.289433,155.842697) seconds
2026/05/26-10:29:27  ... thread 2: (1000,1017000) ops and (461.0,6520.0) ops/second in (2.169328,155.981359) seconds
2026/05/26-10:29:28  ... thread 0: (1000,1031000) ops and (300.4,6576.6) ops/second in (3.329070,156.768055) seconds
2026/05/26-10:29:28  ... thread 1: (1000,1054000) ops and (284.3,6689.7) ops/second in (3.517960,157.554521) seconds
2026/05/26-10:29:31  ... thread 2: (1000,1018000) ops and (261.7,6370.4) ops/second in (3.821085,159.802444) seconds
2026/05/26-10:29:31  ... thread 3: (1000,1042000) ops and (244.7,6515.4) ops/second in (4.087206,159.929903) seconds
2026/05/26-10:29:31  ... thread 0: (1000,1032000) ops and (309.5,6450.1) ops/second in (3.230657,159.998712) seconds
2026/05/26-10:29:32  ... thread 1: (1000,1055000) ops and (329.6,6569.6) ops/second in (3.034164,160.588685) seconds
2026/05/26-10:29:33  ... thread 3: (1000,1043000) ops and (443.1,6430.9) ops/second in (2.256654,162.186557) seconds
2026/05/26-10:29:33  ... thread 0: (1000,1033000) ops and (428.2,6363.4) ops/second in (2.335184,162.333896) seconds
2026/05/26-10:29:34  ... thread 2: (1000,1019000) ops and (284.4,6239.3) ops/second in (3.516286,163.318730) seconds
2026/05/26-10:29:34  ... thread 1: (1000,1056000) ops and (342.2,6458.3) ops/second in (2.922132,163.510817) seconds
2026/05/26-10:29:34  ... thread 0: (1000,1034000) ops and (843.9,6323.4) ops/second in (1.184955,163.518851) seconds
2026/05/26-10:29:34  ... thread 3: (1000,1044000) ops and (746.3,6384.3) ops/second in (1.339903,163.526460) seconds
2026/05/26-10:29:35  ... thread 2: (24000,1043000) ops and (23202.9,6346.1) ops/second in (1.034355,164.353085) seconds
2026/05/26-10:29:35  ... thread 0: (31000,1065000) ops and (30371.3,6472.6) ops/second in (1.020699,164.539550) seconds
2026/05/26-10:29:35  ... thread 1: (32000,1088000) ops and (31046.6,6612.3) ops/second in (1.030709,164.541526) seconds
2026/05/26-10:29:35  ... thread 3: (31000,1075000) ops and (29901.8,6532.4) ops/second in (1.036727,164.563187) seconds
2026/05/26-10:29:36  ... thread 2: (27000,1070000) ops and (23707.8,6465.6) ops/second in (1.138864,165.491949) seconds
2026/05/26-10:29:36  ... thread 0: (22000,1087000) ops and (21998.5,6566.4) ops/second in (1.000068,165.539618) seconds
2026/05/26-10:29:36  ... thread 1: (23000,1111000) ops and (22557.5,6710.5) ops/second in (1.019617,165.561143) seconds
2026/05/26-10:29:36  ... thread 3: (21000,1096000) ops and (20827.4,6619.5) ops/second in (1.008288,165.571475) seconds
2026/05/26-10:29:38  ... thread 0: (29000,1116000) ops and (27645.3,6699.1) ops/second in (1.049003,166.588621) seconds
2026/05/26-10:29:38  ... thread 2: (32000,1102000) ops and (29118.1,6615.0) ops/second in (1.098973,166.590922) seconds
2026/05/26-10:29:38  ... thread 3: (29000,1125000) ops and (28123.9,6752.6) ops/second in (1.031153,166.602628) seconds
2026/05/26-10:29:38  ... thread 1: (28000,1139000) ops and (26977.8,6836.8) ops/second in (1.037892,166.599035) seconds
2026/05/26-10:29:39  ... thread 1: (18000,1157000) ops and (17714.6,6902.7) ops/second in (1.016113,167.615148) seconds
2026/05/26-10:29:39  ... thread 0: (15000,1131000) ops and (14581.9,6747.5) ops/second in (1.028675,167.617296) seconds
2026/05/26-10:29:39  ... thread 3: (15000,1140000) ops and (14739.3,6801.1) ops/second in (1.017690,167.620318) seconds
2026/05/26-10:29:39  ... thread 2: (14000,1116000) ops and (13480.9,6657.5) ops/second in (1.038503,167.629425) seconds
2026/05/26-10:29:40  ... thread 3: (31000,1171000) ops and (27202.9,6938.9) ops/second in (1.139584,168.759902) seconds
2026/05/26-10:29:40  ... thread 1: (32000,1189000) ops and (28014.5,7045.6) ops/second in (1.142264,168.757412) seconds
2026/05/26-10:29:40  ... thread 0: (31000,1162000) ops and (26955.6,6885.2) ops/second in (1.150039,168.767335) seconds
2026/05/26-10:29:40  ... thread 2: (30000,1146000) ops and (26198.8,6790.1) ops/second in (1.145089,168.774514) seconds
2026/05/26-10:29:41  ... thread 3: (31000,1202000) ops and (30964.1,7080.5) ops/second in (1.001159,169.761061) seconds
2026/05/26-10:29:41  ... thread 1: (31000,1220000) ops and (30699.2,7186.3) ops/second in (1.009798,169.767210) seconds
2026/05/26-10:29:41  ... thread 0: (29000,1191000) ops and (24440.7,7007.8) ops/second in (1.186544,169.953879) seconds
2026/05/26-10:29:41  ... thread 2: (32000,1178000) ops and (27094.8,6931.2) ops/second in (1.181038,169.955552) seconds
2026/05/26-10:29:42  ... thread 2: (15000,1193000) ops and (14752.9,6977.7) ops/second in (1.016749,170.972301) seconds
2026/05/26-10:29:42  ... thread 3: (17000,1219000) ops and (13984.1,7129.6) ops/second in (1.215665,170.976726) seconds
2026/05/26-10:29:42  ... thread 0: (17000,1208000) ops and (16620.5,7065.3) ops/second in (1.022833,170.976712) seconds
2026/05/26-10:29:42  ... thread 1: (15000,1235000) ops and (12275.0,7222.7) ops/second in (1.221998,170.989208) seconds
2026/05/26-10:29:43  ... thread 2: (40000,1233000) ops and (36905.0,7166.3) ops/second in (1.083863,172.056164) seconds
2026/05/26-10:29:43  ... thread 0: (38000,1246000) ops and (34748.7,7241.2) ops/second in (1.093566,172.070278) seconds
Initializing RocksDB Options from the specified file
Initializing RocksDB Options from command-line flags
Integrated BlobDB: blob cache disabled
Keys:       16 bytes each (+ 0 bytes user-defined timestamp)
Values:     1024 bytes each (512 bytes after compression)
Entries:    1250000
Prefix:    0 bytes
Keys per prefix:    0
RawSize:    1239.8 MB (estimated)
FileSize:   629.4 MB (estimated)
Write rate: 0 bytes/second
Read rate: 0 ops/second
Compression: Snappy
Compression sampling rate: 0
Memtablerep: SkipListFactory
Perf Level: 1
WARNING: Assertions are enabled; benchmarks unnecessarily slow
------------------------------------------------
Initializing RocksDB Options from the specified file
Initializing RocksDB Options from command-line flags
Integrated BlobDB: blob cache disabled
DB path: [/tmp/rocksdb_comp_exp_db]
fillrandom   :     137.537 micros/op 29032 ops/sec 172.223 seconds 5000000 operations;   28.8 MB/s
2026/05/26-10:29:47  ... thread 2: (1000,1000) ops and (233.9,233.9) ops/second in (4.275322,4.275322) seconds
2026/05/26-10:29:48  ... thread 1: (1000,1000) ops and (229.1,229.1) ops/second in (4.364739,4.364739) seconds
2026/05/26-10:29:48  ... thread 3: (1000,1000) ops and (226.2,226.2) ops/second in (4.420579,4.420579) seconds
2026/05/26-10:29:48  ... thread 0: (1000,1000) ops and (223.7,223.7) ops/second in (4.470748,4.470748) seconds
2026/05/26-10:29:52  ... thread 2: (1000,2000) ops and (213.8,223.4) ops/second in (4.678013,8.953335) seconds
2026/05/26-10:29:52  ... thread 0: (1000,2000) ops and (207.9,215.5) ops/second in (4.809187,9.279935) seconds
2026/05/26-10:29:52  ... thread 3: (1000,2000) ops and (205.8,215.5) ops/second in (4.860120,9.280699) seconds
2026/05/26-10:29:53  ... thread 1: (1000,2000) ops and (192.0,208.9) ops/second in (5.208588,9.573327) seconds
2026/05/26-10:29:58  ... thread 2: (1000,3000) ops and (184.3,208.6) ops/second in (5.424878,14.378213) seconds
2026/05/26-10:29:58  ... thread 0: (1000,3000) ops and (181.8,203.0) ops/second in (5.501249,14.781184) seconds
2026/05/26-10:29:58  ... thread 3: (1000,3000) ops and (172.7,199.1) ops/second in (5.790767,15.071466) seconds
2026/05/26-10:29:59  ... thread 1: (1000,3000) ops and (151.1,185.3) ops/second in (6.618689,16.192016) seconds
2026/05/26-10:30:10  ... thread 0: (1000,4000) ops and (83.3,149.3) ops/second in (12.006887,26.788071) seconds
2026/05/26-10:30:10  ... thread 2: (1000,4000) ops and (80.3,149.1) ops/second in (12.455760,26.833973) seconds
2026/05/26-10:30:11  ... thread 3: (1000,4000) ops and (75.8,141.5) ops/second in (13.198791,28.270257) seconds
2026/05/26-10:30:12  ... thread 1: (1000,4000) ops and (78.1,137.9) ops/second in (12.806352,28.998368) seconds
2026/05/26-10:30:19  ... thread 2: (1000,5000) ops and (105.3,137.6) ops/second in (9.496422,36.330395) seconds
2026/05/26-10:30:20  ... thread 0: (1000,5000) ops and (101.9,136.6) ops/second in (9.815054,36.603125) seconds
2026/05/26-10:30:20  ... thread 3: (1000,5000) ops and (111.7,134.3) ops/second in (8.951500,37.221757) seconds
2026/05/26-10:30:21  ... thread 1: (1000,5000) ops and (115.2,132.7) ops/second in (8.679966,37.678334) seconds
2026/05/26-10:30:26  ... thread 2: (1000,6000) ops and (163.9,141.4) ops/second in (6.102158,42.432553) seconds
2026/05/26-10:30:26  ... thread 0: (1000,6000) ops and (171.0,141.3) ops/second in (5.848882,42.452007) seconds
2026/05/26-10:30:26  ... thread 1: (1000,6000) ops and (202.5,140.8) ops/second in (4.937777,42.616111) seconds
2026/05/26-10:30:26  ... thread 3: (1000,6000) ops and (185.1,140.8) ops/second in (5.403038,42.624795) seconds
2026/05/26-10:30:27  ... thread 0: (2000,8000) ops and (1390.5,182.3) ops/second in (1.438303,43.890310) seconds
2026/05/26-10:30:27  ... thread 2: (2000,8000) ops and (1300.9,181.9) ops/second in (1.537393,43.969946) seconds
2026/05/26-10:30:27  ... thread 3: (2000,8000) ops and (1332.6,181.3) ops/second in (1.500845,44.125640) seconds
2026/05/26-10:30:27  ... thread 1: (2000,8000) ops and (1306.1,181.2) ops/second in (1.531322,44.147433) seconds
2026/05/26-10:30:29  ... thread 0: (2000,10000) ops and (1361.7,220.5) ops/second in (1.468727,45.359037) seconds
2026/05/26-10:30:29  ... thread 2: (2000,10000) ops and (1406.5,220.3) ops/second in (1.421956,45.391902) seconds
2026/05/26-10:30:29  ... thread 3: (2000,10000) ops and (1422.5,219.6) ops/second in (1.406014,45.531654) seconds
2026/05/26-10:30:29  ... thread 1: (2000,10000) ops and (1392.1,219.4) ops/second in (1.436719,45.584152) seconds
2026/05/26-10:30:30  ... thread 0: (2000,12000) ops and (1467.2,256.8) ops/second in (1.363185,46.722222) seconds
2026/05/26-10:30:30  ... thread 2: (2000,12000) ops and (1501.6,256.8) ops/second in (1.331923,46.723825) seconds
2026/05/26-10:30:30  ... thread 3: (2000,12000) ops and (1466.3,255.9) ops/second in (1.363988,46.895642) seconds
2026/05/26-10:30:30  ... thread 1: (2000,12000) ops and (1514.1,255.8) ops/second in (1.320923,46.905075) seconds
2026/05/26-10:30:31  ... thread 2: (2000,14000) ops and (1632.5,292.0) ops/second in (1.225085,47.948910) seconds
2026/05/26-10:30:31  ... thread 0: (2000,14000) ops and (1569.3,291.7) ops/second in (1.274467,47.996689) seconds
2026/05/26-10:30:31  ... thread 3: (2000,14000) ops and (1555.7,290.6) ops/second in (1.285557,48.181199) seconds
2026/05/26-10:30:31  ... thread 1: (2000,14000) ops and (1473.4,290.1) ops/second in (1.357417,48.262492) seconds
2026/05/26-10:30:32  ... thread 2: (2000,16000) ops and (1656.3,325.5) ops/second in (1.207518,49.156428) seconds
2026/05/26-10:30:32  ... thread 0: (2000,16000) ops and (1654.6,325.2) ops/second in (1.208727,49.205416) seconds
2026/05/26-10:30:32  ... thread 3: (2000,16000) ops and (1719.0,324.2) ops/second in (1.163471,49.344670) seconds
2026/05/26-10:30:33  ... thread 1: (2000,16000) ops and (1790.7,324.0) ops/second in (1.116888,49.379380) seconds
2026/05/26-10:30:33  ... thread 2: (2000,18000) ops and (1728.8,357.8) ops/second in (1.156886,50.313314) seconds
2026/05/26-10:30:33  ... thread 0: (2000,18000) ops and (1759.1,357.6) ops/second in (1.136959,50.342375) seconds
2026/05/26-10:30:34  ... thread 3: (2000,18000) ops and (1744.2,356.5) ops/second in (1.146654,50.491324) seconds
2026/05/26-10:30:34  ... thread 1: (2000,18000) ops and (1769.5,356.4) ops/second in (1.130257,50.509637) seconds
2026/05/26-10:30:35  ... thread 2: (2000,20000) ops and (1834.5,389.1) ops/second in (1.090190,51.403504) seconds
2026/05/26-10:30:35  ... thread 0: (2000,20000) ops and (1772.4,388.6) ops/second in (1.128427,51.470802) seconds
2026/05/26-10:30:35  ... thread 1: (2000,20000) ops and (1960.6,388.1) ops/second in (1.020080,51.529717) seconds
2026/05/26-10:30:35  ... thread 3: (2000,20000) ops and (1902.4,388.0) ops/second in (1.051301,51.542625) seconds
2026/05/26-10:30:36  ... thread 2: (2000,22000) ops and (1890.1,419.4) ops/second in (1.058126,52.461630) seconds
2026/05/26-10:30:36  ... thread 1: (3000,23000) ops and (2088.5,434.2) ops/second in (1.436450,52.966167) seconds
2026/05/26-10:30:36  ... thread 0: (3000,23000) ops and (1992.2,434.2) ops/second in (1.505859,52.976661) seconds
2026/05/26-10:30:36  ... thread 3: (3000,23000) ops and (2058.0,434.0) ops/second in (1.457719,53.000344) seconds
2026/05/26-10:30:37  ... thread 2: (3000,25000) ops and (2043.9,463.6) ops/second in (1.467783,53.929413) seconds
2026/05/26-10:30:37  ... thread 1: (3000,26000) ops and (2200.0,478.6) ops/second in (1.363648,54.329815) seconds
2026/05/26-10:30:38  ... thread 3: (3000,26000) ops and (2196.3,478.2) ops/second in (1.365957,54.366301) seconds
2026/05/26-10:30:38  ... thread 0: (3000,26000) ops and (2144.1,478.2) ops/second in (1.399199,54.375860) seconds
2026/05/26-10:30:38  ... thread 2: (3000,28000) ops and (2255.3,506.7) ops/second in (1.330199,55.259612) seconds
2026/05/26-10:30:39  ... thread 1: (3000,29000) ops and (2413.9,521.8) ops/second in (1.242820,55.572635) seconds
2026/05/26-10:30:39  ... thread 0: (3000,29000) ops and (2495.5,521.8) ops/second in (1.202162,55.578022) seconds
2026/05/26-10:30:39  ... thread 3: (3000,29000) ops and (2341.4,521.1) ops/second in (1.281286,55.647587) seconds
2026/05/26-10:30:40  ... thread 2: (3000,31000) ops and (2462.8,548.9) ops/second in (1.218113,56.477725) seconds
2026/05/26-10:30:40  ... thread 1: (3000,32000) ops and (2625.7,564.2) ops/second in (1.142567,56.715202) seconds
2026/05/26-10:30:40  ... thread 0: (3000,32000) ops and (2548.8,563.8) ops/second in (1.177036,56.755058) seconds
2026/05/26-10:30:40  ... thread 3: (3000,32000) ops and (2589.8,563.3) ops/second in (1.158372,56.805959) seconds
2026/05/26-10:30:41  ... thread 2: (3000,34000) ops and (2765.2,590.7) ops/second in (1.084918,57.562643) seconds
2026/05/26-10:30:41  ... thread 1: (3000,35000) ops and (2782.0,605.6) ops/second in (1.078364,57.793566) seconds
2026/05/26-10:30:41  ... thread 0: (3000,35000) ops and (2716.8,604.9) ops/second in (1.104235,57.859293) seconds
2026/05/26-10:30:41  ... thread 3: (3000,35000) ops and (2706.5,604.3) ops/second in (1.108430,57.914389) seconds
2026/05/26-10:30:42  ... thread 2: (4000,38000) ops and (3099.7,645.7) ops/second in (1.290453,58.853096) seconds
2026/05/26-10:30:42  ... thread 1: (4000,39000) ops and (3224.2,660.6) ops/second in (1.240602,59.034168) seconds
2026/05/26-10:30:42  ... thread 0: (4000,39000) ops and (3276.4,660.1) ops/second in (1.220864,59.080157) seconds
2026/05/26-10:30:42  ... thread 3: (4000,39000) ops and (3234.1,659.3) ops/second in (1.236809,59.151198) seconds
2026/05/26-10:30:43  ... thread 2: (4000,42000) ops and (3399.0,699.7) ops/second in (1.176806,60.029902) seconds
2026/05/26-10:30:43  ... thread 1: (4000,43000) ops and (3227.8,713.4) ops/second in (1.239233,60.273401) seconds
2026/05/26-10:30:43  ... thread 0: (4000,43000) ops and (3331.6,713.3) ops/second in (1.200611,60.280768) seconds
2026/05/26-10:30:44  ... thread 3: (4000,43000) ops and (3292.8,712.3) ops/second in (1.214761,60.365959) seconds
2026/05/26-10:30:44  ... thread 2: (4000,46000) ops and (3854.9,753.3) ops/second in (1.037642,61.067544) seconds
2026/05/26-10:30:44  ... thread 0: (4000,47000) ops and (3862.1,766.5) ops/second in (1.035705,61.316473) seconds
2026/05/26-10:30:44  ... thread 1: (4000,47000) ops and (3698.5,766.0) ops/second in (1.081525,61.354926) seconds
2026/05/26-10:30:45  ... thread 3: (4000,47000) ops and (3676.1,764.8) ops/second in (1.088122,61.454081) seconds
2026/05/26-10:30:45  ... thread 2: (5000,51000) ops and (4145.8,819.0) ops/second in (1.206031,62.273575) seconds
2026/05/26-10:30:46  ... thread 1: (5000,52000) ops and (4588.6,832.7) ops/second in (1.089656,62.444582) seconds
2026/05/26-10:30:46  ... thread 0: (5000,52000) ops and (4024.0,831.2) ops/second in (1.242555,62.559028) seconds
2026/05/26-10:30:46  ... thread 3: (5000,52000) ops and (4331.8,830.6) ops/second in (1.154263,62.608344) seconds
2026/05/26-10:30:46  ... thread 2: (5000,56000) ops and (4923.7,884.8) ops/second in (1.015505,63.289080) seconds
2026/05/26-10:30:47  ... thread 1: (5000,57000) ops and (4541.3,897.0) ops/second in (1.101004,63.545586) seconds
2026/05/26-10:30:47  ... thread 0: (5000,57000) ops and (4706.4,895.9) ops/second in (1.062384,63.621412) seconds
2026/05/26-10:30:47  ... thread 3: (5000,57000) ops and (4828.8,895.6) ops/second in (1.035444,63.643788) seconds
2026/05/26-10:30:48  ... thread 2: (6000,62000) ops and (5406.8,962.8) ops/second in (1.109718,64.398798) seconds
2026/05/26-10:30:48  ... thread 1: (6000,63000) ops and (5417.1,974.4) ops/second in (1.107607,64.653193) seconds
2026/05/26-10:30:48  ... thread 0: (6000,63000) ops and (5323.2,973.0) ops/second in (1.127139,64.748551) seconds
2026/05/26-10:30:48  ... thread 3: (6000,63000) ops and (5310.4,972.6) ops/second in (1.129849,64.773637) seconds
2026/05/26-10:30:49  ... thread 2: (7000,69000) ops and (6126.0,1052.8) ops/second in (1.142667,65.541465) seconds
2026/05/26-10:30:49  ... thread 0: (6000,69000) ops and (5959.0,1049.3) ops/second in (1.006886,65.755437) seconds
2026/05/26-10:30:49  ... thread 1: (7000,70000) ops and (6313.2,1064.4) ops/second in (1.108796,65.761989) seconds
2026/05/26-10:30:49  ... thread 3: (7000,70000) ops and (6531.7,1063.1) ops/second in (1.071692,65.845329) seconds
2026/05/26-10:30:50  ... thread 2: (8000,77000) ops and (7471.4,1155.9) ops/second in (1.070747,66.612212) seconds
2026/05/26-10:30:50  ... thread 0: (8000,77000) ops and (7403.5,1152.1) ops/second in (1.080576,66.836013) seconds
2026/05/26-10:30:50  ... thread 1: (9000,79000) ops and (8055.1,1181.2) ops/second in (1.117311,66.879300) seconds
2026/05/26-10:30:50  ... thread 3: (8000,78000) ops and (7704.1,1166.2) ops/second in (1.038407,66.883736) seconds
2026/05/26-10:30:51  ... thread 2: (9000,86000) ops and (8930.4,1271.8) ops/second in (1.007788,67.620000) seconds
2026/05/26-10:30:51  ... thread 0: (9000,86000) ops and (8994.4,1267.8) ops/second in (1.000624,67.836637) seconds
2026/05/26-10:30:51  ... thread 1: (10000,89000) ops and (9439.3,1310.0) ops/second in (1.059406,67.938706) seconds
2026/05/26-10:30:51  ... thread 3: (10000,88000) ops and (9401.7,1295.1) ops/second in (1.063636,67.947372) seconds
2026/05/26-10:30:52  ... thread 2: (11000,97000) ops and (10568.9,1412.7) ops/second in (1.040790,68.660790) seconds
2026/05/26-10:30:52  ... thread 0: (11000,97000) ops and (10510.9,1408.2) ops/second in (1.046530,68.883167) seconds
2026/05/26-10:30:52  ... thread 3: (12000,100000) ops and (11082.8,1448.6) ops/second in (1.082754,69.030126) seconds
DB path: [/tmp/rocksdb_comp_exp_db]
readrandom   :     690.031 micros/op 5783 ops/sec 69.160 seconds 400000 operations;    5.6 MB/s (98200 of 100000 found)

STATISTICS:
rocksdb.block.cache.miss COUNT : 2835635
rocksdb.block.cache.hit COUNT : 28342
rocksdb.block.cache.add COUNT : 690475
rocksdb.block.cache.add.failures COUNT : 0
rocksdb.block.cache.index.miss COUNT : 0
rocksdb.block.cache.index.hit COUNT : 0
rocksdb.block.cache.index.add COUNT : 0
rocksdb.block.cache.index.bytes.insert COUNT : 0
rocksdb.block.cache.filter.miss COUNT : 0
rocksdb.block.cache.filter.hit COUNT : 0
rocksdb.block.cache.filter.add COUNT : 0
rocksdb.block.cache.filter.bytes.insert COUNT : 0
rocksdb.block.cache.data.miss COUNT : 2835635
rocksdb.block.cache.data.hit COUNT : 28342
rocksdb.block.cache.data.add COUNT : 690475
rocksdb.block.cache.data.bytes.insert COUNT : 2971775456
rocksdb.block.cache.bytes.read COUNT : 121983968
rocksdb.block.cache.bytes.write COUNT : 2971775456
rocksdb.block.cache.compression.dict.miss COUNT : 0
rocksdb.block.cache.compression.dict.hit COUNT : 0
rocksdb.block.cache.compression.dict.add COUNT : 0
rocksdb.block.cache.compression.dict.bytes.insert COUNT : 0
rocksdb.block.cache.add.redundant COUNT : 29
rocksdb.block.cache.index.add.redundant COUNT : 0
rocksdb.block.cache.filter.add.redundant COUNT : 0
rocksdb.block.cache.data.add.redundant COUNT : 29
rocksdb.block.cache.compression.dict.add.redundant COUNT : 0
rocksdb.secondary.cache.hits COUNT : 0
rocksdb.secondary.cache.filter.hits COUNT : 0
rocksdb.secondary.cache.index.hits COUNT : 0
rocksdb.secondary.cache.data.hits COUNT : 0
rocksdb.compressed.secondary.cache.dummy.hits COUNT : 0
rocksdb.compressed.secondary.cache.hits COUNT : 0
rocksdb.compressed.secondary.cache.promotions COUNT : 0
rocksdb.compressed.secondary.cache.promotion.skips COUNT : 0
rocksdb.bloom.filter.useful COUNT : 0
rocksdb.bloom.filter.full.positive COUNT : 0
rocksdb.bloom.filter.full.true.positive COUNT : 0
rocksdb.bloom.filter.prefix.checked COUNT : 0
rocksdb.bloom.filter.prefix.useful COUNT : 0
rocksdb.bloom.filter.prefix.true.positive COUNT : 0
rocksdb.persistent.cache.hit COUNT : 0
rocksdb.persistent.cache.miss COUNT : 0
rocksdb.sim.block.cache.hit COUNT : 0
rocksdb.sim.block.cache.miss COUNT : 0
rocksdb.memtable.hit COUNT : 6848
rocksdb.memtable.miss COUNT : 393152
rocksdb.l0.hit COUNT : 13681
rocksdb.l1.hit COUNT : 103211
rocksdb.l2andup.hit COUNT : 268873
rocksdb.compaction.key.drop.new COUNT : 3320375
rocksdb.compaction.key.drop.obsolete COUNT : 0
rocksdb.compaction.key.drop.range_del COUNT : 0
rocksdb.compaction.key.drop.user COUNT : 0
rocksdb.compaction.range_del.drop.obsolete COUNT : 0
rocksdb.compaction.optimized.del.drop.obsolete COUNT : 0
rocksdb.compaction.cancelled COUNT : 0
rocksdb.compaction.aborted COUNT : 0
rocksdb.number.keys.written COUNT : 5000000
rocksdb.number.keys.read COUNT : 400000
rocksdb.number.keys.updated COUNT : 0
rocksdb.bytes.written COUNT : 5277136152
rocksdb.bytes.read COUNT : 402035712
rocksdb.number.db.seek COUNT : 0
rocksdb.number.db.next COUNT : 0
rocksdb.number.db.prev COUNT : 0
rocksdb.number.db.seek.found COUNT : 0
rocksdb.number.db.next.found COUNT : 0
rocksdb.number.db.prev.found COUNT : 0
rocksdb.db.iter.bytes.read COUNT : 0
rocksdb.number.iter.skip COUNT : 0
rocksdb.number.reseeks.iteration COUNT : 0
rocksdb.num.iterator.created COUNT : 0
rocksdb.num.iterator.deleted COUNT : 0
rocksdb.no.file.opens COUNT : 126
rocksdb.no.file.errors COUNT : 0
rocksdb.stall.micros COUNT : 135838395
rocksdb.db.mutex.wait.micros COUNT : 0
rocksdb.number.multiget.get COUNT : 0
rocksdb.number.multiget.keys.read COUNT : 0
rocksdb.number.multiget.bytes.read COUNT : 0
rocksdb.number.multiget.keys.found COUNT : 0
rocksdb.number.merge.failures COUNT : 0
rocksdb.getupdatessince.calls COUNT : 0
rocksdb.wal.synced COUNT : 0
rocksdb.wal.bytes COUNT : 5277136152
rocksdb.write.self COUNT : 4761346
rocksdb.write.other COUNT : 238654
rocksdb.write.wal COUNT : 5000000
rocksdb.compact.read.bytes COUNT : 5227940450
rocksdb.compact.write.bytes COUNT : 3226540913
rocksdb.flush.write.bytes COUNT : 2971838220
rocksdb.compact.read.marked.bytes COUNT : 0
rocksdb.compact.read.periodic.bytes COUNT : 0
rocksdb.compact.read.ttl.bytes COUNT : 0
rocksdb.compact.write.marked.bytes COUNT : 0
rocksdb.compact.write.periodic.bytes COUNT : 0
rocksdb.compact.write.ttl.bytes COUNT : 0
rocksdb.number.direct.load.table.properties COUNT : 0
rocksdb.number.superversion_acquires COUNT : 20
rocksdb.number.superversion_releases COUNT : 16
rocksdb.number.superversion_cleanups COUNT : 4
rocksdb.number.block.compressed COUNT : 2538129
rocksdb.number.block.decompressed COUNT : 2835761
rocksdb.bytes.compressed.from COUNT : 10697553472
rocksdb.bytes.compressed.to COUNT : 6185518818
rocksdb.bytes.compression_bypassed COUNT : 0
rocksdb.bytes.compression.rejected COUNT : 0
rocksdb.number.block_compression_bypassed COUNT : 0
rocksdb.number.block_compression_rejected COUNT : 0
rocksdb.bytes.decompressed.from COUNT : 6909702083
rocksdb.bytes.decompressed.to COUNT : 11946197449
rocksdb.merge.operation.time.nanos COUNT : 0
rocksdb.filter.operation.time.nanos COUNT : 0
rocksdb.compaction.total.time.cpu_micros COUNT : 35325326
rocksdb.row.cache.hit COUNT : 0
rocksdb.row.cache.miss COUNT : 0
rocksdb.read.amp.estimate.useful.bytes COUNT : 0
rocksdb.read.amp.total.read.bytes COUNT : 0
rocksdb.number.rate_limiter.drains COUNT : 0
rocksdb.blobdb.num.put COUNT : 0
rocksdb.blobdb.num.write COUNT : 0
rocksdb.blobdb.num.get COUNT : 0
rocksdb.blobdb.num.multiget COUNT : 0
rocksdb.blobdb.num.seek COUNT : 0
rocksdb.blobdb.num.next COUNT : 0
rocksdb.blobdb.num.prev COUNT : 0
rocksdb.blobdb.num.keys.written COUNT : 0
rocksdb.blobdb.num.keys.read COUNT : 0
rocksdb.blobdb.bytes.written COUNT : 0
rocksdb.blobdb.bytes.read COUNT : 0
rocksdb.blobdb.write.inlined COUNT : 0
rocksdb.blobdb.write.inlined.ttl COUNT : 0
rocksdb.blobdb.write.blob COUNT : 0
rocksdb.blobdb.write.blob.ttl COUNT : 0
rocksdb.blobdb.blob.file.bytes.written COUNT : 0
rocksdb.blobdb.blob.file.bytes.read COUNT : 0
rocksdb.blobdb.blob.file.synced COUNT : 0
rocksdb.blobdb.blob.index.expired.count COUNT : 0
rocksdb.blobdb.blob.index.expired.size COUNT : 0
rocksdb.blobdb.blob.index.evicted.count COUNT : 0
rocksdb.blobdb.blob.index.evicted.size COUNT : 0
rocksdb.blobdb.gc.num.files COUNT : 0
rocksdb.blobdb.gc.num.new.files COUNT : 0
rocksdb.blobdb.gc.failures COUNT : 0
rocksdb.blobdb.gc.num.keys.relocated COUNT : 0
rocksdb.blobdb.gc.bytes.relocated COUNT : 0
rocksdb.blobdb.fifo.num.files.evicted COUNT : 0
rocksdb.blobdb.fifo.num.keys.evicted COUNT : 0
rocksdb.blobdb.fifo.bytes.evicted COUNT : 0
rocksdb.blobdb.cache.miss COUNT : 0
rocksdb.blobdb.cache.hit COUNT : 0
rocksdb.blobdb.cache.add COUNT : 0
rocksdb.blobdb.cache.add.failures COUNT : 0
rocksdb.blobdb.cache.bytes.read COUNT : 0
rocksdb.blobdb.cache.bytes.write COUNT : 0
rocksdb.txn.overhead.mutex.prepare COUNT : 0
rocksdb.txn.overhead.mutex.old.commit.map COUNT : 0
rocksdb.txn.overhead.duplicate.key COUNT : 0
rocksdb.txn.overhead.mutex.snapshot COUNT : 0
rocksdb.txn.get.tryagain COUNT : 0
rocksdb.files.marked.trash COUNT : 0
rocksdb.files.marked.trash.deleted COUNT : 0
rocksdb.files.deleted.immediately COUNT : 194
rocksdb.error.handler.bg.error.count COUNT : 0
rocksdb.error.handler.bg.io.error.count COUNT : 0
rocksdb.error.handler.bg.retryable.io.error.count COUNT : 0
rocksdb.error.handler.autoresume.count COUNT : 0
rocksdb.error.handler.autoresume.retry.total.count COUNT : 0
rocksdb.error.handler.autoresume.success.count COUNT : 0
rocksdb.memtable.payload.bytes.at.flush COUNT : 5217272024
rocksdb.memtable.garbage.bytes.at.flush COUNT : 127545792
rocksdb.verify_checksum.read.bytes COUNT : 0
rocksdb.backup.read.bytes COUNT : 0
rocksdb.backup.write.bytes COUNT : 0
rocksdb.remote.compact.read.bytes COUNT : 0
rocksdb.remote.compact.write.bytes COUNT : 0
rocksdb.remote.compact.resumed.bytes COUNT : 0
rocksdb.hot.file.read.bytes COUNT : 0
rocksdb.warm.file.read.bytes COUNT : 0
rocksdb.cool.file.read.bytes COUNT : 0
rocksdb.cold.file.read.bytes COUNT : 0
rocksdb.ice.file.read.bytes COUNT : 0
rocksdb.hot.file.read.count COUNT : 0
rocksdb.warm.file.read.count COUNT : 0
rocksdb.cool.file.read.count COUNT : 0
rocksdb.cold.file.read.count COUNT : 0
rocksdb.ice.file.read.count COUNT : 0
rocksdb.last.level.read.bytes COUNT : 0
rocksdb.last.level.read.count COUNT : 0
rocksdb.non.last.level.read.bytes COUNT : 6924039188
rocksdb.non.last.level.read.count COUNT : 2836139
rocksdb.last.level.seek.filtered COUNT : 0
rocksdb.last.level.seek.filter.match COUNT : 0
rocksdb.last.level.seek.data COUNT : 0
rocksdb.last.level.seek.data.useful.no.filter COUNT : 0
rocksdb.last.level.seek.data.useful.filter.match COUNT : 0
rocksdb.non.last.level.seek.filtered COUNT : 0
rocksdb.non.last.level.seek.filter.match COUNT : 0
rocksdb.non.last.level.seek.data COUNT : 0
rocksdb.non.last.level.seek.data.useful.no.filter COUNT : 0
rocksdb.non.last.level.seek.data.useful.filter.match COUNT : 0
rocksdb.block.checksum.compute.count COUNT : 2835887
rocksdb.block.checksum.mismatch.count COUNT : 0
rocksdb.multiget.coroutine.count COUNT : 0
rocksdb.read.async.micros COUNT : 0
rocksdb.async.read.error.count COUNT : 0
rocksdb.table.open.prefetch.tail.miss COUNT : 0
rocksdb.table.open.prefetch.tail.hit COUNT : 0
rocksdb.timestamp.filter.table.checked COUNT : 0
rocksdb.timestamp.filter.table.filtered COUNT : 0
rocksdb.readahead.trimmed COUNT : 0
rocksdb.fifo.max.size.compactions COUNT : 0
rocksdb.fifo.ttl.compactions COUNT : 0
rocksdb.fifo.change_temperature.compactions COUNT : 0
rocksdb.prefetch.bytes COUNT : 0
rocksdb.prefetch.bytes.useful COUNT : 0
rocksdb.prefetch.hits COUNT : 0
rocksdb.footer.corruption.count COUNT : 0
rocksdb.file.read.corruption.retry.count COUNT : 0
rocksdb.file.read.corruption.retry.success.count COUNT : 0
rocksdb.number.wbwi.ingest COUNT : 0
rocksdb.sst.user.defined.index.load.fail.count COUNT : 0
rocksdb.multiscan.prepare.calls COUNT : 0
rocksdb.multiscan.prepare.errors COUNT : 0
rocksdb.multiscan.blocks.prefetched COUNT : 0
rocksdb.multiscan.blocks.from.cache COUNT : 0
rocksdb.multiscan.prefetch.bytes COUNT : 0
rocksdb.multiscan.prefetch.blocks.wasted COUNT : 0
rocksdb.multiscan.io.requests COUNT : 0
rocksdb.multiscan.io.coalesced.nonadjacent COUNT : 0
rocksdb.multiscan.seek.errors COUNT : 0
rocksdb.prefetch.memory.bytes.granted COUNT : 0
rocksdb.prefetch.memory.bytes.released COUNT : 0
rocksdb.prefetch.memory.requests.blocked COUNT : 0
rocksdb.read.path.range.tombstones.inserted COUNT : 0
rocksdb.read.path.range.tombstones.discarded COUNT : 0
rocksdb.file.open.metadata.retrieved COUNT : 0
rocksdb.file.open.metadata.passed COUNT : 0
rocksdb.manifest.validation.failure.count COUNT : 0
rocksdb.db.get.micros P50 : 14.022692 P95 : 1893.460899 P99 : 12381.274676 P100 : 979218.000000 COUNT : 400000 SUM : 275712919
rocksdb.db.write.micros P50 : 5.302610 P95 : 85.161858 P99 : 2317.352152 P100 : 899635.000000 COUNT : 5000000 SUM : 684068416
rocksdb.compaction.times.micros P50 : 18000000.000000 P95 : 97400000.000000 P99 : 107480000.000000 P100 : 108260651.000000 COUNT : 7 SUM : 210940799
rocksdb.compaction.times.cpu_micros P50 : 3600000.000000 P95 : 12530000.000000 P99 : 12858951.000000 P100 : 12858951.000000 COUNT : 7 SUM : 35325326
rocksdb.subcompaction.setup.times.micros P50 : 0.000000 P95 : 0.000000 P99 : 0.000000 P100 : 0.000000 COUNT : 0 SUM : 0
rocksdb.table.sync.micros P50 : 332539.682540 P95 : 930921.000000 P99 : 930921.000000 P100 : 930921.000000 COUNT : 80 SUM : 35666089
rocksdb.compaction.outfile.sync.micros P50 : 749523.809524 P95 : 1415587.000000 P99 : 1415587.000000 P100 : 1415587.000000 COUNT : 46 SUM : 33325552
rocksdb.wal.file.sync.micros P50 : 0.000000 P95 : 0.000000 P99 : 0.000000 P100 : 0.000000 COUNT : 0 SUM : 0
rocksdb.manifest.file.sync.micros P50 : 5746.551724 P95 : 23283.333333 P99 : 259100.000000 P100 : 373807.000000 COUNT : 93 SUM : 1074758
rocksdb.table.open.io.micros P50 : 794.814815 P95 : 5740.000000 P99 : 9042.000000 P100 : 10613.000000 COUNT : 126 SUM : 174877
rocksdb.db.multiget.micros P50 : 0.000000 P95 : 0.000000 P99 : 0.000000 P100 : 0.000000 COUNT : 0 SUM : 0
rocksdb.read.block.compaction.micros P50 : 3.584968 P95 : 13.260429 P99 : 1643.159095 P100 : 330801.000000 COUNT : 2145160 SUM : 152065459
rocksdb.read.block.get.micros P50 : 7.652801 P95 : 1559.276604 P99 : 2629.656392 P100 : 683313.000000 COUNT : 690601 SUM : 270785893
rocksdb.write.raw.block.micros P50 : 0.545349 P95 : 1.580842 P99 : 2.975427 P100 : 14526.000000 COUNT : 2538381 SUM : 7512623
rocksdb.numfiles.in.singlecompaction P50 : 9.000000 P95 : 42.000000 P99 : 42.000000 P100 : 42.000000 COUNT : 9 SUM : 122
rocksdb.db.seek.micros P50 : 0.000000 P95 : 0.000000 P99 : 0.000000 P100 : 0.000000 COUNT : 0 SUM : 0
rocksdb.db.write.stall P50 : 2145.531246 P95 : 2841.284141 P99 : 3176.962025 P100 : 899310.000000 COUNT : 64872 SUM : 135838395
rocksdb.sst.read.micros P50 : 1.009599 P95 : 1123.804185 P99 : 1788.731283 P100 : 683300.000000 COUNT : 2836139 SUM : 410697280
rocksdb.file.read.flush.micros P50 : 3.000000 P95 : 67.000000 P99 : 108.300000 P100 : 1431.000000 COUNT : 320 SUM : 6665
rocksdb.file.read.compaction.micros P50 : 0.825761 P95 : 5.531959 P99 : 1632.681821 P100 : 330769.000000 COUNT : 2145344 SUM : 144789144
rocksdb.file.read.db.open.micros P50 : 0.000000 P95 : 0.000000 P99 : 0.000000 P100 : 0.000000 COUNT : 0 SUM : 0
rocksdb.file.read.get.micros P50 : 0.000000 P95 : 0.000000 P99 : 0.000000 P100 : 0.000000 COUNT : 0 SUM : 0
rocksdb.file.read.multiget.micros P50 : 0.000000 P95 : 0.000000 P99 : 0.000000 P100 : 0.000000 COUNT : 0 SUM : 0
rocksdb.file.read.db.iterator.micros P50 : 0.000000 P95 : 0.000000 P99 : 0.000000 P100 : 0.000000 COUNT : 0 SUM : 0
rocksdb.file.read.verify.db.checksum.micros P50 : 0.000000 P95 : 0.000000 P99 : 0.000000 P100 : 0.000000 COUNT : 0 SUM : 0
rocksdb.file.read.verify.file.checksums.micros P50 : 0.000000 P95 : 0.000000 P99 : 0.000000 P100 : 0.000000 COUNT : 0 SUM : 0
rocksdb.sst.write.micros P50 : 0.503900 P95 : 0.957410 P99 : 0.997722 P100 : 14524.000000 COUNT : 5076888 SUM : 6170233
rocksdb.file.write.flush.micros P50 : 0.502798 P95 : 0.955316 P99 : 0.995540 P100 : 14524.000000 COUNT : 2428918 SUM : 2824216
rocksdb.file.write.compaction.micros P50 : 0.504915 P95 : 0.959338 P99 : 0.999731 P100 : 7376.000000 COUNT : 2647970 SUM : 3346017
rocksdb.file.write.db.open.micros P50 : 0.000000 P95 : 0.000000 P99 : 0.000000 P100 : 0.000000 COUNT : 0 SUM : 0
rocksdb.num.subcompactions.scheduled P50 : 0.000000 P95 : 0.000000 P99 : 0.000000 P100 : 0.000000 COUNT : 0 SUM : 0
rocksdb.bytes.per.read P50 : 1024.000000 P95 : 1024.000000 P99 : 1024.000000 P100 : 1024.000000 COUNT : 400000 SUM : 402035712
rocksdb.bytes.per.write P50 : 1090.316075 P95 : 1288.600543 P99 : 3429.010115 P100 : 4188.000000 COUNT : 4761346 SUM : 5277136152
rocksdb.bytes.per.multiget P50 : 0.000000 P95 : 0.000000 P99 : 0.000000 P100 : 0.000000 COUNT : 0 SUM : 0
rocksdb.compression.times.nanos P50 : 0.000000 P95 : 0.000000 P99 : 0.000000 P100 : 0.000000 COUNT : 0 SUM : 0
rocksdb.decompression.times.nanos P50 : 0.000000 P95 : 0.000000 P99 : 0.000000 P100 : 0.000000 COUNT : 0 SUM : 0
rocksdb.read.num.merge_operands P50 : 0.000000 P95 : 0.000000 P99 : 0.000000 P100 : 0.000000 COUNT : 0 SUM : 0
rocksdb.blobdb.key.size P50 : 0.000000 P95 : 0.000000 P99 : 0.000000 P100 : 0.000000 COUNT : 0 SUM : 0
rocksdb.blobdb.value.size P50 : 0.000000 P95 : 0.000000 P99 : 0.000000 P100 : 0.000000 COUNT : 0 SUM : 0
rocksdb.blobdb.write.micros P50 : 0.000000 P95 : 0.000000 P99 : 0.000000 P100 : 0.000000 COUNT : 0 SUM : 0
rocksdb.blobdb.get.micros P50 : 0.000000 P95 : 0.000000 P99 : 0.000000 P100 : 0.000000 COUNT : 0 SUM : 0
rocksdb.blobdb.multiget.micros P50 : 0.000000 P95 : 0.000000 P99 : 0.000000 P100 : 0.000000 COUNT : 0 SUM : 0
rocksdb.blobdb.seek.micros P50 : 0.000000 P95 : 0.000000 P99 : 0.000000 P100 : 0.000000 COUNT : 0 SUM : 0
rocksdb.blobdb.next.micros P50 : 0.000000 P95 : 0.000000 P99 : 0.000000 P100 : 0.000000 COUNT : 0 SUM : 0
rocksdb.blobdb.prev.micros P50 : 0.000000 P95 : 0.000000 P99 : 0.000000 P100 : 0.000000 COUNT : 0 SUM : 0
rocksdb.blobdb.blob.file.write.micros P50 : 0.000000 P95 : 0.000000 P99 : 0.000000 P100 : 0.000000 COUNT : 0 SUM : 0
rocksdb.blobdb.blob.file.read.micros P50 : 0.000000 P95 : 0.000000 P99 : 0.000000 P100 : 0.000000 COUNT : 0 SUM : 0
rocksdb.blobdb.blob.file.sync.micros P50 : 0.000000 P95 : 0.000000 P99 : 0.000000 P100 : 0.000000 COUNT : 0 SUM : 0
rocksdb.blobdb.compression.micros P50 : 0.000000 P95 : 0.000000 P99 : 0.000000 P100 : 0.000000 COUNT : 0 SUM : 0
rocksdb.blobdb.decompression.micros P50 : 0.000000 P95 : 0.000000 P99 : 0.000000 P100 : 0.000000 COUNT : 0 SUM : 0
rocksdb.db.flush.micros P50 : 529019.607843 P95 : 1154666.666667 P99 : 1209720.000000 P100 : 1209720.000000 COUNT : 80 SUM : 50597974
rocksdb.sst.batch.size P50 : 0.000000 P95 : 0.000000 P99 : 0.000000 P100 : 0.000000 COUNT : 0 SUM : 0
rocksdb.multiget.io.batch.size P50 : 0.000000 P95 : 0.000000 P99 : 0.000000 P100 : 0.000000 COUNT : 0 SUM : 0
rocksdb.num.index.and.filter.blocks.read.per.level P50 : 0.000000 P95 : 0.000000 P99 : 0.000000 P100 : 0.000000 COUNT : 0 SUM : 0
rocksdb.num.sst.read.per.level P50 : 0.000000 P95 : 0.000000 P99 : 0.000000 P100 : 0.000000 COUNT : 0 SUM : 0
rocksdb.num.level.read.per.multiget P50 : 0.000000 P95 : 0.000000 P99 : 0.000000 P100 : 0.000000 COUNT : 0 SUM : 0
rocksdb.error.handler.autoresume.retry.count P50 : 0.000000 P95 : 0.000000 P99 : 0.000000 P100 : 0.000000 COUNT : 0 SUM : 0
rocksdb.async.read.bytes P50 : 0.000000 P95 : 0.000000 P99 : 0.000000 P100 : 0.000000 COUNT : 0 SUM : 0
rocksdb.poll.wait.micros P50 : 0.000000 P95 : 0.000000 P99 : 0.000000 P100 : 0.000000 COUNT : 0 SUM : 0
rocksdb.compaction.prefetch.bytes P50 : 0.000000 P95 : 0.000000 P99 : 0.000000 P100 : 0.000000 COUNT : 0 SUM : 0
rocksdb.prefetched.bytes.discarded P50 : 0.000000 P95 : 0.000000 P99 : 0.000000 P100 : 0.000000 COUNT : 0 SUM : 0
rocksdb.async.prefetch.abort.micros P50 : 0.000000 P95 : 0.000000 P99 : 0.000000 P100 : 0.000000 COUNT : 0 SUM : 0
rocksdb.table.open.prefetch.tail.read.bytes P50 : 0.000000 P95 : 0.000000 P99 : 0.000000 P100 : 0.000000 COUNT : 0 SUM : 0
rocksdb.num.op.per.transaction P50 : 0.000000 P95 : 0.000000 P99 : 0.000000 P100 : 0.000000 COUNT : 0 SUM : 0
rocksdb.multiscan.op.prepare.iterators.micros P50 : 0.000000 P95 : 0.000000 P99 : 0.000000 P100 : 0.000000 COUNT : 0 SUM : 0
rocksdb.multiscan.prepare.micros P50 : 0.000000 P95 : 0.000000 P99 : 0.000000 P100 : 0.000000 COUNT : 0 SUM : 0
rocksdb.multiscan.blocks.per.prepare P50 : 0.000000 P95 : 0.000000 P99 : 0.000000 P100 : 0.000000 COUNT : 0 SUM : 0
rocksdb.block.key.distribution.cv P50 : 0.000000 P95 : 0.000000 P99 : 0.000000 P100 : 0.000000 COUNT : 0 SUM : 0

[EXPERIMENT_COMPLETED]
