RocksDB:    version 11.3.0
Date:       Tue May 26 11:03:09 2026
CPU:        2 * Intel Xeon Processor (SapphireRapids)
CPUCache:   16384 KB
2026/05/26-11:03:10  ... thread 2: (33000,33000) ops and (32946.2,32946.2) ops/second in (1.001634,1.001634) seconds
2026/05/26-11:03:10  ... thread 0: (35000,35000) ops and (34884.7,34884.7) ops/second in (1.003304,1.003304) seconds
2026/05/26-11:03:10  ... thread 3: (39000,39000) ops and (38469.6,38469.6) ops/second in (1.013788,1.013788) seconds
2026/05/26-11:03:10  ... thread 1: (44000,44000) ops and (42690.1,42690.1) ops/second in (1.030684,1.030684) seconds
2026/05/26-11:03:11  ... thread 0: (32000,67000) ops and (31951.7,33419.5) ops/second in (1.001513,2.004817) seconds
2026/05/26-11:03:11  ... thread 2: (33000,66000) ops and (32485.0,32714.0) ops/second in (1.015853,2.017487) seconds
2026/05/26-11:03:11  ... thread 3: (31000,70000) ops and (30038.4,34216.4) ops/second in (1.032014,2.045802) seconds
2026/05/26-11:03:11  ... thread 1: (27000,71000) ops and (26342.0,34538.7) ops/second in (1.024979,2.055663) seconds
2026/05/26-11:03:12  ... thread 0: (32000,99000) ops and (31979.6,32940.1) ops/second in (1.000637,3.005454) seconds
2026/05/26-11:03:12  ... thread 2: (30000,96000) ops and (28792.7,31378.5) ops/second in (1.041931,3.059418) seconds
2026/05/26-11:03:12  ... thread 3: (29000,99000) ops and (28572.0,32344.7) ops/second in (1.014978,3.060780) seconds
2026/05/26-11:03:12  ... thread 1: (29000,100000) ops and (28653.6,32597.1) ops/second in (1.012090,3.067753) seconds
2026/05/26-11:03:13  ... thread 0: (20000,119000) ops and (19833.0,29647.2) ops/second in (1.008422,4.013876) seconds
2026/05/26-11:03:13  ... thread 2: (16000,112000) ops and (15922.9,27557.3) ops/second in (1.004841,4.064259) seconds
2026/05/26-11:03:13  ... thread 3: (13000,112000) ops and (12857.1,27505.6) ops/second in (1.011113,4.071893) seconds
2026/05/26-11:03:13  ... thread 1: (13000,113000) ops and (12866.5,27708.8) ops/second in (1.010375,4.078128) seconds
2026/05/26-11:03:14  ... thread 0: (12000,131000) ops and (11979.0,26118.4) ops/second in (1.001752,5.015628) seconds
2026/05/26-11:03:14  ... thread 2: (15000,127000) ops and (14891.6,25041.7) ops/second in (1.007278,5.071537) seconds
2026/05/26-11:03:14  ... thread 3: (14000,126000) ops and (13872.7,24797.9) ops/second in (1.009179,5.081072) seconds
2026/05/26-11:03:14  ... thread 1: (16000,129000) ops and (15378.3,25202.4) ops/second in (1.040428,5.118556) seconds
2026/05/26-11:03:15  ... thread 0: (30000,161000) ops and (29089.6,26625.1) ops/second in (1.031298,6.046926) seconds
2026/05/26-11:03:15  ... thread 3: (37000,163000) ops and (36717.8,26770.6) ops/second in (1.007686,6.088758) seconds
2026/05/26-11:03:15  ... thread 2: (27000,154000) ops and (26507.6,25286.9) ops/second in (1.018574,6.090111) seconds
2026/05/26-11:03:15  ... thread 1: (38000,167000) ops and (37801.7,27270.6) ops/second in (1.005246,6.123802) seconds
2026/05/26-11:03:16  ... thread 0: (17000,178000) ops and (16729.6,25201.4) ops/second in (1.016160,7.063086) seconds
2026/05/26-11:03:16  ... thread 2: (17000,171000) ops and (16671.3,24051.2) ops/second in (1.019714,7.109825) seconds
2026/05/26-11:03:16  ... thread 3: (10000,173000) ops and (9599.7,24262.1) ops/second in (1.041701,7.130459) seconds
2026/05/26-11:03:16  ... thread 1: (15000,182000) ops and (14657.7,25464.7) ops/second in (1.023350,7.147152) seconds
2026/05/26-11:03:17  ... thread 0: (13000,191000) ops and (12992.6,23686.5) ops/second in (1.000568,8.063654) seconds
2026/05/26-11:03:17  ... thread 2: (12000,183000) ops and (11946.2,22552.7) ops/second in (1.004504,8.114329) seconds
2026/05/26-11:03:17  ... thread 3: (16000,189000) ops and (15684.5,23188.6) ops/second in (1.020115,8.150574) seconds
2026/05/26-11:03:17  ... thread 1: (13000,195000) ops and (12875.8,23906.4) ops/second in (1.009644,8.156796) seconds
2026/05/26-11:03:18  ... thread 1: (11000,206000) ops and (10394.0,22354.6) ops/second in (1.058304,9.215100) seconds
2026/05/26-11:03:18  ... thread 3: (13000,202000) ops and (12115.0,21900.3) ops/second in (1.073051,9.223625) seconds
2026/05/26-11:03:18  ... thread 0: (16000,207000) ops and (13586.2,22399.4) ops/second in (1.177665,9.241319) seconds
2026/05/26-11:03:18  ... thread 2: (13000,196000) ops and (11479.3,21196.5) ops/second in (1.132473,9.246802) seconds
2026/05/26-11:03:19  ... thread 2: (15000,211000) ops and (14931.9,20582.6) ops/second in (1.004563,10.251365) seconds
2026/05/26-11:03:19  ... thread 0: (16000,223000) ops and (15797.4,21747.3) ops/second in (1.012825,10.254144) seconds
2026/05/26-11:03:19  ... thread 1: (16000,222000) ops and (15170.8,21616.9) ops/second in (1.054658,10.269758) seconds
2026/05/26-11:03:19  ... thread 3: (15000,217000) ops and (14272.2,21120.0) ops/second in (1.050995,10.274620) seconds
2026/05/26-11:03:21  ... thread 2: (33000,244000) ops and (21104.4,20651.7) ops/second in (1.563658,11.815023) seconds
2026/05/26-11:03:21  ... thread 0: (31000,254000) ops and (19777.9,21486.2) ops/second in (1.567409,11.821553) seconds
2026/05/26-11:03:21  ... thread 3: (30000,247000) ops and (19302.6,20881.2) ops/second in (1.554192,11.828812) seconds
2026/05/26-11:03:21  ... thread 1: (30000,252000) ops and (19107.3,21284.1) ops/second in (1.570082,11.839840) seconds
2026/05/26-11:03:22  ... thread 1: (18000,270000) ops and (15142.2,20723.7) ops/second in (1.188729,13.028569) seconds
2026/05/26-11:03:22  ... thread 3: (15000,262000) ops and (12368.3,20089.6) ops/second in (1.212776,13.041588) seconds
2026/05/26-11:03:22  ... thread 0: (15000,269000) ops and (12273.4,20623.0) ops/second in (1.222154,13.043707) seconds
2026/05/26-11:03:22  ... thread 2: (15000,259000) ops and (12109.6,19841.1) ops/second in (1.238689,13.053712) seconds
2026/05/26-11:03:23  ... thread 3: (31000,293000) ops and (20413.3,20123.3) ops/second in (1.518621,14.560209) seconds
2026/05/26-11:03:23  ... thread 2: (28000,287000) ops and (18577.8,19710.3) ops/second in (1.507178,14.560890) seconds
2026/05/26-11:03:23  ... thread 1: (34000,304000) ops and (22147.4,20873.8) ops/second in (1.535167,14.563736) seconds
2026/05/26-11:03:23  ... thread 0: (31000,300000) ops and (20301.0,20589.2) ops/second in (1.527022,14.570729) seconds
2026/05/26-11:03:25  ... thread 0: (17000,317000) ops and (14224.8,20106.8) ops/second in (1.195095,15.765824) seconds
2026/05/26-11:03:25  ... thread 3: (16000,309000) ops and (13110.0,19580.9) ops/second in (1.220443,15.780652) seconds
2026/05/26-11:03:25  ... thread 1: (13000,317000) ops and (10637.6,20081.3) ops/second in (1.222080,15.785816) seconds
2026/05/26-11:03:25  ... thread 2: (17000,304000) ops and (13757.0,19244.6) ops/second in (1.235732,15.796622) seconds
2026/05/26-11:03:26  ... thread 3: (15000,324000) ops and (12530.5,19083.8) ops/second in (1.197078,16.977730) seconds
2026/05/26-11:03:26  ... thread 2: (16000,320000) ops and (13526.7,18846.3) ops/second in (1.182842,16.979464) seconds
2026/05/26-11:03:26  ... thread 0: (16000,333000) ops and (13189.4,19612.6) ops/second in (1.213097,16.978921) seconds
2026/05/26-11:03:26  ... thread 1: (15000,332000) ops and (12548.6,19551.1) ops/second in (1.195349,16.981165) seconds
2026/05/26-11:03:27  ... thread 2: (19000,339000) ops and (18817.7,18844.7) ops/second in (1.009686,17.989150) seconds
2026/05/26-11:03:27  ... thread 0: (18000,351000) ops and (17840.2,19513.1) ops/second in (1.008957,17.987878) seconds
2026/05/26-11:03:27  ... thread 3: (21000,345000) ops and (20588.5,19169.1) ops/second in (1.019986,17.997716) seconds
2026/05/26-11:03:27  ... thread 1: (22000,354000) ops and (21538.9,19663.9) ops/second in (1.021407,18.002572) seconds
2026/05/26-11:03:28  ... thread 1: (10000,364000) ops and (9300.3,19079.8) ops/second in (1.075233,19.077805) seconds
2026/05/26-11:03:28  ... thread 3: (12000,357000) ops and (10949.3,18697.3) ops/second in (1.095957,19.093673) seconds
2026/05/26-11:03:28  ... thread 2: (10000,349000) ops and (9047.3,18277.6) ops/second in (1.105302,19.094452) seconds
2026/05/26-11:03:28  ... thread 0: (12000,363000) ops and (10766.1,19002.8) ops/second in (1.114607,19.102485) seconds
2026/05/26-11:03:29  ... thread 3: (16000,373000) ops and (13015.2,18353.6) ops/second in (1.229329,20.323002) seconds
2026/05/26-11:03:29  ... thread 0: (17000,380000) ops and (13923.5,18697.6) ops/second in (1.220953,20.323438) seconds
2026/05/26-11:03:29  ... thread 2: (14000,363000) ops and (11375.6,17859.6) ops/second in (1.230699,20.325151) seconds
2026/05/26-11:03:29  ... thread 1: (16000,380000) ops and (12484.8,18664.6) ops/second in (1.281563,20.359368) seconds
2026/05/26-11:03:31  ... thread 2: (29000,392000) ops and (18213.4,17885.3) ops/second in (1.592238,21.917389) seconds
2026/05/26-11:03:31  ... thread 1: (30000,410000) ops and (19301.7,18709.8) ops/second in (1.554267,21.913635) seconds
2026/05/26-11:03:31  ... thread 0: (33000,413000) ops and (20573.2,18834.8) ops/second in (1.604027,21.927465) seconds
2026/05/26-11:03:31  ... thread 3: (31000,404000) ops and (18938.5,18397.2) ops/second in (1.636875,21.959877) seconds
2026/05/26-11:03:32  ... thread 2: (13000,405000) ops and (10832.3,17519.2) ops/second in (1.200111,23.117500) seconds
2026/05/26-11:03:32  ... thread 3: (15000,419000) ops and (12874.7,18119.0) ops/second in (1.165076,23.124953) seconds
2026/05/26-11:03:32  ... thread 0: (20000,433000) ops and (16629.1,18720.1) ops/second in (1.202708,23.130173) seconds
2026/05/26-11:03:32  ... thread 1: (15000,425000) ops and (12307.3,18372.5) ops/second in (1.218793,23.132428) seconds
2026/05/26-11:03:33  ... thread 2: (29000,434000) ops and (28939.8,17993.7) ops/second in (1.002080,24.119580) seconds
2026/05/26-11:03:33  ... thread 0: (29000,462000) ops and (28784.1,19140.2) ops/second in (1.007502,24.137675) seconds
2026/05/26-11:03:33  ... thread 3: (30000,449000) ops and (29467.8,18597.5) ops/second in (1.018059,24.143012) seconds
2026/05/26-11:03:33  ... thread 1: (31000,456000) ops and (30316.5,18878.1) ops/second in (1.022547,24.154975) seconds
2026/05/26-11:03:34  ... thread 0: (29000,491000) ops and (28789.1,19526.7) ops/second in (1.007324,25.144999) seconds
2026/05/26-11:03:34  ... thread 2: (27000,461000) ops and (26025.7,18324.9) ops/second in (1.037437,25.157017) seconds
2026/05/26-11:03:34  ... thread 3: (29000,478000) ops and (28378.7,18994.7) ops/second in (1.021892,25.164904) seconds
2026/05/26-11:03:34  ... thread 1: (29000,485000) ops and (28724.0,19273.1) ops/second in (1.009608,25.164583) seconds
2026/05/26-11:03:35  ... thread 0: (11000,502000) ops and (10867.4,19191.7) ops/second in (1.012200,26.157199) seconds
2026/05/26-11:03:35  ... thread 2: (12000,473000) ops and (11950.1,18080.2) ops/second in (1.004174,26.161191) seconds
2026/05/26-11:03:35  ... thread 3: (11000,489000) ops and (10916.7,18683.7) ops/second in (1.007633,26.172537) seconds
2026/05/26-11:03:35  ... thread 1: (10000,495000) ops and (9749.5,18900.1) ops/second in (1.025695,26.190278) seconds
2026/05/26-11:03:36  ... thread 2: (33000,506000) ops and (32768.2,18624.7) ops/second in (1.007074,27.168265) seconds
2026/05/26-11:03:36  ... thread 3: (27000,516000) ops and (26841.3,18985.6) ops/second in (1.005913,27.178450) seconds
2026/05/26-11:03:36  ... thread 0: (31000,533000) ops and (30019.5,19602.9) ops/second in (1.032662,27.189861) seconds
2026/05/26-11:03:36  ... thread 1: (28000,523000) ops and (27923.8,19232.9) ops/second in (1.002728,27.193006) seconds
2026/05/26-11:03:37  ... thread 2: (11000,517000) ops and (10329.8,18311.8) ops/second in (1.064880,28.233145) seconds
2026/05/26-11:03:37  ... thread 3: (12000,528000) ops and (10434.6,18638.5) ops/second in (1.150020,28.328470) seconds
2026/05/26-11:03:38  ... thread 1: (10000,533000) ops and (6269.3,18514.6) ops/second in (1.595082,28.788088) seconds
2026/05/26-11:03:38  ... thread 0: (11000,544000) ops and (6822.6,18887.5) ops/second in (1.612278,28.802139) seconds
2026/05/26-11:03:38  ... thread 2: (2000,519000) ops and (1938.2,17734.5) ops/second in (1.031899,29.265044) seconds
2026/05/26-11:03:38  ... thread 3: (2000,530000) ops and (1711.2,17967.8) ops/second in (1.168781,29.497251) seconds
2026/05/26-11:03:39  ... thread 1: (3000,536000) ops and (2434.5,17854.6) ops/second in (1.232270,30.020358) seconds
2026/05/26-11:03:39  ... thread 0: (2000,546000) ops and (1312.0,18004.0) ops/second in (1.524432,30.326571) seconds
2026/05/26-11:03:39  ... thread 2: (2000,521000) ops and (1867.0,17174.2) ops/second in (1.071228,30.336272) seconds
2026/05/26-11:03:39  ... thread 3: (9000,539000) ops and (8851.3,17664.0) ops/second in (1.016795,30.514046) seconds
2026/05/26-11:03:40  ... thread 1: (23000,559000) ops and (22756.6,18014.2) ops/second in (1.010697,31.031055) seconds
2026/05/26-11:03:40  ... thread 0: (31000,577000) ops and (30323.8,18405.8) ops/second in (1.022301,31.348872) seconds
2026/05/26-11:03:40  ... thread 2: (33000,554000) ops and (31544.9,17653.2) ops/second in (1.046128,31.382400) seconds
2026/05/26-11:03:40  ... thread 3: (32000,571000) ops and (31839.7,18116.0) ops/second in (1.005035,31.519081) seconds
2026/05/26-11:03:41  ... thread 1: (26000,585000) ops and (25837.8,18259.9) ops/second in (1.006277,32.037332) seconds
2026/05/26-11:03:41  ... thread 0: (26000,603000) ops and (25673.6,18633.2) ops/second in (1.012712,32.361584) seconds
2026/05/26-11:03:41  ... thread 2: (29000,583000) ops and (28664.4,17997.1) ops/second in (1.011707,32.394107) seconds
2026/05/26-11:03:41  ... thread 3: (24000,595000) ops and (23225.4,18278.2) ops/second in (1.033350,32.552431) seconds
2026/05/26-11:03:42  ... thread 1: (30000,615000) ops and (29774.7,18611.0) ops/second in (1.007566,33.044898) seconds
2026/05/26-11:03:43  ... thread 2: (31000,614000) ops and (19519.3,18068.2) ops/second in (1.588171,33.982278) seconds
2026/05/26-11:03:43  ... thread 0: (30000,633000) ops and (18281.3,18616.2) ops/second in (1.641025,34.002609) seconds
2026/05/26-11:03:43  ... thread 3: (24000,619000) ops and (16447.1,18199.6) ops/second in (1.459225,34.011656) seconds
2026/05/26-11:03:43  ... thread 1: (13000,628000) ops and (12985.9,18445.6) ops/second in (1.001082,34.045980) seconds
2026/05/26-11:03:44  ... thread 0: (17000,650000) ops and (14749.2,18489.4) ops/second in (1.152605,35.155214) seconds
2026/05/26-11:03:44  ... thread 3: (14000,633000) ops and (11498.9,17968.1) ops/second in (1.217513,35.229169) seconds
2026/05/26-11:03:44  ... thread 1: (13000,641000) ops and (8211.1,17990.9) ops/second in (1.583231,35.629211) seconds
2026/05/26-11:03:45  ... thread 2: (19000,633000) ops and (10681.8,17700.8) ops/second in (1.778734,35.761012) seconds
2026/05/26-11:03:45  ... thread 0: (2000,652000) ops and (1466.8,17853.8) ops/second in (1.363547,36.518761) seconds
2026/05/26-11:03:45  ... thread 3: (2000,635000) ops and (1472.6,17355.7) ops/second in (1.358176,36.587345) seconds
2026/05/26-11:03:46  ... thread 1: (3000,644000) ops and (2253.0,17423.9) ops/second in (1.331570,36.960781) seconds
2026/05/26-11:03:46  ... thread 2: (2000,635000) ops and (1271.5,17008.6) ops/second in (1.572994,37.334006) seconds
2026/05/26-11:03:47  ... thread 3: (2000,637000) ops and (1746.3,16881.9) ops/second in (1.145263,37.732608) seconds
2026/05/26-11:03:47  ... thread 0: (2000,654000) ops and (1398.4,17233.7) ops/second in (1.430157,37.948918) seconds
2026/05/26-11:03:47  ... thread 1: (3000,647000) ops and (2025.1,16830.5) ops/second in (1.481378,38.442159) seconds
2026/05/26-11:03:48  ... thread 2: (2000,637000) ops and (1218.5,16343.7) ops/second in (1.641369,38.975375) seconds
2026/05/26-11:03:48  ... thread 3: (2000,639000) ops and (1468.6,16345.0) ops/second in (1.361876,39.094484) seconds
2026/05/26-11:03:49  ... thread 0: (3000,657000) ops and (1763.7,16570.0) ops/second in (1.700974,39.649892) seconds
2026/05/26-11:03:49  ... thread 1: (2000,649000) ops and (1255.9,16211.0) ops/second in (1.592459,40.034618) seconds
2026/05/26-11:03:49  ... thread 2: (4000,641000) ops and (2882.4,15880.8) ops/second in (1.387728,40.363103) seconds
2026/05/26-11:03:50  ... thread 0: (2000,659000) ops and (1787.0,16164.2) ops/second in (1.119166,40.769058) seconds
2026/05/26-11:03:50  ... thread 3: (2000,641000) ops and (1106.1,15671.3) ops/second in (1.808214,40.902698) seconds
2026/05/26-11:03:50  ... thread 1: (2000,651000) ops and (1693.1,15794.9) ops/second in (1.181269,41.215887) seconds
2026/05/26-11:03:50  ... thread 2: (2000,643000) ops and (1844.5,15513.6) ops/second in (1.084330,41.447433) seconds
2026/05/26-11:03:51  ... thread 3: (2000,643000) ops and (1383.4,15183.6) ops/second in (1.445667,42.348365) seconds
2026/05/26-11:03:51  ... thread 1: (3000,654000) ops and (2620.5,15438.8) ops/second in (1.144838,42.360725) seconds
2026/05/26-11:03:52  ... thread 0: (2000,661000) ops and (996.0,15452.2) ops/second in (2.007935,42.776993) seconds
2026/05/26-11:03:52  ... thread 2: (2000,645000) ops and (1188.6,14954.7) ops/second in (1.682708,43.130141) seconds
2026/05/26-11:03:53  ... thread 1: (2000,656000) ops and (1505.1,15015.0) ops/second in (1.328823,43.689548) seconds
2026/05/26-11:03:53  ... thread 3: (3000,646000) ops and (1994.8,14731.3) ops/second in (1.503882,43.852247) seconds
2026/05/26-11:03:53  ... thread 2: (2000,647000) ops and (1801.9,14624.8) ops/second in (1.109919,44.240060) seconds
2026/05/26-11:03:53  ... thread 0: (2000,663000) ops and (1287.4,14955.8) ops/second in (1.553506,44.330499) seconds
2026/05/26-11:03:54  ... thread 3: (1000,647000) ops and (874.0,14378.9) ops/second in (1.144199,44.996446) seconds
2026/05/26-11:03:54  ... thread 1: (2000,658000) ops and (1102.7,14460.5) ops/second in (1.813660,45.503208) seconds
2026/05/26-11:03:55  ... thread 0: (2000,665000) ops and (1262.1,14483.2) ops/second in (1.584685,45.915184) seconds
2026/05/26-11:03:55  ... thread 2: (3000,650000) ops and (1542.5,14073.9) ops/second in (1.944865,46.184925) seconds
2026/05/26-11:03:56  ... thread 3: (1000,648000) ops and (470.5,13751.6) ops/second in (2.125233,47.121679) seconds
2026/05/26-11:03:56  ... thread 0: (2000,667000) ops and (1625.1,14147.6) ops/second in (1.230664,47.145848) seconds
2026/05/26-11:03:56  ... thread 1: (2000,660000) ops and (1092.2,13943.3) ops/second in (1.831224,47.334432) seconds
2026/05/26-11:03:57  ... thread 2: (2000,652000) ops and (1243.9,13642.2) ops/second in (1.607834,47.792759) seconds
2026/05/26-11:03:57  ... thread 3: (1000,649000) ops and (814.4,13423.1) ops/second in (1.227954,48.349633) seconds
2026/05/26-11:03:57  ... thread 0: (1000,668000) ops and (733.3,13770.5) ops/second in (1.363670,48.509518) seconds
2026/05/26-11:03:57  ... thread 1: (1000,661000) ops and (829.1,13617.5) ops/second in (1.206073,48.540505) seconds
2026/05/26-11:03:58  ... thread 2: (2000,654000) ops and (1096.1,13180.9) ops/second in (1.824658,49.617417) seconds
2026/05/26-11:03:59  ... thread 1: (1000,662000) ops and (733.1,13265.3) ops/second in (1.364088,49.904593) seconds
2026/05/26-11:03:59  ... thread 0: (2000,670000) ops and (1372.6,13409.0) ops/second in (1.457038,49.966556) seconds
2026/05/26-11:03:59  ... thread 3: (2000,651000) ops and (1092.3,12973.1) ops/second in (1.831030,50.180663) seconds
2026/05/26-11:04:00  ... thread 0: (2000,672000) ops and (1454.2,13088.7) ops/second in (1.375306,51.341862) seconds
2026/05/26-11:04:01  ... thread 3: (1000,652000) ops and (667.3,12616.3) ops/second in (1.498553,51.679216) seconds
2026/05/26-11:04:01  ... thread 2: (2000,656000) ops and (918.9,12665.6) ops/second in (2.176572,51.793989) seconds
2026/05/26-11:04:01  ... thread 1: (2000,664000) ops and (863.3,12715.1) ops/second in (2.316664,52.221257) seconds
2026/05/26-11:04:02  ... thread 3: (1000,653000) ops and (692.6,12292.2) ops/second in (1.443874,53.123090) seconds
2026/05/26-11:04:02  ... thread 2: (2000,658000) ops and (1385.7,12359.7) ops/second in (1.443356,53.237345) seconds
2026/05/26-11:04:02  ... thread 0: (3000,675000) ops and (1451.9,12638.5) ops/second in (2.066290,53.408152) seconds
2026/05/26-11:04:02  ... thread 1: (1000,665000) ops and (766.7,12424.0) ops/second in (1.304280,53.525537) seconds
2026/05/26-11:04:03  ... thread 3: (1000,654000) ops and (994.8,12082.4) ops/second in (1.005183,54.128273) seconds
2026/05/26-11:04:03  ... thread 0: (1000,676000) ops and (858.9,12387.2) ops/second in (1.164214,54.572366) seconds
2026/05/26-11:04:04  ... thread 1: (2000,667000) ops and (1714.2,12195.5) ops/second in (1.166710,54.692247) seconds
2026/05/26-11:04:04  ... thread 2: (1000,659000) ops and (526.7,11952.2) ops/second in (1.898794,55.136139) seconds
2026/05/26-11:04:04  ... thread 3: (1000,655000) ops and (914.0,11861.1) ops/second in (1.094143,55.222416) seconds
2026/05/26-11:04:04  ... thread 0: (9000,685000) ops and (8845.7,12322.4) ops/second in (1.017443,55.589809) seconds
2026/05/26-11:04:05  ... thread 1: (14000,681000) ops and (13770.1,12224.2) ops/second in (1.016697,55.708944) seconds
2026/05/26-11:04:05  ... thread 2: (21000,680000) ops and (20525.8,12108.4) ops/second in (1.023103,56.159242) seconds
2026/05/26-11:04:05  ... thread 3: (30000,685000) ops and (29593.0,12180.8) ops/second in (1.013753,56.236169) seconds
2026/05/26-11:04:06  ... thread 0: (26000,711000) ops and (23963.5,12545.3) ops/second in (1.084985,56.674794) seconds
2026/05/26-11:04:06  ... thread 1: (25000,706000) ops and (24953.8,12449.1) ops/second in (1.001851,56.710795) seconds
2026/05/26-11:04:06  ... thread 2: (26000,706000) ops and (25740.8,12349.3) ops/second in (1.010069,57.169311) seconds
2026/05/26-11:04:07  ... thread 3: (23000,708000) ops and (14656.8,12248.0) ops/second in (1.569237,57.805406) seconds
2026/05/26-11:04:07  ... thread 0: (15000,726000) ops and (13199.6,12558.1) ops/second in (1.136396,57.811190) seconds
2026/05/26-11:04:07  ... thread 1: (16000,722000) ops and (14545.2,12489.0) ops/second in (1.100022,57.810817) seconds
2026/05/26-11:04:07  ... thread 2: (17000,723000) ops and (16528.9,12423.1) ops/second in (1.028501,58.197812) seconds
2026/05/26-11:04:08  ... thread 1: (28000,750000) ops and (27876.7,12751.8) ops/second in (1.004424,58.815241) seconds
2026/05/26-11:04:08  ... thread 0: (29000,755000) ops and (28747.2,12835.8) ops/second in (1.008795,58.819985) seconds
2026/05/26-11:04:08  ... thread 3: (26000,734000) ops and (25430.5,12477.1) ops/second in (1.022393,58.827799) seconds
2026/05/26-11:04:08  ... thread 2: (22000,745000) ops and (21617.4,12581.2) ops/second in (1.017700,59.215512) seconds
2026/05/26-11:04:09  ... thread 0: (17000,772000) ops and (12173.6,12820.4) ops/second in (1.396469,60.216454) seconds
2026/05/26-11:04:09  ... thread 1: (20000,770000) ops and (14266.2,12787.1) ops/second in (1.401912,60.217153) seconds
2026/05/26-11:04:09  ... thread 2: (9000,754000) ops and (8762.9,12516.1) ops/second in (1.027060,60.242572) seconds
2026/05/26-11:04:09  ... thread 3: (21000,755000) ops and (14473.4,12525.1) ops/second in (1.450934,60.278733) seconds
2026/05/26-11:04:10  ... thread 0: (25000,797000) ops and (24931.8,13018.8) ops/second in (1.002734,61.219188) seconds
2026/05/26-11:04:10  ... thread 1: (26000,796000) ops and (25929.0,13002.3) ops/second in (1.002739,61.219892) seconds
2026/05/26-11:04:10  ... thread 2: (28000,782000) ops and (27884.4,12768.0) ops/second in (1.004147,61.246719) seconds
2026/05/26-11:04:10  ... thread 3: (27000,782000) ops and (26100.8,12754.2) ops/second in (1.034452,61.313185) seconds
2026/05/26-11:04:11  ... thread 0: (32000,829000) ops and (31426.2,13320.0) ops/second in (1.018260,62.237448) seconds
2026/05/26-11:04:11  ... thread 2: (29000,811000) ops and (28963.2,13028.5) ops/second in (1.001269,62.247988) seconds
2026/05/26-11:04:11  ... thread 1: (30000,826000) ops and (27949.4,13259.9) ops/second in (1.073368,62.293260) seconds
2026/05/26-11:04:11  ... thread 3: (30000,812000) ops and (29391.0,13026.6) ops/second in (1.020720,62.333905) seconds
2026/05/26-11:04:12  ... thread 3: (16000,828000) ops and (13967.2,13043.6) ops/second in (1.145538,63.479443) seconds
2026/05/26-11:04:12  ... thread 2: (24000,835000) ops and (19447.5,13153.3) ops/second in (1.234089,63.482077) seconds
2026/05/26-11:04:12  ... thread 0: (24000,853000) ops and (19264.2,13436.6) ops/second in (1.245834,63.483282) seconds
2026/05/26-11:04:12  ... thread 1: (20000,846000) ops and (16769.9,13325.8) ops/second in (1.192614,63.485874) seconds
2026/05/26-11:04:13  ... thread 2: (15000,850000) ops and (14762.5,13178.7) ops/second in (1.016088,64.498165) seconds
2026/05/26-11:04:13  ... thread 1: (18000,864000) ops and (17210.6,13388.8) ops/second in (1.045865,64.531739) seconds
2026/05/26-11:04:14  ... thread 0: (14000,867000) ops and (10319.8,13371.4) ops/second in (1.356614,64.839896) seconds
2026/05/26-11:04:14  ... thread 3: (17000,845000) ops and (12059.9,13022.2) ops/second in (1.409627,64.889070) seconds
2026/05/26-11:04:14  ... thread 2: (2000,852000) ops and (1861.2,12993.2) ops/second in (1.074585,65.572750) seconds
2026/05/26-11:04:15  ... thread 1: (2000,866000) ops and (1564.0,13159.0) ops/second in (1.278752,65.810491) seconds
2026/05/26-11:04:15  ... thread 3: (1000,846000) ops and (938.3,12827.0) ops/second in (1.065735,65.954805) seconds
2026/05/26-11:04:15  ... thread 0: (1000,868000) ops and (792.1,13131.1) ops/second in (1.262479,66.102375) seconds
2026/05/26-11:04:16  ... thread 1: (1000,867000) ops and (837.5,12939.4) ops/second in (1.194098,67.004589) seconds
2026/05/26-11:04:16  ... thread 2: (1000,853000) ops and (532.3,12646.1) ops/second in (1.878804,67.451554) seconds
2026/05/26-11:04:16  ... thread 0: (3000,871000) ops and (2156.5,12904.9) ops/second in (1.391166,67.493541) seconds
2026/05/26-11:04:17  ... thread 3: (2000,848000) ops and (981.1,12471.8) ops/second in (2.038439,67.993244) seconds
2026/05/26-11:04:17  ... thread 1: (1000,868000) ops and (997.9,12763.5) ops/second in (1.002059,68.006648) seconds
2026/05/26-11:04:18  ... thread 2: (1000,854000) ops and (779.1,12424.5) ops/second in (1.283450,68.735004) seconds
2026/05/26-11:04:18  ... thread 1: (2000,870000) ops and (1479.2,12543.5) ops/second in (1.352096,69.358744) seconds
2026/05/26-11:04:18  ... thread 3: (1000,849000) ops and (716.1,12235.3) ops/second in (1.396404,69.389648) seconds
2026/05/26-11:04:18  ... thread 0: (2000,873000) ops and (1013.0,12567.0) ops/second in (1.974246,69.467787) seconds
2026/05/26-11:04:19  ... thread 2: (3000,857000) ops and (1860.6,12182.4) ops/second in (1.612345,70.347349) seconds
2026/05/26-11:04:19  ... thread 3: (1000,850000) ops and (911.3,12059.0) ops/second in (1.097359,70.487007) seconds
2026/05/26-11:04:20  ... thread 1: (2000,872000) ops and (1067.3,12241.6) ops/second in (1.873956,71.232700) seconds
2026/05/26-11:04:20  ... thread 0: (2000,875000) ops and (1038.6,12256.0) ops/second in (1.925667,71.393454) seconds
2026/05/26-11:04:21  ... thread 3: (1000,851000) ops and (844.7,11873.7) ops/second in (1.183797,71.670804) seconds
2026/05/26-11:04:21  ... thread 2: (3000,860000) ops and (1941.5,11962.3) ops/second in (1.545232,71.892581) seconds
2026/05/26-11:04:22  ... thread 0: (1000,876000) ops and (784.6,12054.8) ops/second in (1.274571,72.668025) seconds
2026/05/26-11:04:22  ... thread 3: (1000,852000) ops and (778.5,11678.4) ops/second in (1.284518,72.955322) seconds
2026/05/26-11:04:22  ... thread 1: (2000,874000) ops and (1053.7,11951.2) ops/second in (1.897992,73.130692) seconds
2026/05/26-11:04:22  ... thread 2: (2000,862000) ops and (1334.6,11745.3) ops/second in (1.498581,73.391162) seconds
2026/05/26-11:04:23  ... thread 0: (1000,877000) ops and (946.1,11895.6) ops/second in (1.056927,73.724952) seconds
2026/05/26-11:04:23  ... thread 1: (2000,876000) ops and (1883.7,11807.1) ops/second in (1.061723,74.192415) seconds
2026/05/26-11:04:23  ... thread 2: (1000,863000) ops and (820.0,11566.7) ops/second in (1.219568,74.610730) seconds
2026/05/26-11:04:24  ... thread 3: (2000,854000) ops and (1130.7,11428.7) ops/second in (1.768860,74.724182) seconds
2026/05/26-11:04:24  ... thread 0: (2000,879000) ops and (1367.3,11690.8) ops/second in (1.462685,75.187637) seconds
2026/05/26-11:04:25  ... thread 1: (2000,878000) ops and (1324.6,11598.1) ops/second in (1.509908,75.702323) seconds
2026/05/26-11:04:25  ... thread 3: (2000,856000) ops and (1736.7,11281.6) ops/second in (1.151621,75.875803) seconds
2026/05/26-11:04:25  ... thread 2: (1000,864000) ops and (542.0,11300.7) ops/second in (1.845001,76.455731) seconds
2026/05/26-11:04:26  ... thread 1: (1000,879000) ops and (712.7,11400.0) ops/second in (1.403100,77.105423) seconds
2026/05/26-11:04:26  ... thread 0: (2000,881000) ops and (920.2,11388.2) ops/second in (2.173351,77.360988) seconds
2026/05/26-11:04:27  ... thread 3: (2000,858000) ops and (1089.0,11040.7) ops/second in (1.836574,77.712377) seconds
2026/05/26-11:04:27  ... thread 2: (3000,867000) ops and (2212.1,11142.2) ops/second in (1.356203,77.811934) seconds
2026/05/26-11:04:27  ... thread 1: (1000,880000) ops and (859.5,11243.3) ops/second in (1.163506,78.268929) seconds
2026/05/26-11:04:28  ... thread 0: (1000,882000) ops and (605.6,11162.8) ops/second in (1.651279,79.012267) seconds
2026/05/26-11:04:28  ... thread 3: (1000,859000) ops and (733.0,10862.9) ops/second in (1.364318,79.076695) seconds
2026/05/26-11:04:29  ... thread 2: (2000,869000) ops and (1062.7,10904.2) ops/second in (1.882021,79.693955) seconds
2026/05/26-11:04:30  ... thread 3: (2000,861000) ops and (1237.2,10670.0) ops/second in (1.616617,80.693312) seconds
2026/05/26-11:04:30  ... thread 2: (1000,870000) ops and (810.7,10750.4) ops/second in (1.233535,80.927490) seconds
2026/05/26-11:04:30  ... thread 1: (1000,881000) ops and (361.3,10871.6) ops/second in (2.768136,81.037065) seconds
2026/05/26-11:04:31  ... thread 0: (1000,883000) ops and (368.1,10804.0) ops/second in (2.716582,81.728849) seconds
2026/05/26-11:04:31  ... thread 1: (1000,882000) ops and (960.2,10745.8) ops/second in (1.041475,82.078540) seconds
2026/05/26-11:04:31  ... thread 2: (1000,871000) ops and (842.3,10607.1) ops/second in (1.187182,82.114672) seconds
2026/05/26-11:04:32  ... thread 3: (2000,863000) ops and (913.9,10412.4) ops/second in (2.188355,82.881667) seconds
2026/05/26-11:04:32  ... thread 1: (1000,883000) ops and (698.4,10573.5) ops/second in (1.431907,83.510447) seconds
2026/05/26-11:04:33  ... thread 0: (1000,884000) ops and (506.1,10560.9) ops/second in (1.975857,83.704706) seconds
2026/05/26-11:04:33  ... thread 3: (1000,864000) ops and (803.8,10270.3) ops/second in (1.244037,84.125704) seconds
2026/05/26-11:04:34  ... thread 2: (2000,873000) ops and (740.0,10292.7) ops/second in (2.702830,84.817502) seconds
2026/05/26-11:04:34  ... thread 0: (1000,885000) ops and (694.5,10394.1) ops/second in (1.439819,85.144525) seconds
2026/05/26-11:04:34  ... thread 1: (1000,884000) ops and (474.5,10324.9) ops/second in (2.107467,85.617914) seconds
2026/05/26-11:04:35  ... thread 2: (1000,874000) ops and (945.1,10177.5) ops/second in (1.058070,85.875572) seconds
2026/05/26-11:04:35  ... thread 0: (1000,886000) ops and (918.7,10274.5) ops/second in (1.088491,86.233016) seconds
2026/05/26-11:04:36  ... thread 3: (2000,866000) ops and (782.9,9990.7) ops/second in (2.554721,86.680425) seconds
2026/05/26-11:04:36  ... thread 1: (2000,886000) ops and (1837.5,10218.4) ops/second in (1.088450,86.706364) seconds
2026/05/26-11:04:36  ... thread 2: (9000,883000) ops and (8849.2,10162.0) ops/second in (1.017040,86.892612) seconds
2026/05/26-11:04:36  ... thread 0: (25000,911000) ops and (24659.3,10441.6) ops/second in (1.013818,87.246834) seconds
2026/05/26-11:04:37  ... thread 3: (31000,897000) ops and (30402.4,10228.0) ops/second in (1.019657,87.700082) seconds
2026/05/26-11:04:37  ... thread 1: (31000,917000) ops and (30779.3,10454.5) ops/second in (1.007170,87.713534) seconds
2026/05/26-11:04:37  ... thread 2: (31000,914000) ops and (26720.9,10380.1) ops/second in (1.160142,88.052754) seconds
2026/05/26-11:04:37  ... thread 0: (28000,939000) ops and (27636.7,10639.0) ops/second in (1.013146,88.259980) seconds
2026/05/26-11:04:38  ... thread 3: (24000,921000) ops and (23270.2,10379.6) ops/second in (1.031362,88.731444) seconds
2026/05/26-11:04:38  ... thread 1: (28000,945000) ops and (27398.0,10649.6) ops/second in (1.021971,88.735505) seconds
2026/05/26-11:04:39  ... thread 3: (11000,932000) ops and (10784.0,10384.2) ops/second in (1.020033,89.751477) seconds
2026/05/26-11:04:39  ... thread 1: (13000,958000) ops and (12799.3,10674.0) ops/second in (1.015683,89.751188) seconds
2026/05/26-11:04:39  ... thread 2: (29000,943000) ops and (16893.2,10504.7) ops/second in (1.716662,89.769416) seconds
2026/05/26-11:04:39  ... thread 0: (26000,965000) ops and (17232.7,10749.8) ops/second in (1.508758,89.768738) seconds
2026/05/26-11:04:40  ... thread 3: (30000,962000) ops and (29871.3,10599.9) ops/second in (1.004308,90.755785) seconds
2026/05/26-11:04:40  ... thread 1: (29000,987000) ops and (20538.2,10826.7) ops/second in (1.412003,91.163191) seconds
2026/05/26-11:04:40  ... thread 2: (32000,975000) ops and (22094.7,10688.7) ops/second in (1.448313,91.217729) seconds
2026/05/26-11:04:40  ... thread 0: (32000,997000) ops and (17494.3,10884.5) ops/second in (1.829163,91.597901) seconds
2026/05/26-11:04:41  ... thread 2: (1000,976000) ops and (925.9,10574.5) ops/second in (1.080009,92.297738) seconds
2026/05/26-11:04:41  ... thread 3: (2000,964000) ops and (1163.4,10424.5) ops/second in (1.719114,92.474899) seconds
2026/05/26-11:04:42  ... thread 0: (1000,998000) ops and (814.8,10751.4) ops/second in (1.227267,92.825168) seconds
2026/05/26-11:04:42  ... thread 1: (1000,988000) ops and (508.6,10608.9) ops/second in (1.966265,93.129456) seconds
2026/05/26-11:04:43  ... thread 1: (2000,990000) ops and (1846.5,10508.1) ops/second in (1.083153,94.212609) seconds
2026/05/26-11:04:43  ... thread 2: (3000,979000) ops and (1299.1,10348.1) ops/second in (2.309269,94.607007) seconds
2026/05/26-11:04:44  ... thread 0: (1000,999000) ops and (465.4,10518.7) ops/second in (2.148491,94.973659) seconds
2026/05/26-11:04:45  ... thread 3: (1000,965000) ops and (294.0,10065.1) ops/second in (3.401192,95.876091) seconds
2026/05/26-11:04:45  ... thread 1: (2000,992000) ops and (1057.4,10322.1) ops/second in (1.891416,96.104025) seconds
2026/05/26-11:04:45  ... thread 0: (3000,1002000) ops and (2040.4,10389.5) ops/second in (1.470320,96.443979) seconds
2026/05/26-11:04:46  ... thread 0: (1000,1003000) ops and (934.4,10285.7) ops/second in (1.070237,97.514216) seconds
2026/05/26-11:04:46  ... thread 1: (1000,993000) ops and (655.2,10171.0) ops/second in (1.526190,97.630215) seconds
2026/05/26-11:04:47  ... thread 3: (2000,967000) ops and (1052.8,9890.0) ops/second in (1.899784,97.775875) seconds
2026/05/26-11:04:47  ... thread 2: (1000,980000) ops and (309.0,10016.0) ops/second in (3.236768,97.843775) seconds
2026/05/26-11:04:48  ... thread 0: (1000,1004000) ops and (710.1,10149.4) ops/second in (1.408340,98.922556) seconds
2026/05/26-11:04:48  ... thread 3: (1000,968000) ops and (734.0,9764.1) ops/second in (1.362309,99.138184) seconds
2026/05/26-11:04:48  ... thread 2: (1000,981000) ops and (675.0,9876.6) ops/second in (1.481466,99.325241) seconds
2026/05/26-11:04:49  ... thread 1: (2000,995000) ops and (823.8,9944.2) ops/second in (2.427658,100.057873) seconds
2026/05/26-11:04:49  ... thread 0: (1000,1005000) ops and (771.9,10028.1) ops/second in (1.295549,100.218105) seconds
2026/05/26-11:04:50  ... thread 3: (2000,970000) ops and (1102.7,9608.5) ops/second in (1.813692,100.951876) seconds
2026/05/26-11:04:50  ... thread 0: (1000,1006000) ops and (830.1,9918.9) ops/second in (1.204637,101.422742) seconds
2026/05/26-11:04:50  ... thread 2: (2000,983000) ops and (925.7,9686.1) ops/second in (2.160488,101.485729) seconds
2026/05/26-11:04:50  ... thread 1: (1000,996000) ops and (632.0,9799.3) ops/second in (1.582305,101.640178) seconds
2026/05/26-11:04:51  ... thread 3: (1000,971000) ops and (617.8,9466.7) ops/second in (1.618596,102.570472) seconds
2026/05/26-11:04:51  ... thread 2: (1000,984000) ops and (904.6,9591.5) ops/second in (1.105470,102.591199) seconds
2026/05/26-11:04:52  ... thread 1: (2000,998000) ops and (1626.6,9701.6) ops/second in (1.229541,102.869719) seconds
2026/05/26-11:04:53  ... thread 2: (1000,985000) ops and (706.2,9470.5) ops/second in (1.416008,104.007207) seconds
2026/05/26-11:04:53  ... thread 3: (2000,973000) ops and (1233.4,9338.5) ops/second in (1.621532,104.192004) seconds
2026/05/26-11:04:53  ... thread 0: (1000,1007000) ops and (328.9,9639.8) ops/second in (3.040491,104.463233) seconds
2026/05/26-11:04:54  ... thread 2: (1000,986000) ops and (939.8,9384.1) ops/second in (1.064078,105.071285) seconds
2026/05/26-11:04:54  ... thread 1: (2000,1000000) ops and (780.6,9484.8) ops/second in (2.562164,105.431883) seconds
2026/05/26-11:04:55  ... thread 0: (1000,1008000) ops and (777.7,9532.0) ops/second in (1.285818,105.749051) seconds
2026/05/26-11:04:55  ... thread 3: (2000,975000) ops and (1165.1,9206.1) ops/second in (1.716604,105.908608) seconds
2026/05/26-11:04:55  ... thread 1: (1000,1001000) ops and (824.6,9386.3) ops/second in (1.212692,106.644575) seconds
2026/05/26-11:04:56  ... thread 2: (1000,987000) ops and (561.5,9237.1) ops/second in (1.780875,106.852160) seconds
2026/05/26-11:04:56  ... thread 0: (1000,1009000) ops and (738.4,9420.8) ops/second in (1.354263,107.103314) seconds
2026/05/26-11:04:56  ... thread 3: (1000,976000) ops and (726.4,9097.2) ops/second in (1.376663,107.285271) seconds
2026/05/26-11:04:57  ... thread 1: (1000,1002000) ops and (797.3,9286.5) ops/second in (1.254300,107.898875) seconds
2026/05/26-11:04:57  ... thread 2: (1000,988000) ops and (832.2,9143.6) ops/second in (1.201585,108.053745) seconds
2026/05/26-11:04:58  ... thread 1: (2000,1004000) ops and (1855.2,9213.0) ops/second in (1.078046,108.976921) seconds
2026/05/26-11:04:58  ... thread 0: (1000,1010000) ops and (490.4,9254.0) ops/second in (2.039223,109.142537) seconds
2026/05/26-11:04:58  ... thread 2: (1000,989000) ops and (791.0,9047.0) ops/second in (1.264179,109.317924) seconds
2026/05/26-11:04:59  ... thread 3: (2000,978000) ops and (837.3,8917.3) ops/second in (2.388701,109.673972) seconds
2026/05/26-11:04:59  ... thread 1: (1000,1005000) ops and (831.8,9121.5) ops/second in (1.202283,110.179204) seconds
2026/05/26-11:04:59  ... thread 0: (1000,1011000) ops and (725.8,9147.6) ops/second in (1.377783,110.520320) seconds
2026/05/26-11:05:00  ... thread 3: (1000,979000) ops and (850.9,8831.8) ops/second in (1.175158,110.849130) seconds
2026/05/26-11:05:00  ... thread 2: (1000,990000) ops and (492.9,8891.1) ops/second in (2.028948,111.346872) seconds
2026/05/26-11:05:01  ... thread 1: (1000,1006000) ops and (601.9,8994.9) ops/second in (1.661468,111.840672) seconds
2026/05/26-11:05:01  ... thread 3: (1000,980000) ops and (605.4,8711.0) ops/second in (1.651860,112.500990) seconds
2026/05/26-11:05:01  ... thread 0: (1000,1012000) ops and (490.9,8991.0) ops/second in (2.036993,112.557313) seconds
2026/05/26-11:05:02  ... thread 2: (1000,991000) ops and (544.2,8755.6) ops/second in (1.837618,113.184490) seconds
2026/05/26-11:05:03  ... thread 3: (1000,981000) ops and (662.2,8604.4) ops/second in (1.510223,114.011213) seconds
2026/05/26-11:05:03  ... thread 1: (1000,1007000) ops and (381.0,8797.4) ops/second in (2.624453,114.465125) seconds
2026/05/26-11:05:04  ... thread 2: (1000,992000) ops and (425.6,8586.2) ops/second in (2.349599,115.534089) seconds
2026/05/26-11:05:05  ... thread 0: (1000,1013000) ops and (288.8,8731.2) ops/second in (3.463181,116.020494) seconds
2026/05/26-11:05:05  ... thread 3: (1000,982000) ops and (420.5,8437.2) ops/second in (2.377902,116.389115) seconds
2026/05/26-11:05:06  ... thread 2: (1000,993000) ops and (808.2,8503.8) ops/second in (1.237329,116.771418) seconds
2026/05/26-11:05:06  ... thread 1: (2000,1009000) ops and (641.5,8581.2) ops/second in (3.117865,117.582990) seconds
2026/05/26-11:05:07  ... thread 2: (1000,994000) ops and (856.1,8428.0) ops/second in (1.168122,117.939540) seconds
2026/05/26-11:05:07  ... thread 0: (1000,1014000) ops and (457.2,8578.1) ops/second in (2.187446,118.207940) seconds
2026/05/26-11:05:08  ... thread 2: (1000,995000) ops and (717.2,8338.0) ops/second in (1.394330,119.333870) seconds
2026/05/26-11:05:08  ... thread 1: (1000,1010000) ops and (517.2,8450.7) ops/second in (1.933379,119.516369) seconds
2026/05/26-11:05:09  ... thread 3: (2000,984000) ops and (557.1,8201.4) ops/second in (3.590025,119.979140) seconds
2026/05/26-11:05:10  ... thread 1: (1000,1011000) ops and (791.1,8370.6) ops/second in (1.263997,120.780366) seconds
2026/05/26-11:05:10  ... thread 3: (1000,985000) ops and (821.8,8127.3) ops/second in (1.216858,121.195998) seconds
2026/05/26-11:05:11  ... thread 0: (1000,1015000) ops and (287.5,8341.1) ops/second in (3.478650,121.686590) seconds
2026/05/26-11:05:11  ... thread 2: (1000,996000) ops and (349.7,8151.0) ops/second in (2.859427,122.193297) seconds
2026/05/26-11:05:12  ... thread 0: (2000,1017000) ops and (1238.4,8248.1) ops/second in (1.614931,123.301521) seconds
2026/05/26-11:05:12  ... thread 1: (1000,1012000) ops and (386.3,8203.0) ops/second in (2.588420,123.368786) seconds
2026/05/26-11:05:12  ... thread 3: (1000,986000) ops and (426.9,7981.3) ops/second in (2.342607,123.538605) seconds
2026/05/26-11:05:14  ... thread 3: (1000,987000) ops and (867.4,7915.5) ops/second in (1.152807,124.691412) seconds
2026/05/26-11:05:14  ... thread 2: (1000,997000) ops and (391.0,7991.9) ops/second in (2.557620,124.750917) seconds
2026/05/26-11:05:14  ... thread 0: (1000,1018000) ops and (560.7,8138.5) ops/second in (1.783371,125.084892) seconds
2026/05/26-11:05:15  ... thread 2: (1000,998000) ops and (755.3,7915.9) ops/second in (1.323892,126.074809) seconds
2026/05/26-11:05:15  ... thread 1: (1000,1013000) ops and (345.5,8022.9) ops/second in (2.894728,126.263514) seconds
2026/05/26-11:05:16  ... thread 3: (1000,988000) ops and (446.9,7783.9) ops/second in (2.237514,126.928926) seconds
2026/05/26-11:05:16  ... thread 0: (1000,1019000) ops and (507.8,8020.2) ops/second in (1.969455,127.054347) seconds
2026/05/26-11:05:16  ... thread 2: (1000,999000) ops and (755.7,7841.6) ops/second in (1.323192,127.398001) seconds
2026/05/26-11:05:16  ... thread 1: (1000,1014000) ops and (878.3,7959.1) ops/second in (1.138558,127.402072) seconds
2026/05/26-11:05:17  ... thread 3: (18000,1006000) ops and (17755.3,7862.9) ops/second in (1.013780,127.942706) seconds
2026/05/26-11:05:17  ... thread 0: (24000,1043000) ops and (20794.8,8135.2) ops/second in (1.154135,128.208482) seconds
2026/05/26-11:05:17  ... thread 2: (26000,1025000) ops and (25609.5,7982.0) ops/second in (1.015250,128.413251) seconds
2026/05/26-11:05:17  ... thread 1: (27000,1041000) ops and (26589.3,8106.4) ops/second in (1.015445,128.417517) seconds
2026/05/26-11:05:18  ... thread 3: (26000,1032000) ops and (25847.9,8003.2) ops/second in (1.005885,128.948591) seconds
2026/05/26-11:05:19  ... thread 0: (32000,1075000) ops and (18604.0,8273.8) ops/second in (1.720061,129.928543) seconds
2026/05/26-11:05:19  ... thread 1: (26000,1067000) ops and (17226.6,8212.3) ops/second in (1.509298,129.926815) seconds
2026/05/26-11:05:19  ... thread 3: (10000,1042000) ops and (9944.2,8018.2) ops/second in (1.005608,129.954199) seconds
2026/05/26-11:05:19  ... thread 2: (24000,1049000) ops and (15523.3,8071.8) ops/second in (1.546065,129.959316) seconds
2026/05/26-11:05:20  ... thread 0: (30000,1105000) ops and (29795.4,8439.3) ops/second in (1.006866,130.935409) seconds
2026/05/26-11:05:20  ... thread 1: (32000,1099000) ops and (31395.8,8392.8) ops/second in (1.019245,130.946060) seconds
2026/05/26-11:05:20  ... thread 3: (29000,1071000) ops and (28969.6,8178.4) ops/second in (1.001051,130.955250) seconds
2026/05/26-11:05:20  ... thread 2: (29000,1078000) ops and (28946.4,8231.4) ops/second in (1.001850,130.961166) seconds
2026/05/26-11:05:21  ... thread 0: (28000,1133000) ops and (27622.2,8586.6) ops/second in (1.013676,131.949085) seconds
2026/05/26-11:05:21  ... thread 1: (27000,1126000) ops and (26830.1,8533.4) ops/second in (1.006331,131.952391) seconds
2026/05/26-11:05:21  ... thread 3: (30000,1101000) ops and (29690.6,8343.1) ops/second in (1.010420,131.965670) seconds
2026/05/26-11:05:21  ... thread 2: (28000,1106000) ops and (27455.1,8380.0) ops/second in (1.019846,131.981012) seconds
2026/05/26-11:05:22  ... thread 2: (17000,1123000) ops and (12721.3,8423.5) ops/second in (1.336342,133.317354) seconds
2026/05/26-11:05:22  ... thread 1: (20000,1146000) ops and (14677.8,8596.2) ops/second in (1.362605,133.314996) seconds
2026/05/26-11:05:22  ... thread 3: (21000,1122000) ops and (15397.3,8415.2) ops/second in (1.363875,133.329545) seconds
2026/05/26-11:05:22  ... thread 0: (20000,1153000) ops and (14183.2,8645.8) ops/second in (1.410118,133.359203) seconds
2026/05/26-11:05:23  ... thread 2: (33000,1156000) ops and (27701.0,8594.2) ops/second in (1.191292,134.508646) seconds
2026/05/26-11:05:23  ... thread 3: (30000,1152000) ops and (25398.5,8564.4) ops/second in (1.181174,134.510719) seconds
2026/05/26-11:05:23  ... thread 0: (31000,1184000) ops and (26802.4,8801.9) ops/second in (1.156612,134.515815) seconds
2026/05/26-11:05:23  ... thread 1: (31000,1177000) ops and (25641.3,8749.4) ops/second in (1.208987,134.523983) seconds
2026/05/26-11:05:25  ... thread 3: (31000,1183000) ops and (22008.7,8703.7) ops/second in (1.408532,135.919251) seconds
2026/05/26-11:05:25  ... thread 2: (30000,1186000) ops and (20195.3,8721.0) ops/second in (1.485494,135.994140) seconds
2026/05/26-11:05:25  ... thread 1: (32000,1209000) ops and (17224.5,8864.8) ops/second in (1.857814,136.381797) seconds
2026/05/26-11:05:26  ... thread 3: (1000,1184000) ops and (858.7,8637.1) ops/second in (1.164549,137.083800) seconds
2026/05/26-11:05:27  ... thread 1: (1000,1210000) ops and (682.8,8777.9) ops/second in (1.464560,137.846357) seconds
2026/05/26-11:05:27  ... thread 0: (32000,1216000) ops and (9247.7,8813.1) ops/second in (3.460305,137.976120) seconds
2026/05/26-11:05:27  ... thread 2: (1000,1187000) ops and (463.5,8592.0) ops/second in (2.157502,138.151642) seconds
2026/05/26-11:05:28  ... thread 3: (1000,1185000) ops and (496.9,8519.3) ops/second in (2.012472,139.096272) seconds
2026/05/26-11:05:28  ... thread 0: (1000,1217000) ops and (629.9,8720.0) ops/second in (1.587464,139.563584) seconds
2026/05/26-11:05:29  ... thread 1: (1000,1211000) ops and (427.6,8638.6) ops/second in (2.338442,140.184799) seconds
2026/05/26-11:05:29  ... thread 2: (2000,1189000) ops and (804.0,8454.3) ops/second in (2.487418,140.639060) seconds
2026/05/26-11:05:30  ... thread 3: (1000,1186000) ops and (604.3,8426.2) ops/second in (1.654847,140.751119) seconds
2026/05/26-11:05:30  ... thread 0: (1000,1218000) ops and (512.8,8606.9) ops/second in (1.950005,141.513589) seconds
2026/05/26-11:05:31  ... thread 3: (1000,1187000) ops and (872.2,8365.2) ops/second in (1.146553,141.897672) seconds
2026/05/26-11:05:31  ... thread 2: (1000,1190000) ops and (631.7,8367.2) ops/second in (1.582938,142.221998) seconds
2026/05/26-11:05:32  ... thread 0: (1000,1219000) ops and (533.8,8501.5) ops/second in (1.873253,143.386842) seconds
2026/05/26-11:05:32  ... thread 1: (2000,1213000) ops and (608.0,8454.5) ops/second in (3.289231,143.474030) seconds
2026/05/26-11:05:33  ... thread 3: (1000,1188000) ops and (488.5,8253.2) ops/second in (2.047097,143.944769) seconds
2026/05/26-11:05:33  ... thread 2: (1000,1191000) ops and (447.9,8244.8) ops/second in (2.232854,144.454852) seconds
2026/05/26-11:05:34  ... thread 1: (1000,1214000) ops and (482.9,8341.1) ops/second in (2.071023,145.545053) seconds
2026/05/26-11:05:35  ... thread 3: (1000,1189000) ops and (554.7,8157.9) ops/second in (1.802715,145.747484) seconds
2026/05/26-11:05:36  ... thread 0: (2000,1221000) ops and (553.3,8306.0) ops/second in (3.614881,147.001723) seconds
2026/05/26-11:05:36  ... thread 1: (1000,1215000) ops and (678.3,8264.2) ops/second in (1.474235,147.019288) seconds
2026/05/26-11:05:36  ... thread 2: (2000,1193000) ops and (763.4,8111.5) ops/second in (2.620016,147.074868) seconds
2026/05/26-11:05:36  ... thread 3: (1000,1190000) ops and (680.4,8083.3) ops/second in (1.469624,147.217108) seconds
2026/05/26-11:05:37  ... thread 1: (1000,1216000) ops and (959.6,8212.8) ops/second in (1.042062,148.061350) seconds
2026/05/26-11:05:38  ... thread 3: (1000,1191000) ops and (567.9,7994.5) ops/second in (1.760822,148.977930) seconds
2026/05/26-11:05:38  ... thread 2: (1000,1194000) ops and (415.5,7987.6) ops/second in (2.406581,149.481449) seconds
2026/05/26-11:05:39  ... thread 1: (1000,1217000) ops and (591.1,8126.7) ops/second in (1.691775,149.753125) seconds
2026/05/26-11:05:39  ... thread 0: (1000,1222000) ops and (358.8,8158.2) ops/second in (2.787029,149.788752) seconds
2026/05/26-11:05:40  ... thread 3: (2000,1193000) ops and (1194.8,7918.9) ops/second in (1.673923,150.651853) seconds
2026/05/26-11:05:40  ... thread 0: (1000,1223000) ops and (582.4,8072.3) ops/second in (1.716993,151.505745) seconds
2026/05/26-11:05:40  ... thread 2: (1000,1195000) ops and (468.4,7881.7) ops/second in (2.134986,151.616435) seconds
2026/05/26-11:05:41  ... thread 1: (1000,1218000) ops and (457.3,8016.3) ops/second in (2.186882,151.940007) seconds
2026/05/26-11:05:42  ... thread 2: (2000,1197000) ops and (1267.8,7813.6) ops/second in (1.577502,153.193937) seconds
2026/05/26-11:05:42  ... thread 0: (1000,1224000) ops and (533.9,7980.2) ops/second in (1.872950,153.378695) seconds
2026/05/26-11:05:42  ... thread 1: (1000,1219000) ops and (615.2,7938.0) ops/second in (1.625514,153.565521) seconds
2026/05/26-11:05:43  ... thread 3: (1000,1194000) ops and (316.7,7762.8) ops/second in (3.157758,153.809611) seconds
2026/05/26-11:05:43  ... thread 2: (1000,1198000) ops and (699.3,7747.8) ops/second in (1.430012,154.623949) seconds
2026/05/26-11:05:44  ... thread 0: (1000,1225000) ops and (471.3,7877.8) ops/second in (2.121963,155.500658) seconds
2026/05/26-11:05:45  ... thread 3: (2000,1196000) ops and (1006.9,7676.7) ops/second in (1.986247,155.795858) seconds
2026/05/26-11:05:45  ... thread 1: (1000,1220000) ops and (388.5,7813.5) ops/second in (2.573706,156.139227) seconds
2026/05/26-11:05:45  ... thread 2: (1000,1199000) ops and (540.3,7662.6) ops/second in (1.850742,156.474691) seconds
2026/05/26-11:05:46  ... thread 1: (1000,1221000) ops and (701.9,7749.2) ops/second in (1.424639,157.563866) seconds
2026/05/26-11:05:47  ... thread 3: (1000,1197000) ops and (410.7,7564.9) ops/second in (2.434613,158.230471) seconds
2026/05/26-11:05:47  ... thread 0: (1000,1226000) ops and (344.9,7739.9) ops/second in (2.899574,158.400232) seconds
2026/05/26-11:05:48  ... thread 2: (2000,1201000) ops and (724.6,7542.3) ops/second in (2.760022,159.234713) seconds
2026/05/26-11:05:48  ... thread 0: (1000,1227000) ops and (862.0,7689.9) ops/second in (1.160089,159.560321) seconds
2026/05/26-11:05:49  ... thread 1: (1000,1222000) ops and (428.1,7642.3) ops/second in (2.335675,159.899541) seconds
2026/05/26-11:05:50  ... thread 0: (2000,1229000) ops and (1538.6,7640.2) ops/second in (1.299864,160.860185) seconds
2026/05/26-11:05:50  ... thread 3: (2000,1199000) ops and (672.8,7437.8) ops/second in (2.972772,161.203243) seconds
2026/05/26-11:05:50  ... thread 2: (1000,1202000) ops and (429.4,7439.8) ops/second in (2.329038,161.563751) seconds
2026/05/26-11:05:52  ... thread 1: (1000,1223000) ops and (309.0,7496.8) ops/second in (3.235898,163.135439) seconds
2026/05/26-11:05:52  ... thread 2: (1000,1203000) ops and (623.0,7372.7) ops/second in (1.605023,163.168774) seconds
2026/05/26-11:05:52  ... thread 3: (1000,1200000) ops and (453.4,7343.5) ops/second in (2.205618,163.408861) seconds
2026/05/26-11:05:53  ... thread 0: (1000,1230000) ops and (353.4,7514.2) ops/second in (2.829802,163.689987) seconds
2026/05/26-11:05:53  ... thread 1: (16000,1239000) ops and (15897.5,7548.3) ops/second in (1.006447,164.141886) seconds
2026/05/26-11:05:53  ... thread 2: (17000,1220000) ops and (16299.3,7429.4) ops/second in (1.042988,164.211762) seconds
2026/05/26-11:05:53  ... thread 3: (31000,1231000) ops and (30745.2,7487.1) ops/second in (1.008289,164.417150) seconds
Initializing RocksDB Options from the specified file
Initializing RocksDB Options from command-line flags
Integrated BlobDB: blob cache disabled
Keys:       16 bytes each (+ 0 bytes user-defined timestamp)
Values:     1024 bytes each (512 bytes after compression)
Entries:    1250000
Prefix:    0 bytes
Keys per prefix:    0
RawSize:    1239.8 MB (estimated)
FileSize:   629.4 MB (estimated)
Write rate: 0 bytes/second
Read rate: 0 ops/second
Compression: Snappy
Compression sampling rate: 0
Memtablerep: SkipListFactory
Perf Level: 1
WARNING: Assertions are enabled; benchmarks unnecessarily slow
------------------------------------------------
Initializing RocksDB Options from the specified file
Initializing RocksDB Options from command-line flags
Integrated BlobDB: blob cache disabled
DB path: [/tmp/rocksdb_comp_exp_db]
fillrandom   :     131.700 micros/op 30318 ops/sec 164.915 seconds 5000000 operations;   30.1 MB/s
2026/05/26-11:05:57  ... thread 1: (1000,1000) ops and (280.9,280.9) ops/second in (3.560489,3.560489) seconds
2026/05/26-11:05:57  ... thread 0: (1000,1000) ops and (272.8,272.8) ops/second in (3.665882,3.665882) seconds
2026/05/26-11:05:58  ... thread 2: (1000,1000) ops and (266.8,266.8) ops/second in (3.747437,3.747437) seconds
2026/05/26-11:05:58  ... thread 3: (1000,1000) ops and (258.9,258.9) ops/second in (3.862075,3.862075) seconds
2026/05/26-11:06:01  ... thread 1: (1000,2000) ops and (253.9,266.7) ops/second in (3.938814,7.499303) seconds
2026/05/26-11:06:01  ... thread 0: (1000,2000) ops and (254.7,263.4) ops/second in (3.926002,7.591884) seconds
2026/05/26-11:06:01  ... thread 2: (1000,2000) ops and (259.6,263.2) ops/second in (3.852684,7.600121) seconds
2026/05/26-11:06:02  ... thread 3: (1000,2000) ops and (252.8,255.8) ops/second in (3.955873,7.817948) seconds
2026/05/26-11:06:05  ... thread 1: (1000,3000) ops and (273.6,269.0) ops/second in (3.654816,11.154119) seconds
2026/05/26-11:06:05  ... thread 0: (1000,3000) ops and (269.4,265.4) ops/second in (3.712036,11.303920) seconds
2026/05/26-11:06:05  ... thread 2: (1000,3000) ops and (264.5,263.6) ops/second in (3.781141,11.381262) seconds
2026/05/26-11:06:05  ... thread 3: (1000,3000) ops and (272.8,261.2) ops/second in (3.666300,11.484248) seconds
2026/05/26-11:06:10  ... thread 1: (1000,4000) ops and (190.8,244.0) ops/second in (5.242052,16.396171) seconds
2026/05/26-11:06:11  ... thread 0: (1000,4000) ops and (164.0,229.9) ops/second in (6.096758,17.400678) seconds
2026/05/26-11:06:11  ... thread 2: (1000,4000) ops and (162.9,228.3) ops/second in (6.139349,17.520611) seconds
2026/05/26-11:06:11  ... thread 3: (1000,4000) ops and (160.2,225.7) ops/second in (6.240769,17.725017) seconds
2026/05/26-11:06:15  ... thread 1: (1000,5000) ops and (197.7,233.0) ops/second in (5.059266,21.455437) seconds
2026/05/26-11:06:16  ... thread 0: (1000,5000) ops and (194.1,221.7) ops/second in (5.153161,22.553839) seconds
2026/05/26-11:06:16  ... thread 2: (1000,5000) ops and (192.7,220.2) ops/second in (5.190030,22.710641) seconds
2026/05/26-11:06:16  ... thread 3: (1000,5000) ops and (200.0,220.0) ops/second in (4.998765,22.723782) seconds
2026/05/26-11:06:19  ... thread 1: (1000,6000) ops and (234.0,233.2) ops/second in (4.274092,25.729529) seconds
2026/05/26-11:06:20  ... thread 0: (1000,6000) ops and (297.2,231.5) ops/second in (3.365156,25.918995) seconds
2026/05/26-11:06:20  ... thread 2: (1000,6000) ops and (310.0,231.3) ops/second in (3.225947,25.936588) seconds
2026/05/26-11:06:20  ... thread 3: (1000,6000) ops and (310.7,231.3) ops/second in (3.218632,25.942414) seconds
2026/05/26-11:06:21  ... thread 1: (2000,8000) ops and (1185.2,291.8) ops/second in (1.687426,27.416955) seconds
2026/05/26-11:06:21  ... thread 0: (2000,8000) ops and (1175.9,289.6) ops/second in (1.700885,27.619880) seconds
2026/05/26-11:06:21  ... thread 2: (2000,8000) ops and (1177.1,289.5) ops/second in (1.699056,27.635644) seconds
2026/05/26-11:06:21  ... thread 3: (2000,8000) ops and (1160.0,289.2) ops/second in (1.724204,27.666618) seconds
2026/05/26-11:06:23  ... thread 1: (2000,10000) ops and (1444.4,347.2) ops/second in (1.384671,28.801626) seconds
2026/05/26-11:06:23  ... thread 0: (2000,10000) ops and (1527.9,345.7) ops/second in (1.309004,28.928884) seconds
2026/05/26-11:06:23  ... thread 2: (2000,10000) ops and (1504.9,345.2) ops/second in (1.328996,28.964640) seconds
2026/05/26-11:06:23  ... thread 3: (2000,10000) ops and (1472.2,344.5) ops/second in (1.358552,29.025170) seconds
2026/05/26-11:06:24  ... thread 1: (2000,12000) ops and (1607.0,399.4) ops/second in (1.244565,30.046191) seconds
2026/05/26-11:06:24  ... thread 2: (2000,12000) ops and (1640.2,397.6) ops/second in (1.219355,30.183995) seconds
2026/05/26-11:06:24  ... thread 0: (2000,12000) ops and (1561.5,397.2) ops/second in (1.280843,30.209727) seconds
2026/05/26-11:06:24  ... thread 3: (2000,12000) ops and (1666.3,397.0) ops/second in (1.200254,30.225424) seconds
2026/05/26-11:06:25  ... thread 1: (2000,14000) ops and (1694.6,448.3) ops/second in (1.180210,31.226401) seconds
2026/05/26-11:06:25  ... thread 2: (2000,14000) ops and (1749.7,446.9) ops/second in (1.143079,31.327074) seconds
2026/05/26-11:06:25  ... thread 3: (2000,14000) ops and (1698.7,445.8) ops/second in (1.177338,31.402762) seconds
2026/05/26-11:06:25  ... thread 0: (2000,14000) ops and (1630.2,445.3) ops/second in (1.226827,31.436554) seconds
2026/05/26-11:06:26  ... thread 1: (2000,16000) ops and (1826.8,495.0) ops/second in (1.094835,32.321236) seconds
2026/05/26-11:06:26  ... thread 3: (2000,16000) ops and (1845.5,492.5) ops/second in (1.083714,32.486476) seconds
2026/05/26-11:06:26  ... thread 2: (2000,16000) ops and (1709.0,492.3) ops/second in (1.170267,32.497341) seconds
2026/05/26-11:06:26  ... thread 0: (2000,16000) ops and (1797.1,491.6) ops/second in (1.112910,32.549464) seconds
2026/05/26-11:06:27  ... thread 1: (2000,18000) ops and (1895.7,539.3) ops/second in (1.055041,33.376277) seconds
2026/05/26-11:06:27  ... thread 3: (2000,18000) ops and (1868.3,536.4) ops/second in (1.070475,33.556951) seconds
2026/05/26-11:06:27  ... thread 2: (2000,18000) ops and (1776.9,535.3) ops/second in (1.125580,33.622921) seconds
2026/05/26-11:06:27  ... thread 0: (2000,18000) ops and (1832.3,535.1) ops/second in (1.091514,33.640978) seconds
2026/05/26-11:06:28  ... thread 1: (2000,20000) ops and (1586.1,577.4) ops/second in (1.260985,34.637262) seconds
2026/05/26-11:06:29  ... thread 2: (2000,20000) ops and (1582.6,573.3) ops/second in (1.263768,34.886689) seconds
2026/05/26-11:06:29  ... thread 3: (2000,20000) ops and (1503.5,573.3) ops/second in (1.330210,34.887161) seconds
2026/05/26-11:06:29  ... thread 0: (2000,20000) ops and (1590.8,573.1) ops/second in (1.257219,34.898197) seconds
2026/05/26-11:06:30  ... thread 0: (2000,22000) ops and (1910.4,612.0) ops/second in (1.046878,35.945075) seconds
2026/05/26-11:06:30  ... thread 1: (3000,23000) ops and (2035.9,636.9) ops/second in (1.473577,36.110839) seconds
2026/05/26-11:06:30  ... thread 3: (3000,23000) ops and (2057.8,632.8) ops/second in (1.457871,36.345032) seconds
2026/05/26-11:06:30  ... thread 2: (3000,23000) ops and (2046.8,632.7) ops/second in (1.465710,36.352399) seconds
2026/05/26-11:06:31  ... thread 0: (3000,25000) ops and (2095.3,668.9) ops/second in (1.431777,37.376852) seconds
2026/05/26-11:06:31  ... thread 1: (3000,26000) ops and (2156.9,693.3) ops/second in (1.390916,37.501755) seconds
2026/05/26-11:06:32  ... thread 3: (3000,26000) ops and (2100.1,688.3) ops/second in (1.428501,37.773533) seconds
2026/05/26-11:06:32  ... thread 2: (3000,26000) ops and (2099.2,688.2) ops/second in (1.429114,37.781513) seconds
2026/05/26-11:06:33  ... thread 0: (3000,28000) ops and (2093.5,721.5) ops/second in (1.433016,38.809868) seconds
2026/05/26-11:06:33  ... thread 1: (3000,29000) ops and (2003.2,743.6) ops/second in (1.497602,38.999357) seconds
2026/05/26-11:06:33  ... thread 3: (3000,29000) ops and (2167.7,740.6) ops/second in (1.383982,39.157515) seconds
2026/05/26-11:06:33  ... thread 2: (3000,29000) ops and (2056.7,739.0) ops/second in (1.458653,39.240166) seconds
2026/05/26-11:06:34  ... thread 0: (3000,31000) ops and (2143.6,771.0) ops/second in (1.399510,40.209378) seconds
2026/05/26-11:06:34  ... thread 1: (3000,32000) ops and (2156.2,792.3) ops/second in (1.391351,40.390708) seconds
2026/05/26-11:06:34  ... thread 3: (3000,32000) ops and (2316.1,791.0) ops/second in (1.295259,40.452774) seconds
2026/05/26-11:06:34  ... thread 2: (3000,32000) ops and (2184.6,787.9) ops/second in (1.373223,40.613389) seconds
2026/05/26-11:06:35  ... thread 0: (3000,34000) ops and (2241.8,818.3) ops/second in (1.338208,41.547586) seconds
2026/05/26-11:06:35  ... thread 1: (3000,35000) ops and (2273.6,839.1) ops/second in (1.319491,41.710199) seconds
2026/05/26-11:06:36  ... thread 3: (3000,35000) ops and (2215.4,837.2) ops/second in (1.354162,41.806936) seconds
2026/05/26-11:06:36  ... thread 2: (3000,35000) ops and (2241.8,834.3) ops/second in (1.338213,41.951602) seconds
2026/05/26-11:06:37  ... thread 0: (3000,37000) ops and (2324.6,863.7) ops/second in (1.290560,42.838146) seconds
2026/05/26-11:06:37  ... thread 1: (3000,38000) ops and (2202.8,882.2) ops/second in (1.361932,43.072131) seconds
2026/05/26-11:06:37  ... thread 3: (3000,38000) ops and (2264.0,881.0) ops/second in (1.325112,43.132048) seconds
2026/05/26-11:06:37  ... thread 2: (3000,38000) ops and (2261.7,878.0) ops/second in (1.326411,43.278013) seconds
2026/05/26-11:06:38  ... thread 0: (3000,40000) ops and (2262.6,905.7) ops/second in (1.325927,44.164073) seconds
2026/05/26-11:06:38  ... thread 1: (3000,41000) ops and (2387.1,924.9) ops/second in (1.256741,44.328872) seconds
2026/05/26-11:06:38  ... thread 3: (3000,41000) ops and (2329.2,923.0) ops/second in (1.287980,44.420028) seconds
2026/05/26-11:06:38  ... thread 2: (3000,41000) ops and (2356.6,920.3) ops/second in (1.273021,44.551034) seconds
2026/05/26-11:06:39  ... thread 0: (3000,43000) ops and (2347.5,946.3) ops/second in (1.277969,45.442042) seconds
2026/05/26-11:06:39  ... thread 1: (3000,44000) ops and (2432.8,965.7) ops/second in (1.233133,45.562005) seconds
2026/05/26-11:06:39  ... thread 3: (3000,44000) ops and (2357.1,963.0) ops/second in (1.272737,45.692765) seconds
2026/05/26-11:06:40  ... thread 2: (3000,44000) ops and (2420.6,960.9) ops/second in (1.239345,45.790379) seconds
2026/05/26-11:06:40  ... thread 0: (3000,46000) ops and (2546.5,986.7) ops/second in (1.178069,46.620111) seconds
2026/05/26-11:06:40  ... thread 1: (3000,47000) ops and (2621.4,1006.3) ops/second in (1.144415,46.706420) seconds
2026/05/26-11:06:41  ... thread 3: (3000,47000) ops and (2445.2,1001.7) ops/second in (1.226894,46.919659) seconds
2026/05/26-11:06:41  ... thread 2: (3000,47000) ops and (2511.9,1000.3) ops/second in (1.194319,46.984698) seconds
2026/05/26-11:06:42  ... thread 0: (3000,49000) ops and (2502.6,1024.7) ops/second in (1.198763,47.818874) seconds
2026/05/26-11:06:42  ... thread 1: (3000,50000) ops and (2559.7,1044.3) ops/second in (1.172010,47.878430) seconds
2026/05/26-11:06:42  ... thread 3: (3000,50000) ops and (2691.2,1040.9) ops/second in (1.114733,48.034392) seconds
2026/05/26-11:06:42  ... thread 2: (3000,50000) ops and (2704.6,1039.6) ops/second in (1.109204,48.093902) seconds
2026/05/26-11:06:43  ... thread 0: (3000,52000) ops and (2835.6,1063.9) ops/second in (1.057986,48.876860) seconds
2026/05/26-11:06:43  ... thread 1: (3000,53000) ops and (2673.3,1081.6) ops/second in (1.122227,49.000657) seconds
2026/05/26-11:06:43  ... thread 3: (3000,53000) ops and (2684.0,1078.3) ops/second in (1.117737,49.152129) seconds
2026/05/26-11:06:43  ... thread 2: (3000,53000) ops and (2716.5,1077.3) ops/second in (1.104360,49.198262) seconds
2026/05/26-11:06:44  ... thread 0: (3000,55000) ops and (2709.4,1100.3) ops/second in (1.107272,49.984132) seconds
2026/05/26-11:06:44  ... thread 1: (3000,56000) ops and (2893.8,1119.2) ops/second in (1.036712,50.037369) seconds
2026/05/26-11:06:44  ... thread 3: (3000,56000) ops and (2829.9,1115.3) ops/second in (1.060092,50.212221) seconds
2026/05/26-11:06:44  ... thread 2: (3000,56000) ops and (2788.9,1113.9) ops/second in (1.075709,50.273971) seconds
2026/05/26-11:06:45  ... thread 0: (3000,58000) ops and (2799.9,1136.0) ops/second in (1.071469,51.055601) seconds
2026/05/26-11:06:45  ... thread 1: (3000,59000) ops and (2843.4,1154.8) ops/second in (1.055080,51.092449) seconds
2026/05/26-11:06:45  ... thread 3: (3000,59000) ops and (2878.4,1151.1) ops/second in (1.042243,51.254464) seconds
2026/05/26-11:06:45  ... thread 2: (3000,59000) ops and (2676.5,1148.0) ops/second in (1.120870,51.394841) seconds
2026/05/26-11:06:46  ... thread 0: (3000,61000) ops and (2909.3,1171.1) ops/second in (1.031187,52.086788) seconds
2026/05/26-11:06:46  ... thread 1: (3000,62000) ops and (2976.0,1190.0) ops/second in (1.008048,52.100497) seconds
2026/05/26-11:06:46  ... thread 3: (3000,62000) ops and (2973.0,1186.3) ops/second in (1.009066,52.263530) seconds
2026/05/26-11:06:46  ... thread 2: (4000,63000) ops and (3158.5,1196.3) ops/second in (1.266412,52.661253) seconds
2026/05/26-11:06:47  ... thread 1: (4000,66000) ops and (3279.5,1237.8) ops/second in (1.219714,53.320211) seconds
2026/05/26-11:06:47  ... thread 0: (4000,65000) ops and (3119.2,1217.9) ops/second in (1.282365,53.369153) seconds
2026/05/26-11:06:47  ... thread 3: (4000,66000) ops and (3327.5,1234.4) ops/second in (1.202086,53.465616) seconds
2026/05/26-11:06:48  ... thread 2: (4000,67000) ops and (3319.5,1243.8) ops/second in (1.204990,53.866243) seconds
2026/05/26-11:06:48  ... thread 1: (4000,70000) ops and (3404.6,1284.5) ops/second in (1.174879,54.495090) seconds
2026/05/26-11:06:48  ... thread 0: (4000,69000) ops and (3475.3,1265.6) ops/second in (1.150976,54.520129) seconds
2026/05/26-11:06:48  ... thread 3: (4000,70000) ops and (3506.3,1281.9) ops/second in (1.140804,54.606420) seconds
2026/05/26-11:06:49  ... thread 2: (4000,71000) ops and (3439.2,1290.2) ops/second in (1.163073,55.029316) seconds
2026/05/26-11:06:49  ... thread 0: (4000,73000) ops and (3863.3,1314.0) ops/second in (1.035397,55.555526) seconds
2026/05/26-11:06:49  ... thread 1: (4000,74000) ops and (3677.5,1331.3) ops/second in (1.087708,55.582798) seconds
2026/05/26-11:06:49  ... thread 3: (4000,74000) ops and (3777.7,1329.4) ops/second in (1.058844,55.665264) seconds
2026/05/26-11:06:50  ... thread 2: (4000,75000) ops and (3714.8,1336.8) ops/second in (1.076775,56.106091) seconds
2026/05/26-11:06:50  ... thread 0: (4000,77000) ops and (3872.7,1360.7) ops/second in (1.032884,56.588410) seconds
2026/05/26-11:06:50  ... thread 1: (4000,78000) ops and (3817.2,1377.3) ops/second in (1.047889,56.630687) seconds
2026/05/26-11:06:50  ... thread 3: (4000,78000) ops and (3891.5,1375.8) ops/second in (1.027881,56.693145) seconds
2026/05/26-11:06:51  ... thread 2: (5000,80000) ops and (4083.8,1395.4) ops/second in (1.224335,57.330426) seconds
2026/05/26-11:06:52  ... thread 0: (5000,82000) ops and (4278.9,1419.7) ops/second in (1.168511,57.756921) seconds
2026/05/26-11:06:52  ... thread 1: (5000,83000) ops and (4202.2,1435.5) ops/second in (1.189854,57.820541) seconds
2026/05/26-11:06:52  ... thread 3: (5000,83000) ops and (4230.6,1434.1) ops/second in (1.181858,57.875003) seconds
2026/05/26-11:06:52  ... thread 2: (5000,85000) ops and (4399.5,1453.8) ops/second in (1.136504,58.466930) seconds
2026/05/26-11:06:53  ... thread 0: (5000,87000) ops and (4556.8,1478.2) ops/second in (1.097262,58.854183) seconds
2026/05/26-11:06:53  ... thread 3: (5000,88000) ops and (4751.1,1493.4) ops/second in (1.052382,58.927385) seconds
2026/05/26-11:06:53  ... thread 1: (5000,88000) ops and (4506.8,1493.3) ops/second in (1.109433,58.929974) seconds
2026/05/26-11:06:53  ... thread 2: (5000,90000) ops and (4990.7,1513.4) ops/second in (1.001861,59.468791) seconds
2026/05/26-11:06:54  ... thread 0: (5000,92000) ops and (4896.6,1536.5) ops/second in (1.021123,59.875306) seconds
2026/05/26-11:06:54  ... thread 3: (5000,93000) ops and (4916.3,1551.4) ops/second in (1.017025,59.944410) seconds
2026/05/26-11:06:54  ... thread 1: (6000,94000) ops and (5063.6,1563.7) ops/second in (1.184922,60.114896) seconds
2026/05/26-11:06:54  ... thread 2: (6000,96000) ops and (5249.7,1583.9) ops/second in (1.142920,60.611711) seconds
2026/05/26-11:06:55  ... thread 0: (6000,98000) ops and (5462.0,1607.2) ops/second in (1.098497,60.973803) seconds
2026/05/26-11:06:55  ... thread 3: (6000,99000) ops and (5701.2,1623.0) ops/second in (1.052405,60.996815) seconds
2026/05/26-11:06:55  ... thread 1: (6000,100000) ops and (5519.2,1633.9) ops/second in (1.087115,61.202011) seconds
DB path: [/tmp/rocksdb_comp_exp_db]
readrandom   :     612.467 micros/op 6519 ops/sec 61.356 seconds 400000 operations;    6.3 MB/s (98137 of 100000 found)

STATISTICS:
rocksdb.block.cache.miss COUNT : 3990176
rocksdb.block.cache.hit COUNT : 165568
rocksdb.block.cache.add COUNT : 1185658
rocksdb.block.cache.add.failures COUNT : 0
rocksdb.block.cache.index.miss COUNT : 0
rocksdb.block.cache.index.hit COUNT : 0
rocksdb.block.cache.index.add COUNT : 0
rocksdb.block.cache.index.bytes.insert COUNT : 0
rocksdb.block.cache.filter.miss COUNT : 0
rocksdb.block.cache.filter.hit COUNT : 0
rocksdb.block.cache.filter.add COUNT : 0
rocksdb.block.cache.filter.bytes.insert COUNT : 0
rocksdb.block.cache.data.miss COUNT : 3990176
rocksdb.block.cache.data.hit COUNT : 165568
rocksdb.block.cache.data.add COUNT : 1185658
rocksdb.block.cache.data.bytes.insert COUNT : 5103015936
rocksdb.block.cache.bytes.read COUNT : 712588032
rocksdb.block.cache.bytes.write COUNT : 5103015936
rocksdb.block.cache.compression.dict.miss COUNT : 0
rocksdb.block.cache.compression.dict.hit COUNT : 0
rocksdb.block.cache.compression.dict.add COUNT : 0
rocksdb.block.cache.compression.dict.bytes.insert COUNT : 0
rocksdb.block.cache.add.redundant COUNT : 18
rocksdb.block.cache.index.add.redundant COUNT : 0
rocksdb.block.cache.filter.add.redundant COUNT : 0
rocksdb.block.cache.data.add.redundant COUNT : 18
rocksdb.block.cache.compression.dict.add.redundant COUNT : 0
rocksdb.secondary.cache.hits COUNT : 0
rocksdb.secondary.cache.filter.hits COUNT : 0
rocksdb.secondary.cache.index.hits COUNT : 0
rocksdb.secondary.cache.data.hits COUNT : 0
rocksdb.compressed.secondary.cache.dummy.hits COUNT : 0
rocksdb.compressed.secondary.cache.hits COUNT : 0
rocksdb.compressed.secondary.cache.promotions COUNT : 0
rocksdb.compressed.secondary.cache.promotion.skips COUNT : 0
rocksdb.bloom.filter.useful COUNT : 0
rocksdb.bloom.filter.full.positive COUNT : 0
rocksdb.bloom.filter.full.true.positive COUNT : 0
rocksdb.bloom.filter.prefix.checked COUNT : 0
rocksdb.bloom.filter.prefix.useful COUNT : 0
rocksdb.bloom.filter.prefix.true.positive COUNT : 0
rocksdb.persistent.cache.hit COUNT : 0
rocksdb.persistent.cache.miss COUNT : 0
rocksdb.sim.block.cache.hit COUNT : 0
rocksdb.sim.block.cache.miss COUNT : 0
rocksdb.memtable.hit COUNT : 7004
rocksdb.memtable.miss COUNT : 392996
rocksdb.l0.hit COUNT : 47317
rocksdb.l1.hit COUNT : 338352
rocksdb.l2andup.hit COUNT : 0
rocksdb.compaction.key.drop.new COUNT : 3511052
rocksdb.compaction.key.drop.obsolete COUNT : 0
rocksdb.compaction.key.drop.range_del COUNT : 0
rocksdb.compaction.key.drop.user COUNT : 0
rocksdb.compaction.range_del.drop.obsolete COUNT : 0
rocksdb.compaction.optimized.del.drop.obsolete COUNT : 0
rocksdb.compaction.cancelled COUNT : 0
rocksdb.compaction.aborted COUNT : 0
rocksdb.number.keys.written COUNT : 5000000
rocksdb.number.keys.read COUNT : 400000
rocksdb.number.keys.updated COUNT : 0
rocksdb.bytes.written COUNT : 5278870272
rocksdb.bytes.read COUNT : 402097152
rocksdb.number.db.seek COUNT : 0
rocksdb.number.db.next COUNT : 0
rocksdb.number.db.prev COUNT : 0
rocksdb.number.db.seek.found COUNT : 0
rocksdb.number.db.next.found COUNT : 0
rocksdb.number.db.prev.found COUNT : 0
rocksdb.db.iter.bytes.read COUNT : 0
rocksdb.number.iter.skip COUNT : 0
rocksdb.number.reseeks.iteration COUNT : 0
rocksdb.num.iterator.created COUNT : 0
rocksdb.num.iterator.deleted COUNT : 0
rocksdb.no.file.opens COUNT : 155
rocksdb.no.file.errors COUNT : 0
rocksdb.stall.micros COUNT : 126216516
rocksdb.db.mutex.wait.micros COUNT : 0
rocksdb.number.multiget.get COUNT : 0
rocksdb.number.multiget.keys.read COUNT : 0
rocksdb.number.multiget.bytes.read COUNT : 0
rocksdb.number.multiget.keys.found COUNT : 0
rocksdb.number.merge.failures COUNT : 0
rocksdb.getupdatessince.calls COUNT : 0
rocksdb.wal.synced COUNT : 0
rocksdb.wal.bytes COUNT : 5278870272
rocksdb.write.self COUNT : 4905856
rocksdb.write.other COUNT : 94144
rocksdb.write.wal COUNT : 5000000
rocksdb.compact.read.bytes COUNT : 6827784048
rocksdb.compact.write.bytes COUNT : 4700945675
rocksdb.flush.write.bytes COUNT : 2971855436
rocksdb.compact.read.marked.bytes COUNT : 0
rocksdb.compact.read.periodic.bytes COUNT : 0
rocksdb.compact.read.ttl.bytes COUNT : 0
rocksdb.compact.write.marked.bytes COUNT : 0
rocksdb.compact.write.periodic.bytes COUNT : 0
rocksdb.compact.write.ttl.bytes COUNT : 0
rocksdb.number.direct.load.table.properties COUNT : 0
rocksdb.number.superversion_acquires COUNT : 12
rocksdb.number.superversion_releases COUNT : 8
rocksdb.number.superversion_cleanups COUNT : 2
rocksdb.number.block.compressed COUNT : 3147205
rocksdb.number.block.decompressed COUNT : 3990331
rocksdb.bytes.compressed.from COUNT : 13264552217
rocksdb.bytes.compressed.to COUNT : 7656859142
rocksdb.bytes.compression_bypassed COUNT : 0
rocksdb.bytes.compression.rejected COUNT : 0
rocksdb.number.block_compression_bypassed COUNT : 0
rocksdb.number.block_compression_rejected COUNT : 0
rocksdb.bytes.decompressed.from COUNT : 9703942893
rocksdb.bytes.decompressed.to COUNT : 16801676573
rocksdb.merge.operation.time.nanos COUNT : 0
rocksdb.filter.operation.time.nanos COUNT : 0
rocksdb.compaction.total.time.cpu_micros COUNT : 42726289
rocksdb.row.cache.hit COUNT : 0
rocksdb.row.cache.miss COUNT : 0
rocksdb.read.amp.estimate.useful.bytes COUNT : 0
rocksdb.read.amp.total.read.bytes COUNT : 0
rocksdb.number.rate_limiter.drains COUNT : 0
rocksdb.blobdb.num.put COUNT : 0
rocksdb.blobdb.num.write COUNT : 0
rocksdb.blobdb.num.get COUNT : 0
rocksdb.blobdb.num.multiget COUNT : 0
rocksdb.blobdb.num.seek COUNT : 0
rocksdb.blobdb.num.next COUNT : 0
rocksdb.blobdb.num.prev COUNT : 0
rocksdb.blobdb.num.keys.written COUNT : 0
rocksdb.blobdb.num.keys.read COUNT : 0
rocksdb.blobdb.bytes.written COUNT : 0
rocksdb.blobdb.bytes.read COUNT : 0
rocksdb.blobdb.write.inlined COUNT : 0
rocksdb.blobdb.write.inlined.ttl COUNT : 0
rocksdb.blobdb.write.blob COUNT : 0
rocksdb.blobdb.write.blob.ttl COUNT : 0
rocksdb.blobdb.blob.file.bytes.written COUNT : 0
rocksdb.blobdb.blob.file.bytes.read COUNT : 0
rocksdb.blobdb.blob.file.synced COUNT : 0
rocksdb.blobdb.blob.index.expired.count COUNT : 0
rocksdb.blobdb.blob.index.expired.size COUNT : 0
rocksdb.blobdb.blob.index.evicted.count COUNT : 0
rocksdb.blobdb.blob.index.evicted.size COUNT : 0
rocksdb.blobdb.gc.num.files COUNT : 0
rocksdb.blobdb.gc.num.new.files COUNT : 0
rocksdb.blobdb.gc.failures COUNT : 0
rocksdb.blobdb.gc.num.keys.relocated COUNT : 0
rocksdb.blobdb.gc.bytes.relocated COUNT : 0
rocksdb.blobdb.fifo.num.files.evicted COUNT : 0
rocksdb.blobdb.fifo.num.keys.evicted COUNT : 0
rocksdb.blobdb.fifo.bytes.evicted COUNT : 0
rocksdb.blobdb.cache.miss COUNT : 0
rocksdb.blobdb.cache.hit COUNT : 0
rocksdb.blobdb.cache.add COUNT : 0
rocksdb.blobdb.cache.add.failures COUNT : 0
rocksdb.blobdb.cache.bytes.read COUNT : 0
rocksdb.blobdb.cache.bytes.write COUNT : 0
rocksdb.txn.overhead.mutex.prepare COUNT : 0
rocksdb.txn.overhead.mutex.old.commit.map COUNT : 0
rocksdb.txn.overhead.duplicate.key COUNT : 0
rocksdb.txn.overhead.mutex.snapshot COUNT : 0
rocksdb.txn.get.tryagain COUNT : 0
rocksdb.files.marked.trash COUNT : 0
rocksdb.files.marked.trash.deleted COUNT : 0
rocksdb.files.deleted.immediately COUNT : 196
rocksdb.error.handler.bg.error.count COUNT : 0
rocksdb.error.handler.bg.io.error.count COUNT : 0
rocksdb.error.handler.bg.retryable.io.error.count COUNT : 0
rocksdb.error.handler.autoresume.count COUNT : 0
rocksdb.error.handler.autoresume.retry.total.count COUNT : 0
rocksdb.error.handler.autoresume.success.count COUNT : 0
rocksdb.memtable.payload.bytes.at.flush COUNT : 5217252112
rocksdb.memtable.garbage.bytes.at.flush COUNT : 127428416
rocksdb.verify_checksum.read.bytes COUNT : 0
rocksdb.backup.read.bytes COUNT : 0
rocksdb.backup.write.bytes COUNT : 0
rocksdb.remote.compact.read.bytes COUNT : 0
rocksdb.remote.compact.write.bytes COUNT : 0
rocksdb.remote.compact.resumed.bytes COUNT : 0
rocksdb.hot.file.read.bytes COUNT : 0
rocksdb.warm.file.read.bytes COUNT : 0
rocksdb.cool.file.read.bytes COUNT : 0
rocksdb.cold.file.read.bytes COUNT : 0
rocksdb.ice.file.read.bytes COUNT : 0
rocksdb.hot.file.read.count COUNT : 0
rocksdb.warm.file.read.count COUNT : 0
rocksdb.cool.file.read.count COUNT : 0
rocksdb.cold.file.read.count COUNT : 0
rocksdb.ice.file.read.count COUNT : 0
rocksdb.last.level.read.bytes COUNT : 0
rocksdb.last.level.read.count COUNT : 0
rocksdb.non.last.level.read.bytes COUNT : 9724089085
rocksdb.non.last.level.read.count COUNT : 3990796
rocksdb.last.level.seek.filtered COUNT : 0
rocksdb.last.level.seek.filter.match COUNT : 0
rocksdb.last.level.seek.data COUNT : 0
rocksdb.last.level.seek.data.useful.no.filter COUNT : 0
rocksdb.last.level.seek.data.useful.filter.match COUNT : 0
rocksdb.non.last.level.seek.filtered COUNT : 0
rocksdb.non.last.level.seek.filter.match COUNT : 0
rocksdb.non.last.level.seek.data COUNT : 0
rocksdb.non.last.level.seek.data.useful.no.filter COUNT : 0
rocksdb.non.last.level.seek.data.useful.filter.match COUNT : 0
rocksdb.block.checksum.compute.count COUNT : 3990486
rocksdb.block.checksum.mismatch.count COUNT : 0
rocksdb.multiget.coroutine.count COUNT : 0
rocksdb.read.async.micros COUNT : 0
rocksdb.async.read.error.count COUNT : 0
rocksdb.table.open.prefetch.tail.miss COUNT : 0
rocksdb.table.open.prefetch.tail.hit COUNT : 0
rocksdb.timestamp.filter.table.checked COUNT : 0
rocksdb.timestamp.filter.table.filtered COUNT : 0
rocksdb.readahead.trimmed COUNT : 0
rocksdb.fifo.max.size.compactions COUNT : 0
rocksdb.fifo.ttl.compactions COUNT : 0
rocksdb.fifo.change_temperature.compactions COUNT : 0
rocksdb.prefetch.bytes COUNT : 0
rocksdb.prefetch.bytes.useful COUNT : 0
rocksdb.prefetch.hits COUNT : 0
rocksdb.footer.corruption.count COUNT : 0
rocksdb.file.read.corruption.retry.count COUNT : 0
rocksdb.file.read.corruption.retry.success.count COUNT : 0
rocksdb.number.wbwi.ingest COUNT : 0
rocksdb.sst.user.defined.index.load.fail.count COUNT : 0
rocksdb.multiscan.prepare.calls COUNT : 0
rocksdb.multiscan.prepare.errors COUNT : 0
rocksdb.multiscan.blocks.prefetched COUNT : 0
rocksdb.multiscan.blocks.from.cache COUNT : 0
rocksdb.multiscan.prefetch.bytes COUNT : 0
rocksdb.multiscan.prefetch.blocks.wasted COUNT : 0
rocksdb.multiscan.io.requests COUNT : 0
rocksdb.multiscan.io.coalesced.nonadjacent COUNT : 0
rocksdb.multiscan.seek.errors COUNT : 0
rocksdb.prefetch.memory.bytes.granted COUNT : 0
rocksdb.prefetch.memory.bytes.released COUNT : 0
rocksdb.prefetch.memory.requests.blocked COUNT : 0
rocksdb.read.path.range.tombstones.inserted COUNT : 0
rocksdb.read.path.range.tombstones.discarded COUNT : 0
rocksdb.file.open.metadata.retrieved COUNT : 0
rocksdb.file.open.metadata.passed COUNT : 0
rocksdb.manifest.validation.failure.count COUNT : 0
rocksdb.db.get.micros P50 : 30.331903 P95 : 1787.195199 P99 : 6040.020161 P100 : 599852.000000 COUNT : 400000 SUM : 244663753
rocksdb.db.write.micros P50 : 5.675091 P95 : 43.361121 P99 : 2317.471689 P100 : 757633.000000 COUNT : 5000000 SUM : 654558077
rocksdb.compaction.times.micros P50 : 23833333.333333 P95 : 40642674.000000 P99 : 40642674.000000 P100 : 40642674.000000 COUNT : 9 SUM : 187160067
rocksdb.compaction.times.cpu_micros P50 : 5400000.000000 P95 : 7810014.000000 P99 : 7810014.000000 P100 : 7810014.000000 COUNT : 9 SUM : 42726289
rocksdb.subcompaction.setup.times.micros P50 : 0.000000 P95 : 0.000000 P99 : 0.000000 P100 : 0.000000 COUNT : 0 SUM : 0
rocksdb.table.sync.micros P50 : 339655.172414 P95 : 935450.000000 P99 : 935450.000000 P100 : 935450.000000 COUNT : 80 SUM : 38025729
rocksdb.compaction.outfile.sync.micros P50 : 717589.285714 P95 : 931246.000000 P99 : 931246.000000 P100 : 931246.000000 COUNT : 75 SUM : 46353259
rocksdb.wal.file.sync.micros P50 : 0.000000 P95 : 0.000000 P99 : 0.000000 P100 : 0.000000 COUNT : 0 SUM : 0
rocksdb.manifest.file.sync.micros P50 : 5635.384615 P95 : 19360.000000 P99 : 442548.000000 P100 : 442548.000000 COUNT : 93 SUM : 1445852
rocksdb.table.open.io.micros P50 : 754.453125 P95 : 5018.750000 P99 : 6888.000000 P100 : 6888.000000 COUNT : 155 SUM : 171164
rocksdb.db.multiget.micros P50 : 0.000000 P95 : 0.000000 P99 : 0.000000 P100 : 0.000000 COUNT : 0 SUM : 0
rocksdb.read.block.compaction.micros P50 : 3.557495 P95 : 9.003778 P99 : 1327.072004 P100 : 336439.000000 COUNT : 2804518 SUM : 108755806
rocksdb.read.block.get.micros P50 : 5.690471 P95 : 1258.201949 P99 : 1797.820476 P100 : 575874.000000 COUNT : 1185813 SUM : 238668151
rocksdb.write.raw.block.micros P50 : 0.543696 P95 : 1.504168 P99 : 2.843917 P100 : 12466.000000 COUNT : 3147515 SUM : 9011052
rocksdb.numfiles.in.singlecompaction P50 : 16.166667 P95 : 25.000000 P99 : 25.000000 P100 : 25.000000 COUNT : 9 SUM : 141
rocksdb.db.seek.micros P50 : 0.000000 P95 : 0.000000 P99 : 0.000000 P100 : 0.000000 COUNT : 0 SUM : 0
rocksdb.db.write.stall P50 : 1969.150362 P95 : 2812.570356 P99 : 2887.541023 P100 : 752523.000000 COUNT : 62936 SUM : 126216516
rocksdb.sst.read.micros P50 : 0.877647 P95 : 645.466293 P99 : 1610.475846 P100 : 575853.000000 COUNT : 3990796 SUM : 331107448
rocksdb.file.read.flush.micros P50 : 4.307692 P95 : 65.285714 P99 : 94.457143 P100 : 108.000000 COUNT : 320 SUM : 5515
rocksdb.file.read.compaction.micros P50 : 0.736923 P95 : 4.231891 P99 : 1305.777236 P100 : 336409.000000 COUNT : 2804818 SUM : 99106718
rocksdb.file.read.db.open.micros P50 : 0.000000 P95 : 0.000000 P99 : 0.000000 P100 : 0.000000 COUNT : 0 SUM : 0
rocksdb.file.read.get.micros P50 : 0.000000 P95 : 0.000000 P99 : 0.000000 P100 : 0.000000 COUNT : 0 SUM : 0
rocksdb.file.read.multiget.micros P50 : 0.000000 P95 : 0.000000 P99 : 0.000000 P100 : 0.000000 COUNT : 0 SUM : 0
rocksdb.file.read.db.iterator.micros P50 : 0.000000 P95 : 0.000000 P99 : 0.000000 P100 : 0.000000 COUNT : 0 SUM : 0
rocksdb.file.read.verify.db.checksum.micros P50 : 0.000000 P95 : 0.000000 P99 : 0.000000 P100 : 0.000000 COUNT : 0 SUM : 0
rocksdb.file.read.verify.file.checksums.micros P50 : 0.000000 P95 : 0.000000 P99 : 0.000000 P100 : 0.000000 COUNT : 0 SUM : 0
rocksdb.sst.write.micros P50 : 0.502798 P95 : 0.955317 P99 : 0.995540 P100 : 12464.000000 COUNT : 6295185 SUM : 7258827
rocksdb.file.write.flush.micros P50 : 0.501944 P95 : 0.953693 P99 : 0.993849 P100 : 12464.000000 COUNT : 2428968 SUM : 3057035
rocksdb.file.write.compaction.micros P50 : 0.503336 P95 : 0.956339 P99 : 0.996606 P100 : 9586.000000 COUNT : 3866217 SUM : 4201792
rocksdb.file.write.db.open.micros P50 : 0.000000 P95 : 0.000000 P99 : 0.000000 P100 : 0.000000 COUNT : 0 SUM : 0
rocksdb.num.subcompactions.scheduled P50 : 0.000000 P95 : 0.000000 P99 : 0.000000 P100 : 0.000000 COUNT : 0 SUM : 0
rocksdb.bytes.per.read P50 : 1024.000000 P95 : 1024.000000 P99 : 1024.000000 P100 : 1024.000000 COUNT : 400000 SUM : 402097152
rocksdb.bytes.per.write P50 : 1087.236280 P95 : 1282.748932 P99 : 1971.631185 P100 : 4188.000000 COUNT : 4905856 SUM : 5278870272
rocksdb.bytes.per.multiget P50 : 0.000000 P95 : 0.000000 P99 : 0.000000 P100 : 0.000000 COUNT : 0 SUM : 0
rocksdb.compression.times.nanos P50 : 0.000000 P95 : 0.000000 P99 : 0.000000 P100 : 0.000000 COUNT : 0 SUM : 0
rocksdb.decompression.times.nanos P50 : 0.000000 P95 : 0.000000 P99 : 0.000000 P100 : 0.000000 COUNT : 0 SUM : 0
rocksdb.read.num.merge_operands P50 : 0.000000 P95 : 0.000000 P99 : 0.000000 P100 : 0.000000 COUNT : 0 SUM : 0
rocksdb.blobdb.key.size P50 : 0.000000 P95 : 0.000000 P99 : 0.000000 P100 : 0.000000 COUNT : 0 SUM : 0
rocksdb.blobdb.value.size P50 : 0.000000 P95 : 0.000000 P99 : 0.000000 P100 : 0.000000 COUNT : 0 SUM : 0
rocksdb.blobdb.write.micros P50 : 0.000000 P95 : 0.000000 P99 : 0.000000 P100 : 0.000000 COUNT : 0 SUM : 0
rocksdb.blobdb.get.micros P50 : 0.000000 P95 : 0.000000 P99 : 0.000000 P100 : 0.000000 COUNT : 0 SUM : 0
rocksdb.blobdb.multiget.micros P50 : 0.000000 P95 : 0.000000 P99 : 0.000000 P100 : 0.000000 COUNT : 0 SUM : 0
rocksdb.blobdb.seek.micros P50 : 0.000000 P95 : 0.000000 P99 : 0.000000 P100 : 0.000000 COUNT : 0 SUM : 0
rocksdb.blobdb.next.micros P50 : 0.000000 P95 : 0.000000 P99 : 0.000000 P100 : 0.000000 COUNT : 0 SUM : 0
rocksdb.blobdb.prev.micros P50 : 0.000000 P95 : 0.000000 P99 : 0.000000 P100 : 0.000000 COUNT : 0 SUM : 0
rocksdb.blobdb.blob.file.write.micros P50 : 0.000000 P95 : 0.000000 P99 : 0.000000 P100 : 0.000000 COUNT : 0 SUM : 0
rocksdb.blobdb.blob.file.read.micros P50 : 0.000000 P95 : 0.000000 P99 : 0.000000 P100 : 0.000000 COUNT : 0 SUM : 0
rocksdb.blobdb.blob.file.sync.micros P50 : 0.000000 P95 : 0.000000 P99 : 0.000000 P100 : 0.000000 COUNT : 0 SUM : 0
rocksdb.blobdb.compression.micros P50 : 0.000000 P95 : 0.000000 P99 : 0.000000 P100 : 0.000000 COUNT : 0 SUM : 0
rocksdb.blobdb.decompression.micros P50 : 0.000000 P95 : 0.000000 P99 : 0.000000 P100 : 0.000000 COUNT : 0 SUM : 0
rocksdb.db.flush.micros P50 : 565365.853659 P95 : 1200000.000000 P99 : 1245647.000000 P100 : 1245647.000000 COUNT : 80 SUM : 54995231
rocksdb.sst.batch.size P50 : 0.000000 P95 : 0.000000 P99 : 0.000000 P100 : 0.000000 COUNT : 0 SUM : 0
rocksdb.multiget.io.batch.size P50 : 0.000000 P95 : 0.000000 P99 : 0.000000 P100 : 0.000000 COUNT : 0 SUM : 0
rocksdb.num.index.and.filter.blocks.read.per.level P50 : 0.000000 P95 : 0.000000 P99 : 0.000000 P100 : 0.000000 COUNT : 0 SUM : 0
rocksdb.num.sst.read.per.level P50 : 0.000000 P95 : 0.000000 P99 : 0.000000 P100 : 0.000000 COUNT : 0 SUM : 0
rocksdb.num.level.read.per.multiget P50 : 0.000000 P95 : 0.000000 P99 : 0.000000 P100 : 0.000000 COUNT : 0 SUM : 0
rocksdb.error.handler.autoresume.retry.count P50 : 0.000000 P95 : 0.000000 P99 : 0.000000 P100 : 0.000000 COUNT : 0 SUM : 0
rocksdb.async.read.bytes P50 : 0.000000 P95 : 0.000000 P99 : 0.000000 P100 : 0.000000 COUNT : 0 SUM : 0
rocksdb.poll.wait.micros P50 : 0.000000 P95 : 0.000000 P99 : 0.000000 P100 : 0.000000 COUNT : 0 SUM : 0
rocksdb.compaction.prefetch.bytes P50 : 0.000000 P95 : 0.000000 P99 : 0.000000 P100 : 0.000000 COUNT : 0 SUM : 0
rocksdb.prefetched.bytes.discarded P50 : 0.000000 P95 : 0.000000 P99 : 0.000000 P100 : 0.000000 COUNT : 0 SUM : 0
rocksdb.async.prefetch.abort.micros P50 : 0.000000 P95 : 0.000000 P99 : 0.000000 P100 : 0.000000 COUNT : 0 SUM : 0
rocksdb.table.open.prefetch.tail.read.bytes P50 : 0.000000 P95 : 0.000000 P99 : 0.000000 P100 : 0.000000 COUNT : 0 SUM : 0
rocksdb.num.op.per.transaction P50 : 0.000000 P95 : 0.000000 P99 : 0.000000 P100 : 0.000000 COUNT : 0 SUM : 0
rocksdb.multiscan.op.prepare.iterators.micros P50 : 0.000000 P95 : 0.000000 P99 : 0.000000 P100 : 0.000000 COUNT : 0 SUM : 0
rocksdb.multiscan.prepare.micros P50 : 0.000000 P95 : 0.000000 P99 : 0.000000 P100 : 0.000000 COUNT : 0 SUM : 0
rocksdb.multiscan.blocks.per.prepare P50 : 0.000000 P95 : 0.000000 P99 : 0.000000 P100 : 0.000000 COUNT : 0 SUM : 0
rocksdb.block.key.distribution.cv P50 : 0.000000 P95 : 0.000000 P99 : 0.000000 P100 : 0.000000 COUNT : 0 SUM : 0

[EXPERIMENT_COMPLETED]
