RocksDB:    version 11.3.0
Date:       Tue May 26 11:31:09 2026
CPU:        2 * Intel Xeon Processor (SapphireRapids)
CPUCache:   16384 KB
2026/05/26-11:31:10  ... thread 2: (34000,34000) ops and (33801.4,33801.4) ops/second in (1.005875,1.005875) seconds
2026/05/26-11:31:10  ... thread 0: (37000,37000) ops and (36820.5,36820.5) ops/second in (1.004876,1.004876) seconds
2026/05/26-11:31:10  ... thread 1: (37000,37000) ops and (36518.6,36518.6) ops/second in (1.013182,1.013182) seconds
2026/05/26-11:31:10  ... thread 3: (37000,37000) ops and (36083.0,36083.0) ops/second in (1.025413,1.025413) seconds
2026/05/26-11:31:11  ... thread 1: (40000,77000) ops and (39886.7,38194.0) ops/second in (1.002840,2.016022) seconds
2026/05/26-11:31:11  ... thread 2: (33000,67000) ops and (32347.4,33069.3) ops/second in (1.020174,2.026049) seconds
2026/05/26-11:31:11  ... thread 3: (31000,68000) ops and (30806.6,33469.7) ops/second in (1.006278,2.031691) seconds
2026/05/26-11:31:11  ... thread 0: (29000,66000) ops and (28044.9,32369.9) ops/second in (1.034057,2.038933) seconds
2026/05/26-11:31:12  ... thread 1: (25000,102000) ops and (16797.1,29106.5) ops/second in (1.488354,3.504376) seconds
2026/05/26-11:31:12  ... thread 2: (28000,95000) ops and (18701.6,26963.8) ops/second in (1.497198,3.523247) seconds
2026/05/26-11:31:12  ... thread 0: (20000,86000) ops and (13468.7,24405.1) ops/second in (1.484925,3.523858) seconds
2026/05/26-11:31:12  ... thread 3: (23000,91000) ops and (15305.9,25747.1) ops/second in (1.502692,3.534383) seconds
2026/05/26-11:31:13  ... thread 0: (15000,101000) ops and (13403.6,21753.3) ops/second in (1.119106,4.642964) seconds
2026/05/26-11:31:13  ... thread 2: (17000,112000) ops and (15126.8,24101.2) ops/second in (1.123830,4.647077) seconds
2026/05/26-11:31:13  ... thread 3: (14000,105000) ops and (12533.4,22573.9) ops/second in (1.117016,4.651399) seconds
2026/05/26-11:31:13  ... thread 1: (15000,117000) ops and (12965.8,25100.5) ops/second in (1.156889,4.661265) seconds
2026/05/26-11:31:14  ... thread 0: (29000,130000) ops and (28628.5,22984.7) ops/second in (1.012978,5.655942) seconds
2026/05/26-11:31:14  ... thread 3: (30000,135000) ops and (29616.1,23833.2) ops/second in (1.012963,5.664362) seconds
2026/05/26-11:31:14  ... thread 2: (33000,145000) ops and (32387.1,25591.2) ops/second in (1.018924,5.666001) seconds
2026/05/26-11:31:14  ... thread 1: (28000,145000) ops and (27718.3,25566.8) ops/second in (1.010163,5.671428) seconds
2026/05/26-11:31:15  ... thread 3: (15000,150000) ops and (14975.9,22502.4) ops/second in (1.001608,6.665970) seconds
2026/05/26-11:31:15  ... thread 0: (15000,145000) ops and (14828.4,21747.2) ops/second in (1.011572,6.667514) seconds
2026/05/26-11:31:15  ... thread 1: (15000,160000) ops and (14938.4,23968.1) ops/second in (1.004124,6.675552) seconds
2026/05/26-11:31:15  ... thread 2: (17000,162000) ops and (16716.2,24240.7) ops/second in (1.016976,6.682977) seconds
2026/05/26-11:31:17  ... thread 0: (18000,163000) ops and (10349.4,19389.2) ops/second in (1.739239,8.406753) seconds
2026/05/26-11:31:17  ... thread 2: (15000,177000) ops and (8681.2,21044.3) ops/second in (1.727864,8.410841) seconds
2026/05/26-11:31:17  ... thread 1: (18000,178000) ops and (10347.0,21152.2) ops/second in (1.739638,8.415190) seconds
2026/05/26-11:31:17  ... thread 3: (16000,166000) ops and (9059.6,19686.8) ops/second in (1.766085,8.432055) seconds
2026/05/26-11:31:18  ... thread 1: (34000,212000) ops and (33892.0,22509.2) ops/second in (1.003186,9.418376) seconds
2026/05/26-11:31:18  ... thread 0: (28000,191000) ops and (27617.9,20274.7) ops/second in (1.013837,9.420590) seconds
2026/05/26-11:31:18  ... thread 3: (32000,198000) ops and (31970.8,20990.2) ops/second in (1.000913,9.432968) seconds
2026/05/26-11:31:18  ... thread 2: (22000,199000) ops and (21400.9,21083.1) ops/second in (1.027994,9.438835) seconds
2026/05/26-11:31:19  ... thread 3: (6000,204000) ops and (5995.9,19552.1) ops/second in (1.000686,10.433654) seconds
2026/05/26-11:31:19  ... thread 0: (11000,202000) ops and (10895.1,19366.8) ops/second in (1.009626,10.430216) seconds
2026/05/26-11:31:19  ... thread 1: (11000,223000) ops and (10722.4,21351.4) ops/second in (1.025889,10.444265) seconds
2026/05/26-11:31:19  ... thread 2: (7000,206000) ops and (6934.4,19716.1) ops/second in (1.009459,10.448294) seconds
2026/05/26-11:31:20  ... thread 3: (13000,217000) ops and (12876.6,18963.2) ops/second in (1.009584,11.443238) seconds
2026/05/26-11:31:20  ... thread 2: (9000,215000) ops and (8951.5,18771.2) ops/second in (1.005423,11.453717) seconds
2026/05/26-11:31:20  ... thread 0: (13000,215000) ops and (12720.2,18773.7) ops/second in (1.021995,11.452211) seconds
2026/05/26-11:31:20  ... thread 1: (10000,233000) ops and (9799.7,20323.3) ops/second in (1.020436,11.464701) seconds
2026/05/26-11:31:21  ... thread 3: (14000,231000) ops and (13588.8,18519.3) ops/second in (1.030259,12.473497) seconds
2026/05/26-11:31:21  ... thread 2: (13000,228000) ops and (12707.1,18274.0) ops/second in (1.023049,12.476766) seconds
2026/05/26-11:31:21  ... thread 1: (12000,245000) ops and (11837.2,19633.8) ops/second in (1.013750,12.478451) seconds
2026/05/26-11:31:21  ... thread 0: (14000,229000) ops and (13519.5,18338.0) ops/second in (1.035539,12.487750) seconds
2026/05/26-11:31:23  ... thread 0: (31000,260000) ops and (21475.6,18663.1) ops/second in (1.443499,13.931249) seconds
2026/05/26-11:31:23  ... thread 2: (29000,257000) ops and (19521.9,18406.7) ops/second in (1.485513,13.962279) seconds
2026/05/26-11:31:23  ... thread 1: (33000,278000) ops and (22200.4,19907.0) ops/second in (1.486462,13.964913) seconds
2026/05/26-11:31:23  ... thread 3: (31000,262000) ops and (20752.0,18758.1) ops/second in (1.493830,13.967327) seconds
2026/05/26-11:31:24  ... thread 0: (17000,277000) ops and (16797.0,18536.7) ops/second in (1.012084,14.943333) seconds
2026/05/26-11:31:24  ... thread 2: (15000,272000) ops and (14858.0,18167.4) ops/second in (1.009559,14.971838) seconds
2026/05/26-11:31:24  ... thread 3: (18000,280000) ops and (17821.0,18694.9) ops/second in (1.010044,14.977371) seconds
2026/05/26-11:31:24  ... thread 1: (21000,299000) ops and (20701.3,19960.8) ops/second in (1.014431,14.979344) seconds
2026/05/26-11:31:25  ... thread 0: (14000,291000) ops and (12161.6,18080.7) ops/second in (1.151166,16.094499) seconds
2026/05/26-11:31:25  ... thread 2: (12000,284000) ops and (10608.1,17636.4) ops/second in (1.131216,16.103054) seconds
2026/05/26-11:31:25  ... thread 1: (14000,313000) ops and (12391.5,19429.9) ops/second in (1.129808,16.109152) seconds
2026/05/26-11:31:25  ... thread 3: (14000,294000) ops and (12294.4,18242.6) ops/second in (1.138728,16.116099) seconds
2026/05/26-11:31:26  ... thread 1: (15000,328000) ops and (12976.1,18997.8) ops/second in (1.155969,17.265121) seconds
2026/05/26-11:31:26  ... thread 2: (14000,298000) ops and (11989.5,17254.6) ops/second in (1.167687,17.270741) seconds
2026/05/26-11:31:26  ... thread 0: (17000,308000) ops and (14456.4,17833.9) ops/second in (1.175946,17.270445) seconds
2026/05/26-11:31:26  ... thread 3: (15000,309000) ops and (12842.1,17877.7) ops/second in (1.168036,17.284135) seconds
2026/05/26-11:31:27  ... thread 3: (15000,324000) ops and (14346.1,17676.2) ops/second in (1.045579,18.329714) seconds
2026/05/26-11:31:27  ... thread 2: (13000,311000) ops and (12180.8,16959.3) ops/second in (1.067255,18.337996) seconds
2026/05/26-11:31:27  ... thread 1: (15000,343000) ops and (13864.8,18695.2) ops/second in (1.081876,18.346997) seconds
2026/05/26-11:31:27  ... thread 0: (20000,328000) ops and (18353.2,17864.8) ops/second in (1.089728,18.360173) seconds
2026/05/26-11:31:28  ... thread 1: (18000,361000) ops and (15327.2,18492.5) ops/second in (1.174386,19.521383) seconds
2026/05/26-11:31:28  ... thread 0: (12000,340000) ops and (10224.9,17405.7) ops/second in (1.173610,19.533783) seconds
2026/05/26-11:31:28  ... thread 3: (18000,342000) ops and (14863.0,17501.9) ops/second in (1.211062,19.540776) seconds
2026/05/26-11:31:28  ... thread 2: (14000,325000) ops and (11532.4,16622.4) ops/second in (1.213976,19.551972) seconds
2026/05/26-11:31:29  ... thread 1: (18000,379000) ops and (17997.6,18468.4) ops/second in (1.000132,20.521515) seconds
2026/05/26-11:31:29  ... thread 3: (20000,362000) ops and (19943.9,17621.1) ops/second in (1.002813,20.543589) seconds
2026/05/26-11:31:29  ... thread 2: (22000,347000) ops and (21961.6,16882.6) ops/second in (1.001749,20.553721) seconds
2026/05/26-11:31:29  ... thread 0: (20000,360000) ops and (19446.1,17507.8) ops/second in (1.028484,20.562267) seconds
2026/05/26-11:31:30  ... thread 1: (16000,395000) ops and (15898.2,18348.3) ops/second in (1.006402,21.527917) seconds
2026/05/26-11:31:30  ... thread 3: (16000,378000) ops and (15806.9,17535.9) ops/second in (1.012219,21.555808) seconds
2026/05/26-11:31:30  ... thread 2: (15000,362000) ops and (14792.0,16784.3) ops/second in (1.014065,21.567786) seconds
2026/05/26-11:31:30  ... thread 0: (14000,374000) ops and (13875.7,17337.9) ops/second in (1.008959,21.571226) seconds
2026/05/26-11:31:31  ... thread 1: (14000,409000) ops and (13625.2,18133.1) ops/second in (1.027507,22.555424) seconds
2026/05/26-11:31:31  ... thread 3: (12000,390000) ops and (11718.4,17272.0) ops/second in (1.024033,22.579841) seconds
2026/05/26-11:31:31  ... thread 2: (11000,373000) ops and (10832.5,16516.7) ops/second in (1.015462,22.583248) seconds
2026/05/26-11:31:31  ... thread 0: (14000,388000) ops and (13398.0,17155.9) ops/second in (1.044929,22.616155) seconds
2026/05/26-11:31:32  ... thread 1: (21000,430000) ops and (20715.3,18244.2) ops/second in (1.013743,23.569167) seconds
2026/05/26-11:31:32  ... thread 2: (27000,400000) ops and (26910.7,16958.8) ops/second in (1.003319,23.586567) seconds
2026/05/26-11:31:32  ... thread 3: (25000,415000) ops and (24660.7,17589.5) ops/second in (1.013758,23.593599) seconds
2026/05/26-11:31:32  ... thread 0: (20000,408000) ops and (19947.0,17274.4) ops/second in (1.002657,23.618812) seconds
2026/05/26-11:31:34  ... thread 0: (20000,428000) ops and (16834.0,17253.3) ops/second in (1.188075,24.806887) seconds
2026/05/26-11:31:34  ... thread 2: (23000,423000) ops and (18657.1,17043.2) ops/second in (1.232777,24.819344) seconds
2026/05/26-11:31:34  ... thread 3: (23000,438000) ops and (18734.5,17646.1) ops/second in (1.227680,24.821279) seconds
2026/05/26-11:31:34  ... thread 1: (23000,453000) ops and (18126.7,18238.2) ops/second in (1.268846,24.838013) seconds
2026/05/26-11:31:35  ... thread 0: (35000,463000) ops and (34502.3,17930.9) ops/second in (1.014425,25.821312) seconds
2026/05/26-11:31:35  ... thread 2: (29000,452000) ops and (28744.7,17500.2) ops/second in (1.008880,25.828224) seconds
2026/05/26-11:31:35  ... thread 1: (31000,484000) ops and (30745.7,18726.1) ops/second in (1.008272,25.846285) seconds
2026/05/26-11:31:35  ... thread 3: (33000,471000) ops and (32073.4,18220.4) ops/second in (1.028890,25.850169) seconds
2026/05/26-11:31:36  ... thread 1: (14000,498000) ops and (12186.6,18447.8) ops/second in (1.148802,26.995087) seconds
2026/05/26-11:31:36  ... thread 2: (14000,466000) ops and (11916.8,17257.3) ops/second in (1.174811,27.003035) seconds
2026/05/26-11:31:36  ... thread 3: (15000,486000) ops and (12997.6,17997.2) ops/second in (1.154056,27.004225) seconds
2026/05/26-11:31:36  ... thread 0: (15000,478000) ops and (12530.1,17691.6) ops/second in (1.197118,27.018430) seconds
2026/05/26-11:31:37  ... thread 3: (34000,520000) ops and (31513.8,18516.5) ops/second in (1.078891,28.083116) seconds
2026/05/26-11:31:37  ... thread 1: (30000,528000) ops and (27458.5,18798.3) ops/second in (1.092556,28.087643) seconds
2026/05/26-11:31:37  ... thread 0: (29000,507000) ops and (26980.3,18047.0) ops/second in (1.074859,28.093289) seconds
2026/05/26-11:31:37  ... thread 2: (32000,498000) ops and (29138.5,17721.6) ops/second in (1.098204,28.101239) seconds
2026/05/26-11:31:38  ... thread 3: (29000,549000) ops and (19094.3,18546.1) ops/second in (1.518774,29.601890) seconds
2026/05/26-11:31:38  ... thread 1: (32000,560000) ops and (21130.5,18917.6) ops/second in (1.514399,29.602042) seconds
2026/05/26-11:31:38  ... thread 0: (33000,540000) ops and (21883.2,18242.4) ops/second in (1.508003,29.601292) seconds
2026/05/26-11:31:38  ... thread 2: (30000,528000) ops and (19683.7,17822.6) ops/second in (1.524101,29.625340) seconds
2026/05/26-11:31:39  ... thread 3: (33000,582000) ops and (32527.6,19009.4) ops/second in (1.014524,30.616414) seconds
2026/05/26-11:31:39  ... thread 1: (31000,591000) ops and (30509.0,19302.3) ops/second in (1.016092,30.618134) seconds
2026/05/26-11:31:39  ... thread 0: (37000,577000) ops and (36016.2,18838.6) ops/second in (1.027315,30.628607) seconds
2026/05/26-11:31:39  ... thread 2: (30000,558000) ops and (29654.8,18213.3) ops/second in (1.011639,30.636979) seconds
2026/05/26-11:31:40  ... thread 3: (26000,608000) ops and (25427.4,19216.8) ops/second in (1.022519,31.638933) seconds
2026/05/26-11:31:40  ... thread 1: (30000,621000) ops and (29205.8,19623.7) ops/second in (1.027194,31.645328) seconds
2026/05/26-11:31:40  ... thread 2: (33000,591000) ops and (32389.5,18669.5) ops/second in (1.018849,31.655828) seconds
2026/05/26-11:31:40  ... thread 0: (29000,606000) ops and (28240.7,19143.6) ops/second in (1.026885,31.655492) seconds
2026/05/26-11:31:41  ... thread 1: (33000,654000) ops and (32661.3,20027.1) ops/second in (1.010371,32.655699) seconds
2026/05/26-11:31:41  ... thread 3: (33000,641000) ops and (32315.1,19626.4) ops/second in (1.021195,32.660128) seconds
2026/05/26-11:31:41  ... thread 2: (25000,616000) ops and (24890.7,18860.9) ops/second in (1.004392,32.660220) seconds
2026/05/26-11:31:42  ... thread 0: (29000,635000) ops and (18493.6,19112.9) ops/second in (1.568111,33.223603) seconds
2026/05/26-11:31:43  ... thread 1: (4000,658000) ops and (3091.2,19381.6) ops/second in (1.293993,33.949692) seconds
2026/05/26-11:31:43  ... thread 2: (3000,619000) ops and (1938.9,18095.5) ops/second in (1.547270,34.207490) seconds
2026/05/26-11:31:43  ... thread 0: (4000,639000) ops and (3757.2,18636.1) ops/second in (1.064610,34.288213) seconds
2026/05/26-11:31:43  ... thread 3: (3000,644000) ops and (1532.3,18603.1) ops/second in (1.957808,34.617936) seconds
2026/05/26-11:31:44  ... thread 1: (2000,660000) ops and (1532.0,18720.7) ops/second in (1.305469,35.255161) seconds
2026/05/26-11:31:44  ... thread 2: (3000,622000) ops and (2467.7,17559.1) ops/second in (1.215707,35.423197) seconds
2026/05/26-11:31:44  ... thread 0: (3000,642000) ops and (2209.3,18010.4) ops/second in (1.357880,35.646093) seconds
2026/05/26-11:31:45  ... thread 3: (2000,646000) ops and (1499.2,17968.4) ops/second in (1.334054,35.951990) seconds
2026/05/26-11:31:45  ... thread 0: (3000,645000) ops and (2711.9,17549.9) ops/second in (1.106229,36.752322) seconds
2026/05/26-11:31:46  ... thread 2: (2000,624000) ops and (1179.9,16811.1) ops/second in (1.695071,37.118268) seconds
2026/05/26-11:31:46  ... thread 1: (3000,663000) ops and (1599.4,17855.8) ops/second in (1.875648,37.130809) seconds
2026/05/26-11:31:46  ... thread 3: (4000,650000) ops and (2275.1,17236.7) ops/second in (1.758195,37.710185) seconds
2026/05/26-11:31:47  ... thread 0: (2000,647000) ops and (1814.8,17091.8) ops/second in (1.102026,37.854348) seconds
2026/05/26-11:31:47  ... thread 2: (3000,627000) ops and (2710.7,16402.9) ops/second in (1.106706,38.224974) seconds
2026/05/26-11:31:48  ... thread 1: (2000,665000) ops and (1139.6,17101.3) ops/second in (1.755042,38.885851) seconds
2026/05/26-11:31:48  ... thread 3: (4000,654000) ops and (3033.7,16756.9) ops/second in (1.318517,39.028702) seconds
2026/05/26-11:31:48  ... thread 0: (1000,648000) ops and (836.4,16594.1) ops/second in (1.195592,39.049940) seconds
2026/05/26-11:31:48  ... thread 2: (4000,631000) ops and (2698.3,15891.2) ops/second in (1.482436,39.707410) seconds
2026/05/26-11:31:49  ... thread 1: (2000,667000) ops and (1731.4,16657.9) ops/second in (1.155152,40.041003) seconds
2026/05/26-11:31:49  ... thread 3: (2000,656000) ops and (1857.9,16357.0) ops/second in (1.076507,40.105209) seconds
2026/05/26-11:31:50  ... thread 1: (2000,669000) ops and (1963.6,16293.4) ops/second in (1.018514,41.059517) seconds
2026/05/26-11:31:50  ... thread 0: (3000,651000) ops and (1477.9,15847.2) ops/second in (2.029950,41.079890) seconds
2026/05/26-11:31:50  ... thread 2: (4000,635000) ops and (2314.6,15325.0) ops/second in (1.728137,41.435547) seconds
2026/05/26-11:31:50  ... thread 3: (3000,659000) ops and (2229.1,15898.3) ops/second in (1.345823,41.451032) seconds
2026/05/26-11:31:51  ... thread 2: (4000,639000) ops and (3797.7,15039.3) ops/second in (1.053261,42.488808) seconds
2026/05/26-11:31:51  ... thread 0: (3000,654000) ops and (1990.5,15356.8) ops/second in (1.507165,42.587055) seconds
2026/05/26-11:31:51  ... thread 1: (2000,671000) ops and (1177.2,15692.8) ops/second in (1.698986,42.758503) seconds
2026/05/26-11:31:52  ... thread 3: (3000,662000) ops and (1856.6,15371.5) ops/second in (1.615821,43.066853) seconds
2026/05/26-11:31:52  ... thread 0: (3000,657000) ops and (2567.3,15015.2) ops/second in (1.168558,43.755613) seconds
2026/05/26-11:31:53  ... thread 1: (1000,672000) ops and (922.2,15327.5) ops/second in (1.084341,43.842844) seconds
2026/05/26-11:31:53  ... thread 3: (3000,665000) ops and (2941.1,15083.9) ops/second in (1.020022,44.086875) seconds
2026/05/26-11:31:53  ... thread 2: (4000,643000) ops and (2209.6,14515.0) ops/second in (1.810259,44.299067) seconds
2026/05/26-11:31:53  ... thread 0: (14000,671000) ops and (13784.6,14987.3) ops/second in (1.015625,44.771238) seconds
2026/05/26-11:31:54  ... thread 1: (16000,688000) ops and (15015.8,15320.1) ops/second in (1.065541,44.908385) seconds
2026/05/26-11:31:54  ... thread 3: (23000,688000) ops and (22616.0,15253.7) ops/second in (1.016981,45.103856) seconds
2026/05/26-11:31:54  ... thread 2: (27000,670000) ops and (26847.3,14788.7) ops/second in (1.005686,45.304753) seconds
2026/05/26-11:31:55  ... thread 0: (28000,699000) ops and (26710.6,15255.5) ops/second in (1.048273,45.819511) seconds
2026/05/26-11:31:55  ... thread 1: (28000,716000) ops and (27840.5,15594.3) ops/second in (1.005730,45.914115) seconds
2026/05/26-11:31:55  ... thread 3: (24000,712000) ops and (23961.0,15442.8) ops/second in (1.001629,46.105485) seconds
2026/05/26-11:31:55  ... thread 2: (31000,701000) ops and (28554.5,15110.9) ops/second in (1.085645,46.390398) seconds
2026/05/26-11:31:56  ... thread 0: (30000,729000) ops and (16581.6,15305.9) ops/second in (1.809238,47.628749) seconds
2026/05/26-11:31:56  ... thread 2: (15000,716000) ops and (10768.7,14984.3) ops/second in (1.392921,47.783319) seconds
2026/05/26-11:31:57  ... thread 1: (30000,746000) ops and (14326.1,15539.0) ops/second in (2.094078,48.008193) seconds
2026/05/26-11:31:57  ... thread 3: (21000,733000) ops and (9917.2,15200.2) ops/second in (2.117532,48.223017) seconds
2026/05/26-11:31:57  ... thread 0: (2000,731000) ops and (1835.1,15004.5) ops/second in (1.089883,48.718632) seconds
2026/05/26-11:31:58  ... thread 2: (3000,719000) ops and (2334.9,14653.1) ops/second in (1.284857,49.068176) seconds
2026/05/26-11:31:58  ... thread 3: (2000,735000) ops and (1864.2,14910.0) ops/second in (1.072822,49.295839) seconds
2026/05/26-11:31:58  ... thread 0: (2000,733000) ops and (1929.6,14732.2) ops/second in (1.036467,49.755099) seconds
2026/05/26-11:31:59  ... thread 1: (4000,750000) ops and (2106.1,15027.8) ops/second in (1.899241,49.907434) seconds
2026/05/26-11:31:59  ... thread 3: (3000,738000) ops and (2075.0,14544.3) ops/second in (1.445806,50.741645) seconds
2026/05/26-11:32:00  ... thread 2: (2000,721000) ops and (1146.5,14189.4) ops/second in (1.744374,50.812550) seconds
2026/05/26-11:32:00  ... thread 0: (2000,735000) ops and (1586.4,14407.3) ops/second in (1.260734,51.015833) seconds
2026/05/26-11:32:00  ... thread 1: (5000,755000) ops and (2909.9,14624.5) ops/second in (1.718293,51.625727) seconds
2026/05/26-11:32:01  ... thread 0: (2000,737000) ops and (1746.7,14129.4) ops/second in (1.145039,52.160872) seconds
2026/05/26-11:32:01  ... thread 2: (3000,724000) ops and (2198.0,13875.7) ops/second in (1.364872,52.177422) seconds
2026/05/26-11:32:01  ... thread 3: (4000,742000) ops and (2603.6,14193.3) ops/second in (1.536360,52.278005) seconds
2026/05/26-11:32:02  ... thread 1: (2000,757000) ops and (1667.7,14330.3) ops/second in (1.199285,52.825012) seconds
2026/05/26-11:32:02  ... thread 2: (2000,726000) ops and (1880.9,13636.2) ops/second in (1.063301,53.240723) seconds
2026/05/26-11:32:02  ... thread 3: (2000,744000) ops and (1774.0,13931.2) ops/second in (1.127378,53.405383) seconds
2026/05/26-11:32:02  ... thread 0: (3000,740000) ops and (2029.4,13795.9) ops/second in (1.478249,53.639121) seconds
2026/05/26-11:32:03  ... thread 1: (4000,761000) ops and (3184.5,14071.5) ops/second in (1.256079,54.081091) seconds
2026/05/26-11:32:03  ... thread 3: (2000,746000) ops and (1881.8,13696.1) ops/second in (1.062824,54.468207) seconds
2026/05/26-11:32:03  ... thread 2: (2000,728000) ops and (1524.6,13344.9) ops/second in (1.311810,54.552533) seconds
2026/05/26-11:32:04  ... thread 0: (2000,742000) ops and (1451.2,13486.7) ops/second in (1.378145,55.017266) seconds
2026/05/26-11:32:04  ... thread 1: (3000,764000) ops and (2842.7,13856.5) ops/second in (1.055344,55.136435) seconds
2026/05/26-11:32:04  ... thread 2: (2000,730000) ops and (1718.3,13102.0) ops/second in (1.163956,55.716489) seconds
2026/05/26-11:32:05  ... thread 1: (2000,766000) ops and (1744.8,13609.9) ops/second in (1.146292,56.282727) seconds
2026/05/26-11:32:05  ... thread 3: (2000,748000) ops and (1073.0,13278.4) ops/second in (1.863894,56.332101) seconds
2026/05/26-11:32:05  ... thread 0: (3000,745000) ops and (1860.3,13155.6) ops/second in (1.612666,56.629932) seconds
2026/05/26-11:32:06  ... thread 2: (5000,735000) ops and (3349.5,12847.6) ops/second in (1.492759,57.209248) seconds
2026/05/26-11:32:06  ... thread 3: (3000,751000) ops and (2865.6,13088.4) ops/second in (1.046886,57.378987) seconds
2026/05/26-11:32:06  ... thread 1: (1000,767000) ops and (893.6,13362.0) ops/second in (1.119055,57.401782) seconds
2026/05/26-11:32:06  ... thread 0: (3000,748000) ops and (2820.2,12965.0) ops/second in (1.063743,57.693675) seconds
2026/05/26-11:32:07  ... thread 2: (1000,736000) ops and (840.3,12602.9) ops/second in (1.190088,58.399336) seconds
2026/05/26-11:32:07  ... thread 3: (2000,753000) ops and (1804.8,12874.6) ops/second in (1.108139,58.487126) seconds
2026/05/26-11:32:07  ... thread 0: (3000,751000) ops and (2971.9,12793.2) ops/second in (1.009466,58.703141) seconds
2026/05/26-11:32:07  ... thread 1: (3000,770000) ops and (2220.0,13105.7) ops/second in (1.351379,58.753161) seconds
2026/05/26-11:32:08  ... thread 2: (2000,738000) ops and (1618.7,12375.3) ops/second in (1.235525,59.634861) seconds
2026/05/26-11:32:09  ... thread 0: (2000,753000) ops and (1789.5,12587.6) ops/second in (1.117626,59.820767) seconds
2026/05/26-11:32:09  ... thread 1: (4000,774000) ops and (3335.6,12910.3) ops/second in (1.199198,59.952359) seconds
2026/05/26-11:32:09  ... thread 3: (2000,755000) ops and (1173.7,12543.4) ops/second in (1.703985,60.191111) seconds
2026/05/26-11:32:10  ... thread 2: (2000,740000) ops and (1561.3,12147.9) ops/second in (1.280976,60.915837) seconds
2026/05/26-11:32:10  ... thread 1: (4000,778000) ops and (3369.8,12725.0) ops/second in (1.187011,61.139370) seconds
2026/05/26-11:32:10  ... thread 0: (3000,756000) ops and (2226.6,12359.4) ops/second in (1.347368,61.168135) seconds
2026/05/26-11:32:10  ... thread 3: (1000,756000) ops and (766.9,12293.7) ops/second in (1.304008,61.495119) seconds
2026/05/26-11:32:11  ... thread 1: (2000,780000) ops and (1996.3,12552.1) ops/second in (1.001831,62.141201) seconds
2026/05/26-11:32:11  ... thread 2: (3000,743000) ops and (2238.1,11934.5) ops/second in (1.340434,62.256271) seconds
2026/05/26-11:32:11  ... thread 3: (2000,758000) ops and (1948.2,12123.8) ops/second in (1.026603,62.521722) seconds
2026/05/26-11:32:12  ... thread 0: (3000,759000) ops and (1799.2,12079.2) ops/second in (1.667406,62.835541) seconds
2026/05/26-11:32:12  ... thread 2: (2000,745000) ops and (1984.3,11776.0) ops/second in (1.007932,63.264203) seconds
2026/05/26-11:32:12  ... thread 1: (3000,783000) ops and (2561.5,12367.2) ops/second in (1.171203,63.312404) seconds
2026/05/26-11:32:13  ... thread 3: (3000,761000) ops and (1944.4,11878.6) ops/second in (1.542854,64.064576) seconds
2026/05/26-11:32:13  ... thread 0: (3000,762000) ops and (2271.7,11877.3) ops/second in (1.320601,64.156142) seconds
2026/05/26-11:32:13  ... thread 1: (2000,785000) ops and (1864.9,12192.3) ops/second in (1.072450,64.384854) seconds
2026/05/26-11:32:13  ... thread 2: (2000,747000) ops and (1595.4,11578.2) ops/second in (1.253601,64.517804) seconds
2026/05/26-11:32:14  ... thread 3: (1000,762000) ops and (963.8,11704.7) ops/second in (1.037576,65.102152) seconds
2026/05/26-11:32:14  ... thread 0: (4000,766000) ops and (2928.2,11690.7) ops/second in (1.366012,65.522154) seconds
2026/05/26-11:32:14  ... thread 1: (2000,787000) ops and (1734.4,12008.3) ops/second in (1.153113,65.537967) seconds
2026/05/26-11:32:14  ... thread 2: (3000,750000) ops and (2797.5,11434.6) ops/second in (1.072402,65.590206) seconds
2026/05/26-11:32:15  ... thread 3: (1000,763000) ops and (677.5,11460.2) ops/second in (1.475942,66.578094) seconds
2026/05/26-11:32:15  ... thread 1: (2000,789000) ops and (1781.7,11836.1) ops/second in (1.122531,66.660498) seconds
2026/05/26-11:32:15  ... thread 0: (2000,768000) ops and (1634.4,11506.3) ops/second in (1.223659,66.745813) seconds
2026/05/26-11:32:16  ... thread 2: (5000,755000) ops and (3898.4,11290.1) ops/second in (1.282564,66.872770) seconds
2026/05/26-11:32:16  ... thread 3: (2000,765000) ops and (1662.5,11286.3) ops/second in (1.202993,67.781087) seconds
2026/05/26-11:32:17  ... thread 2: (3000,758000) ops and (2353.6,11122.9) ops/second in (1.274654,68.147424) seconds
2026/05/26-11:32:17  ... thread 1: (3000,792000) ops and (1933.4,11610.8) ops/second in (1.551703,68.212201) seconds
2026/05/26-11:32:17  ... thread 0: (2000,770000) ops and (1308.9,11278.1) ops/second in (1.528049,68.273862) seconds
2026/05/26-11:32:18  ... thread 3: (2000,767000) ops and (1872.8,11140.3) ops/second in (1.067913,68.849000) seconds
2026/05/26-11:32:18  ... thread 1: (2000,794000) ops and (1784.8,11452.0) ops/second in (1.120590,69.332791) seconds
2026/05/26-11:32:18  ... thread 2: (3000,761000) ops and (1974.1,10923.4) ops/second in (1.519682,69.667106) seconds
2026/05/26-11:32:18  ... thread 0: (2000,772000) ops and (1337.6,11065.1) ops/second in (1.495184,69.769046) seconds
2026/05/26-11:32:19  ... thread 3: (4000,771000) ops and (3982.9,11037.4) ops/second in (1.004283,69.853283) seconds
2026/05/26-11:32:19  ... thread 1: (2000,796000) ops and (1713.2,11290.8) ops/second in (1.167386,70.500177) seconds
2026/05/26-11:32:20  ... thread 2: (3000,764000) ops and (2415.2,10774.3) ops/second in (1.242119,70.909225) seconds
2026/05/26-11:32:20  ... thread 3: (2000,773000) ops and (1798.7,10892.7) ops/second in (1.111913,70.965196) seconds
2026/05/26-11:32:20  ... thread 0: (2000,774000) ops and (1438.7,10877.0) ops/second in (1.390112,71.159158) seconds
2026/05/26-11:32:20  ... thread 1: (3000,799000) ops and (2507.9,11144.2) ops/second in (1.196210,71.696387) seconds
2026/05/26-11:32:21  ... thread 2: (2000,766000) ops and (1632.6,10619.1) ops/second in (1.225022,72.134247) seconds
2026/05/26-11:32:21  ... thread 3: (2000,775000) ops and (1586.6,10730.2) ops/second in (1.260558,72.225754) seconds
2026/05/26-11:32:22  ... thread 0: (4000,778000) ops and (2241.5,10665.8) ops/second in (1.784557,72.943715) seconds
2026/05/26-11:32:22  ... thread 1: (3000,802000) ops and (2284.2,10984.8) ops/second in (1.313347,73.009734) seconds
2026/05/26-11:32:22  ... thread 2: (2000,768000) ops and (1708.9,10476.8) ops/second in (1.170322,73.304569) seconds
2026/05/26-11:32:22  ... thread 3: (3000,778000) ops and (2445.2,10591.9) ops/second in (1.226903,73.452657) seconds
2026/05/26-11:32:23  ... thread 0: (2000,780000) ops and (1454.6,10495.3) ops/second in (1.374970,74.318685) seconds
2026/05/26-11:32:23  ... thread 1: (2000,804000) ops and (1521.4,10817.5) ops/second in (1.314565,74.324299) seconds
2026/05/26-11:32:23  ... thread 3: (4000,782000) ops and (3430.6,10480.0) ops/second in (1.165984,74.618641) seconds
2026/05/26-11:32:23  ... thread 2: (2000,770000) ops and (1390.0,10301.9) ops/second in (1.438875,74.743444) seconds
2026/05/26-11:32:24  ... thread 0: (2000,782000) ops and (1689.2,10357.2) ops/second in (1.184001,75.502686) seconds
2026/05/26-11:32:24  ... thread 1: (2000,806000) ops and (1576.6,10662.4) ops/second in (1.268515,75.592814) seconds
2026/05/26-11:32:25  ... thread 2: (3000,773000) ops and (2557.6,10182.3) ops/second in (1.172977,75.916421) seconds
2026/05/26-11:32:25  ... thread 3: (3000,785000) ops and (2177.5,10329.4) ops/second in (1.377720,75.996361) seconds
2026/05/26-11:32:26  ... thread 1: (2000,808000) ops and (1480.3,10501.2) ops/second in (1.351043,76.943857) seconds
2026/05/26-11:32:26  ... thread 0: (3000,785000) ops and (2010.9,10195.5) ops/second in (1.491896,76.994582) seconds
2026/05/26-11:32:26  ... thread 3: (2000,787000) ops and (1899.7,10214.3) ops/second in (1.052782,77.049143) seconds
2026/05/26-11:32:26  ... thread 2: (3000,776000) ops and (2109.1,10033.8) ops/second in (1.422407,77.338828) seconds
2026/05/26-11:32:27  ... thread 1: (4000,812000) ops and (3760.3,10409.2) ops/second in (1.063755,78.007612) seconds
2026/05/26-11:32:27  ... thread 0: (3000,788000) ops and (2850.7,10096.5) ops/second in (1.052379,78.046961) seconds
2026/05/26-11:32:27  ... thread 3: (4000,791000) ops and (3926.9,10132.2) ops/second in (1.018624,78.067767) seconds
2026/05/26-11:32:27  ... thread 2: (10000,786000) ops and (9736.3,10029.9) ops/second in (1.027081,78.365909) seconds
2026/05/26-11:32:28  ... thread 1: (31000,843000) ops and (30173.0,10666.2) ops/second in (1.027407,79.035019) seconds
2026/05/26-11:32:28  ... thread 0: (30000,818000) ops and (29798.0,10347.4) ops/second in (1.006778,79.053739) seconds
2026/05/26-11:32:28  ... thread 3: (29000,820000) ops and (28759.9,10369.8) ops/second in (1.008348,79.076115) seconds
2026/05/26-11:32:28  ... thread 2: (26000,812000) ops and (25121.9,10226.6) ops/second in (1.034954,79.400863) seconds
2026/05/26-11:32:29  ... thread 1: (23000,866000) ops and (22169.3,10815.2) ops/second in (1.037472,80.072491) seconds
2026/05/26-11:32:29  ... thread 3: (21000,841000) ops and (20697.3,10500.6) ops/second in (1.014624,80.090739) seconds
2026/05/26-11:32:29  ... thread 0: (25000,843000) ops and (23922.4,10524.5) ops/second in (1.045046,80.098785) seconds
2026/05/26-11:32:29  ... thread 2: (27000,839000) ops and (24864.5,10424.1) ops/second in (1.085886,80.486749) seconds
2026/05/26-11:32:30  ... thread 0: (27000,870000) ops and (20025.1,10681.8) ops/second in (1.348307,81.447092) seconds
2026/05/26-11:32:30  ... thread 3: (27000,868000) ops and (19698.0,10655.3) ops/second in (1.370695,81.461434) seconds
2026/05/26-11:32:30  ... thread 1: (25000,891000) ops and (17998.0,10937.7) ops/second in (1.389046,81.461537) seconds
2026/05/26-11:32:30  ... thread 2: (18000,857000) ops and (17713.6,10515.0) ops/second in (1.016166,81.502915) seconds
2026/05/26-11:32:31  ... thread 0: (27000,897000) ops and (26594.6,10877.7) ops/second in (1.015245,82.462337) seconds
2026/05/26-11:32:31  ... thread 3: (25000,893000) ops and (24766.2,10828.1) ops/second in (1.009442,82.470876) seconds
2026/05/26-11:32:31  ... thread 1: (29000,920000) ops and (28070.9,11152.2) ops/second in (1.033099,82.494636) seconds
2026/05/26-11:32:31  ... thread 2: (28000,885000) ops and (27507.1,10724.6) ops/second in (1.017919,82.520834) seconds
2026/05/26-11:32:32  ... thread 0: (35000,932000) ops and (34383.4,11164.3) ops/second in (1.017933,83.480270) seconds
2026/05/26-11:32:32  ... thread 3: (28000,921000) ops and (27421.1,11031.0) ops/second in (1.021111,83.491987) seconds
2026/05/26-11:32:32  ... thread 1: (25000,945000) ops and (24552.0,11315.6) ops/second in (1.018249,83.512885) seconds
2026/05/26-11:32:32  ... thread 2: (27000,912000) ops and (26330.2,10916.1) ops/second in (1.025440,83.546274) seconds
2026/05/26-11:32:33  ... thread 0: (28000,960000) ops and (27989.6,11363.6) ops/second in (1.000371,84.480641) seconds
2026/05/26-11:32:33  ... thread 3: (30000,951000) ops and (29801.8,11254.6) ops/second in (1.006651,84.498638) seconds
2026/05/26-11:32:33  ... thread 1: (29000,974000) ops and (28950.6,11524.6) ops/second in (1.001705,84.514590) seconds
2026/05/26-11:32:33  ... thread 2: (30000,942000) ops and (29399.1,11139.1) ops/second in (1.020438,84.566712) seconds
2026/05/26-11:32:34  ... thread 1: (8000,982000) ops and (6491.1,11452.3) ops/second in (1.232464,85.747054) seconds
2026/05/26-11:32:35  ... thread 2: (9000,951000) ops and (7048.8,11078.3) ops/second in (1.276805,85.843517) seconds
2026/05/26-11:32:35  ... thread 3: (10000,961000) ops and (7064.2,11185.6) ops/second in (1.415591,85.914229) seconds
2026/05/26-11:32:35  ... thread 0: (9000,969000) ops and (6267.9,11278.4) ops/second in (1.435899,85.916540) seconds
2026/05/26-11:32:36  ... thread 3: (3000,964000) ops and (2772.2,11080.9) ops/second in (1.082170,86.996399) seconds
2026/05/26-11:32:36  ... thread 0: (3000,972000) ops and (1929.1,11112.2) ops/second in (1.555126,87.471666) seconds
2026/05/26-11:32:36  ... thread 2: (1000,952000) ops and (566.3,10866.4) ops/second in (1.765727,87.609244) seconds
2026/05/26-11:32:36  ... thread 1: (4000,986000) ops and (2128.7,11252.3) ops/second in (1.879108,87.626162) seconds
2026/05/26-11:32:37  ... thread 3: (5000,969000) ops and (3991.2,10980.3) ops/second in (1.252769,88.249168) seconds
2026/05/26-11:32:37  ... thread 0: (11000,983000) ops and (10874.2,11109.4) ops/second in (1.011566,88.483232) seconds
2026/05/26-11:32:37  ... thread 2: (16000,968000) ops and (15866.5,10923.3) ops/second in (1.008411,88.617655) seconds
2026/05/26-11:32:37  ... thread 1: (15000,1001000) ops and (14930.4,11294.0) ops/second in (1.004664,88.630826) seconds
2026/05/26-11:32:38  ... thread 3: (28000,997000) ops and (27298.5,11167.8) ops/second in (1.025697,89.274865) seconds
2026/05/26-11:32:38  ... thread 1: (26000,1027000) ops and (25749.0,11456.9) ops/second in (1.009747,89.640573) seconds
2026/05/26-11:32:38  ... thread 2: (28000,996000) ops and (27298.3,11110.7) ops/second in (1.025706,89.643361) seconds
2026/05/26-11:32:38  ... thread 0: (32000,1015000) ops and (27596.5,11322.7) ops/second in (1.159566,89.642798) seconds
2026/05/26-11:32:39  ... thread 3: (26000,1023000) ops and (25894.4,11331.5) ops/second in (1.004077,90.278942) seconds
2026/05/26-11:32:39  ... thread 1: (31000,1058000) ops and (29032.7,11663.8) ops/second in (1.067763,90.708336) seconds
2026/05/26-11:32:39  ... thread 0: (31000,1046000) ops and (29030.2,11531.2) ops/second in (1.067853,90.710651) seconds
2026/05/26-11:32:39  ... thread 2: (33000,1029000) ops and (30259.0,11340.8) ops/second in (1.090585,90.733946) seconds
2026/05/26-11:32:40  ... thread 3: (27000,1050000) ops and (26947.9,11503.0) ops/second in (1.001933,91.280875) seconds
2026/05/26-11:32:41  ... thread 0: (31000,1077000) ops and (19272.3,11666.0) ops/second in (1.608529,92.319180) seconds
2026/05/26-11:32:41  ... thread 1: (32000,1090000) ops and (19647.1,11804.6) ops/second in (1.628740,92.337076) seconds
2026/05/26-11:32:41  ... thread 2: (30000,1059000) ops and (18088.5,11462.0) ops/second in (1.658511,92.392457) seconds
2026/05/26-11:32:42  ... thread 3: (20000,1070000) ops and (11534.3,11503.5) ops/second in (1.733964,93.014839) seconds
2026/05/26-11:32:42  ... thread 1: (2000,1092000) ops and (1874.6,11691.2) ops/second in (1.066895,93.403971) seconds
2026/05/26-11:32:43  ... thread 0: (2000,1079000) ops and (1322.9,11499.4) ops/second in (1.511885,93.831065) seconds
2026/05/26-11:32:43  ... thread 2: (4000,1063000) ops and (2663.1,11321.2) ops/second in (1.502014,93.894471) seconds
2026/05/26-11:32:43  ... thread 3: (2000,1072000) ops and (1540.5,11366.4) ops/second in (1.298295,94.313134) seconds
2026/05/26-11:32:43  ... thread 1: (3000,1095000) ops and (2409.0,11569.0) ops/second in (1.245338,94.649309) seconds
2026/05/26-11:32:44  ... thread 0: (2000,1081000) ops and (1855.8,11389.9) ops/second in (1.077690,94.908755) seconds
2026/05/26-11:32:44  ... thread 2: (3000,1066000) ops and (2509.3,11210.4) ops/second in (1.195575,95.090046) seconds
2026/05/26-11:32:44  ... thread 3: (2000,1074000) ops and (1917.6,11263.0) ops/second in (1.042969,95.356103) seconds
2026/05/26-11:32:45  ... thread 1: (3000,1098000) ops and (2489.5,11454.9) ops/second in (1.205068,95.854377) seconds
2026/05/26-11:32:45  ... thread 0: (2000,1083000) ops and (1440.4,11246.4) ops/second in (1.388548,96.297303) seconds
2026/05/26-11:32:45  ... thread 2: (2000,1068000) ops and (1635.0,11088.8) ops/second in (1.223228,96.313274) seconds
2026/05/26-11:32:45  ... thread 3: (3000,1077000) ops and (2695.3,11164.2) ops/second in (1.113035,96.469138) seconds
2026/05/26-11:32:46  ... thread 0: (2000,1085000) ops and (1897.5,11145.2) ops/second in (1.054012,97.351315) seconds
2026/05/26-11:32:46  ... thread 3: (3000,1080000) ops and (2807.8,11072.7) ops/second in (1.068437,97.537575) seconds
2026/05/26-11:32:46  ... thread 1: (3000,1101000) ops and (1644.1,11271.6) ops/second in (1.824756,97.679133) seconds
2026/05/26-11:32:46  ... thread 2: (3000,1071000) ops and (2111.9,10958.3) ops/second in (1.420491,97.733765) seconds
2026/05/26-11:32:47  ... thread 0: (2000,1087000) ops and (1725.9,11034.4) ops/second in (1.158822,98.510137) seconds
2026/05/26-11:32:48  ... thread 3: (3000,1083000) ops and (2112.7,10944.1) ops/second in (1.420015,98.957590) seconds
2026/05/26-11:32:48  ... thread 2: (2000,1073000) ops and (1531.6,10834.1) ops/second in (1.305809,99.039574) seconds
2026/05/26-11:32:48  ... thread 1: (3000,1104000) ops and (1861.7,11118.9) ops/second in (1.611401,99.290534) seconds
2026/05/26-11:32:48  ... thread 0: (3000,1090000) ops and (2324.1,10921.7) ops/second in (1.290815,99.800952) seconds
2026/05/26-11:32:49  ... thread 3: (4000,1087000) ops and (3182.0,10846.7) ops/second in (1.257077,100.214667) seconds
2026/05/26-11:32:49  ... thread 1: (2000,1106000) ops and (1427.3,10984.0) ops/second in (1.401254,100.691788) seconds
2026/05/26-11:32:50  ... thread 0: (2000,1092000) ops and (1962.5,10831.2) ops/second in (1.019100,100.820052) seconds
2026/05/26-11:32:50  ... thread 2: (2000,1075000) ops and (1073.7,10653.9) ops/second in (1.862681,100.902255) seconds
2026/05/26-11:32:50  ... thread 3: (4000,1091000) ops and (2783.5,10732.7) ops/second in (1.437014,101.651681) seconds
2026/05/26-11:32:50  ... thread 1: (2000,1108000) ops and (1825.5,10885.4) ops/second in (1.095583,101.787371) seconds
2026/05/26-11:32:51  ... thread 2: (2000,1077000) ops and (1967.9,10567.3) ops/second in (1.016319,101.918574) seconds
2026/05/26-11:32:51  ... thread 0: (3000,1095000) ops and (2204.0,10716.3) ops/second in (1.361148,102.181200) seconds
2026/05/26-11:32:52  ... thread 1: (2000,1110000) ops and (1923.3,10794.8) ops/second in (1.039856,102.827227) seconds
2026/05/26-11:32:52  ... thread 3: (3000,1094000) ops and (2065.7,10610.7) ops/second in (1.452261,103.103942) seconds
2026/05/26-11:32:52  ... thread 2: (3000,1080000) ops and (2308.7,10463.3) ops/second in (1.299453,103.218027) seconds
2026/05/26-11:32:52  ... thread 0: (2000,1097000) ops and (1522.7,10599.6) ops/second in (1.313496,103.494696) seconds
2026/05/26-11:32:53  ... thread 1: (3000,1113000) ops and (2333.4,10690.3) ops/second in (1.285691,104.112918) seconds
2026/05/26-11:32:53  ... thread 3: (2000,1096000) ops and (1818.8,10517.9) ops/second in (1.099620,104.203562) seconds
2026/05/26-11:32:53  ... thread 2: (2000,1082000) ops and (1842.3,10373.6) ops/second in (1.085589,104.303616) seconds
2026/05/26-11:32:54  ... thread 0: (3000,1100000) ops and (2209.8,10490.9) ops/second in (1.357589,104.852285) seconds
2026/05/26-11:32:54  ... thread 1: (2000,1115000) ops and (1957.7,10605.5) ops/second in (1.021585,105.134503) seconds
2026/05/26-11:32:54  ... thread 2: (2000,1084000) ops and (1616.7,10270.9) ops/second in (1.237120,105.540736) seconds
2026/05/26-11:32:54  ... thread 3: (3000,1099000) ops and (2099.9,10404.0) ops/second in (1.428615,105.632177) seconds
2026/05/26-11:32:55  ... thread 0: (2000,1102000) ops and (1810.7,10400.5) ops/second in (1.104544,105.956829) seconds
2026/05/26-11:32:55  ... thread 1: (3000,1118000) ops and (2394.9,10508.8) ops/second in (1.252645,106.387148) seconds
2026/05/26-11:32:56  ... thread 2: (2000,1086000) ops and (1508.4,10162.2) ops/second in (1.325905,106.866641) seconds
2026/05/26-11:32:56  ... thread 3: (3000,1102000) ops and (1831.9,10273.2) ops/second in (1.637643,107.269820) seconds
2026/05/26-11:32:56  ... thread 0: (3000,1105000) ops and (2045.1,10286.4) ops/second in (1.466949,107.423778) seconds
2026/05/26-11:32:57  ... thread 1: (3000,1121000) ops and (1960.2,10387.6) ops/second in (1.530475,107.917623) seconds
2026/05/26-11:32:57  ... thread 2: (3000,1089000) ops and (2248.6,10064.6) ops/second in (1.334160,108.200801) seconds
2026/05/26-11:32:57  ... thread 0: (2000,1107000) ops and (1852.2,10202.4) ops/second in (1.079792,108.503570) seconds
2026/05/26-11:32:57  ... thread 3: (3000,1105000) ops and (2188.7,10171.2) ops/second in (1.370650,108.640470) seconds
2026/05/26-11:32:58  ... thread 1: (2000,1123000) ops and (1632.3,10289.3) ops/second in (1.225291,109.142914) seconds
2026/05/26-11:32:58  ... thread 2: (3000,1092000) ops and (2674.4,9988.8) ops/second in (1.121758,109.322559) seconds
2026/05/26-11:32:58  ... thread 0: (2000,1109000) ops and (1924.5,10123.9) ops/second in (1.039234,109.542804) seconds
2026/05/26-11:32:59  ... thread 3: (2000,1107000) ops and (1368.5,10054.3) ops/second in (1.461441,110.101911) seconds
2026/05/26-11:32:59  ... thread 1: (3000,1126000) ops and (2635.9,10210.3) ops/second in (1.138123,110.281037) seconds
2026/05/26-11:32:59  ... thread 2: (2000,1094000) ops and (1866.8,9910.0) ops/second in (1.071338,110.393897) seconds
2026/05/26-11:33:00  ... thread 0: (3000,1112000) ops and (1943.7,10010.2) ops/second in (1.543417,111.086221) seconds
2026/05/26-11:33:00  ... thread 3: (3000,1110000) ops and (2441.3,9970.3) ops/second in (1.228875,111.330786) seconds
2026/05/26-11:33:00  ... thread 1: (2000,1128000) ops and (1789.0,10125.8) ops/second in (1.117956,111.398993) seconds
2026/05/26-11:33:00  ... thread 2: (2000,1096000) ops and (1957.0,9837.0) ops/second in (1.021961,111.415858) seconds
2026/05/26-11:33:01  ... thread 0: (2000,1114000) ops and (1681.3,9922.0) ops/second in (1.189585,112.275806) seconds
2026/05/26-11:33:01  ... thread 3: (2000,1112000) ops and (1879.6,9893.7) ops/second in (1.064060,112.394846) seconds
2026/05/26-11:33:01  ... thread 1: (3000,1131000) ops and (2288.1,10034.6) ops/second in (1.311154,112.710147) seconds
2026/05/26-11:33:01  ... thread 2: (3000,1099000) ops and (2221.9,9745.8) ops/second in (1.350226,112.766084) seconds
2026/05/26-11:33:02  ... thread 3: (2000,1114000) ops and (1888.5,9819.0) ops/second in (1.059043,113.453889) seconds
2026/05/26-11:33:02  ... thread 0: (3000,1117000) ops and (2427.8,9840.4) ops/second in (1.235707,113.511513) seconds
2026/05/26-11:33:02  ... thread 1: (2000,1133000) ops and (1939.5,9961.2) ops/second in (1.031183,113.741330) seconds
2026/05/26-11:33:03  ... thread 2: (2000,1101000) ops and (1526.6,9651.4) ops/second in (1.310131,114.076215) seconds
2026/05/26-11:33:03  ... thread 3: (2000,1116000) ops and (1962.5,9749.0) ops/second in (1.019084,114.472973) seconds
2026/05/26-11:33:03  ... thread 0: (2000,1119000) ops and (1736.5,9759.0) ops/second in (1.151766,114.663279) seconds
2026/05/26-11:33:03  ... thread 1: (2000,1135000) ops and (1991.6,9891.5) ops/second in (1.004197,114.745527) seconds
2026/05/26-11:33:04  ... thread 2: (3000,1104000) ops and (2317.8,9569.2) ops/second in (1.294309,115.370524) seconds
2026/05/26-11:33:04  ... thread 0: (2000,1121000) ops and (1861.6,9685.7) ops/second in (1.074328,115.737607) seconds
2026/05/26-11:33:05  ... thread 3: (3000,1119000) ops and (2177.4,9659.0) ops/second in (1.377807,115.850780) seconds
2026/05/26-11:33:05  ... thread 1: (3000,1138000) ops and (2495.8,9814.8) ops/second in (1.202034,115.947561) seconds
2026/05/26-11:33:05  ... thread 2: (1000,1105000) ops and (893.5,9485.8) ops/second in (1.119163,116.489687) seconds
2026/05/26-11:33:06  ... thread 0: (2000,1123000) ops and (1849.6,9613.2) ops/second in (1.081296,116.818903) seconds
2026/05/26-11:33:06  ... thread 3: (3000,1122000) ops and (2437.3,9583.1) ops/second in (1.230891,117.081671) seconds
2026/05/26-11:33:06  ... thread 1: (3000,1141000) ops and (2414.0,9736.3) ops/second in (1.242737,117.190298) seconds
2026/05/26-11:33:06  ... thread 2: (2000,1107000) ops and (1611.7,9402.8) ops/second in (1.240922,117.730609) seconds
2026/05/26-11:33:07  ... thread 3: (2000,1124000) ops and (1923.3,9515.6) ops/second in (1.039892,118.121563) seconds
2026/05/26-11:33:07  ... thread 0: (3000,1126000) ops and (2041.0,9519.1) ops/second in (1.469856,118.288759) seconds
2026/05/26-11:33:07  ... thread 1: (2000,1143000) ops and (1412.1,9636.9) ops/second in (1.416346,118.606644) seconds
2026/05/26-11:33:08  ... thread 2: (3000,1110000) ops and (2322.7,9326.0) ops/second in (1.291578,119.022187) seconds
2026/05/26-11:33:08  ... thread 0: (2000,1128000) ops and (1913.5,9452.5) ops/second in (1.045207,119.333966) seconds
2026/05/26-11:33:08  ... thread 3: (3000,1127000) ops and (2096.0,9426.8) ops/second in (1.431283,119.552846) seconds
2026/05/26-11:33:09  ... thread 1: (3000,1146000) ops and (1899.6,9535.2) ops/second in (1.579240,120.185884) seconds
2026/05/26-11:33:09  ... thread 2: (3000,1113000) ops and (2025.7,9236.3) ops/second in (1.480968,120.503155) seconds
2026/05/26-11:33:09  ... thread 3: (2000,1129000) ops and (1998.5,9365.1) ops/second in (1.000734,120.553580) seconds
2026/05/26-11:33:10  ... thread 0: (3000,1131000) ops and (2010.1,9360.5) ops/second in (1.492428,120.826394) seconds
2026/05/26-11:33:10  ... thread 2: (2000,1115000) ops and (1804.9,9168.6) ops/second in (1.108092,121.611247) seconds
2026/05/26-11:33:10  ... thread 1: (3000,1149000) ops and (2024.8,9443.8) ops/second in (1.481639,121.667523) seconds
2026/05/26-11:33:11  ... thread 3: (3000,1132000) ops and (2340.4,9291.2) ops/second in (1.281814,121.835394) seconds
2026/05/26-11:33:11  ... thread 0: (2000,1133000) ops and (1785.7,9291.0) ops/second in (1.120030,121.946424) seconds
2026/05/26-11:33:11  ... thread 1: (2000,1151000) ops and (1872.1,9377.9) ops/second in (1.068340,122.735863) seconds
2026/05/26-11:33:11  ... thread 2: (3000,1118000) ops and (2571.9,9105.9) ops/second in (1.166446,122.777693) seconds
2026/05/26-11:33:12  ... thread 3: (2000,1134000) ops and (1845.6,9225.6) ops/second in (1.083679,122.919073) seconds
2026/05/26-11:33:12  ... thread 0: (2000,1135000) ops and (1739.0,9220.4) ops/second in (1.150119,123.096543) seconds
2026/05/26-11:33:12  ... thread 1: (2000,1153000) ops and (1960.1,9316.7) ops/second in (1.020371,123.756234) seconds
2026/05/26-11:33:12  ... thread 2: (2000,1120000) ops and (1997.9,9048.4) ops/second in (1.001051,123.778744) seconds
2026/05/26-11:33:13  ... thread 3: (2000,1136000) ops and (1656.2,9151.9) ops/second in (1.207569,124.126642) seconds
2026/05/26-11:33:13  ... thread 0: (3000,1138000) ops and (2140.8,9140.7) ops/second in (1.401332,124.497875) seconds
2026/05/26-11:33:14  ... thread 2: (3000,1123000) ops and (2786.0,8994.4) ops/second in (1.076819,124.855563) seconds
2026/05/26-11:33:14  ... thread 3: (3000,1139000) ops and (2944.5,9101.4) ops/second in (1.018845,125.145487) seconds
2026/05/26-11:33:14  ... thread 1: (2000,1155000) ops and (1343.9,9222.0) ops/second in (1.488254,125.244488) seconds
2026/05/26-11:33:14  ... thread 0: (2000,1140000) ops and (1642.2,9068.1) ops/second in (1.217888,125.715763) seconds
2026/05/26-11:33:15  ... thread 2: (2000,1125000) ops and (1657.7,8924.2) ops/second in (1.206502,126.062065) seconds
2026/05/26-11:33:15  ... thread 3: (2000,1141000) ops and (1710.2,9033.0) ops/second in (1.169477,126.314964) seconds
2026/05/26-11:33:15  ... thread 1: (3000,1158000) ops and (2134.9,9143.3) ops/second in (1.405222,126.649710) seconds
2026/05/26-11:33:16  ... thread 0: (3000,1143000) ops and (2096.3,8989.6) ops/second in (1.431069,127.146832) seconds
2026/05/26-11:33:16  ... thread 2: (3000,1128000) ops and (2215.7,8852.9) ops/second in (1.353994,127.416059) seconds
2026/05/26-11:33:16  ... thread 1: (2000,1160000) ops and (1895.4,9083.4) ops/second in (1.055211,127.704921) seconds
2026/05/26-11:33:16  ... thread 3: (3000,1144000) ops and (2022.1,8951.6) ops/second in (1.483615,127.798579) seconds
2026/05/26-11:33:17  ... thread 0: (2000,1145000) ops and (1777.0,8926.3) ops/second in (1.125490,128.272322) seconds
2026/05/26-11:33:17  ... thread 2: (2000,1130000) ops and (1996.4,8799.4) ops/second in (1.001787,128.417846) seconds
2026/05/26-11:33:18  ... thread 1: (3000,1163000) ops and (2089.8,9005.7) ops/second in (1.435527,129.140448) seconds
2026/05/26-11:33:18  ... thread 3: (3000,1147000) ops and (2113.7,8876.5) ops/second in (1.419308,129.217887) seconds
2026/05/26-11:33:18  ... thread 0: (2000,1147000) ops and (1879.8,8868.4) ops/second in (1.063954,129.336276) seconds
2026/05/26-11:33:18  ... thread 2: (2000,1132000) ops and (1846.7,8741.3) ops/second in (1.082992,129.500838) seconds
2026/05/26-11:33:19  ... thread 3: (2000,1149000) ops and (1858.1,8818.5) ops/second in (1.076353,130.294240) seconds
2026/05/26-11:33:19  ... thread 0: (2000,1149000) ops and (1949.2,8813.9) ops/second in (1.026054,130.362330) seconds
2026/05/26-11:33:19  ... thread 1: (3000,1166000) ops and (1995.3,8925.0) ops/second in (1.503542,130.643990) seconds
2026/05/26-11:33:20  ... thread 2: (3000,1135000) ops and (2120.9,8669.7) ops/second in (1.414482,130.915320) seconds
2026/05/26-11:33:20  ... thread 0: (2000,1151000) ops and (1717.0,8751.0) ops/second in (1.164793,131.527123) seconds
2026/05/26-11:33:21  ... thread 3: (3000,1152000) ops and (1884.1,8734.8) ops/second in (1.592237,131.886477) seconds
2026/05/26-11:33:21  ... thread 1: (3000,1169000) ops and (2297.6,8859.4) ops/second in (1.305700,131.949690) seconds
2026/05/26-11:33:21  ... thread 2: (3000,1138000) ops and (1879.1,8587.9) ops/second in (1.596495,132.511815) seconds
2026/05/26-11:33:22  ... thread 0: (3000,1154000) ops and (2058.5,8677.7) ops/second in (1.457337,132.984460) seconds
2026/05/26-11:33:22  ... thread 1: (2000,1171000) ops and (1517.0,8786.8) ops/second in (1.318365,133.268055) seconds
2026/05/26-11:33:22  ... thread 3: (3000,1155000) ops and (1842.2,8650.7) ops/second in (1.628490,133.514967) seconds
2026/05/26-11:33:23  ... thread 2: (4000,1142000) ops and (2789.7,8525.8) ops/second in (1.433825,133.945640) seconds
2026/05/26-11:33:23  ... thread 0: (2000,1156000) ops and (1798.3,8620.7) ops/second in (1.112134,134.096594) seconds
2026/05/26-11:33:23  ... thread 3: (3000,1158000) ops and (2735.0,8602.5) ops/second in (1.096896,134.611863) seconds
2026/05/26-11:33:24  ... thread 1: (3000,1174000) ops and (1906.2,8706.5) ops/second in (1.573837,134.841892) seconds
2026/05/26-11:33:24  ... thread 2: (2000,1144000) ops and (1596.4,8461.6) ops/second in (1.252826,135.198466) seconds
2026/05/26-11:33:24  ... thread 0: (2000,1158000) ops and (1731.3,8561.8) ops/second in (1.155216,135.251810) seconds
2026/05/26-11:33:25  ... thread 3: (3000,1161000) ops and (2167.4,8537.0) ops/second in (1.384120,135.995983) seconds
2026/05/26-11:33:25  ... thread 0: (2000,1160000) ops and (1825.1,8507.7) ops/second in (1.095821,136.347631) seconds
2026/05/26-11:33:25  ... thread 1: (3000,1177000) ops and (1886.3,8627.0) ops/second in (1.590374,136.432266) seconds
2026/05/26-11:33:25  ... thread 2: (3000,1147000) ops and (2159.2,8397.5) ops/second in (1.389411,136.587877) seconds
2026/05/26-11:33:26  ... thread 3: (2000,1163000) ops and (1949.6,8487.7) ops/second in (1.025850,137.021833) seconds
2026/05/26-11:33:26  ... thread 0: (3000,1163000) ops and (2361.5,8450.9) ops/second in (1.270383,137.618014) seconds
2026/05/26-11:33:26  ... thread 2: (2000,1149000) ops and (1727.2,8341.5) ops/second in (1.157931,137.745808) seconds
2026/05/26-11:33:27  ... thread 1: (3000,1180000) ops and (2027.7,8556.2) ops/second in (1.479524,137.911790) seconds
2026/05/26-11:33:27  ... thread 3: (2000,1165000) ops and (1909.6,8437.8) ops/second in (1.047323,138.069156) seconds
2026/05/26-11:33:28  ... thread 1: (2000,1182000) ops and (1918.7,8506.4) ops/second in (1.042348,138.954138) seconds
2026/05/26-11:33:28  ... thread 2: (2000,1151000) ops and (1607.1,8281.2) ops/second in (1.244514,138.990322) seconds
2026/05/26-11:33:28  ... thread 0: (3000,1166000) ops and (2126.4,8386.8) ops/second in (1.410806,139.028820) seconds
2026/05/26-11:33:28  ... thread 3: (3000,1168000) ops and (2083.0,8372.2) ops/second in (1.440264,139.509420) seconds
2026/05/26-11:33:29  ... thread 1: (9000,1191000) ops and (8823.3,8508.7) ops/second in (1.020028,139.974166) seconds
2026/05/26-11:33:29  ... thread 2: (10000,1161000) ops and (9916.7,8292.9) ops/second in (1.008397,139.998719) seconds
2026/05/26-11:33:29  ... thread 0: (12000,1178000) ops and (11988.5,8412.5) ops/second in (1.000958,140.029778) seconds
2026/05/26-11:33:29  ... thread 3: (25000,1193000) ops and (24961.7,8490.4) ops/second in (1.001533,140.510953) seconds
2026/05/26-11:33:30  ... thread 2: (27000,1188000) ops and (26695.8,8424.9) ops/second in (1.011396,141.010115) seconds
2026/05/26-11:33:30  ... thread 1: (23000,1214000) ops and (22212.4,8609.3) ops/second in (1.035459,141.009625) seconds
2026/05/26-11:33:30  ... thread 0: (26000,1204000) ops and (25665.7,8536.4) ops/second in (1.013026,141.042804) seconds
2026/05/26-11:33:30  ... thread 3: (21000,1214000) ops and (20976.7,8578.8) ops/second in (1.001112,141.512065) seconds
2026/05/26-11:33:31  ... thread 2: (28000,1216000) ops and (26129.8,8558.5) ops/second in (1.071572,142.081687) seconds
2026/05/26-11:33:31  ... thread 0: (25000,1229000) ops and (23920.8,8649.6) ops/second in (1.045117,142.087921) seconds
2026/05/26-11:33:31  ... thread 1: (28000,1242000) ops and (25543.9,8740.0) ops/second in (1.096151,142.105776) seconds
2026/05/26-11:33:31  ... thread 3: (32000,1246000) ops and (27475.0,8733.0) ops/second in (1.164695,142.676760) seconds
Initializing RocksDB Options from the specified file
Initializing RocksDB Options from command-line flags
Integrated BlobDB: blob cache disabled
Keys:       16 bytes each (+ 0 bytes user-defined timestamp)
Values:     1024 bytes each (512 bytes after compression)
Entries:    1250000
Prefix:    0 bytes
Keys per prefix:    0
RawSize:    1239.8 MB (estimated)
FileSize:   629.4 MB (estimated)
Write rate: 0 bytes/second
Read rate: 0 ops/second
Compression: Snappy
Compression sampling rate: 0
Memtablerep: SkipListFactory
Perf Level: 1
WARNING: Assertions are enabled; benchmarks unnecessarily slow
------------------------------------------------
Initializing RocksDB Options from the specified file
Initializing RocksDB Options from command-line flags
Integrated BlobDB: blob cache disabled
DB path: [/tmp/rocksdb_comp_exp_db]
fillrandom   :     114.123 micros/op 35009 ops/sec 142.818 seconds 5000000 operations;   34.7 MB/s
2026/05/26-11:33:38  ... thread 1: (1000,1000) ops and (165.4,165.4) ops/second in (6.044772,6.044772) seconds
2026/05/26-11:33:38  ... thread 2: (1000,1000) ops and (163.0,163.0) ops/second in (6.134306,6.134306) seconds
2026/05/26-11:33:38  ... thread 3: (1000,1000) ops and (162.1,162.1) ops/second in (6.170643,6.170643) seconds
2026/05/26-11:33:38  ... thread 0: (1000,1000) ops and (158.4,158.4) ops/second in (6.311568,6.311568) seconds
2026/05/26-11:33:41  ... thread 0: (1000,2000) ops and (356.0,219.3) ops/second in (2.809276,9.120844) seconds
2026/05/26-11:33:41  ... thread 3: (1000,2000) ops and (338.2,219.1) ops/second in (2.956410,9.127053) seconds
2026/05/26-11:33:41  ... thread 1: (1000,2000) ops and (323.6,218.9) ops/second in (3.090306,9.135078) seconds
2026/05/26-11:33:41  ... thread 2: (1000,2000) ops and (330.9,218.4) ops/second in (3.022288,9.156594) seconds
2026/05/26-11:33:42  ... thread 0: (1000,3000) ops and (542.8,273.6) ops/second in (1.842235,10.963079) seconds
2026/05/26-11:33:42  ... thread 3: (1000,3000) ops and (540.5,273.3) ops/second in (1.850285,10.977338) seconds
2026/05/26-11:33:42  ... thread 1: (1000,3000) ops and (542.7,273.3) ops/second in (1.842603,10.977681) seconds
2026/05/26-11:33:43  ... thread 2: (1000,3000) ops and (527.1,271.4) ops/second in (1.897344,11.053938) seconds
2026/05/26-11:33:44  ... thread 0: (2000,5000) ops and (1091.5,390.8) ops/second in (1.832322,12.795401) seconds
2026/05/26-11:33:44  ... thread 2: (2000,5000) ops and (1104.3,388.6) ops/second in (1.811125,12.865063) seconds
2026/05/26-11:33:44  ... thread 1: (2000,5000) ops and (1055.5,388.4) ops/second in (1.894895,12.872576) seconds
2026/05/26-11:33:44  ... thread 3: (2000,5000) ops and (1037.0,387.4) ops/second in (1.928647,12.905985) seconds
2026/05/26-11:33:46  ... thread 0: (2000,7000) ops and (1127.5,480.5) ops/second in (1.773914,14.569315) seconds
2026/05/26-11:33:46  ... thread 1: (2000,7000) ops and (1136.0,478.4) ops/second in (1.760518,14.633094) seconds
2026/05/26-11:33:46  ... thread 3: (2000,7000) ops and (1156.7,478.3) ops/second in (1.728999,14.634984) seconds
2026/05/26-11:33:46  ... thread 2: (2000,7000) ops and (1102.8,476.9) ops/second in (1.813541,14.678604) seconds
2026/05/26-11:33:48  ... thread 0: (2000,9000) ops and (1280.8,557.9) ops/second in (1.561580,16.130895) seconds
2026/05/26-11:33:48  ... thread 1: (2000,9000) ops and (1301.3,556.6) ops/second in (1.536974,16.170068) seconds
2026/05/26-11:33:48  ... thread 2: (2000,9000) ops and (1302.4,555.1) ops/second in (1.535632,16.214236) seconds
2026/05/26-11:33:48  ... thread 3: (2000,9000) ops and (1265.0,555.0) ops/second in (1.581028,16.216012) seconds
2026/05/26-11:33:49  ... thread 3: (2000,11000) ops and (1487.4,626.4) ops/second in (1.344637,17.560649) seconds
2026/05/26-11:33:49  ... thread 0: (2000,11000) ops and (1383.2,625.8) ops/second in (1.445936,17.576831) seconds
2026/05/26-11:33:49  ... thread 2: (2000,11000) ops and (1412.8,623.9) ops/second in (1.415602,17.629838) seconds
2026/05/26-11:33:49  ... thread 1: (2000,11000) ops and (1358.9,623.5) ops/second in (1.471753,17.641821) seconds
2026/05/26-11:33:50  ... thread 3: (2000,13000) ops and (1681.2,693.3) ops/second in (1.189607,18.750256) seconds
2026/05/26-11:33:50  ... thread 0: (2000,13000) ops and (1667.4,692.4) ops/second in (1.199439,18.776270) seconds
2026/05/26-11:33:50  ... thread 2: (2000,13000) ops and (1682.5,690.8) ops/second in (1.188683,18.818521) seconds
2026/05/26-11:33:50  ... thread 1: (2000,13000) ops and (1647.6,689.4) ops/second in (1.213866,18.855687) seconds
2026/05/26-11:33:51  ... thread 3: (2000,15000) ops and (1828.3,755.9) ops/second in (1.093919,19.844175) seconds
2026/05/26-11:33:51  ... thread 0: (2000,15000) ops and (1822.1,754.8) ops/second in (1.097653,19.873923) seconds
2026/05/26-11:33:51  ... thread 2: (2000,15000) ops and (1880.9,754.5) ops/second in (1.063325,19.881846) seconds
2026/05/26-11:33:51  ... thread 1: (2000,15000) ops and (1918.7,753.8) ops/second in (1.042384,19.898071) seconds
2026/05/26-11:33:52  ... thread 0: (2000,17000) ops and (1941.0,813.2) ops/second in (1.030403,20.904326) seconds
2026/05/26-11:33:52  ... thread 3: (2000,17000) ops and (1865.9,812.8) ops/second in (1.071859,20.916034) seconds
2026/05/26-11:33:52  ... thread 1: (2000,17000) ops and (1947.4,812.4) ops/second in (1.026990,20.925061) seconds
2026/05/26-11:33:52  ... thread 2: (2000,17000) ops and (1912.2,812.3) ops/second in (1.045936,20.927782) seconds
2026/05/26-11:33:54  ... thread 1: (3000,20000) ops and (2386.0,901.6) ops/second in (1.257356,22.182417) seconds
2026/05/26-11:33:54  ... thread 2: (3000,20000) ops and (2255.1,898.5) ops/second in (1.330331,22.258113) seconds
2026/05/26-11:33:54  ... thread 0: (3000,20000) ops and (2165.3,897.3) ops/second in (1.385471,22.289797) seconds
2026/05/26-11:33:54  ... thread 3: (3000,20000) ops and (2139.8,896.1) ops/second in (1.402008,22.318042) seconds
2026/05/26-11:33:55  ... thread 2: (3000,23000) ops and (2634.8,983.0) ops/second in (1.138598,23.396711) seconds
2026/05/26-11:33:55  ... thread 1: (3000,23000) ops and (2397.0,981.5) ops/second in (1.251553,23.433970) seconds
2026/05/26-11:33:55  ... thread 0: (3000,23000) ops and (2325.6,975.4) ops/second in (1.289968,23.579765) seconds
2026/05/26-11:33:55  ... thread 3: (3000,23000) ops and (2317.5,974.1) ops/second in (1.294513,23.612555) seconds
2026/05/26-11:33:56  ... thread 1: (3000,26000) ops and (2694.1,1059.2) ops/second in (1.113558,24.547528) seconds
2026/05/26-11:33:56  ... thread 2: (3000,26000) ops and (2597.0,1059.0) ops/second in (1.155170,24.551881) seconds
2026/05/26-11:33:56  ... thread 0: (3000,26000) ops and (2744.4,1053.8) ops/second in (1.093118,24.672883) seconds
2026/05/26-11:33:56  ... thread 3: (3000,26000) ops and (2713.0,1051.9) ops/second in (1.105776,24.718331) seconds
2026/05/26-11:33:57  ... thread 2: (3000,29000) ops and (2971.5,1134.5) ops/second in (1.009594,25.561475) seconds
2026/05/26-11:33:57  ... thread 1: (4000,30000) ops and (3068.3,1160.5) ops/second in (1.303648,25.851176) seconds
2026/05/26-11:33:57  ... thread 0: (4000,30000) ops and (3159.1,1156.6) ops/second in (1.266189,25.939072) seconds
2026/05/26-11:33:58  ... thread 3: (4000,30000) ops and (3042.1,1152.4) ops/second in (1.314894,26.033225) seconds
2026/05/26-11:33:58  ... thread 2: (4000,33000) ops and (3211.9,1231.0) ops/second in (1.245382,26.806857) seconds
2026/05/26-11:33:59  ... thread 1: (4000,34000) ops and (3283.9,1256.0) ops/second in (1.218060,27.069236) seconds
2026/05/26-11:33:59  ... thread 0: (4000,34000) ops and (3326.8,1252.7) ops/second in (1.202357,27.141429) seconds
2026/05/26-11:33:59  ... thread 3: (4000,34000) ops and (3241.6,1246.9) ops/second in (1.233949,27.267174) seconds
2026/05/26-11:33:59  ... thread 2: (4000,37000) ops and (3844.5,1328.7) ops/second in (1.040455,27.847312) seconds
2026/05/26-11:34:00  ... thread 1: (4000,38000) ops and (3761.6,1350.7) ops/second in (1.063389,28.132625) seconds
2026/05/26-11:34:00  ... thread 0: (4000,38000) ops and (3870.5,1348.7) ops/second in (1.033464,28.174893) seconds
2026/05/26-11:34:00  ... thread 3: (4000,38000) ops and (3713.8,1340.7) ops/second in (1.077078,28.344252) seconds
2026/05/26-11:34:00  ... thread 2: (4000,41000) ops and (3745.4,1417.9) ops/second in (1.067989,28.915301) seconds
2026/05/26-11:34:01  ... thread 0: (4000,42000) ops and (3977.1,1439.3) ops/second in (1.005764,29.180657) seconds
2026/05/26-11:34:01  ... thread 1: (4000,42000) ops and (3779.6,1438.8) ops/second in (1.058304,29.190929) seconds
2026/05/26-11:34:01  ... thread 3: (5000,43000) ops and (4163.0,1455.4) ops/second in (1.201062,29.545314) seconds
2026/05/26-11:34:02  ... thread 2: (5000,46000) ops and (4470.4,1531.6) ops/second in (1.118466,30.033767) seconds
2026/05/26-11:34:02  ... thread 0: (5000,47000) ops and (4491.6,1551.5) ops/second in (1.113197,30.293854) seconds
2026/05/26-11:34:02  ... thread 1: (5000,47000) ops and (4516.6,1551.3) ops/second in (1.107020,30.297949) seconds
2026/05/26-11:34:02  ... thread 3: (5000,48000) ops and (4487.3,1565.6) ops/second in (1.114251,30.659565) seconds
2026/05/26-11:34:03  ... thread 2: (6000,52000) ops and (5155.9,1666.8) ops/second in (1.163710,31.197477) seconds
2026/05/26-11:34:03  ... thread 1: (6000,53000) ops and (5467.5,1688.1) ops/second in (1.097386,31.395335) seconds
2026/05/26-11:34:03  ... thread 0: (6000,53000) ops and (5327.9,1686.8) ops/second in (1.126157,31.420011) seconds
2026/05/26-11:34:03  ... thread 3: (6000,54000) ops and (5265.0,1698.2) ops/second in (1.139601,31.799166) seconds
2026/05/26-11:34:04  ... thread 2: (6000,58000) ops and (5250.3,1793.4) ops/second in (1.142794,32.340271) seconds
2026/05/26-11:34:04  ... thread 1: (5000,58000) ops and (4453.0,1783.6) ops/second in (1.122840,32.518175) seconds
2026/05/26-11:34:04  ... thread 0: (6000,59000) ops and (4751.3,1805.2) ops/second in (1.262825,32.682836) seconds
2026/05/26-11:34:04  ... thread 3: (5000,59000) ops and (4403.7,1791.4) ops/second in (1.135400,32.934566) seconds
2026/05/26-11:34:05  ... thread 2: (5000,63000) ops and (4354.1,1881.2) ops/second in (1.148354,33.488625) seconds
2026/05/26-11:34:05  ... thread 1: (5000,63000) ops and (4942.9,1878.9) ops/second in (1.011548,33.529723) seconds
2026/05/26-11:34:05  ... thread 0: (5000,64000) ops and (4942.5,1899.4) ops/second in (1.011634,33.694470) seconds
2026/05/26-11:34:06  ... thread 3: (6000,65000) ops and (5293.6,1907.9) ops/second in (1.133451,34.068017) seconds
2026/05/26-11:34:06  ... thread 1: (6000,69000) ops and (5952.0,1997.8) ops/second in (1.008059,34.537782) seconds
2026/05/26-11:34:06  ... thread 2: (6000,69000) ops and (5425.5,1994.5) ops/second in (1.105879,34.594504) seconds
2026/05/26-11:34:06  ... thread 0: (6000,70000) ops and (5864.7,2016.3) ops/second in (1.023073,34.717543) seconds
2026/05/26-11:34:07  ... thread 3: (6000,71000) ops and (5528.9,2019.7) ops/second in (1.085200,35.153217) seconds
2026/05/26-11:34:07  ... thread 1: (6000,75000) ops and (5679.4,2107.1) ops/second in (1.056443,35.594225) seconds
2026/05/26-11:34:07  ... thread 2: (6000,75000) ops and (5363.6,2100.1) ops/second in (1.118658,35.713162) seconds
2026/05/26-11:34:07  ... thread 0: (6000,76000) ops and (5323.1,2120.3) ops/second in (1.127171,35.844714) seconds
2026/05/26-11:34:08  ... thread 3: (6000,77000) ops and (5683.9,2126.6) ops/second in (1.055610,36.208827) seconds
2026/05/26-11:34:08  ... thread 1: (6000,81000) ops and (5931.6,2212.8) ops/second in (1.011539,36.605764) seconds
2026/05/26-11:34:08  ... thread 2: (6000,81000) ops and (5959.8,2205.9) ops/second in (1.006750,36.719912) seconds
2026/05/26-11:34:08  ... thread 0: (7000,83000) ops and (6244.1,2245.3) ops/second in (1.121064,36.965778) seconds
2026/05/26-11:34:09  ... thread 3: (7000,84000) ops and (6366.4,2251.5) ops/second in (1.099524,37.308351) seconds
2026/05/26-11:34:09  ... thread 1: (7000,88000) ops and (6238.4,2332.5) ops/second in (1.122074,37.727838) seconds
2026/05/26-11:34:09  ... thread 2: (7000,88000) ops and (6065.2,2323.5) ops/second in (1.154121,37.874033) seconds
2026/05/26-11:34:10  ... thread 0: (7000,90000) ops and (6111.8,2361.5) ops/second in (1.145319,38.111097) seconds
2026/05/26-11:34:10  ... thread 3: (7000,91000) ops and (6149.9,2366.9) ops/second in (1.138232,38.446583) seconds
2026/05/26-11:34:10  ... thread 1: (6000,94000) ops and (5958.2,2426.8) ops/second in (1.007019,38.734857) seconds
2026/05/26-11:34:10  ... thread 2: (7000,95000) ops and (6605.9,2440.0) ops/second in (1.059652,38.933685) seconds
2026/05/26-11:34:11  ... thread 0: (7000,97000) ops and (6279.3,2472.9) ops/second in (1.114769,39.225866) seconds
2026/05/26-11:34:11  ... thread 3: (7000,98000) ops and (6102.6,2475.1) ops/second in (1.147061,39.593644) seconds
2026/05/26-11:34:11  ... thread 1: (6000,100000) ops and (5744.6,2513.9) ops/second in (1.044463,39.779320) seconds
DB path: [/tmp/rocksdb_comp_exp_db]
readrandom   :     398.164 micros/op 10009 ops/sec 39.961 seconds 400000 operations;    9.7 MB/s (98135 of 100000 found)

STATISTICS:
rocksdb.block.cache.miss COUNT : 3193863
rocksdb.block.cache.hit COUNT : 42169
rocksdb.block.cache.add COUNT : 894872
rocksdb.block.cache.add.failures COUNT : 0
rocksdb.block.cache.index.miss COUNT : 0
rocksdb.block.cache.index.hit COUNT : 0
rocksdb.block.cache.index.add COUNT : 0
rocksdb.block.cache.index.bytes.insert COUNT : 0
rocksdb.block.cache.filter.miss COUNT : 0
rocksdb.block.cache.filter.hit COUNT : 0
rocksdb.block.cache.filter.add COUNT : 0
rocksdb.block.cache.filter.bytes.insert COUNT : 0
rocksdb.block.cache.data.miss COUNT : 3193863
rocksdb.block.cache.data.hit COUNT : 42169
rocksdb.block.cache.data.add COUNT : 894872
rocksdb.block.cache.data.bytes.insert COUNT : 3851495856
rocksdb.block.cache.bytes.read COUNT : 181495376
rocksdb.block.cache.bytes.write COUNT : 3851495856
rocksdb.block.cache.compression.dict.miss COUNT : 0
rocksdb.block.cache.compression.dict.hit COUNT : 0
rocksdb.block.cache.compression.dict.add COUNT : 0
rocksdb.block.cache.compression.dict.bytes.insert COUNT : 0
rocksdb.block.cache.add.redundant COUNT : 8
rocksdb.block.cache.index.add.redundant COUNT : 0
rocksdb.block.cache.filter.add.redundant COUNT : 0
rocksdb.block.cache.data.add.redundant COUNT : 8
rocksdb.block.cache.compression.dict.add.redundant COUNT : 0
rocksdb.secondary.cache.hits COUNT : 0
rocksdb.secondary.cache.filter.hits COUNT : 0
rocksdb.secondary.cache.index.hits COUNT : 0
rocksdb.secondary.cache.data.hits COUNT : 0
rocksdb.compressed.secondary.cache.dummy.hits COUNT : 0
rocksdb.compressed.secondary.cache.hits COUNT : 0
rocksdb.compressed.secondary.cache.promotions COUNT : 0
rocksdb.compressed.secondary.cache.promotion.skips COUNT : 0
rocksdb.bloom.filter.useful COUNT : 0
rocksdb.bloom.filter.full.positive COUNT : 0
rocksdb.bloom.filter.full.true.positive COUNT : 0
rocksdb.bloom.filter.prefix.checked COUNT : 0
rocksdb.bloom.filter.prefix.useful COUNT : 0
rocksdb.bloom.filter.prefix.true.positive COUNT : 0
rocksdb.persistent.cache.hit COUNT : 0
rocksdb.persistent.cache.miss COUNT : 0
rocksdb.sim.block.cache.hit COUNT : 0
rocksdb.sim.block.cache.miss COUNT : 0
rocksdb.memtable.hit COUNT : 7761
rocksdb.memtable.miss COUNT : 392239
rocksdb.l0.hit COUNT : 3980
rocksdb.l1.hit COUNT : 0
rocksdb.l2andup.hit COUNT : 380947
rocksdb.compaction.key.drop.new COUNT : 2790502
rocksdb.compaction.key.drop.obsolete COUNT : 0
rocksdb.compaction.key.drop.range_del COUNT : 0
rocksdb.compaction.key.drop.user COUNT : 0
rocksdb.compaction.range_del.drop.obsolete COUNT : 0
rocksdb.compaction.optimized.del.drop.obsolete COUNT : 0
rocksdb.compaction.cancelled COUNT : 0
rocksdb.compaction.aborted COUNT : 0
rocksdb.number.keys.written COUNT : 5000000
rocksdb.number.keys.read COUNT : 400000
rocksdb.number.keys.updated COUNT : 0
rocksdb.bytes.written COUNT : 5277890664
rocksdb.bytes.read COUNT : 402112512
rocksdb.number.db.seek COUNT : 0
rocksdb.number.db.next COUNT : 0
rocksdb.number.db.prev COUNT : 0
rocksdb.number.db.seek.found COUNT : 0
rocksdb.number.db.next.found COUNT : 0
rocksdb.number.db.prev.found COUNT : 0
rocksdb.db.iter.bytes.read COUNT : 0
rocksdb.number.iter.skip COUNT : 0
rocksdb.number.reseeks.iteration COUNT : 0
rocksdb.num.iterator.created COUNT : 0
rocksdb.num.iterator.deleted COUNT : 0
rocksdb.no.file.opens COUNT : 146
rocksdb.no.file.errors COUNT : 0
rocksdb.stall.micros COUNT : 104622364
rocksdb.db.mutex.wait.micros COUNT : 0
rocksdb.number.multiget.get COUNT : 0
rocksdb.number.multiget.keys.read COUNT : 0
rocksdb.number.multiget.bytes.read COUNT : 0
rocksdb.number.multiget.keys.found COUNT : 0
rocksdb.number.merge.failures COUNT : 0
rocksdb.getupdatessince.calls COUNT : 0
rocksdb.wal.synced COUNT : 0
rocksdb.wal.bytes COUNT : 5277890664
rocksdb.write.self COUNT : 4824222
rocksdb.write.other COUNT : 175778
rocksdb.write.wal COUNT : 5000000
rocksdb.compact.read.bytes COUNT : 5607530047
rocksdb.compact.write.bytes COUNT : 3925477197
rocksdb.flush.write.bytes COUNT : 2970210249
rocksdb.compact.read.marked.bytes COUNT : 0
rocksdb.compact.read.periodic.bytes COUNT : 0
rocksdb.compact.read.ttl.bytes COUNT : 0
rocksdb.compact.write.marked.bytes COUNT : 0
rocksdb.compact.write.periodic.bytes COUNT : 0
rocksdb.compact.write.ttl.bytes COUNT : 0
rocksdb.number.direct.load.table.properties COUNT : 0
rocksdb.number.superversion_acquires COUNT : 16
rocksdb.number.superversion_releases COUNT : 12
rocksdb.number.superversion_cleanups COUNT : 3
rocksdb.number.block.compressed COUNT : 2823508
rocksdb.number.block.decompressed COUNT : 3194009
rocksdb.bytes.compressed.from COUNT : 11900293135
rocksdb.bytes.compressed.to COUNT : 6881375105
rocksdb.bytes.compression_bypassed COUNT : 0
rocksdb.bytes.compression.rejected COUNT : 0
rocksdb.number.block_compression_bypassed COUNT : 0
rocksdb.number.block_compression_rejected COUNT : 0
rocksdb.bytes.decompressed.from COUNT : 7784098691
rocksdb.bytes.decompressed.to COUNT : 13454609989
rocksdb.merge.operation.time.nanos COUNT : 0
rocksdb.filter.operation.time.nanos COUNT : 0
rocksdb.compaction.total.time.cpu_micros COUNT : 32261811
rocksdb.row.cache.hit COUNT : 0
rocksdb.row.cache.miss COUNT : 0
rocksdb.read.amp.estimate.useful.bytes COUNT : 0
rocksdb.read.amp.total.read.bytes COUNT : 0
rocksdb.number.rate_limiter.drains COUNT : 0
rocksdb.blobdb.num.put COUNT : 0
rocksdb.blobdb.num.write COUNT : 0
rocksdb.blobdb.num.get COUNT : 0
rocksdb.blobdb.num.multiget COUNT : 0
rocksdb.blobdb.num.seek COUNT : 0
rocksdb.blobdb.num.next COUNT : 0
rocksdb.blobdb.num.prev COUNT : 0
rocksdb.blobdb.num.keys.written COUNT : 0
rocksdb.blobdb.num.keys.read COUNT : 0
rocksdb.blobdb.bytes.written COUNT : 0
rocksdb.blobdb.bytes.read COUNT : 0
rocksdb.blobdb.write.inlined COUNT : 0
rocksdb.blobdb.write.inlined.ttl COUNT : 0
rocksdb.blobdb.write.blob COUNT : 0
rocksdb.blobdb.write.blob.ttl COUNT : 0
rocksdb.blobdb.blob.file.bytes.written COUNT : 0
rocksdb.blobdb.blob.file.bytes.read COUNT : 0
rocksdb.blobdb.blob.file.synced COUNT : 0
rocksdb.blobdb.blob.index.expired.count COUNT : 0
rocksdb.blobdb.blob.index.expired.size COUNT : 0
rocksdb.blobdb.blob.index.evicted.count COUNT : 0
rocksdb.blobdb.blob.index.evicted.size COUNT : 0
rocksdb.blobdb.gc.num.files COUNT : 0
rocksdb.blobdb.gc.num.new.files COUNT : 0
rocksdb.blobdb.gc.failures COUNT : 0
rocksdb.blobdb.gc.num.keys.relocated COUNT : 0
rocksdb.blobdb.gc.bytes.relocated COUNT : 0
rocksdb.blobdb.fifo.num.files.evicted COUNT : 0
rocksdb.blobdb.fifo.num.keys.evicted COUNT : 0
rocksdb.blobdb.fifo.bytes.evicted COUNT : 0
rocksdb.blobdb.cache.miss COUNT : 0
rocksdb.blobdb.cache.hit COUNT : 0
rocksdb.blobdb.cache.add COUNT : 0
rocksdb.blobdb.cache.add.failures COUNT : 0
rocksdb.blobdb.cache.bytes.read COUNT : 0
rocksdb.blobdb.cache.bytes.write COUNT : 0
rocksdb.txn.overhead.mutex.prepare COUNT : 0
rocksdb.txn.overhead.mutex.old.commit.map COUNT : 0
rocksdb.txn.overhead.duplicate.key COUNT : 0
rocksdb.txn.overhead.mutex.snapshot COUNT : 0
rocksdb.txn.get.tryagain COUNT : 0
rocksdb.files.marked.trash COUNT : 0
rocksdb.files.marked.trash.deleted COUNT : 0
rocksdb.files.deleted.immediately COUNT : 201
rocksdb.error.handler.bg.error.count COUNT : 0
rocksdb.error.handler.bg.io.error.count COUNT : 0
rocksdb.error.handler.bg.retryable.io.error.count COUNT : 0
rocksdb.error.handler.autoresume.count COUNT : 0
rocksdb.error.handler.autoresume.retry.total.count COUNT : 0
rocksdb.error.handler.autoresume.success.count COUNT : 0
rocksdb.memtable.payload.bytes.at.flush COUNT : 5214448712
rocksdb.memtable.garbage.bytes.at.flush COUNT : 127452520
rocksdb.verify_checksum.read.bytes COUNT : 0
rocksdb.backup.read.bytes COUNT : 0
rocksdb.backup.write.bytes COUNT : 0
rocksdb.remote.compact.read.bytes COUNT : 0
rocksdb.remote.compact.write.bytes COUNT : 0
rocksdb.remote.compact.resumed.bytes COUNT : 0
rocksdb.hot.file.read.bytes COUNT : 0
rocksdb.warm.file.read.bytes COUNT : 0
rocksdb.cool.file.read.bytes COUNT : 0
rocksdb.cold.file.read.bytes COUNT : 0
rocksdb.ice.file.read.bytes COUNT : 0
rocksdb.hot.file.read.count COUNT : 0
rocksdb.warm.file.read.count COUNT : 0
rocksdb.cool.file.read.count COUNT : 0
rocksdb.cold.file.read.count COUNT : 0
rocksdb.ice.file.read.count COUNT : 0
rocksdb.last.level.read.bytes COUNT : 2070536316
rocksdb.last.level.read.count COUNT : 850703
rocksdb.non.last.level.read.bytes COUNT : 5729715811
rocksdb.non.last.level.read.count COUNT : 2343744
rocksdb.last.level.seek.filtered COUNT : 0
rocksdb.last.level.seek.filter.match COUNT : 0
rocksdb.last.level.seek.data COUNT : 0
rocksdb.last.level.seek.data.useful.no.filter COUNT : 0
rocksdb.last.level.seek.data.useful.filter.match COUNT : 0
rocksdb.non.last.level.seek.filtered COUNT : 0
rocksdb.non.last.level.seek.filter.match COUNT : 0
rocksdb.non.last.level.seek.data COUNT : 0
rocksdb.non.last.level.seek.data.useful.no.filter COUNT : 0
rocksdb.non.last.level.seek.data.useful.filter.match COUNT : 0
rocksdb.block.checksum.compute.count COUNT : 3194155
rocksdb.block.checksum.mismatch.count COUNT : 0
rocksdb.multiget.coroutine.count COUNT : 0
rocksdb.read.async.micros COUNT : 0
rocksdb.async.read.error.count COUNT : 0
rocksdb.table.open.prefetch.tail.miss COUNT : 0
rocksdb.table.open.prefetch.tail.hit COUNT : 0
rocksdb.timestamp.filter.table.checked COUNT : 0
rocksdb.timestamp.filter.table.filtered COUNT : 0
rocksdb.readahead.trimmed COUNT : 0
rocksdb.fifo.max.size.compactions COUNT : 0
rocksdb.fifo.ttl.compactions COUNT : 0
rocksdb.fifo.change_temperature.compactions COUNT : 0
rocksdb.prefetch.bytes COUNT : 0
rocksdb.prefetch.bytes.useful COUNT : 0
rocksdb.prefetch.hits COUNT : 0
rocksdb.footer.corruption.count COUNT : 0
rocksdb.file.read.corruption.retry.count COUNT : 0
rocksdb.file.read.corruption.retry.success.count COUNT : 0
rocksdb.number.wbwi.ingest COUNT : 0
rocksdb.sst.user.defined.index.load.fail.count COUNT : 0
rocksdb.multiscan.prepare.calls COUNT : 0
rocksdb.multiscan.prepare.errors COUNT : 0
rocksdb.multiscan.blocks.prefetched COUNT : 0
rocksdb.multiscan.blocks.from.cache COUNT : 0
rocksdb.multiscan.prefetch.bytes COUNT : 0
rocksdb.multiscan.prefetch.blocks.wasted COUNT : 0
rocksdb.multiscan.io.requests COUNT : 0
rocksdb.multiscan.io.coalesced.nonadjacent COUNT : 0
rocksdb.multiscan.seek.errors COUNT : 0
rocksdb.prefetch.memory.bytes.granted COUNT : 0
rocksdb.prefetch.memory.bytes.released COUNT : 0
rocksdb.prefetch.memory.requests.blocked COUNT : 0
rocksdb.read.path.range.tombstones.inserted COUNT : 0
rocksdb.read.path.range.tombstones.discarded COUNT : 0
rocksdb.file.open.metadata.retrieved COUNT : 0
rocksdb.file.open.metadata.passed COUNT : 0
rocksdb.manifest.validation.failure.count COUNT : 0
rocksdb.db.get.micros P50 : 20.609915 P95 : 1681.619236 P99 : 2820.581395 P100 : 761053.000000 COUNT : 400000 SUM : 159001647
rocksdb.db.write.micros P50 : 5.369310 P95 : 100.126845 P99 : 1548.912593 P100 : 936377.000000 COUNT : 4999841 SUM : 566854351
rocksdb.compaction.times.micros P50 : 2775000.000000 P95 : 51427568.000000 P99 : 51427568.000000 P100 : 51427568.000000 COUNT : 15 SUM : 149358691
rocksdb.compaction.times.cpu_micros P50 : 945000.000000 P95 : 8263466.000000 P99 : 8263466.000000 P100 : 8263466.000000 COUNT : 15 SUM : 32261811
rocksdb.subcompaction.setup.times.micros P50 : 0.000000 P95 : 0.000000 P99 : 0.000000 P100 : 0.000000 COUNT : 0 SUM : 0
rocksdb.table.sync.micros P50 : 350000.000000 P95 : 933506.000000 P99 : 933506.000000 P100 : 933506.000000 COUNT : 80 SUM : 41129184
rocksdb.compaction.outfile.sync.micros P50 : 705744.680851 P95 : 928985.000000 P99 : 928985.000000 P100 : 928985.000000 COUNT : 66 SUM : 40640180
rocksdb.wal.file.sync.micros P50 : 0.000000 P95 : 0.000000 P99 : 0.000000 P100 : 0.000000 COUNT : 0 SUM : 0
rocksdb.manifest.file.sync.micros P50 : 5683.333333 P95 : 18488.888889 P99 : 22110.000000 P100 : 25936.000000 COUNT : 99 SUM : 646958
rocksdb.table.open.io.micros P50 : 701.395349 P95 : 5140.000000 P99 : 5964.000000 P100 : 5964.000000 COUNT : 146 SUM : 157934
rocksdb.db.multiget.micros P50 : 0.000000 P95 : 0.000000 P99 : 0.000000 P100 : 0.000000 COUNT : 0 SUM : 0
rocksdb.read.block.compaction.micros P50 : 3.231670 P95 : 8.723059 P99 : 1277.009552 P100 : 331498.000000 COUNT : 2298991 SUM : 83910870
rocksdb.read.block.get.micros P50 : 5.346025 P95 : 1195.248000 P99 : 1737.057095 P100 : 582677.000000 COUNT : 895018 SUM : 154584402
rocksdb.write.raw.block.micros P50 : 0.539121 P95 : 1.396605 P99 : 2.682147 P100 : 10603.000000 COUNT : 2823800 SUM : 7644135
rocksdb.numfiles.in.singlecompaction P50 : 4.500000 P95 : 26.000000 P99 : 26.000000 P100 : 26.000000 COUNT : 30 SUM : 252
rocksdb.db.seek.micros P50 : 0.000000 P95 : 0.000000 P99 : 0.000000 P100 : 0.000000 COUNT : 0 SUM : 0
rocksdb.db.write.stall P50 : 1093.960925 P95 : 1295.525758 P99 : 2567.673344 P100 : 934937.000000 COUNT : 75604 SUM : 104622364
rocksdb.sst.read.micros P50 : 0.832465 P95 : 13.135173 P99 : 1522.849632 P100 : 582635.000000 COUNT : 3194447 SUM : 227149917
rocksdb.file.read.flush.micros P50 : 3.700000 P95 : 65.285714 P99 : 103.200000 P100 : 1614.000000 COUNT : 320 SUM : 7300
rocksdb.file.read.compaction.micros P50 : 0.706704 P95 : 4.811305 P99 : 1247.422966 P100 : 331465.000000 COUNT : 2299255 SUM : 77161832
rocksdb.file.read.db.open.micros P50 : 0.000000 P95 : 0.000000 P99 : 0.000000 P100 : 0.000000 COUNT : 0 SUM : 0
rocksdb.file.read.get.micros P50 : 0.000000 P95 : 0.000000 P99 : 0.000000 P100 : 0.000000 COUNT : 0 SUM : 0
rocksdb.file.read.multiget.micros P50 : 0.000000 P95 : 0.000000 P99 : 0.000000 P100 : 0.000000 COUNT : 0 SUM : 0
rocksdb.file.read.db.iterator.micros P50 : 0.000000 P95 : 0.000000 P99 : 0.000000 P100 : 0.000000 COUNT : 0 SUM : 0
rocksdb.file.read.verify.db.checksum.micros P50 : 0.000000 P95 : 0.000000 P99 : 0.000000 P100 : 0.000000 COUNT : 0 SUM : 0
rocksdb.file.read.verify.file.checksums.micros P50 : 0.000000 P95 : 0.000000 P99 : 0.000000 P100 : 0.000000 COUNT : 0 SUM : 0
rocksdb.sst.write.micros P50 : 0.502721 P95 : 0.955170 P99 : 0.995388 P100 : 10601.000000 COUNT : 5647746 SUM : 6220308
rocksdb.file.write.flush.micros P50 : 0.502366 P95 : 0.954495 P99 : 0.994685 P100 : 10601.000000 COUNT : 2427612 SUM : 2763287
rocksdb.file.write.compaction.micros P50 : 0.502990 P95 : 0.955680 P99 : 0.995919 P100 : 7498.000000 COUNT : 3220134 SUM : 3457021
rocksdb.file.write.db.open.micros P50 : 0.000000 P95 : 0.000000 P99 : 0.000000 P100 : 0.000000 COUNT : 0 SUM : 0
rocksdb.num.subcompactions.scheduled P50 : 0.000000 P95 : 0.000000 P99 : 0.000000 P100 : 0.000000 COUNT : 0 SUM : 0
rocksdb.bytes.per.read P50 : 1024.000000 P95 : 1024.000000 P99 : 1024.000000 P100 : 1024.000000 COUNT : 400000 SUM : 402112512
rocksdb.bytes.per.write P50 : 1089.157579 P95 : 1286.399399 P99 : 3057.227923 P100 : 4188.000000 COUNT : 4824222 SUM : 5277890664
rocksdb.bytes.per.multiget P50 : 0.000000 P95 : 0.000000 P99 : 0.000000 P100 : 0.000000 COUNT : 0 SUM : 0
rocksdb.compression.times.nanos P50 : 0.000000 P95 : 0.000000 P99 : 0.000000 P100 : 0.000000 COUNT : 0 SUM : 0
rocksdb.decompression.times.nanos P50 : 0.000000 P95 : 0.000000 P99 : 0.000000 P100 : 0.000000 COUNT : 0 SUM : 0
rocksdb.read.num.merge_operands P50 : 0.000000 P95 : 0.000000 P99 : 0.000000 P100 : 0.000000 COUNT : 0 SUM : 0
rocksdb.blobdb.key.size P50 : 0.000000 P95 : 0.000000 P99 : 0.000000 P100 : 0.000000 COUNT : 0 SUM : 0
rocksdb.blobdb.value.size P50 : 0.000000 P95 : 0.000000 P99 : 0.000000 P100 : 0.000000 COUNT : 0 SUM : 0
rocksdb.blobdb.write.micros P50 : 0.000000 P95 : 0.000000 P99 : 0.000000 P100 : 0.000000 COUNT : 0 SUM : 0
rocksdb.blobdb.get.micros P50 : 0.000000 P95 : 0.000000 P99 : 0.000000 P100 : 0.000000 COUNT : 0 SUM : 0
rocksdb.blobdb.multiget.micros P50 : 0.000000 P95 : 0.000000 P99 : 0.000000 P100 : 0.000000 COUNT : 0 SUM : 0
rocksdb.blobdb.seek.micros P50 : 0.000000 P95 : 0.000000 P99 : 0.000000 P100 : 0.000000 COUNT : 0 SUM : 0
rocksdb.blobdb.next.micros P50 : 0.000000 P95 : 0.000000 P99 : 0.000000 P100 : 0.000000 COUNT : 0 SUM : 0
rocksdb.blobdb.prev.micros P50 : 0.000000 P95 : 0.000000 P99 : 0.000000 P100 : 0.000000 COUNT : 0 SUM : 0
rocksdb.blobdb.blob.file.write.micros P50 : 0.000000 P95 : 0.000000 P99 : 0.000000 P100 : 0.000000 COUNT : 0 SUM : 0
rocksdb.blobdb.blob.file.read.micros P50 : 0.000000 P95 : 0.000000 P99 : 0.000000 P100 : 0.000000 COUNT : 0 SUM : 0
rocksdb.blobdb.blob.file.sync.micros P50 : 0.000000 P95 : 0.000000 P99 : 0.000000 P100 : 0.000000 COUNT : 0 SUM : 0
rocksdb.blobdb.compression.micros P50 : 0.000000 P95 : 0.000000 P99 : 0.000000 P100 : 0.000000 COUNT : 0 SUM : 0
rocksdb.blobdb.decompression.micros P50 : 0.000000 P95 : 0.000000 P99 : 0.000000 P100 : 0.000000 COUNT : 0 SUM : 0
rocksdb.db.flush.micros P50 : 556744.186047 P95 : 1157500.000000 P99 : 1228216.000000 P100 : 1228216.000000 COUNT : 80 SUM : 56075941
rocksdb.sst.batch.size P50 : 0.000000 P95 : 0.000000 P99 : 0.000000 P100 : 0.000000 COUNT : 0 SUM : 0
rocksdb.multiget.io.batch.size P50 : 0.000000 P95 : 0.000000 P99 : 0.000000 P100 : 0.000000 COUNT : 0 SUM : 0
rocksdb.num.index.and.filter.blocks.read.per.level P50 : 0.000000 P95 : 0.000000 P99 : 0.000000 P100 : 0.000000 COUNT : 0 SUM : 0
rocksdb.num.sst.read.per.level P50 : 0.000000 P95 : 0.000000 P99 : 0.000000 P100 : 0.000000 COUNT : 0 SUM : 0
rocksdb.num.level.read.per.multiget P50 : 0.000000 P95 : 0.000000 P99 : 0.000000 P100 : 0.000000 COUNT : 0 SUM : 0
rocksdb.error.handler.autoresume.retry.count P50 : 0.000000 P95 : 0.000000 P99 : 0.000000 P100 : 0.000000 COUNT : 0 SUM : 0
rocksdb.async.read.bytes P50 : 0.000000 P95 : 0.000000 P99 : 0.000000 P100 : 0.000000 COUNT : 0 SUM : 0
rocksdb.poll.wait.micros P50 : 0.000000 P95 : 0.000000 P99 : 0.000000 P100 : 0.000000 COUNT : 0 SUM : 0
rocksdb.compaction.prefetch.bytes P50 : 0.000000 P95 : 0.000000 P99 : 0.000000 P100 : 0.000000 COUNT : 0 SUM : 0
rocksdb.prefetched.bytes.discarded P50 : 0.000000 P95 : 0.000000 P99 : 0.000000 P100 : 0.000000 COUNT : 0 SUM : 0
rocksdb.async.prefetch.abort.micros P50 : 0.000000 P95 : 0.000000 P99 : 0.000000 P100 : 0.000000 COUNT : 0 SUM : 0
rocksdb.table.open.prefetch.tail.read.bytes P50 : 0.000000 P95 : 0.000000 P99 : 0.000000 P100 : 0.000000 COUNT : 0 SUM : 0
rocksdb.num.op.per.transaction P50 : 0.000000 P95 : 0.000000 P99 : 0.000000 P100 : 0.000000 COUNT : 0 SUM : 0
rocksdb.multiscan.op.prepare.iterators.micros P50 : 0.000000 P95 : 0.000000 P99 : 0.000000 P100 : 0.000000 COUNT : 0 SUM : 0
rocksdb.multiscan.prepare.micros P50 : 0.000000 P95 : 0.000000 P99 : 0.000000 P100 : 0.000000 COUNT : 0 SUM : 0
rocksdb.multiscan.blocks.per.prepare P50 : 0.000000 P95 : 0.000000 P99 : 0.000000 P100 : 0.000000 COUNT : 0 SUM : 0
rocksdb.block.key.distribution.cv P50 : 0.000000 P95 : 0.000000 P99 : 0.000000 P100 : 0.000000 COUNT : 0 SUM : 0

[EXPERIMENT_COMPLETED]
