RocksDB:    version 11.3.0
Date:       Tue May 26 10:11:58 2026
CPU:        2 * Intel Xeon Processor (SapphireRapids)
CPUCache:   16384 KB
2026/05/26-10:11:59  ... thread 0: (33000,33000) ops and (32993.8,32993.8) ops/second in (1.000189,1.000189) seconds
2026/05/26-10:11:59  ... thread 1: (32000,32000) ops and (31764.5,31764.5) ops/second in (1.007413,1.007413) seconds
2026/05/26-10:11:59  ... thread 3: (34000,34000) ops and (33224.0,33224.0) ops/second in (1.023356,1.023356) seconds
2026/05/26-10:11:59  ... thread 2: (35000,35000) ops and (34079.8,34079.8) ops/second in (1.027002,1.027002) seconds
2026/05/26-10:12:00  ... thread 1: (30000,62000) ops and (29787.7,30776.3) ops/second in (1.007126,2.014539) seconds
2026/05/26-10:12:00  ... thread 0: (27000,60000) ops and (26576.5,29760.1) ops/second in (1.015935,2.016124) seconds
2026/05/26-10:12:00  ... thread 3: (32000,66000) ops and (31361.2,32294.0) ops/second in (1.020368,2.043724) seconds
2026/05/26-10:12:00  ... thread 2: (34000,69000) ops and (33298.7,33690.4) ops/second in (1.021062,2.048064) seconds
2026/05/26-10:12:02  ... thread 0: (28000,88000) ops and (16624.9,23781.6) ops/second in (1.684217,3.700341) seconds
2026/05/26-10:12:02  ... thread 2: (31000,100000) ops and (18568.1,26899.1) ops/second in (1.669527,3.717591) seconds
2026/05/26-10:12:02  ... thread 1: (30000,92000) ops and (17591.9,24732.1) ops/second in (1.705326,3.719865) seconds
2026/05/26-10:12:02  ... thread 3: (29000,95000) ops and (17235.6,25494.5) ops/second in (1.682565,3.726289) seconds
2026/05/26-10:12:03  ... thread 1: (14000,106000) ops and (11619.3,21523.9) ops/second in (1.204893,4.924758) seconds
2026/05/26-10:12:03  ... thread 0: (16000,104000) ops and (13050.0,21110.8) ops/second in (1.226052,4.926393) seconds
2026/05/26-10:12:03  ... thread 2: (16000,116000) ops and (13174.1,23519.4) ops/second in (1.214507,4.932098) seconds
2026/05/26-10:12:03  ... thread 3: (16000,111000) ops and (13177.0,22467.2) ops/second in (1.214241,4.940530) seconds
2026/05/26-10:12:04  ... thread 1: (31000,137000) ops and (29434.7,22917.6) ops/second in (1.053179,5.977937) seconds
2026/05/26-10:12:04  ... thread 0: (35000,139000) ops and (32868.4,23200.5) ops/second in (1.064851,5.991244) seconds
2026/05/26-10:12:04  ... thread 2: (27000,143000) ops and (25281.8,23833.1) ops/second in (1.067964,6.000062) seconds
2026/05/26-10:12:04  ... thread 3: (32000,143000) ops and (30169.1,23828.5) ops/second in (1.060688,6.001218) seconds
2026/05/26-10:12:05  ... thread 0: (17000,156000) ops and (13875.3,21617.3) ops/second in (1.225197,7.216441) seconds
2026/05/26-10:12:05  ... thread 2: (16000,159000) ops and (13012.8,21992.8) ops/second in (1.229561,7.229623) seconds
2026/05/26-10:12:05  ... thread 3: (15000,158000) ops and (12135.8,21831.6) ops/second in (1.236013,7.237231) seconds
2026/05/26-10:12:05  ... thread 1: (15000,152000) ops and (11918.8,21004.8) ops/second in (1.258519,7.236456) seconds
2026/05/26-10:12:06  ... thread 3: (16000,174000) ops and (13028.7,20554.5) ops/second in (1.228055,8.465286) seconds
2026/05/26-10:12:06  ... thread 2: (16000,175000) ops and (12870.0,20654.3) ops/second in (1.243205,8.472828) seconds
2026/05/26-10:12:06  ... thread 0: (15000,171000) ops and (11928.4,20179.5) ops/second in (1.257504,8.473945) seconds
2026/05/26-10:12:06  ... thread 1: (15000,167000) ops and (11813.0,19632.6) ops/second in (1.269790,8.506246) seconds
2026/05/26-10:12:08  ... thread 1: (32000,199000) ops and (20748.5,19803.9) ops/second in (1.542282,10.048528) seconds
2026/05/26-10:12:08  ... thread 2: (32000,207000) ops and (20257.5,20591.9) ops/second in (1.579662,10.052490) seconds
2026/05/26-10:12:08  ... thread 3: (32000,206000) ops and (20160.7,20492.3) ops/second in (1.587250,10.052536) seconds
2026/05/26-10:12:08  ... thread 0: (28000,199000) ops and (17546.8,19762.3) ops/second in (1.595736,10.069681) seconds
2026/05/26-10:12:09  ... thread 0: (16000,215000) ops and (15776.9,19397.6) ops/second in (1.014140,11.083821) seconds
2026/05/26-10:12:09  ... thread 2: (15000,222000) ops and (14420.1,20013.1) ops/second in (1.040217,11.092707) seconds
2026/05/26-10:12:09  ... thread 3: (16000,222000) ops and (15248.5,19996.7) ops/second in (1.049283,11.101819) seconds
2026/05/26-10:12:09  ... thread 1: (16000,215000) ops and (14954.3,19337.2) ops/second in (1.069924,11.118452) seconds
2026/05/26-10:12:11  ... thread 1: (28000,243000) ops and (17860.0,19154.7) ops/second in (1.567745,12.686197) seconds
2026/05/26-10:12:11  ... thread 0: (32000,247000) ops and (19853.1,19455.5) ops/second in (1.611838,12.695659) seconds
2026/05/26-10:12:11  ... thread 3: (30000,252000) ops and (18721.3,19835.8) ops/second in (1.602454,12.704273) seconds
2026/05/26-10:12:11  ... thread 2: (34000,256000) ops and (21060.9,20146.3) ops/second in (1.614364,12.707071) seconds
2026/05/26-10:12:12  ... thread 0: (33000,280000) ops and (22095.0,19733.3) ops/second in (1.493550,14.189209) seconds
2026/05/26-10:12:12  ... thread 2: (33000,289000) ops and (21988.2,20340.8) ops/second in (1.500805,14.207876) seconds
2026/05/26-10:12:12  ... thread 3: (31000,283000) ops and (20340.8,19889.9) ops/second in (1.524027,14.228300) seconds
2026/05/26-10:12:12  ... thread 1: (28000,271000) ops and (18057.0,19035.1) ops/second in (1.550648,14.236845) seconds
2026/05/26-10:12:13  ... thread 0: (28000,308000) ops and (27441.2,20250.4) ops/second in (1.020362,15.209571) seconds
2026/05/26-10:12:13  ... thread 2: (28000,317000) ops and (27349.5,20811.9) ops/second in (1.023786,15.231662) seconds
2026/05/26-10:12:13  ... thread 3: (30000,313000) ops and (29328.4,20523.0) ops/second in (1.022900,15.251200) seconds
2026/05/26-10:12:13  ... thread 1: (31000,302000) ops and (30021.7,19778.1) ops/second in (1.032587,15.269432) seconds
2026/05/26-10:12:14  ... thread 0: (14000,322000) ops and (13743.1,19841.9) ops/second in (1.018692,16.228263) seconds
2026/05/26-10:12:14  ... thread 2: (13000,330000) ops and (12968.1,20327.6) ops/second in (1.002463,16.234125) seconds
2026/05/26-10:12:14  ... thread 3: (14000,327000) ops and (13504.5,20076.3) ops/second in (1.036688,16.287888) seconds
2026/05/26-10:12:14  ... thread 1: (15000,317000) ops and (14618.3,19453.2) ops/second in (1.026111,16.295543) seconds
2026/05/26-10:12:15  ... thread 3: (3000,330000) ops and (2839.4,19026.3) ops/second in (1.056558,17.344446) seconds
2026/05/26-10:12:15  ... thread 1: (5000,322000) ops and (4673.1,18542.5) ops/second in (1.069953,17.365496) seconds
2026/05/26-10:12:15  ... thread 0: (5000,327000) ops and (4397.2,18830.6) ops/second in (1.137095,17.365358) seconds
2026/05/26-10:12:16  ... thread 2: (5000,335000) ops and (2498.4,18370.9) ops/second in (2.001241,18.235366) seconds
2026/05/26-10:12:16  ... thread 0: (1000,328000) ops and (796.9,17615.2) ops/second in (1.254872,18.620230) seconds
2026/05/26-10:12:17  ... thread 1: (5000,327000) ops and (3229.2,17288.9) ops/second in (1.548385,18.913881) seconds
2026/05/26-10:12:17  ... thread 3: (2000,332000) ops and (1243.2,17516.8) ops/second in (1.608769,18.953215) seconds
2026/05/26-10:12:17  ... thread 2: (15000,350000) ops and (14816.1,18183.9) ops/second in (1.012413,19.247779) seconds
2026/05/26-10:12:17  ... thread 0: (26000,354000) ops and (25568.1,18027.1) ops/second in (1.016893,19.637123) seconds
2026/05/26-10:12:18  ... thread 2: (15000,365000) ops and (12431.0,17844.5) ops/second in (1.206663,20.454442) seconds
2026/05/26-10:12:18  ... thread 1: (28000,355000) ops and (18178.4,17355.9) ops/second in (1.540292,20.454173) seconds
2026/05/26-10:12:18  ... thread 3: (27000,359000) ops and (17868.9,17542.8) ops/second in (1.511004,20.464219) seconds
2026/05/26-10:12:19  ... thread 0: (5000,359000) ops and (4736.6,17349.1) ops/second in (1.055613,20.692736) seconds
2026/05/26-10:12:19  ... thread 2: (22000,387000) ops and (21657.0,18024.9) ops/second in (1.015838,21.470280) seconds
2026/05/26-10:12:19  ... thread 1: (27000,382000) ops and (26377.1,17785.8) ops/second in (1.023617,21.477790) seconds
2026/05/26-10:12:19  ... thread 3: (25000,384000) ops and (24552.2,17875.0) ops/second in (1.018240,21.482459) seconds
2026/05/26-10:12:20  ... thread 0: (26000,385000) ops and (16190.5,17265.6) ops/second in (1.605877,22.298613) seconds
2026/05/26-10:12:20  ... thread 2: (12000,399000) ops and (11551.0,17726.1) ops/second in (1.038868,22.509148) seconds
2026/05/26-10:12:20  ... thread 3: (11000,395000) ops and (10616.7,17541.1) ops/second in (1.036105,22.518564) seconds
2026/05/26-10:12:20  ... thread 1: (11000,393000) ops and (10461.8,17444.0) ops/second in (1.051441,22.529231) seconds
2026/05/26-10:12:21  ... thread 0: (18000,403000) ops and (16032.5,17206.5) ops/second in (1.122718,23.421331) seconds
2026/05/26-10:12:21  ... thread 1: (9000,402000) ops and (8570.7,17048.8) ops/second in (1.050091,23.579322) seconds
2026/05/26-10:12:22  ... thread 3: (11000,406000) ops and (7793.1,16966.1) ops/second in (1.411497,23.930061) seconds
2026/05/26-10:12:22  ... thread 2: (11000,410000) ops and (6049.4,16853.4) ops/second in (1.818355,24.327503) seconds
2026/05/26-10:12:23  ... thread 0: (2000,405000) ops and (1471.7,16343.6) ops/second in (1.359011,24.780342) seconds
2026/05/26-10:12:23  ... thread 1: (2000,404000) ops and (1192.2,15995.7) ops/second in (1.677517,25.256839) seconds
2026/05/26-10:12:24  ... thread 2: (1000,411000) ops and (606.6,15822.2) ops/second in (1.648609,25.976112) seconds
2026/05/26-10:12:24  ... thread 3: (3000,409000) ops and (1376.8,15665.1) ops/second in (2.178893,26.108954) seconds
2026/05/26-10:12:24  ... thread 0: (3000,408000) ops and (1878.2,15467.7) ops/second in (1.597260,26.377602) seconds
2026/05/26-10:12:24  ... thread 1: (2000,406000) ops and (1428.4,15230.5) ops/second in (1.400153,26.656992) seconds
2026/05/26-10:12:25  ... thread 2: (1000,412000) ops and (635.5,14954.8) ops/second in (1.573628,27.549740) seconds
2026/05/26-10:12:26  ... thread 3: (1000,410000) ops and (564.8,14706.1) ops/second in (1.770649,27.879603) seconds
2026/05/26-10:12:26  ... thread 1: (3000,409000) ops and (1673.6,14376.3) ops/second in (1.792571,28.449563) seconds
2026/05/26-10:12:26  ... thread 2: (3000,415000) ops and (2710.2,14481.8) ops/second in (1.106930,28.656670) seconds
2026/05/26-10:12:27  ... thread 0: (3000,411000) ops and (1221.0,14253.7) ops/second in (2.457049,28.834651) seconds
2026/05/26-10:12:27  ... thread 3: (5000,415000) ops and (4853.5,14355.0) ops/second in (1.030184,28.909787) seconds
2026/05/26-10:12:27  ... thread 1: (19000,428000) ops and (18652.0,14524.1) ops/second in (1.018657,29.468220) seconds
2026/05/26-10:12:27  ... thread 2: (24000,439000) ops and (23379.0,14789.5) ops/second in (1.026564,29.683234) seconds
2026/05/26-10:12:28  ... thread 0: (27000,438000) ops and (26634.3,14674.2) ops/second in (1.013730,29.848381) seconds
2026/05/26-10:12:28  ... thread 3: (30000,445000) ops and (29599.7,14871.3) ops/second in (1.013525,29.923312) seconds
2026/05/26-10:12:29  ... thread 2: (15000,454000) ops and (12465.0,14698.9) ops/second in (1.203371,30.886605) seconds
2026/05/26-10:12:29  ... thread 0: (12000,450000) ops and (11488.6,14566.5) ops/second in (1.044511,30.892892) seconds
2026/05/26-10:12:29  ... thread 1: (19000,447000) ops and (13281.2,14466.6) ops/second in (1.430593,30.898813) seconds
2026/05/26-10:12:29  ... thread 3: (12000,457000) ops and (11755.0,14768.5) ops/second in (1.020844,30.944156) seconds
2026/05/26-10:12:30  ... thread 1: (32000,479000) ops and (31918.6,15015.0) ops/second in (1.002549,31.901362) seconds
2026/05/26-10:12:30  ... thread 2: (33000,487000) ops and (32416.9,15264.3) ops/second in (1.017986,31.904591) seconds
2026/05/26-10:12:30  ... thread 3: (26000,483000) ops and (20966.6,15007.4) ops/second in (1.240066,32.184222) seconds
2026/05/26-10:12:30  ... thread 0: (30000,480000) ops and (23209.1,14913.6) ops/second in (1.292598,32.185490) seconds
2026/05/26-10:12:31  ... thread 2: (20000,507000) ops and (19828.4,15404.1) ops/second in (1.008652,32.913243) seconds
2026/05/26-10:12:31  ... thread 1: (23000,502000) ops and (22731.9,15252.3) ops/second in (1.011792,32.913154) seconds
2026/05/26-10:12:31  ... thread 3: (32000,515000) ops and (27701.0,15447.2) ops/second in (1.155194,33.339416) seconds
2026/05/26-10:12:31  ... thread 0: (30000,510000) ops and (25822.5,15293.6) ops/second in (1.161777,33.347267) seconds
2026/05/26-10:12:33  ... thread 1: (27000,529000) ops and (13702.2,15164.7) ops/second in (1.970486,34.883640) seconds
2026/05/26-10:12:33  ... thread 0: (12000,522000) ops and (7214.4,14909.8) ops/second in (1.663347,35.010614) seconds
2026/05/26-10:12:33  ... thread 3: (15000,530000) ops and (8477.0,15095.9) ops/second in (1.769495,35.108911) seconds
2026/05/26-10:12:33  ... thread 2: (29000,536000) ops and (12909.8,15244.8) ops/second in (2.246357,35.159600) seconds
2026/05/26-10:12:34  ... thread 3: (2000,532000) ops and (1571.6,14622.8) ops/second in (1.272559,36.381470) seconds
2026/05/26-10:12:34  ... thread 0: (2000,524000) ops and (1384.0,14373.6) ops/second in (1.445066,36.455680) seconds
2026/05/26-10:12:34  ... thread 1: (3000,532000) ops and (1783.7,14549.2) ops/second in (1.681917,36.565557) seconds
2026/05/26-10:12:35  ... thread 2: (2000,538000) ops and (1126.2,14566.0) ops/second in (1.775824,36.935424) seconds
2026/05/26-10:12:35  ... thread 3: (2000,534000) ops and (1884.4,14261.7) ops/second in (1.061362,37.442832) seconds
2026/05/26-10:12:36  ... thread 1: (2000,534000) ops and (1638.7,14132.2) ops/second in (1.220448,37.786005) seconds
2026/05/26-10:12:36  ... thread 3: (3000,537000) ops and (2965.1,13964.5) ops/second in (1.011769,38.454601) seconds
2026/05/26-10:12:36  ... thread 0: (2000,526000) ops and (973.2,13658.6) ops/second in (2.054973,38.510653) seconds
2026/05/26-10:12:36  ... thread 2: (2000,540000) ops and (1264.6,14019.8) ops/second in (1.581501,38.516925) seconds
2026/05/26-10:12:37  ... thread 1: (11000,545000) ops and (10948.5,14049.8) ops/second in (1.004700,38.790705) seconds
2026/05/26-10:12:38  ... thread 2: (27000,567000) ops and (20125.0,14225.3) ops/second in (1.341612,39.858537) seconds
2026/05/26-10:12:38  ... thread 0: (25000,551000) ops and (18494.9,13822.6) ops/second in (1.351724,39.862377) seconds
2026/05/26-10:12:38  ... thread 3: (27000,564000) ops and (18880.7,14140.8) ops/second in (1.430035,39.884636) seconds
2026/05/26-10:12:38  ... thread 1: (15000,560000) ops and (13655.3,14038.9) ops/second in (1.098477,39.889182) seconds
2026/05/26-10:12:39  ... thread 2: (16000,583000) ops and (15203.8,14250.5) ops/second in (1.052369,40.910906) seconds
2026/05/26-10:12:39  ... thread 0: (16000,567000) ops and (15258.8,13859.4) ops/second in (1.048575,40.910952) seconds
2026/05/26-10:12:39  ... thread 3: (15000,579000) ops and (14541.0,14150.9) ops/second in (1.031564,40.916200) seconds
2026/05/26-10:12:39  ... thread 1: (16000,576000) ops and (15591.8,14077.8) ops/second in (1.026182,40.915364) seconds
2026/05/26-10:12:40  ... thread 1: (15000,591000) ops and (14954.8,14098.8) ops/second in (1.003021,41.918385) seconds
2026/05/26-10:12:40  ... thread 0: (17000,584000) ops and (16660.1,13927.5) ops/second in (1.020399,41.931351) seconds
2026/05/26-10:12:40  ... thread 3: (16000,595000) ops and (15506.9,14184.2) ops/second in (1.031797,41.947997) seconds
2026/05/26-10:12:40  ... thread 2: (14000,597000) ops and (13266.3,14225.7) ops/second in (1.055303,41.966209) seconds
2026/05/26-10:12:41  ... thread 0: (17000,601000) ops and (14766.0,13949.9) ops/second in (1.151297,43.082648) seconds
2026/05/26-10:12:41  ... thread 2: (15000,612000) ops and (12196.2,14167.9) ops/second in (1.229892,43.196101) seconds
2026/05/26-10:12:41  ... thread 1: (16000,607000) ops and (11986.1,14033.6) ops/second in (1.334876,43.253261) seconds
2026/05/26-10:12:41  ... thread 3: (15000,610000) ops and (8972.1,13984.5) ops/second in (1.671855,43.619852) seconds
2026/05/26-10:12:42  ... thread 0: (1000,602000) ops and (940.2,13636.5) ops/second in (1.063612,44.146260) seconds
2026/05/26-10:12:42  ... thread 2: (2000,614000) ops and (1515.9,13793.0) ops/second in (1.319382,44.515483) seconds
2026/05/26-10:12:43  ... thread 3: (4000,614000) ops and (3484.7,13715.2) ops/second in (1.147881,44.767733) seconds
2026/05/26-10:12:43  ... thread 1: (1000,608000) ops and (589.5,13526.3) ops/second in (1.696225,44.949486) seconds
2026/05/26-10:12:44  ... thread 3: (4000,618000) ops and (3682.4,13477.6) ops/second in (1.086262,45.853995) seconds
2026/05/26-10:12:44  ... thread 1: (2000,610000) ops and (1384.4,13148.2) ops/second in (1.444687,46.394173) seconds
2026/05/26-10:12:44  ... thread 0: (2000,604000) ops and (879.0,13011.2) ops/second in (2.275435,46.421695) seconds
2026/05/26-10:12:44  ... thread 2: (3000,617000) ops and (1490.3,13260.7) ops/second in (2.013039,46.528522) seconds
2026/05/26-10:12:45  ... thread 3: (2000,620000) ops and (1590.5,13160.3) ops/second in (1.257439,47.111434) seconds
2026/05/26-10:12:46  ... thread 1: (2000,612000) ops and (1487.2,12819.7) ops/second in (1.344765,47.738938) seconds
2026/05/26-10:12:46  ... thread 0: (2000,606000) ops and (1394.0,12662.9) ops/second in (1.434769,47.856464) seconds
2026/05/26-10:12:46  ... thread 2: (2000,619000) ops and (1131.6,12816.8) ops/second in (1.767346,48.295868) seconds
2026/05/26-10:12:46  ... thread 3: (3000,623000) ops and (2300.1,12867.7) ops/second in (1.304290,48.415724) seconds
2026/05/26-10:12:47  ... thread 1: (13000,625000) ops and (12970.4,12822.8) ops/second in (1.002283,48.741221) seconds
2026/05/26-10:12:47  ... thread 0: (16000,622000) ops and (15848.4,12728.7) ops/second in (1.009568,48.866032) seconds
2026/05/26-10:12:47  ... thread 2: (24000,643000) ops and (23995.1,13043.6) ops/second in (1.000206,49.296074) seconds
2026/05/26-10:12:47  ... thread 3: (27000,650000) ops and (26921.4,13152.9) ops/second in (1.002918,49.418642) seconds
2026/05/26-10:12:48  ... thread 0: (24000,646000) ops and (16059.8,12827.5) ops/second in (1.494415,50.360447) seconds
2026/05/26-10:12:48  ... thread 1: (27000,652000) ops and (16628.9,12945.5) ops/second in (1.623678,50.364899) seconds
2026/05/26-10:12:48  ... thread 2: (14000,657000) ops and (12883.5,13040.2) ops/second in (1.086663,50.382737) seconds
2026/05/26-10:12:48  ... thread 3: (12000,662000) ops and (11786.8,13125.4) ops/second in (1.018091,50.436733) seconds
2026/05/26-10:12:49  ... thread 0: (33000,679000) ops and (28655.1,13181.4) ops/second in (1.151627,51.512074) seconds
2026/05/26-10:12:49  ... thread 3: (28000,690000) ops and (25189.9,13385.5) ops/second in (1.111555,51.548288) seconds
2026/05/26-10:12:49  ... thread 1: (31000,683000) ops and (26163.5,13249.3) ops/second in (1.184856,51.549755) seconds
2026/05/26-10:12:49  ... thread 2: (32000,689000) ops and (27180.1,13363.1) ops/second in (1.177333,51.560070) seconds
2026/05/26-10:12:50  ... thread 0: (16000,695000) ops and (15883.5,13233.2) ops/second in (1.007332,52.519406) seconds
2026/05/26-10:12:50  ... thread 3: (16000,706000) ops and (15998.8,13435.2) ops/second in (1.000078,52.548366) seconds
2026/05/26-10:12:50  ... thread 1: (17000,700000) ops and (16710.8,13316.3) ops/second in (1.017309,52.567064) seconds
2026/05/26-10:12:50  ... thread 2: (19000,708000) ops and (18700.4,13466.2) ops/second in (1.016019,52.576089) seconds
2026/05/26-10:12:51  ... thread 1: (26000,726000) ops and (24914.1,13542.1) ops/second in (1.043585,53.610649) seconds
2026/05/26-10:12:52  ... thread 3: (32000,738000) ops and (25417.0,13715.6) ops/second in (1.259001,53.807367) seconds
2026/05/26-10:12:52  ... thread 0: (31000,726000) ops and (22072.1,13463.4) ops/second in (1.404491,53.923897) seconds
2026/05/26-10:12:52  ... thread 2: (29000,737000) ops and (19321.6,13628.7) ops/second in (1.500912,54.077001) seconds
2026/05/26-10:12:53  ... thread 1: (1000,727000) ops and (872.3,13276.8) ops/second in (1.146419,54.757068) seconds
2026/05/26-10:12:53  ... thread 3: (3000,741000) ops and (2454.8,13465.5) ops/second in (1.222072,55.029439) seconds
2026/05/26-10:12:53  ... thread 2: (2000,739000) ops and (1297.5,13287.0) ops/second in (1.541406,55.618407) seconds
2026/05/26-10:12:54  ... thread 1: (2000,729000) ops and (1647.4,13024.6) ops/second in (1.214000,55.971068) seconds
2026/05/26-10:12:54  ... thread 0: (3000,729000) ops and (1454.6,13021.0) ops/second in (2.062459,55.986356) seconds
2026/05/26-10:12:54  ... thread 3: (3000,744000) ops and (2199.2,13193.0) ops/second in (1.364112,56.393551) seconds
2026/05/26-10:12:55  ... thread 2: (3000,742000) ops and (2164.3,13016.5) ops/second in (1.386144,57.004551) seconds
2026/05/26-10:12:55  ... thread 0: (1000,730000) ops and (921.0,12790.8) ops/second in (1.085795,57.072151) seconds
2026/05/26-10:12:55  ... thread 1: (2000,731000) ops and (1783.2,12803.7) ops/second in (1.121600,57.092668) seconds
2026/05/26-10:12:55  ... thread 3: (13000,757000) ops and (12555.0,13181.5) ops/second in (1.035441,57.428992) seconds
2026/05/26-10:12:56  ... thread 2: (25000,767000) ops and (24423.3,13217.7) ops/second in (1.023614,58.028165) seconds
2026/05/26-10:12:56  ... thread 1: (28000,759000) ops and (27885.2,13064.4) ops/second in (1.004117,58.096785) seconds
2026/05/26-10:12:56  ... thread 0: (28000,758000) ops and (26975.4,13044.2) ops/second in (1.037981,58.110132) seconds
2026/05/26-10:12:56  ... thread 3: (31000,788000) ops and (27301.3,13455.3) ops/second in (1.135477,58.564469) seconds
2026/05/26-10:12:57  ... thread 2: (29000,796000) ops and (28785.1,13483.4) ops/second in (1.007466,59.035631) seconds
2026/05/26-10:12:58  ... thread 0: (32000,790000) ops and (19218.3,13216.2) ops/second in (1.665080,59.775212) seconds
2026/05/26-10:12:58  ... thread 3: (15000,803000) ops and (12237.8,13430.3) ops/second in (1.225708,59.790177) seconds
2026/05/26-10:12:58  ... thread 1: (26000,785000) ops and (15219.0,13126.0) ops/second in (1.708389,59.805174) seconds
2026/05/26-10:12:58  ... thread 2: (11000,807000) ops and (10874.7,13439.4) ops/second in (1.011521,60.047152) seconds
2026/05/26-10:12:59  ... thread 1: (16000,801000) ops and (14400.7,13149.2) ops/second in (1.111058,60.916232) seconds
2026/05/26-10:12:59  ... thread 3: (19000,822000) ops and (15691.5,13475.2) ops/second in (1.210848,61.001025) seconds
2026/05/26-10:12:59  ... thread 0: (15000,805000) ops and (10081.8,13140.1) ops/second in (1.487827,61.263039) seconds
2026/05/26-10:13:00  ... thread 1: (3000,804000) ops and (2427.3,12936.0) ops/second in (1.235922,62.152154) seconds
2026/05/26-10:13:00  ... thread 3: (1000,823000) ops and (863.3,13240.1) ops/second in (1.158408,62.159433) seconds
2026/05/26-10:13:00  ... thread 2: (7000,814000) ops and (3300.8,13093.6) ops/second in (2.120679,62.167831) seconds
2026/05/26-10:13:00  ... thread 0: (3000,808000) ops and (2775.2,12960.3) ops/second in (1.081000,62.344039) seconds
2026/05/26-10:13:01  ... thread 3: (1000,824000) ops and (911.9,13026.4) ops/second in (1.096626,63.256059) seconds
2026/05/26-10:13:01  ... thread 1: (1000,805000) ops and (747.4,12679.1) ops/second in (1.337976,63.490130) seconds
2026/05/26-10:13:01  ... thread 2: (1000,815000) ops and (734.5,12828.7) ops/second in (1.361539,63.529370) seconds
2026/05/26-10:13:01  ... thread 0: (4000,812000) ops and (3159.9,12765.3) ops/second in (1.265856,63.609895) seconds
2026/05/26-10:13:02  ... thread 3: (2000,826000) ops and (1643.0,12811.5) ops/second in (1.217300,64.473359) seconds
2026/05/26-10:13:02  ... thread 1: (2000,807000) ops and (1991.4,12512.7) ops/second in (1.004337,64.494467) seconds
2026/05/26-10:13:03  ... thread 0: (2000,814000) ops and (1295.1,12493.4) ops/second in (1.544322,65.154217) seconds
2026/05/26-10:13:03  ... thread 2: (2000,817000) ops and (1074.8,12494.2) ops/second in (1.860793,65.390163) seconds
2026/05/26-10:13:04  ... thread 1: (3000,810000) ops and (2227.9,12302.4) ops/second in (1.346572,65.841039) seconds
2026/05/26-10:13:04  ... thread 0: (2000,816000) ops and (1847.2,12319.4) ops/second in (1.082693,66.236910) seconds
2026/05/26-10:13:04  ... thread 3: (3000,829000) ops and (1677.0,12510.9) ops/second in (1.788864,66.262223) seconds
2026/05/26-10:13:04  ... thread 2: (1000,818000) ops and (937.6,12308.8) ops/second in (1.066565,66.456728) seconds
2026/05/26-10:13:05  ... thread 1: (3000,813000) ops and (2348.0,12112.9) ops/second in (1.277677,67.118716) seconds
2026/05/26-10:13:05  ... thread 0: (8000,824000) ops and (7839.5,12251.4) ops/second in (1.020471,67.257381) seconds
2026/05/26-10:13:05  ... thread 3: (6000,835000) ops and (5749.0,12406.0) ops/second in (1.043663,67.305886) seconds
2026/05/26-10:13:05  ... thread 2: (12000,830000) ops and (11502.9,12296.3) ops/second in (1.043215,67.499943) seconds
2026/05/26-10:13:06  ... thread 1: (30000,843000) ops and (29987.0,12375.4) ops/second in (1.000433,68.119149) seconds
2026/05/26-10:13:06  ... thread 0: (31000,855000) ops and (30947.3,12525.8) ops/second in (1.001703,68.259084) seconds
2026/05/26-10:13:06  ... thread 3: (31000,866000) ops and (27799.7,12656.9) ops/second in (1.115121,68.421007) seconds
2026/05/26-10:13:06  ... thread 2: (29000,859000) ops and (28466.6,12536.7) ops/second in (1.018739,68.518682) seconds
2026/05/26-10:13:07  ... thread 1: (26000,869000) ops and (25451.4,12568.6) ops/second in (1.021553,69.140702) seconds
2026/05/26-10:13:07  ... thread 0: (29000,884000) ops and (28511.1,12760.5) ops/second in (1.017148,69.276232) seconds
2026/05/26-10:13:07  ... thread 3: (31000,897000) ops and (28911.0,12907.7) ops/second in (1.072255,69.493262) seconds
2026/05/26-10:13:07  ... thread 2: (28000,887000) ops and (27925.2,12758.7) ops/second in (1.002679,69.521361) seconds
2026/05/26-10:13:08  ... thread 1: (24000,893000) ops and (23609.1,12728.5) ops/second in (1.016557,70.157259) seconds
2026/05/26-10:13:08  ... thread 0: (25000,909000) ops and (24505.5,12931.0) ops/second in (1.020181,70.296413) seconds
2026/05/26-10:13:09  ... thread 1: (15000,908000) ops and (14151.5,12749.7) ops/second in (1.059955,71.217214) seconds
2026/05/26-10:13:09  ... thread 2: (31000,918000) ops and (18070.2,12886.6) ops/second in (1.715527,71.236888) seconds
2026/05/26-10:13:09  ... thread 3: (33000,930000) ops and (18609.9,13049.6) ops/second in (1.773245,71.266507) seconds
2026/05/26-10:13:09  ... thread 0: (12000,921000) ops and (11836.7,12915.4) ops/second in (1.013797,71.310210) seconds
2026/05/26-10:13:10  ... thread 2: (16000,934000) ops and (14061.6,12905.1) ops/second in (1.137854,72.374742) seconds
2026/05/26-10:13:10  ... thread 1: (17000,925000) ops and (13537.5,12763.4) ops/second in (1.255772,72.472986) seconds
2026/05/26-10:13:10  ... thread 0: (14000,935000) ops and (10257.6,12865.5) ops/second in (1.364847,72.675057) seconds
2026/05/26-10:13:11  ... thread 3: (16000,946000) ops and (10228.8,12989.0) ops/second in (1.564209,72.830716) seconds
2026/05/26-10:13:11  ... thread 1: (2000,927000) ops and (1946.0,12612.1) ops/second in (1.027743,73.500729) seconds
2026/05/26-10:13:11  ... thread 2: (2000,936000) ops and (1532.5,12703.6) ops/second in (1.305022,73.679764) seconds
2026/05/26-10:13:12  ... thread 0: (3000,938000) ops and (2004.0,12646.3) ops/second in (1.496987,74.172044) seconds
2026/05/26-10:13:12  ... thread 3: (2000,948000) ops and (1388.0,12764.0) ops/second in (1.440941,74.271657) seconds
2026/05/26-10:13:12  ... thread 1: (2000,929000) ops and (1794.1,12450.5) ops/second in (1.114787,74.615516) seconds
2026/05/26-10:13:13  ... thread 2: (3000,939000) ops and (2885.8,12567.0) ops/second in (1.039590,74.719354) seconds
2026/05/26-10:13:13  ... thread 3: (1000,949000) ops and (845.7,12577.2) ops/second in (1.182422,75.454079) seconds
2026/05/26-10:13:14  ... thread 1: (2000,931000) ops and (1848.1,12298.9) ops/second in (1.082187,75.697703) seconds
2026/05/26-10:13:14  ... thread 0: (4000,942000) ops and (2048.4,12374.4) ops/second in (1.952775,76.124819) seconds
2026/05/26-10:13:14  ... thread 2: (4000,943000) ops and (2728.9,12377.7) ops/second in (1.465769,76.185123) seconds
2026/05/26-10:13:14  ... thread 3: (3000,952000) ops and (2905.1,12446.6) ops/second in (1.032658,76.486737) seconds
2026/05/26-10:13:15  ... thread 1: (3000,934000) ops and (2025.2,12101.7) ops/second in (1.481340,77.179043) seconds
2026/05/26-10:13:15  ... thread 0: (2000,944000) ops and (1651.8,12206.5) ops/second in (1.210786,77.335605) seconds
2026/05/26-10:13:16  ... thread 2: (3000,946000) ops and (1869.7,12161.0) ops/second in (1.604508,77.789631) seconds
2026/05/26-10:13:16  ... thread 3: (3000,955000) ops and (1773.6,12215.7) ops/second in (1.691461,78.178198) seconds
2026/05/26-10:13:16  ... thread 1: (2000,936000) ops and (1970.0,11970.2) ops/second in (1.015225,78.194268) seconds
2026/05/26-10:13:17  ... thread 2: (4000,950000) ops and (3535.7,12037.4) ops/second in (1.131311,78.920942) seconds
2026/05/26-10:13:17  ... thread 0: (2000,946000) ops and (1144.1,11962.0) ops/second in (1.748028,79.083633) seconds
2026/05/26-10:13:17  ... thread 1: (2000,938000) ops and (1854.7,11832.6) ops/second in (1.078334,79.272602) seconds
2026/05/26-10:13:18  ... thread 3: (3000,958000) ops and (1796.6,11997.8) ops/second in (1.669860,79.848058) seconds
2026/05/26-10:13:18  ... thread 2: (2000,952000) ops and (1829.0,11897.8) ops/second in (1.093517,80.014459) seconds
2026/05/26-10:13:18  ... thread 0: (4000,950000) ops and (2574.0,11781.1) ops/second in (1.554030,80.637663) seconds
2026/05/26-10:13:19  ... thread 3: (1000,959000) ops and (997.7,11861.4) ops/second in (1.002258,80.850316) seconds
2026/05/26-10:13:19  ... thread 1: (2000,940000) ops and (1224.8,11618.5) ops/second in (1.632979,80.905581) seconds
2026/05/26-10:13:20  ... thread 2: (2000,954000) ops and (1159.8,11671.3) ops/second in (1.724460,81.738919) seconds
2026/05/26-10:13:20  ... thread 1: (2000,942000) ops and (1275.5,11421.8) ops/second in (1.568027,82.473608) seconds
2026/05/26-10:13:21  ... thread 0: (2000,952000) ops and (935.3,11500.9) ops/second in (2.138313,82.775976) seconds
2026/05/26-10:13:21  ... thread 3: (3000,962000) ops and (1394.0,11590.0) ops/second in (2.152041,83.002357) seconds
2026/05/26-10:13:22  ... thread 1: (2000,944000) ops and (1474.2,11260.9) ops/second in (1.356628,83.830236) seconds
2026/05/26-10:13:22  ... thread 2: (3000,957000) ops and (1383.2,11405.4) ops/second in (2.168823,83.907742) seconds
2026/05/26-10:13:22  ... thread 3: (2000,964000) ops and (1775.7,11458.6) ops/second in (1.126324,84.128681) seconds
2026/05/26-10:13:22  ... thread 0: (2000,954000) ops and (1289.0,11313.0) ops/second in (1.551549,84.327525) seconds
2026/05/26-10:13:23  ... thread 1: (2000,946000) ops and (1749.3,11132.9) ops/second in (1.143282,84.973518) seconds
2026/05/26-10:13:23  ... thread 3: (2000,966000) ops and (1509.8,11304.4) ops/second in (1.324720,85.453401) seconds
2026/05/26-10:13:23  ... thread 0: (1000,955000) ops and (859.3,11170.7) ops/second in (1.163750,85.491275) seconds
2026/05/26-10:13:23  ... thread 2: (2000,959000) ops and (1136.5,11194.4) ops/second in (1.759864,85.667606) seconds
2026/05/26-10:13:24  ... thread 1: (1000,947000) ops and (690.1,10957.8) ops/second in (1.448973,86.422491) seconds
2026/05/26-10:13:24  ... thread 0: (1000,956000) ops and (987.9,11051.6) ops/second in (1.012235,86.503510) seconds
2026/05/26-10:13:25  ... thread 3: (2000,968000) ops and (1341.9,11133.6) ops/second in (1.490395,86.943796) seconds
2026/05/26-10:13:25  ... thread 2: (2000,961000) ops and (1440.7,11038.9) ops/second in (1.388174,87.055780) seconds
2026/05/26-10:13:25  ... thread 1: (12000,959000) ops and (11562.9,10965.0) ops/second in (1.037801,87.460292) seconds
2026/05/26-10:13:25  ... thread 0: (17000,973000) ops and (16558.9,11116.2) ops/second in (1.026637,87.530147) seconds
2026/05/26-10:13:26  ... thread 3: (24000,992000) ops and (23705.8,11278.3) ops/second in (1.012411,87.956207) seconds
2026/05/26-10:13:26  ... thread 2: (27000,988000) ops and (26313.5,11216.8) ops/second in (1.026089,88.081869) seconds
2026/05/26-10:13:26  ... thread 1: (23000,982000) ops and (22942.3,11100.7) ops/second in (1.002516,88.462808) seconds
2026/05/26-10:13:26  ... thread 0: (26000,999000) ops and (25608.2,11282.3) ops/second in (1.015298,88.545445) seconds
2026/05/26-10:13:27  ... thread 3: (33000,1025000) ops and (30854.0,11513.5) ops/second in (1.069552,89.025759) seconds
2026/05/26-10:13:27  ... thread 2: (28000,1016000) ops and (27743.3,11404.1) ops/second in (1.009252,89.091121) seconds
2026/05/26-10:13:27  ... thread 0: (28000,1027000) ops and (27633.4,11467.3) ops/second in (1.013265,89.558710) seconds
2026/05/26-10:13:27  ... thread 1: (30000,1012000) ops and (27003.1,11297.9) ops/second in (1.110982,89.573790) seconds
2026/05/26-10:13:28  ... thread 3: (33000,1058000) ops and (29408.7,11736.3) ops/second in (1.122118,90.147877) seconds
2026/05/26-10:13:28  ... thread 2: (30000,1046000) ops and (28225.5,11602.4) ops/second in (1.062869,90.153990) seconds
2026/05/26-10:13:29  ... thread 2: (14000,1060000) ops and (13163.3,11620.6) ops/second in (1.063562,91.217552) seconds
2026/05/26-10:13:29  ... thread 1: (29000,1041000) ops and (17591.8,11411.7) ops/second in (1.648496,91.222286) seconds
2026/05/26-10:13:29  ... thread 3: (17000,1075000) ops and (15586.8,11782.3) ops/second in (1.090668,91.238545) seconds
2026/05/26-10:13:29  ... thread 0: (31000,1058000) ops and (18402.9,11595.4) ops/second in (1.684520,91.243230) seconds
2026/05/26-10:13:30  ... thread 2: (30000,1090000) ops and (25380.8,11796.6) ops/second in (1.181995,92.399547) seconds
2026/05/26-10:13:30  ... thread 1: (30000,1071000) ops and (25349.2,11590.2) ops/second in (1.183470,92.405756) seconds
2026/05/26-10:13:30  ... thread 3: (31000,1106000) ops and (26171.3,11966.7) ops/second in (1.184504,92.423049) seconds
2026/05/26-10:13:30  ... thread 0: (33000,1091000) ops and (27708.8,11803.0) ops/second in (1.190959,92.434189) seconds
2026/05/26-10:13:31  ... thread 2: (24000,1114000) ops and (23619.7,11925.2) ops/second in (1.016100,93.415647) seconds
2026/05/26-10:13:31  ... thread 1: (22000,1093000) ops and (21532.1,11698.9) ops/second in (1.021730,93.427486) seconds
2026/05/26-10:13:31  ... thread 3: (22000,1128000) ops and (21735.8,12072.5) ops/second in (1.012154,93.435203) seconds
2026/05/26-10:13:31  ... thread 0: (22000,1113000) ops and (21970.8,11912.0) ops/second in (1.001331,93.435520) seconds
2026/05/26-10:13:32  ... thread 2: (15000,1129000) ops and (14752.3,11955.6) ops/second in (1.016794,94.432441) seconds
2026/05/26-10:13:32  ... thread 3: (15000,1143000) ops and (14991.1,12103.5) ops/second in (1.000597,94.435800) seconds
2026/05/26-10:13:32  ... thread 1: (16000,1109000) ops and (15770.2,11742.6) ops/second in (1.014571,94.442057) seconds
2026/05/26-10:13:32  ... thread 0: (16000,1129000) ops and (15838.7,11954.0) ops/second in (1.010184,94.445704) seconds
2026/05/26-10:13:33  ... thread 1: (9000,1118000) ops and (8532.2,11707.2) ops/second in (1.054823,95.496880) seconds
2026/05/26-10:13:34  ... thread 2: (10000,1139000) ops and (7688.5,11897.7) ops/second in (1.300650,95.733091) seconds
2026/05/26-10:13:34  ... thread 0: (9000,1138000) ops and (6641.9,11878.8) ops/second in (1.355032,95.800736) seconds
2026/05/26-10:13:34  ... thread 3: (11000,1154000) ops and (7168.6,12024.6) ops/second in (1.534478,95.970278) seconds
2026/05/26-10:13:35  ... thread 0: (2000,1140000) ops and (1682.4,11753.8) ops/second in (1.188784,96.989520) seconds
2026/05/26-10:13:35  ... thread 1: (2000,1120000) ops and (1226.0,11531.2) ops/second in (1.631266,97.128146) seconds
2026/05/26-10:13:35  ... thread 3: (2000,1156000) ops and (1638.5,11894.1) ops/second in (1.220629,97.190907) seconds
2026/05/26-10:13:35  ... thread 2: (2000,1141000) ops and (1263.1,11724.6) ops/second in (1.583353,97.316444) seconds
2026/05/26-10:13:36  ... thread 0: (2000,1142000) ops and (1764.1,11638.4) ops/second in (1.133719,98.123239) seconds
2026/05/26-10:13:37  ... thread 2: (2000,1143000) ops and (1459.7,11582.1) ops/second in (1.370136,98.686580) seconds
2026/05/26-10:13:37  ... thread 1: (1000,1121000) ops and (632.4,11356.6) ops/second in (1.581315,98.709461) seconds
2026/05/26-10:13:37  ... thread 3: (3000,1159000) ops and (1470.0,11679.7) ops/second in (2.040811,99.231718) seconds
2026/05/26-10:13:37  ... thread 0: (1000,1143000) ops and (822.9,11506.1) ops/second in (1.215226,99.338465) seconds
2026/05/26-10:13:38  ... thread 1: (3000,1124000) ops and (2758.4,11262.9) ops/second in (1.087600,99.797061) seconds
2026/05/26-10:13:38  ... thread 2: (1000,1144000) ops and (649.2,11414.1) ops/second in (1.540256,100.226836) seconds
2026/05/26-10:13:38  ... thread 3: (3000,1162000) ops and (2432.0,11566.2) ops/second in (1.233555,100.465273) seconds
2026/05/26-10:13:38  ... thread 0: (2000,1145000) ops and (1657.6,11387.9) ops/second in (1.206574,100.545039) seconds
2026/05/26-10:13:39  ... thread 1: (1000,1125000) ops and (955.6,11155.9) ops/second in (1.046512,100.843573) seconds
2026/05/26-10:13:40  ... thread 3: (2000,1164000) ops and (1466.9,11431.0) ops/second in (1.363386,101.828659) seconds
2026/05/26-10:13:40  ... thread 0: (2000,1147000) ops and (1444.8,11252.9) ops/second in (1.384239,101.929278) seconds
2026/05/26-10:13:40  ... thread 2: (2000,1146000) ops and (1151.1,11239.2) ops/second in (1.737470,101.964306) seconds
2026/05/26-10:13:40  ... thread 1: (2000,1127000) ops and (1559.4,11035.4) ops/second in (1.282556,102.126129) seconds
2026/05/26-10:13:41  ... thread 3: (3000,1167000) ops and (2424.3,11322.8) ops/second in (1.237474,103.066133) seconds
2026/05/26-10:13:41  ... thread 2: (1000,1147000) ops and (713.6,11096.5) ops/second in (1.401436,103.365742) seconds
2026/05/26-10:13:42  ... thread 0: (3000,1150000) ops and (1586.0,11076.8) ops/second in (1.891554,103.820832) seconds
2026/05/26-10:13:42  ... thread 1: (1000,1128000) ops and (523.9,10842.5) ops/second in (1.908715,104.034844) seconds
2026/05/26-10:13:42  ... thread 3: (3000,1170000) ops and (2277.8,11208.7) ops/second in (1.317043,104.383176) seconds
2026/05/26-10:13:43  ... thread 0: (2000,1152000) ops and (1949.6,10987.5) ops/second in (1.025834,104.846666) seconds
2026/05/26-10:13:43  ... thread 2: (2000,1149000) ops and (1198.3,10939.2) ops/second in (1.668997,105.034739) seconds
2026/05/26-10:13:44  ... thread 1: (1000,1129000) ops and (578.9,10674.9) ops/second in (1.727474,105.762318) seconds
2026/05/26-10:13:44  ... thread 3: (3000,1173000) ops and (1824.2,11063.1) ops/second in (1.644587,106.027763) seconds
2026/05/26-10:13:44  ... thread 0: (1000,1153000) ops and (736.0,10856.3) ops/second in (1.358786,106.205452) seconds
2026/05/26-10:13:44  ... thread 2: (3000,1152000) ops and (1984.0,10812.1) ops/second in (1.512107,106.546846) seconds
2026/05/26-10:13:45  ... thread 0: (1000,1154000) ops and (960.3,10760.2) ops/second in (1.041380,107.246832) seconds
2026/05/26-10:13:45  ... thread 3: (1000,1174000) ops and (764.0,10937.6) ops/second in (1.308849,107.336612) seconds
2026/05/26-10:13:46  ... thread 2: (2000,1154000) ops and (1338.3,10681.1) ops/second in (1.494380,108.041226) seconds
2026/05/26-10:13:46  ... thread 1: (2000,1131000) ops and (821.6,10453.2) ops/second in (2.434216,108.196534) seconds
2026/05/26-10:13:46  ... thread 0: (4000,1158000) ops and (3932.4,10696.1) ops/second in (1.017198,108.264030) seconds
2026/05/26-10:13:46  ... thread 3: (7000,1181000) ops and (6908.2,10899.9) ops/second in (1.013284,108.349896) seconds
2026/05/26-10:13:47  ... thread 2: (30000,1184000) ops and (26561.2,10845.4) ops/second in (1.129467,109.170693) seconds
2026/05/26-10:13:47  ... thread 1: (30000,1161000) ops and (29673.2,10631.1) ops/second in (1.011014,109.207548) seconds
2026/05/26-10:13:47  ... thread 0: (28000,1186000) ops and (27296.1,10851.9) ops/second in (1.025787,109.289817) seconds
2026/05/26-10:13:47  ... thread 3: (29000,1210000) ops and (28898.3,11065.0) ops/second in (1.003518,109.353414) seconds
2026/05/26-10:13:48  ... thread 2: (30000,1214000) ops and (27487.9,11010.1) ops/second in (1.091388,110.262081) seconds
2026/05/26-10:13:48  ... thread 1: (33000,1194000) ops and (30616.7,10826.5) ops/second in (1.077844,110.285392) seconds
2026/05/26-10:13:48  ... thread 0: (29000,1215000) ops and (27811.4,11012.2) ops/second in (1.042739,110.332556) seconds
2026/05/26-10:13:48  ... thread 3: (26000,1236000) ops and (25797.9,11199.6) ops/second in (1.007834,110.361248) seconds
2026/05/26-10:13:49  ... thread 1: (18000,1212000) ops and (15657.9,10876.3) ops/second in (1.149577,111.434969) seconds
2026/05/26-10:13:49  ... thread 0: (14000,1229000) ops and (12534.7,11027.4) ops/second in (1.116903,111.449459) seconds
2026/05/26-10:13:49  ... thread 3: (12000,1248000) ops and (10952.8,11197.2) ops/second in (1.095612,111.456860) seconds
2026/05/26-10:13:49  ... thread 2: (15000,1229000) ops and (12510.5,11026.3) ops/second in (1.198991,111.461072) seconds
Initializing RocksDB Options from the specified file
Initializing RocksDB Options from command-line flags
Integrated BlobDB: blob cache disabled
Keys:       16 bytes each (+ 0 bytes user-defined timestamp)
Values:     1024 bytes each (512 bytes after compression)
Entries:    1250000
Prefix:    0 bytes
Keys per prefix:    0
RawSize:    1239.8 MB (estimated)
FileSize:   629.4 MB (estimated)
Write rate: 0 bytes/second
Read rate: 0 ops/second
Compression: Snappy
Compression sampling rate: 0
Memtablerep: SkipListFactory
Perf Level: 1
WARNING: Assertions are enabled; benchmarks unnecessarily slow
------------------------------------------------
Initializing RocksDB Options from the specified file
Initializing RocksDB Options from command-line flags
Integrated BlobDB: blob cache disabled
DB path: [/tmp/rocksdb_comp_exp_db]
fillrandom   :      89.525 micros/op 44590 ops/sec 112.132 seconds 5000000 operations;   44.2 MB/s
2026/05/26-10:13:51  ... thread 0: (1000,1000) ops and (934.3,934.3) ops/second in (1.070327,1.070327) seconds
2026/05/26-10:13:51  ... thread 1: (1000,1000) ops and (908.3,908.3) ops/second in (1.101006,1.101006) seconds
2026/05/26-10:13:51  ... thread 3: (1000,1000) ops and (905.7,905.7) ops/second in (1.104123,1.104123) seconds
2026/05/26-10:13:51  ... thread 2: (1000,1000) ops and (903.7,903.7) ops/second in (1.106623,1.106623) seconds
2026/05/26-10:13:52  ... thread 1: (1000,2000) ops and (871.9,889.7) ops/second in (1.146885,2.247891) seconds
2026/05/26-10:13:52  ... thread 2: (1000,2000) ops and (875.2,889.2) ops/second in (1.142603,2.249226) seconds
2026/05/26-10:13:52  ... thread 3: (1000,2000) ops and (861.8,883.2) ops/second in (1.160407,2.264530) seconds
2026/05/26-10:13:52  ... thread 0: (1000,2000) ops and (827.7,877.8) ops/second in (1.208171,2.278498) seconds
2026/05/26-10:13:53  ... thread 2: (1000,3000) ops and (967.1,913.7) ops/second in (1.034039,3.283265) seconds
2026/05/26-10:13:53  ... thread 3: (1000,3000) ops and (955.3,906.0) ops/second in (1.046801,3.311331) seconds
2026/05/26-10:13:53  ... thread 1: (1000,3000) ops and (895.5,891.7) ops/second in (1.116645,3.364536) seconds
2026/05/26-10:13:53  ... thread 0: (1000,3000) ops and (921.0,891.7) ops/second in (1.085761,3.364259) seconds
2026/05/26-10:13:54  ... thread 1: (1000,4000) ops and (985.0,913.3) ops/second in (1.015253,4.379789) seconds
2026/05/26-10:13:55  ... thread 2: (2000,5000) ops and (1140.4,992.6) ops/second in (1.753822,5.037087) seconds
2026/05/26-10:13:55  ... thread 0: (2000,5000) ops and (1108.5,967.4) ops/second in (1.804208,5.168467) seconds
2026/05/26-10:13:55  ... thread 3: (2000,5000) ops and (1067.4,964.3) ops/second in (1.873693,5.185024) seconds
2026/05/26-10:13:56  ... thread 1: (2000,6000) ops and (1121.5,973.5) ops/second in (1.783277,6.163066) seconds
2026/05/26-10:13:58  ... thread 2: (2000,7000) ops and (750.2,908.7) ops/second in (2.666128,7.703215) seconds
2026/05/26-10:13:58  ... thread 3: (2000,7000) ops and (760.3,895.6) ops/second in (2.630673,7.815697) seconds
2026/05/26-10:13:58  ... thread 0: (2000,7000) ops and (728.2,884.4) ops/second in (2.746387,7.914854) seconds
2026/05/26-10:13:58  ... thread 1: (1000,7000) ops and (537.8,872.5) ops/second in (1.859429,8.022495) seconds
2026/05/26-10:14:00  ... thread 2: (2000,9000) ops and (705.6,854.1) ops/second in (2.834297,10.537512) seconds
2026/05/26-10:14:01  ... thread 3: (2000,9000) ops and (686.2,838.7) ops/second in (2.914628,10.730325) seconds
2026/05/26-10:14:01  ... thread 0: (2000,9000) ops and (697.8,834.8) ops/second in (2.866082,10.780936) seconds
2026/05/26-10:14:01  ... thread 1: (2000,9000) ops and (692.3,824.8) ops/second in (2.888956,10.911451) seconds
2026/05/26-10:14:03  ... thread 1: (1000,10000) ops and (526.3,780.6) ops/second in (1.899895,12.811346) seconds
2026/05/26-10:14:04  ... thread 2: (2000,11000) ops and (593.4,790.9) ops/second in (3.370669,13.908181) seconds
2026/05/26-10:14:04  ... thread 0: (2000,11000) ops and (612.9,783.2) ops/second in (3.263148,14.044084) seconds
2026/05/26-10:14:04  ... thread 3: (2000,11000) ops and (597.9,781.5) ops/second in (3.345237,14.075562) seconds
2026/05/26-10:14:04  ... thread 1: (1000,11000) ops and (683.6,770.6) ops/second in (1.462806,14.274152) seconds
2026/05/26-10:14:06  ... thread 2: (1000,12000) ops and (551.3,763.3) ops/second in (1.813802,15.721983) seconds
2026/05/26-10:14:06  ... thread 3: (1000,12000) ops and (573.8,758.6) ops/second in (1.742750,15.818312) seconds
2026/05/26-10:14:06  ... thread 0: (1000,12000) ops and (539.7,754.9) ops/second in (1.852728,15.896812) seconds
2026/05/26-10:14:06  ... thread 1: (1000,12000) ops and (597.8,752.5) ops/second in (1.672840,15.946992) seconds
2026/05/26-10:14:07  ... thread 2: (1000,13000) ops and (686.2,756.7) ops/second in (1.457214,17.179197) seconds
2026/05/26-10:14:07  ... thread 0: (1000,13000) ops and (766.0,755.7) ops/second in (1.305415,17.202227) seconds
2026/05/26-10:14:07  ... thread 3: (1000,13000) ops and (680.0,751.9) ops/second in (1.470645,17.288957) seconds
2026/05/26-10:14:07  ... thread 1: (1000,13000) ops and (717.7,749.7) ops/second in (1.393404,17.340396) seconds
2026/05/26-10:14:08  ... thread 2: (1000,14000) ops and (780.8,758.4) ops/second in (1.280781,18.459978) seconds
2026/05/26-10:14:09  ... thread 0: (1000,14000) ops and (531.4,733.6) ops/second in (1.881806,19.084033) seconds
2026/05/26-10:14:09  ... thread 3: (1000,14000) ops and (536.2,730.9) ops/second in (1.864961,19.153918) seconds
2026/05/26-10:14:09  ... thread 1: (1000,14000) ops and (546.7,730.3) ops/second in (1.829037,19.169433) seconds
2026/05/26-10:14:10  ... thread 2: (1000,15000) ops and (638.7,749.0) ops/second in (1.565733,20.025711) seconds
2026/05/26-10:14:11  ... thread 0: (1000,15000) ops and (645.1,726.9) ops/second in (1.550173,20.634206) seconds
2026/05/26-10:14:11  ... thread 1: (1000,15000) ops and (662.2,725.4) ops/second in (1.510048,20.679481) seconds
2026/05/26-10:14:11  ... thread 3: (1000,15000) ops and (647.1,724.7) ops/second in (1.545445,20.699363) seconds
2026/05/26-10:14:12  ... thread 2: (1000,16000) ops and (539.9,731.3) ops/second in (1.852321,21.878032) seconds
2026/05/26-10:14:12  ... thread 1: (1000,16000) ops and (792.6,729.2) ops/second in (1.261700,21.941181) seconds
2026/05/26-10:14:12  ... thread 0: (1000,16000) ops and (754.4,728.6) ops/second in (1.325624,21.959830) seconds
2026/05/26-10:14:12  ... thread 3: (1000,16000) ops and (784.3,728.1) ops/second in (1.274997,21.974360) seconds
2026/05/26-10:14:13  ... thread 3: (1000,17000) ops and (789.7,731.5) ops/second in (1.266299,23.240659) seconds
2026/05/26-10:14:13  ... thread 2: (1000,17000) ops and (728.2,731.1) ops/second in (1.373281,23.251313) seconds
2026/05/26-10:14:13  ... thread 1: (1000,17000) ops and (751.4,730.5) ops/second in (1.330936,23.272117) seconds
2026/05/26-10:14:13  ... thread 0: (1000,17000) ops and (756.2,730.2) ops/second in (1.322449,23.282279) seconds
2026/05/26-10:14:15  ... thread 3: (2000,19000) ops and (1129.6,759.7) ops/second in (1.770585,25.011244) seconds
2026/05/26-10:14:15  ... thread 1: (2000,19000) ops and (1111.4,757.8) ops/second in (1.799507,25.071624) seconds
2026/05/26-10:14:15  ... thread 2: (2000,19000) ops and (1066.8,756.2) ops/second in (1.874729,25.126042) seconds
2026/05/26-10:14:15  ... thread 0: (2000,19000) ops and (1038.4,753.7) ops/second in (1.925986,25.208265) seconds
2026/05/26-10:14:16  ... thread 2: (2000,21000) ops and (1436.8,791.9) ops/second in (1.391947,26.517989) seconds
2026/05/26-10:14:17  ... thread 3: (2000,21000) ops and (1280.7,790.3) ops/second in (1.561677,26.572921) seconds
2026/05/26-10:14:17  ... thread 1: (2000,21000) ops and (1319.4,789.8) ops/second in (1.515880,26.587504) seconds
2026/05/26-10:14:17  ... thread 0: (2000,21000) ops and (1337.3,786.4) ops/second in (1.495514,26.703779) seconds
2026/05/26-10:14:18  ... thread 2: (2000,23000) ops and (1914.8,834.5) ops/second in (1.044470,27.562459) seconds
2026/05/26-10:14:18  ... thread 1: (3000,24000) ops and (2611.3,865.3) ops/second in (1.148842,27.736346) seconds
2026/05/26-10:14:18  ... thread 3: (3000,24000) ops and (2556.3,865.0) ops/second in (1.173560,27.746481) seconds
2026/05/26-10:14:18  ... thread 0: (3000,24000) ops and (2865.6,864.8) ops/second in (1.046890,27.750669) seconds
2026/05/26-10:14:19  ... thread 2: (6000,29000) ops and (5534.4,1012.3) ops/second in (1.084132,28.646591) seconds
2026/05/26-10:14:19  ... thread 1: (6000,30000) ops and (5932.7,1043.6) ops/second in (1.011344,28.747690) seconds
2026/05/26-10:14:19  ... thread 0: (7000,31000) ops and (6273.9,1073.9) ops/second in (1.115728,28.866397) seconds
2026/05/26-10:14:19  ... thread 3: (7000,31000) ops and (6127.8,1073.1) ops/second in (1.142337,28.888818) seconds
2026/05/26-10:14:20  ... thread 2: (8000,37000) ops and (7375.0,1244.5) ops/second in (1.084749,29.731340) seconds
2026/05/26-10:14:20  ... thread 1: (8000,38000) ops and (7062.1,1271.7) ops/second in (1.132809,29.880499) seconds
2026/05/26-10:14:20  ... thread 0: (8000,39000) ops and (7650.9,1303.8) ops/second in (1.045623,29.912020) seconds
2026/05/26-10:14:20  ... thread 3: (8000,39000) ops and (7439.6,1301.6) ops/second in (1.075332,29.964150) seconds
2026/05/26-10:14:21  ... thread 2: (9000,46000) ops and (8709.8,1495.2) ops/second in (1.033315,30.764655) seconds
2026/05/26-10:14:21  ... thread 1: (8000,46000) ops and (7559.1,1486.8) ops/second in (1.058327,30.938826) seconds
2026/05/26-10:14:21  ... thread 0: (8000,47000) ops and (7501.4,1517.2) ops/second in (1.066472,30.978492) seconds
2026/05/26-10:14:21  ... thread 3: (8000,47000) ops and (7471.9,1514.4) ops/second in (1.070683,31.034833) seconds
2026/05/26-10:14:22  ... thread 2: (10000,56000) ops and (9719.9,1761.4) ops/second in (1.028819,31.793474) seconds
2026/05/26-10:14:22  ... thread 1: (12000,58000) ops and (11667.5,1814.4) ops/second in (1.028500,31.967326) seconds
2026/05/26-10:14:22  ... thread 0: (12000,59000) ops and (11591.9,1843.0) ops/second in (1.035207,32.013699) seconds
2026/05/26-10:14:22  ... thread 3: (12000,59000) ops and (11395.6,1838.7) ops/second in (1.053036,32.087869) seconds
2026/05/26-10:14:23  ... thread 2: (15000,71000) ops and (14614.8,2163.3) ops/second in (1.026355,32.819829) seconds
2026/05/26-10:14:23  ... thread 1: (16000,74000) ops and (15284.8,2241.5) ops/second in (1.046791,33.014117) seconds
2026/05/26-10:14:23  ... thread 0: (16000,75000) ops and (15133.5,2267.9) ops/second in (1.057256,33.070955) seconds
2026/05/26-10:14:23  ... thread 3: (16000,75000) ops and (15088.9,2262.6) ops/second in (1.060383,33.148252) seconds
2026/05/26-10:14:24  ... thread 2: (18000,89000) ops and (17300.0,2628.4) ops/second in (1.040462,33.860291) seconds
2026/05/26-10:14:24  ... thread 1: (19000,93000) ops and (18558.1,2732.2) ops/second in (1.023811,34.037928) seconds
2026/05/26-10:14:24  ... thread 0: (19000,94000) ops and (18461.0,2756.6) ops/second in (1.029198,34.100153) seconds
2026/05/26-10:14:24  ... thread 3: (19000,94000) ops and (18271.0,2749.5) ops/second in (1.039901,34.188153) seconds
DB path: [/tmp/rocksdb_comp_exp_db]
readrandom   :     343.735 micros/op 11615 ops/sec 34.436 seconds 400000 operations;   11.3 MB/s (98154 of 100000 found)

STATISTICS:
rocksdb.block.cache.miss COUNT : 3857351
rocksdb.block.cache.hit COUNT : 42495
rocksdb.block.cache.add COUNT : 770670
rocksdb.block.cache.add.failures COUNT : 0
rocksdb.block.cache.index.miss COUNT : 0
rocksdb.block.cache.index.hit COUNT : 0
rocksdb.block.cache.index.add COUNT : 0
rocksdb.block.cache.index.bytes.insert COUNT : 0
rocksdb.block.cache.filter.miss COUNT : 0
rocksdb.block.cache.filter.hit COUNT : 0
rocksdb.block.cache.filter.add COUNT : 0
rocksdb.block.cache.filter.bytes.insert COUNT : 0
rocksdb.block.cache.data.miss COUNT : 3857351
rocksdb.block.cache.data.hit COUNT : 42495
rocksdb.block.cache.data.add COUNT : 770670
rocksdb.block.cache.data.bytes.insert COUNT : 3316937936
rocksdb.block.cache.bytes.read COUNT : 182894368
rocksdb.block.cache.bytes.write COUNT : 3316937936
rocksdb.block.cache.compression.dict.miss COUNT : 0
rocksdb.block.cache.compression.dict.hit COUNT : 0
rocksdb.block.cache.compression.dict.add COUNT : 0
rocksdb.block.cache.compression.dict.bytes.insert COUNT : 0
rocksdb.block.cache.add.redundant COUNT : 4
rocksdb.block.cache.index.add.redundant COUNT : 0
rocksdb.block.cache.filter.add.redundant COUNT : 0
rocksdb.block.cache.data.add.redundant COUNT : 4
rocksdb.block.cache.compression.dict.add.redundant COUNT : 0
rocksdb.secondary.cache.hits COUNT : 0
rocksdb.secondary.cache.filter.hits COUNT : 0
rocksdb.secondary.cache.index.hits COUNT : 0
rocksdb.secondary.cache.data.hits COUNT : 0
rocksdb.compressed.secondary.cache.dummy.hits COUNT : 0
rocksdb.compressed.secondary.cache.hits COUNT : 0
rocksdb.compressed.secondary.cache.promotions COUNT : 0
rocksdb.compressed.secondary.cache.promotion.skips COUNT : 0
rocksdb.bloom.filter.useful COUNT : 0
rocksdb.bloom.filter.full.positive COUNT : 0
rocksdb.bloom.filter.full.true.positive COUNT : 0
rocksdb.bloom.filter.prefix.checked COUNT : 0
rocksdb.bloom.filter.prefix.useful COUNT : 0
rocksdb.bloom.filter.prefix.true.positive COUNT : 0
rocksdb.persistent.cache.hit COUNT : 0
rocksdb.persistent.cache.miss COUNT : 0
rocksdb.sim.block.cache.hit COUNT : 0
rocksdb.sim.block.cache.miss COUNT : 0
rocksdb.memtable.hit COUNT : 6823
rocksdb.memtable.miss COUNT : 393177
rocksdb.l0.hit COUNT : 17446
rocksdb.l1.hit COUNT : 95210
rocksdb.l2andup.hit COUNT : 273072
rocksdb.compaction.key.drop.new COUNT : 3415150
rocksdb.compaction.key.drop.obsolete COUNT : 0
rocksdb.compaction.key.drop.range_del COUNT : 0
rocksdb.compaction.key.drop.user COUNT : 0
rocksdb.compaction.range_del.drop.obsolete COUNT : 0
rocksdb.compaction.optimized.del.drop.obsolete COUNT : 0
rocksdb.compaction.cancelled COUNT : 0
rocksdb.compaction.aborted COUNT : 0
rocksdb.number.keys.written COUNT : 5000000
rocksdb.number.keys.read COUNT : 400000
rocksdb.number.keys.updated COUNT : 0
rocksdb.bytes.written COUNT : 5279174376
rocksdb.bytes.read COUNT : 401972224
rocksdb.number.db.seek COUNT : 0
rocksdb.number.db.next COUNT : 0
rocksdb.number.db.prev COUNT : 0
rocksdb.number.db.seek.found COUNT : 0
rocksdb.number.db.next.found COUNT : 0
rocksdb.number.db.prev.found COUNT : 0
rocksdb.db.iter.bytes.read COUNT : 0
rocksdb.number.iter.skip COUNT : 0
rocksdb.number.reseeks.iteration COUNT : 0
rocksdb.num.iterator.created COUNT : 0
rocksdb.num.iterator.deleted COUNT : 0
rocksdb.no.file.opens COUNT : 161
rocksdb.no.file.errors COUNT : 0
rocksdb.stall.micros COUNT : 74026981
rocksdb.db.mutex.wait.micros COUNT : 0
rocksdb.number.multiget.get COUNT : 0
rocksdb.number.multiget.keys.read COUNT : 0
rocksdb.number.multiget.bytes.read COUNT : 0
rocksdb.number.multiget.keys.found COUNT : 0
rocksdb.number.merge.failures COUNT : 0
rocksdb.getupdatessince.calls COUNT : 0
rocksdb.wal.synced COUNT : 0
rocksdb.wal.bytes COUNT : 5279174376
rocksdb.write.self COUNT : 4931198
rocksdb.write.other COUNT : 68802
rocksdb.write.wal COUNT : 5000000
rocksdb.compact.read.bytes COUNT : 7534740104
rocksdb.compact.write.bytes COUNT : 5480654614
rocksdb.flush.write.bytes COUNT : 2971440697
rocksdb.compact.read.marked.bytes COUNT : 0
rocksdb.compact.read.periodic.bytes COUNT : 0
rocksdb.compact.read.ttl.bytes COUNT : 0
rocksdb.compact.write.marked.bytes COUNT : 0
rocksdb.compact.write.periodic.bytes COUNT : 0
rocksdb.compact.write.ttl.bytes COUNT : 0
rocksdb.number.direct.load.table.properties COUNT : 0
rocksdb.number.superversion_acquires COUNT : 32
rocksdb.number.superversion_releases COUNT : 28
rocksdb.number.superversion_cleanups COUNT : 7
rocksdb.number.block.compressed COUNT : 3458984
rocksdb.number.block.decompressed COUNT : 3857512
rocksdb.bytes.compressed.from COUNT : 14578715021
rocksdb.bytes.compressed.to COUNT : 8434586732
rocksdb.bytes.compression_bypassed COUNT : 0
rocksdb.bytes.compression.rejected COUNT : 0
rocksdb.number.block_compression_bypassed COUNT : 0
rocksdb.number.block_compression_rejected COUNT : 0
rocksdb.bytes.decompressed.from COUNT : 9403302660
rocksdb.bytes.decompressed.to COUNT : 16250655058
rocksdb.merge.operation.time.nanos COUNT : 0
rocksdb.filter.operation.time.nanos COUNT : 0
rocksdb.compaction.total.time.cpu_micros COUNT : 43059288
rocksdb.row.cache.hit COUNT : 0
rocksdb.row.cache.miss COUNT : 0
rocksdb.read.amp.estimate.useful.bytes COUNT : 0
rocksdb.read.amp.total.read.bytes COUNT : 0
rocksdb.number.rate_limiter.drains COUNT : 0
rocksdb.blobdb.num.put COUNT : 0
rocksdb.blobdb.num.write COUNT : 0
rocksdb.blobdb.num.get COUNT : 0
rocksdb.blobdb.num.multiget COUNT : 0
rocksdb.blobdb.num.seek COUNT : 0
rocksdb.blobdb.num.next COUNT : 0
rocksdb.blobdb.num.prev COUNT : 0
rocksdb.blobdb.num.keys.written COUNT : 0
rocksdb.blobdb.num.keys.read COUNT : 0
rocksdb.blobdb.bytes.written COUNT : 0
rocksdb.blobdb.bytes.read COUNT : 0
rocksdb.blobdb.write.inlined COUNT : 0
rocksdb.blobdb.write.inlined.ttl COUNT : 0
rocksdb.blobdb.write.blob COUNT : 0
rocksdb.blobdb.write.blob.ttl COUNT : 0
rocksdb.blobdb.blob.file.bytes.written COUNT : 0
rocksdb.blobdb.blob.file.bytes.read COUNT : 0
rocksdb.blobdb.blob.file.synced COUNT : 0
rocksdb.blobdb.blob.index.expired.count COUNT : 0
rocksdb.blobdb.blob.index.expired.size COUNT : 0
rocksdb.blobdb.blob.index.evicted.count COUNT : 0
rocksdb.blobdb.blob.index.evicted.size COUNT : 0
rocksdb.blobdb.gc.num.files COUNT : 0
rocksdb.blobdb.gc.num.new.files COUNT : 0
rocksdb.blobdb.gc.failures COUNT : 0
rocksdb.blobdb.gc.num.keys.relocated COUNT : 0
rocksdb.blobdb.gc.bytes.relocated COUNT : 0
rocksdb.blobdb.fifo.num.files.evicted COUNT : 0
rocksdb.blobdb.fifo.num.keys.evicted COUNT : 0
rocksdb.blobdb.fifo.bytes.evicted COUNT : 0
rocksdb.blobdb.cache.miss COUNT : 0
rocksdb.blobdb.cache.hit COUNT : 0
rocksdb.blobdb.cache.add COUNT : 0
rocksdb.blobdb.cache.add.failures COUNT : 0
rocksdb.blobdb.cache.bytes.read COUNT : 0
rocksdb.blobdb.cache.bytes.write COUNT : 0
rocksdb.txn.overhead.mutex.prepare COUNT : 0
rocksdb.txn.overhead.mutex.old.commit.map COUNT : 0
rocksdb.txn.overhead.duplicate.key COUNT : 0
rocksdb.txn.overhead.mutex.snapshot COUNT : 0
rocksdb.txn.get.tryagain COUNT : 0
rocksdb.files.marked.trash COUNT : 0
rocksdb.files.marked.trash.deleted COUNT : 0
rocksdb.files.deleted.immediately COUNT : 222
rocksdb.error.handler.bg.error.count COUNT : 0
rocksdb.error.handler.bg.io.error.count COUNT : 0
rocksdb.error.handler.bg.retryable.io.error.count COUNT : 0
rocksdb.error.handler.autoresume.count COUNT : 0
rocksdb.error.handler.autoresume.retry.total.count COUNT : 0
rocksdb.error.handler.autoresume.success.count COUNT : 0
rocksdb.memtable.payload.bytes.at.flush COUNT : 5217185040
rocksdb.memtable.garbage.bytes.at.flush COUNT : 127993288
rocksdb.verify_checksum.read.bytes COUNT : 0
rocksdb.backup.read.bytes COUNT : 0
rocksdb.backup.write.bytes COUNT : 0
rocksdb.remote.compact.read.bytes COUNT : 0
rocksdb.remote.compact.write.bytes COUNT : 0
rocksdb.remote.compact.resumed.bytes COUNT : 0
rocksdb.hot.file.read.bytes COUNT : 0
rocksdb.warm.file.read.bytes COUNT : 0
rocksdb.cool.file.read.bytes COUNT : 0
rocksdb.cold.file.read.bytes COUNT : 0
rocksdb.ice.file.read.bytes COUNT : 0
rocksdb.hot.file.read.count COUNT : 0
rocksdb.warm.file.read.count COUNT : 0
rocksdb.cool.file.read.count COUNT : 0
rocksdb.cold.file.read.count COUNT : 0
rocksdb.ice.file.read.count COUNT : 0
rocksdb.last.level.read.bytes COUNT : 0
rocksdb.last.level.read.count COUNT : 0
rocksdb.non.last.level.read.bytes COUNT : 9422792467
rocksdb.non.last.level.read.count COUNT : 3857995
rocksdb.last.level.seek.filtered COUNT : 0
rocksdb.last.level.seek.filter.match COUNT : 0
rocksdb.last.level.seek.data COUNT : 0
rocksdb.last.level.seek.data.useful.no.filter COUNT : 0
rocksdb.last.level.seek.data.useful.filter.match COUNT : 0
rocksdb.non.last.level.seek.filtered COUNT : 0
rocksdb.non.last.level.seek.filter.match COUNT : 0
rocksdb.non.last.level.seek.data COUNT : 0
rocksdb.non.last.level.seek.data.useful.no.filter COUNT : 0
rocksdb.non.last.level.seek.data.useful.filter.match COUNT : 0
rocksdb.block.checksum.compute.count COUNT : 3857673
rocksdb.block.checksum.mismatch.count COUNT : 0
rocksdb.multiget.coroutine.count COUNT : 0
rocksdb.read.async.micros COUNT : 0
rocksdb.async.read.error.count COUNT : 0
rocksdb.table.open.prefetch.tail.miss COUNT : 0
rocksdb.table.open.prefetch.tail.hit COUNT : 0
rocksdb.timestamp.filter.table.checked COUNT : 0
rocksdb.timestamp.filter.table.filtered COUNT : 0
rocksdb.readahead.trimmed COUNT : 0
rocksdb.fifo.max.size.compactions COUNT : 0
rocksdb.fifo.ttl.compactions COUNT : 0
rocksdb.fifo.change_temperature.compactions COUNT : 0
rocksdb.prefetch.bytes COUNT : 0
rocksdb.prefetch.bytes.useful COUNT : 0
rocksdb.prefetch.hits COUNT : 0
rocksdb.footer.corruption.count COUNT : 0
rocksdb.file.read.corruption.retry.count COUNT : 0
rocksdb.file.read.corruption.retry.success.count COUNT : 0
rocksdb.number.wbwi.ingest COUNT : 0
rocksdb.sst.user.defined.index.load.fail.count COUNT : 0
rocksdb.multiscan.prepare.calls COUNT : 0
rocksdb.multiscan.prepare.errors COUNT : 0
rocksdb.multiscan.blocks.prefetched COUNT : 0
rocksdb.multiscan.blocks.from.cache COUNT : 0
rocksdb.multiscan.prefetch.bytes COUNT : 0
rocksdb.multiscan.prefetch.blocks.wasted COUNT : 0
rocksdb.multiscan.io.requests COUNT : 0
rocksdb.multiscan.io.coalesced.nonadjacent COUNT : 0
rocksdb.multiscan.seek.errors COUNT : 0
rocksdb.prefetch.memory.bytes.granted COUNT : 0
rocksdb.prefetch.memory.bytes.released COUNT : 0
rocksdb.prefetch.memory.requests.blocked COUNT : 0
rocksdb.read.path.range.tombstones.inserted COUNT : 0
rocksdb.read.path.range.tombstones.discarded COUNT : 0
rocksdb.file.open.metadata.retrieved COUNT : 0
rocksdb.file.open.metadata.passed COUNT : 0
rocksdb.manifest.validation.failure.count COUNT : 0
rocksdb.db.get.micros P50 : 13.339542 P95 : 1478.523588 P99 : 3976.945080 P100 : 583519.000000 COUNT : 400000 SUM : 137286205
rocksdb.db.write.micros P50 : 5.742164 P95 : 23.045693 P99 : 1287.452208 P100 : 1114728.000000 COUNT : 5000000 SUM : 443562677
rocksdb.compaction.times.micros P50 : 6500000.000000 P95 : 15074333.000000 P99 : 15074333.000000 P100 : 15074333.000000 COUNT : 18 SUM : 134870421
rocksdb.compaction.times.cpu_micros P50 : 1900000.000000 P95 : 4896419.000000 P99 : 4896419.000000 P100 : 4896419.000000 COUNT : 18 SUM : 43059288
rocksdb.subcompaction.setup.times.micros P50 : 0.000000 P95 : 0.000000 P99 : 0.000000 P100 : 0.000000 COUNT : 0 SUM : 0
rocksdb.table.sync.micros P50 : 348113.207547 P95 : 1115000.000000 P99 : 1337047.000000 P100 : 1337047.000000 COUNT : 80 SUM : 40944115
rocksdb.compaction.outfile.sync.micros P50 : 710468.750000 P95 : 1199150.000000 P99 : 1521891.000000 P100 : 1521891.000000 COUNT : 81 SUM : 54829289
rocksdb.wal.file.sync.micros P50 : 0.000000 P95 : 0.000000 P99 : 0.000000 P100 : 0.000000 COUNT : 0 SUM : 0
rocksdb.manifest.file.sync.micros P50 : 5644.736842 P95 : 13726.666667 P99 : 18486.000000 P100 : 18486.000000 COUNT : 104 SUM : 642543
rocksdb.table.open.io.micros P50 : 727.589286 P95 : 1798.333333 P99 : 5258.000000 P100 : 6655.000000 COUNT : 161 SUM : 143213
rocksdb.db.multiget.micros P50 : 0.000000 P95 : 0.000000 P99 : 0.000000 P100 : 0.000000 COUNT : 0 SUM : 0
rocksdb.read.block.compaction.micros P50 : 3.351770 P95 : 6.560243 P99 : 11.690836 P100 : 328143.000000 COUNT : 3086681 SUM : 45866029
rocksdb.read.block.get.micros P50 : 5.713278 P95 : 985.681458 P99 : 1839.591233 P100 : 504180.000000 COUNT : 770831 SUM : 133347304
rocksdb.write.raw.block.micros P50 : 0.526149 P95 : 0.999683 P99 : 2.363894 P100 : 12506.000000 COUNT : 3459306 SUM : 9770518
rocksdb.numfiles.in.singlecompaction P50 : 4.000000 P95 : 18.500000 P99 : 19.000000 P100 : 19.000000 COUNT : 20 SUM : 152
rocksdb.db.seek.micros P50 : 0.000000 P95 : 0.000000 P99 : 0.000000 P100 : 0.000000 COUNT : 0 SUM : 0
rocksdb.db.write.stall P50 : 1138.200136 P95 : 2649.596774 P99 : 2865.940860 P100 : 1114276.000000 COUNT : 40240 SUM : 74026981
rocksdb.sst.read.micros P50 : 0.831894 P95 : 3.272224 P99 : 1091.980825 P100 : 504140.000000 COUNT : 3857995 SUM : 165349824
rocksdb.file.read.flush.micros P50 : 4.000000 P95 : 64.541667 P99 : 91.300000 P100 : 1443.000000 COUNT : 320 SUM : 6718
rocksdb.file.read.compaction.micros P50 : 0.720635 P95 : 1.996037 P99 : 5.800431 P100 : 328114.000000 COUNT : 3087005 SUM : 36422835
rocksdb.file.read.db.open.micros P50 : 0.000000 P95 : 0.000000 P99 : 0.000000 P100 : 0.000000 COUNT : 0 SUM : 0
rocksdb.file.read.get.micros P50 : 0.000000 P95 : 0.000000 P99 : 0.000000 P100 : 0.000000 COUNT : 0 SUM : 0
rocksdb.file.read.multiget.micros P50 : 0.000000 P95 : 0.000000 P99 : 0.000000 P100 : 0.000000 COUNT : 0 SUM : 0
rocksdb.file.read.db.iterator.micros P50 : 0.000000 P95 : 0.000000 P99 : 0.000000 P100 : 0.000000 COUNT : 0 SUM : 0
rocksdb.file.read.verify.db.checksum.micros P50 : 0.000000 P95 : 0.000000 P99 : 0.000000 P100 : 0.000000 COUNT : 0 SUM : 0
rocksdb.file.read.verify.file.checksums.micros P50 : 0.000000 P95 : 0.000000 P99 : 0.000000 P100 : 0.000000 COUNT : 0 SUM : 0
rocksdb.sst.write.micros P50 : 0.501772 P95 : 0.953366 P99 : 0.993508 P100 : 12504.000000 COUNT : 6918773 SUM : 7936581
rocksdb.file.write.flush.micros P50 : 0.501777 P95 : 0.953376 P99 : 0.993518 P100 : 7657.000000 COUNT : 2428672 SUM : 3095665
rocksdb.file.write.compaction.micros P50 : 0.501769 P95 : 0.953361 P99 : 0.993503 P100 : 12504.000000 COUNT : 4490101 SUM : 4840916
rocksdb.file.write.db.open.micros P50 : 0.000000 P95 : 0.000000 P99 : 0.000000 P100 : 0.000000 COUNT : 0 SUM : 0
rocksdb.num.subcompactions.scheduled P50 : 0.000000 P95 : 0.000000 P99 : 0.000000 P100 : 0.000000 COUNT : 0 SUM : 0
rocksdb.bytes.per.read P50 : 1024.000000 P95 : 1024.000000 P99 : 1024.000000 P100 : 1024.000000 COUNT : 400000 SUM : 401972224
rocksdb.bytes.per.write P50 : 1086.651689 P95 : 1281.638208 P99 : 1298.970343 P100 : 4188.000000 COUNT : 4931198 SUM : 5279174376
rocksdb.bytes.per.multiget P50 : 0.000000 P95 : 0.000000 P99 : 0.000000 P100 : 0.000000 COUNT : 0 SUM : 0
rocksdb.compression.times.nanos P50 : 0.000000 P95 : 0.000000 P99 : 0.000000 P100 : 0.000000 COUNT : 0 SUM : 0
rocksdb.decompression.times.nanos P50 : 0.000000 P95 : 0.000000 P99 : 0.000000 P100 : 0.000000 COUNT : 0 SUM : 0
rocksdb.read.num.merge_operands P50 : 0.000000 P95 : 0.000000 P99 : 0.000000 P100 : 0.000000 COUNT : 0 SUM : 0
rocksdb.blobdb.key.size P50 : 0.000000 P95 : 0.000000 P99 : 0.000000 P100 : 0.000000 COUNT : 0 SUM : 0
rocksdb.blobdb.value.size P50 : 0.000000 P95 : 0.000000 P99 : 0.000000 P100 : 0.000000 COUNT : 0 SUM : 0
rocksdb.blobdb.write.micros P50 : 0.000000 P95 : 0.000000 P99 : 0.000000 P100 : 0.000000 COUNT : 0 SUM : 0
rocksdb.blobdb.get.micros P50 : 0.000000 P95 : 0.000000 P99 : 0.000000 P100 : 0.000000 COUNT : 0 SUM : 0
rocksdb.blobdb.multiget.micros P50 : 0.000000 P95 : 0.000000 P99 : 0.000000 P100 : 0.000000 COUNT : 0 SUM : 0
rocksdb.blobdb.seek.micros P50 : 0.000000 P95 : 0.000000 P99 : 0.000000 P100 : 0.000000 COUNT : 0 SUM : 0
rocksdb.blobdb.next.micros P50 : 0.000000 P95 : 0.000000 P99 : 0.000000 P100 : 0.000000 COUNT : 0 SUM : 0
rocksdb.blobdb.prev.micros P50 : 0.000000 P95 : 0.000000 P99 : 0.000000 P100 : 0.000000 COUNT : 0 SUM : 0
rocksdb.blobdb.blob.file.write.micros P50 : 0.000000 P95 : 0.000000 P99 : 0.000000 P100 : 0.000000 COUNT : 0 SUM : 0
rocksdb.blobdb.blob.file.read.micros P50 : 0.000000 P95 : 0.000000 P99 : 0.000000 P100 : 0.000000 COUNT : 0 SUM : 0
rocksdb.blobdb.blob.file.sync.micros P50 : 0.000000 P95 : 0.000000 P99 : 0.000000 P100 : 0.000000 COUNT : 0 SUM : 0
rocksdb.blobdb.compression.micros P50 : 0.000000 P95 : 0.000000 P99 : 0.000000 P100 : 0.000000 COUNT : 0 SUM : 0
rocksdb.blobdb.decompression.micros P50 : 0.000000 P95 : 0.000000 P99 : 0.000000 P100 : 0.000000 COUNT : 0 SUM : 0
rocksdb.db.flush.micros P50 : 631052.631579 P95 : 1433333.333333 P99 : 1503085.000000 P100 : 1503085.000000 COUNT : 80 SUM : 57662596
rocksdb.sst.batch.size P50 : 0.000000 P95 : 0.000000 P99 : 0.000000 P100 : 0.000000 COUNT : 0 SUM : 0
rocksdb.multiget.io.batch.size P50 : 0.000000 P95 : 0.000000 P99 : 0.000000 P100 : 0.000000 COUNT : 0 SUM : 0
rocksdb.num.index.and.filter.blocks.read.per.level P50 : 0.000000 P95 : 0.000000 P99 : 0.000000 P100 : 0.000000 COUNT : 0 SUM : 0
rocksdb.num.sst.read.per.level P50 : 0.000000 P95 : 0.000000 P99 : 0.000000 P100 : 0.000000 COUNT : 0 SUM : 0
rocksdb.num.level.read.per.multiget P50 : 0.000000 P95 : 0.000000 P99 : 0.000000 P100 : 0.000000 COUNT : 0 SUM : 0
rocksdb.error.handler.autoresume.retry.count P50 : 0.000000 P95 : 0.000000 P99 : 0.000000 P100 : 0.000000 COUNT : 0 SUM : 0
rocksdb.async.read.bytes P50 : 0.000000 P95 : 0.000000 P99 : 0.000000 P100 : 0.000000 COUNT : 0 SUM : 0
rocksdb.poll.wait.micros P50 : 0.000000 P95 : 0.000000 P99 : 0.000000 P100 : 0.000000 COUNT : 0 SUM : 0
rocksdb.compaction.prefetch.bytes P50 : 0.000000 P95 : 0.000000 P99 : 0.000000 P100 : 0.000000 COUNT : 0 SUM : 0
rocksdb.prefetched.bytes.discarded P50 : 0.000000 P95 : 0.000000 P99 : 0.000000 P100 : 0.000000 COUNT : 0 SUM : 0
rocksdb.async.prefetch.abort.micros P50 : 0.000000 P95 : 0.000000 P99 : 0.000000 P100 : 0.000000 COUNT : 0 SUM : 0
rocksdb.table.open.prefetch.tail.read.bytes P50 : 0.000000 P95 : 0.000000 P99 : 0.000000 P100 : 0.000000 COUNT : 0 SUM : 0
rocksdb.num.op.per.transaction P50 : 0.000000 P95 : 0.000000 P99 : 0.000000 P100 : 0.000000 COUNT : 0 SUM : 0
rocksdb.multiscan.op.prepare.iterators.micros P50 : 0.000000 P95 : 0.000000 P99 : 0.000000 P100 : 0.000000 COUNT : 0 SUM : 0
rocksdb.multiscan.prepare.micros P50 : 0.000000 P95 : 0.000000 P99 : 0.000000 P100 : 0.000000 COUNT : 0 SUM : 0
rocksdb.multiscan.blocks.per.prepare P50 : 0.000000 P95 : 0.000000 P99 : 0.000000 P100 : 0.000000 COUNT : 0 SUM : 0
rocksdb.block.key.distribution.cv P50 : 0.000000 P95 : 0.000000 P99 : 0.000000 P100 : 0.000000 COUNT : 0 SUM : 0

[EXPERIMENT_COMPLETED]
