RocksDB:    version 11.3.0
Date:       Tue May 26 11:49:14 2026
CPU:        2 * Intel Xeon Processor (SapphireRapids)
CPUCache:   16384 KB
2026/05/26-11:49:15  ... thread 0: (34000,34000) ops and (33859.7,33859.7) ops/second in (1.004143,1.004143) seconds
2026/05/26-11:49:15  ... thread 2: (47000,47000) ops and (46595.2,46595.2) ops/second in (1.008687,1.008687) seconds
2026/05/26-11:49:15  ... thread 3: (37000,37000) ops and (36330.5,36330.5) ops/second in (1.018427,1.018427) seconds
2026/05/26-11:49:15  ... thread 1: (34000,34000) ops and (33015.5,33015.5) ops/second in (1.029818,1.029818) seconds
2026/05/26-11:49:16  ... thread 0: (34000,68000) ops and (33365.0,33610.6) ops/second in (1.019031,2.023174) seconds
2026/05/26-11:49:16  ... thread 2: (37000,84000) ops and (36506.6,41538.9) ops/second in (1.013515,2.022202) seconds
2026/05/26-11:49:16  ... thread 3: (37000,74000) ops and (36518.3,36424.2) ops/second in (1.013190,2.031617) seconds
2026/05/26-11:49:16  ... thread 1: (32000,66000) ops and (31833.6,32431.7) ops/second in (1.005226,2.035044) seconds
2026/05/26-11:49:17  ... thread 1: (17000,83000) ops and (14064.3,25587.5) ops/second in (1.208731,3.243775) seconds
2026/05/26-11:49:17  ... thread 2: (21000,105000) ops and (17173.9,32357.6) ops/second in (1.222785,3.244987) seconds
2026/05/26-11:49:17  ... thread 0: (19000,87000) ops and (15300.5,26646.6) ops/second in (1.241786,3.264960) seconds
2026/05/26-11:49:17  ... thread 3: (19000,93000) ops and (15271.2,28390.1) ops/second in (1.244172,3.275789) seconds
2026/05/26-11:49:18  ... thread 0: (16000,103000) ops and (14328.6,23507.4) ops/second in (1.116646,4.381606) seconds
2026/05/26-11:49:18  ... thread 2: (16000,121000) ops and (14057.5,27605.6) ops/second in (1.138180,4.383167) seconds
2026/05/26-11:49:18  ... thread 3: (15000,108000) ops and (13492.6,24615.3) ops/second in (1.111724,4.387513) seconds
2026/05/26-11:49:18  ... thread 1: (14000,97000) ops and (11813.4,21901.7) ops/second in (1.185095,4.428870) seconds
2026/05/26-11:49:19  ... thread 0: (31000,134000) ops and (30065.8,24756.7) ops/second in (1.031073,5.412679) seconds
2026/05/26-11:49:19  ... thread 2: (33000,154000) ops and (31983.7,28439.8) ops/second in (1.031777,5.414944) seconds
2026/05/26-11:49:19  ... thread 3: (30000,138000) ops and (28358.8,25342.6) ops/second in (1.057873,5.445386) seconds
2026/05/26-11:49:19  ... thread 1: (31000,128000) ops and (29262.3,23322.5) ops/second in (1.059382,5.488252) seconds
2026/05/26-11:49:21  ... thread 3: (34000,172000) ops and (23308.9,24912.9) ops/second in (1.458668,6.904054) seconds
2026/05/26-11:49:21  ... thread 0: (34000,168000) ops and (22576.4,24282.1) ops/second in (1.506000,6.918679) seconds
2026/05/26-11:49:21  ... thread 2: (30000,184000) ops and (19959.9,26597.4) ops/second in (1.503015,6.917959) seconds
2026/05/26-11:49:21  ... thread 1: (27000,155000) ops and (18706.5,22361.3) ops/second in (1.443351,6.931603) seconds
2026/05/26-11:49:22  ... thread 0: (13000,181000) ops and (10905.8,22316.2) ops/second in (1.192022,8.110701) seconds
2026/05/26-11:49:22  ... thread 3: (15000,187000) ops and (12410.5,23050.3) ops/second in (1.208654,8.112708) seconds
2026/05/26-11:49:22  ... thread 1: (18000,173000) ops and (15208.5,21318.2) ops/second in (1.183546,8.115149) seconds
2026/05/26-11:49:22  ... thread 2: (16000,200000) ops and (13361.4,24644.4) ops/second in (1.197476,8.115435) seconds
2026/05/26-11:49:23  ... thread 0: (20000,201000) ops and (16471.1,21555.1) ops/second in (1.214250,9.324951) seconds
2026/05/26-11:49:23  ... thread 1: (16000,189000) ops and (13183.0,20259.8) ops/second in (1.213686,9.328835) seconds
2026/05/26-11:49:23  ... thread 2: (13000,213000) ops and (10730.5,22837.1) ops/second in (1.211502,9.326937) seconds
2026/05/26-11:49:23  ... thread 3: (13000,200000) ops and (10600.5,21415.4) ops/second in (1.226357,9.339065) seconds
2026/05/26-11:49:24  ... thread 0: (16000,217000) ops and (15902.2,21004.5) ops/second in (1.006148,10.331099) seconds
2026/05/26-11:49:24  ... thread 3: (15000,215000) ops and (14928.6,20785.3) ops/second in (1.004781,10.343846) seconds
2026/05/26-11:49:24  ... thread 2: (19000,232000) ops and (18683.4,22428.7) ops/second in (1.016943,10.343880) seconds
2026/05/26-11:49:24  ... thread 1: (17000,206000) ops and (16491.4,19884.8) ops/second in (1.030843,10.359678) seconds
2026/05/26-11:49:25  ... thread 2: (15000,247000) ops and (13664.1,21587.8) ops/second in (1.097766,11.441646) seconds
2026/05/26-11:49:25  ... thread 1: (10000,216000) ops and (9144.4,18859.3) ops/second in (1.093562,11.453240) seconds
2026/05/26-11:49:25  ... thread 0: (13000,230000) ops and (11481.1,20063.9) ops/second in (1.132293,11.463392) seconds
2026/05/26-11:49:25  ... thread 3: (19000,234000) ops and (16590.0,20367.1) ops/second in (1.145271,11.489117) seconds
2026/05/26-11:49:27  ... thread 1: (27000,243000) ops and (16636.5,18583.4) ops/second in (1.622941,13.076181) seconds
2026/05/26-11:49:27  ... thread 2: (32000,279000) ops and (19275.3,21294.8) ops/second in (1.660157,13.101803) seconds
2026/05/26-11:49:28  ... thread 3: (33000,267000) ops and (14715.7,19444.2) ops/second in (2.242507,13.731624) seconds
2026/05/26-11:49:28  ... thread 0: (33000,263000) ops and (13667.9,18951.1) ops/second in (2.414424,13.877816) seconds
2026/05/26-11:49:28  ... thread 2: (4000,283000) ops and (3778.0,19985.1) ops/second in (1.058766,14.160569) seconds
2026/05/26-11:49:28  ... thread 1: (2000,245000) ops and (1424.5,16919.7) ops/second in (1.403998,14.480179) seconds
2026/05/26-11:49:29  ... thread 3: (3000,270000) ops and (2490.9,18077.1) ops/second in (1.204361,14.935985) seconds
2026/05/26-11:49:29  ... thread 2: (2000,285000) ops and (1737.2,18613.0) ops/second in (1.151305,15.311874) seconds
2026/05/26-11:49:29  ... thread 0: (2000,265000) ops and (1328.3,17226.2) ops/second in (1.505740,15.383556) seconds
2026/05/26-11:49:30  ... thread 1: (3000,248000) ops and (2621.6,15872.5) ops/second in (1.144337,15.624516) seconds
2026/05/26-11:49:30  ... thread 3: (1000,271000) ops and (716.8,16594.1) ops/second in (1.395154,16.331139) seconds
2026/05/26-11:49:30  ... thread 2: (1000,286000) ops and (919.9,17440.1) ops/second in (1.087117,16.398991) seconds
2026/05/26-11:49:30  ... thread 0: (4000,269000) ops and (3893.6,16391.6) ops/second in (1.027316,16.410872) seconds
2026/05/26-11:49:31  ... thread 1: (9000,257000) ops and (8988.7,15457.9) ops/second in (1.001258,16.625774) seconds
2026/05/26-11:49:32  ... thread 0: (27000,296000) ops and (21076.3,16730.8) ops/second in (1.281059,17.691931) seconds
2026/05/26-11:49:32  ... thread 3: (24000,295000) ops and (17611.1,16672.4) ops/second in (1.362777,17.693916) seconds
2026/05/26-11:49:32  ... thread 1: (16000,273000) ops and (14815.7,15418.8) ops/second in (1.079937,17.705711) seconds
2026/05/26-11:49:32  ... thread 2: (26000,312000) ops and (19951.7,17625.0) ops/second in (1.303150,17.702141) seconds
2026/05/26-11:49:33  ... thread 0: (17000,313000) ops and (16292.0,16706.4) ops/second in (1.043457,18.735388) seconds
2026/05/26-11:49:33  ... thread 2: (15000,327000) ops and (14491.1,17451.9) ops/second in (1.035121,18.737262) seconds
2026/05/26-11:49:33  ... thread 1: (15000,288000) ops and (14465.4,15366.0) ops/second in (1.036956,18.742667) seconds
2026/05/26-11:49:33  ... thread 3: (15000,310000) ops and (14301.7,16539.7) ops/second in (1.048824,18.742740) seconds
2026/05/26-11:49:35  ... thread 1: (31000,319000) ops and (14367.3,15262.9) ops/second in (2.157672,20.900339) seconds
2026/05/26-11:49:35  ... thread 2: (29000,356000) ops and (13372.3,17028.7) ops/second in (2.168670,20.905932) seconds
2026/05/26-11:49:35  ... thread 3: (31000,341000) ops and (14247.6,16301.3) ops/second in (2.175802,20.918542) seconds
2026/05/26-11:49:35  ... thread 0: (34000,347000) ops and (15526.5,16582.9) ops/second in (2.189800,20.925188) seconds
2026/05/26-11:49:36  ... thread 3: (14000,355000) ops and (11334.4,16024.4) ops/second in (1.235173,22.153715) seconds
2026/05/26-11:49:36  ... thread 2: (16000,372000) ops and (11810.5,16711.1) ops/second in (1.354726,22.260658) seconds
2026/05/26-11:49:37  ... thread 0: (16000,363000) ops and (8353.3,15892.8) ops/second in (1.915413,22.840601) seconds
2026/05/26-11:49:37  ... thread 1: (17000,336000) ops and (8695.3,14701.1) ops/second in (1.955084,22.855423) seconds
2026/05/26-11:49:38  ... thread 3: (4000,359000) ops and (2791.4,15220.5) ops/second in (1.432961,23.586676) seconds
2026/05/26-11:49:38  ... thread 2: (2000,374000) ops and (1494.2,15848.0) ops/second in (1.338502,23.599160) seconds
2026/05/26-11:49:39  ... thread 2: (2000,376000) ops and (1969.8,15275.5) ops/second in (1.015346,24.614506) seconds
2026/05/26-11:49:39  ... thread 1: (2000,338000) ops and (1128.2,13724.1) ops/second in (1.772699,24.628122) seconds
2026/05/26-11:49:39  ... thread 3: (2000,361000) ops and (1869.7,14641.2) ops/second in (1.069703,24.656379) seconds
2026/05/26-11:49:39  ... thread 0: (4000,367000) ops and (2175.0,14870.5) ops/second in (1.839063,24.679664) seconds
2026/05/26-11:49:40  ... thread 0: (2000,369000) ops and (1977.9,14363.1) ops/second in (1.011148,25.690812) seconds
2026/05/26-11:49:40  ... thread 3: (1000,362000) ops and (853.8,14016.0) ops/second in (1.171214,25.827593) seconds
2026/05/26-11:49:40  ... thread 1: (2000,340000) ops and (1482.5,13088.4) ops/second in (1.349097,25.977219) seconds
2026/05/26-11:49:40  ... thread 2: (3000,379000) ops and (1921.8,14479.2) ops/second in (1.561011,26.175517) seconds
2026/05/26-11:49:41  ... thread 0: (22000,391000) ops and (21847.1,14645.4) ops/second in (1.006998,26.697810) seconds
2026/05/26-11:49:41  ... thread 3: (28000,390000) ops and (26024.6,14496.3) ops/second in (1.075906,26.903499) seconds
2026/05/26-11:49:41  ... thread 1: (27000,367000) ops and (26760.0,13599.6) ops/second in (1.008967,26.986186) seconds
2026/05/26-11:49:41  ... thread 2: (38000,417000) ops and (37058.3,15330.4) ops/second in (1.025410,27.200927) seconds
2026/05/26-11:49:42  ... thread 0: (24000,415000) ops and (23863.3,14980.0) ops/second in (1.005728,27.703538) seconds
2026/05/26-11:49:43  ... thread 3: (31000,421000) ops and (16968.8,14653.5) ops/second in (1.826882,28.730381) seconds
2026/05/26-11:49:43  ... thread 1: (28000,395000) ops and (15552.8,13721.7) ops/second in (1.800322,28.786508) seconds
2026/05/26-11:49:44  ... thread 0: (9000,424000) ops and (4849.7,14344.0) ops/second in (1.855771,29.559309) seconds
2026/05/26-11:49:44  ... thread 2: (17000,434000) ops and (7210.3,14682.7) ops/second in (2.357742,29.558669) seconds
2026/05/26-11:49:44  ... thread 1: (4000,399000) ops and (2642.6,13168.2) ops/second in (1.513649,30.300157) seconds
2026/05/26-11:49:44  ... thread 3: (3000,424000) ops and (1664.4,13886.7) ops/second in (1.802477,30.532858) seconds
2026/05/26-11:49:45  ... thread 0: (2000,426000) ops and (1971.0,13933.4) ops/second in (1.014736,30.574045) seconds
2026/05/26-11:49:45  ... thread 2: (3000,437000) ops and (2636.0,14236.0) ops/second in (1.138072,30.696741) seconds
2026/05/26-11:49:45  ... thread 1: (3000,402000) ops and (2562.0,12773.6) ops/second in (1.170952,31.471109) seconds
2026/05/26-11:49:46  ... thread 0: (1000,427000) ops and (989.1,13519.0) ops/second in (1.011045,31.585090) seconds
2026/05/26-11:49:46  ... thread 3: (2000,426000) ops and (1585.9,13398.8) ops/second in (1.261080,31.793938) seconds
2026/05/26-11:49:46  ... thread 2: (2000,439000) ops and (1582.5,13735.7) ops/second in (1.263811,31.960552) seconds
2026/05/26-11:49:46  ... thread 1: (13000,415000) ops and (12941.5,12778.8) ops/second in (1.004520,32.475629) seconds
2026/05/26-11:49:47  ... thread 0: (17000,444000) ops and (16600.6,13615.8) ops/second in (1.024059,32.609149) seconds
2026/05/26-11:49:47  ... thread 3: (25000,451000) ops and (24685.5,13747.2) ops/second in (1.012741,32.806679) seconds
2026/05/26-11:49:48  ... thread 0: (9000,453000) ops and (8966.3,13477.0) ops/second in (1.003762,33.612911) seconds
2026/05/26-11:49:48  ... thread 1: (13000,428000) ops and (11333.9,12729.5) ops/second in (1.147004,33.622633) seconds
2026/05/26-11:49:48  ... thread 2: (26000,465000) ops and (15289.1,13814.2) ops/second in (1.700561,33.661113) seconds
2026/05/26-11:49:48  ... thread 3: (6000,457000) ops and (5783.2,13503.1) ops/second in (1.037493,33.844172) seconds
2026/05/26-11:49:49  ... thread 2: (14000,479000) ops and (13883.9,13816.2) ops/second in (1.008360,34.669473) seconds
2026/05/26-11:49:49  ... thread 3: (11000,468000) ops and (10845.8,13425.7) ops/second in (1.014220,34.858392) seconds
2026/05/26-11:49:49  ... thread 1: (18000,446000) ops and (10348.8,12612.4) ops/second in (1.739331,35.361964) seconds
2026/05/26-11:49:50  ... thread 0: (17000,470000) ops and (8586.7,13204.9) ops/second in (1.979813,35.592724) seconds
2026/05/26-11:49:50  ... thread 2: (2000,481000) ops and (1743.0,13429.4) ops/second in (1.147417,35.816890) seconds
2026/05/26-11:49:50  ... thread 3: (2000,470000) ops and (1579.8,13010.6) ops/second in (1.265975,36.124367) seconds
2026/05/26-11:49:51  ... thread 0: (2000,472000) ops and (1805.6,12860.9) ops/second in (1.107685,36.700409) seconds
2026/05/26-11:49:51  ... thread 1: (2000,448000) ops and (1307.2,12143.6) ops/second in (1.530028,36.891992) seconds
2026/05/26-11:49:51  ... thread 2: (4000,485000) ops and (2449.6,12950.7) ops/second in (1.632917,37.449807) seconds
2026/05/26-11:49:52  ... thread 3: (1000,471000) ops and (649.1,12505.0) ops/second in (1.540670,37.665037) seconds
2026/05/26-11:49:52  ... thread 0: (2000,474000) ops and (1949.3,12564.1) ops/second in (1.026009,37.726418) seconds
2026/05/26-11:49:53  ... thread 1: (3000,451000) ops and (1770.3,11688.0) ops/second in (1.694633,38.586625) seconds
2026/05/26-11:49:53  ... thread 0: (3000,477000) ops and (2422.9,12241.9) ops/second in (1.238161,38.964579) seconds
2026/05/26-11:49:53  ... thread 2: (2000,487000) ops and (1201.1,12450.5) ops/second in (1.665098,39.114905) seconds
2026/05/26-11:49:53  ... thread 3: (1000,472000) ops and (638.9,12031.5) ops/second in (1.565216,39.230253) seconds
2026/05/26-11:49:54  ... thread 1: (9000,460000) ops and (8895.2,11616.6) ops/second in (1.011779,39.598404) seconds
2026/05/26-11:49:54  ... thread 0: (23000,500000) ops and (22670.4,12506.5) ops/second in (1.014537,39.979116) seconds
2026/05/26-11:49:55  ... thread 1: (16000,476000) ops and (12485.7,11643.9) ops/second in (1.281461,40.879865) seconds
2026/05/26-11:49:55  ... thread 2: (24000,511000) ops and (13510.0,12496.5) ops/second in (1.776457,40.891362) seconds
2026/05/26-11:49:55  ... thread 3: (23000,495000) ops and (13697.8,12099.9) ops/second in (1.679102,40.909355) seconds
2026/05/26-11:49:55  ... thread 0: (6000,506000) ops and (5977.1,12346.6) ops/second in (1.003827,40.982943) seconds
2026/05/26-11:49:56  ... thread 1: (18000,494000) ops and (17962.6,11795.1) ops/second in (1.002081,41.881946) seconds
2026/05/26-11:49:56  ... thread 2: (18000,529000) ops and (17997.4,12627.9) ops/second in (1.000143,41.891505) seconds
2026/05/26-11:49:56  ... thread 3: (20000,515000) ops and (19588.9,12282.3) ops/second in (1.020988,41.930343) seconds
2026/05/26-11:49:56  ... thread 0: (20000,526000) ops and (19569.8,12522.3) ops/second in (1.021985,42.004928) seconds
2026/05/26-11:49:57  ... thread 2: (17000,546000) ops and (16238.1,12715.9) ops/second in (1.046922,42.938427) seconds
2026/05/26-11:49:57  ... thread 0: (8000,534000) ops and (7333.7,12391.0) ops/second in (1.090854,43.095782) seconds
2026/05/26-11:49:57  ... thread 3: (11000,526000) ops and (8723.4,12178.4) ops/second in (1.260974,43.191317) seconds
2026/05/26-11:49:58  ... thread 1: (14000,508000) ops and (7974.5,11641.4) ops/second in (1.755592,43.637538) seconds
2026/05/26-11:49:58  ... thread 2: (3000,549000) ops and (2916.4,12486.6) ops/second in (1.028669,43.967096) seconds
2026/05/26-11:49:58  ... thread 0: (1000,535000) ops and (832.0,12077.4) ops/second in (1.201971,44.297753) seconds
2026/05/26-11:49:58  ... thread 3: (1000,527000) ops and (816.2,11865.0) ops/second in (1.225216,44.416533) seconds
2026/05/26-11:49:59  ... thread 2: (4000,553000) ops and (3552.9,12263.6) ops/second in (1.125856,45.092952) seconds
2026/05/26-11:49:59  ... thread 1: (1000,509000) ops and (672.5,11279.9) ops/second in (1.487019,45.124557) seconds
2026/05/26-11:50:00  ... thread 3: (2000,529000) ops and (1745.2,11610.4) ops/second in (1.145981,45.562514) seconds
2026/05/26-11:50:00  ... thread 0: (2000,537000) ops and (1079.0,11635.6) ops/second in (1.853572,46.151325) seconds
2026/05/26-11:50:00  ... thread 2: (3000,556000) ops and (2458.7,12005.2) ops/second in (1.220150,46.313102) seconds
2026/05/26-11:50:00  ... thread 1: (2000,511000) ops and (1495.9,10998.3) ops/second in (1.336992,46.461549) seconds
2026/05/26-11:50:01  ... thread 3: (1000,530000) ops and (712.1,11284.5) ops/second in (1.404386,46.966900) seconds
2026/05/26-11:50:01  ... thread 2: (3000,559000) ops and (2521.5,11767.7) ops/second in (1.189779,47.502881) seconds
2026/05/26-11:50:01  ... thread 0: (3000,540000) ops and (2208.1,11366.0) ops/second in (1.358637,47.509962) seconds
2026/05/26-11:50:01  ... thread 1: (1000,512000) ops and (950.8,10775.9) ops/second in (1.051693,47.513242) seconds
2026/05/26-11:50:02  ... thread 3: (15000,545000) ops and (14992.4,11361.9) ops/second in (1.000507,47.967407) seconds
2026/05/26-11:50:02  ... thread 0: (28000,568000) ops and (27845.5,11707.6) ops/second in (1.005550,48.515512) seconds
2026/05/26-11:50:02  ... thread 2: (31000,590000) ops and (30443.7,12159.6) ops/second in (1.018274,48.521155) seconds
2026/05/26-11:50:02  ... thread 1: (29000,541000) ops and (28391.3,11146.7) ops/second in (1.021438,48.534680) seconds
2026/05/26-11:50:03  ... thread 3: (26000,571000) ops and (17056.7,11537.3) ops/second in (1.524328,49.491735) seconds
2026/05/26-11:50:04  ... thread 2: (11000,601000) ops and (10821.4,12132.2) ops/second in (1.016506,49.537661) seconds
2026/05/26-11:50:04  ... thread 1: (11000,552000) ops and (10869.1,11141.0) ops/second in (1.012043,49.546723) seconds
2026/05/26-11:50:04  ... thread 0: (12000,580000) ops and (11437.5,11701.9) ops/second in (1.049176,49.564688) seconds
2026/05/26-11:50:05  ... thread 1: (13000,565000) ops and (12908.2,11176.2) ops/second in (1.007115,50.553838) seconds
2026/05/26-11:50:05  ... thread 2: (16000,617000) ops and (14404.6,12182.0) ops/second in (1.110760,50.648421) seconds
2026/05/26-11:50:05  ... thread 3: (15000,586000) ops and (12846.2,11567.4) ops/second in (1.167659,50.659394) seconds
2026/05/26-11:50:05  ... thread 0: (14000,594000) ops and (11833.1,11704.9) ops/second in (1.183121,50.747809) seconds
2026/05/26-11:50:06  ... thread 2: (3000,620000) ops and (2586.3,11967.2) ops/second in (1.159958,51.808379) seconds
2026/05/26-11:50:06  ... thread 3: (3000,589000) ops and (1935.7,11281.5) ops/second in (1.549851,52.209245) seconds
2026/05/26-11:50:06  ... thread 0: (1000,595000) ops and (679.2,11394.1) ops/second in (1.472346,52.220155) seconds
2026/05/26-11:50:07  ... thread 1: (1000,566000) ops and (484.7,10757.0) ops/second in (2.063118,52.616956) seconds
2026/05/26-11:50:07  ... thread 3: (1000,590000) ops and (832.7,11046.6) ops/second in (1.200974,53.410219) seconds
2026/05/26-11:50:08  ... thread 1: (4000,570000) ops and (3635.9,10611.1) ops/second in (1.100147,53.717103) seconds
2026/05/26-11:50:08  ... thread 2: (4000,624000) ops and (1928.4,11580.7) ops/second in (2.074259,53.882638) seconds
2026/05/26-11:50:08  ... thread 0: (3000,598000) ops and (1558.4,11044.4) ops/second in (1.925014,54.145169) seconds
2026/05/26-11:50:09  ... thread 3: (5000,595000) ops and (3376.6,10839.7) ops/second in (1.480761,54.890980) seconds
2026/05/26-11:50:09  ... thread 1: (2000,572000) ops and (1224.1,10334.1) ops/second in (1.633831,55.350934) seconds
2026/05/26-11:50:09  ... thread 2: (2000,626000) ops and (1272.8,11288.6) ops/second in (1.571376,55.454014) seconds
2026/05/26-11:50:10  ... thread 0: (2000,600000) ops and (1165.0,10740.8) ops/second in (1.716672,55.861841) seconds
2026/05/26-11:50:10  ... thread 3: (5000,600000) ops and (3924.6,10682.8) ops/second in (1.274029,56.165009) seconds
2026/05/26-11:50:10  ... thread 1: (2000,574000) ops and (1758.3,10161.4) ops/second in (1.137458,56.488392) seconds
2026/05/26-11:50:10  ... thread 2: (3000,629000) ops and (2776.2,11125.9) ops/second in (1.080630,56.534644) seconds
2026/05/26-11:50:12  ... thread 2: (4000,633000) ops and (3786.8,10991.3) ops/second in (1.056288,57.590932) seconds
2026/05/26-11:50:12  ... thread 0: (2000,602000) ops and (1131.1,10446.0) ops/second in (1.768144,57.629985) seconds
2026/05/26-11:50:12  ... thread 3: (2000,602000) ops and (1163.7,10400.2) ops/second in (1.718589,57.883598) seconds
2026/05/26-11:50:12  ... thread 1: (3000,577000) ops and (2122.8,9965.2) ops/second in (1.413226,57.901618) seconds
2026/05/26-11:50:13  ... thread 2: (7000,640000) ops and (5716.0,10881.5) ops/second in (1.224631,58.815563) seconds
2026/05/26-11:50:13  ... thread 0: (6000,608000) ops and (5017.5,10335.6) ops/second in (1.195814,58.825799) seconds
2026/05/26-11:50:13  ... thread 1: (7000,584000) ops and (6917.8,9912.8) ops/second in (1.011883,58.913501) seconds
2026/05/26-11:50:13  ... thread 3: (8000,610000) ops and (7701.5,10352.6) ops/second in (1.038760,58.922358) seconds
2026/05/26-11:50:14  ... thread 2: (27000,667000) ops and (17633.8,11052.8) ops/second in (1.531151,60.346714) seconds
2026/05/26-11:50:14  ... thread 3: (23000,633000) ops and (16046.0,10487.8) ops/second in (1.433380,60.355738) seconds
2026/05/26-11:50:14  ... thread 0: (28000,636000) ops and (18169.5,10535.6) ops/second in (1.541043,60.366842) seconds
2026/05/26-11:50:14  ... thread 1: (25000,609000) ops and (17099.7,10086.9) ops/second in (1.462018,60.375519) seconds
2026/05/26-11:50:15  ... thread 3: (16000,649000) ops and (15052.8,10566.8) ops/second in (1.062925,61.418663) seconds
2026/05/26-11:50:15  ... thread 1: (15000,624000) ops and (14359.2,10159.5) ops/second in (1.044626,61.420145) seconds
2026/05/26-11:50:15  ... thread 0: (14000,650000) ops and (13248.5,10582.3) ops/second in (1.056723,61.423565) seconds
2026/05/26-11:50:15  ... thread 2: (17000,684000) ops and (15669.7,11134.3) ops/second in (1.084899,61.431613) seconds
2026/05/26-11:50:17  ... thread 2: (17000,701000) ops and (11081.7,11133.1) ops/second in (1.534055,62.965668) seconds
2026/05/26-11:50:17  ... thread 3: (18000,667000) ops and (11590.5,10592.1) ops/second in (1.552997,62.971660) seconds
2026/05/26-11:50:17  ... thread 1: (17000,641000) ops and (10843.5,10176.6) ops/second in (1.567753,62.987898) seconds
2026/05/26-11:50:17  ... thread 0: (15000,665000) ops and (9569.2,10557.0) ops/second in (1.567523,62.991088) seconds
2026/05/26-11:50:18  ... thread 2: (2000,703000) ops and (1700.9,10960.1) ops/second in (1.175879,64.141547) seconds
2026/05/26-11:50:18  ... thread 3: (3000,670000) ops and (2422.0,10434.5) ops/second in (1.238627,64.210287) seconds
2026/05/26-11:50:18  ... thread 1: (4000,645000) ops and (3092.4,10034.0) ops/second in (1.293496,64.281394) seconds
2026/05/26-11:50:18  ... thread 0: (1000,666000) ops and (714.5,10343.1) ops/second in (1.399493,64.390581) seconds
2026/05/26-11:50:19  ... thread 1: (4000,649000) ops and (3933.9,9939.0) ops/second in (1.016790,65.298184) seconds
2026/05/26-11:50:20  ... thread 3: (1000,671000) ops and (666.2,10211.3) ops/second in (1.501113,65.711400) seconds
2026/05/26-11:50:20  ... thread 2: (2000,705000) ops and (1191.4,10711.0) ops/second in (1.678712,65.820259) seconds
2026/05/26-11:50:20  ... thread 0: (2000,668000) ops and (1314.9,10134.8) ops/second in (1.521057,65.911638) seconds
2026/05/26-11:50:21  ... thread 0: (3000,671000) ops and (2810.5,10018.1) ops/second in (1.067419,66.979057) seconds
2026/05/26-11:50:21  ... thread 1: (2000,651000) ops and (1183.8,9718.2) ops/second in (1.689497,66.987681) seconds
2026/05/26-11:50:21  ... thread 2: (2000,707000) ops and (1636.6,10545.6) ops/second in (1.222039,67.042298) seconds
2026/05/26-11:50:21  ... thread 3: (2000,673000) ops and (1312.1,10009.6) ops/second in (1.524271,67.235671) seconds
2026/05/26-11:50:22  ... thread 0: (2000,673000) ops and (1947.9,9896.2) ops/second in (1.026746,68.005803) seconds
2026/05/26-11:50:22  ... thread 1: (2000,653000) ops and (1450.1,9551.4) ops/second in (1.379192,68.366873) seconds
2026/05/26-11:50:22  ... thread 2: (2000,709000) ops and (1512.8,10370.9) ops/second in (1.322015,68.364313) seconds
2026/05/26-11:50:22  ... thread 3: (2000,675000) ops and (1751.1,9871.6) ops/second in (1.142138,68.377809) seconds
2026/05/26-11:50:23  ... thread 0: (23000,696000) ops and (21955.3,10079.2) ops/second in (1.047582,69.053385) seconds
2026/05/26-11:50:23  ... thread 1: (31000,684000) ops and (30982.2,9860.5) ops/second in (1.000573,69.367446) seconds
2026/05/26-11:50:23  ... thread 3: (32000,707000) ops and (31965.7,10190.4) ops/second in (1.001074,69.378883) seconds
2026/05/26-11:50:23  ... thread 2: (33000,742000) ops and (32350.8,10694.0) ops/second in (1.020069,69.384382) seconds
2026/05/26-11:50:24  ... thread 0: (27000,723000) ops and (26853.6,10319.9) ops/second in (1.005451,70.058836) seconds
2026/05/26-11:50:25  ... thread 3: (19000,726000) ops and (15371.9,10281.1) ops/second in (1.236020,70.614903) seconds
2026/05/26-11:50:25  ... thread 1: (19000,703000) ops and (12314.8,9913.9) ops/second in (1.542853,70.910299) seconds
2026/05/26-11:50:25  ... thread 2: (20000,762000) ops and (12066.6,10726.1) ops/second in (1.657472,71.041854) seconds
2026/05/26-11:50:25  ... thread 0: (7000,730000) ops and (6011.8,10249.5) ops/second in (1.164378,71.223214) seconds
2026/05/26-11:50:26  ... thread 3: (3000,729000) ops and (2217.9,10129.6) ops/second in (1.352660,71.967563) seconds
2026/05/26-11:50:26  ... thread 1: (1000,704000) ops and (818.6,9759.9) ops/second in (1.221620,72.131919) seconds
2026/05/26-11:50:27  ... thread 2: (3000,765000) ops and (1559.3,10484.4) ops/second in (1.923907,72.965761) seconds
2026/05/26-11:50:27  ... thread 1: (2000,706000) ops and (1749.2,9634.9) ops/second in (1.143387,73.275306) seconds
2026/05/26-11:50:27  ... thread 0: (2000,732000) ops and (951.0,9982.8) ops/second in (2.103129,73.326343) seconds
2026/05/26-11:50:28  ... thread 3: (4000,733000) ops and (2280.3,9942.8) ops/second in (1.754137,73.721700) seconds
2026/05/26-11:50:28  ... thread 0: (2000,734000) ops and (1931.9,9870.7) ops/second in (1.035262,74.361605) seconds
2026/05/26-11:50:28  ... thread 2: (3000,768000) ops and (2042.0,10317.7) ops/second in (1.469153,74.434914) seconds
2026/05/26-11:50:29  ... thread 1: (4000,710000) ops and (2177.0,9452.5) ops/second in (1.837424,75.112730) seconds
2026/05/26-11:50:29  ... thread 3: (2000,735000) ops and (1314.6,9768.3) ops/second in (1.521425,75.243125) seconds
2026/05/26-11:50:30  ... thread 2: (4000,772000) ops and (3312.2,10205.9) ops/second in (1.207648,75.642562) seconds
2026/05/26-11:50:30  ... thread 0: (2000,736000) ops and (1219.4,9684.0) ops/second in (1.640174,76.001779) seconds
2026/05/26-11:50:30  ... thread 1: (3000,713000) ops and (2610.3,9349.3) ops/second in (1.149310,76.262040) seconds
2026/05/26-11:50:31  ... thread 3: (3000,738000) ops and (1654.0,9577.3) ops/second in (1.813794,77.056919) seconds
2026/05/26-11:50:31  ... thread 0: (2000,738000) ops and (1888.0,9576.8) ops/second in (1.059304,77.061083) seconds
2026/05/26-11:50:31  ... thread 2: (3000,775000) ops and (2036.3,10049.8) ops/second in (1.473240,77.115802) seconds
2026/05/26-11:50:31  ... thread 1: (3000,716000) ops and (2602.5,9248.9) ops/second in (1.152719,77.414759) seconds
2026/05/26-11:50:32  ... thread 2: (2000,777000) ops and (1903.2,9940.3) ops/second in (1.050835,78.166637) seconds
2026/05/26-11:50:32  ... thread 3: (3000,741000) ops and (2403.2,9463.0) ops/second in (1.248347,78.305266) seconds
2026/05/26-11:50:33  ... thread 0: (2000,740000) ops and (1330.4,9419.0) ops/second in (1.503359,78.564442) seconds
2026/05/26-11:50:33  ... thread 1: (3000,719000) ops and (2552.5,9148.7) ops/second in (1.175329,78.590088) seconds
2026/05/26-11:50:33  ... thread 2: (17000,794000) ops and (15089.8,10013.5) ops/second in (1.126590,79.293227) seconds
2026/05/26-11:50:33  ... thread 3: (18000,759000) ops and (17813.6,9569.4) ops/second in (1.010463,79.315729) seconds
2026/05/26-11:50:34  ... thread 0: (25000,765000) ops and (24390.2,9611.8) ops/second in (1.025003,79.589445) seconds
2026/05/26-11:50:34  ... thread 1: (28000,747000) ops and (27684.5,9384.2) ops/second in (1.011397,79.601485) seconds
2026/05/26-11:50:34  ... thread 3: (30000,789000) ops and (26639.7,9808.3) ops/second in (1.126139,80.441868) seconds
2026/05/26-11:50:34  ... thread 2: (32000,826000) ops and (27833.2,10268.1) ops/second in (1.149708,80.442935) seconds
2026/05/26-11:50:35  ... thread 1: (21000,768000) ops and (20932.8,9528.0) ops/second in (1.003212,80.604697) seconds
2026/05/26-11:50:35  ... thread 0: (27000,792000) ops and (26593.3,9825.7) ops/second in (1.015293,80.604738) seconds
2026/05/26-11:50:36  ... thread 3: (14000,803000) ops and (12579.3,9846.1) ops/second in (1.112940,81.554808) seconds
2026/05/26-11:50:36  ... thread 1: (10000,778000) ops and (9120.8,9522.5) ops/second in (1.096392,81.701089) seconds
2026/05/26-11:50:36  ... thread 2: (19000,845000) ops and (13118.7,10318.6) ops/second in (1.448311,81.891246) seconds
2026/05/26-11:50:36  ... thread 0: (12000,804000) ops and (7937.1,9791.0) ops/second in (1.511890,82.116628) seconds
2026/05/26-11:50:37  ... thread 3: (3000,806000) ops and (2457.0,9737.1) ops/second in (1.220983,82.775791) seconds
2026/05/26-11:50:37  ... thread 2: (1000,846000) ops and (869.9,10187.8) ops/second in (1.149564,83.040810) seconds
2026/05/26-11:50:37  ... thread 0: (2000,806000) ops and (1963.6,9695.1) ops/second in (1.018549,83.135177) seconds
2026/05/26-11:50:37  ... thread 1: (2000,780000) ops and (1382.3,9380.9) ops/second in (1.446882,83.147971) seconds
2026/05/26-11:50:38  ... thread 3: (2000,808000) ops and (1497.9,9606.4) ops/second in (1.335196,84.110987) seconds
2026/05/26-11:50:38  ... thread 0: (1000,807000) ops and (997.3,9591.4) ops/second in (1.002688,84.137865) seconds
2026/05/26-11:50:38  ... thread 1: (4000,784000) ops and (3114.1,9285.5) ops/second in (1.284490,84.432461) seconds
2026/05/26-11:50:38  ... thread 2: (3000,849000) ops and (2135.7,10053.8) ops/second in (1.404704,84.445514) seconds
2026/05/26-11:50:39  ... thread 0: (3000,810000) ops and (2360.8,9483.8) ops/second in (1.270758,85.408623) seconds
2026/05/26-11:50:39  ... thread 2: (3000,852000) ops and (2821.5,9963.9) ops/second in (1.063260,85.508774) seconds
2026/05/26-11:50:40  ... thread 1: (1000,785000) ops and (868.9,9172.3) ops/second in (1.150870,85.583331) seconds
2026/05/26-11:50:40  ... thread 3: (4000,812000) ops and (2332.0,9461.0) ops/second in (1.715288,85.826275) seconds
2026/05/26-11:50:41  ... thread 1: (3000,788000) ops and (2942.4,9099.0) ops/second in (1.019571,86.602902) seconds
2026/05/26-11:50:41  ... thread 0: (2000,812000) ops and (1348.9,9345.0) ops/second in (1.482678,86.891301) seconds
2026/05/26-11:50:41  ... thread 2: (2000,854000) ops and (1006.2,9760.4) ops/second in (1.987641,87.496415) seconds
2026/05/26-11:50:42  ... thread 1: (3000,791000) ops and (2990.8,9029.1) ops/second in (1.003092,87.605994) seconds
2026/05/26-11:50:42  ... thread 3: (3000,815000) ops and (1625.3,9296.0) ops/second in (1.845779,87.672054) seconds
2026/05/26-11:50:42  ... thread 0: (4000,816000) ops and (3948.0,9282.8) ops/second in (1.013172,87.904473) seconds
2026/05/26-11:50:42  ... thread 2: (2000,856000) ops and (1954.4,9670.2) ops/second in (1.023351,88.519766) seconds
2026/05/26-11:50:43  ... thread 0: (1000,817000) ops and (943.4,9183.4) ops/second in (1.059981,88.964454) seconds
2026/05/26-11:50:43  ... thread 3: (2000,817000) ops and (1416.2,9171.1) ops/second in (1.412207,89.084261) seconds
2026/05/26-11:50:43  ... thread 1: (2000,793000) ops and (1229.9,8886.9) ops/second in (1.626116,89.232110) seconds
2026/05/26-11:50:44  ... thread 0: (2000,819000) ops and (1730.7,9087.9) ops/second in (1.155571,90.120025) seconds
2026/05/26-11:50:44  ... thread 2: (5000,861000) ops and (3073.0,9551.1) ops/second in (1.627092,90.146858) seconds
2026/05/26-11:50:44  ... thread 1: (2000,795000) ops and (1816.3,8800.7) ops/second in (1.101138,90.333248) seconds
2026/05/26-11:50:44  ... thread 3: (3000,820000) ops and (2392.5,9077.0) ops/second in (1.253904,90.338165) seconds
2026/05/26-11:50:45  ... thread 0: (31000,850000) ops and (30950.6,9328.2) ops/second in (1.001596,91.121621) seconds
2026/05/26-11:50:45  ... thread 2: (30000,891000) ops and (29987.3,9775.4) ops/second in (1.000423,91.147281) seconds
2026/05/26-11:50:45  ... thread 3: (28000,848000) ops and (27772.1,9283.3) ops/second in (1.008205,91.346370) seconds
2026/05/26-11:50:45  ... thread 1: (31000,826000) ops and (30497.1,9042.2) ops/second in (1.016490,91.349738) seconds
2026/05/26-11:50:46  ... thread 0: (29000,879000) ops and (28445.2,9539.7) ops/second in (1.019505,92.141126) seconds
2026/05/26-11:50:46  ... thread 2: (30000,921000) ops and (29688.5,9993.7) ops/second in (1.010492,92.157773) seconds
2026/05/26-11:50:47  ... thread 3: (29000,877000) ops and (22063.3,9464.6) ops/second in (1.314401,92.660771) seconds
2026/05/26-11:50:47  ... thread 1: (31000,857000) ops and (23316.2,9246.9) ops/second in (1.329547,92.679285) seconds
2026/05/26-11:50:47  ... thread 0: (5000,884000) ops and (3754.9,9457.3) ops/second in (1.331603,93.472729) seconds
2026/05/26-11:50:47  ... thread 2: (4000,925000) ops and (2932.2,9890.7) ops/second in (1.364157,93.521930) seconds
2026/05/26-11:50:48  ... thread 3: (2000,879000) ops and (1952.8,9382.5) ops/second in (1.024166,93.684937) seconds
2026/05/26-11:50:48  ... thread 1: (2000,859000) ops and (1464.8,9134.0) ops/second in (1.365407,94.044692) seconds
2026/05/26-11:50:49  ... thread 2: (2000,927000) ops and (1833.5,9797.8) ops/second in (1.090792,94.612722) seconds
2026/05/26-11:50:49  ... thread 0: (3000,887000) ops and (2061.4,9343.9) ops/second in (1.455293,94.928022) seconds
2026/05/26-11:50:49  ... thread 3: (3000,882000) ops and (1748.8,9245.2) ops/second in (1.715494,95.400431) seconds
2026/05/26-11:50:49  ... thread 1: (1000,860000) ops and (696.7,9007.1) ops/second in (1.435339,95.480031) seconds
2026/05/26-11:50:50  ... thread 2: (4000,931000) ops and (3280.5,9714.9) ops/second in (1.219338,95.832060) seconds
2026/05/26-11:50:50  ... thread 0: (2000,889000) ops and (1548.7,9239.3) ops/second in (1.291410,96.219432) seconds
2026/05/26-11:50:51  ... thread 1: (4000,864000) ops and (3362.0,8937.6) ops/second in (1.189776,96.669807) seconds
2026/05/26-11:50:51  ... thread 3: (2000,884000) ops and (1272.6,9116.0) ops/second in (1.571548,96.971979) seconds
2026/05/26-11:50:51  ... thread 2: (2000,933000) ops and (1582.7,9609.1) ops/second in (1.263673,97.095733) seconds
2026/05/26-11:50:52  ... thread 1: (3000,867000) ops and (2787.1,8869.9) ops/second in (1.076397,97.746204) seconds
2026/05/26-11:50:52  ... thread 0: (2000,891000) ops and (1049.3,9080.2) ops/second in (1.905973,98.125405) seconds
2026/05/26-11:50:52  ... thread 3: (2000,886000) ops and (1520.2,9014.4) ops/second in (1.315585,98.287564) seconds
2026/05/26-11:50:52  ... thread 2: (2000,935000) ops and (1581.5,9505.9) ops/second in (1.264654,98.360387) seconds
2026/05/26-11:50:53  ... thread 3: (3000,889000) ops and (2924.7,8951.5) ops/second in (1.025758,99.313322) seconds
2026/05/26-11:50:53  ... thread 1: (3000,870000) ops and (1700.6,8742.8) ops/second in (1.764055,99.510259) seconds
2026/05/26-11:50:53  ... thread 0: (3000,894000) ops and (2128.7,8981.8) ops/second in (1.409341,99.534746) seconds
2026/05/26-11:50:54  ... thread 2: (2000,937000) ops and (1129.6,9357.7) ops/second in (1.770602,100.130989) seconds
2026/05/26-11:50:54  ... thread 3: (2000,891000) ops and (1866.2,8875.8) ops/second in (1.071706,100.385028) seconds
2026/05/26-11:50:55  ... thread 1: (2000,872000) ops and (1773.2,8664.7) ops/second in (1.127874,100.638133) seconds
2026/05/26-11:50:55  ... thread 0: (2000,896000) ops and (1811.2,8903.1) ops/second in (1.104247,100.638993) seconds
2026/05/26-11:50:55  ... thread 2: (2000,939000) ops and (1593.3,9261.6) ops/second in (1.255236,101.386225) seconds
2026/05/26-11:50:56  ... thread 3: (3000,894000) ops and (2472.1,8799.3) ops/second in (1.213557,101.598585) seconds
2026/05/26-11:50:56  ... thread 1: (2000,874000) ops and (1733.5,8586.1) ops/second in (1.153759,101.791892) seconds
2026/05/26-11:50:56  ... thread 0: (2000,898000) ops and (1644.8,8816.5) ops/second in (1.215934,101.854927) seconds
2026/05/26-11:50:56  ... thread 2: (21000,960000) ops and (20560.5,9374.3) ops/second in (1.021375,102.407600) seconds
2026/05/26-11:50:57  ... thread 3: (31000,925000) ops and (30465.0,9014.2) ops/second in (1.017560,102.616145) seconds
2026/05/26-11:50:57  ... thread 1: (32000,906000) ops and (29793.7,8807.6) ops/second in (1.074051,102.865943) seconds
2026/05/26-11:50:57  ... thread 0: (27000,925000) ops and (26741.9,8992.4) ops/second in (1.009650,102.864577) seconds
2026/05/26-11:50:57  ... thread 2: (26000,986000) ops and (25549.7,9533.5) ops/second in (1.017624,103.425224) seconds
2026/05/26-11:50:58  ... thread 3: (26000,951000) ops and (25475.6,9176.3) ops/second in (1.020584,103.636729) seconds
2026/05/26-11:50:58  ... thread 1: (31000,937000) ops and (20159.8,8974.8) ops/second in (1.537717,104.403660) seconds
2026/05/26-11:50:58  ... thread 2: (16000,1002000) ops and (15798.0,9594.2) ops/second in (1.012786,104.438010) seconds
2026/05/26-11:50:59  ... thread 0: (31000,956000) ops and (16550.0,9127.6) ops/second in (1.873111,104.737688) seconds
2026/05/26-11:50:59  ... thread 3: (8000,959000) ops and (7212.1,9155.5) ops/second in (1.109243,104.745972) seconds
2026/05/26-11:51:00  ... thread 2: (2000,1004000) ops and (1587.3,9498.8) ops/second in (1.260037,105.698047) seconds
2026/05/26-11:51:00  ... thread 0: (2000,958000) ops and (1934.4,9057.3) ops/second in (1.033919,105.771607) seconds
2026/05/26-11:51:00  ... thread 1: (2000,939000) ops and (1424.6,8874.6) ops/second in (1.403913,105.807573) seconds
2026/05/26-11:51:00  ... thread 3: (2000,961000) ops and (1787.9,9077.6) ops/second in (1.118651,105.864623) seconds
2026/05/26-11:51:01  ... thread 3: (4000,965000) ops and (3631.1,9021.5) ops/second in (1.101586,106.966209) seconds
2026/05/26-11:51:01  ... thread 1: (2000,941000) ops and (1549.5,8786.3) ops/second in (1.290715,107.098288) seconds
2026/05/26-11:51:01  ... thread 0: (1000,959000) ops and (668.5,8940.3) ops/second in (1.495813,107.267420) seconds
2026/05/26-11:51:02  ... thread 2: (3000,1007000) ops and (1598.8,9361.0) ops/second in (1.876421,107.574468) seconds
2026/05/26-11:51:02  ... thread 1: (2000,943000) ops and (1887.9,8718.8) ops/second in (1.059388,108.157676) seconds
2026/05/26-11:51:02  ... thread 3: (3000,968000) ops and (2440.5,8946.8) ops/second in (1.229252,108.195461) seconds
2026/05/26-11:51:03  ... thread 0: (3000,962000) ops and (2295.6,8860.3) ops/second in (1.306854,108.574274) seconds
2026/05/26-11:51:03  ... thread 2: (3000,1010000) ops and (1862.0,9250.3) ops/second in (1.611139,109.185607) seconds
2026/05/26-11:51:04  ... thread 1: (3000,946000) ops and (2085.3,8631.7) ops/second in (1.438664,109.596340) seconds
2026/05/26-11:51:04  ... thread 3: (3000,971000) ops and (2024.5,8853.2) ops/second in (1.481814,109.677275) seconds
2026/05/26-11:51:04  ... thread 0: (2000,964000) ops and (1760.2,8786.8) ops/second in (1.136239,109.710513) seconds
2026/05/26-11:51:04  ... thread 2: (3000,1013000) ops and (2733.0,9185.4) ops/second in (1.097710,110.283317) seconds
2026/05/26-11:51:05  ... thread 0: (2000,966000) ops and (1566.1,8703.7) ops/second in (1.277093,110.987606) seconds
2026/05/26-11:51:05  ... thread 3: (2000,973000) ops and (1422.2,8759.2) ops/second in (1.406249,111.083524) seconds
2026/05/26-11:51:05  ... thread 1: (3000,949000) ops and (1890.0,8535.4) ops/second in (1.587273,111.183613) seconds
2026/05/26-11:51:06  ... thread 2: (3000,1016000) ops and (2386.6,9108.8) ops/second in (1.257026,111.540343) seconds
2026/05/26-11:51:06  ... thread 1: (2000,951000) ops and (1880.4,8472.4) ops/second in (1.063628,112.247241) seconds
2026/05/26-11:51:06  ... thread 0: (3000,969000) ops and (2335.9,8630.8) ops/second in (1.284297,112.271903) seconds
2026/05/26-11:51:06  ... thread 3: (3000,976000) ops and (2314.2,8684.8) ops/second in (1.296362,112.379886) seconds
2026/05/26-11:51:07  ... thread 2: (2000,1018000) ops and (1082.9,8978.1) ops/second in (1.846888,113.387231) seconds
2026/05/26-11:51:08  ... thread 0: (3000,972000) ops and (2303.1,8558.3) ops/second in (1.302587,113.574490) seconds
2026/05/26-11:51:08  ... thread 3: (2000,978000) ops and (1480.6,8599.3) ops/second in (1.350787,113.730673) seconds
2026/05/26-11:51:08  ... thread 1: (2000,953000) ops and (1081.4,8352.6) ops/second in (1.849396,114.096637) seconds
2026/05/26-11:51:08  ... thread 2: (2000,1020000) ops and (1853.5,8910.9) ops/second in (1.079036,114.466267) seconds
2026/05/26-11:51:09  ... thread 0: (5000,977000) ops and (4954.9,8526.5) ops/second in (1.009092,114.583582) seconds
2026/05/26-11:51:09  ... thread 3: (12000,990000) ops and (11908.1,8628.3) ops/second in (1.007721,114.738394) seconds
2026/05/26-11:51:09  ... thread 1: (22000,975000) ops and (21885.7,8470.8) ops/second in (1.005221,115.101858) seconds
2026/05/26-11:51:09  ... thread 2: (31000,1051000) ops and (30032.4,9099.7) ops/second in (1.032218,115.498485) seconds
2026/05/26-11:51:10  ... thread 0: (27000,1004000) ops and (26325.0,8684.4) ops/second in (1.025642,115.609224) seconds
2026/05/26-11:51:10  ... thread 3: (27000,1017000) ops and (26654.3,8786.1) ops/second in (1.012971,115.751365) seconds
2026/05/26-11:51:10  ... thread 1: (26000,1001000) ops and (25879.9,8621.4) ops/second in (1.004642,116.106500) seconds
2026/05/26-11:51:11  ... thread 0: (28000,1032000) ops and (22287.7,8830.7) ops/second in (1.256298,116.865522) seconds
2026/05/26-11:51:11  ... thread 3: (20000,1037000) ops and (14489.3,8853.3) ops/second in (1.380329,117.131694) seconds
2026/05/26-11:51:11  ... thread 2: (29000,1080000) ops and (16956.9,9214.3) ops/second in (1.710214,117.208699) seconds
2026/05/26-11:51:12  ... thread 1: (14000,1015000) ops and (8454.5,8619.0) ops/second in (1.655931,117.762431) seconds
2026/05/26-11:51:12  ... thread 3: (2000,1039000) ops and (1941.4,8793.0) ops/second in (1.030167,118.161861) seconds
2026/05/26-11:51:12  ... thread 2: (2000,1082000) ops and (1733.1,9141.4) ops/second in (1.153978,118.362677) seconds
2026/05/26-11:51:13  ... thread 0: (4000,1036000) ops and (2317.8,8735.9) ops/second in (1.725762,118.591284) seconds
2026/05/26-11:51:13  ... thread 1: (3000,1018000) ops and (1871.7,8528.4) ops/second in (1.602787,119.365218) seconds
2026/05/26-11:51:13  ... thread 3: (2000,1041000) ops and (1540.2,8714.2) ops/second in (1.298572,119.460433) seconds
2026/05/26-11:51:14  ... thread 0: (2000,1038000) ops and (1386.2,8647.5) ops/second in (1.442818,120.034102) seconds
2026/05/26-11:51:14  ... thread 1: (4000,1022000) ops and (3837.2,8487.8) ops/second in (1.042414,120.407632) seconds
2026/05/26-11:51:15  ... thread 2: (3000,1085000) ops and (1295.8,8990.9) ops/second in (2.315149,120.677826) seconds
2026/05/26-11:51:15  ... thread 3: (3000,1044000) ops and (1922.8,8626.6) ops/second in (1.560213,121.020646) seconds
2026/05/26-11:51:16  ... thread 0: (2000,1040000) ops and (1242.4,8549.5) ops/second in (1.609744,121.643846) seconds
2026/05/26-11:51:16  ... thread 2: (2000,1087000) ops and (1921.9,8930.4) ops/second in (1.040638,121.718464) seconds
2026/05/26-11:51:16  ... thread 1: (4000,1026000) ops and (2852.9,8423.0) ops/second in (1.402083,121.809715) seconds
2026/05/26-11:51:16  ... thread 3: (2000,1046000) ops and (1479.0,8547.6) ops/second in (1.352286,122.372932) seconds
2026/05/26-11:51:17  ... thread 1: (4000,1030000) ops and (3803.0,8383.4) ops/second in (1.051797,122.861512) seconds
2026/05/26-11:51:17  ... thread 2: (3000,1090000) ops and (2034.4,8847.9) ops/second in (1.474629,123.193093) seconds
2026/05/26-11:51:17  ... thread 3: (2000,1048000) ops and (1880.8,8490.2) ops/second in (1.063372,123.436304) seconds
2026/05/26-11:51:18  ... thread 0: (2000,1042000) ops and (1048.7,8433.8) ops/second in (1.907036,123.550882) seconds
2026/05/26-11:51:18  ... thread 1: (3000,1033000) ops and (2517.3,8327.1) ops/second in (1.191743,124.053255) seconds
2026/05/26-11:51:19  ... thread 2: (3000,1093000) ops and (2071.9,8769.2) ops/second in (1.447918,124.641011) seconds
2026/05/26-11:51:19  ... thread 3: (3000,1051000) ops and (2375.7,8428.3) ops/second in (1.262792,124.699096) seconds
2026/05/26-11:51:19  ... thread 0: (2000,1044000) ops and (1558.1,8363.1) ops/second in (1.283653,124.834535) seconds
2026/05/26-11:51:19  ... thread 1: (2000,1035000) ops and (1915.5,8273.6) ops/second in (1.044088,125.097343) seconds
2026/05/26-11:51:20  ... thread 2: (2000,1095000) ops and (1286.7,8677.0) ops/second in (1.554394,126.195405) seconds
2026/05/26-11:51:20  ... thread 0: (2000,1046000) ops and (1203.2,8269.0) ops/second in (1.662254,126.496789) seconds
2026/05/26-11:51:21  ... thread 1: (3000,1038000) ops and (1915.3,8194.9) ops/second in (1.566352,126.663695) seconds
2026/05/26-11:51:21  ... thread 3: (2000,1053000) ops and (984.4,8308.9) ops/second in (2.031753,126.730849) seconds
2026/05/26-11:51:21  ... thread 2: (11000,1106000) ops and (10977.0,8695.1) ops/second in (1.002098,127.197503) seconds
2026/05/26-11:51:21  ... thread 0: (25000,1071000) ops and (24607.5,8399.2) ops/second in (1.015952,127.512741) seconds
2026/05/26-11:51:22  ... thread 1: (27000,1065000) ops and (26761.0,8341.6) ops/second in (1.008930,127.672625) seconds
2026/05/26-11:51:22  ... thread 3: (29000,1082000) ops and (23123.5,8454.1) ops/second in (1.254134,127.984983) seconds
2026/05/26-11:51:22  ... thread 2: (47000,1153000) ops and (46054.7,8992.5) ops/second in (1.020525,128.218028) seconds
2026/05/26-11:51:22  ... thread 0: (19000,1090000) ops and (18678.4,8480.5) ops/second in (1.017217,128.529958) seconds
2026/05/26-11:51:23  ... thread 1: (22000,1087000) ops and (21494.2,8446.3) ops/second in (1.023533,128.696158) seconds
2026/05/26-11:51:23  ... thread 3: (25000,1107000) ops and (19769.1,8564.8) ops/second in (1.264603,129.249586) seconds
2026/05/26-11:51:23  ... thread 2: (18000,1171000) ops and (17310.7,9059.4) ops/second in (1.039820,129.257848) seconds
2026/05/26-11:51:24  ... thread 1: (10000,1097000) ops and (6818.7,8427.9) ops/second in (1.466562,130.162720) seconds
2026/05/26-11:51:24  ... thread 0: (12000,1102000) ops and (6686.4,8455.8) ops/second in (1.794680,130.324638) seconds
2026/05/26-11:51:24  ... thread 3: (2000,1109000) ops and (1616.1,8498.9) ops/second in (1.237585,130.487171) seconds
2026/05/26-11:51:25  ... thread 2: (3000,1174000) ops and (1902.1,8973.1) ops/second in (1.577180,130.835028) seconds
2026/05/26-11:51:25  ... thread 1: (2000,1099000) ops and (1760.6,8370.2) ops/second in (1.135959,131.298679) seconds
2026/05/26-11:51:26  ... thread 0: (1000,1103000) ops and (688.0,8370.1) ops/second in (1.453522,131.778160) seconds
2026/05/26-11:51:26  ... thread 3: (3000,1112000) ops and (1900.6,8420.1) ops/second in (1.578439,132.065610) seconds
2026/05/26-11:51:26  ... thread 2: (3000,1177000) ops and (2071.2,8897.6) ops/second in (1.448416,132.283444) seconds
2026/05/26-11:51:26  ... thread 1: (2000,1101000) ops and (1793.0,8314.8) ops/second in (1.115453,132.414132) seconds
2026/05/26-11:51:27  ... thread 0: (1000,1104000) ops and (633.4,8278.5) ops/second in (1.578696,133.356856) seconds
2026/05/26-11:51:27  ... thread 3: (6000,1118000) ops and (4528.7,8381.4) ops/second in (1.324883,133.390493) seconds
2026/05/26-11:51:28  ... thread 1: (1000,1102000) ops and (836.3,8247.9) ops/second in (1.195725,133.609857) seconds
2026/05/26-11:51:28  ... thread 2: (2000,1179000) ops and (1500.0,8823.7) ops/second in (1.333363,133.616807) seconds
2026/05/26-11:51:28  ... thread 3: (4000,1122000) ops and (3935.0,8347.8) ops/second in (1.016518,134.407011) seconds
2026/05/26-11:51:29  ... thread 2: (2000,1181000) ops and (1552.7,8754.3) ops/second in (1.288111,134.904918) seconds
2026/05/26-11:51:29  ... thread 1: (2000,1104000) ops and (1468.0,8179.5) ops/second in (1.362371,134.972228) seconds
2026/05/26-11:51:29  ... thread 0: (2000,1106000) ops and (1037.9,8175.4) ops/second in (1.927009,135.283865) seconds
2026/05/26-11:51:29  ... thread 3: (3000,1125000) ops and (2732.3,8302.3) ops/second in (1.097975,135.504986) seconds
2026/05/26-11:51:30  ... thread 1: (2000,1106000) ops and (1497.3,8114.0) ops/second in (1.335735,136.307963) seconds
2026/05/26-11:51:30  ... thread 2: (3000,1184000) ops and (2109.5,8685.0) ops/second in (1.422105,136.327023) seconds
2026/05/26-11:51:31  ... thread 3: (3000,1128000) ops and (2037.8,8235.0) ops/second in (1.472144,136.977130) seconds
2026/05/26-11:51:31  ... thread 0: (4000,1110000) ops and (1926.1,8080.9) ops/second in (2.076781,137.360646) seconds
2026/05/26-11:51:31  ... thread 2: (3000,1187000) ops and (2543.4,8632.3) ops/second in (1.179542,137.506565) seconds
2026/05/26-11:51:32  ... thread 1: (3000,1109000) ops and (2390.8,8061.8) ops/second in (1.254809,137.562772) seconds
2026/05/26-11:51:32  ... thread 0: (2000,1112000) ops and (1970.2,8036.1) ops/second in (1.015145,138.375791) seconds
2026/05/26-11:51:33  ... thread 2: (2000,1189000) ops and (1909.2,8581.5) ops/second in (1.047570,138.554135) seconds
2026/05/26-11:51:33  ... thread 0: (1000,1113000) ops and (882.3,7978.0) ops/second in (1.133418,139.509209) seconds
2026/05/26-11:51:34  ... thread 1: (2000,1111000) ops and (990.6,7959.5) ops/second in (2.019006,139.581778) seconds
2026/05/26-11:51:34  ... thread 3: (3000,1131000) ops and (1142.0,8101.5) ops/second in (2.626945,139.604075) seconds
2026/05/26-11:51:34  ... thread 2: (3000,1192000) ops and (1985.2,8510.3) ops/second in (1.511201,140.065336) seconds
2026/05/26-11:51:34  ... thread 0: (4000,1117000) ops and (3926.5,7948.6) ops/second in (1.018719,140.527928) seconds
2026/05/26-11:51:35  ... thread 1: (5000,1116000) ops and (4978.1,7938.2) ops/second in (1.004390,140.586168) seconds
2026/05/26-11:51:35  ... thread 3: (8000,1139000) ops and (7988.2,8100.7) ops/second in (1.001481,140.605556) seconds
2026/05/26-11:51:35  ... thread 2: (22000,1214000) ops and (21869.7,8605.6) ops/second in (1.005957,141.071293) seconds
2026/05/26-11:51:35  ... thread 0: (28000,1145000) ops and (27841.2,8089.9) ops/second in (1.005705,141.533633) seconds
2026/05/26-11:51:36  ... thread 1: (26000,1142000) ops and (25986.0,8065.7) ops/second in (1.000537,141.586705) seconds
2026/05/26-11:51:36  ... thread 3: (30000,1169000) ops and (29960.5,8255.2) ops/second in (1.001318,141.606874) seconds
2026/05/26-11:51:36  ... thread 2: (22000,1236000) ops and (21608.9,8698.7) ops/second in (1.018099,142.089392) seconds
2026/05/26-11:51:37  ... thread 3: (27000,1196000) ops and (22332.0,8374.4) ops/second in (1.209029,142.815903) seconds
2026/05/26-11:51:37  ... thread 1: (27000,1169000) ops and (20149.3,8179.0) ops/second in (1.339999,142.926704) seconds
2026/05/26-11:51:37  ... thread 0: (27000,1172000) ops and (18954.5,8198.2) ops/second in (1.424463,142.958096) seconds
2026/05/26-11:51:37  ... thread 2: (14000,1250000) ops and (9970.2,8711.2) ops/second in (1.404189,143.493581) seconds
2026/05/26-11:51:38  ... thread 3: (2000,1198000) ops and (1503.3,8311.0) ops/second in (1.330387,144.146290) seconds
2026/05/26-11:51:38  ... thread 1: (3000,1172000) ops and (2425.1,8129.6) ops/second in (1.237038,144.163742) seconds
2026/05/26-11:51:38  ... thread 0: (2000,1174000) ops and (1551.5,8138.8) ops/second in (1.289098,144.247194) seconds
2026/05/26-11:51:39  ... thread 3: (2000,1200000) ops and (1786.0,8260.7) ops/second in (1.119843,145.266133) seconds
2026/05/26-11:51:40  ... thread 0: (3000,1177000) ops and (2095.0,8079.4) ops/second in (1.432009,145.679203) seconds
2026/05/26-11:51:40  ... thread 1: (3000,1175000) ops and (1874.9,8061.0) ops/second in (1.600084,145.763826) seconds
2026/05/26-11:51:40  ... thread 3: (4000,1204000) ops and (3294.7,8219.5) ops/second in (1.214061,146.480194) seconds
2026/05/26-11:51:41  ... thread 0: (3000,1180000) ops and (2720.7,8039.1) ops/second in (1.102648,146.781851) seconds
2026/05/26-11:51:41  ... thread 1: (3000,1178000) ops and (2091.6,8002.8) ops/second in (1.434313,147.198139) seconds
2026/05/26-11:51:42  ... thread 3: (3000,1207000) ops and (2344.3,8168.7) ops/second in (1.279694,147.759888) seconds
2026/05/26-11:51:42  ... thread 0: (3000,1183000) ops and (2294.3,7988.4) ops/second in (1.307597,148.089448) seconds
2026/05/26-11:51:43  ... thread 1: (4000,1182000) ops and (2854.4,7954.3) ops/second in (1.401337,148.599476) seconds
2026/05/26-11:51:43  ... thread 3: (4000,1211000) ops and (3822.9,8138.1) ops/second in (1.046334,148.806222) seconds
2026/05/26-11:51:43  ... thread 0: (2000,1185000) ops and (1507.1,7930.9) ops/second in (1.327013,149.416461) seconds
2026/05/26-11:51:44  ... thread 1: (2000,1184000) ops and (1699.8,7905.1) ops/second in (1.176636,149.776112) seconds
2026/05/26-11:51:44  ... thread 3: (5000,1216000) ops and (4249.0,8107.6) ops/second in (1.176746,149.982968) seconds
2026/05/26-11:51:44  ... thread 0: (2000,1187000) ops and (1923.7,7889.3) ops/second in (1.039663,150.456124) seconds
2026/05/26-11:51:45  ... thread 1: (3000,1187000) ops and (2592.2,7864.4) ops/second in (1.157312,150.933424) seconds
2026/05/26-11:51:46  ... thread 0: (4000,1191000) ops and (3523.2,7856.6) ops/second in (1.135344,151.591468) seconds
2026/05/26-11:51:46  ... thread 3: (4000,1220000) ops and (2154.5,8034.8) ops/second in (1.856575,151.839543) seconds
2026/05/26-11:51:46  ... thread 1: (2000,1189000) ops and (1880.2,7822.5) ops/second in (1.063728,151.997152) seconds
2026/05/26-11:51:47  ... thread 0: (2000,1193000) ops and (1742.2,7810.7) ops/second in (1.147955,152.739423) seconds
2026/05/26-11:51:47  ... thread 1: (2000,1191000) ops and (1742.2,7776.9) ops/second in (1.147997,153.145149) seconds
2026/05/26-11:51:48  ... thread 3: (3000,1223000) ops and (1414.0,7943.6) ops/second in (2.121707,153.961250) seconds
2026/05/26-11:51:48  ... thread 1: (3000,1194000) ops and (2693.0,7740.2) ops/second in (1.113996,154.259145) seconds
2026/05/26-11:51:49  ... thread 3: (2000,1225000) ops and (1964.9,7904.3) ops/second in (1.017867,154.979117) seconds
2026/05/26-11:51:49  ... thread 0: (2000,1195000) ops and (808.5,7699.1) ops/second in (2.473645,155.213068) seconds
2026/05/26-11:51:50  ... thread 1: (3000,1197000) ops and (2095.5,7688.3) ops/second in (1.431616,155.690761) seconds
2026/05/26-11:51:50  ... thread 3: (15000,1240000) ops and (14841.4,7949.2) ops/second in (1.010683,155.989800) seconds
2026/05/26-11:51:50  ... thread 0: (22000,1217000) ops and (21038.6,7788.4) ops/second in (1.045697,156.258765) seconds
2026/05/26-11:51:51  ... thread 1: (46000,1243000) ops and (45056.4,7931.8) ops/second in (1.020942,156.711703) seconds
Initializing RocksDB Options from the specified file
Initializing RocksDB Options from command-line flags
Integrated BlobDB: blob cache disabled
Keys:       16 bytes each (+ 0 bytes user-defined timestamp)
Values:     1024 bytes each (512 bytes after compression)
Entries:    1250000
Prefix:    0 bytes
Keys per prefix:    0
RawSize:    1239.8 MB (estimated)
FileSize:   629.4 MB (estimated)
Write rate: 0 bytes/second
Read rate: 0 ops/second
Compression: Snappy
Compression sampling rate: 0
Memtablerep: SkipListFactory
Perf Level: 1
WARNING: Assertions are enabled; benchmarks unnecessarily slow
------------------------------------------------
Initializing RocksDB Options from the specified file
Initializing RocksDB Options from command-line flags
Integrated BlobDB: blob cache disabled
DB path: [/tmp/rocksdb_comp_exp_db]
fillrandom   :     122.677 micros/op 31885 ops/sec 156.811 seconds 5000000 operations;   31.6 MB/s
2026/05/26-11:51:53  ... thread 0: (1000,1000) ops and (413.9,413.9) ops/second in (2.416326,2.416326) seconds
2026/05/26-11:51:54  ... thread 3: (1000,1000) ops and (329.6,329.6) ops/second in (3.033572,3.033572) seconds
2026/05/26-11:51:54  ... thread 2: (1000,1000) ops and (326.2,326.2) ops/second in (3.065762,3.065762) seconds
2026/05/26-11:51:54  ... thread 1: (1000,1000) ops and (325.7,325.7) ops/second in (3.069992,3.069992) seconds
2026/05/26-11:51:56  ... thread 3: (1000,2000) ops and (415.6,367.7) ops/second in (2.405904,5.439476) seconds
2026/05/26-11:51:56  ... thread 0: (1000,2000) ops and (330.6,367.6) ops/second in (3.024457,5.440783) seconds
2026/05/26-11:51:56  ... thread 1: (1000,2000) ops and (418.4,366.3) ops/second in (2.390052,5.460044) seconds
2026/05/26-11:51:56  ... thread 2: (1000,2000) ops and (411.8,364.0) ops/second in (2.428624,5.494386) seconds
2026/05/26-11:51:58  ... thread 3: (2000,4000) ops and (1397.4,582.2) ops/second in (1.431184,6.870660) seconds
2026/05/26-11:51:58  ... thread 0: (2000,4000) ops and (1388.0,581.3) ops/second in (1.440885,6.881668) seconds
2026/05/26-11:51:58  ... thread 1: (2000,4000) ops and (1389.3,579.7) ops/second in (1.439568,6.899612) seconds
2026/05/26-11:51:58  ... thread 2: (2000,4000) ops and (1404.2,578.1) ops/second in (1.424306,6.918692) seconds
2026/05/26-11:51:59  ... thread 0: (3000,7000) ops and (2509.0,866.6) ops/second in (1.195703,8.077371) seconds
2026/05/26-11:51:59  ... thread 3: (3000,7000) ops and (2471.0,865.8) ops/second in (1.214063,8.084723) seconds
2026/05/26-11:51:59  ... thread 1: (3000,7000) ops and (2477.1,863.1) ops/second in (1.211095,8.110707) seconds
2026/05/26-11:51:59  ... thread 2: (3000,7000) ops and (2431.1,858.6) ops/second in (1.234027,8.152719) seconds
2026/05/26-11:52:00  ... thread 3: (4000,11000) ops and (3484.3,1191.4) ops/second in (1.147995,9.232718) seconds
2026/05/26-11:52:00  ... thread 0: (4000,11000) ops and (3405.2,1188.9) ops/second in (1.174672,9.252043) seconds
2026/05/26-11:52:00  ... thread 2: (4000,11000) ops and (3596.6,1187.3) ops/second in (1.112172,9.264891) seconds
2026/05/26-11:52:00  ... thread 1: (4000,11000) ops and (3363.1,1182.8) ops/second in (1.189379,9.300086) seconds
2026/05/26-11:52:01  ... thread 2: (5000,16000) ops and (4370.4,1537.1) ops/second in (1.144048,10.408939) seconds
2026/05/26-11:52:01  ... thread 3: (5000,16000) ops and (4154.8,1533.1) ops/second in (1.203416,10.436134) seconds
2026/05/26-11:52:01  ... thread 1: (5000,16000) ops and (4357.9,1531.5) ops/second in (1.147338,10.447424) seconds
2026/05/26-11:52:01  ... thread 0: (5000,16000) ops and (4145.9,1529.9) ops/second in (1.206024,10.458067) seconds
2026/05/26-11:52:02  ... thread 3: (5000,21000) ops and (4860.7,1831.7) ops/second in (1.028656,11.464790) seconds
2026/05/26-11:52:02  ... thread 1: (5000,21000) ops and (4861.4,1829.9) ops/second in (1.028505,11.475929) seconds
2026/05/26-11:52:02  ... thread 0: (5000,21000) ops and (4589.4,1818.6) ops/second in (1.089474,11.547541) seconds
2026/05/26-11:52:02  ... thread 2: (6000,22000) ops and (5040.2,1896.7) ops/second in (1.190437,11.599376) seconds
2026/05/26-11:52:03  ... thread 3: (5000,26000) ops and (4731.1,2076.4) ops/second in (1.056832,12.521622) seconds
2026/05/26-11:52:03  ... thread 1: (5000,26000) ops and (4759.6,2075.6) ops/second in (1.050516,12.526445) seconds
2026/05/26-11:52:03  ... thread 2: (5000,27000) ops and (4864.9,2138.2) ops/second in (1.027777,12.627153) seconds
2026/05/26-11:52:04  ... thread 0: (6000,27000) ops and (4994.4,2117.8) ops/second in (1.201349,12.748890) seconds
2026/05/26-11:52:04  ... thread 1: (6000,32000) ops and (5690.9,2356.3) ops/second in (1.054317,13.580762) seconds
2026/05/26-11:52:04  ... thread 3: (6000,32000) ops and (5564.7,2353.0) ops/second in (1.078232,13.599854) seconds
2026/05/26-11:52:04  ... thread 2: (6000,33000) ops and (5958.0,2420.4) ops/second in (1.007057,13.634210) seconds
2026/05/26-11:52:05  ... thread 0: (6000,33000) ops and (5844.0,2395.5) ops/second in (1.026690,13.775580) seconds
2026/05/26-11:52:05  ... thread 1: (7000,39000) ops and (6574.3,2662.9) ops/second in (1.064748,14.645510) seconds
2026/05/26-11:52:06  ... thread 3: (8000,40000) ops and (7021.3,2713.8) ops/second in (1.139387,14.739241) seconds
2026/05/26-11:52:06  ... thread 2: (7000,40000) ops and (6307.6,2713.0) ops/second in (1.109769,14.743979) seconds
2026/05/26-11:52:06  ... thread 0: (7000,40000) ops and (6958.6,2706.1) ops/second in (1.005945,14.781525) seconds
2026/05/26-11:52:06  ... thread 1: (7000,46000) ops and (6830.3,2935.5) ops/second in (1.024844,15.670354) seconds
2026/05/26-11:52:07  ... thread 2: (7000,47000) ops and (6936.4,2983.5) ops/second in (1.009170,15.753149) seconds
2026/05/26-11:52:07  ... thread 3: (8000,48000) ops and (7520.3,3037.4) ops/second in (1.063791,15.803032) seconds
2026/05/26-11:52:07  ... thread 0: (8000,48000) ops and (7429.0,3026.8) ops/second in (1.076868,15.858393) seconds
2026/05/26-11:52:07  ... thread 1: (8000,54000) ops and (7689.7,3231.5) ops/second in (1.040351,16.710705) seconds
2026/05/26-11:52:08  ... thread 2: (9000,56000) ops and (8428.2,3329.2) ops/second in (1.067847,16.820996) seconds
2026/05/26-11:52:08  ... thread 3: (9000,57000) ops and (8317.8,3375.8) ops/second in (1.082022,16.885054) seconds
2026/05/26-11:52:08  ... thread 0: (9000,57000) ops and (8209.4,3361.9) ops/second in (1.096307,16.954700) seconds
2026/05/26-11:52:09  ... thread 1: (10000,64000) ops and (9291.2,3598.1) ops/second in (1.076292,17.786997) seconds
2026/05/26-11:52:09  ... thread 2: (11000,67000) ops and (10868.2,3757.1) ops/second in (1.012130,17.833126) seconds
2026/05/26-11:52:09  ... thread 3: (12000,69000) ops and (11445.6,3847.6) ops/second in (1.048436,17.933490) seconds
2026/05/26-11:52:09  ... thread 0: (12000,69000) ops and (10993.0,3823.5) ops/second in (1.091604,18.046304) seconds
2026/05/26-11:52:10  ... thread 2: (15000,82000) ops and (14884.2,4352.2) ops/second in (1.007779,18.840905) seconds
2026/05/26-11:52:10  ... thread 1: (16000,80000) ops and (15129.7,4245.3) ops/second in (1.057520,18.844517) seconds
2026/05/26-11:52:10  ... thread 3: (15000,84000) ops and (14401.0,4426.9) ops/second in (1.041596,18.975086) seconds
2026/05/26-11:52:10  ... thread 0: (16000,85000) ops and (15434.1,4454.2) ops/second in (1.036663,19.082967) seconds
2026/05/26-11:52:11  ... thread 1: (15000,95000) ops and (14911.9,4785.8) ops/second in (1.005906,19.850423) seconds
2026/05/26-11:52:11  ... thread 2: (17000,99000) ops and (16505.7,4982.2) ops/second in (1.029949,19.870854) seconds
DB path: [/tmp/rocksdb_comp_exp_db]
readrandom   :     199.712 micros/op 19935 ops/sec 20.065 seconds 400000 operations;   19.4 MB/s (98193 of 100000 found)

STATISTICS:
rocksdb.block.cache.miss COUNT : 5229539
rocksdb.block.cache.hit COUNT : 165884
rocksdb.block.cache.add COUNT : 1440990
rocksdb.block.cache.add.failures COUNT : 0
rocksdb.block.cache.index.miss COUNT : 0
rocksdb.block.cache.index.hit COUNT : 0
rocksdb.block.cache.index.add COUNT : 0
rocksdb.block.cache.index.bytes.insert COUNT : 0
rocksdb.block.cache.filter.miss COUNT : 0
rocksdb.block.cache.filter.hit COUNT : 0
rocksdb.block.cache.filter.add COUNT : 0
rocksdb.block.cache.filter.bytes.insert COUNT : 0
rocksdb.block.cache.data.miss COUNT : 5229539
rocksdb.block.cache.data.hit COUNT : 165884
rocksdb.block.cache.data.add COUNT : 1440990
rocksdb.block.cache.data.bytes.insert COUNT : 6201996256
rocksdb.block.cache.bytes.read COUNT : 713964752
rocksdb.block.cache.bytes.write COUNT : 6201996256
rocksdb.block.cache.compression.dict.miss COUNT : 0
rocksdb.block.cache.compression.dict.hit COUNT : 0
rocksdb.block.cache.compression.dict.add COUNT : 0
rocksdb.block.cache.compression.dict.bytes.insert COUNT : 0
rocksdb.block.cache.add.redundant COUNT : 16
rocksdb.block.cache.index.add.redundant COUNT : 0
rocksdb.block.cache.filter.add.redundant COUNT : 0
rocksdb.block.cache.data.add.redundant COUNT : 16
rocksdb.block.cache.compression.dict.add.redundant COUNT : 0
rocksdb.secondary.cache.hits COUNT : 0
rocksdb.secondary.cache.filter.hits COUNT : 0
rocksdb.secondary.cache.index.hits COUNT : 0
rocksdb.secondary.cache.data.hits COUNT : 0
rocksdb.compressed.secondary.cache.dummy.hits COUNT : 0
rocksdb.compressed.secondary.cache.hits COUNT : 0
rocksdb.compressed.secondary.cache.promotions COUNT : 0
rocksdb.compressed.secondary.cache.promotion.skips COUNT : 0
rocksdb.bloom.filter.useful COUNT : 0
rocksdb.bloom.filter.full.positive COUNT : 0
rocksdb.bloom.filter.full.true.positive COUNT : 0
rocksdb.bloom.filter.prefix.checked COUNT : 0
rocksdb.bloom.filter.prefix.useful COUNT : 0
rocksdb.bloom.filter.prefix.true.positive COUNT : 0
rocksdb.persistent.cache.hit COUNT : 0
rocksdb.persistent.cache.miss COUNT : 0
rocksdb.sim.block.cache.hit COUNT : 0
rocksdb.sim.block.cache.miss COUNT : 0
rocksdb.memtable.hit COUNT : 9407
rocksdb.memtable.miss COUNT : 390593
rocksdb.l0.hit COUNT : 53961
rocksdb.l1.hit COUNT : 89853
rocksdb.l2andup.hit COUNT : 239537
rocksdb.compaction.key.drop.new COUNT : 3128983
rocksdb.compaction.key.drop.obsolete COUNT : 0
rocksdb.compaction.key.drop.range_del COUNT : 0
rocksdb.compaction.key.drop.user COUNT : 0
rocksdb.compaction.range_del.drop.obsolete COUNT : 0
rocksdb.compaction.optimized.del.drop.obsolete COUNT : 0
rocksdb.compaction.cancelled COUNT : 0
rocksdb.compaction.aborted COUNT : 0
rocksdb.number.keys.written COUNT : 5000000
rocksdb.number.keys.read COUNT : 400000
rocksdb.number.keys.updated COUNT : 0
rocksdb.bytes.written COUNT : 5278783512
rocksdb.bytes.read COUNT : 402184192
rocksdb.number.db.seek COUNT : 0
rocksdb.number.db.next COUNT : 0
rocksdb.number.db.prev COUNT : 0
rocksdb.number.db.seek.found COUNT : 0
rocksdb.number.db.next.found COUNT : 0
rocksdb.number.db.prev.found COUNT : 0
rocksdb.db.iter.bytes.read COUNT : 0
rocksdb.number.iter.skip COUNT : 0
rocksdb.number.reseeks.iteration COUNT : 0
rocksdb.num.iterator.created COUNT : 0
rocksdb.num.iterator.deleted COUNT : 0
rocksdb.no.file.opens COUNT : 208
rocksdb.no.file.errors COUNT : 0
rocksdb.stall.micros COUNT : 116013423
rocksdb.db.mutex.wait.micros COUNT : 0
rocksdb.number.multiget.get COUNT : 0
rocksdb.number.multiget.keys.read COUNT : 0
rocksdb.number.multiget.bytes.read COUNT : 0
rocksdb.number.multiget.keys.found COUNT : 0
rocksdb.number.merge.failures COUNT : 0
rocksdb.getupdatessince.calls COUNT : 0
rocksdb.wal.synced COUNT : 0
rocksdb.wal.bytes COUNT : 5278783512
rocksdb.write.self COUNT : 4898626
rocksdb.write.other COUNT : 101374
rocksdb.write.wal COUNT : 5000000
rocksdb.compact.read.bytes COUNT : 9252609175
rocksdb.compact.write.bytes COUNT : 7344962114
rocksdb.flush.write.bytes COUNT : 2966860181
rocksdb.compact.read.marked.bytes COUNT : 0
rocksdb.compact.read.periodic.bytes COUNT : 0
rocksdb.compact.read.ttl.bytes COUNT : 0
rocksdb.compact.write.marked.bytes COUNT : 0
rocksdb.compact.write.periodic.bytes COUNT : 0
rocksdb.compact.write.ttl.bytes COUNT : 0
rocksdb.number.direct.load.table.properties COUNT : 0
rocksdb.number.superversion_acquires COUNT : 20
rocksdb.number.superversion_releases COUNT : 16
rocksdb.number.superversion_cleanups COUNT : 4
rocksdb.number.block.compressed COUNT : 4219197
rocksdb.number.block.decompressed COUNT : 5229744
rocksdb.bytes.compressed.from COUNT : 17782747998
rocksdb.bytes.compressed.to COUNT : 10290453648
rocksdb.bytes.compression_bypassed COUNT : 0
rocksdb.bytes.compression.rejected COUNT : 42
rocksdb.number.block_compression_bypassed COUNT : 0
rocksdb.number.block_compression_rejected COUNT : 3
rocksdb.bytes.decompressed.from COUNT : 12746419760
rocksdb.bytes.decompressed.to COUNT : 22022289863
rocksdb.merge.operation.time.nanos COUNT : 0
rocksdb.filter.operation.time.nanos COUNT : 0
rocksdb.compaction.total.time.cpu_micros COUNT : 50895747
rocksdb.row.cache.hit COUNT : 0
rocksdb.row.cache.miss COUNT : 0
rocksdb.read.amp.estimate.useful.bytes COUNT : 0
rocksdb.read.amp.total.read.bytes COUNT : 0
rocksdb.number.rate_limiter.drains COUNT : 0
rocksdb.blobdb.num.put COUNT : 0
rocksdb.blobdb.num.write COUNT : 0
rocksdb.blobdb.num.get COUNT : 0
rocksdb.blobdb.num.multiget COUNT : 0
rocksdb.blobdb.num.seek COUNT : 0
rocksdb.blobdb.num.next COUNT : 0
rocksdb.blobdb.num.prev COUNT : 0
rocksdb.blobdb.num.keys.written COUNT : 0
rocksdb.blobdb.num.keys.read COUNT : 0
rocksdb.blobdb.bytes.written COUNT : 0
rocksdb.blobdb.bytes.read COUNT : 0
rocksdb.blobdb.write.inlined COUNT : 0
rocksdb.blobdb.write.inlined.ttl COUNT : 0
rocksdb.blobdb.write.blob COUNT : 0
rocksdb.blobdb.write.blob.ttl COUNT : 0
rocksdb.blobdb.blob.file.bytes.written COUNT : 0
rocksdb.blobdb.blob.file.bytes.read COUNT : 0
rocksdb.blobdb.blob.file.synced COUNT : 0
rocksdb.blobdb.blob.index.expired.count COUNT : 0
rocksdb.blobdb.blob.index.expired.size COUNT : 0
rocksdb.blobdb.blob.index.evicted.count COUNT : 0
rocksdb.blobdb.blob.index.evicted.size COUNT : 0
rocksdb.blobdb.gc.num.files COUNT : 0
rocksdb.blobdb.gc.num.new.files COUNT : 0
rocksdb.blobdb.gc.failures COUNT : 0
rocksdb.blobdb.gc.num.keys.relocated COUNT : 0
rocksdb.blobdb.gc.bytes.relocated COUNT : 0
rocksdb.blobdb.fifo.num.files.evicted COUNT : 0
rocksdb.blobdb.fifo.num.keys.evicted COUNT : 0
rocksdb.blobdb.fifo.bytes.evicted COUNT : 0
rocksdb.blobdb.cache.miss COUNT : 0
rocksdb.blobdb.cache.hit COUNT : 0
rocksdb.blobdb.cache.add COUNT : 0
rocksdb.blobdb.cache.add.failures COUNT : 0
rocksdb.blobdb.cache.bytes.read COUNT : 0
rocksdb.blobdb.cache.bytes.write COUNT : 0
rocksdb.txn.overhead.mutex.prepare COUNT : 0
rocksdb.txn.overhead.mutex.old.commit.map COUNT : 0
rocksdb.txn.overhead.duplicate.key COUNT : 0
rocksdb.txn.overhead.mutex.snapshot COUNT : 0
rocksdb.txn.get.tryagain COUNT : 0
rocksdb.files.marked.trash COUNT : 0
rocksdb.files.marked.trash.deleted COUNT : 0
rocksdb.files.deleted.immediately COUNT : 262
rocksdb.error.handler.bg.error.count COUNT : 0
rocksdb.error.handler.bg.io.error.count COUNT : 0
rocksdb.error.handler.bg.retryable.io.error.count COUNT : 0
rocksdb.error.handler.autoresume.count COUNT : 0
rocksdb.error.handler.autoresume.retry.total.count COUNT : 0
rocksdb.error.handler.autoresume.success.count COUNT : 0
rocksdb.memtable.payload.bytes.at.flush COUNT : 5208927848
rocksdb.memtable.garbage.bytes.at.flush COUNT : 127707184
rocksdb.verify_checksum.read.bytes COUNT : 0
rocksdb.backup.read.bytes COUNT : 0
rocksdb.backup.write.bytes COUNT : 0
rocksdb.remote.compact.read.bytes COUNT : 0
rocksdb.remote.compact.write.bytes COUNT : 0
rocksdb.remote.compact.resumed.bytes COUNT : 0
rocksdb.hot.file.read.bytes COUNT : 0
rocksdb.warm.file.read.bytes COUNT : 0
rocksdb.cool.file.read.bytes COUNT : 0
rocksdb.cold.file.read.bytes COUNT : 0
rocksdb.ice.file.read.bytes COUNT : 0
rocksdb.hot.file.read.count COUNT : 0
rocksdb.warm.file.read.count COUNT : 0
rocksdb.cool.file.read.count COUNT : 0
rocksdb.cold.file.read.count COUNT : 0
rocksdb.ice.file.read.count COUNT : 0
rocksdb.last.level.read.bytes COUNT : 0
rocksdb.last.level.read.count COUNT : 0
rocksdb.non.last.level.read.bytes COUNT : 12772829707
rocksdb.non.last.level.read.count COUNT : 5230371
rocksdb.last.level.seek.filtered COUNT : 0
rocksdb.last.level.seek.filter.match COUNT : 0
rocksdb.last.level.seek.data COUNT : 0
rocksdb.last.level.seek.data.useful.no.filter COUNT : 0
rocksdb.last.level.seek.data.useful.filter.match COUNT : 0
rocksdb.non.last.level.seek.filtered COUNT : 0
rocksdb.non.last.level.seek.filter.match COUNT : 0
rocksdb.non.last.level.seek.data COUNT : 0
rocksdb.non.last.level.seek.data.useful.no.filter COUNT : 0
rocksdb.non.last.level.seek.data.useful.filter.match COUNT : 0
rocksdb.block.checksum.compute.count COUNT : 5229955
rocksdb.block.checksum.mismatch.count COUNT : 0
rocksdb.multiget.coroutine.count COUNT : 0
rocksdb.read.async.micros COUNT : 0
rocksdb.async.read.error.count COUNT : 0
rocksdb.table.open.prefetch.tail.miss COUNT : 0
rocksdb.table.open.prefetch.tail.hit COUNT : 0
rocksdb.timestamp.filter.table.checked COUNT : 0
rocksdb.timestamp.filter.table.filtered COUNT : 0
rocksdb.readahead.trimmed COUNT : 0
rocksdb.fifo.max.size.compactions COUNT : 0
rocksdb.fifo.ttl.compactions COUNT : 0
rocksdb.fifo.change_temperature.compactions COUNT : 0
rocksdb.prefetch.bytes COUNT : 0
rocksdb.prefetch.bytes.useful COUNT : 0
rocksdb.prefetch.hits COUNT : 0
rocksdb.footer.corruption.count COUNT : 0
rocksdb.file.read.corruption.retry.count COUNT : 0
rocksdb.file.read.corruption.retry.success.count COUNT : 0
rocksdb.number.wbwi.ingest COUNT : 0
rocksdb.sst.user.defined.index.load.fail.count COUNT : 0
rocksdb.multiscan.prepare.calls COUNT : 0
rocksdb.multiscan.prepare.errors COUNT : 0
rocksdb.multiscan.blocks.prefetched COUNT : 0
rocksdb.multiscan.blocks.from.cache COUNT : 0
rocksdb.multiscan.prefetch.bytes COUNT : 0
rocksdb.multiscan.prefetch.blocks.wasted COUNT : 0
rocksdb.multiscan.io.requests COUNT : 0
rocksdb.multiscan.io.coalesced.nonadjacent COUNT : 0
rocksdb.multiscan.seek.errors COUNT : 0
rocksdb.prefetch.memory.bytes.granted COUNT : 0
rocksdb.prefetch.memory.bytes.released COUNT : 0
rocksdb.prefetch.memory.requests.blocked COUNT : 0
rocksdb.read.path.range.tombstones.inserted COUNT : 0
rocksdb.read.path.range.tombstones.discarded COUNT : 0
rocksdb.file.open.metadata.retrieved COUNT : 0
rocksdb.file.open.metadata.passed COUNT : 0
rocksdb.manifest.validation.failure.count COUNT : 0
rocksdb.db.get.micros P50 : 37.414968 P95 : 1355.280279 P99 : 2391.011236 P100 : 596732.000000 COUNT : 400000 SUM : 79683936
rocksdb.db.write.micros P50 : 5.597420 P95 : 48.244406 P99 : 1699.432423 P100 : 1186932.000000 COUNT : 5000000 SUM : 609230322
rocksdb.compaction.times.micros P50 : 4469230.769231 P95 : 8372763.000000 P99 : 8372763.000000 P100 : 8372763.000000 COUNT : 36 SUM : 155349216
rocksdb.compaction.times.cpu_micros P50 : 1200000.000000 P95 : 2969269.000000 P99 : 2969269.000000 P100 : 2969269.000000 COUNT : 36 SUM : 50895747
rocksdb.subcompaction.setup.times.micros P50 : 0.000000 P95 : 0.000000 P99 : 0.000000 P100 : 0.000000 COUNT : 0 SUM : 0
rocksdb.table.sync.micros P50 : 351960.784314 P95 : 1127142.857143 P99 : 1278138.000000 P100 : 1278138.000000 COUNT : 80 SUM : 40924758
rocksdb.compaction.outfile.sync.micros P50 : 596363.636364 P95 : 1058769.230769 P99 : 1192676.923077 P100 : 1209733.000000 COUNT : 128 SUM : 70822292
rocksdb.wal.file.sync.micros P50 : 0.000000 P95 : 0.000000 P99 : 0.000000 P100 : 0.000000 COUNT : 0 SUM : 0
rocksdb.manifest.file.sync.micros P50 : 5500.000000 P95 : 13912.142857 P99 : 101950.000000 P100 : 498335.000000 COUNT : 123 SUM : 1297132
rocksdb.table.open.io.micros P50 : 723.066667 P95 : 3500.000000 P99 : 6260.571429 P100 : 6836.000000 COUNT : 208 SUM : 205447
rocksdb.db.multiget.micros P50 : 0.000000 P95 : 0.000000 P99 : 0.000000 P100 : 0.000000 COUNT : 0 SUM : 0
rocksdb.read.block.compaction.micros P50 : 3.207679 P95 : 4.514430 P99 : 9.578513 P100 : 480976.000000 COUNT : 3788549 SUM : 44845074
rocksdb.read.block.get.micros P50 : 5.839239 P95 : 14.107523 P99 : 1477.928248 P100 : 575343.000000 COUNT : 1441198 SUM : 73382892
rocksdb.write.raw.block.micros P50 : 0.523307 P95 : 0.994283 P99 : 2.105994 P100 : 24023.000000 COUNT : 4219616 SUM : 10539140
rocksdb.numfiles.in.singlecompaction P50 : 2.916667 P95 : 11.000000 P99 : 11.000000 P100 : 11.000000 COUNT : 39 SUM : 191
rocksdb.db.seek.micros P50 : 0.000000 P95 : 0.000000 P99 : 0.000000 P100 : 0.000000 COUNT : 0 SUM : 0
rocksdb.db.write.stall P50 : 1111.428990 P95 : 2420.224159 P99 : 2820.981320 P100 : 1183927.000000 COUNT : 80452 SUM : 116013423
rocksdb.sst.read.micros P50 : 0.769491 P95 : 2.483250 P99 : 8.650499 P100 : 575320.000000 COUNT : 5230371 SUM : 98684496
rocksdb.file.read.flush.micros P50 : 3.888889 P95 : 67.000000 P99 : 1214.000000 P100 : 2014.000000 COUNT : 320 SUM : 11273
rocksdb.file.read.compaction.micros P50 : 0.635768 P95 : 1.826212 P99 : 2.730036 P100 : 480947.000000 COUNT : 3789061 SUM : 34120753
rocksdb.file.read.db.open.micros P50 : 0.000000 P95 : 0.000000 P99 : 0.000000 P100 : 0.000000 COUNT : 0 SUM : 0
rocksdb.file.read.get.micros P50 : 0.000000 P95 : 0.000000 P99 : 0.000000 P100 : 0.000000 COUNT : 0 SUM : 0
rocksdb.file.read.multiget.micros P50 : 0.000000 P95 : 0.000000 P99 : 0.000000 P100 : 0.000000 COUNT : 0 SUM : 0
rocksdb.file.read.db.iterator.micros P50 : 0.000000 P95 : 0.000000 P99 : 0.000000 P100 : 0.000000 COUNT : 0 SUM : 0
rocksdb.file.read.verify.db.checksum.micros P50 : 0.000000 P95 : 0.000000 P99 : 0.000000 P100 : 0.000000 COUNT : 0 SUM : 0
rocksdb.file.read.verify.file.checksums.micros P50 : 0.000000 P95 : 0.000000 P99 : 0.000000 P100 : 0.000000 COUNT : 0 SUM : 0
rocksdb.sst.write.micros P50 : 0.501503 P95 : 0.952856 P99 : 0.992976 P100 : 24013.000000 COUNT : 8439440 SUM : 8398610
rocksdb.file.write.flush.micros P50 : 0.501540 P95 : 0.952926 P99 : 0.993049 P100 : 8521.000000 COUNT : 2424862 SUM : 2693467
rocksdb.file.write.compaction.micros P50 : 0.501488 P95 : 0.952827 P99 : 0.992947 P100 : 24013.000000 COUNT : 6014578 SUM : 5705143
rocksdb.file.write.db.open.micros P50 : 0.000000 P95 : 0.000000 P99 : 0.000000 P100 : 0.000000 COUNT : 0 SUM : 0
rocksdb.num.subcompactions.scheduled P50 : 0.000000 P95 : 0.000000 P99 : 0.000000 P100 : 0.000000 COUNT : 0 SUM : 0
rocksdb.bytes.per.read P50 : 1024.000000 P95 : 1024.000000 P99 : 1024.000000 P100 : 1024.000000 COUNT : 400000 SUM : 402184192
rocksdb.bytes.per.write P50 : 1087.372420 P95 : 1283.007598 P99 : 2105.674521 P100 : 4188.000000 COUNT : 4898626 SUM : 5278783512
rocksdb.bytes.per.multiget P50 : 0.000000 P95 : 0.000000 P99 : 0.000000 P100 : 0.000000 COUNT : 0 SUM : 0
rocksdb.compression.times.nanos P50 : 0.000000 P95 : 0.000000 P99 : 0.000000 P100 : 0.000000 COUNT : 0 SUM : 0
rocksdb.decompression.times.nanos P50 : 0.000000 P95 : 0.000000 P99 : 0.000000 P100 : 0.000000 COUNT : 0 SUM : 0
rocksdb.read.num.merge_operands P50 : 0.000000 P95 : 0.000000 P99 : 0.000000 P100 : 0.000000 COUNT : 0 SUM : 0
rocksdb.blobdb.key.size P50 : 0.000000 P95 : 0.000000 P99 : 0.000000 P100 : 0.000000 COUNT : 0 SUM : 0
rocksdb.blobdb.value.size P50 : 0.000000 P95 : 0.000000 P99 : 0.000000 P100 : 0.000000 COUNT : 0 SUM : 0
rocksdb.blobdb.write.micros P50 : 0.000000 P95 : 0.000000 P99 : 0.000000 P100 : 0.000000 COUNT : 0 SUM : 0
rocksdb.blobdb.get.micros P50 : 0.000000 P95 : 0.000000 P99 : 0.000000 P100 : 0.000000 COUNT : 0 SUM : 0
rocksdb.blobdb.multiget.micros P50 : 0.000000 P95 : 0.000000 P99 : 0.000000 P100 : 0.000000 COUNT : 0 SUM : 0
rocksdb.blobdb.seek.micros P50 : 0.000000 P95 : 0.000000 P99 : 0.000000 P100 : 0.000000 COUNT : 0 SUM : 0
rocksdb.blobdb.next.micros P50 : 0.000000 P95 : 0.000000 P99 : 0.000000 P100 : 0.000000 COUNT : 0 SUM : 0
rocksdb.blobdb.prev.micros P50 : 0.000000 P95 : 0.000000 P99 : 0.000000 P100 : 0.000000 COUNT : 0 SUM : 0
rocksdb.blobdb.blob.file.write.micros P50 : 0.000000 P95 : 0.000000 P99 : 0.000000 P100 : 0.000000 COUNT : 0 SUM : 0
rocksdb.blobdb.blob.file.read.micros P50 : 0.000000 P95 : 0.000000 P99 : 0.000000 P100 : 0.000000 COUNT : 0 SUM : 0
rocksdb.blobdb.blob.file.sync.micros P50 : 0.000000 P95 : 0.000000 P99 : 0.000000 P100 : 0.000000 COUNT : 0 SUM : 0
rocksdb.blobdb.compression.micros P50 : 0.000000 P95 : 0.000000 P99 : 0.000000 P100 : 0.000000 COUNT : 0 SUM : 0
rocksdb.blobdb.decompression.micros P50 : 0.000000 P95 : 0.000000 P99 : 0.000000 P100 : 0.000000 COUNT : 0 SUM : 0
rocksdb.db.flush.micros P50 : 560952.380952 P95 : 1200000.000000 P99 : 1575084.000000 P100 : 1575084.000000 COUNT : 80 SUM : 56513338
rocksdb.sst.batch.size P50 : 0.000000 P95 : 0.000000 P99 : 0.000000 P100 : 0.000000 COUNT : 0 SUM : 0
rocksdb.multiget.io.batch.size P50 : 0.000000 P95 : 0.000000 P99 : 0.000000 P100 : 0.000000 COUNT : 0 SUM : 0
rocksdb.num.index.and.filter.blocks.read.per.level P50 : 0.000000 P95 : 0.000000 P99 : 0.000000 P100 : 0.000000 COUNT : 0 SUM : 0
rocksdb.num.sst.read.per.level P50 : 0.000000 P95 : 0.000000 P99 : 0.000000 P100 : 0.000000 COUNT : 0 SUM : 0
rocksdb.num.level.read.per.multiget P50 : 0.000000 P95 : 0.000000 P99 : 0.000000 P100 : 0.000000 COUNT : 0 SUM : 0
rocksdb.error.handler.autoresume.retry.count P50 : 0.000000 P95 : 0.000000 P99 : 0.000000 P100 : 0.000000 COUNT : 0 SUM : 0
rocksdb.async.read.bytes P50 : 0.000000 P95 : 0.000000 P99 : 0.000000 P100 : 0.000000 COUNT : 0 SUM : 0
rocksdb.poll.wait.micros P50 : 0.000000 P95 : 0.000000 P99 : 0.000000 P100 : 0.000000 COUNT : 0 SUM : 0
rocksdb.compaction.prefetch.bytes P50 : 0.000000 P95 : 0.000000 P99 : 0.000000 P100 : 0.000000 COUNT : 0 SUM : 0
rocksdb.prefetched.bytes.discarded P50 : 0.000000 P95 : 0.000000 P99 : 0.000000 P100 : 0.000000 COUNT : 0 SUM : 0
rocksdb.async.prefetch.abort.micros P50 : 0.000000 P95 : 0.000000 P99 : 0.000000 P100 : 0.000000 COUNT : 0 SUM : 0
rocksdb.table.open.prefetch.tail.read.bytes P50 : 0.000000 P95 : 0.000000 P99 : 0.000000 P100 : 0.000000 COUNT : 0 SUM : 0
rocksdb.num.op.per.transaction P50 : 0.000000 P95 : 0.000000 P99 : 0.000000 P100 : 0.000000 COUNT : 0 SUM : 0
rocksdb.multiscan.op.prepare.iterators.micros P50 : 0.000000 P95 : 0.000000 P99 : 0.000000 P100 : 0.000000 COUNT : 0 SUM : 0
rocksdb.multiscan.prepare.micros P50 : 0.000000 P95 : 0.000000 P99 : 0.000000 P100 : 0.000000 COUNT : 0 SUM : 0
rocksdb.multiscan.blocks.per.prepare P50 : 0.000000 P95 : 0.000000 P99 : 0.000000 P100 : 0.000000 COUNT : 0 SUM : 0
rocksdb.block.key.distribution.cv P50 : 0.000000 P95 : 0.000000 P99 : 0.000000 P100 : 0.000000 COUNT : 0 SUM : 0

[EXPERIMENT_COMPLETED]
