RocksDB:    version 11.3.0
Date:       Tue May 26 11:43:25 2026
CPU:        2 * Intel Xeon Processor (SapphireRapids)
CPUCache:   16384 KB
2026/05/26-11:43:26  ... thread 0: (44000,44000) ops and (43901.1,43901.1) ops/second in (1.002253,1.002253) seconds
2026/05/26-11:43:26  ... thread 2: (41000,41000) ops and (40591.0,40591.0) ops/second in (1.010075,1.010075) seconds
2026/05/26-11:43:26  ... thread 3: (44000,44000) ops and (43387.8,43387.8) ops/second in (1.014109,1.014109) seconds
2026/05/26-11:43:26  ... thread 1: (41000,41000) ops and (40454.3,40454.3) ops/second in (1.013489,1.013489) seconds
2026/05/26-11:43:27  ... thread 3: (34000,78000) ops and (30551.3,36671.5) ops/second in (1.112881,2.126990) seconds
2026/05/26-11:43:27  ... thread 2: (33000,74000) ops and (24417.7,31335.3) ops/second in (1.351476,2.361551) seconds
2026/05/26-11:43:27  ... thread 0: (35000,79000) ops and (23962.7,32076.6) ops/second in (1.460604,2.462857) seconds
2026/05/26-11:43:27  ... thread 1: (31000,72000) ops and (20695.7,28669.4) ops/second in (1.497897,2.511386) seconds
2026/05/26-11:43:28  ... thread 3: (2000,80000) ops and (1988.2,25535.3) ops/second in (1.005928,3.132918) seconds
2026/05/26-11:43:28  ... thread 1: (2000,74000) ops and (1797.2,20418.2) ops/second in (1.112840,3.624226) seconds
2026/05/26-11:43:29  ... thread 2: (2000,76000) ops and (1297.7,19473.6) ops/second in (1.541171,3.902722) seconds
2026/05/26-11:43:29  ... thread 0: (2000,81000) ops and (1307.8,20290.0) ops/second in (1.529267,3.992124) seconds
2026/05/26-11:43:29  ... thread 3: (10000,90000) ops and (9886.2,21715.9) ops/second in (1.011509,4.144427) seconds
2026/05/26-11:43:29  ... thread 1: (38000,112000) ops and (35512.4,23858.8) ops/second in (1.070049,4.694275) seconds
2026/05/26-11:43:30  ... thread 2: (38000,114000) ops and (37536.9,23194.0) ops/second in (1.012336,4.915058) seconds
2026/05/26-11:43:30  ... thread 0: (39000,120000) ops and (34235.4,23385.9) ops/second in (1.139172,5.131296) seconds
2026/05/26-11:43:30  ... thread 3: (37000,127000) ops and (36785.3,24658.9) ops/second in (1.005836,5.150263) seconds
2026/05/26-11:43:34  ... thread 0: (13000,133000) ops and (3407.2,14865.8) ops/second in (3.815406,8.946702) seconds
2026/05/26-11:43:34  ... thread 2: (19000,133000) ops and (4703.1,14852.2) ops/second in (4.039847,8.954905) seconds
2026/05/26-11:43:34  ... thread 3: (16000,143000) ops and (4204.8,15968.0) ops/second in (3.805133,8.955396) seconds
2026/05/26-11:43:34  ... thread 1: (30000,142000) ops and (7035.1,15850.6) ops/second in (4.264351,8.958626) seconds
2026/05/26-11:43:35  ... thread 2: (47000,180000) ops and (46880.7,18076.9) ops/second in (1.002544,9.957449) seconds
2026/05/26-11:43:35  ... thread 3: (32000,175000) ops and (31759.2,17565.0) ops/second in (1.007581,9.962977) seconds
2026/05/26-11:43:35  ... thread 0: (37000,170000) ops and (36423.7,17064.0) ops/second in (1.015821,9.962523) seconds
2026/05/26-11:43:35  ... thread 1: (35000,177000) ops and (34490.1,17747.2) ops/second in (1.014783,9.973409) seconds
2026/05/26-11:43:41  ... thread 2: (21000,201000) ops and (3403.0,12462.4) ops/second in (6.171005,16.128454) seconds
2026/05/26-11:43:41  ... thread 1: (24000,201000) ops and (3899.2,12462.4) ops/second in (6.155041,16.128450) seconds
2026/05/26-11:43:41  ... thread 3: (25000,200000) ops and (4053.0,12398.3) ops/second in (6.168254,16.131231) seconds
2026/05/26-11:43:41  ... thread 0: (29000,199000) ops and (4690.3,12325.4) ops/second in (6.183027,16.145550) seconds
2026/05/26-11:43:42  ... thread 3: (40000,240000) ops and (39745.2,14004.3) ops/second in (1.006411,17.137642) seconds
2026/05/26-11:43:42  ... thread 2: (45000,246000) ops and (44148.1,14345.9) ops/second in (1.019296,17.147750) seconds
2026/05/26-11:43:42  ... thread 1: (39000,240000) ops and (38271.2,13996.2) ops/second in (1.019043,17.147493) seconds
2026/05/26-11:43:42  ... thread 0: (44000,243000) ops and (43132.8,14156.2) ops/second in (1.020106,17.165656) seconds
2026/05/26-11:43:43  ... thread 0: (16000,259000) ops and (13725.2,14128.8) ops/second in (1.165740,18.331396) seconds
2026/05/26-11:43:43  ... thread 3: (25000,265000) ops and (19668.6,14395.4) ops/second in (1.271060,18.408702) seconds
2026/05/26-11:43:43  ... thread 2: (16000,262000) ops and (12066.8,14182.3) ops/second in (1.325950,18.473700) seconds
2026/05/26-11:43:44  ... thread 1: (26000,266000) ops and (13321.6,13927.3) ops/second in (1.951712,19.099205) seconds
2026/05/26-11:43:44  ... thread 2: (2000,264000) ops and (1758.3,13461.7) ops/second in (1.137479,19.611179) seconds
2026/05/26-11:43:44  ... thread 0: (2000,261000) ops and (1536.3,13293.8) ops/second in (1.301824,19.633220) seconds
2026/05/26-11:43:45  ... thread 1: (1000,267000) ops and (781.8,13102.2) ops/second in (1.279078,20.378283) seconds
2026/05/26-11:43:45  ... thread 3: (3000,268000) ops and (1348.7,12988.8) ops/second in (2.224420,20.633122) seconds
2026/05/26-11:43:46  ... thread 2: (1000,265000) ops and (684.5,12575.9) ops/second in (1.460912,21.072091) seconds
2026/05/26-11:43:46  ... thread 0: (3000,264000) ops and (2009.7,12496.4) ops/second in (1.492786,21.126006) seconds
2026/05/26-11:43:46  ... thread 1: (12000,279000) ops and (11606.0,13029.9) ops/second in (1.033949,21.412232) seconds
2026/05/26-11:43:46  ... thread 3: (28000,296000) ops and (27601.2,13673.6) ops/second in (1.014450,21.647572) seconds
2026/05/26-11:43:47  ... thread 2: (39000,304000) ops and (38341.9,13762.3) ops/second in (1.017165,22.089256) seconds
2026/05/26-11:43:47  ... thread 0: (42000,306000) ops and (35209.5,13710.4) ops/second in (1.192859,22.318865) seconds
2026/05/26-11:43:47  ... thread 1: (35000,314000) ops and (34472.9,14000.7) ops/second in (1.015289,22.427521) seconds
2026/05/26-11:43:47  ... thread 3: (31000,327000) ops and (30801.7,14434.5) ops/second in (1.006438,22.654010) seconds
2026/05/26-11:43:52  ... thread 2: (20000,324000) ops and (3585.8,11710.8) ops/second in (5.577518,27.666774) seconds
2026/05/26-11:43:52  ... thread 0: (15000,321000) ops and (2804.0,11601.7) ops/second in (5.349453,27.668318) seconds
2026/05/26-11:43:52  ... thread 3: (2000,329000) ops and (398.3,11887.9) ops/second in (5.021148,27.675158) seconds
2026/05/26-11:43:52  ... thread 1: (11000,325000) ops and (2095.3,11742.4) ops/second in (5.249876,27.677397) seconds
2026/05/26-11:43:53  ... thread 2: (36000,360000) ops and (35711.3,12554.6) ops/second in (1.008083,28.674857) seconds
2026/05/26-11:43:53  ... thread 0: (39000,360000) ops and (38731.8,12554.4) ops/second in (1.006925,28.675243) seconds
2026/05/26-11:43:53  ... thread 3: (39000,368000) ops and (38305.9,12825.3) ops/second in (1.018121,28.693279) seconds
2026/05/26-11:43:53  ... thread 1: (38000,363000) ops and (37363.1,12650.5) ops/second in (1.017047,28.694444) seconds
2026/05/26-11:43:59  ... thread 3: (23000,391000) ops and (4365.3,11512.8) ops/second in (5.268845,33.962124) seconds
2026/05/26-11:43:59  ... thread 2: (28000,388000) ops and (4830.6,11255.8) ops/second in (5.796349,34.471206) seconds
2026/05/26-11:43:59  ... thread 1: (23000,386000) ops and (3954.8,11185.1) ops/second in (5.815653,34.510097) seconds
2026/05/26-11:43:59  ... thread 0: (23000,383000) ops and (3910.2,11083.0) ops/second in (5.882120,34.557363) seconds
2026/05/26-11:44:00  ... thread 1: (2000,388000) ops and (1844.1,10900.5) ops/second in (1.084532,35.594629) seconds
2026/05/26-11:44:00  ... thread 2: (4000,392000) ops and (3548.8,11011.7) ops/second in (1.127142,35.598348) seconds
2026/05/26-11:44:00  ... thread 3: (3000,394000) ops and (1831.7,11067.4) ops/second in (1.637820,35.599944) seconds
2026/05/26-11:44:00  ... thread 0: (2000,385000) ops and (1917.2,10814.4) ops/second in (1.043180,35.600543) seconds
2026/05/26-11:44:01  ... thread 2: (29000,421000) ops and (28902.5,11502.2) ops/second in (1.003372,36.601720) seconds
2026/05/26-11:44:01  ... thread 0: (32000,417000) ops and (31812.6,11391.4) ops/second in (1.005891,36.606434) seconds
2026/05/26-11:44:01  ... thread 3: (30000,424000) ops and (29491.0,11579.3) ops/second in (1.017261,36.617205) seconds
2026/05/26-11:44:01  ... thread 1: (29000,417000) ops and (28113.1,11385.3) ops/second in (1.031549,36.626178) seconds
2026/05/26-11:44:08  ... thread 3: (30000,454000) ops and (4683.3,10552.5) ops/second in (6.405798,43.023003) seconds
2026/05/26-11:44:08  ... thread 2: (27000,448000) ops and (4103.8,10374.9) ops/second in (6.579270,43.180990) seconds
2026/05/26-11:44:08  ... thread 1: (29000,446000) ops and (4372.9,10310.2) ops/second in (6.631770,43.257948) seconds
2026/05/26-11:44:08  ... thread 0: (32000,449000) ops and (4513.0,10275.3) ops/second in (7.090674,43.697108) seconds
2026/05/26-11:44:09  ... thread 1: (3000,449000) ops and (2577.1,10107.6) ops/second in (1.164080,44.422028) seconds
2026/05/26-11:44:09  ... thread 2: (3000,451000) ops and (2280.7,10135.7) ops/second in (1.315379,44.496369) seconds
2026/05/26-11:44:10  ... thread 3: (3000,457000) ops and (1694.2,10202.3) ops/second in (1.770736,44.793739) seconds
2026/05/26-11:44:10  ... thread 0: (2000,451000) ops and (1818.0,10067.6) ops/second in (1.100136,44.797244) seconds
2026/05/26-11:44:10  ... thread 1: (25000,474000) ops and (24931.0,10434.8) ops/second in (1.002768,45.424796) seconds
2026/05/26-11:44:10  ... thread 2: (29000,480000) ops and (28589.1,10547.0) ops/second in (1.014373,45.510742) seconds
2026/05/26-11:44:11  ... thread 3: (43000,500000) ops and (42381.6,10915.0) ops/second in (1.014591,45.808330) seconds
2026/05/26-11:44:11  ... thread 0: (39000,490000) ops and (37472.0,10689.8) ops/second in (1.040776,45.838020) seconds
2026/05/26-11:44:16  ... thread 2: (31000,511000) ops and (5043.5,9892.1) ops/second in (6.146579,51.657321) seconds
2026/05/26-11:44:16  ... thread 3: (25000,525000) ops and (4243.1,10154.7) ops/second in (5.891867,51.700197) seconds
2026/05/26-11:44:16  ... thread 0: (16000,506000) ops and (2717.9,9782.5) ops/second in (5.886951,51.724971) seconds
2026/05/26-11:44:17  ... thread 1: (30000,504000) ops and (4322.2,9624.6) ops/second in (6.940892,52.365688) seconds
2026/05/26-11:44:18  ... thread 2: (4000,515000) ops and (3400.2,9747.6) ops/second in (1.176414,52.833735) seconds
2026/05/26-11:44:18  ... thread 3: (3000,528000) ops and (2423.5,9973.9) ops/second in (1.237896,52.938093) seconds
2026/05/26-11:44:18  ... thread 0: (1000,507000) ops and (681.7,9531.5) ops/second in (1.466833,53.191804) seconds
2026/05/26-11:44:18  ... thread 1: (3000,507000) ops and (2904.8,9494.7) ops/second in (1.032779,53.398467) seconds
2026/05/26-11:44:19  ... thread 2: (17000,532000) ops and (16965.7,9881.9) ops/second in (1.002022,53.835757) seconds
2026/05/26-11:44:19  ... thread 3: (26000,554000) ops and (25730.4,10269.0) ops/second in (1.010479,53.948572) seconds
2026/05/26-11:44:19  ... thread 0: (27000,534000) ops and (26242.6,9848.6) ops/second in (1.028861,54.220665) seconds
2026/05/26-11:44:19  ... thread 1: (32000,539000) ops and (31536.4,9905.7) ops/second in (1.014702,54.413169) seconds
2026/05/26-11:44:20  ... thread 2: (35000,567000) ops and (34479.7,10337.1) ops/second in (1.015091,54.850848) seconds
2026/05/26-11:44:20  ... thread 3: (31000,585000) ops and (30715.8,10644.5) ops/second in (1.009254,54.957826) seconds
2026/05/26-11:44:24  ... thread 1: (26000,565000) ops and (4920.8,9464.5) ops/second in (5.283726,59.696895) seconds
2026/05/26-11:44:25  ... thread 2: (12000,579000) ops and (2360.8,9660.6) ops/second in (5.083129,59.933977) seconds
2026/05/26-11:44:25  ... thread 3: (5000,590000) ops and (971.0,9815.8) ops/second in (5.149510,60.107336) seconds
2026/05/26-11:44:25  ... thread 0: (26000,560000) ops and (4338.8,9300.3) ops/second in (5.992408,60.213073) seconds
2026/05/26-11:44:26  ... thread 1: (2000,567000) ops and (1676.0,9311.8) ops/second in (1.193295,60.890190) seconds
2026/05/26-11:44:26  ... thread 2: (3000,582000) ops and (2451.9,9516.4) ops/second in (1.223528,61.157505) seconds
2026/05/26-11:44:26  ... thread 3: (2000,592000) ops and (1437.5,9626.2) ops/second in (1.391308,61.498644) seconds
2026/05/26-11:44:26  ... thread 0: (3000,563000) ops and (2329.4,9154.3) ops/second in (1.287883,61.500956) seconds
2026/05/26-11:44:27  ... thread 1: (21000,588000) ops and (20921.0,9500.1) ops/second in (1.003774,61.893964) seconds
2026/05/26-11:44:27  ... thread 2: (22000,604000) ops and (21927.8,9716.7) ops/second in (1.003291,62.160796) seconds
2026/05/26-11:44:27  ... thread 0: (36000,599000) ops and (35430.8,9581.4) ops/second in (1.016065,62.517021) seconds
2026/05/26-11:44:27  ... thread 3: (34000,626000) ops and (33075.1,10011.7) ops/second in (1.027965,62.526609) seconds
2026/05/26-11:44:28  ... thread 1: (39000,627000) ops and (37868.1,9964.4) ops/second in (1.029891,62.923855) seconds
2026/05/26-11:44:33  ... thread 3: (27000,653000) ops and (4372.9,9505.0) ops/second in (6.174333,68.700942) seconds
2026/05/26-11:44:34  ... thread 2: (33000,637000) ops and (5017.4,9267.1) ops/second in (6.577138,68.737934) seconds
2026/05/26-11:44:34  ... thread 0: (18000,617000) ops and (2864.2,8967.8) ops/second in (6.284411,68.801432) seconds
2026/05/26-11:44:34  ... thread 1: (9000,636000) ops and (1405.4,9173.8) ops/second in (6.403690,69.327545) seconds
2026/05/26-11:44:35  ... thread 0: (3000,620000) ops and (2923.5,8879.0) ops/second in (1.026150,69.827582) seconds
2026/05/26-11:44:35  ... thread 3: (2000,655000) ops and (1742.8,9377.4) ops/second in (1.147562,69.848504) seconds
2026/05/26-11:44:35  ... thread 2: (2000,639000) ops and (1518.9,9121.4) ops/second in (1.316750,70.054684) seconds
2026/05/26-11:44:35  ... thread 1: (2000,638000) ops and (1443.4,9022.4) ops/second in (1.385637,70.713182) seconds
2026/05/26-11:44:36  ... thread 0: (2000,622000) ops and (1957.2,8779.2) ops/second in (1.021884,70.849466) seconds
2026/05/26-11:44:36  ... thread 3: (4000,659000) ops and (3694.8,9290.7) ops/second in (1.082605,70.931109) seconds
2026/05/26-11:44:36  ... thread 2: (1000,640000) ops and (637.7,8935.7) ops/second in (1.568099,71.622783) seconds
2026/05/26-11:44:36  ... thread 1: (4000,642000) ops and (3946.6,8950.6) ops/second in (1.013534,71.726716) seconds
2026/05/26-11:44:37  ... thread 0: (8000,630000) ops and (7829.7,8765.7) ops/second in (1.021745,71.871211) seconds
2026/05/26-11:44:37  ... thread 3: (15000,674000) ops and (14888.3,9369.1) ops/second in (1.007500,71.938609) seconds
2026/05/26-11:44:37  ... thread 2: (34000,674000) ops and (33688.5,9279.7) ops/second in (1.009246,72.632029) seconds
2026/05/26-11:44:37  ... thread 1: (37000,679000) ops and (36905.4,9336.0) ops/second in (1.002563,72.729279) seconds
2026/05/26-11:44:38  ... thread 3: (30000,704000) ops and (29272.1,9648.7) ops/second in (1.024868,72.963477) seconds
2026/05/26-11:44:38  ... thread 0: (30000,660000) ops and (26840.4,9042.5) ops/second in (1.117720,72.988931) seconds
2026/05/26-11:44:43  ... thread 1: (21000,700000) ops and (3743.4,8935.5) ops/second in (5.609846,78.339125) seconds
2026/05/26-11:44:43  ... thread 2: (25000,699000) ops and (4321.3,8913.8) ops/second in (5.785363,78.417392) seconds
2026/05/26-11:44:43  ... thread 3: (16000,720000) ops and (2891.6,9172.4) ops/second in (5.533245,78.496722) seconds
2026/05/26-11:44:43  ... thread 0: (13000,673000) ops and (2340.0,8568.4) ops/second in (5.555605,78.544536) seconds
2026/05/26-11:44:44  ... thread 2: (3000,702000) ops and (2885.3,8835.0) ops/second in (1.039758,79.457150) seconds
2026/05/26-11:44:44  ... thread 1: (2000,702000) ops and (1707.4,8829.0) ops/second in (1.171368,79.510493) seconds
2026/05/26-11:44:44  ... thread 0: (2000,675000) ops and (1842.9,8476.7) ops/second in (1.085221,79.629757) seconds
2026/05/26-11:44:45  ... thread 3: (2000,722000) ops and (1274.2,9017.5) ops/second in (1.569606,80.066328) seconds
2026/05/26-11:44:45  ... thread 2: (13000,715000) ops and (12941.3,8886.2) ops/second in (1.004538,80.461688) seconds
2026/05/26-11:44:45  ... thread 1: (16000,718000) ops and (15711.1,8916.1) ops/second in (1.018389,80.528882) seconds
2026/05/26-11:44:45  ... thread 0: (20000,695000) ops and (19936.4,8619.3) ops/second in (1.003189,80.632946) seconds
2026/05/26-11:44:46  ... thread 3: (30000,752000) ops and (29757.3,9275.4) ops/second in (1.008157,81.074485) seconds
2026/05/26-11:44:46  ... thread 2: (32000,747000) ops and (30343.7,9163.8) ops/second in (1.054585,81.516273) seconds
2026/05/26-11:44:46  ... thread 1: (31000,749000) ops and (30797.9,9186.2) ops/second in (1.006561,81.535443) seconds
2026/05/26-11:44:46  ... thread 0: (30000,725000) ops and (29597.1,8879.7) ops/second in (1.013614,81.646560) seconds
2026/05/26-11:44:52  ... thread 0: (9000,734000) ops and (1534.7,8387.5) ops/second in (5.864283,87.510843) seconds
2026/05/26-11:44:52  ... thread 3: (29000,781000) ops and (4469.9,8919.4) ops/second in (6.487776,87.562261) seconds
2026/05/26-11:44:53  ... thread 2: (15000,762000) ops and (2409.7,8684.6) ops/second in (6.224899,87.741172) seconds
2026/05/26-11:44:53  ... thread 1: (15000,764000) ops and (2154.7,8633.1) ops/second in (6.961643,88.497086) seconds
2026/05/26-11:44:54  ... thread 0: (2000,736000) ops and (1375.1,8272.9) ops/second in (1.454427,88.965270) seconds
2026/05/26-11:44:54  ... thread 2: (2000,764000) ops and (1465.1,8574.0) ops/second in (1.365134,89.106306) seconds
2026/05/26-11:44:54  ... thread 3: (5000,786000) ops and (3043.2,8811.1) ops/second in (1.643031,89.205292) seconds
2026/05/26-11:44:55  ... thread 1: (5000,769000) ops and (3377.3,8546.6) ops/second in (1.480476,89.977562) seconds
2026/05/26-11:44:55  ... thread 0: (1000,737000) ops and (985.1,8190.7) ops/second in (1.015127,89.980397) seconds
2026/05/26-11:44:55  ... thread 2: (8000,772000) ops and (7952.3,8567.1) ops/second in (1.006002,90.112308) seconds
2026/05/26-11:44:55  ... thread 3: (11000,797000) ops and (10957.7,8835.0) ops/second in (1.003862,90.209154) seconds
2026/05/26-11:44:56  ... thread 1: (37000,806000) ops and (36893.8,8859.0) ops/second in (1.002878,90.980440) seconds
2026/05/26-11:44:56  ... thread 0: (36000,773000) ops and (35277.0,8494.4) ops/second in (1.020494,91.000891) seconds
2026/05/26-11:44:56  ... thread 2: (33000,805000) ops and (32869.8,8834.9) ops/second in (1.003961,91.116269) seconds
2026/05/26-11:44:56  ... thread 3: (35000,832000) ops and (32561.9,9114.4) ops/second in (1.074875,91.284029) seconds
2026/05/26-11:45:03  ... thread 2: (15000,820000) ops and (2192.0,8370.8) ops/second in (6.843178,97.959447) seconds
2026/05/26-11:45:03  ... thread 0: (22000,795000) ops and (3140.4,8111.7) ops/second in (7.005398,98.006289) seconds
2026/05/26-11:45:03  ... thread 1: (22000,828000) ops and (3061.1,8434.6) ops/second in (7.187031,98.167471) seconds
2026/05/26-11:45:03  ... thread 3: (15000,847000) ops and (2156.0,8621.6) ops/second in (6.957401,98.241430) seconds
2026/05/26-11:45:04  ... thread 0: (3000,798000) ops and (2458.7,8042.2) ops/second in (1.220153,99.226442) seconds
2026/05/26-11:45:04  ... thread 2: (1000,821000) ops and (745.6,8267.8) ops/second in (1.341197,99.300644) seconds
2026/05/26-11:45:04  ... thread 3: (3000,850000) ops and (2359.2,8541.6) ops/second in (1.271596,99.513026) seconds
2026/05/26-11:45:05  ... thread 1: (3000,831000) ops and (1787.4,8322.8) ops/second in (1.678396,99.845867) seconds
2026/05/26-11:45:05  ... thread 2: (6000,827000) ops and (5963.8,8244.7) ops/second in (1.006069,100.306713) seconds
2026/05/26-11:45:05  ... thread 0: (1000,799000) ops and (792.3,7951.1) ops/second in (1.262199,100.488641) seconds
2026/05/26-11:45:06  ... thread 3: (1000,851000) ops and (639.1,8419.3) ops/second in (1.564794,101.077820) seconds
2026/05/26-11:45:06  ... thread 1: (2000,833000) ops and (1576.2,8238.2) ops/second in (1.268845,101.114712) seconds
2026/05/26-11:45:06  ... thread 2: (13000,840000) ops and (12767.7,8290.2) ops/second in (1.018194,101.324907) seconds
2026/05/26-11:45:06  ... thread 0: (20000,819000) ops and (19763.7,8068.9) ops/second in (1.011956,101.500597) seconds
2026/05/26-11:45:07  ... thread 3: (35000,886000) ops and (34256.2,8677.8) ops/second in (1.021714,102.099534) seconds
2026/05/26-11:45:07  ... thread 1: (37000,870000) ops and (36103.4,8517.8) ops/second in (1.024834,102.139546) seconds
2026/05/26-11:45:07  ... thread 2: (30000,870000) ops and (28413.8,8497.7) ops/second in (1.055826,102.380733) seconds
2026/05/26-11:45:07  ... thread 0: (28000,847000) ops and (27739.7,8262.6) ops/second in (1.009385,102.509982) seconds
2026/05/26-11:45:14  ... thread 1: (17000,887000) ops and (2350.5,8109.9) ops/second in (7.232615,109.372161) seconds
2026/05/26-11:45:14  ... thread 2: (15000,885000) ops and (2109.2,8082.7) ops/second in (7.111792,109.492525) seconds
2026/05/26-11:45:14  ... thread 0: (8000,855000) ops and (1144.7,7808.3) ops/second in (6.988924,109.498906) seconds
2026/05/26-11:45:15  ... thread 3: (26000,912000) ops and (3133.7,8261.1) ops/second in (8.296992,110.396526) seconds
2026/05/26-11:45:15  ... thread 0: (2000,857000) ops and (1929.8,7753.2) ops/second in (1.036373,110.535279) seconds
2026/05/26-11:45:16  ... thread 2: (2000,887000) ops and (1597.1,8009.4) ops/second in (1.252252,110.744777) seconds
2026/05/26-11:45:16  ... thread 1: (4000,891000) ops and (2712.8,8038.1) ops/second in (1.474492,110.846653) seconds
2026/05/26-11:45:16  ... thread 3: (11000,923000) ops and (10922.8,8285.2) ops/second in (1.007067,111.403593) seconds
2026/05/26-11:45:16  ... thread 0: (19000,876000) ops and (18753.0,7853.1) ops/second in (1.013171,111.548450) seconds
2026/05/26-11:45:17  ... thread 2: (20000,907000) ops and (19929.2,8116.5) ops/second in (1.003551,111.748328) seconds
2026/05/26-11:45:17  ... thread 1: (25000,916000) ops and (24881.2,8189.4) ops/second in (1.004775,111.851428) seconds
2026/05/26-11:45:17  ... thread 3: (30000,953000) ops and (29327.2,8476.6) ops/second in (1.022940,112.426533) seconds
2026/05/26-11:45:18  ... thread 1: (21000,937000) ops and (17336.5,8287.4) ops/second in (1.211316,113.062744) seconds
2026/05/26-11:45:18  ... thread 2: (23000,930000) ops and (17227.1,8224.0) ops/second in (1.335107,113.083435) seconds
2026/05/26-11:45:18  ... thread 0: (28000,904000) ops and (18243.9,7994.1) ops/second in (1.534759,113.083209) seconds
2026/05/26-11:45:24  ... thread 0: (15000,919000) ops and (2352.9,7693.1) ops/second in (6.375184,119.458393) seconds
2026/05/26-11:45:24  ... thread 2: (14000,944000) ops and (2154.8,7894.3) ops/second in (6.497054,119.580489) seconds
2026/05/26-11:45:25  ... thread 1: (16000,953000) ops and (2358.9,7951.9) ops/second in (6.782695,119.845439) seconds
2026/05/26-11:45:25  ... thread 3: (19000,972000) ops and (2384.8,8073.5) ops/second in (7.967249,120.393782) seconds
2026/05/26-11:45:25  ... thread 0: (2000,921000) ops and (1626.0,7631.2) ops/second in (1.230027,120.688420) seconds
2026/05/26-11:45:26  ... thread 2: (5000,949000) ops and (4142.5,7856.8) ops/second in (1.207012,120.787501) seconds
2026/05/26-11:45:26  ... thread 1: (1000,954000) ops and (940.7,7890.3) ops/second in (1.063048,120.908487) seconds
2026/05/26-11:45:27  ... thread 3: (2000,974000) ops and (1373.0,7993.4) ops/second in (1.456671,121.850453) seconds
2026/05/26-11:45:27  ... thread 0: (2000,923000) ops and (1687.1,7573.4) ops/second in (1.185489,121.873909) seconds
2026/05/26-11:45:27  ... thread 2: (4000,953000) ops and (3607.0,7818.1) ops/second in (1.108946,121.896447) seconds
2026/05/26-11:45:27  ... thread 1: (3000,957000) ops and (2986.7,7849.9) ops/second in (1.004469,121.912956) seconds
2026/05/26-11:45:28  ... thread 3: (37000,1011000) ops and (36489.9,8228.6) ops/second in (1.013978,122.864431) seconds
2026/05/26-11:45:28  ... thread 0: (35000,958000) ops and (34657.1,7796.0) ops/second in (1.009893,122.883802) seconds
2026/05/26-11:45:28  ... thread 2: (33000,986000) ops and (32701.5,8022.4) ops/second in (1.009129,122.905576) seconds
2026/05/26-11:45:28  ... thread 1: (38000,995000) ops and (37541.1,8094.4) ops/second in (1.012225,122.925181) seconds
2026/05/26-11:45:34  ... thread 1: (20000,1015000) ops and (2984.7,7830.2) ops/second in (6.700843,129.626024) seconds
2026/05/26-11:45:35  ... thread 0: (22000,980000) ops and (3209.8,7553.7) ops/second in (6.853976,129.737778) seconds
2026/05/26-11:45:35  ... thread 3: (23000,1034000) ops and (3299.4,7963.9) ops/second in (6.970923,129.835354) seconds
2026/05/26-11:45:35  ... thread 2: (22000,1008000) ops and (3058.7,7748.0) ops/second in (7.192661,130.098237) seconds
2026/05/26-11:45:36  ... thread 1: (3000,1018000) ops and (2671.8,7785.9) ops/second in (1.122838,130.748862) seconds
2026/05/26-11:45:36  ... thread 3: (2000,1036000) ops and (1830.7,7912.8) ops/second in (1.092480,130.927834) seconds
2026/05/26-11:45:36  ... thread 0: (3000,983000) ops and (2245.3,7499.6) ops/second in (1.336103,131.073881) seconds
2026/05/26-11:45:36  ... thread 2: (1000,1009000) ops and (740.3,7676.0) ops/second in (1.350881,131.449118) seconds
2026/05/26-11:45:37  ... thread 1: (11000,1029000) ops and (10726.6,7808.8) ops/second in (1.025489,131.774351) seconds
2026/05/26-11:45:37  ... thread 3: (23000,1059000) ops and (22151.0,8024.8) ops/second in (1.038327,131.966161) seconds
2026/05/26-11:45:37  ... thread 0: (25000,1008000) ops and (24860.7,7631.8) ops/second in (1.005603,132.079484) seconds
2026/05/26-11:45:37  ... thread 2: (33000,1042000) ops and (32437.9,7866.1) ops/second in (1.017329,132.466447) seconds
2026/05/26-11:45:38  ... thread 1: (32000,1061000) ops and (28780.0,7984.3) ops/second in (1.111885,132.886236) seconds
2026/05/26-11:45:38  ... thread 3: (30000,1089000) ops and (29088.2,8188.1) ops/second in (1.031346,132.997507) seconds
2026/05/26-11:45:38  ... thread 0: (26000,1034000) ops and (25498.2,7768.6) ops/second in (1.019678,133.099162) seconds
2026/05/26-11:45:47  ... thread 3: (11000,1100000) ops and (1163.6,7722.0) ops/second in (9.453520,142.451027) seconds
2026/05/26-11:45:47  ... thread 2: (25000,1067000) ops and (2482.9,7485.9) ops/second in (10.068747,142.535194) seconds
2026/05/26-11:45:48  ... thread 1: (15000,1076000) ops and (1450.3,7512.4) ops/second in (10.342871,143.229107) seconds
2026/05/26-11:45:48  ... thread 0: (9000,1043000) ops and (887.4,7281.4) ops/second in (10.141788,143.240950) seconds
2026/05/26-11:45:48  ... thread 3: (4000,1104000) ops and (3785.8,7693.0) ops/second in (1.056580,143.507607) seconds
2026/05/26-11:45:49  ... thread 2: (2000,1069000) ops and (1649.3,7436.6) ops/second in (1.212616,143.747810) seconds
2026/05/26-11:45:49  ... thread 1: (20000,1096000) ops and (19756.5,7598.4) ops/second in (1.012323,144.241430) seconds
2026/05/26-11:45:49  ... thread 0: (17000,1060000) ops and (16720.8,7348.0) ops/second in (1.016698,144.257648) seconds
2026/05/26-11:45:49  ... thread 3: (26000,1130000) ops and (25903.3,7819.5) ops/second in (1.003733,144.511340) seconds
2026/05/26-11:45:50  ... thread 2: (31000,1100000) ops and (30293.8,7598.2) ops/second in (1.023312,144.771122) seconds
2026/05/26-11:45:50  ... thread 1: (29000,1125000) ops and (28629.0,7745.0) ops/second in (1.012960,145.254390) seconds
2026/05/26-11:45:50  ... thread 0: (31000,1091000) ops and (30483.5,7509.9) ops/second in (1.016943,145.274591) seconds
2026/05/26-11:45:50  ... thread 3: (32000,1162000) ops and (31254.5,7984.3) ops/second in (1.023854,145.535194) seconds
2026/05/26-11:45:51  ... thread 2: (31000,1131000) ops and (30595.9,7758.0) ops/second in (1.013206,145.784328) seconds
2026/05/26-11:45:58  ... thread 1: (29000,1154000) ops and (3749.1,7543.0) ops/second in (7.735285,152.989675) seconds
2026/05/26-11:45:58  ... thread 0: (28000,1119000) ops and (3547.4,7305.7) ops/second in (7.893094,153.167685) seconds
2026/05/26-11:45:58  ... thread 2: (13000,1144000) ops and (1723.5,7461.2) ops/second in (7.542600,153.326928) seconds
2026/05/26-11:45:58  ... thread 3: (18000,1180000) ops and (2308.7,7695.7) ops/second in (7.796740,153.331934) seconds
2026/05/26-11:45:59  ... thread 1: (1000,1155000) ops and (798.0,7488.2) ops/second in (1.253061,154.242736) seconds
2026/05/26-11:45:59  ... thread 2: (3000,1147000) ops and (2881.5,7430.3) ops/second in (1.041142,154.368070) seconds
2026/05/26-11:45:59  ... thread 3: (3000,1183000) ops and (2334.4,7651.2) ops/second in (1.285127,154.617061) seconds
2026/05/26-11:46:00  ... thread 0: (4000,1123000) ops and (2462.1,7254.9) ops/second in (1.624634,154.792319) seconds
2026/05/26-11:46:00  ... thread 1: (1000,1156000) ops and (843.0,7437.5) ops/second in (1.186194,155.428930) seconds
2026/05/26-11:46:00  ... thread 3: (2000,1185000) ops and (1789.9,7609.1) ops/second in (1.117411,155.734472) seconds
2026/05/26-11:46:01  ... thread 2: (4000,1151000) ops and (2830.0,7388.6) ops/second in (1.413429,155.781499) seconds
2026/05/26-11:46:01  ... thread 0: (3000,1126000) ops and (2072.4,7206.9) ops/second in (1.447628,156.239947) seconds
2026/05/26-11:46:01  ... thread 1: (2000,1158000) ops and (1929.5,7401.0) ops/second in (1.036513,156.465443) seconds
2026/05/26-11:46:02  ... thread 3: (6000,1191000) ops and (5854.8,7597.6) ops/second in (1.024793,156.759265) seconds
2026/05/26-11:46:02  ... thread 2: (12000,1163000) ops and (11518.5,7416.0) ops/second in (1.041805,156.823304) seconds
2026/05/26-11:46:02  ... thread 0: (25000,1151000) ops and (23212.2,7316.4) ops/second in (1.077019,157.316966) seconds
2026/05/26-11:46:02  ... thread 1: (30000,1188000) ops and (29749.4,7544.1) ops/second in (1.008424,157.473867) seconds
2026/05/26-11:46:03  ... thread 3: (32000,1223000) ops and (29839.1,7748.8) ops/second in (1.072419,157.831684) seconds
2026/05/26-11:46:03  ... thread 2: (33000,1196000) ops and (32686.0,7577.6) ops/second in (1.009606,157.832910) seconds
2026/05/26-11:46:10  ... thread 1: (24000,1212000) ops and (3138.9,7340.1) ops/second in (7.645897,165.119764) seconds
2026/05/26-11:46:10  ... thread 2: (13000,1209000) ops and (1781.1,7321.4) ops/second in (7.298805,165.131715) seconds
2026/05/26-11:46:10  ... thread 3: (16000,1239000) ops and (2175.1,7500.6) ops/second in (7.355917,165.187601) seconds
2026/05/26-11:46:11  ... thread 0: (34000,1185000) ops and (4030.8,7149.2) ops/second in (8.435125,165.752091) seconds
2026/05/26-11:46:11  ... thread 2: (2000,1211000) ops and (1858.6,7286.1) ops/second in (1.076099,166.207814) seconds
2026/05/26-11:46:11  ... thread 3: (2000,1241000) ops and (1380.8,7447.4) ops/second in (1.448476,166.636077) seconds
2026/05/26-11:46:11  ... thread 1: (2000,1214000) ops and (1299.9,7284.4) ops/second in (1.538531,166.658295) seconds
2026/05/26-11:46:12  ... thread 0: (5000,1190000) ops and (3031.6,7108.7) ops/second in (1.649275,167.401366) seconds
2026/05/26-11:46:13  ... thread 1: (4000,1218000) ops and (3431.6,7257.6) ops/second in (1.165648,167.823943) seconds
2026/05/26-11:46:13  ... thread 2: (2000,1213000) ops and (1232.1,7227.5) ops/second in (1.623248,167.831062) seconds
2026/05/26-11:46:13  ... thread 3: (4000,1245000) ops and (3276.0,7417.0) ops/second in (1.221019,167.857096) seconds
2026/05/26-11:46:13  ... thread 0: (30000,1220000) ops and (29943.9,7244.5) ops/second in (1.001872,168.403238) seconds
Initializing RocksDB Options from the specified file
Initializing RocksDB Options from command-line flags
Integrated BlobDB: blob cache disabled
Keys:       16 bytes each (+ 0 bytes user-defined timestamp)
Values:     1024 bytes each (512 bytes after compression)
Entries:    1250000
Prefix:    0 bytes
Keys per prefix:    0
RawSize:    1239.8 MB (estimated)
FileSize:   629.4 MB (estimated)
Write rate: 0 bytes/second
Read rate: 0 ops/second
Compression: Snappy
Compression sampling rate: 0
Memtablerep: SkipListFactory
Perf Level: 1
WARNING: Assertions are enabled; benchmarks unnecessarily slow
------------------------------------------------
Initializing RocksDB Options from the specified file
Initializing RocksDB Options from command-line flags
Integrated BlobDB: blob cache disabled
DB path: [/tmp/rocksdb_comp_exp_db]
fillrandom   :     134.748 micros/op 29628 ops/sec 168.757 seconds 5000000 operations;   29.4 MB/s
2026/05/26-11:46:15  ... thread 3: (3000,3000) ops and (2665.1,2665.1) ops/second in (1.125682,1.125682) seconds
2026/05/26-11:46:15  ... thread 1: (3000,3000) ops and (2617.1,2617.1) ops/second in (1.146288,1.146288) seconds
2026/05/26-11:46:15  ... thread 0: (3000,3000) ops and (2559.4,2559.4) ops/second in (1.172136,1.172136) seconds
2026/05/26-11:46:15  ... thread 2: (3000,3000) ops and (2548.1,2548.1) ops/second in (1.177364,1.177364) seconds
2026/05/26-11:46:16  ... thread 1: (4000,7000) ops and (3921.8,3231.4) ops/second in (1.019936,2.166224) seconds
2026/05/26-11:46:16  ... thread 3: (4000,7000) ops and (3829.7,3225.6) ops/second in (1.044473,2.170155) seconds
2026/05/26-11:46:16  ... thread 2: (4000,7000) ops and (3815.2,3145.0) ops/second in (1.048426,2.225790) seconds
2026/05/26-11:46:16  ... thread 0: (5000,8000) ops and (4002.8,3304.1) ops/second in (1.249116,2.421252) seconds
2026/05/26-11:46:17  ... thread 3: (5000,12000) ops and (4295.3,3599.0) ops/second in (1.164070,3.334225) seconds
2026/05/26-11:46:17  ... thread 1: (5000,12000) ops and (4239.3,3586.7) ops/second in (1.179434,3.345658) seconds
2026/05/26-11:46:17  ... thread 2: (5000,12000) ops and (4388.6,3566.0) ops/second in (1.139312,3.365102) seconds
2026/05/26-11:46:17  ... thread 0: (5000,13000) ops and (4562.5,3696.2) ops/second in (1.095880,3.517132) seconds
2026/05/26-11:46:18  ... thread 1: (5000,17000) ops and (4877.1,3889.4) ops/second in (1.025191,4.370849) seconds
2026/05/26-11:46:18  ... thread 3: (6000,18000) ops and (5472.2,4062.6) ops/second in (1.096449,4.430674) seconds
2026/05/26-11:46:18  ... thread 2: (6000,18000) ops and (5168.5,3977.0) ops/second in (1.160888,4.525990) seconds
2026/05/26-11:46:18  ... thread 0: (6000,19000) ops and (5627.2,4145.4) ops/second in (1.066259,4.583391) seconds
2026/05/26-11:46:19  ... thread 1: (7000,24000) ops and (6197.8,4363.4) ops/second in (1.129426,5.500275) seconds
2026/05/26-11:46:19  ... thread 3: (7000,25000) ops and (6078.0,4478.4) ops/second in (1.151703,5.582377) seconds
2026/05/26-11:46:19  ... thread 2: (7000,25000) ops and (6204.0,4421.4) ops/second in (1.128300,5.654290) seconds
2026/05/26-11:46:19  ... thread 0: (7000,26000) ops and (6347.8,4572.5) ops/second in (1.102739,5.686130) seconds
2026/05/26-11:46:20  ... thread 1: (8000,32000) ops and (7425.5,4865.0) ops/second in (1.077368,6.577643) seconds
2026/05/26-11:46:20  ... thread 3: (8000,33000) ops and (7431.2,4955.8) ops/second in (1.076537,6.658914) seconds
2026/05/26-11:46:20  ... thread 2: (8000,33000) ops and (7868.7,4946.8) ops/second in (1.016691,6.670981) seconds
2026/05/26-11:46:20  ... thread 0: (8000,34000) ops and (7629.6,5048.5) ops/second in (1.048546,6.734676) seconds
2026/05/26-11:46:21  ... thread 1: (10000,42000) ops and (9371.3,5494.0) ops/second in (1.067088,7.644731) seconds
2026/05/26-11:46:21  ... thread 3: (10000,43000) ops and (9484.3,5574.8) ops/second in (1.054371,7.713285) seconds
2026/05/26-11:46:21  ... thread 2: (10000,43000) ops and (9215.7,5544.0) ops/second in (1.085108,7.756089) seconds
2026/05/26-11:46:21  ... thread 0: (10000,44000) ops and (9464.3,5647.3) ops/second in (1.056598,7.791274) seconds
2026/05/26-11:46:22  ... thread 1: (12000,54000) ops and (11831.1,6236.3) ops/second in (1.014276,8.659007) seconds
2026/05/26-11:46:22  ... thread 3: (12000,55000) ops and (11484.5,6279.8) ops/second in (1.044891,8.758176) seconds
2026/05/26-11:46:22  ... thread 2: (13000,56000) ops and (12565.4,6370.4) ops/second in (1.034585,8.790674) seconds
2026/05/26-11:46:22  ... thread 0: (13000,57000) ops and (12335.3,6444.2) ops/second in (1.053889,8.845163) seconds
2026/05/26-11:46:23  ... thread 1: (14000,68000) ops and (13404.2,7007.8) ops/second in (1.044445,9.703452) seconds
2026/05/26-11:46:23  ... thread 3: (13000,68000) ops and (12880.7,6961.9) ops/second in (1.009260,9.767436) seconds
2026/05/26-11:46:23  ... thread 2: (13000,69000) ops and (12708.6,7031.1) ops/second in (1.022927,9.813601) seconds
2026/05/26-11:46:23  ... thread 0: (13000,70000) ops and (12737.5,7095.2) ops/second in (1.020612,9.865775) seconds
2026/05/26-11:46:24  ... thread 1: (15000,83000) ops and (14111.1,7709.1) ops/second in (1.062995,10.766447) seconds
2026/05/26-11:46:24  ... thread 3: (14000,82000) ops and (13113.2,7568.0) ops/second in (1.067629,10.835065) seconds
2026/05/26-11:46:24  ... thread 2: (14000,83000) ops and (13482.3,7648.4) ops/second in (1.038397,10.851998) seconds
2026/05/26-11:46:24  ... thread 0: (15000,85000) ops and (14336.7,7789.6) ops/second in (1.046263,10.912038) seconds
2026/05/26-11:46:25  ... thread 1: (17000,100000) ops and (16514.3,8477.6) ops/second in (1.029411,11.795858) seconds
2026/05/26-11:46:25  ... thread 2: (15000,98000) ops and (14823.8,8260.4) ops/second in (1.011883,11.863881) seconds
2026/05/26-11:46:25  ... thread 3: (15000,97000) ops and (14475.6,8171.0) ops/second in (1.036224,11.871289) seconds
2026/05/26-11:46:25  ... thread 0: (15000,100000) ops and (14715.3,8381.3) ops/second in (1.019347,11.931385) seconds
DB path: [/tmp/rocksdb_comp_exp_db]
readrandom   :     119.402 micros/op 33245 ops/sec 12.032 seconds 400000 operations;   32.4 MB/s (98225 of 100000 found)

STATISTICS:
rocksdb.block.cache.miss COUNT : 5404451
rocksdb.block.cache.hit COUNT : 163019
rocksdb.block.cache.add COUNT : 1468653
rocksdb.block.cache.add.failures COUNT : 0
rocksdb.block.cache.index.miss COUNT : 0
rocksdb.block.cache.index.hit COUNT : 0
rocksdb.block.cache.index.add COUNT : 0
rocksdb.block.cache.index.bytes.insert COUNT : 0
rocksdb.block.cache.filter.miss COUNT : 0
rocksdb.block.cache.filter.hit COUNT : 0
rocksdb.block.cache.filter.add COUNT : 0
rocksdb.block.cache.filter.bytes.insert COUNT : 0
rocksdb.block.cache.data.miss COUNT : 5404451
rocksdb.block.cache.data.hit COUNT : 163019
rocksdb.block.cache.data.add COUNT : 1468653
rocksdb.block.cache.data.bytes.insert COUNT : 6320995072
rocksdb.block.cache.bytes.read COUNT : 701622336
rocksdb.block.cache.bytes.write COUNT : 6320995072
rocksdb.block.cache.compression.dict.miss COUNT : 0
rocksdb.block.cache.compression.dict.hit COUNT : 0
rocksdb.block.cache.compression.dict.add COUNT : 0
rocksdb.block.cache.compression.dict.bytes.insert COUNT : 0
rocksdb.block.cache.add.redundant COUNT : 14
rocksdb.block.cache.index.add.redundant COUNT : 0
rocksdb.block.cache.filter.add.redundant COUNT : 0
rocksdb.block.cache.data.add.redundant COUNT : 14
rocksdb.block.cache.compression.dict.add.redundant COUNT : 0
rocksdb.secondary.cache.hits COUNT : 0
rocksdb.secondary.cache.filter.hits COUNT : 0
rocksdb.secondary.cache.index.hits COUNT : 0
rocksdb.secondary.cache.data.hits COUNT : 0
rocksdb.compressed.secondary.cache.dummy.hits COUNT : 0
rocksdb.compressed.secondary.cache.hits COUNT : 0
rocksdb.compressed.secondary.cache.promotions COUNT : 0
rocksdb.compressed.secondary.cache.promotion.skips COUNT : 0
rocksdb.bloom.filter.useful COUNT : 0
rocksdb.bloom.filter.full.positive COUNT : 0
rocksdb.bloom.filter.full.true.positive COUNT : 0
rocksdb.bloom.filter.prefix.checked COUNT : 0
rocksdb.bloom.filter.prefix.useful COUNT : 0
rocksdb.bloom.filter.prefix.true.positive COUNT : 0
rocksdb.persistent.cache.hit COUNT : 0
rocksdb.persistent.cache.miss COUNT : 0
rocksdb.sim.block.cache.hit COUNT : 0
rocksdb.sim.block.cache.miss COUNT : 0
rocksdb.memtable.hit COUNT : 10114
rocksdb.memtable.miss COUNT : 389886
rocksdb.l0.hit COUNT : 54077
rocksdb.l1.hit COUNT : 109444
rocksdb.l2andup.hit COUNT : 219132
rocksdb.compaction.key.drop.new COUNT : 3052814
rocksdb.compaction.key.drop.obsolete COUNT : 0
rocksdb.compaction.key.drop.range_del COUNT : 0
rocksdb.compaction.key.drop.user COUNT : 0
rocksdb.compaction.range_del.drop.obsolete COUNT : 0
rocksdb.compaction.optimized.del.drop.obsolete COUNT : 0
rocksdb.compaction.cancelled COUNT : 0
rocksdb.compaction.aborted COUNT : 0
rocksdb.number.keys.written COUNT : 5000000
rocksdb.number.keys.read COUNT : 400000
rocksdb.number.keys.updated COUNT : 0
rocksdb.bytes.written COUNT : 5277989172
rocksdb.bytes.read COUNT : 402193408
rocksdb.number.db.seek COUNT : 0
rocksdb.number.db.next COUNT : 0
rocksdb.number.db.prev COUNT : 0
rocksdb.number.db.seek.found COUNT : 0
rocksdb.number.db.next.found COUNT : 0
rocksdb.number.db.prev.found COUNT : 0
rocksdb.db.iter.bytes.read COUNT : 0
rocksdb.number.iter.skip COUNT : 0
rocksdb.number.reseeks.iteration COUNT : 0
rocksdb.num.iterator.created COUNT : 0
rocksdb.num.iterator.deleted COUNT : 0
rocksdb.no.file.opens COUNT : 214
rocksdb.no.file.errors COUNT : 0
rocksdb.stall.micros COUNT : 136129306
rocksdb.db.mutex.wait.micros COUNT : 0
rocksdb.number.multiget.get COUNT : 0
rocksdb.number.multiget.keys.read COUNT : 0
rocksdb.number.multiget.bytes.read COUNT : 0
rocksdb.number.multiget.keys.found COUNT : 0
rocksdb.number.merge.failures COUNT : 0
rocksdb.getupdatessince.calls COUNT : 0
rocksdb.wal.synced COUNT : 0
rocksdb.wal.bytes COUNT : 5277989172
rocksdb.write.self COUNT : 4832431
rocksdb.write.other COUNT : 167569
rocksdb.write.wal COUNT : 5000000
rocksdb.compact.read.bytes COUNT : 9612184066
rocksdb.compact.write.bytes COUNT : 7749595626
rocksdb.flush.write.bytes COUNT : 2965664030
rocksdb.compact.read.marked.bytes COUNT : 0
rocksdb.compact.read.periodic.bytes COUNT : 0
rocksdb.compact.read.ttl.bytes COUNT : 0
rocksdb.compact.write.marked.bytes COUNT : 0
rocksdb.compact.write.periodic.bytes COUNT : 0
rocksdb.compact.write.ttl.bytes COUNT : 0
rocksdb.number.direct.load.table.properties COUNT : 0
rocksdb.number.superversion_acquires COUNT : 8
rocksdb.number.superversion_releases COUNT : 4
rocksdb.number.superversion_cleanups COUNT : 1
rocksdb.number.block.compressed COUNT : 4384480
rocksdb.number.block.decompressed COUNT : 5404665
rocksdb.bytes.compressed.from COUNT : 18479366676
rocksdb.bytes.compressed.to COUNT : 10693057070
rocksdb.bytes.compression_bypassed COUNT : 0
rocksdb.bytes.compression.rejected COUNT : 0
rocksdb.number.block_compression_bypassed COUNT : 0
rocksdb.number.block_compression_rejected COUNT : 0
rocksdb.bytes.decompressed.from COUNT : 13172686604
rocksdb.bytes.decompressed.to COUNT : 22759280011
rocksdb.merge.operation.time.nanos COUNT : 0
rocksdb.filter.operation.time.nanos COUNT : 0
rocksdb.compaction.total.time.cpu_micros COUNT : 51294175
rocksdb.row.cache.hit COUNT : 0
rocksdb.row.cache.miss COUNT : 0
rocksdb.read.amp.estimate.useful.bytes COUNT : 0
rocksdb.read.amp.total.read.bytes COUNT : 0
rocksdb.number.rate_limiter.drains COUNT : 0
rocksdb.blobdb.num.put COUNT : 0
rocksdb.blobdb.num.write COUNT : 0
rocksdb.blobdb.num.get COUNT : 0
rocksdb.blobdb.num.multiget COUNT : 0
rocksdb.blobdb.num.seek COUNT : 0
rocksdb.blobdb.num.next COUNT : 0
rocksdb.blobdb.num.prev COUNT : 0
rocksdb.blobdb.num.keys.written COUNT : 0
rocksdb.blobdb.num.keys.read COUNT : 0
rocksdb.blobdb.bytes.written COUNT : 0
rocksdb.blobdb.bytes.read COUNT : 0
rocksdb.blobdb.write.inlined COUNT : 0
rocksdb.blobdb.write.inlined.ttl COUNT : 0
rocksdb.blobdb.write.blob COUNT : 0
rocksdb.blobdb.write.blob.ttl COUNT : 0
rocksdb.blobdb.blob.file.bytes.written COUNT : 0
rocksdb.blobdb.blob.file.bytes.read COUNT : 0
rocksdb.blobdb.blob.file.synced COUNT : 0
rocksdb.blobdb.blob.index.expired.count COUNT : 0
rocksdb.blobdb.blob.index.expired.size COUNT : 0
rocksdb.blobdb.blob.index.evicted.count COUNT : 0
rocksdb.blobdb.blob.index.evicted.size COUNT : 0
rocksdb.blobdb.gc.num.files COUNT : 0
rocksdb.blobdb.gc.num.new.files COUNT : 0
rocksdb.blobdb.gc.failures COUNT : 0
rocksdb.blobdb.gc.num.keys.relocated COUNT : 0
rocksdb.blobdb.gc.bytes.relocated COUNT : 0
rocksdb.blobdb.fifo.num.files.evicted COUNT : 0
rocksdb.blobdb.fifo.num.keys.evicted COUNT : 0
rocksdb.blobdb.fifo.bytes.evicted COUNT : 0
rocksdb.blobdb.cache.miss COUNT : 0
rocksdb.blobdb.cache.hit COUNT : 0
rocksdb.blobdb.cache.add COUNT : 0
rocksdb.blobdb.cache.add.failures COUNT : 0
rocksdb.blobdb.cache.bytes.read COUNT : 0
rocksdb.blobdb.cache.bytes.write COUNT : 0
rocksdb.txn.overhead.mutex.prepare COUNT : 0
rocksdb.txn.overhead.mutex.old.commit.map COUNT : 0
rocksdb.txn.overhead.duplicate.key COUNT : 0
rocksdb.txn.overhead.mutex.snapshot COUNT : 0
rocksdb.txn.get.tryagain COUNT : 0
rocksdb.files.marked.trash COUNT : 0
rocksdb.files.marked.trash.deleted COUNT : 0
rocksdb.files.deleted.immediately COUNT : 270
rocksdb.error.handler.bg.error.count COUNT : 0
rocksdb.error.handler.bg.io.error.count COUNT : 0
rocksdb.error.handler.bg.retryable.io.error.count COUNT : 0
rocksdb.error.handler.autoresume.count COUNT : 0
rocksdb.error.handler.autoresume.retry.total.count COUNT : 0
rocksdb.error.handler.autoresume.success.count COUNT : 0
rocksdb.memtable.payload.bytes.at.flush COUNT : 5206789928
rocksdb.memtable.garbage.bytes.at.flush COUNT : 127514352
rocksdb.verify_checksum.read.bytes COUNT : 0
rocksdb.backup.read.bytes COUNT : 0
rocksdb.backup.write.bytes COUNT : 0
rocksdb.remote.compact.read.bytes COUNT : 0
rocksdb.remote.compact.write.bytes COUNT : 0
rocksdb.remote.compact.resumed.bytes COUNT : 0
rocksdb.hot.file.read.bytes COUNT : 0
rocksdb.warm.file.read.bytes COUNT : 0
rocksdb.cool.file.read.bytes COUNT : 0
rocksdb.cold.file.read.bytes COUNT : 0
rocksdb.ice.file.read.bytes COUNT : 0
rocksdb.hot.file.read.count COUNT : 0
rocksdb.warm.file.read.count COUNT : 0
rocksdb.cool.file.read.count COUNT : 0
rocksdb.cold.file.read.count COUNT : 0
rocksdb.ice.file.read.count COUNT : 0
rocksdb.last.level.read.bytes COUNT : 0
rocksdb.last.level.read.count COUNT : 0
rocksdb.non.last.level.read.bytes COUNT : 13199978677
rocksdb.non.last.level.read.count COUNT : 5405307
rocksdb.last.level.seek.filtered COUNT : 0
rocksdb.last.level.seek.filter.match COUNT : 0
rocksdb.last.level.seek.data COUNT : 0
rocksdb.last.level.seek.data.useful.no.filter COUNT : 0
rocksdb.last.level.seek.data.useful.filter.match COUNT : 0
rocksdb.non.last.level.seek.filtered COUNT : 0
rocksdb.non.last.level.seek.filter.match COUNT : 0
rocksdb.non.last.level.seek.data COUNT : 0
rocksdb.non.last.level.seek.data.useful.no.filter COUNT : 0
rocksdb.non.last.level.seek.data.useful.filter.match COUNT : 0
rocksdb.block.checksum.compute.count COUNT : 5404879
rocksdb.block.checksum.mismatch.count COUNT : 0
rocksdb.multiget.coroutine.count COUNT : 0
rocksdb.read.async.micros COUNT : 0
rocksdb.async.read.error.count COUNT : 0
rocksdb.table.open.prefetch.tail.miss COUNT : 0
rocksdb.table.open.prefetch.tail.hit COUNT : 0
rocksdb.timestamp.filter.table.checked COUNT : 0
rocksdb.timestamp.filter.table.filtered COUNT : 0
rocksdb.readahead.trimmed COUNT : 0
rocksdb.fifo.max.size.compactions COUNT : 0
rocksdb.fifo.ttl.compactions COUNT : 0
rocksdb.fifo.change_temperature.compactions COUNT : 0
rocksdb.prefetch.bytes COUNT : 0
rocksdb.prefetch.bytes.useful COUNT : 0
rocksdb.prefetch.hits COUNT : 0
rocksdb.footer.corruption.count COUNT : 0
rocksdb.file.read.corruption.retry.count COUNT : 0
rocksdb.file.read.corruption.retry.success.count COUNT : 0
rocksdb.number.wbwi.ingest COUNT : 0
rocksdb.sst.user.defined.index.load.fail.count COUNT : 0
rocksdb.multiscan.prepare.calls COUNT : 0
rocksdb.multiscan.prepare.errors COUNT : 0
rocksdb.multiscan.blocks.prefetched COUNT : 0
rocksdb.multiscan.blocks.from.cache COUNT : 0
rocksdb.multiscan.prefetch.bytes COUNT : 0
rocksdb.multiscan.prefetch.blocks.wasted COUNT : 0
rocksdb.multiscan.io.requests COUNT : 0
rocksdb.multiscan.io.coalesced.nonadjacent COUNT : 0
rocksdb.multiscan.seek.errors COUNT : 0
rocksdb.prefetch.memory.bytes.granted COUNT : 0
rocksdb.prefetch.memory.bytes.released COUNT : 0
rocksdb.prefetch.memory.requests.blocked COUNT : 0
rocksdb.read.path.range.tombstones.inserted COUNT : 0
rocksdb.read.path.range.tombstones.discarded COUNT : 0
rocksdb.file.open.metadata.retrieved COUNT : 0
rocksdb.file.open.metadata.passed COUNT : 0
rocksdb.manifest.validation.failure.count COUNT : 0
rocksdb.db.get.micros P50 : 30.122907 P95 : 1010.973835 P99 : 1837.872526 P100 : 285777.000000 COUNT : 400000 SUM : 47600360
rocksdb.db.write.micros P50 : 5.461725 P95 : 54.576830 P99 : 1023.365330 P100 : 9137179.000000 COUNT : 5000000 SUM : 670551581
rocksdb.compaction.times.micros P50 : 3075000.000000 P95 : 6582500.000000 P99 : 6732747.000000 P100 : 6732747.000000 COUNT : 39 SUM : 134477173
rocksdb.compaction.times.cpu_micros P50 : 1098000.000000 P95 : 2438796.000000 P99 : 2438796.000000 P100 : 2438796.000000 COUNT : 39 SUM : 51294175
rocksdb.subcompaction.setup.times.micros P50 : 0.000000 P95 : 0.000000 P99 : 0.000000 P100 : 0.000000 COUNT : 0 SUM : 0
rocksdb.table.sync.micros P50 : 327611.940299 P95 : 996000.000000 P99 : 1251229.000000 P100 : 1251229.000000 COUNT : 80 SUM : 33934000
rocksdb.compaction.outfile.sync.micros P50 : 588412.698413 P95 : 915250.000000 P99 : 1101095.000000 P100 : 1101095.000000 COUNT : 134 SUM : 71164420
rocksdb.wal.file.sync.micros P50 : 0.000000 P95 : 0.000000 P99 : 0.000000 P100 : 0.000000 COUNT : 0 SUM : 0
rocksdb.manifest.file.sync.micros P50 : 5296.739130 P95 : 7562.500000 P99 : 20000.000000 P100 : 148501.000000 COUNT : 125 SUM : 787190
rocksdb.table.open.io.micros P50 : 690.126582 P95 : 4482.500000 P99 : 7246.000000 P100 : 7246.000000 COUNT : 214 SUM : 208544
rocksdb.db.multiget.micros P50 : 0.000000 P95 : 0.000000 P99 : 0.000000 P100 : 0.000000 COUNT : 0 SUM : 0
rocksdb.read.block.compaction.micros P50 : 3.183791 P95 : 5.417832 P99 : 9.579380 P100 : 305237.000000 COUNT : 3935798 SUM : 27445975
rocksdb.read.block.get.micros P50 : 4.608669 P95 : 9.596052 P99 : 1164.473368 P100 : 285713.000000 COUNT : 1468867 SUM : 42633280
rocksdb.write.raw.block.micros P50 : 0.523924 P95 : 0.995455 P99 : 1.997964 P100 : 8491.000000 COUNT : 4384908 SUM : 9399872
rocksdb.numfiles.in.singlecompaction P50 : 3.166667 P95 : 9.000000 P99 : 9.000000 P100 : 9.000000 COUNT : 41 SUM : 195
rocksdb.db.seek.micros P50 : 0.000000 P95 : 0.000000 P99 : 0.000000 P100 : 0.000000 COUNT : 0 SUM : 0
rocksdb.db.write.stall P50 : 1101.907382 P95 : 2162.595005 P99 : 2784.223670 P100 : 9136556.000000 COUNT : 28626 SUM : 136129306
rocksdb.sst.read.micros P50 : 0.712415 P95 : 1.970513 P99 : 5.777575 P100 : 305207.000000 COUNT : 5405307 SUM : 53889794
rocksdb.file.read.flush.micros P50 : 4.750000 P95 : 61.869565 P99 : 75.782609 P100 : 133.000000 COUNT : 320 SUM : 5221
rocksdb.file.read.compaction.micros P50 : 0.644601 P95 : 1.944276 P99 : 5.300043 P100 : 305207.000000 COUNT : 3936334 SUM : 17718886
rocksdb.file.read.db.open.micros P50 : 0.000000 P95 : 0.000000 P99 : 0.000000 P100 : 0.000000 COUNT : 0 SUM : 0
rocksdb.file.read.get.micros P50 : 0.000000 P95 : 0.000000 P99 : 0.000000 P100 : 0.000000 COUNT : 0 SUM : 0
rocksdb.file.read.multiget.micros P50 : 0.000000 P95 : 0.000000 P99 : 0.000000 P100 : 0.000000 COUNT : 0 SUM : 0
rocksdb.file.read.db.iterator.micros P50 : 0.000000 P95 : 0.000000 P99 : 0.000000 P100 : 0.000000 COUNT : 0 SUM : 0
rocksdb.file.read.verify.db.checksum.micros P50 : 0.000000 P95 : 0.000000 P99 : 0.000000 P100 : 0.000000 COUNT : 0 SUM : 0
rocksdb.file.read.verify.file.checksums.micros P50 : 0.000000 P95 : 0.000000 P99 : 0.000000 P100 : 0.000000 COUNT : 0 SUM : 0
rocksdb.sst.write.micros P50 : 0.501443 P95 : 0.952742 P99 : 0.992857 P100 : 8489.000000 COUNT : 8770030 SUM : 7554613
rocksdb.file.write.flush.micros P50 : 0.501359 P95 : 0.952581 P99 : 0.992690 P100 : 5059.000000 COUNT : 2423938 SUM : 2135324
rocksdb.file.write.compaction.micros P50 : 0.501475 P95 : 0.952803 P99 : 0.992921 P100 : 8489.000000 COUNT : 6346092 SUM : 5419289
rocksdb.file.write.db.open.micros P50 : 0.000000 P95 : 0.000000 P99 : 0.000000 P100 : 0.000000 COUNT : 0 SUM : 0
rocksdb.num.subcompactions.scheduled P50 : 0.000000 P95 : 0.000000 P99 : 0.000000 P100 : 0.000000 COUNT : 0 SUM : 0
rocksdb.bytes.per.read P50 : 1024.000000 P95 : 1024.000000 P99 : 1024.000000 P100 : 1024.000000 COUNT : 400000 SUM : 402193408
rocksdb.bytes.per.write P50 : 1088.840415 P95 : 1285.796789 P99 : 2967.715920 P100 : 4188.000000 COUNT : 4832431 SUM : 5277989172
rocksdb.bytes.per.multiget P50 : 0.000000 P95 : 0.000000 P99 : 0.000000 P100 : 0.000000 COUNT : 0 SUM : 0
rocksdb.compression.times.nanos P50 : 0.000000 P95 : 0.000000 P99 : 0.000000 P100 : 0.000000 COUNT : 0 SUM : 0
rocksdb.decompression.times.nanos P50 : 0.000000 P95 : 0.000000 P99 : 0.000000 P100 : 0.000000 COUNT : 0 SUM : 0
rocksdb.read.num.merge_operands P50 : 0.000000 P95 : 0.000000 P99 : 0.000000 P100 : 0.000000 COUNT : 0 SUM : 0
rocksdb.blobdb.key.size P50 : 0.000000 P95 : 0.000000 P99 : 0.000000 P100 : 0.000000 COUNT : 0 SUM : 0
rocksdb.blobdb.value.size P50 : 0.000000 P95 : 0.000000 P99 : 0.000000 P100 : 0.000000 COUNT : 0 SUM : 0
rocksdb.blobdb.write.micros P50 : 0.000000 P95 : 0.000000 P99 : 0.000000 P100 : 0.000000 COUNT : 0 SUM : 0
rocksdb.blobdb.get.micros P50 : 0.000000 P95 : 0.000000 P99 : 0.000000 P100 : 0.000000 COUNT : 0 SUM : 0
rocksdb.blobdb.multiget.micros P50 : 0.000000 P95 : 0.000000 P99 : 0.000000 P100 : 0.000000 COUNT : 0 SUM : 0
rocksdb.blobdb.seek.micros P50 : 0.000000 P95 : 0.000000 P99 : 0.000000 P100 : 0.000000 COUNT : 0 SUM : 0
rocksdb.blobdb.next.micros P50 : 0.000000 P95 : 0.000000 P99 : 0.000000 P100 : 0.000000 COUNT : 0 SUM : 0
rocksdb.blobdb.prev.micros P50 : 0.000000 P95 : 0.000000 P99 : 0.000000 P100 : 0.000000 COUNT : 0 SUM : 0
rocksdb.blobdb.blob.file.write.micros P50 : 0.000000 P95 : 0.000000 P99 : 0.000000 P100 : 0.000000 COUNT : 0 SUM : 0
rocksdb.blobdb.blob.file.read.micros P50 : 0.000000 P95 : 0.000000 P99 : 0.000000 P100 : 0.000000 COUNT : 0 SUM : 0
rocksdb.blobdb.blob.file.sync.micros P50 : 0.000000 P95 : 0.000000 P99 : 0.000000 P100 : 0.000000 COUNT : 0 SUM : 0
rocksdb.blobdb.compression.micros P50 : 0.000000 P95 : 0.000000 P99 : 0.000000 P100 : 0.000000 COUNT : 0 SUM : 0
rocksdb.blobdb.decompression.micros P50 : 0.000000 P95 : 0.000000 P99 : 0.000000 P100 : 0.000000 COUNT : 0 SUM : 0
rocksdb.db.flush.micros P50 : 495151.515152 P95 : 1132000.000000 P99 : 1394898.000000 P100 : 1394898.000000 COUNT : 80 SUM : 45742904
rocksdb.sst.batch.size P50 : 0.000000 P95 : 0.000000 P99 : 0.000000 P100 : 0.000000 COUNT : 0 SUM : 0
rocksdb.multiget.io.batch.size P50 : 0.000000 P95 : 0.000000 P99 : 0.000000 P100 : 0.000000 COUNT : 0 SUM : 0
rocksdb.num.index.and.filter.blocks.read.per.level P50 : 0.000000 P95 : 0.000000 P99 : 0.000000 P100 : 0.000000 COUNT : 0 SUM : 0
rocksdb.num.sst.read.per.level P50 : 0.000000 P95 : 0.000000 P99 : 0.000000 P100 : 0.000000 COUNT : 0 SUM : 0
rocksdb.num.level.read.per.multiget P50 : 0.000000 P95 : 0.000000 P99 : 0.000000 P100 : 0.000000 COUNT : 0 SUM : 0
rocksdb.error.handler.autoresume.retry.count P50 : 0.000000 P95 : 0.000000 P99 : 0.000000 P100 : 0.000000 COUNT : 0 SUM : 0
rocksdb.async.read.bytes P50 : 0.000000 P95 : 0.000000 P99 : 0.000000 P100 : 0.000000 COUNT : 0 SUM : 0
rocksdb.poll.wait.micros P50 : 0.000000 P95 : 0.000000 P99 : 0.000000 P100 : 0.000000 COUNT : 0 SUM : 0
rocksdb.compaction.prefetch.bytes P50 : 0.000000 P95 : 0.000000 P99 : 0.000000 P100 : 0.000000 COUNT : 0 SUM : 0
rocksdb.prefetched.bytes.discarded P50 : 0.000000 P95 : 0.000000 P99 : 0.000000 P100 : 0.000000 COUNT : 0 SUM : 0
rocksdb.async.prefetch.abort.micros P50 : 0.000000 P95 : 0.000000 P99 : 0.000000 P100 : 0.000000 COUNT : 0 SUM : 0
rocksdb.table.open.prefetch.tail.read.bytes P50 : 0.000000 P95 : 0.000000 P99 : 0.000000 P100 : 0.000000 COUNT : 0 SUM : 0
rocksdb.num.op.per.transaction P50 : 0.000000 P95 : 0.000000 P99 : 0.000000 P100 : 0.000000 COUNT : 0 SUM : 0
rocksdb.multiscan.op.prepare.iterators.micros P50 : 0.000000 P95 : 0.000000 P99 : 0.000000 P100 : 0.000000 COUNT : 0 SUM : 0
rocksdb.multiscan.prepare.micros P50 : 0.000000 P95 : 0.000000 P99 : 0.000000 P100 : 0.000000 COUNT : 0 SUM : 0
rocksdb.multiscan.blocks.per.prepare P50 : 0.000000 P95 : 0.000000 P99 : 0.000000 P100 : 0.000000 COUNT : 0 SUM : 0
rocksdb.block.key.distribution.cv P50 : 0.000000 P95 : 0.000000 P99 : 0.000000 P100 : 0.000000 COUNT : 0 SUM : 0

[EXPERIMENT_COMPLETED]
