RocksDB:    version 11.3.0
Date:       Tue May 26 12:07:17 2026
CPU:        2 * Intel Xeon Processor (SapphireRapids)
CPUCache:   16384 KB
2026/05/26-12:07:18  ... thread 3: (37000,37000) ops and (36832.1,36832.1) ops/second in (1.004558,1.004558) seconds
2026/05/26-12:07:18  ... thread 0: (40000,40000) ops and (39485.0,39485.0) ops/second in (1.013044,1.013044) seconds
2026/05/26-12:07:18  ... thread 1: (36000,36000) ops and (35593.1,35593.1) ops/second in (1.011433,1.011433) seconds
2026/05/26-12:07:18  ... thread 2: (35000,35000) ops and (34081.7,34081.7) ops/second in (1.026945,1.026945) seconds
2026/05/26-12:07:19  ... thread 0: (34000,74000) ops and (33945.0,36730.7) ops/second in (1.001619,2.014663) seconds
2026/05/26-12:07:19  ... thread 3: (33000,70000) ops and (32412.0,34607.2) ops/second in (1.018142,2.022700) seconds
2026/05/26-12:07:19  ... thread 1: (33000,69000) ops and (32403.2,33992.7) ops/second in (1.018417,2.029850) seconds
2026/05/26-12:07:19  ... thread 2: (44000,79000) ops and (43407.5,38714.2) ops/second in (1.013649,2.040594) seconds
2026/05/26-12:07:20  ... thread 2: (18000,97000) ops and (13121.2,28425.6) ops/second in (1.371824,3.412418) seconds
2026/05/26-12:07:20  ... thread 0: (17000,91000) ops and (12092.1,26604.0) ops/second in (1.405875,3.420538) seconds
2026/05/26-12:07:20  ... thread 1: (19000,88000) ops and (13573.1,25658.4) ops/second in (1.399830,3.429680) seconds
2026/05/26-12:07:20  ... thread 3: (30000,100000) ops and (21155.8,29063.4) ops/second in (1.418052,3.440752) seconds
2026/05/26-12:07:21  ... thread 2: (17000,114000) ops and (15383.9,25235.4) ops/second in (1.105052,4.517470) seconds
2026/05/26-12:07:21  ... thread 1: (15000,103000) ops and (13725.5,22774.8) ops/second in (1.092857,4.522537) seconds
2026/05/26-12:07:21  ... thread 3: (13000,113000) ops and (11963.4,24959.1) ops/second in (1.086651,4.527403) seconds
2026/05/26-12:07:21  ... thread 0: (17000,108000) ops and (15271.5,23821.5) ops/second in (1.113185,4.533723) seconds
2026/05/26-12:07:22  ... thread 1: (26000,129000) ops and (24590.8,23118.9) ops/second in (1.057305,5.579842) seconds
2026/05/26-12:07:22  ... thread 2: (32000,146000) ops and (29948.1,26136.8) ops/second in (1.068514,5.585984) seconds
2026/05/26-12:07:22  ... thread 3: (29000,142000) ops and (26836.5,25320.9) ops/second in (1.080616,5.608019) seconds
2026/05/26-12:07:22  ... thread 0: (38000,146000) ops and (35164.1,26004.7) ops/second in (1.080648,5.614371) seconds
2026/05/26-12:07:24  ... thread 0: (13000,159000) ops and (11069.6,23421.1) ops/second in (1.174386,6.788757) seconds
2026/05/26-12:07:24  ... thread 3: (16000,158000) ops and (13384.8,23223.7) ops/second in (1.195389,6.803408) seconds
2026/05/26-12:07:24  ... thread 2: (15000,161000) ops and (12280.6,23650.7) ops/second in (1.221438,6.807422) seconds
2026/05/26-12:07:24  ... thread 1: (17000,146000) ops and (13757.2,21421.6) ops/second in (1.235715,6.815557) seconds
2026/05/26-12:07:25  ... thread 3: (17000,175000) ops and (13477.8,21699.4) ops/second in (1.261330,8.064738) seconds
2026/05/26-12:07:25  ... thread 2: (18000,179000) ops and (14279.2,22186.4) ops/second in (1.260577,8.067999) seconds
2026/05/26-12:07:25  ... thread 1: (13000,159000) ops and (10325.3,19691.4) ops/second in (1.259038,8.074595) seconds
2026/05/26-12:07:25  ... thread 0: (15000,174000) ops and (11642.9,21542.4) ops/second in (1.288334,8.077091) seconds
2026/05/26-12:07:26  ... thread 1: (13000,172000) ops and (11591.5,18703.6) ops/second in (1.121508,9.196103) seconds
2026/05/26-12:07:26  ... thread 3: (17000,192000) ops and (14826.7,20843.9) ops/second in (1.146583,9.211321) seconds
2026/05/26-12:07:26  ... thread 2: (16000,195000) ops and (13796.2,21131.9) ops/second in (1.159740,9.227739) seconds
2026/05/26-12:07:26  ... thread 0: (16000,190000) ops and (13726.1,20556.7) ops/second in (1.165659,9.242750) seconds
2026/05/26-12:07:27  ... thread 3: (22000,214000) ops and (21570.5,20916.3) ops/second in (1.019911,10.231232) seconds
2026/05/26-12:07:27  ... thread 1: (18000,190000) ops and (17355.4,18566.9) ops/second in (1.037142,10.233245) seconds
2026/05/26-12:07:27  ... thread 2: (17000,212000) ops and (16557.1,20673.9) ops/second in (1.026751,10.254490) seconds
2026/05/26-12:07:27  ... thread 0: (18000,208000) ops and (17769.3,20281.3) ops/second in (1.012985,10.255735) seconds
2026/05/26-12:07:28  ... thread 0: (20000,228000) ops and (14408.4,19581.2) ops/second in (1.388077,11.643812) seconds
2026/05/26-12:07:28  ... thread 3: (37000,251000) ops and (26065.5,21543.7) ops/second in (1.419503,11.650735) seconds
2026/05/26-12:07:28  ... thread 1: (25000,215000) ops and (17655.7,18456.2) ops/second in (1.415971,11.649216) seconds
2026/05/26-12:07:28  ... thread 2: (29000,241000) ops and (20432.7,20644.5) ops/second in (1.419294,11.673784) seconds
2026/05/26-12:07:30  ... thread 1: (18000,233000) ops and (14143.6,18031.4) ops/second in (1.272656,12.921872) seconds
2026/05/26-12:07:30  ... thread 0: (16000,244000) ops and (12428.0,18869.1) ops/second in (1.287415,12.931227) seconds
2026/05/26-12:07:30  ... thread 3: (13000,264000) ops and (10070.5,20399.3) ops/second in (1.290900,12.941635) seconds
2026/05/26-12:07:30  ... thread 2: (16000,257000) ops and (12510.2,19841.4) ops/second in (1.278960,12.952744) seconds
2026/05/26-12:07:31  ... thread 2: (31000,288000) ops and (20702.4,19930.6) ops/second in (1.497414,14.450158) seconds
2026/05/26-12:07:31  ... thread 3: (32000,296000) ops and (21153.2,20478.2) ops/second in (1.512776,14.454411) seconds
2026/05/26-12:07:31  ... thread 1: (30000,263000) ops and (19603.6,18197.9) ops/second in (1.530334,14.452206) seconds
2026/05/26-12:07:31  ... thread 0: (31000,275000) ops and (20332.2,19023.4) ops/second in (1.524672,14.455899) seconds
2026/05/26-12:07:32  ... thread 2: (14000,302000) ops and (12872.8,19436.6) ops/second in (1.087568,15.537726) seconds
2026/05/26-12:07:32  ... thread 0: (13000,288000) ops and (12003.6,18534.1) ops/second in (1.083006,15.538905) seconds
2026/05/26-12:07:32  ... thread 1: (14000,277000) ops and (12895.3,17827.4) ops/second in (1.085667,15.537873) seconds
2026/05/26-12:07:32  ... thread 3: (21000,317000) ops and (19279.7,20394.2) ops/second in (1.089231,15.543642) seconds
2026/05/26-12:07:33  ... thread 3: (14000,331000) ops and (11854.5,19791.2) ops/second in (1.180986,16.724628) seconds
2026/05/26-12:07:34  ... thread 1: (19000,296000) ops and (15964.6,17694.9) ops/second in (1.190135,16.728008) seconds
2026/05/26-12:07:34  ... thread 0: (16000,304000) ops and (13378.0,18165.6) ops/second in (1.195997,16.734902) seconds
2026/05/26-12:07:34  ... thread 2: (14000,316000) ops and (11481.5,18857.7) ops/second in (1.219355,16.757081) seconds
2026/05/26-12:07:35  ... thread 3: (30000,361000) ops and (29758.3,20357.8) ops/second in (1.008122,17.732750) seconds
2026/05/26-12:07:35  ... thread 1: (35000,331000) ops and (34677.5,18661.2) ops/second in (1.009300,17.737308) seconds
2026/05/26-12:07:35  ... thread 0: (29000,333000) ops and (28513.0,18758.5) ops/second in (1.017079,17.751981) seconds
2026/05/26-12:07:35  ... thread 2: (33000,349000) ops and (32689.1,19643.6) ops/second in (1.009512,17.766593) seconds
2026/05/26-12:07:36  ... thread 3: (15000,376000) ops and (14699.1,20049.9) ops/second in (1.020469,18.753219) seconds
2026/05/26-12:07:36  ... thread 1: (18000,349000) ops and (17558.8,18601.0) ops/second in (1.025128,18.762436) seconds
2026/05/26-12:07:36  ... thread 2: (14000,363000) ops and (13891.6,19334.8) ops/second in (1.007801,18.774394) seconds
2026/05/26-12:07:36  ... thread 0: (14000,347000) ops and (13604.0,18476.0) ops/second in (1.029109,18.781090) seconds
2026/05/26-12:07:37  ... thread 3: (35000,411000) ops and (34840.2,20801.9) ops/second in (1.004587,19.757806) seconds
2026/05/26-12:07:37  ... thread 1: (26000,375000) ops and (25812.4,18968.4) ops/second in (1.007268,19.769704) seconds
2026/05/26-12:07:37  ... thread 0: (31000,378000) ops and (30943.9,19107.4) ops/second in (1.001812,19.782902) seconds
2026/05/26-12:07:37  ... thread 2: (39000,402000) ops and (38201.7,20307.9) ops/second in (1.020897,19.795291) seconds
2026/05/26-12:07:38  ... thread 3: (12000,423000) ops and (10964.6,20285.6) ops/second in (1.094427,20.852233) seconds
2026/05/26-12:07:38  ... thread 0: (13000,391000) ops and (12021.9,18740.2) ops/second in (1.081360,20.864262) seconds
2026/05/26-12:07:38  ... thread 2: (13000,415000) ops and (12161.1,19890.5) ops/second in (1.068981,20.864272) seconds
2026/05/26-12:07:38  ... thread 1: (16000,391000) ops and (14472.9,18730.3) ops/second in (1.105517,20.875221) seconds
2026/05/26-12:07:39  ... thread 1: (13000,404000) ops and (11787.0,18381.9) ops/second in (1.102914,21.978135) seconds
2026/05/26-12:07:39  ... thread 2: (17000,432000) ops and (15083.1,19644.1) ops/second in (1.127086,21.991358) seconds
2026/05/26-12:07:39  ... thread 3: (18000,441000) ops and (15753.2,20050.1) ops/second in (1.142624,21.994857) seconds
2026/05/26-12:07:39  ... thread 0: (15000,406000) ops and (13284.6,18460.1) ops/second in (1.129128,21.993390) seconds
2026/05/26-12:07:40  ... thread 1: (35000,439000) ops and (33760.2,19074.6) ops/second in (1.036723,23.014858) seconds
2026/05/26-12:07:40  ... thread 0: (27000,433000) ops and (26340.7,18811.0) ops/second in (1.025028,23.018418) seconds
2026/05/26-12:07:40  ... thread 2: (31000,463000) ops and (30097.1,20111.8) ops/second in (1.030001,23.021359) seconds
2026/05/26-12:07:40  ... thread 3: (30000,471000) ops and (29095.2,20455.2) ops/second in (1.031099,23.025956) seconds
2026/05/26-12:07:41  ... thread 1: (16000,455000) ops and (13145.1,18776.8) ops/second in (1.217183,24.232041) seconds
2026/05/26-12:07:41  ... thread 0: (15000,448000) ops and (12294.4,18483.0) ops/second in (1.220068,24.238486) seconds
2026/05/26-12:07:41  ... thread 2: (18000,481000) ops and (14702.6,19838.6) ops/second in (1.224277,24.245636) seconds
2026/05/26-12:07:41  ... thread 3: (15000,486000) ops and (12229.3,20039.2) ops/second in (1.226561,24.252517) seconds
2026/05/26-12:07:42  ... thread 0: (30000,478000) ops and (29976.7,18938.7) ops/second in (1.000777,25.239263) seconds
2026/05/26-12:07:42  ... thread 1: (34000,489000) ops and (33402.1,19366.4) ops/second in (1.017900,25.249941) seconds
2026/05/26-12:07:42  ... thread 2: (32000,513000) ops and (31621.4,20310.7) ops/second in (1.011974,25.257610) seconds
2026/05/26-12:07:42  ... thread 3: (29000,515000) ops and (28624.6,20383.4) ops/second in (1.013116,25.265633) seconds
2026/05/26-12:07:43  ... thread 0: (19000,497000) ops and (17981.3,18900.3) ops/second in (1.056651,26.295914) seconds
2026/05/26-12:07:43  ... thread 1: (12000,501000) ops and (10081.4,18948.4) ops/second in (1.190316,26.440257) seconds
2026/05/26-12:07:44  ... thread 3: (14000,529000) ops and (7835.6,19554.7) ops/second in (1.786728,27.052361) seconds
2026/05/26-12:07:44  ... thread 2: (20000,533000) ops and (10493.4,19621.9) ops/second in (1.905956,27.163566) seconds
2026/05/26-12:07:44  ... thread 1: (1000,502000) ops and (945.5,18255.9) ops/second in (1.057659,27.497916) seconds
2026/05/26-12:07:45  ... thread 0: (4000,501000) ops and (2098.0,17764.4) ops/second in (1.906539,28.202453) seconds
2026/05/26-12:07:45  ... thread 3: (3000,532000) ops and (2311.2,18765.2) ops/second in (1.298053,28.350414) seconds
2026/05/26-12:07:45  ... thread 1: (2000,504000) ops and (1765.2,17603.4) ops/second in (1.132993,28.630909) seconds
2026/05/26-12:07:46  ... thread 2: (2000,535000) ops and (1007.5,18354.2) ops/second in (1.985083,29.148649) seconds
2026/05/26-12:07:46  ... thread 0: (2000,503000) ops and (1625.8,17089.9) ops/second in (1.230137,29.432590) seconds
2026/05/26-12:07:47  ... thread 3: (2000,534000) ops and (1434.1,17952.6) ops/second in (1.394606,29.745020) seconds
2026/05/26-12:07:47  ... thread 1: (2000,506000) ops and (1797.6,17012.1) ops/second in (1.112603,29.743512) seconds
2026/05/26-12:07:47  ... thread 2: (17000,552000) ops and (16786.0,18301.5) ops/second in (1.012748,30.161397) seconds
2026/05/26-12:07:47  ... thread 0: (25000,528000) ops and (21969.3,17271.5) ops/second in (1.137953,30.570543) seconds
2026/05/26-12:07:48  ... thread 3: (39000,573000) ops and (38907.3,18635.7) ops/second in (1.002383,30.747403) seconds
2026/05/26-12:07:48  ... thread 1: (37000,543000) ops and (36423.6,17653.2) ops/second in (1.015826,30.759338) seconds
2026/05/26-12:07:48  ... thread 2: (24000,576000) ops and (23235.4,18464.9) ops/second in (1.032906,31.194303) seconds
2026/05/26-12:07:49  ... thread 0: (28000,556000) ops and (16798.9,17247.1) ops/second in (1.666778,32.237321) seconds
2026/05/26-12:07:49  ... thread 3: (21000,594000) ops and (14056.4,18423.5) ops/second in (1.493986,32.241389) seconds
2026/05/26-12:07:49  ... thread 1: (18000,561000) ops and (12154.1,17400.6) ops/second in (1.480981,32.240319) seconds
2026/05/26-12:07:49  ... thread 2: (16000,592000) ops and (15240.3,18359.9) ops/second in (1.049848,32.244151) seconds
2026/05/26-12:07:50  ... thread 3: (28000,622000) ops and (27551.6,18702.5) ops/second in (1.016274,33.257663) seconds
2026/05/26-12:07:50  ... thread 1: (25000,586000) ops and (24587.6,17620.3) ops/second in (1.016773,33.257092) seconds
2026/05/26-12:07:50  ... thread 2: (23000,615000) ops and (22444.5,18485.7) ops/second in (1.024749,33.268900) seconds
2026/05/26-12:07:50  ... thread 0: (21000,577000) ops and (20260.4,17341.0) ops/second in (1.036505,33.273826) seconds
2026/05/26-12:07:51  ... thread 1: (24000,610000) ops and (20187.5,17708.9) ops/second in (1.188852,34.445944) seconds
2026/05/26-12:07:51  ... thread 0: (24000,601000) ops and (19867.7,17429.5) ops/second in (1.207992,34.481818) seconds
2026/05/26-12:07:52  ... thread 2: (24000,639000) ops and (15885.5,18372.8) ops/second in (1.510814,34.779714) seconds
2026/05/26-12:07:52  ... thread 3: (20000,642000) ops and (11841.2,18370.8) ops/second in (1.689016,34.946679) seconds
2026/05/26-12:07:52  ... thread 1: (2000,612000) ops and (1986.2,17262.3) ops/second in (1.006946,35.452890) seconds
2026/05/26-12:07:52  ... thread 0: (3000,604000) ops and (2470.0,16920.5) ops/second in (1.214588,35.696406) seconds
2026/05/26-12:07:53  ... thread 2: (2000,641000) ops and (1548.9,17770.5) ops/second in (1.291216,36.070930) seconds
2026/05/26-12:07:53  ... thread 3: (2000,644000) ops and (1428.6,17718.3) ops/second in (1.400000,36.346679) seconds
2026/05/26-12:07:54  ... thread 0: (2000,606000) ops and (1646.2,16417.7) ops/second in (1.214929,36.911335) seconds
2026/05/26-12:07:54  ... thread 1: (2000,614000) ops and (1208.1,16546.2) ops/second in (1.655431,37.108321) seconds
2026/05/26-12:07:54  ... thread 2: (2000,643000) ops and (1678.8,17256.1) ops/second in (1.191306,37.262236) seconds
2026/05/26-12:07:54  ... thread 3: (2000,646000) ops and (1899.6,17272.9) ops/second in (1.052857,37.399536) seconds
2026/05/26-12:07:55  ... thread 0: (2000,608000) ops and (1567.1,15921.4) ops/second in (1.276233,38.187568) seconds
2026/05/26-12:07:55  ... thread 1: (2000,616000) ops and (1392.2,15981.4) ops/second in (1.436575,38.544896) seconds
2026/05/26-12:07:56  ... thread 2: (3000,646000) ops and (1964.3,16654.0) ops/second in (1.527269,38.789505) seconds
2026/05/26-12:07:56  ... thread 3: (2000,648000) ops and (1171.6,16570.1) ops/second in (1.707057,39.106593) seconds
2026/05/26-12:07:56  ... thread 0: (2000,610000) ops and (1467.4,15423.3) ops/second in (1.362939,39.550507) seconds
2026/05/26-12:07:57  ... thread 2: (2000,648000) ops and (1668.0,16204.6) ops/second in (1.199035,39.988540) seconds
2026/05/26-12:07:57  ... thread 1: (3000,619000) ops and (1939.3,15439.6) ops/second in (1.546941,40.091837) seconds
2026/05/26-12:07:57  ... thread 3: (2000,650000) ops and (1334.4,16007.7) ops/second in (1.498780,40.605373) seconds
2026/05/26-12:07:57  ... thread 0: (2000,612000) ops and (1852.0,15062.6) ops/second in (1.079896,40.630403) seconds
2026/05/26-12:07:58  ... thread 2: (3000,651000) ops and (2274.3,15759.8) ops/second in (1.319114,41.307654) seconds
2026/05/26-12:07:59  ... thread 1: (2000,621000) ops and (1207.5,14874.9) ops/second in (1.656277,41.748114) seconds
2026/05/26-12:07:59  ... thread 0: (2000,614000) ops and (1706.7,14688.2) ops/second in (1.171852,41.802255) seconds
2026/05/26-12:07:59  ... thread 3: (2000,652000) ops and (1487.7,15542.4) ops/second in (1.344334,41.949707) seconds
2026/05/26-12:07:59  ... thread 2: (2000,653000) ops and (1662.7,15360.9) ops/second in (1.202874,42.510528) seconds
2026/05/26-12:08:00  ... thread 1: (2000,623000) ops and (1732.7,14521.3) ops/second in (1.154249,42.902363) seconds
2026/05/26-12:08:00  ... thread 3: (2000,654000) ops and (1735.8,15173.3) ops/second in (1.152183,43.101890) seconds
2026/05/26-12:08:00  ... thread 0: (2000,616000) ops and (1306.1,14215.3) ops/second in (1.531262,43.333517) seconds
2026/05/26-12:08:01  ... thread 0: (2000,618000) ops and (1964.0,13934.0) ops/second in (1.018354,44.351871) seconds
2026/05/26-12:08:01  ... thread 1: (2000,625000) ops and (1200.4,14023.4) ops/second in (1.666144,44.568507) seconds
2026/05/26-12:08:01  ... thread 2: (3000,656000) ops and (1448.0,14714.3) ops/second in (2.071815,44.582343) seconds
2026/05/26-12:08:02  ... thread 3: (2000,656000) ops and (1175.7,14641.9) ops/second in (1.701072,44.802962) seconds
2026/05/26-12:08:02  ... thread 1: (1000,626000) ops and (942.4,13719.2) ops/second in (1.061082,45.629589) seconds
2026/05/26-12:08:03  ... thread 0: (1000,619000) ops and (641.3,13482.5) ops/second in (1.559430,45.911301) seconds
2026/05/26-12:08:03  ... thread 3: (1000,657000) ops and (834.9,14282.4) ops/second in (1.197788,46.000750) seconds
2026/05/26-12:08:03  ... thread 2: (2000,658000) ops and (1390.1,14297.8) ops/second in (1.438721,46.021064) seconds
2026/05/26-12:08:04  ... thread 2: (1000,659000) ops and (989.0,14011.7) ops/second in (1.011091,47.032155) seconds
2026/05/26-12:08:04  ... thread 3: (2000,659000) ops and (1596.3,13946.0) ops/second in (1.252904,47.253654) seconds
2026/05/26-12:08:04  ... thread 1: (2000,628000) ops and (982.4,13175.1) ops/second in (2.035915,47.665504) seconds
2026/05/26-12:08:05  ... thread 0: (2000,621000) ops and (1047.7,12986.1) ops/second in (1.909034,47.820335) seconds
2026/05/26-12:08:06  ... thread 3: (1000,660000) ops and (666.2,13537.1) ops/second in (1.501076,48.754730) seconds
2026/05/26-12:08:06  ... thread 0: (1000,622000) ops and (983.9,12736.3) ops/second in (1.016361,48.836696) seconds
2026/05/26-12:08:06  ... thread 2: (2000,661000) ops and (1063.7,13514.0) ops/second in (1.880240,48.912395) seconds
2026/05/26-12:08:07  ... thread 1: (2000,630000) ops and (922.5,12642.1) ops/second in (2.168050,49.833554) seconds
2026/05/26-12:08:07  ... thread 3: (1000,661000) ops and (886.2,13251.0) ops/second in (1.128448,49.883178) seconds
2026/05/26-12:08:07  ... thread 2: (1000,662000) ops and (934.7,13244.7) ops/second in (1.069884,49.982279) seconds
2026/05/26-12:08:07  ... thread 0: (2000,624000) ops and (1109.7,12322.5) ops/second in (1.802340,50.639036) seconds
2026/05/26-12:08:08  ... thread 1: (1000,631000) ops and (858.2,12372.9) ops/second in (1.165191,50.998745) seconds
2026/05/26-12:08:08  ... thread 2: (2000,664000) ops and (1239.1,12869.1) ops/second in (1.614115,51.596394) seconds
2026/05/26-12:08:09  ... thread 3: (2000,663000) ops and (1052.7,12803.4) ops/second in (1.899874,51.783052) seconds
2026/05/26-12:08:09  ... thread 1: (2000,633000) ops and (1698.6,12132.0) ops/second in (1.177413,52.176158) seconds
2026/05/26-12:08:09  ... thread 0: (1000,625000) ops and (647.7,11977.1) ops/second in (1.543957,52.182993) seconds
2026/05/26-12:08:09  ... thread 2: (1000,665000) ops and (935.7,12627.0) ops/second in (1.068685,52.665079) seconds
2026/05/26-12:08:10  ... thread 1: (1000,634000) ops and (989.9,11920.3) ops/second in (1.010249,53.186407) seconds
2026/05/26-12:08:11  ... thread 2: (1000,666000) ops and (854.2,12371.0) ops/second in (1.170633,53.835712) seconds
2026/05/26-12:08:11  ... thread 0: (2000,627000) ops and (1102.2,11611.7) ops/second in (1.814478,53.997471) seconds
2026/05/26-12:08:11  ... thread 3: (2000,665000) ops and (897.6,12312.2) ops/second in (2.228215,54.011267) seconds
2026/05/26-12:08:12  ... thread 1: (2000,636000) ops and (1245.2,11607.4) ops/second in (1.606124,54.792531) seconds
2026/05/26-12:08:12  ... thread 2: (1000,667000) ops and (872.0,12131.1) ops/second in (1.146845,54.982557) seconds
2026/05/26-12:08:12  ... thread 3: (1000,666000) ops and (993.4,12105.1) ops/second in (1.006684,55.017951) seconds
2026/05/26-12:08:12  ... thread 0: (2000,629000) ops and (1201.9,11300.5) ops/second in (1.663974,55.661445) seconds
2026/05/26-12:08:13  ... thread 2: (1000,668000) ops and (993.4,11930.9) ops/second in (1.006627,55.989184) seconds
2026/05/26-12:08:13  ... thread 1: (2000,638000) ops and (1330.2,11332.9) ops/second in (1.503509,56.296040) seconds
2026/05/26-12:08:13  ... thread 3: (1000,667000) ops and (712.9,11821.9) ops/second in (1.402810,56.420761) seconds
2026/05/26-12:08:14  ... thread 1: (1000,639000) ops and (833.7,11113.9) ops/second in (1.199452,57.495492) seconds
2026/05/26-12:08:14  ... thread 0: (2000,631000) ops and (1058.5,10964.2) ops/second in (1.889483,57.550928) seconds
2026/05/26-12:08:15  ... thread 2: (2000,670000) ops and (1060.1,11576.5) ops/second in (1.886651,57.875835) seconds
2026/05/26-12:08:15  ... thread 3: (2000,669000) ops and (1366.3,11557.5) ops/second in (1.463823,57.884584) seconds
2026/05/26-12:08:15  ... thread 1: (13000,652000) ops and (12604.7,11140.2) ops/second in (1.031360,58.526852) seconds
2026/05/26-12:08:15  ... thread 0: (14000,645000) ops and (13021.5,11001.9) ops/second in (1.075144,58.626072) seconds
2026/05/26-12:08:16  ... thread 3: (25000,694000) ops and (24947.3,11785.3) ops/second in (1.002111,58.886695) seconds
2026/05/26-12:08:16  ... thread 2: (24000,694000) ops and (23749.7,11785.4) ops/second in (1.010541,58.886376) seconds
2026/05/26-12:08:16  ... thread 1: (21000,673000) ops and (20956.7,11305.4) ops/second in (1.002064,59.528916) seconds
2026/05/26-12:08:16  ... thread 0: (20000,665000) ops and (19504.5,11148.1) ops/second in (1.025406,59.651478) seconds
2026/05/26-12:08:17  ... thread 2: (20000,714000) ops and (19889.9,11921.5) ops/second in (1.005537,59.891913) seconds
2026/05/26-12:08:17  ... thread 3: (26000,720000) ops and (25385.7,12017.8) ops/second in (1.024199,59.910894) seconds
2026/05/26-12:08:17  ... thread 1: (13000,686000) ops and (12241.8,11321.8) ops/second in (1.061932,60.590848) seconds
2026/05/26-12:08:17  ... thread 0: (15000,680000) ops and (14669.5,11207.4) ops/second in (1.022532,60.674010) seconds
2026/05/26-12:08:18  ... thread 2: (14000,728000) ops and (13800.0,11952.8) ops/second in (1.014496,60.906409) seconds
2026/05/26-12:08:18  ... thread 3: (14000,734000) ops and (13855.1,12048.3) ops/second in (1.010459,60.921353) seconds
2026/05/26-12:08:19  ... thread 0: (11000,691000) ops and (10289.8,11191.5) ops/second in (1.069024,61.743034) seconds
2026/05/26-12:08:19  ... thread 1: (14000,700000) ops and (12074.6,11336.0) ops/second in (1.159460,61.750308) seconds
2026/05/26-12:08:19  ... thread 3: (10000,744000) ops and (9685.2,12008.9) ops/second in (1.032505,61.953858) seconds
2026/05/26-12:08:19  ... thread 2: (11000,739000) ops and (10069.8,11919.6) ops/second in (1.092374,61.998783) seconds
2026/05/26-12:08:20  ... thread 0: (23000,714000) ops and (22697.9,11377.3) ops/second in (1.013309,62.756343) seconds
2026/05/26-12:08:20  ... thread 1: (28000,728000) ops and (27527.0,11598.4) ops/second in (1.017182,62.767490) seconds
2026/05/26-12:08:20  ... thread 3: (26000,770000) ops and (23381.1,12209.5) ops/second in (1.112011,63.065869) seconds
2026/05/26-12:08:20  ... thread 2: (29000,768000) ops and (26773.5,12174.6) ops/second in (1.083161,63.081944) seconds
2026/05/26-12:08:21  ... thread 0: (23000,737000) ops and (22805.5,11558.1) ops/second in (1.008530,63.764873) seconds
2026/05/26-12:08:21  ... thread 1: (24000,752000) ops and (23649.0,11790.1) ops/second in (1.014841,63.782331) seconds
2026/05/26-12:08:21  ... thread 2: (26000,794000) ops and (25932.7,12389.9) ops/second in (1.002596,64.084540) seconds
2026/05/26-12:08:21  ... thread 3: (29000,799000) ops and (28304.8,12466.8) ops/second in (1.024562,64.090431) seconds
2026/05/26-12:08:22  ... thread 0: (22000,759000) ops and (21828.2,11717.9) ops/second in (1.007869,64.772742) seconds
2026/05/26-12:08:22  ... thread 1: (23000,775000) ops and (22212.2,11956.6) ops/second in (1.035465,64.817796) seconds
2026/05/26-12:08:22  ... thread 3: (23000,822000) ops and (22266.9,12622.2) ops/second in (1.032925,65.123356) seconds
2026/05/26-12:08:22  ... thread 2: (22000,816000) ops and (20907.0,12527.5) ops/second in (1.052278,65.136818) seconds
2026/05/26-12:08:23  ... thread 0: (24000,783000) ops and (23328.0,11899.4) ops/second in (1.028806,65.801548) seconds
2026/05/26-12:08:23  ... thread 1: (25000,800000) ops and (24447.8,12150.6) ops/second in (1.022588,65.840384) seconds
2026/05/26-12:08:23  ... thread 3: (23000,845000) ops and (22904.5,12778.3) ops/second in (1.004170,66.127526) seconds
2026/05/26-12:08:23  ... thread 2: (26000,842000) ops and (24887.0,12722.6) ops/second in (1.044722,66.181540) seconds
2026/05/26-12:08:24  ... thread 0: (28000,811000) ops and (27004.1,12133.7) ops/second in (1.036879,66.838427) seconds
2026/05/26-12:08:24  ... thread 1: (25000,825000) ops and (21490.7,12312.8) ops/second in (1.163293,67.003677) seconds
2026/05/26-12:08:24  ... thread 3: (16000,861000) ops and (12104.4,12765.1) ops/second in (1.321838,67.449364) seconds
2026/05/26-12:08:24  ... thread 2: (19000,861000) ops and (14354.7,12754.6) ops/second in (1.323611,67.505151) seconds
2026/05/26-12:08:25  ... thread 1: (1000,826000) ops and (883.0,12122.8) ops/second in (1.132469,68.136146) seconds
2026/05/26-12:08:25  ... thread 0: (2000,813000) ops and (1255.2,11880.4) ops/second in (1.593347,68.431774) seconds
2026/05/26-12:08:25  ... thread 2: (2000,863000) ops and (1874.3,12585.3) ops/second in (1.067067,68.572218) seconds
2026/05/26-12:08:26  ... thread 3: (2000,863000) ops and (945.5,12405.7) ops/second in (2.115287,69.564651) seconds
2026/05/26-12:08:27  ... thread 2: (2000,865000) ops and (1572.9,12384.8) ops/second in (1.271544,69.843762) seconds
2026/05/26-12:08:27  ... thread 0: (1000,814000) ops and (696.2,11650.5) ops/second in (1.436384,69.868158) seconds
2026/05/26-12:08:28  ... thread 1: (2000,828000) ops and (751.1,11695.1) ops/second in (2.662890,70.799036) seconds
2026/05/26-12:08:28  ... thread 3: (1000,864000) ops and (714.9,12175.3) ops/second in (1.398728,70.963379) seconds
2026/05/26-12:08:29  ... thread 2: (2000,867000) ops and (1053.0,12084.8) ops/second in (1.899264,71.743026) seconds
2026/05/26-12:08:29  ... thread 3: (1000,865000) ops and (848.1,11990.2) ops/second in (1.179094,72.142473) seconds
2026/05/26-12:08:29  ... thread 0: (2000,816000) ops and (840.4,11294.4) ops/second in (2.379778,72.247936) seconds
2026/05/26-12:08:29  ... thread 1: (2000,830000) ops and (1087.0,11426.4) ops/second in (1.839855,72.638891) seconds
2026/05/26-12:08:30  ... thread 2: (1000,868000) ops and (988.1,11930.4) ops/second in (1.012073,72.755099) seconds
2026/05/26-12:08:30  ... thread 3: (1000,866000) ops and (864.5,11814.6) ops/second in (1.156728,73.299201) seconds
2026/05/26-12:08:30  ... thread 1: (1000,831000) ops and (988.6,11283.0) ops/second in (1.011481,73.650372) seconds
2026/05/26-12:08:31  ... thread 0: (2000,818000) ops and (1007.0,11019.2) ops/second in (1.986182,74.234118) seconds
2026/05/26-12:08:32  ... thread 2: (1000,869000) ops and (492.2,11619.7) ops/second in (2.031825,74.786924) seconds
2026/05/26-12:08:32  ... thread 3: (2000,868000) ops and (912.7,11498.1) ops/second in (2.191341,75.490542) seconds
2026/05/26-12:08:32  ... thread 1: (2000,833000) ops and (1082.2,11033.3) ops/second in (1.848009,75.498381) seconds
2026/05/26-12:08:33  ... thread 0: (2000,820000) ops and (1050.8,10770.0) ops/second in (1.903326,76.137444) seconds
2026/05/26-12:08:33  ... thread 2: (1000,870000) ops and (655.7,11400.6) ops/second in (1.525179,76.312103) seconds
2026/05/26-12:08:34  ... thread 1: (2000,835000) ops and (1337.1,10845.0) ops/second in (1.495724,76.994105) seconds
2026/05/26-12:08:34  ... thread 2: (1000,871000) ops and (986.2,11264.0) ops/second in (1.014028,77.326131) seconds
2026/05/26-12:08:34  ... thread 0: (1000,821000) ops and (801.0,10609.2) ops/second in (1.248415,77.385859) seconds
2026/05/26-12:08:35  ... thread 3: (2000,870000) ops and (886.8,11190.3) ops/second in (2.255375,77.745917) seconds
2026/05/26-12:08:35  ... thread 0: (1000,822000) ops and (967.0,10482.0) ops/second in (1.034131,78.419990) seconds
2026/05/26-12:08:35  ... thread 1: (1000,836000) ops and (687.9,10656.8) ops/second in (1.453731,78.447836) seconds
2026/05/26-12:08:35  ... thread 2: (1000,872000) ops and (847.6,11107.4) ops/second in (1.179798,78.505929) seconds
2026/05/26-12:08:36  ... thread 3: (2000,872000) ops and (1389.2,11012.1) ops/second in (1.439677,79.185594) seconds
2026/05/26-12:08:36  ... thread 0: (9000,831000) ops and (8774.5,10460.0) ops/second in (1.025696,79.445686) seconds
2026/05/26-12:08:36  ... thread 1: (9000,845000) ops and (8921.4,10634.7) ops/second in (1.008806,79.456642) seconds
2026/05/26-12:08:36  ... thread 2: (10000,882000) ops and (9719.6,11089.5) ops/second in (1.028854,79.534783) seconds
2026/05/26-12:08:37  ... thread 3: (24000,896000) ops and (22683.0,11166.0) ops/second in (1.058063,80.243657) seconds
2026/05/26-12:08:37  ... thread 0: (22000,853000) ops and (21776.4,10602.1) ops/second in (1.010268,80.455954) seconds
2026/05/26-12:08:37  ... thread 1: (25000,870000) ops and (24467.6,10810.4) ops/second in (1.021758,80.478400) seconds
2026/05/26-12:08:37  ... thread 2: (22000,904000) ops and (21439.7,11221.3) ops/second in (1.026134,80.560917) seconds
2026/05/26-12:08:38  ... thread 3: (24000,920000) ops and (23039.3,11318.2) ops/second in (1.041699,81.285356) seconds
2026/05/26-12:08:38  ... thread 0: (24000,877000) ops and (23737.6,10765.1) ops/second in (1.011055,81.467009) seconds
2026/05/26-12:08:38  ... thread 1: (26000,896000) ops and (25468.5,10994.0) ops/second in (1.020867,81.499267) seconds
2026/05/26-12:08:38  ... thread 2: (27000,931000) ops and (25988.8,11409.3) ops/second in (1.038908,81.599825) seconds
2026/05/26-12:08:39  ... thread 3: (18000,938000) ops and (17772.4,11397.6) ops/second in (1.012804,82.298160) seconds
2026/05/26-12:08:39  ... thread 0: (18000,895000) ops and (17930.8,10852.3) ops/second in (1.003861,82.470870) seconds
2026/05/26-12:08:39  ... thread 1: (22000,918000) ops and (21803.6,11126.2) ops/second in (1.009008,82.508275) seconds
2026/05/26-12:08:39  ... thread 2: (19000,950000) ops and (18636.2,11498.5) ops/second in (1.019522,82.619347) seconds
2026/05/26-12:08:40  ... thread 3: (30000,968000) ops and (29845.1,11620.2) ops/second in (1.005191,83.303351) seconds
2026/05/26-12:08:40  ... thread 0: (37000,932000) ops and (36423.7,11163.5) ops/second in (1.015823,83.486693) seconds
2026/05/26-12:08:40  ... thread 1: (34000,952000) ops and (33777.9,11399.2) ops/second in (1.006574,83.514849) seconds
2026/05/26-12:08:41  ... thread 3: (12000,980000) ops and (9237.3,11583.6) ops/second in (1.299083,84.602434) seconds
2026/05/26-12:08:42  ... thread 0: (8000,940000) ops and (5745.1,11074.6) ops/second in (1.392493,84.879186) seconds
2026/05/26-12:08:42  ... thread 2: (36000,986000) ops and (15342.6,11604.7) ops/second in (2.346404,84.965751) seconds
2026/05/26-12:08:42  ... thread 1: (5000,957000) ops and (2601.2,11201.2) ops/second in (1.922175,85.437024) seconds
2026/05/26-12:08:43  ... thread 0: (2000,942000) ops and (1703.6,10946.7) ops/second in (1.173982,86.053168) seconds
2026/05/26-12:08:43  ... thread 3: (2000,982000) ops and (1132.4,11369.9) ops/second in (1.766138,86.368572) seconds
2026/05/26-12:08:44  ... thread 2: (1000,987000) ops and (519.1,11358.9) ops/second in (1.926373,86.892124) seconds
2026/05/26-12:08:44  ... thread 1: (2000,959000) ops and (1204.2,11010.6) ops/second in (1.660859,87.097883) seconds
2026/05/26-12:08:44  ... thread 0: (1000,943000) ops and (802.4,10801.9) ops/second in (1.246335,87.299503) seconds
2026/05/26-12:08:45  ... thread 1: (1000,960000) ops and (786.7,10863.5) ops/second in (1.271208,88.369091) seconds
2026/05/26-12:08:45  ... thread 2: (2000,989000) ops and (1294.3,11183.1) ops/second in (1.545249,88.437373) seconds
2026/05/26-12:08:45  ... thread 3: (2000,984000) ops and (928.8,11115.9) ops/second in (2.153259,88.521831) seconds
2026/05/26-12:08:46  ... thread 0: (2000,945000) ops and (1231.5,10627.1) ops/second in (1.624035,88.923538) seconds
2026/05/26-12:08:46  ... thread 1: (1000,961000) ops and (981.2,10750.9) ops/second in (1.019165,89.388256) seconds
2026/05/26-12:08:46  ... thread 2: (1000,990000) ops and (830.1,11043.9) ops/second in (1.204686,89.642059) seconds
2026/05/26-12:08:47  ... thread 3: (2000,986000) ops and (1517.8,10975.1) ops/second in (1.317656,89.839487) seconds
2026/05/26-12:08:47  ... thread 0: (1000,946000) ops and (930.7,10511.3) ops/second in (1.074474,89.998012) seconds
2026/05/26-12:08:48  ... thread 1: (2000,963000) ops and (1254.9,10584.5) ops/second in (1.593783,90.982039) seconds
2026/05/26-12:08:48  ... thread 2: (1000,991000) ops and (694.6,10880.3) ops/second in (1.439711,91.081770) seconds
2026/05/26-12:08:48  ... thread 3: (1000,987000) ops and (722.7,10819.6) ops/second in (1.383641,91.223128) seconds
2026/05/26-12:08:48  ... thread 0: (2000,948000) ops and (1220.9,10345.3) ops/second in (1.638087,91.636099) seconds
2026/05/26-12:08:49  ... thread 2: (1000,992000) ops and (969.6,10769.4) ops/second in (1.031404,92.113174) seconds
2026/05/26-12:08:49  ... thread 1: (1000,964000) ops and (636.9,10415.7) ops/second in (1.570154,92.552193) seconds
2026/05/26-12:08:49  ... thread 0: (1000,949000) ops and (956.0,10239.3) ops/second in (1.046042,92.682141) seconds
2026/05/26-12:08:50  ... thread 3: (2000,989000) ops and (1134.5,10636.0) ops/second in (1.762929,92.986057) seconds
2026/05/26-12:08:51  ... thread 0: (1000,950000) ops and (916.7,10130.8) ops/second in (1.090853,93.772994) seconds
2026/05/26-12:08:51  ... thread 2: (2000,994000) ops and (1009.3,10563.8) ops/second in (1.981476,94.094650) seconds
2026/05/26-12:08:51  ... thread 1: (3000,967000) ops and (1706.5,10253.4) ops/second in (1.757974,94.310167) seconds
2026/05/26-12:08:51  ... thread 3: (1000,990000) ops and (686.6,10482.6) ops/second in (1.456389,94.442446) seconds
2026/05/26-12:08:52  ... thread 2: (1000,995000) ops and (870.6,10446.9) ops/second in (1.148630,95.243280) seconds
2026/05/26-12:08:52  ... thread 0: (2000,952000) ops and (1086.6,9956.7) ops/second in (1.840557,95.613551) seconds
2026/05/26-12:08:53  ... thread 1: (1000,968000) ops and (661.8,10102.1) ops/second in (1.511100,95.821267) seconds
2026/05/26-12:08:53  ... thread 3: (2000,992000) ops and (1392.2,10346.4) ops/second in (1.436552,95.878998) seconds
2026/05/26-12:08:53  ... thread 2: (1000,996000) ops and (783.5,10319.2) ops/second in (1.276282,96.519562) seconds
2026/05/26-12:08:54  ... thread 0: (1000,953000) ops and (759.9,9831.9) ops/second in (1.316032,96.929583) seconds
2026/05/26-12:08:54  ... thread 1: (2000,970000) ops and (1319.4,9965.4) ops/second in (1.515797,97.337064) seconds
2026/05/26-12:08:55  ... thread 3: (2000,994000) ops and (981.1,10151.4) ops/second in (2.038510,97.917508) seconds
2026/05/26-12:08:55  ... thread 2: (2000,998000) ops and (1344.1,10182.9) ops/second in (1.488005,98.007567) seconds
2026/05/26-12:08:55  ... thread 1: (1000,971000) ops and (973.9,9871.5) ops/second in (1.026795,98.363859) seconds
2026/05/26-12:08:55  ... thread 0: (2000,955000) ops and (1219.2,9688.5) ops/second in (1.640468,98.570051) seconds
2026/05/26-12:08:56  ... thread 3: (1000,995000) ops and (711.0,10017.7) ops/second in (1.406470,99.323978) seconds
2026/05/26-12:08:57  ... thread 2: (1000,999000) ops and (430.9,9957.3) ops/second in (2.320821,100.328388) seconds
2026/05/26-12:08:57  ... thread 0: (2000,957000) ops and (1100.8,9533.1) ops/second in (1.816879,100.386930) seconds
2026/05/26-12:08:58  ... thread 1: (2000,973000) ops and (808.9,9649.3) ops/second in (2.472360,100.836219) seconds
2026/05/26-12:08:58  ... thread 3: (1000,996000) ops and (524.3,9838.9) ops/second in (1.907241,101.231219) seconds
2026/05/26-12:08:58  ... thread 2: (5000,1004000) ops and (4974.1,9907.9) ops/second in (1.005206,101.333594) seconds
2026/05/26-12:08:58  ... thread 0: (6000,963000) ops and (5926.7,9497.1) ops/second in (1.012362,101.399292) seconds
2026/05/26-12:08:59  ... thread 1: (16000,989000) ops and (14940.6,9704.9) ops/second in (1.070905,101.907124) seconds
2026/05/26-12:08:59  ... thread 3: (28000,1024000) ops and (27486.8,10014.7) ops/second in (1.018669,102.249888) seconds
2026/05/26-12:08:59  ... thread 2: (26000,1030000) ops and (24649.3,10059.7) ops/second in (1.054798,102.388392) seconds
2026/05/26-12:08:59  ... thread 0: (23000,986000) ops and (22663.9,9627.6) ops/second in (1.014828,102.414120) seconds
2026/05/26-12:09:00  ... thread 1: (26000,1015000) ops and (25772.6,9862.4) ops/second in (1.008825,102.915949) seconds
2026/05/26-12:09:00  ... thread 3: (26000,1050000) ops and (24650.4,10164.1) ops/second in (1.054750,103.304638) seconds
2026/05/26-12:09:00  ... thread 2: (27000,1057000) ops and (26659.2,10222.3) ops/second in (1.012784,103.401176) seconds
2026/05/26-12:09:00  ... thread 0: (28000,1014000) ops and (27087.4,9802.0) ops/second in (1.033692,103.447812) seconds
2026/05/26-12:09:01  ... thread 1: (17000,1032000) ops and (15777.2,9923.7) ops/second in (1.077501,103.993450) seconds
2026/05/26-12:09:01  ... thread 3: (16000,1066000) ops and (15589.0,10217.5) ops/second in (1.026366,104.331004) seconds
2026/05/26-12:09:01  ... thread 2: (15000,1072000) ops and (14989.9,10268.0) ops/second in (1.000675,104.401851) seconds
2026/05/26-12:09:01  ... thread 0: (16000,1030000) ops and (15731.5,9859.8) ops/second in (1.017070,104.464882) seconds
2026/05/26-12:09:02  ... thread 1: (29000,1061000) ops and (28458.2,10103.6) ops/second in (1.019038,105.012488) seconds
2026/05/26-12:09:02  ... thread 3: (26000,1092000) ops and (25849.5,10366.7) ops/second in (1.005824,105.336828) seconds
2026/05/26-12:09:02  ... thread 2: (27000,1099000) ops and (26622.4,10425.4) ops/second in (1.014182,105.416033) seconds
2026/05/26-12:09:02  ... thread 0: (17000,1047000) ops and (16681.2,9925.7) ops/second in (1.019112,105.483994) seconds
2026/05/26-12:09:03  ... thread 1: (23000,1084000) ops and (22567.4,10223.4) ops/second in (1.019170,106.031658) seconds
2026/05/26-12:09:03  ... thread 3: (26000,1118000) ops and (25729.4,10512.7) ops/second in (1.010516,106.347344) seconds
2026/05/26-12:09:03  ... thread 2: (27000,1126000) ops and (26167.9,10578.0) ops/second in (1.031798,106.447831) seconds
2026/05/26-12:09:04  ... thread 0: (29000,1076000) ops and (18844.2,10053.9) ops/second in (1.538937,107.022931) seconds
2026/05/26-12:09:04  ... thread 1: (14000,1098000) ops and (13611.4,10255.9) ops/second in (1.028546,107.060204) seconds
2026/05/26-12:09:04  ... thread 3: (15000,1133000) ops and (14788.0,10553.1) ops/second in (1.014336,107.361680) seconds
2026/05/26-12:09:04  ... thread 2: (12000,1138000) ops and (11913.2,10590.5) ops/second in (1.007283,107.455114) seconds
2026/05/26-12:09:05  ... thread 0: (27000,1103000) ops and (26686.2,10209.7) ops/second in (1.011757,108.034688) seconds
2026/05/26-12:09:05  ... thread 1: (27000,1125000) ops and (26625.5,10409.5) ops/second in (1.014065,108.074269) seconds
2026/05/26-12:09:05  ... thread 3: (30000,1163000) ops and (29141.9,10729.7) ops/second in (1.029444,108.391124) seconds
2026/05/26-12:09:05  ... thread 2: (26000,1164000) ops and (25490.8,10730.6) ops/second in (1.019975,108.475089) seconds
2026/05/26-12:09:06  ... thread 0: (27000,1130000) ops and (26147.8,10360.6) ops/second in (1.032592,109.067280) seconds
2026/05/26-12:09:06  ... thread 1: (26000,1151000) ops and (25278.6,10549.7) ops/second in (1.028538,109.102807) seconds
2026/05/26-12:09:07  ... thread 2: (24000,1188000) ops and (14801.5,10790.5) ops/second in (1.621460,110.096549) seconds
2026/05/26-12:09:07  ... thread 0: (6000,1136000) ops and (5441.0,10311.3) ops/second in (1.102738,110.170018) seconds
2026/05/26-12:09:07  ... thread 3: (26000,1189000) ops and (12977.3,10770.5) ops/second in (2.003495,110.394619) seconds
2026/05/26-12:09:08  ... thread 1: (7000,1158000) ops and (3528.0,10424.3) ops/second in (1.984153,111.086960) seconds
2026/05/26-12:09:08  ... thread 2: (1000,1189000) ops and (927.9,10694.9) ops/second in (1.077668,111.174217) seconds
2026/05/26-12:09:08  ... thread 3: (1000,1190000) ops and (931.6,10675.7) ops/second in (1.073392,111.468011) seconds
2026/05/26-12:09:09  ... thread 1: (1000,1159000) ops and (967.4,10337.1) ops/second in (1.033674,112.120634) seconds
2026/05/26-12:09:09  ... thread 2: (1000,1190000) ops and (792.9,10583.8) ops/second in (1.261247,112.435464) seconds
2026/05/26-12:09:10  ... thread 0: (1000,1137000) ops and (382.3,10081.0) ops/second in (2.616024,112.786042) seconds
2026/05/26-12:09:10  ... thread 3: (1000,1191000) ops and (653.8,10540.0) ops/second in (1.529557,112.997568) seconds
2026/05/26-12:09:10  ... thread 1: (1000,1160000) ops and (878.4,10242.0) ops/second in (1.138453,113.259087) seconds
2026/05/26-12:09:11  ... thread 2: (1000,1191000) ops and (634.5,10446.3) ops/second in (1.576011,114.011475) seconds
2026/05/26-12:09:11  ... thread 3: (1000,1192000) ops and (958.4,10452.4) ops/second in (1.043366,114.040934) seconds
2026/05/26-12:09:11  ... thread 0: (1000,1138000) ops and (707.1,9965.0) ops/second in (1.414193,114.200235) seconds
2026/05/26-12:09:11  ... thread 1: (1000,1161000) ops and (737.9,10129.6) ops/second in (1.355168,114.614255) seconds
2026/05/26-12:09:12  ... thread 2: (1000,1192000) ops and (834.7,10346.4) ops/second in (1.198063,115.209538) seconds
2026/05/26-12:09:12  ... thread 1: (1000,1162000) ops and (990.7,10049.8) ops/second in (1.009398,115.623653) seconds
2026/05/26-12:09:13  ... thread 3: (1000,1193000) ops and (538.5,10293.5) ops/second in (1.856950,115.897884) seconds
2026/05/26-12:09:13  ... thread 0: (1000,1139000) ops and (431.4,9775.3) ops/second in (2.317825,116.518060) seconds
2026/05/26-12:09:14  ... thread 1: (1000,1163000) ops and (842.5,9956.3) ops/second in (1.187011,116.810664) seconds
2026/05/26-12:09:14  ... thread 3: (1000,1194000) ops and (698.6,10176.5) ops/second in (1.431435,117.329319) seconds
2026/05/26-12:09:15  ... thread 2: (2000,1194000) ops and (770.7,10135.4) ops/second in (2.595069,117.804607) seconds
2026/05/26-12:09:15  ... thread 0: (1000,1140000) ops and (714.0,9667.7) ops/second in (1.400526,117.918586) seconds
2026/05/26-12:09:15  ... thread 1: (1000,1164000) ops and (615.7,9828.2) ops/second in (1.624241,118.434905) seconds
2026/05/26-12:09:15  ... thread 3: (1000,1195000) ops and (780.8,10075.0) ops/second in (1.280720,118.610039) seconds
2026/05/26-12:09:16  ... thread 0: (1000,1141000) ops and (888.1,9584.6) ops/second in (1.126017,119.044603) seconds
2026/05/26-12:09:17  ... thread 1: (1000,1165000) ops and (747.8,9726.8) ops/second in (1.337221,119.772126) seconds
2026/05/26-12:09:17  ... thread 2: (2000,1196000) ops and (868.3,9957.7) ops/second in (2.303340,120.107947) seconds
2026/05/26-12:09:17  ... thread 0: (1000,1142000) ops and (738.1,9485.1) ops/second in (1.354760,120.399363) seconds
2026/05/26-12:09:17  ... thread 3: (1000,1196000) ops and (473.0,9906.9) ops/second in (2.114088,120.724127) seconds
2026/05/26-12:09:18  ... thread 1: (2000,1167000) ops and (1152.0,9604.3) ops/second in (1.736139,121.508265) seconds
2026/05/26-12:09:18  ... thread 0: (1000,1143000) ops and (899.2,9406.5) ops/second in (1.112042,121.511405) seconds
2026/05/26-12:09:18  ... thread 2: (1000,1197000) ops and (702.5,9849.3) ops/second in (1.423484,121.531431) seconds
2026/05/26-12:09:19  ... thread 3: (7000,1203000) ops and (6904.2,9881.9) ops/second in (1.013881,121.738008) seconds
2026/05/26-12:09:19  ... thread 0: (25000,1168000) ops and (24874.5,9533.4) ops/second in (1.005045,122.516450) seconds
2026/05/26-12:09:19  ... thread 2: (25000,1222000) ops and (24980.6,9972.9) ops/second in (1.000776,122.532207) seconds
2026/05/26-12:09:19  ... thread 1: (27000,1194000) ops and (26352.8,9744.3) ops/second in (1.024558,122.532823) seconds
2026/05/26-12:09:20  ... thread 3: (27000,1230000) ops and (26512.0,10019.8) ops/second in (1.018406,122.756414) seconds
2026/05/26-12:09:20  ... thread 0: (25000,1193000) ops and (24622.8,9657.4) ops/second in (1.015319,123.531769) seconds
2026/05/26-12:09:20  ... thread 2: (22000,1244000) ops and (21449.2,10068.2) ops/second in (1.025680,123.557887) seconds
2026/05/26-12:09:20  ... thread 1: (24000,1218000) ops and (23360.5,9857.5) ops/second in (1.027377,123.560200) seconds
2026/05/26-12:09:22  ... thread 0: (36000,1229000) ops and (28977.7,9849.8) ops/second in (1.242334,124.774103) seconds
Initializing RocksDB Options from the specified file
Initializing RocksDB Options from command-line flags
Integrated BlobDB: blob cache disabled
Keys:       16 bytes each (+ 0 bytes user-defined timestamp)
Values:     1024 bytes each (512 bytes after compression)
Entries:    1250000
Prefix:    0 bytes
Keys per prefix:    0
RawSize:    1239.8 MB (estimated)
FileSize:   629.4 MB (estimated)
Write rate: 0 bytes/second
Read rate: 0 ops/second
Compression: Snappy
Compression sampling rate: 0
Memtablerep: SkipListFactory
Perf Level: 1
WARNING: Assertions are enabled; benchmarks unnecessarily slow
------------------------------------------------
Initializing RocksDB Options from the specified file
Initializing RocksDB Options from command-line flags
Integrated BlobDB: blob cache disabled
DB path: [/tmp/rocksdb_comp_exp_db]
fillrandom   :      99.258 micros/op 40029 ops/sec 124.909 seconds 5000000 operations;   39.7 MB/s
2026/05/26-12:09:25  ... thread 0: (1000,1000) ops and (266.8,266.8) ops/second in (3.747445,3.747445) seconds
2026/05/26-12:09:25  ... thread 3: (1000,1000) ops and (263.1,263.1) ops/second in (3.800231,3.800231) seconds
2026/05/26-12:09:25  ... thread 2: (1000,1000) ops and (262.4,262.4) ops/second in (3.811381,3.811381) seconds
2026/05/26-12:09:26  ... thread 1: (1000,1000) ops and (260.3,260.3) ops/second in (3.841536,3.841536) seconds
2026/05/26-12:09:29  ... thread 2: (1000,2000) ops and (326.9,291.1) ops/second in (3.058603,6.869984) seconds
2026/05/26-12:09:29  ... thread 3: (1000,2000) ops and (310.2,284.7) ops/second in (3.223748,7.023979) seconds
2026/05/26-12:09:29  ... thread 0: (1000,2000) ops and (304.4,284.4) ops/second in (3.284709,7.032154) seconds
2026/05/26-12:09:29  ... thread 1: (1000,2000) ops and (313.2,284.3) ops/second in (3.193044,7.034580) seconds
2026/05/26-12:09:32  ... thread 2: (1000,3000) ops and (257.6,279.0) ops/second in (3.882126,10.752110) seconds
2026/05/26-12:09:32  ... thread 3: (1000,3000) ops and (266.1,278.3) ops/second in (3.757378,10.781357) seconds
2026/05/26-12:09:32  ... thread 0: (1000,3000) ops and (266.0,278.0) ops/second in (3.758957,10.791111) seconds
2026/05/26-12:09:33  ... thread 1: (1000,3000) ops and (253.4,273.2) ops/second in (3.945879,10.980459) seconds
2026/05/26-12:09:36  ... thread 3: (1000,4000) ops and (280.1,278.7) ops/second in (3.570015,14.351372) seconds
2026/05/26-12:09:36  ... thread 0: (1000,4000) ops and (273.2,276.8) ops/second in (3.660418,14.451529) seconds
2026/05/26-12:09:36  ... thread 2: (1000,4000) ops and (269.5,276.6) ops/second in (3.710498,14.462608) seconds
2026/05/26-12:09:36  ... thread 1: (1000,4000) ops and (264.9,271.1) ops/second in (3.774340,14.754799) seconds
2026/05/26-12:09:39  ... thread 0: (1000,5000) ops and (327.7,285.7) ops/second in (3.051222,17.502751) seconds
2026/05/26-12:09:39  ... thread 3: (1000,5000) ops and (314.1,285.1) ops/second in (3.183989,17.535361) seconds
2026/05/26-12:09:39  ... thread 2: (1000,5000) ops and (320.2,284.3) ops/second in (3.122879,17.585487) seconds
2026/05/26-12:09:39  ... thread 1: (1000,5000) ops and (345.4,283.3) ops/second in (2.894845,17.649644) seconds
2026/05/26-12:09:41  ... thread 3: (1000,6000) ops and (523.5,308.6) ops/second in (1.910112,19.445473) seconds
2026/05/26-12:09:41  ... thread 0: (1000,6000) ops and (497.6,307.5) ops/second in (2.009525,19.512276) seconds
2026/05/26-12:09:41  ... thread 2: (1000,6000) ops and (508.6,306.9) ops/second in (1.966356,19.551843) seconds
2026/05/26-12:09:41  ... thread 1: (1000,6000) ops and (489.3,304.7) ops/second in (2.043865,19.693509) seconds
2026/05/26-12:09:43  ... thread 0: (1000,7000) ops and (542.9,327.8) ops/second in (1.841954,21.354230) seconds
2026/05/26-12:09:43  ... thread 2: (1000,7000) ops and (539.5,327.0) ops/second in (1.853707,21.405550) seconds
2026/05/26-12:09:43  ... thread 3: (1000,7000) ops and (484.5,325.4) ops/second in (2.063972,21.509445) seconds
2026/05/26-12:09:43  ... thread 1: (1000,7000) ops and (495.3,322.4) ops/second in (2.018837,21.712346) seconds
2026/05/26-12:09:44  ... thread 2: (1000,8000) ops and (782.6,352.7) ops/second in (1.277714,22.683264) seconds
2026/05/26-12:09:44  ... thread 0: (1000,8000) ops and (750.7,352.6) ops/second in (1.332021,22.686251) seconds
2026/05/26-12:09:44  ... thread 3: (1000,8000) ops and (847.2,352.6) ops/second in (1.180427,22.689872) seconds
2026/05/26-12:09:45  ... thread 1: (1000,8000) ops and (601.4,342.2) ops/second in (1.662663,23.375009) seconds
2026/05/26-12:09:46  ... thread 3: (1000,9000) ops and (527.0,366.0) ops/second in (1.897506,24.587378) seconds
2026/05/26-12:09:46  ... thread 2: (1000,9000) ops and (506.0,365.0) ops/second in (1.976116,24.659380) seconds
2026/05/26-12:09:46  ... thread 0: (1000,9000) ops and (505.7,364.9) ops/second in (1.977294,24.663545) seconds
2026/05/26-12:09:46  ... thread 1: (1000,9000) ops and (742.1,364.0) ops/second in (1.347613,24.722622) seconds
2026/05/26-12:09:48  ... thread 0: (1000,10000) ops and (655.0,381.8) ops/second in (1.526763,26.190308) seconds
2026/05/26-12:09:48  ... thread 2: (1000,10000) ops and (647.7,381.6) ops/second in (1.543831,26.203211) seconds
2026/05/26-12:09:48  ... thread 3: (1000,10000) ops and (609.8,381.3) ops/second in (1.639984,26.227362) seconds
2026/05/26-12:09:48  ... thread 1: (1000,10000) ops and (659.2,381.1) ops/second in (1.516877,26.239499) seconds
2026/05/26-12:09:49  ... thread 0: (1000,11000) ops and (903.7,403.0) ops/second in (1.106538,27.296846) seconds
2026/05/26-12:09:49  ... thread 2: (1000,11000) ops and (870.2,402.2) ops/second in (1.149170,27.352381) seconds
2026/05/26-12:09:49  ... thread 3: (1000,11000) ops and (867.2,401.7) ops/second in (1.153166,27.380528) seconds
2026/05/26-12:09:49  ... thread 1: (1000,11000) ops and (852.0,401.3) ops/second in (1.173647,27.413146) seconds
2026/05/26-12:09:51  ... thread 3: (2000,13000) ops and (970.9,441.6) ops/second in (2.059886,29.440414) seconds
2026/05/26-12:09:51  ... thread 2: (2000,13000) ops and (942.2,441.1) ops/second in (2.122581,29.474962) seconds
2026/05/26-12:09:51  ... thread 0: (2000,13000) ops and (904.3,440.6) ops/second in (2.211698,29.508544) seconds
2026/05/26-12:09:51  ... thread 1: (2000,13000) ops and (923.2,439.5) ops/second in (2.166353,29.579499) seconds
2026/05/26-12:09:53  ... thread 2: (2000,15000) ops and (1090.0,479.1) ops/second in (1.834850,31.309812) seconds
2026/05/26-12:09:53  ... thread 0: (2000,15000) ops and (1110.2,479.1) ops/second in (1.801424,31.309968) seconds
2026/05/26-12:09:53  ... thread 1: (2000,15000) ops and (1118.8,478.2) ops/second in (1.787657,31.367156) seconds
2026/05/26-12:09:53  ... thread 3: (3000,16000) ops and (1361.8,505.6) ops/second in (2.202973,31.643387) seconds
2026/05/26-12:09:54  ... thread 0: (2000,17000) ops and (1957.0,525.8) ops/second in (1.021989,32.331957) seconds
2026/05/26-12:09:54  ... thread 2: (2000,17000) ops and (1890.3,525.2) ops/second in (1.058040,32.367852) seconds
2026/05/26-12:09:55  ... thread 3: (2000,18000) ops and (1030.4,536.0) ops/second in (1.941077,33.584464) seconds
2026/05/26-12:09:56  ... thread 0: (1000,18000) ops and (658.7,531.8) ops/second in (1.518106,33.850063) seconds
2026/05/26-12:09:56  ... thread 1: (3000,18000) ops and (1176.7,530.7) ops/second in (2.549550,33.916706) seconds
2026/05/26-12:09:56  ... thread 2: (1000,18000) ops and (634.7,530.3) ops/second in (1.575593,33.943445) seconds
2026/05/26-12:09:57  ... thread 0: (1000,19000) ops and (629.5,536.1) ops/second in (1.588514,35.438577) seconds
2026/05/26-12:09:57  ... thread 1: (1000,19000) ops and (599.4,533.9) ops/second in (1.668373,35.585079) seconds
2026/05/26-12:09:57  ... thread 2: (1000,19000) ops and (578.5,532.6) ops/second in (1.728563,35.672008) seconds
2026/05/26-12:09:58  ... thread 3: (2000,20000) ops and (824.5,555.4) ops/second in (2.425568,36.010032) seconds
2026/05/26-12:09:59  ... thread 3: (1000,21000) ops and (851.1,564.7) ops/second in (1.174953,37.184985) seconds
2026/05/26-12:09:59  ... thread 0: (2000,21000) ops and (1026.7,561.7) ops/second in (1.948060,37.386637) seconds
2026/05/26-12:09:59  ... thread 1: (2000,21000) ops and (1008.3,559.0) ops/second in (1.983631,37.568710) seconds
2026/05/26-12:09:59  ... thread 2: (2000,21000) ops and (981.8,556.9) ops/second in (2.036981,37.708989) seconds
2026/05/26-12:10:01  ... thread 2: (1000,22000) ops and (635.1,560.0) ops/second in (1.574490,39.283479) seconds
2026/05/26-12:10:01  ... thread 3: (2000,23000) ops and (852.7,581.8) ops/second in (2.345615,39.530600) seconds
2026/05/26-12:10:01  ... thread 0: (2000,23000) ops and (889.0,580.3) ops/second in (2.249770,39.636407) seconds
2026/05/26-12:10:01  ... thread 1: (2000,23000) ops and (900.7,578.0) ops/second in (2.220549,39.789259) seconds
2026/05/26-12:10:02  ... thread 0: (1000,24000) ops and (887.8,588.8) ops/second in (1.126394,40.762801) seconds
2026/05/26-12:10:03  ... thread 1: (1000,24000) ops and (958.8,587.8) ops/second in (1.042986,40.832245) seconds
2026/05/26-12:10:03  ... thread 2: (2000,24000) ops and (1251.7,587.1) ops/second in (1.597856,40.881335) seconds
2026/05/26-12:10:03  ... thread 3: (2000,25000) ops and (1421.3,610.7) ops/second in (1.407154,40.937754) seconds
2026/05/26-12:10:03  ... thread 0: (4000,28000) ops and (3863.3,669.9) ops/second in (1.035390,41.798191) seconds
2026/05/26-12:10:04  ... thread 2: (4000,28000) ops and (3910.7,668.2) ops/second in (1.022828,41.904163) seconds
2026/05/26-12:10:04  ... thread 3: (4000,29000) ops and (3732.6,690.3) ops/second in (1.071651,42.009405) seconds
2026/05/26-12:10:04  ... thread 1: (5000,29000) ops and (4001.0,689.1) ops/second in (1.249696,42.081941) seconds
2026/05/26-12:10:05  ... thread 0: (5000,33000) ops and (4191.1,767.6) ops/second in (1.193000,42.991191) seconds
2026/05/26-12:10:05  ... thread 2: (5000,33000) ops and (4438.5,766.9) ops/second in (1.126500,43.030663) seconds
2026/05/26-12:10:05  ... thread 3: (5000,34000) ops and (4415.7,788.1) ops/second in (1.132328,43.141733) seconds
2026/05/26-12:10:05  ... thread 1: (5000,34000) ops and (4054.9,784.9) ops/second in (1.233070,43.315011) seconds
2026/05/26-12:10:06  ... thread 0: (5000,38000) ops and (4742.7,862.7) ops/second in (1.054251,44.045442) seconds
2026/05/26-12:10:06  ... thread 2: (5000,38000) ops and (4513.9,860.9) ops/second in (1.107678,44.138341) seconds
2026/05/26-12:10:06  ... thread 3: (5000,39000) ops and (4659.9,882.1) ops/second in (1.072983,44.214716) seconds
2026/05/26-12:10:06  ... thread 1: (5000,39000) ops and (4659.6,878.6) ops/second in (1.073044,44.388055) seconds
2026/05/26-12:10:07  ... thread 0: (6000,44000) ops and (5131.7,973.1) ops/second in (1.169212,45.214654) seconds
2026/05/26-12:10:07  ... thread 2: (6000,44000) ops and (5106.3,971.0) ops/second in (1.175011,45.313352) seconds
2026/05/26-12:10:07  ... thread 3: (6000,45000) ops and (5318.3,992.4) ops/second in (1.128187,45.342903) seconds
2026/05/26-12:10:07  ... thread 1: (6000,45000) ops and (5438.4,989.2) ops/second in (1.103266,45.491321) seconds
2026/05/26-12:10:08  ... thread 0: (6000,50000) ops and (5818.4,1081.2) ops/second in (1.031204,46.245858) seconds
2026/05/26-12:10:08  ... thread 2: (7000,51000) ops and (6410.7,1099.0) ops/second in (1.091928,46.405280) seconds
2026/05/26-12:10:08  ... thread 3: (7000,52000) ops and (6267.9,1119.2) ops/second in (1.116804,46.459707) seconds
2026/05/26-12:10:08  ... thread 1: (7000,52000) ops and (6087.3,1114.9) ops/second in (1.149935,46.641256) seconds
2026/05/26-12:10:09  ... thread 0: (7000,57000) ops and (6695.6,1205.3) ops/second in (1.045469,47.291327) seconds
2026/05/26-12:10:09  ... thread 2: (7000,58000) ops and (6972.9,1223.4) ops/second in (1.003890,47.409170) seconds
2026/05/26-12:10:09  ... thread 3: (8000,60000) ops and (7413.7,1262.1) ops/second in (1.079082,47.538789) seconds
2026/05/26-12:10:09  ... thread 1: (7000,59000) ops and (6778.4,1237.6) ops/second in (1.032698,47.673954) seconds
2026/05/26-12:10:10  ... thread 0: (8000,65000) ops and (7536.3,1344.3) ops/second in (1.061531,48.352858) seconds
2026/05/26-12:10:10  ... thread 2: (8000,66000) ops and (7273.2,1360.6) ops/second in (1.099926,48.509096) seconds
2026/05/26-12:10:10  ... thread 3: (8000,68000) ops and (7760.1,1400.0) ops/second in (1.030913,48.569702) seconds
2026/05/26-12:10:10  ... thread 1: (8000,67000) ops and (7614.7,1375.1) ops/second in (1.050596,48.724550) seconds
2026/05/26-12:10:11  ... thread 0: (9000,74000) ops and (8799.8,1498.7) ops/second in (1.022745,49.375603) seconds
2026/05/26-12:10:11  ... thread 2: (9000,75000) ops and (8764.5,1514.1) ops/second in (1.026872,49.535968) seconds
2026/05/26-12:10:11  ... thread 3: (9000,77000) ops and (8781.5,1552.6) ops/second in (1.024880,49.594582) seconds
2026/05/26-12:10:11  ... thread 1: (10000,77000) ops and (9355.3,1546.4) ops/second in (1.068915,49.793465) seconds
2026/05/26-12:10:12  ... thread 0: (11000,85000) ops and (10206.5,1684.7) ops/second in (1.077744,50.453347) seconds
2026/05/26-12:10:12  ... thread 2: (10000,85000) ops and (9996.0,1682.0) ops/second in (1.000402,50.536370) seconds
2026/05/26-12:10:12  ... thread 3: (10000,87000) ops and (9609.3,1718.2) ops/second in (1.040662,50.635244) seconds
2026/05/26-12:10:13  ... thread 1: (11000,88000) ops and (10396.0,1730.5) ops/second in (1.058099,50.851564) seconds
2026/05/26-12:10:13  ... thread 0: (11000,96000) ops and (10856.0,1865.3) ops/second in (1.013260,51.466607) seconds
2026/05/26-12:10:13  ... thread 2: (12000,97000) ops and (11438.5,1880.4) ops/second in (1.049090,51.585460) seconds
2026/05/26-12:10:13  ... thread 3: (12000,99000) ops and (11262.2,1914.9) ops/second in (1.065507,51.700751) seconds
2026/05/26-12:10:14  ... thread 1: (12000,100000) ops and (11980.5,1928.5) ops/second in (1.001627,51.853191) seconds
DB path: [/tmp/rocksdb_comp_exp_db]
readrandom   :     517.904 micros/op 7714 ops/sec 51.854 seconds 400000 operations;    7.5 MB/s (98183 of 100000 found)

STATISTICS:
rocksdb.block.cache.miss COUNT : 3733106
rocksdb.block.cache.hit COUNT : 63211
rocksdb.block.cache.add COUNT : 906778
rocksdb.block.cache.add.failures COUNT : 0
rocksdb.block.cache.index.miss COUNT : 0
rocksdb.block.cache.index.hit COUNT : 0
rocksdb.block.cache.index.add COUNT : 0
rocksdb.block.cache.index.bytes.insert COUNT : 0
rocksdb.block.cache.filter.miss COUNT : 0
rocksdb.block.cache.filter.hit COUNT : 0
rocksdb.block.cache.filter.add COUNT : 0
rocksdb.block.cache.filter.bytes.insert COUNT : 0
rocksdb.block.cache.data.miss COUNT : 3733106
rocksdb.block.cache.data.hit COUNT : 63211
rocksdb.block.cache.data.add COUNT : 906778
rocksdb.block.cache.data.bytes.insert COUNT : 3902751856
rocksdb.block.cache.bytes.read COUNT : 272060144
rocksdb.block.cache.bytes.write COUNT : 3902751856
rocksdb.block.cache.compression.dict.miss COUNT : 0
rocksdb.block.cache.compression.dict.hit COUNT : 0
rocksdb.block.cache.compression.dict.add COUNT : 0
rocksdb.block.cache.compression.dict.bytes.insert COUNT : 0
rocksdb.block.cache.add.redundant COUNT : 6
rocksdb.block.cache.index.add.redundant COUNT : 0
rocksdb.block.cache.filter.add.redundant COUNT : 0
rocksdb.block.cache.data.add.redundant COUNT : 6
rocksdb.block.cache.compression.dict.add.redundant COUNT : 0
rocksdb.secondary.cache.hits COUNT : 0
rocksdb.secondary.cache.filter.hits COUNT : 0
rocksdb.secondary.cache.index.hits COUNT : 0
rocksdb.secondary.cache.data.hits COUNT : 0
rocksdb.compressed.secondary.cache.dummy.hits COUNT : 0
rocksdb.compressed.secondary.cache.hits COUNT : 0
rocksdb.compressed.secondary.cache.promotions COUNT : 0
rocksdb.compressed.secondary.cache.promotion.skips COUNT : 0
rocksdb.bloom.filter.useful COUNT : 0
rocksdb.bloom.filter.full.positive COUNT : 0
rocksdb.bloom.filter.full.true.positive COUNT : 0
rocksdb.bloom.filter.prefix.checked COUNT : 0
rocksdb.bloom.filter.prefix.useful COUNT : 0
rocksdb.bloom.filter.prefix.true.positive COUNT : 0
rocksdb.persistent.cache.hit COUNT : 0
rocksdb.persistent.cache.miss COUNT : 0
rocksdb.sim.block.cache.hit COUNT : 0
rocksdb.sim.block.cache.miss COUNT : 0
rocksdb.memtable.hit COUNT : 6856
rocksdb.memtable.miss COUNT : 393144
rocksdb.l0.hit COUNT : 21199
rocksdb.l1.hit COUNT : 103552
rocksdb.l2andup.hit COUNT : 261066
rocksdb.compaction.key.drop.new COUNT : 3351347
rocksdb.compaction.key.drop.obsolete COUNT : 0
rocksdb.compaction.key.drop.range_del COUNT : 0
rocksdb.compaction.key.drop.user COUNT : 0
rocksdb.compaction.range_del.drop.obsolete COUNT : 0
rocksdb.compaction.optimized.del.drop.obsolete COUNT : 0
rocksdb.compaction.cancelled COUNT : 0
rocksdb.compaction.aborted COUNT : 0
rocksdb.number.keys.written COUNT : 5000000
rocksdb.number.keys.read COUNT : 400000
rocksdb.number.keys.updated COUNT : 0
rocksdb.bytes.written COUNT : 5278032108
rocksdb.bytes.read COUNT : 402097152
rocksdb.number.db.seek COUNT : 0
rocksdb.number.db.next COUNT : 0
rocksdb.number.db.prev COUNT : 0
rocksdb.number.db.seek.found COUNT : 0
rocksdb.number.db.next.found COUNT : 0
rocksdb.number.db.prev.found COUNT : 0
rocksdb.db.iter.bytes.read COUNT : 0
rocksdb.number.iter.skip COUNT : 0
rocksdb.number.reseeks.iteration COUNT : 0
rocksdb.num.iterator.created COUNT : 0
rocksdb.num.iterator.deleted COUNT : 0
rocksdb.no.file.opens COUNT : 153
rocksdb.no.file.errors COUNT : 0
rocksdb.stall.micros COUNT : 83605107
rocksdb.db.mutex.wait.micros COUNT : 0
rocksdb.number.multiget.get COUNT : 0
rocksdb.number.multiget.keys.read COUNT : 0
rocksdb.number.multiget.bytes.read COUNT : 0
rocksdb.number.multiget.keys.found COUNT : 0
rocksdb.number.merge.failures COUNT : 0
rocksdb.getupdatessince.calls COUNT : 0
rocksdb.wal.synced COUNT : 0
rocksdb.wal.bytes COUNT : 5278032108
rocksdb.write.self COUNT : 4836009
rocksdb.write.other COUNT : 163991
rocksdb.write.wal COUNT : 5000000
rocksdb.compact.read.bytes COUNT : 6894947949
rocksdb.compact.write.bytes COUNT : 4883004452
rocksdb.flush.write.bytes COUNT : 2971979895
rocksdb.compact.read.marked.bytes COUNT : 0
rocksdb.compact.read.periodic.bytes COUNT : 0
rocksdb.compact.read.ttl.bytes COUNT : 0
rocksdb.compact.write.marked.bytes COUNT : 0
rocksdb.compact.write.periodic.bytes COUNT : 0
rocksdb.compact.write.ttl.bytes COUNT : 0
rocksdb.number.direct.load.table.properties COUNT : 0
rocksdb.number.superversion_acquires COUNT : 40
rocksdb.number.superversion_releases COUNT : 36
rocksdb.number.superversion_cleanups COUNT : 9
rocksdb.number.block.compressed COUNT : 3215851
rocksdb.number.block.decompressed COUNT : 3733259
rocksdb.bytes.compressed.from COUNT : 13553921708
rocksdb.bytes.compressed.to COUNT : 7838701512
rocksdb.bytes.compression_bypassed COUNT : 0
rocksdb.bytes.compression.rejected COUNT : 0
rocksdb.number.block_compression_bypassed COUNT : 0
rocksdb.number.block_compression_rejected COUNT : 0
rocksdb.bytes.decompressed.from COUNT : 9096248628
rocksdb.bytes.decompressed.to COUNT : 15724589179
rocksdb.merge.operation.time.nanos COUNT : 0
rocksdb.filter.operation.time.nanos COUNT : 0
rocksdb.compaction.total.time.cpu_micros COUNT : 42787557
rocksdb.row.cache.hit COUNT : 0
rocksdb.row.cache.miss COUNT : 0
rocksdb.read.amp.estimate.useful.bytes COUNT : 0
rocksdb.read.amp.total.read.bytes COUNT : 0
rocksdb.number.rate_limiter.drains COUNT : 0
rocksdb.blobdb.num.put COUNT : 0
rocksdb.blobdb.num.write COUNT : 0
rocksdb.blobdb.num.get COUNT : 0
rocksdb.blobdb.num.multiget COUNT : 0
rocksdb.blobdb.num.seek COUNT : 0
rocksdb.blobdb.num.next COUNT : 0
rocksdb.blobdb.num.prev COUNT : 0
rocksdb.blobdb.num.keys.written COUNT : 0
rocksdb.blobdb.num.keys.read COUNT : 0
rocksdb.blobdb.bytes.written COUNT : 0
rocksdb.blobdb.bytes.read COUNT : 0
rocksdb.blobdb.write.inlined COUNT : 0
rocksdb.blobdb.write.inlined.ttl COUNT : 0
rocksdb.blobdb.write.blob COUNT : 0
rocksdb.blobdb.write.blob.ttl COUNT : 0
rocksdb.blobdb.blob.file.bytes.written COUNT : 0
rocksdb.blobdb.blob.file.bytes.read COUNT : 0
rocksdb.blobdb.blob.file.synced COUNT : 0
rocksdb.blobdb.blob.index.expired.count COUNT : 0
rocksdb.blobdb.blob.index.expired.size COUNT : 0
rocksdb.blobdb.blob.index.evicted.count COUNT : 0
rocksdb.blobdb.blob.index.evicted.size COUNT : 0
rocksdb.blobdb.gc.num.files COUNT : 0
rocksdb.blobdb.gc.num.new.files COUNT : 0
rocksdb.blobdb.gc.failures COUNT : 0
rocksdb.blobdb.gc.num.keys.relocated COUNT : 0
rocksdb.blobdb.gc.bytes.relocated COUNT : 0
rocksdb.blobdb.fifo.num.files.evicted COUNT : 0
rocksdb.blobdb.fifo.num.keys.evicted COUNT : 0
rocksdb.blobdb.fifo.bytes.evicted COUNT : 0
rocksdb.blobdb.cache.miss COUNT : 0
rocksdb.blobdb.cache.hit COUNT : 0
rocksdb.blobdb.cache.add COUNT : 0
rocksdb.blobdb.cache.add.failures COUNT : 0
rocksdb.blobdb.cache.bytes.read COUNT : 0
rocksdb.blobdb.cache.bytes.write COUNT : 0
rocksdb.txn.overhead.mutex.prepare COUNT : 0
rocksdb.txn.overhead.mutex.old.commit.map COUNT : 0
rocksdb.txn.overhead.duplicate.key COUNT : 0
rocksdb.txn.overhead.mutex.snapshot COUNT : 0
rocksdb.txn.get.tryagain COUNT : 0
rocksdb.files.marked.trash COUNT : 0
rocksdb.files.marked.trash.deleted COUNT : 0
rocksdb.files.deleted.immediately COUNT : 215
rocksdb.error.handler.bg.error.count COUNT : 0
rocksdb.error.handler.bg.io.error.count COUNT : 0
rocksdb.error.handler.bg.retryable.io.error.count COUNT : 0
rocksdb.error.handler.autoresume.count COUNT : 0
rocksdb.error.handler.autoresume.retry.total.count COUNT : 0
rocksdb.error.handler.autoresume.success.count COUNT : 0
rocksdb.memtable.payload.bytes.at.flush COUNT : 5217251064
rocksdb.memtable.garbage.bytes.at.flush COUNT : 127364488
rocksdb.verify_checksum.read.bytes COUNT : 0
rocksdb.backup.read.bytes COUNT : 0
rocksdb.backup.write.bytes COUNT : 0
rocksdb.remote.compact.read.bytes COUNT : 0
rocksdb.remote.compact.write.bytes COUNT : 0
rocksdb.remote.compact.resumed.bytes COUNT : 0
rocksdb.hot.file.read.bytes COUNT : 0
rocksdb.warm.file.read.bytes COUNT : 0
rocksdb.cool.file.read.bytes COUNT : 0
rocksdb.cold.file.read.bytes COUNT : 0
rocksdb.ice.file.read.bytes COUNT : 0
rocksdb.hot.file.read.count COUNT : 0
rocksdb.warm.file.read.count COUNT : 0
rocksdb.cool.file.read.count COUNT : 0
rocksdb.cold.file.read.count COUNT : 0
rocksdb.ice.file.read.count COUNT : 0
rocksdb.last.level.read.bytes COUNT : 0
rocksdb.last.level.read.count COUNT : 0
rocksdb.non.last.level.read.bytes COUNT : 9115107098
rocksdb.non.last.level.read.count COUNT : 3733718
rocksdb.last.level.seek.filtered COUNT : 0
rocksdb.last.level.seek.filter.match COUNT : 0
rocksdb.last.level.seek.data COUNT : 0
rocksdb.last.level.seek.data.useful.no.filter COUNT : 0
rocksdb.last.level.seek.data.useful.filter.match COUNT : 0
rocksdb.non.last.level.seek.filtered COUNT : 0
rocksdb.non.last.level.seek.filter.match COUNT : 0
rocksdb.non.last.level.seek.data COUNT : 0
rocksdb.non.last.level.seek.data.useful.no.filter COUNT : 0
rocksdb.non.last.level.seek.data.useful.filter.match COUNT : 0
rocksdb.block.checksum.compute.count COUNT : 3733412
rocksdb.block.checksum.mismatch.count COUNT : 0
rocksdb.multiget.coroutine.count COUNT : 0
rocksdb.read.async.micros COUNT : 0
rocksdb.async.read.error.count COUNT : 0
rocksdb.table.open.prefetch.tail.miss COUNT : 0
rocksdb.table.open.prefetch.tail.hit COUNT : 0
rocksdb.timestamp.filter.table.checked COUNT : 0
rocksdb.timestamp.filter.table.filtered COUNT : 0
rocksdb.readahead.trimmed COUNT : 0
rocksdb.fifo.max.size.compactions COUNT : 0
rocksdb.fifo.ttl.compactions COUNT : 0
rocksdb.fifo.change_temperature.compactions COUNT : 0
rocksdb.prefetch.bytes COUNT : 0
rocksdb.prefetch.bytes.useful COUNT : 0
rocksdb.prefetch.hits COUNT : 0
rocksdb.footer.corruption.count COUNT : 0
rocksdb.file.read.corruption.retry.count COUNT : 0
rocksdb.file.read.corruption.retry.success.count COUNT : 0
rocksdb.number.wbwi.ingest COUNT : 0
rocksdb.sst.user.defined.index.load.fail.count COUNT : 0
rocksdb.multiscan.prepare.calls COUNT : 0
rocksdb.multiscan.prepare.errors COUNT : 0
rocksdb.multiscan.blocks.prefetched COUNT : 0
rocksdb.multiscan.blocks.from.cache COUNT : 0
rocksdb.multiscan.prefetch.bytes COUNT : 0
rocksdb.multiscan.prefetch.blocks.wasted COUNT : 0
rocksdb.multiscan.io.requests COUNT : 0
rocksdb.multiscan.io.coalesced.nonadjacent COUNT : 0
rocksdb.multiscan.seek.errors COUNT : 0
rocksdb.prefetch.memory.bytes.granted COUNT : 0
rocksdb.prefetch.memory.bytes.released COUNT : 0
rocksdb.prefetch.memory.requests.blocked COUNT : 0
rocksdb.read.path.range.tombstones.inserted COUNT : 0
rocksdb.read.path.range.tombstones.discarded COUNT : 0
rocksdb.file.open.metadata.retrieved COUNT : 0
rocksdb.file.open.metadata.passed COUNT : 0
rocksdb.manifest.validation.failure.count COUNT : 0
rocksdb.db.get.micros P50 : 24.977907 P95 : 1854.502797 P99 : 6887.758524 P100 : 932135.000000 COUNT : 400000 SUM : 206837979
rocksdb.db.write.micros P50 : 5.213038 P95 : 71.766059 P99 : 1991.998738 P100 : 949622.000000 COUNT : 5000000 SUM : 492423235
rocksdb.compaction.times.micros P50 : 6500000.000000 P95 : 24200000.000000 P99 : 28031313.000000 P100 : 28031313.000000 COUNT : 16 SUM : 161487216
rocksdb.compaction.times.cpu_micros P50 : 1666666.666667 P95 : 6060000.000000 P99 : 6229529.000000 P100 : 6229529.000000 COUNT : 16 SUM : 42787557
rocksdb.subcompaction.setup.times.micros P50 : 0.000000 P95 : 0.000000 P99 : 0.000000 P100 : 0.000000 COUNT : 0 SUM : 0
rocksdb.table.sync.micros P50 : 341228.070175 P95 : 1095384.615385 P99 : 1164354.000000 P100 : 1164354.000000 COUNT : 80 SUM : 39589805
rocksdb.compaction.outfile.sync.micros P50 : 722435.897436 P95 : 1147000.000000 P99 : 1389000.000000 P100 : 1510168.000000 COUNT : 73 SUM : 49255833
rocksdb.wal.file.sync.micros P50 : 0.000000 P95 : 0.000000 P99 : 0.000000 P100 : 0.000000 COUNT : 0 SUM : 0
rocksdb.manifest.file.sync.micros P50 : 5920.588235 P95 : 16171.428571 P99 : 17542.000000 P100 : 17542.000000 COUNT : 102 SUM : 690224
rocksdb.table.open.io.micros P50 : 789.732143 P95 : 4528.333333 P99 : 7375.500000 P100 : 8374.000000 COUNT : 153 SUM : 175824
rocksdb.db.multiget.micros P50 : 0.000000 P95 : 0.000000 P99 : 0.000000 P100 : 0.000000 COUNT : 0 SUM : 0
rocksdb.read.block.compaction.micros P50 : 3.531752 P95 : 7.862204 P99 : 61.527335 P100 : 321663.000000 COUNT : 2826328 SUM : 79866643
rocksdb.read.block.get.micros P50 : 9.030259 P95 : 1372.066828 P99 : 2235.443058 P100 : 748030.000000 COUNT : 906931 SUM : 200161824
rocksdb.write.raw.block.micros P50 : 0.557523 P95 : 1.608951 P99 : 2.965794 P100 : 11241.000000 COUNT : 3216157 SUM : 10178508
rocksdb.numfiles.in.singlecompaction P50 : 4.000000 P95 : 19.900000 P99 : 21.000000 P100 : 21.000000 COUNT : 18 SUM : 144
rocksdb.db.seek.micros P50 : 0.000000 P95 : 0.000000 P99 : 0.000000 P100 : 0.000000 COUNT : 0 SUM : 0
rocksdb.db.write.stall P50 : 1248.987532 P95 : 2789.080261 P99 : 2885.017022 P100 : 946421.000000 COUNT : 41567 SUM : 83605107
rocksdb.sst.read.micros P50 : 1.359878 P95 : 7.522225 P99 : 1645.633098 P100 : 747980.000000 COUNT : 3733718 SUM : 264026510
rocksdb.file.read.flush.micros P50 : 4.000000 P95 : 81.368421 P99 : 100.000000 P100 : 100.000000 COUNT : 320 SUM : 6558
rocksdb.file.read.compaction.micros P50 : 1.071429 P95 : 3.009051 P99 : 29.209774 P100 : 320970.000000 COUNT : 2826620 SUM : 71499169
rocksdb.file.read.db.open.micros P50 : 0.000000 P95 : 0.000000 P99 : 0.000000 P100 : 0.000000 COUNT : 0 SUM : 0
rocksdb.file.read.get.micros P50 : 0.000000 P95 : 0.000000 P99 : 0.000000 P100 : 0.000000 COUNT : 0 SUM : 0
rocksdb.file.read.multiget.micros P50 : 0.000000 P95 : 0.000000 P99 : 0.000000 P100 : 0.000000 COUNT : 0 SUM : 0
rocksdb.file.read.db.iterator.micros P50 : 0.000000 P95 : 0.000000 P99 : 0.000000 P100 : 0.000000 COUNT : 0 SUM : 0
rocksdb.file.read.verify.db.checksum.micros P50 : 0.000000 P95 : 0.000000 P99 : 0.000000 P100 : 0.000000 COUNT : 0 SUM : 0
rocksdb.file.read.verify.file.checksums.micros P50 : 0.000000 P95 : 0.000000 P99 : 0.000000 P100 : 0.000000 COUNT : 0 SUM : 0
rocksdb.sst.write.micros P50 : 0.502824 P95 : 0.955365 P99 : 0.995591 P100 : 11234.000000 COUNT : 6432467 SUM : 8565951
rocksdb.file.write.flush.micros P50 : 0.501701 P95 : 0.953231 P99 : 0.993367 P100 : 9864.000000 COUNT : 2429016 SUM : 3269833
rocksdb.file.write.compaction.micros P50 : 0.503507 P95 : 0.956664 P99 : 0.996944 P100 : 11234.000000 COUNT : 4003451 SUM : 5296118
rocksdb.file.write.db.open.micros P50 : 0.000000 P95 : 0.000000 P99 : 0.000000 P100 : 0.000000 COUNT : 0 SUM : 0
rocksdb.num.subcompactions.scheduled P50 : 0.000000 P95 : 0.000000 P99 : 0.000000 P100 : 0.000000 COUNT : 0 SUM : 0
rocksdb.bytes.per.read P50 : 1024.000000 P95 : 1024.000000 P99 : 1024.000000 P100 : 1024.000000 COUNT : 400000 SUM : 402097152
rocksdb.bytes.per.write P50 : 1088.914147 P95 : 1285.936879 P99 : 2984.002518 P100 : 4188.000000 COUNT : 4836009 SUM : 5278032108
rocksdb.bytes.per.multiget P50 : 0.000000 P95 : 0.000000 P99 : 0.000000 P100 : 0.000000 COUNT : 0 SUM : 0
rocksdb.compression.times.nanos P50 : 0.000000 P95 : 0.000000 P99 : 0.000000 P100 : 0.000000 COUNT : 0 SUM : 0
rocksdb.decompression.times.nanos P50 : 0.000000 P95 : 0.000000 P99 : 0.000000 P100 : 0.000000 COUNT : 0 SUM : 0
rocksdb.read.num.merge_operands P50 : 0.000000 P95 : 0.000000 P99 : 0.000000 P100 : 0.000000 COUNT : 0 SUM : 0
rocksdb.blobdb.key.size P50 : 0.000000 P95 : 0.000000 P99 : 0.000000 P100 : 0.000000 COUNT : 0 SUM : 0
rocksdb.blobdb.value.size P50 : 0.000000 P95 : 0.000000 P99 : 0.000000 P100 : 0.000000 COUNT : 0 SUM : 0
rocksdb.blobdb.write.micros P50 : 0.000000 P95 : 0.000000 P99 : 0.000000 P100 : 0.000000 COUNT : 0 SUM : 0
rocksdb.blobdb.get.micros P50 : 0.000000 P95 : 0.000000 P99 : 0.000000 P100 : 0.000000 COUNT : 0 SUM : 0
rocksdb.blobdb.multiget.micros P50 : 0.000000 P95 : 0.000000 P99 : 0.000000 P100 : 0.000000 COUNT : 0 SUM : 0
rocksdb.blobdb.seek.micros P50 : 0.000000 P95 : 0.000000 P99 : 0.000000 P100 : 0.000000 COUNT : 0 SUM : 0
rocksdb.blobdb.next.micros P50 : 0.000000 P95 : 0.000000 P99 : 0.000000 P100 : 0.000000 COUNT : 0 SUM : 0
rocksdb.blobdb.prev.micros P50 : 0.000000 P95 : 0.000000 P99 : 0.000000 P100 : 0.000000 COUNT : 0 SUM : 0
rocksdb.blobdb.blob.file.write.micros P50 : 0.000000 P95 : 0.000000 P99 : 0.000000 P100 : 0.000000 COUNT : 0 SUM : 0
rocksdb.blobdb.blob.file.read.micros P50 : 0.000000 P95 : 0.000000 P99 : 0.000000 P100 : 0.000000 COUNT : 0 SUM : 0
rocksdb.blobdb.blob.file.sync.micros P50 : 0.000000 P95 : 0.000000 P99 : 0.000000 P100 : 0.000000 COUNT : 0 SUM : 0
rocksdb.blobdb.compression.micros P50 : 0.000000 P95 : 0.000000 P99 : 0.000000 P100 : 0.000000 COUNT : 0 SUM : 0
rocksdb.blobdb.decompression.micros P50 : 0.000000 P95 : 0.000000 P99 : 0.000000 P100 : 0.000000 COUNT : 0 SUM : 0
rocksdb.db.flush.micros P50 : 635909.090909 P95 : 1183000.000000 P99 : 1341799.000000 P100 : 1341799.000000 COUNT : 80 SUM : 56206338
rocksdb.sst.batch.size P50 : 0.000000 P95 : 0.000000 P99 : 0.000000 P100 : 0.000000 COUNT : 0 SUM : 0
rocksdb.multiget.io.batch.size P50 : 0.000000 P95 : 0.000000 P99 : 0.000000 P100 : 0.000000 COUNT : 0 SUM : 0
rocksdb.num.index.and.filter.blocks.read.per.level P50 : 0.000000 P95 : 0.000000 P99 : 0.000000 P100 : 0.000000 COUNT : 0 SUM : 0
rocksdb.num.sst.read.per.level P50 : 0.000000 P95 : 0.000000 P99 : 0.000000 P100 : 0.000000 COUNT : 0 SUM : 0
rocksdb.num.level.read.per.multiget P50 : 0.000000 P95 : 0.000000 P99 : 0.000000 P100 : 0.000000 COUNT : 0 SUM : 0
rocksdb.error.handler.autoresume.retry.count P50 : 0.000000 P95 : 0.000000 P99 : 0.000000 P100 : 0.000000 COUNT : 0 SUM : 0
rocksdb.async.read.bytes P50 : 0.000000 P95 : 0.000000 P99 : 0.000000 P100 : 0.000000 COUNT : 0 SUM : 0
rocksdb.poll.wait.micros P50 : 0.000000 P95 : 0.000000 P99 : 0.000000 P100 : 0.000000 COUNT : 0 SUM : 0
rocksdb.compaction.prefetch.bytes P50 : 0.000000 P95 : 0.000000 P99 : 0.000000 P100 : 0.000000 COUNT : 0 SUM : 0
rocksdb.prefetched.bytes.discarded P50 : 0.000000 P95 : 0.000000 P99 : 0.000000 P100 : 0.000000 COUNT : 0 SUM : 0
rocksdb.async.prefetch.abort.micros P50 : 0.000000 P95 : 0.000000 P99 : 0.000000 P100 : 0.000000 COUNT : 0 SUM : 0
rocksdb.table.open.prefetch.tail.read.bytes P50 : 0.000000 P95 : 0.000000 P99 : 0.000000 P100 : 0.000000 COUNT : 0 SUM : 0
rocksdb.num.op.per.transaction P50 : 0.000000 P95 : 0.000000 P99 : 0.000000 P100 : 0.000000 COUNT : 0 SUM : 0
rocksdb.multiscan.op.prepare.iterators.micros P50 : 0.000000 P95 : 0.000000 P99 : 0.000000 P100 : 0.000000 COUNT : 0 SUM : 0
rocksdb.multiscan.prepare.micros P50 : 0.000000 P95 : 0.000000 P99 : 0.000000 P100 : 0.000000 COUNT : 0 SUM : 0
rocksdb.multiscan.blocks.per.prepare P50 : 0.000000 P95 : 0.000000 P99 : 0.000000 P100 : 0.000000 COUNT : 0 SUM : 0
rocksdb.block.key.distribution.cv P50 : 0.000000 P95 : 0.000000 P99 : 0.000000 P100 : 0.000000 COUNT : 0 SUM : 0

[EXPERIMENT_COMPLETED]
