RocksDB:    version 11.3.0
Date:       Tue May 26 11:19:35 2026
CPU:        2 * Intel Xeon Processor (SapphireRapids)
CPUCache:   16384 KB
2026/05/26-11:19:36  ... thread 2: (39000,39000) ops and (38876.0,38876.0) ops/second in (1.003189,1.003189) seconds
2026/05/26-11:19:36  ... thread 1: (40000,40000) ops and (39672.9,39672.9) ops/second in (1.008246,1.008246) seconds
2026/05/26-11:19:36  ... thread 0: (36000,36000) ops and (35728.6,35728.6) ops/second in (1.007595,1.007595) seconds
2026/05/26-11:19:36  ... thread 3: (40000,40000) ops and (38912.8,38912.8) ops/second in (1.027939,1.027939) seconds
2026/05/26-11:19:37  ... thread 2: (33000,72000) ops and (32884.4,35879.7) ops/second in (1.003516,2.006705) seconds
2026/05/26-11:19:37  ... thread 0: (34000,70000) ops and (33746.9,34737.8) ops/second in (1.007501,2.015096) seconds
2026/05/26-11:19:37  ... thread 1: (35000,75000) ops and (34305.4,36973.2) ops/second in (1.020249,2.028495) seconds
2026/05/26-11:19:37  ... thread 3: (34000,74000) ops and (33903.7,36439.2) ops/second in (1.002839,2.030778) seconds
2026/05/26-11:19:38  ... thread 3: (19000,93000) ops and (15129.4,28296.6) ops/second in (1.255832,3.286610) seconds
2026/05/26-11:19:38  ... thread 1: (17000,92000) ops and (13420.7,27919.4) ops/second in (1.266703,3.295198) seconds
2026/05/26-11:19:38  ... thread 0: (22000,92000) ops and (17181.1,27916.2) ops/second in (1.280479,3.295575) seconds
2026/05/26-11:19:38  ... thread 2: (19000,91000) ops and (14484.7,27422.6) ops/second in (1.311725,3.318430) seconds
2026/05/26-11:19:40  ... thread 2: (14000,105000) ops and (12597.7,23703.4) ops/second in (1.111317,4.429747) seconds
2026/05/26-11:19:40  ... thread 1: (17000,109000) ops and (14595.4,24439.8) ops/second in (1.164749,4.459947) seconds
2026/05/26-11:19:40  ... thread 3: (19000,112000) ops and (16170.3,25103.1) ops/second in (1.174992,4.461602) seconds
2026/05/26-11:19:40  ... thread 0: (14000,106000) ops and (11598.9,23542.1) ops/second in (1.207006,4.502581) seconds
2026/05/26-11:19:41  ... thread 2: (37000,142000) ops and (36649.4,26106.2) ops/second in (1.009565,5.439312) seconds
2026/05/26-11:19:41  ... thread 1: (36000,145000) ops and (35685.4,26514.2) ops/second in (1.008817,5.468764) seconds
2026/05/26-11:19:41  ... thread 3: (34000,146000) ops and (32892.0,26568.2) ops/second in (1.033685,5.495287) seconds
2026/05/26-11:19:41  ... thread 0: (30000,136000) ops and (29950.7,24708.3) ops/second in (1.001645,5.504226) seconds
2026/05/26-11:19:42  ... thread 2: (13000,155000) ops and (12827.5,24020.7) ops/second in (1.013451,6.452763) seconds
2026/05/26-11:19:42  ... thread 1: (15000,160000) ops and (14787.9,24679.5) ops/second in (1.014343,6.483107) seconds
2026/05/26-11:19:42  ... thread 0: (14000,150000) ops and (13958.5,23051.4) ops/second in (1.002973,6.507199) seconds
2026/05/26-11:19:42  ... thread 3: (16000,162000) ops and (15757.9,24882.3) ops/second in (1.015363,6.510650) seconds
2026/05/26-11:19:44  ... thread 1: (13000,173000) ops and (6236.0,20191.9) ops/second in (2.084683,8.567790) seconds
2026/05/26-11:19:44  ... thread 3: (13000,175000) ops and (6298.0,20408.7) ops/second in (2.064135,8.574785) seconds
2026/05/26-11:19:44  ... thread 2: (16000,171000) ops and (7547.5,19947.1) ops/second in (2.119898,8.572661) seconds
2026/05/26-11:19:44  ... thread 0: (12000,162000) ops and (5803.4,18892.2) ops/second in (2.067754,8.574953) seconds
2026/05/26-11:19:45  ... thread 1: (15000,188000) ops and (12956.6,19330.6) ops/second in (1.157713,9.725503) seconds
2026/05/26-11:19:45  ... thread 0: (17000,179000) ops and (14717.4,18396.6) ops/second in (1.155094,9.730047) seconds
2026/05/26-11:19:45  ... thread 3: (16000,191000) ops and (13696.5,19603.9) ops/second in (1.168185,9.742970) seconds
2026/05/26-11:19:45  ... thread 2: (13000,184000) ops and (10877.2,18837.4) ops/second in (1.195166,9.767827) seconds
2026/05/26-11:19:46  ... thread 0: (15000,194000) ops and (14925.7,18071.7) ops/second in (1.004981,10.735028) seconds
2026/05/26-11:19:46  ... thread 1: (17000,205000) ops and (16715.9,19083.1) ops/second in (1.016995,10.742498) seconds
2026/05/26-11:19:46  ... thread 3: (19000,210000) ops and (18921.4,19540.1) ops/second in (1.004154,10.747124) seconds
2026/05/26-11:19:46  ... thread 2: (19000,203000) ops and (18873.6,18840.7) ops/second in (1.006699,10.774526) seconds
2026/05/26-11:19:47  ... thread 1: (14000,219000) ops and (13194.3,18553.7) ops/second in (1.061066,11.803564) seconds
2026/05/26-11:19:47  ... thread 2: (14000,217000) ops and (13634.5,18387.8) ops/second in (1.026808,11.801334) seconds
2026/05/26-11:19:47  ... thread 3: (13000,223000) ops and (12194.4,18877.2) ops/second in (1.066064,11.813188) seconds
2026/05/26-11:19:47  ... thread 0: (13000,207000) ops and (11687.9,17472.4) ops/second in (1.112258,11.847286) seconds
2026/05/26-11:19:48  ... thread 3: (17000,240000) ops and (13399.2,18345.9) ops/second in (1.268733,13.081921) seconds
2026/05/26-11:19:48  ... thread 1: (15000,234000) ops and (11651.9,17875.0) ops/second in (1.287349,13.090913) seconds
2026/05/26-11:19:48  ... thread 0: (17000,224000) ops and (13579.5,17100.3) ops/second in (1.251886,13.099172) seconds
2026/05/26-11:19:48  ... thread 2: (14000,231000) ops and (10655.6,17613.2) ops/second in (1.313864,13.115198) seconds
2026/05/26-11:19:49  ... thread 3: (16000,256000) ops and (13219.6,17911.8) ops/second in (1.210324,14.292245) seconds
2026/05/26-11:19:49  ... thread 2: (15000,246000) ops and (12741.5,17211.9) ops/second in (1.177260,14.292458) seconds
2026/05/26-11:19:49  ... thread 0: (17000,241000) ops and (14079.6,16845.4) ops/second in (1.207418,14.306590) seconds
2026/05/26-11:19:49  ... thread 1: (14000,248000) ops and (11376.1,17316.5) ops/second in (1.230647,14.321560) seconds
2026/05/26-11:19:51  ... thread 0: (17000,258000) ops and (13748.1,16599.0) ops/second in (1.236537,15.543127) seconds
2026/05/26-11:19:51  ... thread 3: (16000,272000) ops and (12682.3,17487.6) ops/second in (1.261600,15.553845) seconds
2026/05/26-11:19:51  ... thread 1: (14000,262000) ops and (11295.9,16837.0) ops/second in (1.239393,15.560953) seconds
2026/05/26-11:19:51  ... thread 2: (16000,262000) ops and (12612.8,16837.0) ops/second in (1.268555,15.561013) seconds
2026/05/26-11:19:52  ... thread 0: (31000,289000) ops and (20695.3,16959.0) ops/second in (1.497923,17.041050) seconds
2026/05/26-11:19:52  ... thread 2: (31000,293000) ops and (20763.9,17180.7) ops/second in (1.492974,17.053987) seconds
2026/05/26-11:19:52  ... thread 1: (29000,291000) ops and (19258.9,17050.7) ops/second in (1.505795,17.066748) seconds
2026/05/26-11:19:52  ... thread 3: (33000,305000) ops and (21583.9,17854.3) ops/second in (1.528919,17.082764) seconds
2026/05/26-11:19:54  ... thread 0: (31000,320000) ops and (19376.2,17166.5) ops/second in (1.599901,18.640951) seconds
2026/05/26-11:19:54  ... thread 1: (31000,322000) ops and (19548.9,17263.1) ops/second in (1.585764,18.652512) seconds
2026/05/26-11:19:54  ... thread 3: (32000,337000) ops and (20318.7,18062.3) ops/second in (1.574906,18.657670) seconds
2026/05/26-11:19:54  ... thread 2: (30000,323000) ops and (18656.6,17307.9) ops/second in (1.608009,18.661996) seconds
2026/05/26-11:19:55  ... thread 3: (34000,371000) ops and (22210.3,18376.8) ops/second in (1.530818,20.188488) seconds
2026/05/26-11:19:55  ... thread 2: (30000,353000) ops and (19682.6,17487.2) ops/second in (1.524191,20.186187) seconds
2026/05/26-11:19:55  ... thread 1: (29000,351000) ops and (18855.3,17384.4) ops/second in (1.538033,20.190545) seconds
2026/05/26-11:19:55  ... thread 0: (31000,351000) ops and (19809.1,17371.2) ops/second in (1.564940,20.205891) seconds
2026/05/26-11:19:56  ... thread 2: (27000,380000) ops and (26657.7,17925.4) ops/second in (1.012840,21.199027) seconds
2026/05/26-11:19:56  ... thread 3: (26000,397000) ops and (25502.6,18719.4) ops/second in (1.019505,21.207993) seconds
2026/05/26-11:19:56  ... thread 1: (29000,380000) ops and (28467.9,17916.7) ops/second in (1.018690,21.209235) seconds
2026/05/26-11:19:56  ... thread 0: (28000,379000) ops and (27819.1,17866.9) ops/second in (1.006504,21.212395) seconds
2026/05/26-11:19:58  ... thread 0: (17000,396000) ops and (9922.6,17273.2) ops/second in (1.713260,22.925655) seconds
2026/05/26-11:19:58  ... thread 3: (18000,415000) ops and (10441.9,18097.1) ops/second in (1.723826,22.931819) seconds
2026/05/26-11:19:58  ... thread 1: (21000,401000) ops and (12164.1,17483.7) ops/second in (1.726386,22.935621) seconds
2026/05/26-11:19:58  ... thread 2: (21000,401000) ops and (11820.7,17453.3) ops/second in (1.776544,22.975571) seconds
2026/05/26-11:19:59  ... thread 0: (30000,426000) ops and (27638.8,17741.8) ops/second in (1.085431,24.011086) seconds
2026/05/26-11:19:59  ... thread 2: (28000,429000) ops and (26675.2,17856.2) ops/second in (1.049666,24.025237) seconds
2026/05/26-11:19:59  ... thread 1: (34000,435000) ops and (31034.2,18101.5) ops/second in (1.095567,24.031188) seconds
2026/05/26-11:19:59  ... thread 3: (33000,448000) ops and (29932.2,18640.0) ops/second in (1.102490,24.034309) seconds
2026/05/26-11:20:00  ... thread 2: (29000,458000) ops and (28468.0,18287.9) ops/second in (1.018686,25.043923) seconds
2026/05/26-11:20:00  ... thread 1: (34000,469000) ops and (33256.9,18719.9) ops/second in (1.022345,25.053533) seconds
2026/05/26-11:20:00  ... thread 0: (29000,455000) ops and (27447.3,18150.9) ops/second in (1.056572,25.067658) seconds
2026/05/26-11:20:00  ... thread 3: (33000,481000) ops and (31654.0,19181.1) ops/second in (1.042521,25.076830) seconds
2026/05/26-11:20:01  ... thread 0: (14000,469000) ops and (13237.1,17952.0) ops/second in (1.057637,26.125295) seconds
2026/05/26-11:20:01  ... thread 1: (17000,486000) ops and (15784.9,18598.9) ops/second in (1.076977,26.130510) seconds
2026/05/26-11:20:01  ... thread 3: (14000,495000) ops and (13231.3,18940.2) ops/second in (1.058094,26.134924) seconds
2026/05/26-11:20:01  ... thread 2: (16000,474000) ops and (14692.3,18138.0) ops/second in (1.089008,26.132931) seconds
2026/05/26-11:20:02  ... thread 2: (31000,505000) ops and (26257.9,18489.0) ops/second in (1.180596,27.313527) seconds
2026/05/26-11:20:03  ... thread 3: (30000,525000) ops and (22387.6,19108.3) ops/second in (1.340026,27.474950) seconds
2026/05/26-11:20:03  ... thread 0: (35000,504000) ops and (19269.8,18037.6) ops/second in (1.816312,27.941607) seconds
2026/05/26-11:20:03  ... thread 1: (30000,516000) ops and (16032.3,18427.4) ops/second in (1.871228,28.001738) seconds
2026/05/26-11:20:04  ... thread 2: (3000,508000) ops and (1968.4,17615.9) ops/second in (1.524115,28.837642) seconds
2026/05/26-11:20:04  ... thread 0: (3000,507000) ops and (2716.6,17455.1) ops/second in (1.104340,29.045947) seconds
2026/05/26-11:20:04  ... thread 3: (2000,527000) ops and (1235.8,18114.1) ops/second in (1.618376,29.093326) seconds
2026/05/26-11:20:05  ... thread 1: (2000,518000) ops and (1482.2,17648.4) ops/second in (1.349351,29.351089) seconds
2026/05/26-11:20:05  ... thread 2: (12000,520000) ops and (11959.1,17425.7) ops/second in (1.003416,29.841058) seconds
2026/05/26-11:20:05  ... thread 0: (18000,525000) ops and (17864.3,17468.8) ops/second in (1.007596,30.053543) seconds
2026/05/26-11:20:05  ... thread 3: (21000,548000) ops and (20634.1,18199.3) ops/second in (1.017733,30.111059) seconds
2026/05/26-11:20:06  ... thread 1: (30000,548000) ops and (26934.6,17987.9) ops/second in (1.113810,30.464899) seconds
2026/05/26-11:20:06  ... thread 2: (32000,552000) ops and (31715.3,17893.0) ops/second in (1.008977,30.850035) seconds
2026/05/26-11:20:06  ... thread 0: (24000,549000) ops and (23140.7,17658.0) ops/second in (1.037132,31.090675) seconds
2026/05/26-11:20:06  ... thread 3: (23000,571000) ops and (22854.6,18349.8) ops/second in (1.006364,31.117423) seconds
2026/05/26-11:20:07  ... thread 1: (30000,578000) ops and (29412.9,18358.0) ops/second in (1.019961,31.484860) seconds
2026/05/26-11:20:07  ... thread 2: (28000,580000) ops and (27875.0,18207.8) ops/second in (1.004483,31.854518) seconds
2026/05/26-11:20:08  ... thread 1: (16000,594000) ops and (12090.1,18105.2) ops/second in (1.323394,32.808254) seconds
2026/05/26-11:20:08  ... thread 3: (31000,602000) ops and (18288.6,18346.7) ops/second in (1.695046,32.812469) seconds
2026/05/26-11:20:08  ... thread 0: (30000,579000) ops and (17417.2,17645.4) ops/second in (1.722431,32.813106) seconds
2026/05/26-11:20:08  ... thread 2: (7000,587000) ops and (6934.2,17861.5) ops/second in (1.009486,32.864004) seconds
2026/05/26-11:20:09  ... thread 1: (17000,611000) ops and (14713.9,17989.8) ops/second in (1.155373,33.963627) seconds
2026/05/26-11:20:09  ... thread 2: (13000,600000) ops and (10999.9,17623.3) ops/second in (1.181833,34.045837) seconds
2026/05/26-11:20:09  ... thread 3: (17000,619000) ops and (13439.8,18164.5) ops/second in (1.264900,34.077369) seconds
2026/05/26-11:20:09  ... thread 0: (17000,596000) ops and (12547.8,17443.3) ops/second in (1.354820,34.167926) seconds
2026/05/26-11:20:10  ... thread 2: (2000,602000) ops and (1695.5,17089.9) ops/second in (1.179616,35.225453) seconds
2026/05/26-11:20:11  ... thread 0: (2000,598000) ops and (1446.7,16821.2) ops/second in (1.382409,35.550335) seconds
2026/05/26-11:20:11  ... thread 1: (1000,612000) ops and (593.0,17166.9) ops/second in (1.686278,35.649905) seconds
2026/05/26-11:20:11  ... thread 3: (3000,622000) ops and (1697.5,17352.6) ops/second in (1.767319,35.844688) seconds
2026/05/26-11:20:12  ... thread 0: (1000,599000) ops and (887.4,16331.6) ops/second in (1.126934,36.677269) seconds
2026/05/26-11:20:12  ... thread 3: (2000,624000) ops and (1549.5,16803.3) ops/second in (1.290771,37.135459) seconds
2026/05/26-11:20:12  ... thread 1: (4000,616000) ops and (2491.1,16534.4) ops/second in (1.605694,37.255599) seconds
2026/05/26-11:20:13  ... thread 2: (4000,606000) ops and (1836.0,16201.4) ops/second in (2.178702,37.404155) seconds
2026/05/26-11:20:13  ... thread 0: (2000,601000) ops and (1823.2,15910.3) ops/second in (1.096951,37.774220) seconds
2026/05/26-11:20:14  ... thread 1: (2000,618000) ops and (1187.2,15870.5) ops/second in (1.684679,38.940278) seconds
2026/05/26-11:20:14  ... thread 2: (4000,610000) ops and (2302.0,15584.4) ops/second in (1.737606,39.141761) seconds
2026/05/26-11:20:15  ... thread 3: (2000,626000) ops and (851.1,15854.0) ops/second in (2.349852,39.485311) seconds
2026/05/26-11:20:15  ... thread 0: (3000,604000) ops and (1514.6,15193.1) ops/second in (1.980753,39.754973) seconds
2026/05/26-11:20:15  ... thread 2: (2000,612000) ops and (1725.0,15185.7) ops/second in (1.159438,40.301199) seconds
2026/05/26-11:20:16  ... thread 1: (3000,621000) ops and (1920.6,15332.5) ops/second in (1.562039,40.502317) seconds
2026/05/26-11:20:16  ... thread 3: (2000,628000) ops and (1863.9,15483.9) ops/second in (1.073006,40.558317) seconds
2026/05/26-11:20:16  ... thread 0: (2000,606000) ops and (1384.4,14708.9) ops/second in (1.444642,41.199615) seconds
2026/05/26-11:20:17  ... thread 1: (3000,624000) ops and (2745.3,15001.8) ops/second in (1.092783,41.595100) seconds
2026/05/26-11:20:17  ... thread 2: (3000,615000) ops and (2231.5,14767.5) ops/second in (1.344379,41.645578) seconds
2026/05/26-11:20:17  ... thread 3: (2000,630000) ops and (1149.9,14894.4) ops/second in (1.739339,42.297656) seconds
2026/05/26-11:20:18  ... thread 0: (1000,607000) ops and (751.5,14272.2) ops/second in (1.330699,42.530314) seconds
2026/05/26-11:20:18  ... thread 2: (2000,617000) ops and (1957.2,14460.7) ops/second in (1.021848,42.667426) seconds
2026/05/26-11:20:18  ... thread 1: (2000,626000) ops and (1366.7,14538.4) ops/second in (1.463336,43.058436) seconds
2026/05/26-11:20:19  ... thread 3: (2000,632000) ops and (1768.0,14552.5) ops/second in (1.131242,43.428898) seconds
2026/05/26-11:20:19  ... thread 0: (2000,609000) ops and (1536.7,13894.0) ops/second in (1.301468,43.831782) seconds
2026/05/26-11:20:19  ... thread 2: (1000,618000) ops and (614.5,13952.0) ops/second in (1.627269,44.294695) seconds
2026/05/26-11:20:20  ... thread 1: (3000,629000) ops and (1667.5,14022.2) ops/second in (1.799083,44.857519) seconds
2026/05/26-11:20:20  ... thread 3: (2000,634000) ops and (1123.5,14023.7) ops/second in (1.780146,45.209044) seconds
2026/05/26-11:20:21  ... thread 0: (1000,610000) ops and (586.6,13395.8) ops/second in (1.704778,45.536560) seconds
2026/05/26-11:20:21  ... thread 1: (2000,631000) ops and (1714.9,13710.3) ops/second in (1.166232,46.023751) seconds
2026/05/26-11:20:22  ... thread 2: (2000,620000) ops and (880.2,13314.2) ops/second in (2.272303,46.566998) seconds
2026/05/26-11:20:22  ... thread 3: (1000,635000) ops and (703.1,13617.4) ops/second in (1.422355,46.631399) seconds
2026/05/26-11:20:22  ... thread 1: (1000,632000) ops and (979.0,13433.9) ops/second in (1.021486,47.045237) seconds
2026/05/26-11:20:22  ... thread 0: (2000,612000) ops and (1200.8,12965.5) ops/second in (1.665524,47.202084) seconds
2026/05/26-11:20:23  ... thread 1: (2000,634000) ops and (1824.2,13169.5) ops/second in (1.096400,48.141637) seconds
2026/05/26-11:20:23  ... thread 0: (1000,613000) ops and (949.9,12703.4) ops/second in (1.052715,48.254799) seconds
2026/05/26-11:20:23  ... thread 3: (1000,636000) ops and (609.9,13175.6) ops/second in (1.639686,48.271085) seconds
2026/05/26-11:20:23  ... thread 2: (2000,622000) ops and (1175.4,12886.2) ops/second in (1.701597,48.268595) seconds
2026/05/26-11:20:24  ... thread 1: (1000,635000) ops and (862.9,12880.2) ops/second in (1.158869,49.300506) seconds
2026/05/26-11:20:25  ... thread 0: (3000,616000) ops and (2465.5,12451.6) ops/second in (1.216816,49.471615) seconds
2026/05/26-11:20:25  ... thread 2: (1000,623000) ops and (662.1,12515.3) ops/second in (1.510383,49.778978) seconds
2026/05/26-11:20:25  ... thread 3: (1000,637000) ops and (499.7,12671.0) ops/second in (2.001288,50.272373) seconds
2026/05/26-11:20:26  ... thread 0: (1000,617000) ops and (965.7,12216.1) ops/second in (1.035540,50.507155) seconds
2026/05/26-11:20:26  ... thread 1: (1000,636000) ops and (723.1,12548.5) ops/second in (1.382909,50.683415) seconds
2026/05/26-11:20:26  ... thread 2: (5000,628000) ops and (4918.5,12363.3) ops/second in (1.016563,50.795541) seconds
2026/05/26-11:20:26  ... thread 3: (22000,659000) ops and (21771.4,12850.3) ops/second in (1.010501,51.282874) seconds
2026/05/26-11:20:27  ... thread 0: (25000,642000) ops and (23934.3,12453.5) ops/second in (1.044524,51.551679) seconds
2026/05/26-11:20:27  ... thread 1: (31000,667000) ops and (30647.6,12902.6) ops/second in (1.011499,51.694914) seconds
2026/05/26-11:20:27  ... thread 2: (30000,658000) ops and (29693.5,12701.3) ops/second in (1.010323,51.805864) seconds
2026/05/26-11:20:27  ... thread 3: (23000,682000) ops and (22880.6,13043.1) ops/second in (1.005218,52.288092) seconds
2026/05/26-11:20:28  ... thread 1: (25000,692000) ops and (19401.4,13060.7) ops/second in (1.288569,52.983483) seconds
2026/05/26-11:20:28  ... thread 2: (20000,678000) ops and (16958.0,12796.0) ops/second in (1.179381,52.985245) seconds
2026/05/26-11:20:28  ... thread 0: (31000,673000) ops and (21594.8,12701.2) ops/second in (1.435530,52.987209) seconds
2026/05/26-11:20:28  ... thread 3: (21000,703000) ops and (20749.3,13189.5) ops/second in (1.012083,53.300175) seconds
2026/05/26-11:20:29  ... thread 1: (31000,723000) ops and (27338.2,13359.8) ops/second in (1.133943,54.117426) seconds
2026/05/26-11:20:29  ... thread 0: (31000,704000) ops and (27065.3,13005.1) ops/second in (1.145378,54.132587) seconds
2026/05/26-11:20:29  ... thread 2: (32000,710000) ops and (27843.4,13115.5) ops/second in (1.149285,54.134530) seconds
2026/05/26-11:20:29  ... thread 3: (22000,725000) ops and (21886.5,13350.4) ops/second in (1.005185,54.305360) seconds
2026/05/26-11:20:31  ... thread 1: (34000,757000) ops and (24937.9,13644.4) ops/second in (1.363388,55.480814) seconds
2026/05/26-11:20:31  ... thread 2: (29000,739000) ops and (21428.2,13318.2) ops/second in (1.353355,55.487885) seconds
2026/05/26-11:20:31  ... thread 0: (31000,735000) ops and (22669.0,13243.2) ops/second in (1.367504,55.500091) seconds
2026/05/26-11:20:31  ... thread 3: (27000,752000) ops and (22510.5,13548.4) ops/second in (1.199440,55.504800) seconds
2026/05/26-11:20:32  ... thread 1: (31000,788000) ops and (28254.1,13927.7) ops/second in (1.097184,56.577998) seconds
2026/05/26-11:20:32  ... thread 0: (32000,767000) ops and (29655.8,13556.2) ops/second in (1.079047,56.579138) seconds
2026/05/26-11:20:32  ... thread 2: (30000,769000) ops and (27134.5,13588.1) ops/second in (1.105602,56.593487) seconds
2026/05/26-11:20:32  ... thread 3: (31000,783000) ops and (28172.7,13832.7) ops/second in (1.100355,56.605155) seconds
2026/05/26-11:20:33  ... thread 3: (30000,813000) ops and (26448.9,14080.5) ops/second in (1.134263,57.739418) seconds
2026/05/26-11:20:33  ... thread 1: (30000,818000) ops and (25684.5,14165.5) ops/second in (1.168020,57.746018) seconds
2026/05/26-11:20:33  ... thread 2: (33000,802000) ops and (28179.6,13883.9) ops/second in (1.171061,57.764548) seconds
2026/05/26-11:20:33  ... thread 0: (31000,798000) ops and (25681.0,13809.5) ops/second in (1.207117,57.786255) seconds
2026/05/26-11:20:34  ... thread 1: (32000,850000) ops and (25597.2,14407.7) ops/second in (1.250137,58.996155) seconds
2026/05/26-11:20:34  ... thread 2: (29000,831000) ops and (23512.0,14085.2) ops/second in (1.233411,58.997959) seconds
2026/05/26-11:20:34  ... thread 3: (32000,845000) ops and (22481.7,14282.6) ops/second in (1.423381,59.162799) seconds
2026/05/26-11:20:35  ... thread 0: (31000,829000) ops and (19251.5,13957.0) ops/second in (1.610262,59.396517) seconds
2026/05/26-11:20:35  ... thread 2: (1000,832000) ops and (990.8,13865.0) ops/second in (1.009329,60.007288) seconds
2026/05/26-11:20:35  ... thread 1: (1000,851000) ops and (903.1,14158.9) ops/second in (1.107271,60.103426) seconds
2026/05/26-11:20:35  ... thread 3: (2000,847000) ops and (1720.2,14040.5) ops/second in (1.162675,60.325474) seconds
2026/05/26-11:20:36  ... thread 0: (2000,831000) ops and (1932.6,13751.1) ops/second in (1.034891,60.431408) seconds
2026/05/26-11:20:37  ... thread 2: (2000,834000) ops and (1266.3,13541.9) ops/second in (1.579443,61.586731) seconds
2026/05/26-11:20:37  ... thread 1: (1000,852000) ops and (599.7,13792.9) ops/second in (1.667417,61.770843) seconds
2026/05/26-11:20:37  ... thread 3: (1000,848000) ops and (668.9,13717.1) ops/second in (1.494962,61.820436) seconds
2026/05/26-11:20:38  ... thread 0: (3000,834000) ops and (1374.7,13319.8) ops/second in (2.182351,62.613759) seconds
2026/05/26-11:20:38  ... thread 1: (2000,854000) ops and (1905.2,13594.3) ops/second in (1.049755,62.820598) seconds
2026/05/26-11:20:38  ... thread 3: (1000,849000) ops and (945.2,13502.2) ops/second in (1.058021,62.878457) seconds
2026/05/26-11:20:39  ... thread 2: (2000,836000) ops and (997.4,13146.3) ops/second in (2.005314,63.592045) seconds
2026/05/26-11:20:39  ... thread 1: (1000,855000) ops and (787.6,13340.5) ops/second in (1.269730,64.090328) seconds
2026/05/26-11:20:39  ... thread 0: (2000,836000) ops and (1300.6,13031.7) ops/second in (1.537735,64.151494) seconds
2026/05/26-11:20:40  ... thread 3: (2000,851000) ops and (1221.0,13190.4) ops/second in (1.637971,64.516428) seconds
2026/05/26-11:20:40  ... thread 2: (2000,838000) ops and (1456.2,12899.2) ops/second in (1.373463,64.965508) seconds
2026/05/26-11:20:40  ... thread 0: (1000,837000) ops and (939.4,12834.3) ops/second in (1.064518,65.216012) seconds
2026/05/26-11:20:41  ... thread 3: (2000,853000) ops and (1503.9,12954.4) ops/second in (1.329894,65.846322) seconds
2026/05/26-11:20:41  ... thread 1: (2000,857000) ops and (1040.6,12982.4) ops/second in (1.921909,66.012237) seconds
2026/05/26-11:20:42  ... thread 3: (2000,855000) ops and (1764.6,12765.1) ops/second in (1.133385,66.979707) seconds
2026/05/26-11:20:42  ... thread 1: (1000,858000) ops and (984.6,12800.6) ops/second in (1.015664,67.027901) seconds
2026/05/26-11:20:42  ... thread 2: (2000,840000) ops and (856.0,12481.0) ops/second in (2.336537,67.302045) seconds
2026/05/26-11:20:42  ... thread 0: (2000,839000) ops and (951.3,12463.2) ops/second in (2.102343,67.318355) seconds
2026/05/26-11:20:44  ... thread 2: (1000,841000) ops and (962.0,12305.8) ops/second in (1.039466,68.341511) seconds
2026/05/26-11:20:44  ... thread 3: (1000,856000) ops and (716.5,12519.1) ops/second in (1.395648,68.375355) seconds
2026/05/26-11:20:44  ... thread 1: (2000,860000) ops and (1407.2,12564.1) ops/second in (1.421242,68.449143) seconds
2026/05/26-11:20:44  ... thread 0: (2000,841000) ops and (1496.5,12249.7) ops/second in (1.336423,68.654778) seconds
2026/05/26-11:20:45  ... thread 2: (1000,842000) ops and (938.8,12131.4) ops/second in (1.065174,69.406685) seconds
2026/05/26-11:20:45  ... thread 1: (1000,861000) ops and (859.8,12368.5) ops/second in (1.163090,69.612233) seconds
2026/05/26-11:20:45  ... thread 3: (2000,858000) ops and (1367.3,12285.6) ops/second in (1.462702,69.838057) seconds
2026/05/26-11:20:46  ... thread 0: (2000,843000) ops and (1134.1,11971.3) ops/second in (1.763493,70.418271) seconds
2026/05/26-11:20:46  ... thread 2: (1000,843000) ops and (988.0,11971.2) ops/second in (1.012117,70.418802) seconds
2026/05/26-11:20:46  ... thread 1: (10000,871000) ops and (9753.0,12330.6) ops/second in (1.025324,70.637557) seconds
2026/05/26-11:20:46  ... thread 3: (21000,879000) ops and (20611.4,12405.3) ops/second in (1.018852,70.856909) seconds
2026/05/26-11:20:47  ... thread 2: (30000,873000) ops and (29703.8,12222.0) ops/second in (1.009971,71.428773) seconds
2026/05/26-11:20:47  ... thread 0: (26000,869000) ops and (25432.0,12164.0) ops/second in (1.022334,71.440605) seconds
2026/05/26-11:20:47  ... thread 1: (23000,894000) ops and (21154.2,12464.3) ops/second in (1.087253,71.724810) seconds
2026/05/26-11:20:47  ... thread 3: (20000,899000) ops and (19801.0,12509.2) ops/second in (1.010050,71.866959) seconds
2026/05/26-11:20:48  ... thread 2: (25000,898000) ops and (24563.5,12395.3) ops/second in (1.017771,72.446544) seconds
2026/05/26-11:20:48  ... thread 0: (24000,893000) ops and (23729.9,12325.4) ops/second in (1.011381,72.451986) seconds
2026/05/26-11:20:48  ... thread 3: (29000,928000) ops and (20422.2,12662.5) ops/second in (1.420024,73.286983) seconds
2026/05/26-11:20:48  ... thread 1: (34000,928000) ops and (21670.2,12661.4) ops/second in (1.568976,73.293786) seconds
2026/05/26-11:20:49  ... thread 0: (15000,908000) ops and (14983.1,12361.6) ops/second in (1.001126,73.453112) seconds
2026/05/26-11:20:49  ... thread 2: (17000,915000) ops and (16839.1,12456.4) ops/second in (1.009553,73.456097) seconds
2026/05/26-11:20:50  ... thread 1: (29000,957000) ops and (23983.1,12845.1) ops/second in (1.209185,74.502971) seconds
2026/05/26-11:20:50  ... thread 3: (33000,961000) ops and (19674.7,12819.4) ops/second in (1.677277,74.964260) seconds
2026/05/26-11:20:50  ... thread 2: (23000,938000) ops and (13376.1,12477.5) ops/second in (1.719485,75.175582) seconds
2026/05/26-11:20:51  ... thread 0: (28000,936000) ops and (13673.0,12397.2) ops/second in (2.047836,75.500948) seconds
2026/05/26-11:20:51  ... thread 1: (3000,960000) ops and (2360.7,12669.3) ops/second in (1.270799,75.773770) seconds
2026/05/26-11:20:51  ... thread 3: (1000,962000) ops and (889.1,12643.1) ops/second in (1.124697,76.088957) seconds
2026/05/26-11:20:52  ... thread 1: (2000,962000) ops and (1815.7,12513.8) ops/second in (1.101517,76.875287) seconds
2026/05/26-11:20:52  ... thread 2: (2000,940000) ops and (1168.6,12225.7) ops/second in (1.711479,76.887061) seconds
2026/05/26-11:20:53  ... thread 3: (2000,964000) ops and (1296.6,12417.6) ops/second in (1.542555,77.631512) seconds
2026/05/26-11:20:53  ... thread 0: (2000,938000) ops and (784.4,12017.8) ops/second in (2.549700,78.050648) seconds
2026/05/26-11:20:54  ... thread 2: (3000,943000) ops and (1701.8,11989.8) ops/second in (1.762854,78.649915) seconds
2026/05/26-11:20:54  ... thread 1: (2000,964000) ops and (1028.3,12230.4) ops/second in (1.944984,78.820271) seconds
2026/05/26-11:20:54  ... thread 3: (3000,967000) ops and (2072.7,12228.3) ops/second in (1.447371,79.078883) seconds
2026/05/26-11:20:55  ... thread 2: (1000,944000) ops and (959.8,11845.6) ops/second in (1.041883,79.691798) seconds
2026/05/26-11:20:55  ... thread 0: (2000,940000) ops and (1028.3,11750.6) ops/second in (1.945045,79.995693) seconds
2026/05/26-11:20:55  ... thread 3: (1000,968000) ops and (892.7,12070.0) ops/second in (1.120244,80.199127) seconds
2026/05/26-11:20:56  ... thread 1: (3000,967000) ops and (1662.2,11993.8) ops/second in (1.804783,80.625054) seconds
2026/05/26-11:20:56  ... thread 2: (2000,946000) ops and (1533.8,11679.6) ops/second in (1.303925,80.995723) seconds
2026/05/26-11:20:57  ... thread 0: (2000,942000) ops and (1322.1,11557.1) ops/second in (1.512789,81.508482) seconds
2026/05/26-11:20:57  ... thread 1: (2000,969000) ops and (1753.5,11850.9) ops/second in (1.140572,81.765626) seconds
2026/05/26-11:20:57  ... thread 3: (2000,970000) ops and (1163.5,11841.1) ops/second in (1.718981,81.918108) seconds
2026/05/26-11:20:58  ... thread 0: (2000,944000) ops and (1734.9,11420.1) ops/second in (1.152793,82.661275) seconds
2026/05/26-11:20:58  ... thread 2: (1000,947000) ops and (513.7,11417.6) ops/second in (1.946569,82.942292) seconds
2026/05/26-11:20:59  ... thread 1: (2000,971000) ops and (1202.2,11638.6) ops/second in (1.663575,83.429201) seconds
2026/05/26-11:20:59  ... thread 3: (3000,973000) ops and (1893.6,11652.4) ops/second in (1.584270,83.502378) seconds
2026/05/26-11:20:59  ... thread 0: (1000,945000) ops and (686.4,11234.2) ops/second in (1.456792,84.118067) seconds
2026/05/26-11:21:00  ... thread 2: (2000,949000) ops and (1415.5,11250.0) ops/second in (1.412916,84.355208) seconds
2026/05/26-11:21:00  ... thread 3: (2000,975000) ops and (1491.9,11491.8) ops/second in (1.340540,84.842918) seconds
2026/05/26-11:21:01  ... thread 1: (2000,973000) ops and (1038.0,11399.3) ops/second in (1.926820,85.356021) seconds
2026/05/26-11:21:01  ... thread 2: (3000,952000) ops and (2245.8,11109.7) ops/second in (1.335850,85.691058) seconds
2026/05/26-11:21:01  ... thread 3: (2000,977000) ops and (1995.6,11381.0) ops/second in (1.002193,85.845111) seconds
2026/05/26-11:21:01  ... thread 0: (1000,946000) ops and (536.8,11002.4) ops/second in (1.862908,85.980975) seconds
2026/05/26-11:21:02  ... thread 1: (1000,974000) ops and (672.2,11215.6) ops/second in (1.487581,86.843602) seconds
2026/05/26-11:21:02  ... thread 0: (2000,948000) ops and (1842.6,10888.2) ops/second in (1.085422,87.066397) seconds
2026/05/26-11:21:03  ... thread 3: (2000,979000) ops and (1030.1,11152.0) ops/second in (1.941568,87.786679) seconds
2026/05/26-11:21:03  ... thread 2: (2000,954000) ops and (913.3,10855.6) ops/second in (2.189850,87.880908) seconds
2026/05/26-11:21:04  ... thread 0: (1000,949000) ops and (568.7,10684.0) ops/second in (1.758328,88.824725) seconds
2026/05/26-11:21:05  ... thread 3: (2000,981000) ops and (1200.4,10966.7) ops/second in (1.666055,89.452734) seconds
2026/05/26-11:21:05  ... thread 1: (2000,976000) ops and (658.2,10858.7) ops/second in (3.038489,89.882091) seconds
2026/05/26-11:21:06  ... thread 2: (2000,956000) ops and (702.3,10536.9) ops/second in (2.847843,90.728751) seconds
2026/05/26-11:21:06  ... thread 0: (1000,950000) ops and (443.8,10430.6) ops/second in (2.253095,91.077820) seconds
2026/05/26-11:21:06  ... thread 1: (2000,978000) ops and (1508.3,10722.7) ops/second in (1.326003,91.208094) seconds
2026/05/26-11:21:07  ... thread 3: (2000,983000) ops and (851.1,10707.8) ops/second in (2.349874,91.802608) seconds
2026/05/26-11:21:08  ... thread 1: (1000,979000) ops and (704.6,10569.2) ops/second in (1.419177,92.627271) seconds
2026/05/26-11:21:08  ... thread 2: (2000,958000) ops and (1026.3,10336.9) ops/second in (1.948696,92.677447) seconds
2026/05/26-11:21:08  ... thread 0: (2000,952000) ops and (1183.4,10262.2) ops/second in (1.690031,92.767851) seconds
2026/05/26-11:21:08  ... thread 3: (2000,985000) ops and (1991.8,10613.5) ops/second in (1.004101,92.806709) seconds
2026/05/26-11:21:09  ... thread 1: (28000,1007000) ops and (26820.1,10750.4) ops/second in (1.043993,93.671264) seconds
2026/05/26-11:21:09  ... thread 2: (27000,985000) ops and (26655.1,10513.4) ops/second in (1.012939,93.690386) seconds
2026/05/26-11:21:09  ... thread 0: (32000,984000) ops and (31667.5,10492.8) ops/second in (1.010500,93.778351) seconds
2026/05/26-11:21:09  ... thread 3: (30000,1015000) ops and (29167.6,10816.8) ops/second in (1.028538,93.835247) seconds
2026/05/26-11:21:10  ... thread 1: (31000,1038000) ops and (30990.1,10964.2) ops/second in (1.000319,94.671583) seconds
2026/05/26-11:21:10  ... thread 3: (25000,1040000) ops and (17625.6,10918.2) ops/second in (1.418393,95.253640) seconds
2026/05/26-11:21:10  ... thread 2: (26000,1011000) ops and (16542.9,10612.8) ops/second in (1.571673,95.262059) seconds
2026/05/26-11:21:10  ... thread 0: (29000,1013000) ops and (19212.9,10631.0) ops/second in (1.509399,95.287750) seconds
2026/05/26-11:21:11  ... thread 1: (16000,1054000) ops and (13873.8,10999.2) ops/second in (1.153257,95.824840) seconds
2026/05/26-11:21:12  ... thread 2: (30000,1041000) ops and (27082.0,10802.1) ops/second in (1.107747,96.369806) seconds
2026/05/26-11:21:12  ... thread 0: (31000,1044000) ops and (28533.9,10832.8) ops/second in (1.086427,96.374177) seconds
2026/05/26-11:21:12  ... thread 3: (31000,1071000) ops and (27248.5,11111.0) ops/second in (1.137676,96.391316) seconds
2026/05/26-11:21:12  ... thread 1: (31000,1085000) ops and (26139.3,11184.3) ops/second in (1.185952,97.010792) seconds
2026/05/26-11:21:13  ... thread 2: (33000,1074000) ops and (32415.0,11028.1) ops/second in (1.018048,97.387854) seconds
2026/05/26-11:21:13  ... thread 0: (31000,1075000) ops and (30400.9,11037.7) ops/second in (1.019707,97.393884) seconds
2026/05/26-11:21:13  ... thread 3: (30000,1101000) ops and (29710.6,11303.8) ops/second in (1.009741,97.401057) seconds
2026/05/26-11:21:13  ... thread 1: (16000,1101000) ops and (15884.2,11232.6) ops/second in (1.007293,98.018085) seconds
2026/05/26-11:21:14  ... thread 2: (17000,1091000) ops and (14578.1,11070.1) ops/second in (1.166132,98.553986) seconds
2026/05/26-11:21:14  ... thread 3: (14000,1115000) ops and (11969.3,11311.7) ops/second in (1.169656,98.570713) seconds
2026/05/26-11:21:14  ... thread 0: (17000,1092000) ops and (14416.7,11078.1) ops/second in (1.179184,98.573068) seconds
2026/05/26-11:21:14  ... thread 1: (30000,1131000) ops and (27436.1,11411.4) ops/second in (1.093449,99.111534) seconds
2026/05/26-11:21:15  ... thread 3: (29000,1144000) ops and (28365.7,11486.7) ops/second in (1.022363,99.593076) seconds
2026/05/26-11:21:15  ... thread 0: (35000,1127000) ops and (34327.5,11316.1) ops/second in (1.019590,99.592658) seconds
2026/05/26-11:21:15  ... thread 2: (28000,1119000) ops and (26901.5,11235.5) ops/second in (1.040834,99.594820) seconds
2026/05/26-11:21:15  ... thread 1: (35000,1166000) ops and (34833.0,11646.5) ops/second in (1.004795,100.116329) seconds
2026/05/26-11:21:16  ... thread 3: (30000,1174000) ops and (23563.2,11639.2) ops/second in (1.273172,100.866248) seconds
2026/05/26-11:21:16  ... thread 1: (16000,1182000) ops and (15706.7,11687.3) ops/second in (1.018673,101.135002) seconds
2026/05/26-11:21:16  ... thread 0: (30000,1157000) ops and (19031.8,11436.3) ops/second in (1.576312,101.168970) seconds
2026/05/26-11:21:16  ... thread 2: (31000,1150000) ops and (19132.6,11361.9) ops/second in (1.620273,101.215093) seconds
2026/05/26-11:21:17  ... thread 3: (1000,1175000) ops and (770.2,11501.0) ops/second in (1.298381,102.164629) seconds
2026/05/26-11:21:18  ... thread 2: (1000,1151000) ops and (879.4,11245.5) ops/second in (1.137126,102.352219) seconds
2026/05/26-11:21:18  ... thread 0: (2000,1159000) ops and (1041.8,11242.7) ops/second in (1.919819,103.088789) seconds
2026/05/26-11:21:19  ... thread 3: (1000,1176000) ops and (620.0,11331.9) ops/second in (1.613013,103.777642) seconds
2026/05/26-11:21:19  ... thread 2: (2000,1153000) ops and (1280.6,11095.7) ops/second in (1.561713,103.913932) seconds
2026/05/26-11:21:19  ... thread 1: (2000,1184000) ops and (635.3,11353.7) ops/second in (3.148205,104.283207) seconds
2026/05/26-11:21:20  ... thread 3: (1000,1177000) ops and (695.6,11186.6) ops/second in (1.437659,105.215301) seconds
2026/05/26-11:21:21  ... thread 0: (2000,1161000) ops and (846.4,11009.8) ops/second in (2.362816,105.451605) seconds
2026/05/26-11:21:21  ... thread 1: (2000,1186000) ops and (1661.6,11243.1) ops/second in (1.203688,105.486895) seconds
2026/05/26-11:21:21  ... thread 2: (2000,1155000) ops and (1171.0,10935.2) ops/second in (1.707997,105.621929) seconds
2026/05/26-11:21:22  ... thread 3: (1000,1178000) ops and (663.0,11037.9) ops/second in (1.508315,106.723616) seconds
2026/05/26-11:21:22  ... thread 1: (1000,1187000) ops and (602.1,11078.2) ops/second in (1.660821,107.147716) seconds
2026/05/26-11:21:22  ... thread 2: (3000,1158000) ops and (1898.0,10802.0) ops/second in (1.580626,107.202555) seconds
2026/05/26-11:21:23  ... thread 0: (1000,1162000) ops and (464.8,10799.0) ops/second in (2.151237,107.602842) seconds
2026/05/26-11:21:23  ... thread 3: (2000,1180000) ops and (1306.9,10900.3) ops/second in (1.530308,108.253924) seconds
2026/05/26-11:21:24  ... thread 1: (2000,1189000) ops and (1393.7,10950.2) ops/second in (1.435054,108.582770) seconds
2026/05/26-11:21:24  ... thread 2: (1000,1159000) ops and (572.3,10637.9) ops/second in (1.747374,108.949929) seconds
2026/05/26-11:21:25  ... thread 0: (1000,1163000) ops and (518.2,10617.9) ops/second in (1.929676,109.532518) seconds
2026/05/26-11:21:25  ... thread 2: (1000,1160000) ops and (822.2,10529.5) ops/second in (1.216312,110.166241) seconds
2026/05/26-11:21:26  ... thread 1: (2000,1191000) ops and (1022.6,10774.5) ops/second in (1.955705,110.538475) seconds
2026/05/26-11:21:26  ... thread 3: (2000,1182000) ops and (844.4,10685.0) ops/second in (2.368685,110.622609) seconds
2026/05/26-11:21:27  ... thread 0: (2000,1165000) ops and (986.4,10442.8) ops/second in (2.027565,111.560083) seconds
2026/05/26-11:21:27  ... thread 2: (2000,1162000) ops and (1064.9,10370.9) ops/second in (1.878162,112.044403) seconds
2026/05/26-11:21:27  ... thread 1: (1000,1192000) ops and (661.9,10638.2) ops/second in (1.510729,112.049204) seconds
2026/05/26-11:21:27  ... thread 3: (2000,1184000) ops and (1391.5,10565.8) ops/second in (1.437291,112.059900) seconds
2026/05/26-11:21:28  ... thread 0: (18000,1183000) ops and (17925.6,10509.6) ops/second in (1.004149,112.564232) seconds
2026/05/26-11:21:28  ... thread 2: (32000,1194000) ops and (31993.0,10562.2) ops/second in (1.000219,113.044622) seconds
2026/05/26-11:21:28  ... thread 1: (32000,1224000) ops and (31613.3,10826.0) ops/second in (1.012231,113.061435) seconds
2026/05/26-11:21:28  ... thread 3: (29000,1213000) ops and (28932.4,10728.6) ops/second in (1.002335,113.062235) seconds
2026/05/26-11:21:29  ... thread 0: (24000,1207000) ops and (23572.5,10626.6) ops/second in (1.018136,113.582368) seconds
2026/05/26-11:21:29  ... thread 3: (24000,1237000) ops and (23993.3,10844.9) ops/second in (1.000278,114.062513) seconds
2026/05/26-11:21:29  ... thread 2: (24000,1218000) ops and (23570.2,10678.3) ops/second in (1.018234,114.062856) seconds
2026/05/26-11:21:29  ... thread 1: (26000,1250000) ops and (25807.8,10958.3) ops/second in (1.007447,114.068882) seconds
2026/05/26-11:21:30  ... thread 0: (31000,1238000) ops and (21305.1,10761.7) ops/second in (1.455054,115.037422) seconds
2026/05/26-11:21:30  ... thread 2: (20000,1238000) ops and (19837.7,10758.6) ops/second in (1.008183,115.071039) seconds
Initializing RocksDB Options from the specified file
Initializing RocksDB Options from command-line flags
Integrated BlobDB: blob cache disabled
Keys:       16 bytes each (+ 0 bytes user-defined timestamp)
Values:     1024 bytes each (512 bytes after compression)
Entries:    1250000
Prefix:    0 bytes
Keys per prefix:    0
RawSize:    1239.8 MB (estimated)
FileSize:   629.4 MB (estimated)
Write rate: 0 bytes/second
Read rate: 0 ops/second
Compression: Snappy
Compression sampling rate: 0
Memtablerep: SkipListFactory
Perf Level: 1
WARNING: Assertions are enabled; benchmarks unnecessarily slow
------------------------------------------------
Initializing RocksDB Options from the specified file
Initializing RocksDB Options from command-line flags
Integrated BlobDB: blob cache disabled
DB path: [/tmp/rocksdb_comp_exp_db]
fillrandom   :      91.748 micros/op 43405 ops/sec 115.193 seconds 5000000 operations;   43.1 MB/s
2026/05/26-11:21:34  ... thread 3: (1000,1000) ops and (309.6,309.6) ops/second in (3.230112,3.230112) seconds
2026/05/26-11:21:34  ... thread 0: (1000,1000) ops and (304.3,304.3) ops/second in (3.285911,3.285911) seconds
2026/05/26-11:21:34  ... thread 1: (1000,1000) ops and (297.2,297.2) ops/second in (3.365153,3.365153) seconds
2026/05/26-11:21:34  ... thread 2: (1000,1000) ops and (296.6,296.6) ops/second in (3.371342,3.371342) seconds
2026/05/26-11:21:37  ... thread 3: (1000,2000) ops and (308.6,309.1) ops/second in (3.240355,6.470467) seconds
2026/05/26-11:21:37  ... thread 0: (1000,2000) ops and (313.3,308.8) ops/second in (3.191516,6.477427) seconds
2026/05/26-11:21:37  ... thread 1: (1000,2000) ops and (308.4,302.7) ops/second in (3.242979,6.608132) seconds
2026/05/26-11:21:37  ... thread 2: (1000,2000) ops and (306.1,301.3) ops/second in (3.266620,6.637962) seconds
2026/05/26-11:21:39  ... thread 3: (1000,3000) ops and (391.0,332.3) ops/second in (2.557251,9.027718) seconds
2026/05/26-11:21:39  ... thread 0: (1000,3000) ops and (378.6,329.0) ops/second in (2.641645,9.119072) seconds
2026/05/26-11:21:40  ... thread 2: (1000,3000) ops and (389.7,325.9) ops/second in (2.565909,9.203871) seconds
2026/05/26-11:21:40  ... thread 1: (1000,3000) ops and (371.7,322.6) ops/second in (2.690039,9.298171) seconds
2026/05/26-11:21:42  ... thread 3: (1000,4000) ops and (358.1,338.4) ops/second in (2.792256,11.819974) seconds
2026/05/26-11:21:42  ... thread 0: (1000,4000) ops and (363.1,336.9) ops/second in (2.753760,11.872832) seconds
2026/05/26-11:21:42  ... thread 2: (1000,4000) ops and (342.5,329.9) ops/second in (2.919507,12.123378) seconds
2026/05/26-11:21:43  ... thread 1: (1000,4000) ops and (339.9,326.8) ops/second in (2.941631,12.239802) seconds
2026/05/26-11:21:45  ... thread 3: (1000,5000) ops and (376.2,345.3) ops/second in (2.658442,14.478416) seconds
2026/05/26-11:21:45  ... thread 0: (1000,5000) ops and (376.5,344.1) ops/second in (2.655937,14.528769) seconds
2026/05/26-11:21:45  ... thread 2: (1000,5000) ops and (398.7,341.7) ops/second in (2.508379,14.631757) seconds
2026/05/26-11:21:45  ... thread 1: (1000,5000) ops and (372.6,335.0) ops/second in (2.683646,14.923448) seconds
2026/05/26-11:21:47  ... thread 3: (1000,6000) ops and (425.0,356.5) ops/second in (2.352994,16.831410) seconds
2026/05/26-11:21:47  ... thread 0: (1000,6000) ops and (417.0,354.5) ops/second in (2.398101,16.926870) seconds
2026/05/26-11:21:47  ... thread 2: (1000,6000) ops and (431.7,354.0) ops/second in (2.316428,16.948185) seconds
2026/05/26-11:21:47  ... thread 1: (1000,6000) ops and (470.9,352.0) ops/second in (2.123673,17.047121) seconds
2026/05/26-11:21:49  ... thread 3: (1000,7000) ops and (510.0,372.5) ops/second in (1.960736,18.792146) seconds
2026/05/26-11:21:49  ... thread 0: (1000,7000) ops and (470.0,367.4) ops/second in (2.127578,19.054448) seconds
2026/05/26-11:21:50  ... thread 2: (1000,7000) ops and (450.1,365.2) ops/second in (2.221708,19.169893) seconds
2026/05/26-11:21:50  ... thread 1: (1000,7000) ops and (433.7,361.7) ops/second in (2.305846,19.352967) seconds
2026/05/26-11:21:52  ... thread 3: (1000,8000) ops and (393.5,375.0) ops/second in (2.541305,21.333451) seconds
2026/05/26-11:21:52  ... thread 0: (1000,8000) ops and (403.6,371.5) ops/second in (2.477580,21.532028) seconds
2026/05/26-11:21:52  ... thread 1: (1000,8000) ops and (456.1,371.3) ops/second in (2.192422,21.545389) seconds
2026/05/26-11:21:52  ... thread 2: (1000,8000) ops and (395.7,368.7) ops/second in (2.527385,21.697278) seconds
2026/05/26-11:21:54  ... thread 3: (1000,9000) ops and (457.7,382.7) ops/second in (2.184819,23.518270) seconds
2026/05/26-11:21:54  ... thread 0: (1000,9000) ops and (484.3,381.4) ops/second in (2.064913,23.596941) seconds
2026/05/26-11:21:54  ... thread 2: (1000,9000) ops and (520.1,381.0) ops/second in (1.922774,23.620052) seconds
2026/05/26-11:21:54  ... thread 1: (1000,9000) ops and (480.2,380.9) ops/second in (2.082264,23.627653) seconds
2026/05/26-11:21:56  ... thread 3: (1000,10000) ops and (547.0,394.5) ops/second in (1.828187,25.346457) seconds
2026/05/26-11:21:56  ... thread 2: (1000,10000) ops and (574.5,394.3) ops/second in (1.740615,25.360667) seconds
2026/05/26-11:21:56  ... thread 0: (1000,10000) ops and (530.0,392.4) ops/second in (1.886654,25.483595) seconds
2026/05/26-11:21:56  ... thread 1: (1000,10000) ops and (502.7,390.4) ops/second in (1.989296,25.616949) seconds
2026/05/26-11:21:57  ... thread 1: (1000,11000) ops and (870.3,411.0) ops/second in (1.148992,26.765941) seconds
2026/05/26-11:21:58  ... thread 3: (2000,12000) ops and (1088.7,441.4) ops/second in (1.837075,27.183532) seconds
2026/05/26-11:21:58  ... thread 2: (2000,12000) ops and (1045.7,440.0) ops/second in (1.912546,27.273213) seconds
2026/05/26-11:21:58  ... thread 0: (2000,12000) ops and (1067.1,438.6) ops/second in (1.874259,27.357854) seconds
2026/05/26-11:21:59  ... thread 2: (1000,13000) ops and (728.7,453.8) ops/second in (1.372331,28.645544) seconds
2026/05/26-11:21:59  ... thread 0: (1000,13000) ops and (768.9,453.6) ops/second in (1.300615,28.658469) seconds
2026/05/26-11:21:59  ... thread 1: (2000,13000) ops and (981.8,451.3) ops/second in (2.037144,28.803085) seconds
2026/05/26-11:21:59  ... thread 3: (2000,14000) ops and (1074.7,482.0) ops/second in (1.860906,29.044438) seconds
2026/05/26-11:22:01  ... thread 0: (2000,15000) ops and (1132.3,493.0) ops/second in (1.766268,30.424737) seconds
2026/05/26-11:22:01  ... thread 2: (2000,15000) ops and (1114.8,492.8) ops/second in (1.794071,30.439615) seconds
2026/05/26-11:22:01  ... thread 1: (2000,15000) ops and (1111.3,490.2) ops/second in (1.799641,30.602726) seconds
2026/05/26-11:22:01  ... thread 3: (2000,16000) ops and (1137.2,519.4) ops/second in (1.758751,30.803189) seconds
2026/05/26-11:22:03  ... thread 2: (2000,17000) ops and (1132.0,527.8) ops/second in (1.766817,32.206432) seconds
2026/05/26-11:22:03  ... thread 0: (2000,17000) ops and (1048.1,525.8) ops/second in (1.908156,32.332893) seconds
2026/05/26-11:22:03  ... thread 1: (2000,17000) ops and (1118.8,524.8) ops/second in (1.787676,32.390402) seconds
2026/05/26-11:22:03  ... thread 3: (2000,18000) ops and (997.1,548.6) ops/second in (2.005741,32.808930) seconds
2026/05/26-11:22:05  ... thread 3: (1000,19000) ops and (615.1,551.8) ops/second in (1.625847,34.434777) seconds
2026/05/26-11:22:05  ... thread 2: (2000,19000) ops and (807.7,547.8) ops/second in (2.476248,34.682680) seconds
2026/05/26-11:22:05  ... thread 0: (2000,19000) ops and (838.4,547.3) ops/second in (2.385393,34.718286) seconds
2026/05/26-11:22:05  ... thread 1: (2000,19000) ops and (839.5,546.4) ops/second in (2.382427,34.772829) seconds
2026/05/26-11:22:06  ... thread 2: (1000,20000) ops and (923.9,559.2) ops/second in (1.082343,35.765023) seconds
2026/05/26-11:22:06  ... thread 0: (1000,20000) ops and (910.7,558.4) ops/second in (1.098023,35.816309) seconds
2026/05/26-11:22:06  ... thread 1: (1000,20000) ops and (903.9,557.4) ops/second in (1.106283,35.879112) seconds
2026/05/26-11:22:06  ... thread 3: (2000,21000) ops and (1182.1,581.3) ops/second in (1.691863,36.126640) seconds
2026/05/26-11:22:08  ... thread 3: (1000,22000) ops and (846.9,589.7) ops/second in (1.180709,37.307349) seconds
2026/05/26-11:22:08  ... thread 2: (2000,22000) ops and (1186.8,587.4) ops/second in (1.685172,37.450195) seconds
2026/05/26-11:22:08  ... thread 0: (2000,22000) ops and (1187.3,586.7) ops/second in (1.684446,37.500755) seconds
2026/05/26-11:22:08  ... thread 1: (2000,22000) ops and (1176.6,585.4) ops/second in (1.699822,37.578934) seconds
2026/05/26-11:22:09  ... thread 1: (1000,23000) ops and (863.4,593.7) ops/second in (1.158159,38.737093) seconds
2026/05/26-11:22:09  ... thread 3: (2000,24000) ops and (1254.6,616.9) ops/second in (1.594162,38.901511) seconds
2026/05/26-11:22:09  ... thread 2: (2000,24000) ops and (1376.9,616.9) ops/second in (1.452531,38.902726) seconds
2026/05/26-11:22:09  ... thread 0: (2000,24000) ops and (1397.4,616.5) ops/second in (1.431271,38.932026) seconds
2026/05/26-11:22:10  ... thread 1: (6000,29000) ops and (5248.0,727.2) ops/second in (1.143299,39.880392) seconds
2026/05/26-11:22:10  ... thread 2: (6000,30000) ops and (5576.9,750.4) ops/second in (1.075859,39.978585) seconds
2026/05/26-11:22:10  ... thread 3: (6000,30000) ops and (5503.2,750.2) ops/second in (1.090268,39.991779) seconds
2026/05/26-11:22:10  ... thread 0: (6000,30000) ops and (5444.5,749.4) ops/second in (1.102020,40.034046) seconds
2026/05/26-11:22:11  ... thread 1: (7000,36000) ops and (6206.8,877.9) ops/second in (1.127792,41.008184) seconds
2026/05/26-11:22:11  ... thread 0: (7000,37000) ops and (6789.3,901.0) ops/second in (1.031027,41.065073) seconds
2026/05/26-11:22:11  ... thread 3: (7000,37000) ops and (6480.6,900.9) ops/second in (1.080155,41.071934) seconds
2026/05/26-11:22:11  ... thread 2: (7000,37000) ops and (6309.7,900.5) ops/second in (1.109395,41.087980) seconds
2026/05/26-11:22:12  ... thread 1: (7000,43000) ops and (6966.4,1023.5) ops/second in (1.004822,42.013006) seconds
2026/05/26-11:22:12  ... thread 3: (7000,44000) ops and (6864.9,1045.3) ops/second in (1.019682,42.091616) seconds
2026/05/26-11:22:12  ... thread 2: (7000,44000) ops and (6709.8,1044.4) ops/second in (1.043252,42.131232) seconds
2026/05/26-11:22:13  ... thread 0: (8000,45000) ops and (7204.3,1067.0) ops/second in (1.110446,42.175519) seconds
2026/05/26-11:22:13  ... thread 1: (8000,51000) ops and (7971.0,1185.6) ops/second in (1.003633,43.016639) seconds
2026/05/26-11:22:14  ... thread 2: (8000,52000) ops and (7892.6,1205.2) ops/second in (1.013613,43.144845) seconds
2026/05/26-11:22:14  ... thread 3: (9000,53000) ops and (8187.2,1227.1) ops/second in (1.099277,43.190893) seconds
2026/05/26-11:22:14  ... thread 0: (9000,54000) ops and (8126.4,1247.6) ops/second in (1.107508,43.283027) seconds
2026/05/26-11:22:14  ... thread 1: (10000,61000) ops and (9195.3,1383.1) ops/second in (1.087518,44.104157) seconds
2026/05/26-11:22:15  ... thread 2: (10000,62000) ops and (9119.1,1401.4) ops/second in (1.096604,44.241449) seconds
2026/05/26-11:22:15  ... thread 3: (10000,63000) ops and (9044.2,1422.2) ops/second in (1.105677,44.296570) seconds
2026/05/26-11:22:15  ... thread 0: (10000,64000) ops and (9300.7,1442.8) ops/second in (1.075188,44.358215) seconds
2026/05/26-11:22:15  ... thread 1: (10000,71000) ops and (9854.2,1573.6) ops/second in (1.014797,45.118954) seconds
2026/05/26-11:22:16  ... thread 2: (10000,72000) ops and (9982.9,1591.4) ops/second in (1.001712,45.243161) seconds
2026/05/26-11:22:16  ... thread 0: (11000,75000) ops and (10760.3,1652.7) ops/second in (1.022274,45.380489) seconds
2026/05/26-11:22:16  ... thread 3: (11000,74000) ops and (10079.9,1630.4) ops/second in (1.091277,45.387847) seconds
2026/05/26-11:22:17  ... thread 1: (12000,83000) ops and (11786.2,1799.0) ops/second in (1.018141,46.137095) seconds
2026/05/26-11:22:17  ... thread 2: (13000,85000) ops and (12737.6,1837.3) ops/second in (1.020600,46.263761) seconds
2026/05/26-11:22:17  ... thread 0: (13000,88000) ops and (12547.1,1895.9) ops/second in (1.036099,46.416588) seconds
2026/05/26-11:22:17  ... thread 3: (14000,88000) ops and (13344.1,1895.0) ops/second in (1.049152,46.436999) seconds
2026/05/26-11:22:18  ... thread 1: (14000,97000) ops and (13753.3,2057.0) ops/second in (1.017938,47.155033) seconds
DB path: [/tmp/rocksdb_comp_exp_db]
readrandom   :     472.929 micros/op 8447 ops/sec 47.350 seconds 400000 operations;    8.2 MB/s (98148 of 100000 found)

STATISTICS:
rocksdb.block.cache.miss COUNT : 3733781
rocksdb.block.cache.hit COUNT : 62736
rocksdb.block.cache.add COUNT : 932488
rocksdb.block.cache.add.failures COUNT : 0
rocksdb.block.cache.index.miss COUNT : 0
rocksdb.block.cache.index.hit COUNT : 0
rocksdb.block.cache.index.add COUNT : 0
rocksdb.block.cache.index.bytes.insert COUNT : 0
rocksdb.block.cache.filter.miss COUNT : 0
rocksdb.block.cache.filter.hit COUNT : 0
rocksdb.block.cache.filter.add COUNT : 0
rocksdb.block.cache.filter.bytes.insert COUNT : 0
rocksdb.block.cache.data.miss COUNT : 3733781
rocksdb.block.cache.data.hit COUNT : 62736
rocksdb.block.cache.data.add COUNT : 932488
rocksdb.block.cache.data.bytes.insert COUNT : 4013397952
rocksdb.block.cache.bytes.read COUNT : 270010688
rocksdb.block.cache.bytes.write COUNT : 4013397952
rocksdb.block.cache.compression.dict.miss COUNT : 0
rocksdb.block.cache.compression.dict.hit COUNT : 0
rocksdb.block.cache.compression.dict.add COUNT : 0
rocksdb.block.cache.compression.dict.bytes.insert COUNT : 0
rocksdb.block.cache.add.redundant COUNT : 8
rocksdb.block.cache.index.add.redundant COUNT : 0
rocksdb.block.cache.filter.add.redundant COUNT : 0
rocksdb.block.cache.data.add.redundant COUNT : 8
rocksdb.block.cache.compression.dict.add.redundant COUNT : 0
rocksdb.secondary.cache.hits COUNT : 0
rocksdb.secondary.cache.filter.hits COUNT : 0
rocksdb.secondary.cache.index.hits COUNT : 0
rocksdb.secondary.cache.data.hits COUNT : 0
rocksdb.compressed.secondary.cache.dummy.hits COUNT : 0
rocksdb.compressed.secondary.cache.hits COUNT : 0
rocksdb.compressed.secondary.cache.promotions COUNT : 0
rocksdb.compressed.secondary.cache.promotion.skips COUNT : 0
rocksdb.bloom.filter.useful COUNT : 0
rocksdb.bloom.filter.full.positive COUNT : 0
rocksdb.bloom.filter.full.true.positive COUNT : 0
rocksdb.bloom.filter.prefix.checked COUNT : 0
rocksdb.bloom.filter.prefix.useful COUNT : 0
rocksdb.bloom.filter.prefix.true.positive COUNT : 0
rocksdb.persistent.cache.hit COUNT : 0
rocksdb.persistent.cache.miss COUNT : 0
rocksdb.sim.block.cache.hit COUNT : 0
rocksdb.sim.block.cache.miss COUNT : 0
rocksdb.memtable.hit COUNT : 8921
rocksdb.memtable.miss COUNT : 391079
rocksdb.l0.hit COUNT : 22627
rocksdb.l1.hit COUNT : 102045
rocksdb.l2andup.hit COUNT : 259114
rocksdb.compaction.key.drop.new COUNT : 3344958
rocksdb.compaction.key.drop.obsolete COUNT : 0
rocksdb.compaction.key.drop.range_del COUNT : 0
rocksdb.compaction.key.drop.user COUNT : 0
rocksdb.compaction.range_del.drop.obsolete COUNT : 0
rocksdb.compaction.optimized.del.drop.obsolete COUNT : 0
rocksdb.compaction.cancelled COUNT : 0
rocksdb.compaction.aborted COUNT : 0
rocksdb.number.keys.written COUNT : 5000000
rocksdb.number.keys.read COUNT : 400000
rocksdb.number.keys.updated COUNT : 0
rocksdb.bytes.written COUNT : 5279175960
rocksdb.bytes.read COUNT : 402131968
rocksdb.number.db.seek COUNT : 0
rocksdb.number.db.next COUNT : 0
rocksdb.number.db.prev COUNT : 0
rocksdb.number.db.seek.found COUNT : 0
rocksdb.number.db.next.found COUNT : 0
rocksdb.number.db.prev.found COUNT : 0
rocksdb.db.iter.bytes.read COUNT : 0
rocksdb.number.iter.skip COUNT : 0
rocksdb.number.reseeks.iteration COUNT : 0
rocksdb.num.iterator.created COUNT : 0
rocksdb.num.iterator.deleted COUNT : 0
rocksdb.no.file.opens COUNT : 153
rocksdb.no.file.errors COUNT : 0
rocksdb.stall.micros COUNT : 80647971
rocksdb.db.mutex.wait.micros COUNT : 0
rocksdb.number.multiget.get COUNT : 0
rocksdb.number.multiget.keys.read COUNT : 0
rocksdb.number.multiget.bytes.read COUNT : 0
rocksdb.number.multiget.keys.found COUNT : 0
rocksdb.number.merge.failures COUNT : 0
rocksdb.getupdatessince.calls COUNT : 0
rocksdb.wal.synced COUNT : 0
rocksdb.wal.bytes COUNT : 5279175960
rocksdb.write.self COUNT : 4931330
rocksdb.write.other COUNT : 68670
rocksdb.write.wal COUNT : 5000000
rocksdb.compact.read.bytes COUNT : 6833418109
rocksdb.compact.write.bytes COUNT : 4827590302
rocksdb.flush.write.bytes COUNT : 2967735659
rocksdb.compact.read.marked.bytes COUNT : 0
rocksdb.compact.read.periodic.bytes COUNT : 0
rocksdb.compact.read.ttl.bytes COUNT : 0
rocksdb.compact.write.marked.bytes COUNT : 0
rocksdb.compact.write.periodic.bytes COUNT : 0
rocksdb.compact.write.ttl.bytes COUNT : 0
rocksdb.number.direct.load.table.properties COUNT : 0
rocksdb.number.superversion_acquires COUNT : 40
rocksdb.number.superversion_releases COUNT : 36
rocksdb.number.superversion_cleanups COUNT : 9
rocksdb.number.block.compressed COUNT : 3191612
rocksdb.number.block.decompressed COUNT : 3733934
rocksdb.bytes.compressed.from COUNT : 13451804459
rocksdb.bytes.compressed.to COUNT : 7779164329
rocksdb.bytes.compression_bypassed COUNT : 0
rocksdb.bytes.compression.rejected COUNT : 0
rocksdb.number.block_compression_bypassed COUNT : 0
rocksdb.number.block_compression_rejected COUNT : 0
rocksdb.bytes.decompressed.from COUNT : 9097172661
rocksdb.bytes.decompressed.to COUNT : 15726984654
rocksdb.merge.operation.time.nanos COUNT : 0
rocksdb.filter.operation.time.nanos COUNT : 0
rocksdb.compaction.total.time.cpu_micros COUNT : 38645217
rocksdb.row.cache.hit COUNT : 0
rocksdb.row.cache.miss COUNT : 0
rocksdb.read.amp.estimate.useful.bytes COUNT : 0
rocksdb.read.amp.total.read.bytes COUNT : 0
rocksdb.number.rate_limiter.drains COUNT : 0
rocksdb.blobdb.num.put COUNT : 0
rocksdb.blobdb.num.write COUNT : 0
rocksdb.blobdb.num.get COUNT : 0
rocksdb.blobdb.num.multiget COUNT : 0
rocksdb.blobdb.num.seek COUNT : 0
rocksdb.blobdb.num.next COUNT : 0
rocksdb.blobdb.num.prev COUNT : 0
rocksdb.blobdb.num.keys.written COUNT : 0
rocksdb.blobdb.num.keys.read COUNT : 0
rocksdb.blobdb.bytes.written COUNT : 0
rocksdb.blobdb.bytes.read COUNT : 0
rocksdb.blobdb.write.inlined COUNT : 0
rocksdb.blobdb.write.inlined.ttl COUNT : 0
rocksdb.blobdb.write.blob COUNT : 0
rocksdb.blobdb.write.blob.ttl COUNT : 0
rocksdb.blobdb.blob.file.bytes.written COUNT : 0
rocksdb.blobdb.blob.file.bytes.read COUNT : 0
rocksdb.blobdb.blob.file.synced COUNT : 0
rocksdb.blobdb.blob.index.expired.count COUNT : 0
rocksdb.blobdb.blob.index.expired.size COUNT : 0
rocksdb.blobdb.blob.index.evicted.count COUNT : 0
rocksdb.blobdb.blob.index.evicted.size COUNT : 0
rocksdb.blobdb.gc.num.files COUNT : 0
rocksdb.blobdb.gc.num.new.files COUNT : 0
rocksdb.blobdb.gc.failures COUNT : 0
rocksdb.blobdb.gc.num.keys.relocated COUNT : 0
rocksdb.blobdb.gc.bytes.relocated COUNT : 0
rocksdb.blobdb.fifo.num.files.evicted COUNT : 0
rocksdb.blobdb.fifo.num.keys.evicted COUNT : 0
rocksdb.blobdb.fifo.bytes.evicted COUNT : 0
rocksdb.blobdb.cache.miss COUNT : 0
rocksdb.blobdb.cache.hit COUNT : 0
rocksdb.blobdb.cache.add COUNT : 0
rocksdb.blobdb.cache.add.failures COUNT : 0
rocksdb.blobdb.cache.bytes.read COUNT : 0
rocksdb.blobdb.cache.bytes.write COUNT : 0
rocksdb.txn.overhead.mutex.prepare COUNT : 0
rocksdb.txn.overhead.mutex.old.commit.map COUNT : 0
rocksdb.txn.overhead.duplicate.key COUNT : 0
rocksdb.txn.overhead.mutex.snapshot COUNT : 0
rocksdb.txn.get.tryagain COUNT : 0
rocksdb.files.marked.trash COUNT : 0
rocksdb.files.marked.trash.deleted COUNT : 0
rocksdb.files.deleted.immediately COUNT : 215
rocksdb.error.handler.bg.error.count COUNT : 0
rocksdb.error.handler.bg.io.error.count COUNT : 0
rocksdb.error.handler.bg.retryable.io.error.count COUNT : 0
rocksdb.error.handler.autoresume.count COUNT : 0
rocksdb.error.handler.autoresume.retry.total.count COUNT : 0
rocksdb.error.handler.autoresume.success.count COUNT : 0
rocksdb.memtable.payload.bytes.at.flush COUNT : 5210531288
rocksdb.memtable.garbage.bytes.at.flush COUNT : 127709280
rocksdb.verify_checksum.read.bytes COUNT : 0
rocksdb.backup.read.bytes COUNT : 0
rocksdb.backup.write.bytes COUNT : 0
rocksdb.remote.compact.read.bytes COUNT : 0
rocksdb.remote.compact.write.bytes COUNT : 0
rocksdb.remote.compact.resumed.bytes COUNT : 0
rocksdb.hot.file.read.bytes COUNT : 0
rocksdb.warm.file.read.bytes COUNT : 0
rocksdb.cool.file.read.bytes COUNT : 0
rocksdb.cold.file.read.bytes COUNT : 0
rocksdb.ice.file.read.bytes COUNT : 0
rocksdb.hot.file.read.count COUNT : 0
rocksdb.warm.file.read.count COUNT : 0
rocksdb.cool.file.read.count COUNT : 0
rocksdb.cold.file.read.count COUNT : 0
rocksdb.ice.file.read.count COUNT : 0
rocksdb.last.level.read.bytes COUNT : 0
rocksdb.last.level.read.count COUNT : 0
rocksdb.non.last.level.read.bytes COUNT : 9116034496
rocksdb.non.last.level.read.count COUNT : 3734393
rocksdb.last.level.seek.filtered COUNT : 0
rocksdb.last.level.seek.filter.match COUNT : 0
rocksdb.last.level.seek.data COUNT : 0
rocksdb.last.level.seek.data.useful.no.filter COUNT : 0
rocksdb.last.level.seek.data.useful.filter.match COUNT : 0
rocksdb.non.last.level.seek.filtered COUNT : 0
rocksdb.non.last.level.seek.filter.match COUNT : 0
rocksdb.non.last.level.seek.data COUNT : 0
rocksdb.non.last.level.seek.data.useful.no.filter COUNT : 0
rocksdb.non.last.level.seek.data.useful.filter.match COUNT : 0
rocksdb.block.checksum.compute.count COUNT : 3734087
rocksdb.block.checksum.mismatch.count COUNT : 0
rocksdb.multiget.coroutine.count COUNT : 0
rocksdb.read.async.micros COUNT : 0
rocksdb.async.read.error.count COUNT : 0
rocksdb.table.open.prefetch.tail.miss COUNT : 0
rocksdb.table.open.prefetch.tail.hit COUNT : 0
rocksdb.timestamp.filter.table.checked COUNT : 0
rocksdb.timestamp.filter.table.filtered COUNT : 0
rocksdb.readahead.trimmed COUNT : 0
rocksdb.fifo.max.size.compactions COUNT : 0
rocksdb.fifo.ttl.compactions COUNT : 0
rocksdb.fifo.change_temperature.compactions COUNT : 0
rocksdb.prefetch.bytes COUNT : 0
rocksdb.prefetch.bytes.useful COUNT : 0
rocksdb.prefetch.hits COUNT : 0
rocksdb.footer.corruption.count COUNT : 0
rocksdb.file.read.corruption.retry.count COUNT : 0
rocksdb.file.read.corruption.retry.success.count COUNT : 0
rocksdb.number.wbwi.ingest COUNT : 0
rocksdb.sst.user.defined.index.load.fail.count COUNT : 0
rocksdb.multiscan.prepare.calls COUNT : 0
rocksdb.multiscan.prepare.errors COUNT : 0
rocksdb.multiscan.blocks.prefetched COUNT : 0
rocksdb.multiscan.blocks.from.cache COUNT : 0
rocksdb.multiscan.prefetch.bytes COUNT : 0
rocksdb.multiscan.prefetch.blocks.wasted COUNT : 0
rocksdb.multiscan.io.requests COUNT : 0
rocksdb.multiscan.io.coalesced.nonadjacent COUNT : 0
rocksdb.multiscan.seek.errors COUNT : 0
rocksdb.prefetch.memory.bytes.granted COUNT : 0
rocksdb.prefetch.memory.bytes.released COUNT : 0
rocksdb.prefetch.memory.requests.blocked COUNT : 0
rocksdb.read.path.range.tombstones.inserted COUNT : 0
rocksdb.read.path.range.tombstones.discarded COUNT : 0
rocksdb.file.open.metadata.retrieved COUNT : 0
rocksdb.file.open.metadata.passed COUNT : 0
rocksdb.manifest.validation.failure.count COUNT : 0
rocksdb.db.get.micros P50 : 16.367667 P95 : 1737.859936 P99 : 6394.014536 P100 : 933665.000000 COUNT : 400000 SUM : 188931280
rocksdb.db.write.micros P50 : 5.405732 P95 : 20.155218 P99 : 1478.254481 P100 : 1864512.000000 COUNT : 5000000 SUM : 454721901
rocksdb.compaction.times.micros P50 : 5033333.333333 P95 : 22293659.000000 P99 : 22293659.000000 P100 : 22293659.000000 COUNT : 16 SUM : 150040521
rocksdb.compaction.times.cpu_micros P50 : 1900000.000000 P95 : 5489210.000000 P99 : 5489210.000000 P100 : 5489210.000000 COUNT : 16 SUM : 38645217
rocksdb.subcompaction.setup.times.micros P50 : 0.000000 P95 : 0.000000 P99 : 0.000000 P100 : 0.000000 COUNT : 0 SUM : 0
rocksdb.table.sync.micros P50 : 342857.142857 P95 : 1115000.000000 P99 : 1340000.000000 P100 : 1891019.000000 COUNT : 80 SUM : 39881918
rocksdb.compaction.outfile.sync.micros P50 : 729871.794872 P95 : 1149944.444444 P99 : 1389000.000000 P100 : 1731851.000000 COUNT : 73 SUM : 49139358
rocksdb.wal.file.sync.micros P50 : 0.000000 P95 : 0.000000 P99 : 0.000000 P100 : 0.000000 COUNT : 0 SUM : 0
rocksdb.manifest.file.sync.micros P50 : 5720.000000 P95 : 19476.923077 P99 : 21987.692308 P100 : 149858.000000 COUNT : 102 SUM : 846915
rocksdb.table.open.io.micros P50 : 663.297872 P95 : 4824.285714 P99 : 8151.000000 P100 : 10740.000000 COUNT : 153 SUM : 160648
rocksdb.db.multiget.micros P50 : 0.000000 P95 : 0.000000 P99 : 0.000000 P100 : 0.000000 COUNT : 0 SUM : 0
rocksdb.read.block.compaction.micros P50 : 3.303040 P95 : 5.719139 P99 : 27.743162 P100 : 525485.000000 COUNT : 2801293 SUM : 71310833
rocksdb.read.block.get.micros P50 : 5.879849 P95 : 1117.431697 P99 : 1820.401224 P100 : 886990.000000 COUNT : 932641 SUM : 184016013
rocksdb.write.raw.block.micros P50 : 0.530471 P95 : 1.171032 P99 : 2.523870 P100 : 9545.000000 COUNT : 3191918 SUM : 8351926
rocksdb.numfiles.in.singlecompaction P50 : 4.000000 P95 : 19.900000 P99 : 21.580000 P100 : 22.000000 COUNT : 18 SUM : 144
rocksdb.db.seek.micros P50 : 0.000000 P95 : 0.000000 P99 : 0.000000 P100 : 0.000000 COUNT : 0 SUM : 0
rocksdb.db.write.stall P50 : 1212.339925 P95 : 2767.756267 P99 : 2880.139421 P100 : 1860331.000000 COUNT : 38893 SUM : 80647971
rocksdb.sst.read.micros P50 : 0.864106 P95 : 2.968004 P99 : 1370.646403 P100 : 886975.000000 COUNT : 3734393 SUM : 241824643
rocksdb.file.read.flush.micros P50 : 3.571429 P95 : 58.894737 P99 : 75.736842 P100 : 233.000000 COUNT : 320 SUM : 5086
rocksdb.file.read.compaction.micros P50 : 0.711757 P95 : 1.941912 P99 : 11.779511 P100 : 525460.000000 COUNT : 2801585 SUM : 63191096
rocksdb.file.read.db.open.micros P50 : 0.000000 P95 : 0.000000 P99 : 0.000000 P100 : 0.000000 COUNT : 0 SUM : 0
rocksdb.file.read.get.micros P50 : 0.000000 P95 : 0.000000 P99 : 0.000000 P100 : 0.000000 COUNT : 0 SUM : 0
rocksdb.file.read.multiget.micros P50 : 0.000000 P95 : 0.000000 P99 : 0.000000 P100 : 0.000000 COUNT : 0 SUM : 0
rocksdb.file.read.db.iterator.micros P50 : 0.000000 P95 : 0.000000 P99 : 0.000000 P100 : 0.000000 COUNT : 0 SUM : 0
rocksdb.file.read.verify.db.checksum.micros P50 : 0.000000 P95 : 0.000000 P99 : 0.000000 P100 : 0.000000 COUNT : 0 SUM : 0
rocksdb.file.read.verify.file.checksums.micros P50 : 0.000000 P95 : 0.000000 P99 : 0.000000 P100 : 0.000000 COUNT : 0 SUM : 0
rocksdb.sst.write.micros P50 : 0.502070 P95 : 0.953933 P99 : 0.994099 P100 : 9543.000000 COUNT : 6383989 SUM : 6687343
rocksdb.file.write.flush.micros P50 : 0.501432 P95 : 0.952720 P99 : 0.992835 P100 : 8562.000000 COUNT : 2425628 SUM : 2750556
rocksdb.file.write.compaction.micros P50 : 0.502462 P95 : 0.954678 P99 : 0.994875 P100 : 9543.000000 COUNT : 3958361 SUM : 3936787
rocksdb.file.write.db.open.micros P50 : 0.000000 P95 : 0.000000 P99 : 0.000000 P100 : 0.000000 COUNT : 0 SUM : 0
rocksdb.num.subcompactions.scheduled P50 : 0.000000 P95 : 0.000000 P99 : 0.000000 P100 : 0.000000 COUNT : 0 SUM : 0
rocksdb.bytes.per.read P50 : 1024.000000 P95 : 1024.000000 P99 : 1024.000000 P100 : 1024.000000 COUNT : 400000 SUM : 402131968
rocksdb.bytes.per.write P50 : 1086.626766 P95 : 1281.590856 P99 : 1298.920998 P100 : 4188.000000 COUNT : 4931330 SUM : 5279175960
rocksdb.bytes.per.multiget P50 : 0.000000 P95 : 0.000000 P99 : 0.000000 P100 : 0.000000 COUNT : 0 SUM : 0
rocksdb.compression.times.nanos P50 : 0.000000 P95 : 0.000000 P99 : 0.000000 P100 : 0.000000 COUNT : 0 SUM : 0
rocksdb.decompression.times.nanos P50 : 0.000000 P95 : 0.000000 P99 : 0.000000 P100 : 0.000000 COUNT : 0 SUM : 0
rocksdb.read.num.merge_operands P50 : 0.000000 P95 : 0.000000 P99 : 0.000000 P100 : 0.000000 COUNT : 0 SUM : 0
rocksdb.blobdb.key.size P50 : 0.000000 P95 : 0.000000 P99 : 0.000000 P100 : 0.000000 COUNT : 0 SUM : 0
rocksdb.blobdb.value.size P50 : 0.000000 P95 : 0.000000 P99 : 0.000000 P100 : 0.000000 COUNT : 0 SUM : 0
rocksdb.blobdb.write.micros P50 : 0.000000 P95 : 0.000000 P99 : 0.000000 P100 : 0.000000 COUNT : 0 SUM : 0
rocksdb.blobdb.get.micros P50 : 0.000000 P95 : 0.000000 P99 : 0.000000 P100 : 0.000000 COUNT : 0 SUM : 0
rocksdb.blobdb.multiget.micros P50 : 0.000000 P95 : 0.000000 P99 : 0.000000 P100 : 0.000000 COUNT : 0 SUM : 0
rocksdb.blobdb.seek.micros P50 : 0.000000 P95 : 0.000000 P99 : 0.000000 P100 : 0.000000 COUNT : 0 SUM : 0
rocksdb.blobdb.next.micros P50 : 0.000000 P95 : 0.000000 P99 : 0.000000 P100 : 0.000000 COUNT : 0 SUM : 0
rocksdb.blobdb.prev.micros P50 : 0.000000 P95 : 0.000000 P99 : 0.000000 P100 : 0.000000 COUNT : 0 SUM : 0
rocksdb.blobdb.blob.file.write.micros P50 : 0.000000 P95 : 0.000000 P99 : 0.000000 P100 : 0.000000 COUNT : 0 SUM : 0
rocksdb.blobdb.blob.file.read.micros P50 : 0.000000 P95 : 0.000000 P99 : 0.000000 P100 : 0.000000 COUNT : 0 SUM : 0
rocksdb.blobdb.blob.file.sync.micros P50 : 0.000000 P95 : 0.000000 P99 : 0.000000 P100 : 0.000000 COUNT : 0 SUM : 0
rocksdb.blobdb.compression.micros P50 : 0.000000 P95 : 0.000000 P99 : 0.000000 P100 : 0.000000 COUNT : 0 SUM : 0
rocksdb.blobdb.decompression.micros P50 : 0.000000 P95 : 0.000000 P99 : 0.000000 P100 : 0.000000 COUNT : 0 SUM : 0
rocksdb.db.flush.micros P50 : 541702.127660 P95 : 1181111.111111 P99 : 2095138.000000 P100 : 2095138.000000 COUNT : 80 SUM : 55211104
rocksdb.sst.batch.size P50 : 0.000000 P95 : 0.000000 P99 : 0.000000 P100 : 0.000000 COUNT : 0 SUM : 0
rocksdb.multiget.io.batch.size P50 : 0.000000 P95 : 0.000000 P99 : 0.000000 P100 : 0.000000 COUNT : 0 SUM : 0
rocksdb.num.index.and.filter.blocks.read.per.level P50 : 0.000000 P95 : 0.000000 P99 : 0.000000 P100 : 0.000000 COUNT : 0 SUM : 0
rocksdb.num.sst.read.per.level P50 : 0.000000 P95 : 0.000000 P99 : 0.000000 P100 : 0.000000 COUNT : 0 SUM : 0
rocksdb.num.level.read.per.multiget P50 : 0.000000 P95 : 0.000000 P99 : 0.000000 P100 : 0.000000 COUNT : 0 SUM : 0
rocksdb.error.handler.autoresume.retry.count P50 : 0.000000 P95 : 0.000000 P99 : 0.000000 P100 : 0.000000 COUNT : 0 SUM : 0
rocksdb.async.read.bytes P50 : 0.000000 P95 : 0.000000 P99 : 0.000000 P100 : 0.000000 COUNT : 0 SUM : 0
rocksdb.poll.wait.micros P50 : 0.000000 P95 : 0.000000 P99 : 0.000000 P100 : 0.000000 COUNT : 0 SUM : 0
rocksdb.compaction.prefetch.bytes P50 : 0.000000 P95 : 0.000000 P99 : 0.000000 P100 : 0.000000 COUNT : 0 SUM : 0
rocksdb.prefetched.bytes.discarded P50 : 0.000000 P95 : 0.000000 P99 : 0.000000 P100 : 0.000000 COUNT : 0 SUM : 0
rocksdb.async.prefetch.abort.micros P50 : 0.000000 P95 : 0.000000 P99 : 0.000000 P100 : 0.000000 COUNT : 0 SUM : 0
rocksdb.table.open.prefetch.tail.read.bytes P50 : 0.000000 P95 : 0.000000 P99 : 0.000000 P100 : 0.000000 COUNT : 0 SUM : 0
rocksdb.num.op.per.transaction P50 : 0.000000 P95 : 0.000000 P99 : 0.000000 P100 : 0.000000 COUNT : 0 SUM : 0
rocksdb.multiscan.op.prepare.iterators.micros P50 : 0.000000 P95 : 0.000000 P99 : 0.000000 P100 : 0.000000 COUNT : 0 SUM : 0
rocksdb.multiscan.prepare.micros P50 : 0.000000 P95 : 0.000000 P99 : 0.000000 P100 : 0.000000 COUNT : 0 SUM : 0
rocksdb.multiscan.blocks.per.prepare P50 : 0.000000 P95 : 0.000000 P99 : 0.000000 P100 : 0.000000 COUNT : 0 SUM : 0
rocksdb.block.key.distribution.cv P50 : 0.000000 P95 : 0.000000 P99 : 0.000000 P100 : 0.000000 COUNT : 0 SUM : 0

[EXPERIMENT_COMPLETED]
