RocksDB:    version 11.3.0
Date:       Tue May 26 10:42:23 2026
CPU:        2 * Intel Xeon Processor (SapphireRapids)
CPUCache:   16384 KB
2026/05/26-10:42:24  ... thread 3: (34000,34000) ops and (33368.6,33368.6) ops/second in (1.018921,1.018921) seconds
2026/05/26-10:42:24  ... thread 1: (30000,30000) ops and (29486.7,29486.7) ops/second in (1.017407,1.017407) seconds
2026/05/26-10:42:24  ... thread 0: (31000,31000) ops and (30380.8,30380.8) ops/second in (1.020381,1.020381) seconds
2026/05/26-10:42:24  ... thread 2: (32000,32000) ops and (31104.4,31104.4) ops/second in (1.028794,1.028794) seconds
2026/05/26-10:42:25  ... thread 3: (27000,61000) ops and (16218.9,22730.3) ops/second in (1.664727,2.683648) seconds
2026/05/26-10:42:25  ... thread 0: (37000,68000) ops and (22247.1,25339.8) ops/second in (1.663141,2.683522) seconds
2026/05/26-10:42:25  ... thread 1: (30000,60000) ops and (17869.0,22252.7) ops/second in (1.678889,2.696296) seconds
2026/05/26-10:42:25  ... thread 2: (30000,62000) ops and (17876.6,22903.9) ops/second in (1.678171,2.706965) seconds
2026/05/26-10:42:26  ... thread 3: (28000,89000) ops and (27591.8,24064.2) ops/second in (1.014796,3.698444) seconds
2026/05/26-10:42:26  ... thread 0: (28000,96000) ops and (27632.8,25968.3) ops/second in (1.013289,3.696811) seconds
2026/05/26-10:42:26  ... thread 2: (28000,90000) ops and (27989.3,24276.1) ops/second in (1.000383,3.707348) seconds
2026/05/26-10:42:26  ... thread 1: (29000,89000) ops and (28516.3,23968.2) ops/second in (1.016964,3.713260) seconds
2026/05/26-10:42:27  ... thread 2: (10000,100000) ops and (9975.4,21232.3) ops/second in (1.002463,4.709811) seconds
2026/05/26-10:42:27  ... thread 3: (13000,102000) ops and (12703.4,21602.0) ops/second in (1.023348,4.721792) seconds
2026/05/26-10:42:27  ... thread 0: (12000,108000) ops and (11620.2,22835.4) ops/second in (1.032682,4.729493) seconds
2026/05/26-10:42:27  ... thread 1: (13000,102000) ops and (12746.5,21550.1) ops/second in (1.019886,4.733146) seconds
2026/05/26-10:42:29  ... thread 0: (22000,130000) ops and (16743.0,21510.8) ops/second in (1.313980,6.043473) seconds
2026/05/26-10:42:29  ... thread 2: (22000,122000) ops and (16436.6,20171.0) ops/second in (1.338479,6.048290) seconds
2026/05/26-10:42:29  ... thread 3: (22000,124000) ops and (16283.0,20418.6) ops/second in (1.351101,6.072893) seconds
2026/05/26-10:42:29  ... thread 1: (22000,124000) ops and (16298.5,20384.8) ops/second in (1.349816,6.082962) seconds
2026/05/26-10:42:30  ... thread 2: (15000,137000) ops and (13655.3,19169.5) ops/second in (1.098473,7.146763) seconds
2026/05/26-10:42:30  ... thread 1: (15000,139000) ops and (13995.1,19427.6) ops/second in (1.071802,7.154764) seconds
2026/05/26-10:42:30  ... thread 0: (15000,145000) ops and (13496.6,20265.9) ops/second in (1.111394,7.154867) seconds
2026/05/26-10:42:30  ... thread 3: (16000,140000) ops and (14319.8,19470.9) ops/second in (1.117331,7.190224) seconds
2026/05/26-10:42:31  ... thread 3: (30000,170000) ops and (20225.4,19599.9) ops/second in (1.483284,8.673508) seconds
2026/05/26-10:42:31  ... thread 1: (31000,170000) ops and (20386.2,19595.6) ops/second in (1.520639,8.675403) seconds
2026/05/26-10:42:31  ... thread 2: (33000,170000) ops and (21402.1,19565.7) ops/second in (1.541904,8.688667) seconds
2026/05/26-10:42:31  ... thread 0: (32000,177000) ops and (20622.8,20329.5) ops/second in (1.551682,8.706549) seconds
2026/05/26-10:42:32  ... thread 3: (15000,185000) ops and (13567.2,18917.9) ops/second in (1.105609,9.779117) seconds
2026/05/26-10:42:32  ... thread 2: (14000,184000) ops and (12800.4,18809.3) ops/second in (1.093715,9.782382) seconds
2026/05/26-10:42:32  ... thread 0: (17000,194000) ops and (15843.7,19837.4) ops/second in (1.072979,9.779528) seconds
2026/05/26-10:42:32  ... thread 1: (15000,185000) ops and (13393.2,18886.5) ops/second in (1.119974,9.795377) seconds
2026/05/26-10:42:33  ... thread 3: (28000,213000) ops and (27815.8,19748.3) ops/second in (1.006622,10.785739) seconds
2026/05/26-10:42:33  ... thread 0: (24000,218000) ops and (23873.8,20213.6) ops/second in (1.005286,10.784814) seconds
2026/05/26-10:42:33  ... thread 2: (25000,209000) ops and (24573.1,19352.3) ops/second in (1.017373,10.799755) seconds
2026/05/26-10:42:33  ... thread 1: (27000,212000) ops and (26660.1,19614.9) ops/second in (1.012751,10.808128) seconds
2026/05/26-10:42:35  ... thread 3: (20000,233000) ops and (9889.7,18191.7) ops/second in (2.022309,12.808048) seconds
2026/05/26-10:42:35  ... thread 1: (20000,232000) ops and (9989.6,18110.6) ops/second in (2.002074,12.810202) seconds
2026/05/26-10:42:35  ... thread 0: (22000,240000) ops and (10827.5,18725.6) ops/second in (2.031855,12.816669) seconds
2026/05/26-10:42:35  ... thread 2: (23000,232000) ops and (11303.2,18076.2) ops/second in (2.034823,12.834578) seconds
2026/05/26-10:42:38  ... thread 2: (32000,264000) ops and (14432.1,17539.4) ops/second in (2.217285,15.051863) seconds
2026/05/26-10:42:38  ... thread 3: (29000,262000) ops and (12891.8,17399.9) ops/second in (2.249497,15.057545) seconds
2026/05/26-10:42:38  ... thread 1: (31000,263000) ops and (13718.1,17451.9) ops/second in (2.259783,15.069985) seconds
2026/05/26-10:42:38  ... thread 0: (31000,271000) ops and (13754.7,17982.2) ops/second in (2.253774,15.070443) seconds
2026/05/26-10:42:39  ... thread 2: (24000,288000) ops and (23741.5,17929.7) ops/second in (1.010887,16.062750) seconds
2026/05/26-10:42:39  ... thread 0: (22000,293000) ops and (21772.2,18220.4) ops/second in (1.010462,16.080905) seconds
2026/05/26-10:42:39  ... thread 3: (23000,285000) ops and (22332.3,17715.7) ops/second in (1.029897,16.087442) seconds
2026/05/26-10:42:39  ... thread 1: (25000,288000) ops and (24305.0,17889.8) ops/second in (1.028595,16.098580) seconds
2026/05/26-10:42:40  ... thread 0: (20000,313000) ops and (11861.5,17616.9) ops/second in (1.686125,17.767030) seconds
2026/05/26-10:42:40  ... thread 2: (24000,312000) ops and (14003.6,17551.2) ops/second in (1.713844,17.776594) seconds
2026/05/26-10:42:40  ... thread 3: (23000,308000) ops and (13584.6,17322.3) ops/second in (1.693091,17.780533) seconds
2026/05/26-10:42:40  ... thread 1: (25000,313000) ops and (14808.7,17597.3) ops/second in (1.688201,17.786781) seconds
2026/05/26-10:42:42  ... thread 1: (18000,331000) ops and (14569.1,17400.7) ops/second in (1.235495,19.022276) seconds
2026/05/26-10:42:42  ... thread 0: (13000,326000) ops and (10311.5,17132.9) ops/second in (1.260733,19.027763) seconds
2026/05/26-10:42:42  ... thread 2: (16000,328000) ops and (12688.4,17229.1) ops/second in (1.260992,19.037586) seconds
2026/05/26-10:42:42  ... thread 3: (16000,324000) ops and (12521.4,17000.4) ops/second in (1.277809,19.058342) seconds
2026/05/26-10:42:43  ... thread 0: (17000,343000) ops and (16804.1,17116.3) ops/second in (1.011658,20.039421) seconds
2026/05/26-10:42:43  ... thread 2: (20000,348000) ops and (19866.0,17361.5) ops/second in (1.006743,20.044329) seconds
2026/05/26-10:42:43  ... thread 3: (20000,344000) ops and (19973.9,17148.9) ops/second in (1.001307,20.059649) seconds
2026/05/26-10:42:43  ... thread 1: (19000,350000) ops and (18156.1,17440.0) ops/second in (1.046479,20.068755) seconds
2026/05/26-10:42:44  ... thread 2: (15000,363000) ops and (14517.1,17222.1) ops/second in (1.033261,21.077590) seconds
2026/05/26-10:42:44  ... thread 3: (22000,366000) ops and (21456.4,17358.3) ops/second in (1.025337,21.084986) seconds
2026/05/26-10:42:44  ... thread 0: (14000,357000) ops and (13424.1,16933.6) ops/second in (1.042901,21.082322) seconds
2026/05/26-10:42:44  ... thread 1: (13000,363000) ops and (12624.9,17205.0) ops/second in (1.029715,21.098470) seconds
2026/05/26-10:42:45  ... thread 2: (15000,378000) ops and (14914.1,17117.0) ops/second in (1.005757,22.083347) seconds
2026/05/26-10:42:45  ... thread 0: (14000,371000) ops and (13945.5,16797.8) ops/second in (1.003907,22.086229) seconds
2026/05/26-10:42:45  ... thread 3: (14000,380000) ops and (13916.8,17201.6) ops/second in (1.005982,22.090968) seconds
2026/05/26-10:42:45  ... thread 1: (15000,378000) ops and (14879.2,17099.0) ops/second in (1.008117,22.106587) seconds
2026/05/26-10:42:47  ... thread 2: (29000,407000) ops and (10181.2,16324.6) ops/second in (2.848400,24.931747) seconds
2026/05/26-10:42:48  ... thread 1: (29000,407000) ops and (10201.8,16313.1) ops/second in (2.842646,24.949233) seconds
2026/05/26-10:42:48  ... thread 0: (25000,396000) ops and (8732.7,15872.4) ops/second in (2.862794,24.949023) seconds
2026/05/26-10:42:48  ... thread 3: (30000,410000) ops and (10469.4,16428.6) ops/second in (2.865481,24.956449) seconds
2026/05/26-10:42:49  ... thread 2: (36000,443000) ops and (18934.3,16509.5) ops/second in (1.901309,26.833056) seconds
2026/05/26-10:42:49  ... thread 1: (29000,436000) ops and (15371.8,16246.9) ops/second in (1.886575,26.835808) seconds
2026/05/26-10:42:49  ... thread 0: (31000,427000) ops and (16364.0,15907.1) ops/second in (1.894405,26.843428) seconds
2026/05/26-10:42:49  ... thread 3: (29000,439000) ops and (15322.1,16350.6) ops/second in (1.892695,26.849144) seconds
2026/05/26-10:42:50  ... thread 2: (33000,476000) ops and (32518.5,17092.9) ops/second in (1.014807,27.847863) seconds
2026/05/26-10:42:50  ... thread 1: (35000,471000) ops and (34537.0,16912.5) ops/second in (1.013407,27.849215) seconds
2026/05/26-10:42:50  ... thread 3: (29000,468000) ops and (28730.7,16799.2) ops/second in (1.009374,27.858518) seconds
2026/05/26-10:42:50  ... thread 0: (40000,467000) ops and (38989.6,16756.8) ops/second in (1.025915,27.869343) seconds
2026/05/26-10:42:52  ... thread 1: (30000,501000) ops and (27370.8,17308.5) ops/second in (1.096058,28.945273) seconds
2026/05/26-10:42:52  ... thread 0: (26000,493000) ops and (23827.4,17023.2) ops/second in (1.091181,28.960524) seconds
2026/05/26-10:42:52  ... thread 2: (26000,502000) ops and (23060.4,17325.1) ops/second in (1.127474,28.975337) seconds
2026/05/26-10:42:52  ... thread 3: (30000,498000) ops and (26854.3,17186.8) ops/second in (1.117141,28.975659) seconds
2026/05/26-10:42:53  ... thread 1: (27000,528000) ops and (26611.1,17623.6) ops/second in (1.014615,29.959888) seconds
2026/05/26-10:42:53  ... thread 0: (27000,520000) ops and (26754.1,17350.8) ops/second in (1.009190,29.969714) seconds
2026/05/26-10:42:53  ... thread 3: (26000,524000) ops and (25883.4,17478.2) ops/second in (1.004503,29.980162) seconds
2026/05/26-10:42:53  ... thread 2: (27000,529000) ops and (26657.3,17640.3) ops/second in (1.012854,29.988191) seconds
2026/05/26-10:42:54  ... thread 1: (24000,552000) ops and (23984.0,17829.1) ops/second in (1.000666,30.960554) seconds
2026/05/26-10:42:54  ... thread 0: (25000,545000) ops and (24567.7,17587.8) ops/second in (1.017598,30.987312) seconds
2026/05/26-10:42:54  ... thread 3: (25000,549000) ops and (24611.8,17712.0) ops/second in (1.015773,30.995935) seconds
2026/05/26-10:42:54  ... thread 2: (23000,552000) ops and (22164.4,17791.6) ops/second in (1.037701,31.025892) seconds
2026/05/26-10:42:55  ... thread 1: (28000,580000) ops and (16600.6,17765.7) ops/second in (1.686690,32.647244) seconds
2026/05/26-10:42:55  ... thread 2: (26000,578000) ops and (15954.4,17699.9) ops/second in (1.629644,32.655536) seconds
2026/05/26-10:42:55  ... thread 3: (26000,575000) ops and (15461.0,17596.2) ops/second in (1.681647,32.677582) seconds
2026/05/26-10:42:55  ... thread 0: (26000,571000) ops and (15386.0,17474.0) ops/second in (1.689853,32.677165) seconds
2026/05/26-10:42:56  ... thread 1: (30000,610000) ops and (29657.9,18123.1) ops/second in (1.011534,33.658778) seconds
2026/05/26-10:42:56  ... thread 3: (29000,604000) ops and (28732.6,17929.8) ops/second in (1.009308,33.686890) seconds
2026/05/26-10:42:56  ... thread 2: (29000,607000) ops and (28060.6,18017.7) ops/second in (1.033477,33.689013) seconds
2026/05/26-10:42:56  ... thread 0: (32000,603000) ops and (31451.8,17896.0) ops/second in (1.017429,33.694594) seconds
2026/05/26-10:42:57  ... thread 2: (20000,627000) ops and (19708.1,18067.2) ops/second in (1.014812,34.703825) seconds
2026/05/26-10:42:57  ... thread 1: (26000,636000) ops and (24931.6,18327.7) ops/second in (1.042854,34.701632) seconds
2026/05/26-10:42:57  ... thread 3: (24000,628000) ops and (23572.3,18095.4) ops/second in (1.018145,34.705035) seconds
2026/05/26-10:42:57  ... thread 0: (21000,624000) ops and (20785.3,17980.2) ops/second in (1.010330,34.704924) seconds
2026/05/26-10:42:58  ... thread 1: (8000,644000) ops and (6907.7,17958.8) ops/second in (1.158132,35.859764) seconds
2026/05/26-10:42:58  ... thread 2: (10000,637000) ops and (8607.1,17760.7) ops/second in (1.161837,35.865662) seconds
2026/05/26-10:42:58  ... thread 3: (10000,638000) ops and (8548.4,17784.1) ops/second in (1.169805,35.874840) seconds
2026/05/26-10:42:58  ... thread 0: (10000,634000) ops and (8576.4,17674.5) ops/second in (1.165991,35.870915) seconds
2026/05/26-10:42:59  ... thread 1: (12000,656000) ops and (11238.3,17764.5) ops/second in (1.067774,36.927538) seconds
2026/05/26-10:43:00  ... thread 3: (15000,653000) ops and (13937.3,17672.0) ops/second in (1.076248,36.951088) seconds
2026/05/26-10:43:00  ... thread 0: (20000,654000) ops and (16716.3,17643.6) ops/second in (1.196440,37.067355) seconds
2026/05/26-10:43:00  ... thread 2: (19000,656000) ops and (13707.5,17609.9) ops/second in (1.386099,37.251761) seconds
2026/05/26-10:43:01  ... thread 1: (3000,659000) ops and (2351.5,17249.8) ops/second in (1.275799,38.203337) seconds
2026/05/26-10:43:01  ... thread 0: (2000,656000) ops and (1633.1,17131.5) ops/second in (1.224683,38.292038) seconds
2026/05/26-10:43:01  ... thread 2: (1000,657000) ops and (899.0,17125.4) ops/second in (1.112398,38.364159) seconds
2026/05/26-10:43:01  ... thread 3: (2000,655000) ops and (1300.9,17018.1) ops/second in (1.537437,38.488525) seconds
2026/05/26-10:43:02  ... thread 1: (1000,660000) ops and (964.7,16819.6) ops/second in (1.036630,39.239967) seconds
2026/05/26-10:43:02  ... thread 2: (1000,658000) ops and (908.0,16672.8) ops/second in (1.101335,39.465494) seconds
2026/05/26-10:43:02  ... thread 0: (3000,659000) ops and (1913.1,16532.8) ops/second in (1.568158,39.860196) seconds
2026/05/26-10:43:03  ... thread 3: (2000,657000) ops and (1066.1,16276.7) ops/second in (1.875983,40.364508) seconds
2026/05/26-10:43:03  ... thread 1: (3000,663000) ops and (2472.7,16389.3) ops/second in (1.213230,40.453197) seconds
2026/05/26-10:43:03  ... thread 2: (3000,661000) ops and (2420.1,16238.7) ops/second in (1.239612,40.705106) seconds
2026/05/26-10:43:04  ... thread 0: (1000,660000) ops and (921.2,16118.9) ops/second in (1.085491,40.945687) seconds
2026/05/26-10:43:05  ... thread 2: (2000,663000) ops and (1512.1,15775.3) ops/second in (1.322645,42.027751) seconds
2026/05/26-10:43:05  ... thread 3: (3000,660000) ops and (1757.5,15687.6) ops/second in (1.706967,42.071475) seconds
2026/05/26-10:43:05  ... thread 1: (2000,665000) ops and (1111.4,15738.6) ops/second in (1.799510,42.252707) seconds
2026/05/26-10:43:05  ... thread 0: (3000,663000) ops and (1583.3,15476.0) ops/second in (1.894791,42.840478) seconds
2026/05/26-10:43:06  ... thread 3: (2000,662000) ops and (1770.4,15323.7) ops/second in (1.129680,43.201155) seconds
2026/05/26-10:43:06  ... thread 2: (2000,665000) ops and (1687.2,15388.8) ops/second in (1.185415,43.213166) seconds
2026/05/26-10:43:06  ... thread 1: (2000,667000) ops and (1699.6,15358.2) ops/second in (1.176740,43.429447) seconds
2026/05/26-10:43:06  ... thread 0: (4000,667000) ops and (3922.4,15207.4) ops/second in (1.019788,43.860266) seconds
2026/05/26-10:43:07  ... thread 3: (15000,677000) ops and (14819.0,15312.1) ops/second in (1.012213,44.213368) seconds
2026/05/26-10:43:07  ... thread 2: (18000,683000) ops and (17006.8,15427.5) ops/second in (1.058403,44.271569) seconds
2026/05/26-10:43:07  ... thread 1: (20000,687000) ops and (19875.9,15460.5) ops/second in (1.006245,44.435692) seconds
2026/05/26-10:43:08  ... thread 0: (34000,701000) ops and (29679.9,15575.8) ops/second in (1.145556,45.005822) seconds
2026/05/26-10:43:08  ... thread 3: (35000,712000) ops and (34259.4,15740.0) ops/second in (1.021617,45.234985) seconds
2026/05/26-10:43:08  ... thread 2: (36000,719000) ops and (35871.4,15880.7) ops/second in (1.003586,45.275155) seconds
2026/05/26-10:43:08  ... thread 1: (27000,714000) ops and (22787.5,15650.8) ops/second in (1.184858,45.620550) seconds
2026/05/26-10:43:09  ... thread 3: (23000,735000) ops and (15973.2,15747.2) ops/second in (1.439915,46.674900) seconds
2026/05/26-10:43:09  ... thread 0: (29000,730000) ops and (17349.1,15639.3) ops/second in (1.671560,46.677382) seconds
2026/05/26-10:43:09  ... thread 2: (15000,734000) ops and (10546.2,15718.2) ops/second in (1.422308,46.697463) seconds
2026/05/26-10:43:09  ... thread 1: (15000,729000) ops and (13846.1,15609.0) ops/second in (1.083337,46.703887) seconds
2026/05/26-10:43:10  ... thread 3: (29000,764000) ops and (28479.4,16019.1) ops/second in (1.018280,47.693180) seconds
2026/05/26-10:43:10  ... thread 2: (27000,761000) ops and (26889.4,15953.4) ops/second in (1.004115,47.701578) seconds
2026/05/26-10:43:10  ... thread 0: (28000,758000) ops and (27114.8,15887.6) ops/second in (1.032647,47.710029) seconds
2026/05/26-10:43:10  ... thread 1: (32000,761000) ops and (31051.5,15942.4) ops/second in (1.030545,47.734432) seconds
2026/05/26-10:43:11  ... thread 2: (34000,795000) ops and (29670.4,16275.1) ops/second in (1.145922,48.847500) seconds
2026/05/26-10:43:11  ... thread 1: (32000,793000) ops and (28671.4,16233.2) ops/second in (1.116093,48.850525) seconds
2026/05/26-10:43:11  ... thread 3: (27000,791000) ops and (23256.4,16191.1) ops/second in (1.160969,48.854149) seconds
2026/05/26-10:43:11  ... thread 0: (38000,796000) ops and (33319.2,16294.6) ops/second in (1.140485,48.850514) seconds
2026/05/26-10:43:13  ... thread 3: (20000,811000) ops and (18116.6,16233.6) ops/second in (1.103958,49.958107) seconds
2026/05/26-10:43:13  ... thread 2: (15000,810000) ops and (10439.2,16108.4) ops/second in (1.436885,50.284385) seconds
2026/05/26-10:43:13  ... thread 0: (16000,812000) ops and (10496.7,16119.2) ops/second in (1.524283,50.374797) seconds
2026/05/26-10:43:14  ... thread 1: (16000,809000) ops and (7013.4,15821.8) ops/second in (2.281362,51.131887) seconds
2026/05/26-10:43:15  ... thread 2: (3000,813000) ops and (1784.2,15644.9) ops/second in (1.681454,51.965839) seconds
2026/05/26-10:43:15  ... thread 3: (5000,816000) ops and (2402.7,15680.5) ops/second in (2.080966,52.039073) seconds
2026/05/26-10:43:15  ... thread 0: (1000,813000) ops and (472.5,15488.3) ops/second in (2.116408,52.491205) seconds
2026/05/26-10:43:15  ... thread 1: (4000,813000) ops and (2483.2,15414.5) ops/second in (1.610806,52.742693) seconds
2026/05/26-10:43:16  ... thread 3: (2000,818000) ops and (1711.3,15373.7) ops/second in (1.168696,53.207769) seconds
2026/05/26-10:43:16  ... thread 2: (3000,816000) ops and (1670.8,15178.2) ops/second in (1.795563,53.761402) seconds
2026/05/26-10:43:16  ... thread 0: (2000,815000) ops and (1494.2,15140.3) ops/second in (1.338547,53.829752) seconds
2026/05/26-10:43:17  ... thread 1: (3000,816000) ops and (2062.2,15056.1) ops/second in (1.454755,54.197448) seconds
2026/05/26-10:43:17  ... thread 3: (3000,821000) ops and (1939.6,14994.2) ops/second in (1.546695,54.754464) seconds
2026/05/26-10:43:18  ... thread 0: (3000,818000) ops and (2495.7,14864.1) ops/second in (1.202070,55.031822) seconds
2026/05/26-10:43:18  ... thread 2: (2000,818000) ops and (1248.4,14775.1) ops/second in (1.601988,55.363390) seconds
2026/05/26-10:43:18  ... thread 1: (3000,819000) ops and (2528.9,14787.7) ops/second in (1.186265,55.383713) seconds
2026/05/26-10:43:19  ... thread 3: (2000,823000) ops and (1517.0,14677.3) ops/second in (1.318372,56.072836) seconds
2026/05/26-10:43:19  ... thread 0: (2000,820000) ops and (1643.4,14578.1) ops/second in (1.216967,56.248789) seconds
2026/05/26-10:43:19  ... thread 1: (4000,823000) ops and (3336.7,14545.1) ops/second in (1.198800,56.582513) seconds
2026/05/26-10:43:19  ... thread 2: (2000,820000) ops and (1537.2,14471.1) ops/second in (1.301105,56.664495) seconds
2026/05/26-10:43:20  ... thread 3: (2000,825000) ops and (1693.9,14409.6) ops/second in (1.180683,57.253519) seconds
2026/05/26-10:43:20  ... thread 0: (3000,823000) ops and (2178.2,14281.7) ops/second in (1.377262,57.626051) seconds
2026/05/26-10:43:20  ... thread 2: (2000,822000) ops and (1845.9,14234.3) ops/second in (1.083470,57.747965) seconds
2026/05/26-10:43:21  ... thread 1: (3000,826000) ops and (2004.9,14222.0) ops/second in (1.496334,58.078847) seconds
2026/05/26-10:43:21  ... thread 3: (2000,827000) ops and (1532.3,14122.6) ops/second in (1.305202,58.558721) seconds
2026/05/26-10:43:21  ... thread 0: (3000,826000) ops and (2533.7,14045.2) ops/second in (1.184023,58.810074) seconds
2026/05/26-10:43:22  ... thread 2: (2000,824000) ops and (1560.1,13959.0) ops/second in (1.281953,59.029918) seconds
2026/05/26-10:43:23  ... thread 1: (2000,828000) ops and (1067.2,13810.8) ops/second in (1.874079,59.952926) seconds
2026/05/26-10:43:23  ... thread 0: (1000,827000) ops and (833.5,13781.1) ops/second in (1.199706,60.009780) seconds
2026/05/26-10:43:23  ... thread 2: (3000,827000) ops and (2667.2,13747.9) ops/second in (1.124770,60.154688) seconds
2026/05/26-10:43:23  ... thread 3: (1000,828000) ops and (566.2,13725.7) ops/second in (1.766281,60.325002) seconds
2026/05/26-10:43:24  ... thread 0: (1000,828000) ops and (904.9,13548.3) ops/second in (1.105066,61.114846) seconds
2026/05/26-10:43:24  ... thread 1: (2000,830000) ops and (1535.0,13549.7) ops/second in (1.302959,61.255885) seconds
2026/05/26-10:43:24  ... thread 2: (2000,829000) ops and (1550.3,13491.8) ops/second in (1.290066,61.444754) seconds
2026/05/26-10:43:24  ... thread 3: (1000,829000) ops and (675.7,13413.2) ops/second in (1.480005,61.805007) seconds
2026/05/26-10:43:25  ... thread 0: (1000,829000) ops and (908.1,13324.5) ops/second in (1.101256,62.216102) seconds
2026/05/26-10:43:25  ... thread 1: (3000,833000) ops and (2112.8,13290.6) ops/second in (1.419919,62.675804) seconds
2026/05/26-10:43:25  ... thread 2: (2000,831000) ops and (1386.8,13214.2) ops/second in (1.442135,62.886889) seconds
2026/05/26-10:43:26  ... thread 3: (2000,831000) ops and (1083.3,13055.5) ops/second in (1.846211,63.651218) seconds
2026/05/26-10:43:27  ... thread 1: (2000,835000) ops and (1590.2,13060.4) ops/second in (1.257713,63.933517) seconds
2026/05/26-10:43:27  ... thread 2: (2000,833000) ops and (1749.3,13009.5) ops/second in (1.143330,64.030219) seconds
2026/05/26-10:43:27  ... thread 3: (1000,832000) ops and (917.3,12851.1) ops/second in (1.090111,64.741329) seconds
2026/05/26-10:43:28  ... thread 0: (2000,831000) ops and (736.3,12797.9) ops/second in (2.716188,64.932290) seconds
2026/05/26-10:43:28  ... thread 1: (2000,837000) ops and (1555.0,12833.5) ops/second in (1.286188,65.219705) seconds
2026/05/26-10:43:28  ... thread 3: (1000,833000) ops and (976.2,12666.2) ops/second in (1.024376,65.765705) seconds
2026/05/26-10:43:28  ... thread 2: (3000,836000) ops and (1580.8,12680.5) ops/second in (1.897725,65.927944) seconds
2026/05/26-10:43:29  ... thread 1: (1000,838000) ops and (867.4,12625.7) ops/second in (1.152920,66.372625) seconds
2026/05/26-10:43:29  ... thread 0: (3000,834000) ops and (1652.6,12494.8) ops/second in (1.815317,66.747607) seconds
2026/05/26-10:43:30  ... thread 2: (2000,838000) ops and (1535.8,12464.6) ops/second in (1.302266,67.230210) seconds
2026/05/26-10:43:30  ... thread 3: (2000,835000) ops and (1078.5,12348.4) ops/second in (1.854375,67.620080) seconds
2026/05/26-10:43:31  ... thread 2: (2000,840000) ops and (1944.1,12306.1) ops/second in (1.028778,68.258988) seconds
2026/05/26-10:43:31  ... thread 0: (2000,836000) ops and (1163.5,12210.3) ops/second in (1.718945,68.466552) seconds
2026/05/26-10:43:31  ... thread 1: (2000,840000) ops and (944.9,12264.7) ops/second in (2.116594,68.489219) seconds
2026/05/26-10:43:31  ... thread 3: (2000,837000) ops and (1599.1,12153.2) ops/second in (1.250719,68.870799) seconds
2026/05/26-10:43:32  ... thread 2: (1000,841000) ops and (830.9,12107.2) ops/second in (1.203578,69.462566) seconds
2026/05/26-10:43:32  ... thread 1: (2000,842000) ops and (1753.9,12092.6) ops/second in (1.140313,69.629532) seconds
2026/05/26-10:43:33  ... thread 3: (3000,840000) ops and (2306.5,11970.7) ops/second in (1.300650,70.171449) seconds
2026/05/26-10:43:33  ... thread 0: (2000,838000) ops and (951.0,11874.8) ops/second in (2.103131,70.569683) seconds
2026/05/26-10:43:33  ... thread 1: (1000,843000) ops and (975.1,11931.2) ops/second in (1.025583,70.655115) seconds
2026/05/26-10:43:34  ... thread 2: (1000,842000) ops and (646.9,11857.7) ops/second in (1.545871,71.008437) seconds
2026/05/26-10:43:35  ... thread 2: (2000,844000) ops and (1797.2,11702.5) ops/second in (1.112850,72.121287) seconds
2026/05/26-10:43:35  ... thread 0: (1000,839000) ops and (603.9,11616.4) ops/second in (1.655826,72.225509) seconds
2026/05/26-10:43:36  ... thread 3: (1000,841000) ops and (320.2,11474.3) ops/second in (3.123042,73.294491) seconds
2026/05/26-10:43:36  ... thread 0: (1000,840000) ops and (873.6,11448.8) ops/second in (1.144667,73.370176) seconds
2026/05/26-10:43:36  ... thread 1: (2000,845000) ops and (708.1,11499.8) ops/second in (2.824530,73.479645) seconds
2026/05/26-10:43:36  ... thread 2: (2000,846000) ops and (1349.5,11494.0) ops/second in (1.482047,73.603334) seconds
2026/05/26-10:43:37  ... thread 0: (1000,841000) ops and (815.2,11273.9) ops/second in (1.226657,74.596833) seconds
2026/05/26-10:43:38  ... thread 3: (2000,843000) ops and (1083.7,11219.1) ops/second in (1.845481,75.139972) seconds
2026/05/26-10:43:38  ... thread 1: (1000,846000) ops and (473.7,11191.9) ops/second in (2.111004,75.590649) seconds
2026/05/26-10:43:38  ... thread 2: (1000,847000) ops and (500.1,11203.2) ops/second in (1.999784,75.603118) seconds
2026/05/26-10:43:38  ... thread 0: (2000,843000) ops and (1537.3,11107.0) ops/second in (1.300941,75.897774) seconds
2026/05/26-10:43:39  ... thread 3: (1000,844000) ops and (798.9,11048.3) ops/second in (1.251779,76.391751) seconds
2026/05/26-10:43:40  ... thread 2: (1000,848000) ops and (725.3,11015.6) ops/second in (1.378787,76.981905) seconds
2026/05/26-10:43:40  ... thread 1: (1000,847000) ops and (552.0,10942.8) ops/second in (1.811712,77.402361) seconds
2026/05/26-10:43:41  ... thread 3: (1000,845000) ops and (606.2,10827.6) ops/second in (1.649604,78.041355) seconds
2026/05/26-10:43:41  ... thread 0: (2000,845000) ops and (902.4,10817.5) ops/second in (2.216354,78.114128) seconds
2026/05/26-10:43:41  ... thread 2: (2000,850000) ops and (1538.4,10858.2) ops/second in (1.300032,78.281937) seconds
2026/05/26-10:43:42  ... thread 1: (1000,848000) ops and (633.4,10736.7) ops/second in (1.578814,78.981175) seconds
2026/05/26-10:43:42  ... thread 0: (1000,846000) ops and (812.1,10662.2) ops/second in (1.231392,79.345520) seconds
2026/05/26-10:43:42  ... thread 3: (1000,846000) ops and (539.8,10589.1) ops/second in (1.852489,79.893844) seconds
2026/05/26-10:43:43  ... thread 1: (1000,849000) ops and (804.5,10582.8) ops/second in (1.243017,80.224192) seconds
2026/05/26-10:43:43  ... thread 2: (2000,852000) ops and (937.6,10595.0) ops/second in (2.133150,80.415087) seconds
2026/05/26-10:43:44  ... thread 1: (1000,850000) ops and (873.7,10446.3) ops/second in (1.144513,81.368705) seconds
2026/05/26-10:43:44  ... thread 2: (1000,853000) ops and (765.4,10437.9) ops/second in (1.306510,81.721597) seconds
2026/05/26-10:43:44  ... thread 3: (2000,848000) ops and (982.9,10350.5) ops/second in (2.034805,81.928649) seconds
2026/05/26-10:43:46  ... thread 3: (1000,849000) ops and (834.7,10213.3) ops/second in (1.198006,83.126655) seconds
2026/05/26-10:43:46  ... thread 1: (2000,852000) ops and (1018.5,10224.1) ops/second in (1.963658,83.332363) seconds
2026/05/26-10:43:46  ... thread 2: (2000,855000) ops and (1121.1,10238.8) ops/second in (1.783970,83.505567) seconds
2026/05/26-10:43:47  ... thread 0: (2000,848000) ops and (424.2,10088.0) ops/second in (4.715125,84.060645) seconds
2026/05/26-10:43:47  ... thread 1: (2000,854000) ops and (1493.8,10086.1) ops/second in (1.338888,84.671251) seconds
2026/05/26-10:43:47  ... thread 3: (1000,850000) ops and (645.4,10038.2) ops/second in (1.549470,84.676125) seconds
2026/05/26-10:43:47  ... thread 2: (2000,857000) ops and (1681.9,10118.7) ops/second in (1.189161,84.694728) seconds
2026/05/26-10:43:48  ... thread 0: (14000,862000) ops and (13966.3,10133.7) ops/second in (1.002414,85.063059) seconds
2026/05/26-10:43:48  ... thread 3: (34000,884000) ops and (33971.6,10317.8) ops/second in (1.000836,85.676961) seconds
2026/05/26-10:43:48  ... thread 1: (37000,891000) ops and (36842.6,10399.7) ops/second in (1.004271,85.675522) seconds
2026/05/26-10:43:48  ... thread 2: (34000,891000) ops and (30254.6,10382.4) ops/second in (1.123797,85.818525) seconds
2026/05/26-10:43:49  ... thread 0: (30000,892000) ops and (29537.6,10362.6) ops/second in (1.015656,86.078715) seconds
2026/05/26-10:43:49  ... thread 3: (23000,907000) ops and (22721.8,10462.7) ops/second in (1.012244,86.689205) seconds
2026/05/26-10:43:49  ... thread 1: (24000,915000) ops and (23253.3,10552.7) ops/second in (1.032112,86.707634) seconds
2026/05/26-10:43:49  ... thread 2: (32000,923000) ops and (30432.9,10625.1) ops/second in (1.051493,86.870018) seconds
2026/05/26-10:43:50  ... thread 0: (40000,932000) ops and (39132.9,10700.2) ops/second in (1.022158,87.100873) seconds
2026/05/26-10:43:50  ... thread 3: (23000,930000) ops and (22732.4,10604.2) ops/second in (1.011771,87.700976) seconds
2026/05/26-10:43:50  ... thread 1: (21000,936000) ops and (20726.8,10670.2) ops/second in (1.013182,87.720816) seconds
2026/05/26-10:43:50  ... thread 2: (22000,945000) ops and (21846.6,10753.7) ops/second in (1.007023,87.877041) seconds
2026/05/26-10:43:51  ... thread 0: (23000,955000) ops and (20760.5,10826.6) ops/second in (1.107873,88.208746) seconds
2026/05/26-10:43:51  ... thread 1: (28000,964000) ops and (27982.5,10865.5) ops/second in (1.000624,88.721440) seconds
2026/05/26-10:43:51  ... thread 3: (30000,960000) ops and (29234.8,10819.7) ops/second in (1.026175,88.727151) seconds
2026/05/26-10:43:51  ... thread 2: (28000,973000) ops and (26810.1,10942.2) ops/second in (1.044381,88.921422) seconds
2026/05/26-10:43:52  ... thread 0: (31000,986000) ops and (29081.6,11044.6) ops/second in (1.065966,89.274712) seconds
2026/05/26-10:43:52  ... thread 3: (30000,990000) ops and (28958.4,11029.0) ops/second in (1.035968,89.763119) seconds
2026/05/26-10:43:52  ... thread 1: (34000,998000) ops and (32012.0,11115.6) ops/second in (1.062102,89.783542) seconds
2026/05/26-10:43:52  ... thread 2: (28000,1001000) ops and (27899.8,11131.5) ops/second in (1.003592,89.925014) seconds
2026/05/26-10:43:53  ... thread 0: (34000,1020000) ops and (33492.6,11296.9) ops/second in (1.015149,90.289861) seconds
2026/05/26-10:43:53  ... thread 3: (34000,1024000) ops and (31366.2,11271.7) ops/second in (1.083970,90.847089) seconds
2026/05/26-10:43:53  ... thread 1: (27000,1025000) ops and (25384.7,11282.7) ops/second in (1.063632,90.847174) seconds
2026/05/26-10:43:54  ... thread 2: (30000,1031000) ops and (28948.1,11334.5) ops/second in (1.036339,90.961353) seconds
2026/05/26-10:43:54  ... thread 0: (26000,1046000) ops and (25460.5,11455.3) ops/second in (1.021188,91.311049) seconds
2026/05/26-10:43:54  ... thread 1: (32000,1057000) ops and (31871.0,11507.7) ops/second in (1.004047,91.851221) seconds
2026/05/26-10:43:54  ... thread 3: (36000,1060000) ops and (34505.8,11535.5) ops/second in (1.043303,91.890392) seconds
2026/05/26-10:43:55  ... thread 2: (31000,1062000) ops and (30993.7,11548.3) ops/second in (1.000203,91.961556) seconds
2026/05/26-10:43:56  ... thread 3: (13000,1073000) ops and (12434.8,11545.6) ops/second in (1.045451,92.935843) seconds
2026/05/26-10:43:56  ... thread 1: (15000,1072000) ops and (13827.7,11534.8) ops/second in (1.084777,92.935998) seconds
2026/05/26-10:43:56  ... thread 0: (30000,1076000) ops and (18111.8,11573.9) ops/second in (1.656376,92.967425) seconds
2026/05/26-10:43:56  ... thread 2: (14000,1076000) ops and (13628.6,11571.3) ops/second in (1.027254,92.988810) seconds
2026/05/26-10:43:57  ... thread 1: (30000,1102000) ops and (27886.3,11721.9) ops/second in (1.075797,94.011795) seconds
2026/05/26-10:43:57  ... thread 0: (36000,1112000) ops and (34445.5,11828.2) ops/second in (1.045128,94.012553) seconds
2026/05/26-10:43:57  ... thread 3: (28000,1101000) ops and (25653.4,11709.4) ops/second in (1.091473,94.027316) seconds
2026/05/26-10:43:57  ... thread 2: (29000,1105000) ops and (27833.2,11751.5) ops/second in (1.041921,94.030731) seconds
2026/05/26-10:43:58  ... thread 0: (34000,1146000) ops and (32392.8,12055.3) ops/second in (1.049616,95.062169) seconds
2026/05/26-10:43:58  ... thread 3: (31000,1132000) ops and (23573.2,11873.0) ops/second in (1.315050,95.342366) seconds
2026/05/26-10:43:58  ... thread 2: (28000,1133000) ops and (19432.3,11867.4) ops/second in (1.440902,95.471633) seconds
2026/05/26-10:43:59  ... thread 0: (1000,1147000) ops and (785.5,11906.3) ops/second in (1.273014,96.335183) seconds
2026/05/26-10:43:59  ... thread 3: (1000,1133000) ops and (762.6,11722.3) ops/second in (1.311371,96.653737) seconds
2026/05/26-10:43:59  ... thread 1: (32000,1134000) ops and (11337.0,11710.7) ops/second in (2.822619,96.834414) seconds
2026/05/26-10:43:59  ... thread 2: (2000,1135000) ops and (1428.8,11716.6) ops/second in (1.399801,96.871434) seconds
2026/05/26-10:44:00  ... thread 0: (1000,1148000) ops and (743.7,11752.7) ops/second in (1.344593,97.679776) seconds
2026/05/26-10:44:00  ... thread 2: (1000,1136000) ops and (987.3,11605.5) ops/second in (1.012899,97.884333) seconds
2026/05/26-10:44:01  ... thread 3: (1000,1134000) ops and (713.8,11565.0) ops/second in (1.400958,98.054695) seconds
2026/05/26-10:44:01  ... thread 1: (2000,1136000) ops and (1159.9,11526.1) ops/second in (1.724284,98.558698) seconds
2026/05/26-10:44:01  ... thread 0: (1000,1149000) ops and (958.0,11638.6) ops/second in (1.043859,98.723635) seconds
2026/05/26-10:44:02  ... thread 2: (1000,1137000) ops and (821.7,11473.1) ops/second in (1.216979,99.101312) seconds
2026/05/26-10:44:02  ... thread 3: (1000,1135000) ops and (592.5,11379.3) ops/second in (1.687750,99.742445) seconds
2026/05/26-10:44:03  ... thread 0: (2000,1151000) ops and (1092.8,11446.6) ops/second in (1.830215,100.553850) seconds
2026/05/26-10:44:03  ... thread 1: (2000,1138000) ops and (973.4,11310.6) ops/second in (2.054678,100.613376) seconds
2026/05/26-10:44:03  ... thread 3: (2000,1137000) ops and (1698.5,11266.4) ops/second in (1.177513,100.919958) seconds
2026/05/26-10:44:04  ... thread 2: (1000,1138000) ops and (448.9,11230.8) ops/second in (2.227455,101.328767) seconds
2026/05/26-10:44:04  ... thread 1: (1000,1139000) ops and (852.8,11190.1) ops/second in (1.172628,101.786004) seconds
2026/05/26-10:44:05  ... thread 3: (1000,1138000) ops and (803.8,11139.0) ops/second in (1.244057,102.164015) seconds
2026/05/26-10:44:06  ... thread 2: (2000,1140000) ops and (1197.2,11068.0) ops/second in (1.670632,102.999399) seconds
2026/05/26-10:44:06  ... thread 0: (2000,1153000) ops and (779.7,11181.2) ops/second in (2.565244,103.119094) seconds
2026/05/26-10:44:06  ... thread 1: (1000,1140000) ops and (727.2,11050.7) ops/second in (1.375068,103.161072) seconds
2026/05/26-10:44:07  ... thread 3: (2000,1140000) ops and (1044.8,10953.3) ops/second in (1.914310,104.078325) seconds
2026/05/26-10:44:07  ... thread 0: (1000,1154000) ops and (986.4,11082.0) ops/second in (1.013817,104.132911) seconds
2026/05/26-10:44:07  ... thread 2: (1000,1141000) ops and (734.1,10933.1) ops/second in (1.362142,104.361541) seconds
2026/05/26-10:44:08  ... thread 3: (2000,1142000) ops and (1526.8,10836.1) ops/second in (1.309924,105.388249) seconds
2026/05/26-10:44:08  ... thread 2: (1000,1142000) ops and (787.3,10811.1) ops/second in (1.270239,105.631780) seconds
2026/05/26-10:44:09  ... thread 1: (2000,1142000) ops and (696.7,10770.4) ops/second in (2.870664,106.031736) seconds
2026/05/26-10:44:09  ... thread 0: (2000,1156000) ops and (983.6,10888.6) ops/second in (2.033307,106.166218) seconds
2026/05/26-10:44:09  ... thread 2: (1000,1143000) ops and (860.9,10702.9) ops/second in (1.161580,106.793360) seconds
2026/05/26-10:44:10  ... thread 3: (2000,1144000) ops and (1094.0,10670.0) ops/second in (1.828222,107.216471) seconds
2026/05/26-10:44:10  ... thread 1: (1000,1143000) ops and (814.2,10656.4) ops/second in (1.228150,107.259886) seconds
2026/05/26-10:44:10  ... thread 0: (2000,1158000) ops and (1231.9,10743.1) ops/second in (1.623565,107.789783) seconds
2026/05/26-10:44:11  ... thread 3: (1000,1145000) ops and (841.2,10562.2) ops/second in (1.188802,108.405273) seconds
2026/05/26-10:44:11  ... thread 2: (1000,1144000) ops and (582.9,10542.9) ops/second in (1.715420,108.508780) seconds
2026/05/26-10:44:11  ... thread 1: (2000,1145000) ops and (1236.1,10516.4) ops/second in (1.618049,108.877935) seconds
2026/05/26-10:44:12  ... thread 0: (1000,1159000) ops and (794.6,10628.3) ops/second in (1.258440,109.048223) seconds
2026/05/26-10:44:12  ... thread 2: (1000,1145000) ops and (948.5,10450.6) ops/second in (1.054267,109.563047) seconds
2026/05/26-10:44:13  ... thread 1: (1000,1146000) ops and (798.3,10405.8) ops/second in (1.252636,110.130571) seconds
2026/05/26-10:44:13  ... thread 3: (2000,1147000) ops and (1034.7,10395.3) ops/second in (1.932929,110.338202) seconds
2026/05/26-10:44:14  ... thread 0: (2000,1161000) ops and (814.9,10412.3) ops/second in (2.454373,111.502596) seconds
2026/05/26-10:44:14  ... thread 1: (1000,1147000) ops and (661.3,10273.8) ops/second in (1.512250,111.642821) seconds
2026/05/26-10:44:14  ... thread 2: (1000,1146000) ops and (432.9,10243.8) ops/second in (2.309927,111.872974) seconds
2026/05/26-10:44:15  ... thread 3: (3000,1150000) ops and (1554.3,10243.3) ops/second in (1.930163,112.268365) seconds
2026/05/26-10:44:16  ... thread 2: (1000,1147000) ops and (760.1,10133.5) ops/second in (1.315665,113.188639) seconds
2026/05/26-10:44:16  ... thread 0: (1000,1162000) ops and (536.7,10250.0) ops/second in (1.863319,113.365915) seconds
2026/05/26-10:44:16  ... thread 3: (1000,1151000) ops and (655.3,10114.7) ops/second in (1.526042,113.794407) seconds
2026/05/26-10:44:17  ... thread 1: (2000,1149000) ops and (770.1,10057.8) ops/second in (2.596989,114.239810) seconds
2026/05/26-10:44:17  ... thread 2: (1000,1148000) ops and (716.6,10018.8) ops/second in (1.395427,114.584066) seconds
2026/05/26-10:44:17  ... thread 0: (1000,1163000) ops and (713.3,10133.5) ops/second in (1.401934,114.767849) seconds
2026/05/26-10:44:18  ... thread 3: (1000,1152000) ops and (600.1,9977.4) ops/second in (1.666412,115.460819) seconds
2026/05/26-10:44:19  ... thread 2: (1000,1149000) ops and (616.5,9887.6) ops/second in (1.622102,116.206168) seconds
2026/05/26-10:44:19  ... thread 0: (1000,1164000) ops and (537.6,9980.5) ops/second in (1.859989,116.627838) seconds
2026/05/26-10:44:19  ... thread 3: (1000,1153000) ops and (800.8,9879.2) ops/second in (1.248784,116.709603) seconds
2026/05/26-10:44:20  ... thread 1: (1000,1150000) ops and (304.8,9785.5) ops/second in (3.281115,117.520925) seconds
2026/05/26-10:44:20  ... thread 2: (1000,1150000) ops and (614.3,9759.5) ops/second in (1.627885,117.834053) seconds
2026/05/26-10:44:21  ... thread 3: (1000,1154000) ops and (727.6,9772.7) ops/second in (1.374381,118.083984) seconds
2026/05/26-10:44:21  ... thread 0: (1000,1165000) ops and (677.2,9864.1) ops/second in (1.476693,118.104531) seconds
2026/05/26-10:44:22  ... thread 1: (1000,1151000) ops and (534.0,9640.4) ops/second in (1.872572,119.393497) seconds
2026/05/26-10:44:22  ... thread 0: (1000,1166000) ops and (740.9,9761.1) ops/second in (1.349741,119.454272) seconds
2026/05/26-10:44:22  ... thread 2: (1000,1151000) ops and (550.7,9619.7) ops/second in (1.815710,119.649763) seconds
2026/05/26-10:44:23  ... thread 3: (1000,1155000) ops and (537.5,9629.5) ops/second in (1.860398,119.944382) seconds
2026/05/26-10:44:24  ... thread 2: (1000,1152000) ops and (701.8,9514.8) ops/second in (1.424867,121.074630) seconds
2026/05/26-10:44:24  ... thread 1: (1000,1152000) ops and (538.7,9501.0) ops/second in (1.856287,121.249784) seconds
2026/05/26-10:44:25  ... thread 1: (1000,1153000) ops and (827.1,9415.4) ops/second in (1.209029,122.458813) seconds
2026/05/26-10:44:25  ... thread 3: (1000,1156000) ops and (376.7,9429.1) ops/second in (2.654669,122.599051) seconds
2026/05/26-10:44:25  ... thread 0: (2000,1168000) ops and (620.8,9521.0) ops/second in (3.221489,122.675761) seconds
2026/05/26-10:44:25  ... thread 2: (1000,1153000) ops and (618.8,9397.6) ops/second in (1.615962,122.690592) seconds
2026/05/26-10:44:26  ... thread 1: (21000,1174000) ops and (20814.4,9508.6) ops/second in (1.008915,123.467728) seconds
2026/05/26-10:44:26  ... thread 3: (28000,1184000) ops and (27581.6,9578.2) ops/second in (1.015168,123.614219) seconds
2026/05/26-10:44:26  ... thread 2: (28000,1181000) ops and (27815.7,9547.5) ops/second in (1.006624,123.697216) seconds
2026/05/26-10:44:26  ... thread 0: (31000,1199000) ops and (30319.2,9692.9) ops/second in (1.022454,123.698215) seconds
2026/05/26-10:44:27  ... thread 1: (28000,1202000) ops and (27530.6,9655.8) ops/second in (1.017050,124.484778) seconds
2026/05/26-10:44:27  ... thread 3: (32000,1216000) ops and (29748.2,9752.2) ops/second in (1.075695,124.689914) seconds
2026/05/26-10:44:27  ... thread 0: (28000,1227000) ops and (27749.0,9839.0) ops/second in (1.009046,124.707261) seconds
2026/05/26-10:44:27  ... thread 2: (28000,1209000) ops and (26987.6,9692.6) ops/second in (1.037513,124.734729) seconds
2026/05/26-10:44:28  ... thread 1: (28000,1230000) ops and (27880.9,9801.7) ops/second in (1.004270,125.489048) seconds
2026/05/26-10:44:29  ... thread 2: (34000,1243000) ops and (22655.4,9846.7) ops/second in (1.500748,126.235477) seconds
2026/05/26-10:44:29  ... thread 3: (33000,1249000) ops and (21167.9,9893.2) ops/second in (1.558966,126.248880) seconds
Initializing RocksDB Options from the specified file
Initializing RocksDB Options from command-line flags
Integrated BlobDB: blob cache disabled
Keys:       16 bytes each (+ 0 bytes user-defined timestamp)
Values:     1024 bytes each (512 bytes after compression)
Entries:    1250000
Prefix:    0 bytes
Keys per prefix:    0
RawSize:    1239.8 MB (estimated)
FileSize:   629.4 MB (estimated)
Write rate: 0 bytes/second
Read rate: 0 ops/second
Compression: Snappy
Compression sampling rate: 0
Memtablerep: SkipListFactory
Perf Level: 1
WARNING: Assertions are enabled; benchmarks unnecessarily slow
------------------------------------------------
Initializing RocksDB Options from the specified file
Initializing RocksDB Options from command-line flags
Integrated BlobDB: blob cache disabled
DB path: [/tmp/rocksdb_comp_exp_db]
fillrandom   :     100.897 micros/op 39556 ops/sec 126.403 seconds 5000000 operations;   39.2 MB/s
2026/05/26-10:44:32  ... thread 2: (1000,1000) ops and (315.6,315.6) ops/second in (3.169054,3.169054) seconds
2026/05/26-10:44:32  ... thread 0: (1000,1000) ops and (315.4,315.4) ops/second in (3.170855,3.170855) seconds
2026/05/26-10:44:32  ... thread 1: (1000,1000) ops and (314.0,314.0) ops/second in (3.185145,3.185145) seconds
2026/05/26-10:44:32  ... thread 3: (1000,1000) ops and (301.4,301.4) ops/second in (3.317623,3.317623) seconds
2026/05/26-10:44:35  ... thread 1: (1000,2000) ops and (349.4,330.7) ops/second in (2.861823,6.046968) seconds
2026/05/26-10:44:35  ... thread 0: (1000,2000) ops and (330.8,322.9) ops/second in (3.023007,6.193862) seconds
2026/05/26-10:44:35  ... thread 3: (1000,2000) ops and (333.4,316.6) ops/second in (2.999235,6.316858) seconds
2026/05/26-10:44:35  ... thread 2: (1000,2000) ops and (308.0,311.7) ops/second in (3.246478,6.415532) seconds
2026/05/26-10:44:37  ... thread 0: (1000,3000) ops and (577.0,378.5) ops/second in (1.732956,7.926818) seconds
2026/05/26-10:44:37  ... thread 3: (1000,3000) ops and (455.9,352.5) ops/second in (2.193447,8.510305) seconds
2026/05/26-10:44:37  ... thread 1: (1000,3000) ops and (405.6,352.4) ops/second in (2.465266,8.512234) seconds
2026/05/26-10:44:38  ... thread 2: (1000,3000) ops and (464.1,350.0) ops/second in (2.154801,8.570333) seconds
2026/05/26-10:44:38  ... thread 0: (1000,4000) ops and (688.2,426.4) ops/second in (1.453060,9.379878) seconds
2026/05/26-10:44:40  ... thread 3: (2000,5000) ops and (761.8,449.0) ops/second in (2.625395,11.135700) seconds
2026/05/26-10:44:40  ... thread 0: (1000,5000) ops and (550.8,446.6) ops/second in (1.815514,11.195392) seconds
2026/05/26-10:44:40  ... thread 1: (2000,5000) ops and (725.6,443.7) ops/second in (2.756385,11.268619) seconds
2026/05/26-10:44:40  ... thread 2: (2000,5000) ops and (725.9,441.5) ops/second in (2.755313,11.325646) seconds
2026/05/26-10:44:42  ... thread 3: (1000,6000) ops and (494.7,456.0) ops/second in (2.021329,13.157029) seconds
2026/05/26-10:44:42  ... thread 0: (1000,6000) ops and (481.1,452.0) ops/second in (2.078736,13.274128) seconds
2026/05/26-10:44:42  ... thread 1: (1000,6000) ops and (484.6,450.0) ops/second in (2.063495,13.332114) seconds
2026/05/26-10:44:42  ... thread 2: (1000,6000) ops and (489.1,448.8) ops/second in (2.044540,13.370186) seconds
2026/05/26-10:44:44  ... thread 3: (1000,7000) ops and (563.1,468.8) ops/second in (1.775953,14.932982) seconds
2026/05/26-10:44:44  ... thread 1: (1000,7000) ops and (593.4,466.1) ops/second in (1.685140,15.017254) seconds
2026/05/26-10:44:44  ... thread 2: (1000,7000) ops and (577.7,463.5) ops/second in (1.730945,15.101131) seconds
2026/05/26-10:44:44  ... thread 0: (1000,7000) ops and (540.3,462.8) ops/second in (1.850713,15.124841) seconds
2026/05/26-10:44:46  ... thread 3: (1000,8000) ops and (541.9,476.8) ops/second in (1.845451,16.778433) seconds
2026/05/26-10:44:46  ... thread 1: (1000,8000) ops and (552.0,475.4) ops/second in (1.811586,16.828840) seconds
2026/05/26-10:44:46  ... thread 0: (1000,8000) ops and (542.3,471.5) ops/second in (1.843966,16.968807) seconds
2026/05/26-10:44:46  ... thread 2: (1000,8000) ops and (525.1,470.4) ops/second in (1.904454,17.005585) seconds
2026/05/26-10:44:48  ... thread 3: (1000,9000) ops and (550.1,484.0) ops/second in (1.817741,18.596174) seconds
2026/05/26-10:44:48  ... thread 1: (1000,9000) ops and (550.0,482.6) ops/second in (1.818281,18.647121) seconds
2026/05/26-10:44:48  ... thread 0: (1000,9000) ops and (565.4,480.3) ops/second in (1.768630,18.737437) seconds
2026/05/26-10:44:48  ... thread 2: (1000,9000) ops and (574.2,480.1) ops/second in (1.741475,18.747060) seconds
2026/05/26-10:44:49  ... thread 1: (1000,10000) ops and (737.1,499.9) ops/second in (1.356749,20.003870) seconds
2026/05/26-10:44:49  ... thread 3: (1000,10000) ops and (682.2,498.5) ops/second in (1.465772,20.061946) seconds
2026/05/26-10:44:49  ... thread 0: (1000,10000) ops and (749.5,498.2) ops/second in (1.334246,20.071683) seconds
2026/05/26-10:44:49  ... thread 2: (1000,10000) ops and (718.3,496.5) ops/second in (1.392163,20.139223) seconds
2026/05/26-10:44:51  ... thread 1: (1000,11000) ops and (609.7,508.2) ops/second in (1.640146,21.644016) seconds
2026/05/26-10:44:51  ... thread 3: (1000,11000) ops and (626.4,507.9) ops/second in (1.596401,21.658347) seconds
2026/05/26-10:44:51  ... thread 0: (1000,11000) ops and (624.8,507.6) ops/second in (1.600491,21.672174) seconds
2026/05/26-10:44:51  ... thread 2: (1000,11000) ops and (649.6,507.4) ops/second in (1.539424,21.678647) seconds
2026/05/26-10:44:52  ... thread 3: (2000,13000) ops and (1315.2,560.9) ops/second in (1.520723,23.179070) seconds
2026/05/26-10:44:52  ... thread 1: (2000,13000) ops and (1303.7,560.9) ops/second in (1.534060,23.178076) seconds
2026/05/26-10:44:52  ... thread 0: (2000,13000) ops and (1275.0,559.4) ops/second in (1.568604,23.240778) seconds
2026/05/26-10:44:52  ... thread 2: (2000,13000) ops and (1238.1,558.1) ops/second in (1.615380,23.294027) seconds
2026/05/26-10:44:54  ... thread 1: (1000,14000) ops and (571.4,561.6) ops/second in (1.750151,24.928227) seconds
2026/05/26-10:44:54  ... thread 3: (1000,14000) ops and (548.6,560.0) ops/second in (1.822861,25.001931) seconds
2026/05/26-10:44:54  ... thread 0: (1000,14000) ops and (559.9,559.4) ops/second in (1.785957,25.026735) seconds
2026/05/26-10:44:54  ... thread 2: (1000,14000) ops and (539.0,556.7) ops/second in (1.855270,25.149297) seconds
2026/05/26-10:44:55  ... thread 3: (1000,15000) ops and (862.5,573.4) ops/second in (1.159378,26.161309) seconds
2026/05/26-10:44:55  ... thread 1: (1000,15000) ops and (800.3,573.0) ops/second in (1.249564,26.177791) seconds
2026/05/26-10:44:55  ... thread 0: (1000,15000) ops and (813.3,571.3) ops/second in (1.229620,26.256355) seconds
2026/05/26-10:44:55  ... thread 2: (1000,15000) ops and (899.2,571.2) ops/second in (1.112100,26.261397) seconds
2026/05/26-10:44:57  ... thread 3: (1000,16000) ops and (600.4,575.0) ops/second in (1.665513,27.826822) seconds
2026/05/26-10:44:57  ... thread 1: (1000,16000) ops and (601.0,574.7) ops/second in (1.663907,27.841698) seconds
2026/05/26-10:44:57  ... thread 0: (1000,16000) ops and (607.2,573.4) ops/second in (1.646854,27.903209) seconds
2026/05/26-10:44:57  ... thread 2: (1000,16000) ops and (594.9,572.6) ops/second in (1.681000,27.942397) seconds
2026/05/26-10:44:58  ... thread 3: (1000,17000) ops and (744.6,582.8) ops/second in (1.342997,29.169819) seconds
2026/05/26-10:44:58  ... thread 1: (1000,17000) ops and (742.6,582.4) ops/second in (1.346708,29.188406) seconds
2026/05/26-10:44:58  ... thread 0: (1000,17000) ops and (730.3,580.7) ops/second in (1.369340,29.272549) seconds
2026/05/26-10:44:58  ... thread 2: (1000,17000) ops and (733.0,580.1) ops/second in (1.364277,29.306674) seconds
2026/05/26-10:45:00  ... thread 3: (2000,19000) ops and (940.2,607.1) ops/second in (2.127301,31.297120) seconds
2026/05/26-10:45:00  ... thread 1: (2000,19000) ops and (948.9,607.1) ops/second in (2.107621,31.296027) seconds
2026/05/26-10:45:00  ... thread 0: (2000,19000) ops and (922.0,604.3) ops/second in (2.169279,31.441828) seconds
2026/05/26-10:45:00  ... thread 2: (2000,19000) ops and (922.9,603.7) ops/second in (2.167080,31.473754) seconds
2026/05/26-10:45:01  ... thread 1: (2000,21000) ops and (1887.7,649.0) ops/second in (1.059497,32.355524) seconds
2026/05/26-10:45:01  ... thread 0: (2000,21000) ops and (1922.5,646.5) ops/second in (1.040303,32.482131) seconds
2026/05/26-10:45:02  ... thread 2: (2000,21000) ops and (1850.1,645.1) ops/second in (1.081033,32.554787) seconds
2026/05/26-10:45:02  ... thread 3: (3000,22000) ops and (2256.5,674.3) ops/second in (1.329470,32.626590) seconds
2026/05/26-10:45:02  ... thread 1: (4000,25000) ops and (3678.4,747.5) ops/second in (1.087437,33.442961) seconds
2026/05/26-10:45:03  ... thread 0: (5000,26000) ops and (4634.4,774.7) ops/second in (1.078880,33.561011) seconds
2026/05/26-10:45:03  ... thread 2: (5000,26000) ops and (4739.6,773.6) ops/second in (1.054931,33.609718) seconds
2026/05/26-10:45:03  ... thread 3: (5000,27000) ops and (4999.2,802.9) ops/second in (1.000166,33.626756) seconds
2026/05/26-10:45:03  ... thread 1: (10000,35000) ops and (9915.0,1015.9) ops/second in (1.008576,34.451537) seconds
2026/05/26-10:45:04  ... thread 0: (10000,36000) ops and (9646.6,1040.5) ops/second in (1.036637,34.597648) seconds
2026/05/26-10:45:04  ... thread 3: (10000,37000) ops and (9894.2,1068.2) ops/second in (1.010696,34.637452) seconds
2026/05/26-10:45:04  ... thread 2: (10000,36000) ops and (9562.4,1038.8) ops/second in (1.045765,34.655483) seconds
2026/05/26-10:45:04  ... thread 1: (12000,47000) ops and (11295.0,1323.4) ops/second in (1.062420,35.513957) seconds
2026/05/26-10:45:05  ... thread 0: (12000,48000) ops and (11352.6,1346.2) ops/second in (1.057026,35.654674) seconds
2026/05/26-10:45:05  ... thread 2: (13000,49000) ops and (12444.2,1372.5) ops/second in (1.044665,35.700148) seconds
2026/05/26-10:45:05  ... thread 3: (13000,50000) ops and (12168.1,1400.3) ops/second in (1.068363,35.705815) seconds
2026/05/26-10:45:06  ... thread 1: (14000,61000) ops and (13619.7,1669.3) ops/second in (1.027924,36.541881) seconds
2026/05/26-10:45:06  ... thread 0: (14000,62000) ops and (13828.6,1690.9) ops/second in (1.012394,36.667068) seconds
2026/05/26-10:45:06  ... thread 2: (15000,64000) ops and (14638.9,1742.7) ops/second in (1.024664,36.724812) seconds
2026/05/26-10:45:06  ... thread 3: (15000,65000) ops and (14701.2,1769.9) ops/second in (1.020322,36.726137) seconds
2026/05/26-10:45:07  ... thread 1: (16000,77000) ops and (15712.0,2050.0) ops/second in (1.018330,37.560211) seconds
2026/05/26-10:45:07  ... thread 0: (18000,80000) ops and (17646.8,2122.7) ops/second in (1.020013,37.687081) seconds
2026/05/26-10:45:07  ... thread 2: (18000,82000) ops and (17648.3,2172.5) ops/second in (1.019931,37.744743) seconds
2026/05/26-10:45:07  ... thread 3: (19000,84000) ops and (18302.1,2224.3) ops/second in (1.038132,37.764269) seconds
2026/05/26-10:45:08  ... thread 1: (20000,97000) ops and (19967.8,2515.4) ops/second in (1.001613,38.561824) seconds
DB path: [/tmp/rocksdb_comp_exp_db]
readrandom   :     386.065 micros/op 10332 ops/sec 38.713 seconds 400000 operations;   10.1 MB/s (98169 of 100000 found)

STATISTICS:
rocksdb.block.cache.miss COUNT : 3521258
rocksdb.block.cache.hit COUNT : 40716
rocksdb.block.cache.add COUNT : 780678
rocksdb.block.cache.add.failures COUNT : 0
rocksdb.block.cache.index.miss COUNT : 0
rocksdb.block.cache.index.hit COUNT : 0
rocksdb.block.cache.index.add COUNT : 0
rocksdb.block.cache.index.bytes.insert COUNT : 0
rocksdb.block.cache.filter.miss COUNT : 0
rocksdb.block.cache.filter.hit COUNT : 0
rocksdb.block.cache.filter.add COUNT : 0
rocksdb.block.cache.filter.bytes.insert COUNT : 0
rocksdb.block.cache.data.miss COUNT : 3521258
rocksdb.block.cache.data.hit COUNT : 40716
rocksdb.block.cache.data.add COUNT : 780678
rocksdb.block.cache.data.bytes.insert COUNT : 3360011152
rocksdb.block.cache.bytes.read COUNT : 175241696
rocksdb.block.cache.bytes.write COUNT : 3360011152
rocksdb.block.cache.compression.dict.miss COUNT : 0
rocksdb.block.cache.compression.dict.hit COUNT : 0
rocksdb.block.cache.compression.dict.add COUNT : 0
rocksdb.block.cache.compression.dict.bytes.insert COUNT : 0
rocksdb.block.cache.add.redundant COUNT : 6
rocksdb.block.cache.index.add.redundant COUNT : 0
rocksdb.block.cache.filter.add.redundant COUNT : 0
rocksdb.block.cache.data.add.redundant COUNT : 6
rocksdb.block.cache.compression.dict.add.redundant COUNT : 0
rocksdb.secondary.cache.hits COUNT : 0
rocksdb.secondary.cache.filter.hits COUNT : 0
rocksdb.secondary.cache.index.hits COUNT : 0
rocksdb.secondary.cache.data.hits COUNT : 0
rocksdb.compressed.secondary.cache.dummy.hits COUNT : 0
rocksdb.compressed.secondary.cache.hits COUNT : 0
rocksdb.compressed.secondary.cache.promotions COUNT : 0
rocksdb.compressed.secondary.cache.promotion.skips COUNT : 0
rocksdb.bloom.filter.useful COUNT : 0
rocksdb.bloom.filter.full.positive COUNT : 0
rocksdb.bloom.filter.full.true.positive COUNT : 0
rocksdb.bloom.filter.prefix.checked COUNT : 0
rocksdb.bloom.filter.prefix.useful COUNT : 0
rocksdb.bloom.filter.prefix.true.positive COUNT : 0
rocksdb.persistent.cache.hit COUNT : 0
rocksdb.persistent.cache.miss COUNT : 0
rocksdb.sim.block.cache.hit COUNT : 0
rocksdb.sim.block.cache.miss COUNT : 0
rocksdb.memtable.hit COUNT : 6823
rocksdb.memtable.miss COUNT : 393177
rocksdb.l0.hit COUNT : 16880
rocksdb.l1.hit COUNT : 33825
rocksdb.l2andup.hit COUNT : 334989
rocksdb.compaction.key.drop.new COUNT : 3431092
rocksdb.compaction.key.drop.obsolete COUNT : 0
rocksdb.compaction.key.drop.range_del COUNT : 0
rocksdb.compaction.key.drop.user COUNT : 0
rocksdb.compaction.range_del.drop.obsolete COUNT : 0
rocksdb.compaction.optimized.del.drop.obsolete COUNT : 0
rocksdb.compaction.cancelled COUNT : 0
rocksdb.compaction.aborted COUNT : 0
rocksdb.number.keys.written COUNT : 5000000
rocksdb.number.keys.read COUNT : 400000
rocksdb.number.keys.updated COUNT : 0
rocksdb.bytes.written COUNT : 5277324228
rocksdb.bytes.read COUNT : 401937408
rocksdb.number.db.seek COUNT : 0
rocksdb.number.db.next COUNT : 0
rocksdb.number.db.prev COUNT : 0
rocksdb.number.db.seek.found COUNT : 0
rocksdb.number.db.next.found COUNT : 0
rocksdb.number.db.prev.found COUNT : 0
rocksdb.db.iter.bytes.read COUNT : 0
rocksdb.number.iter.skip COUNT : 0
rocksdb.number.reseeks.iteration COUNT : 0
rocksdb.num.iterator.created COUNT : 0
rocksdb.num.iterator.deleted COUNT : 0
rocksdb.no.file.opens COUNT : 156
rocksdb.no.file.errors COUNT : 0
rocksdb.stall.micros COUNT : 89553255
rocksdb.db.mutex.wait.micros COUNT : 0
rocksdb.number.multiget.get COUNT : 0
rocksdb.number.multiget.keys.read COUNT : 0
rocksdb.number.multiget.bytes.read COUNT : 0
rocksdb.number.multiget.keys.found COUNT : 0
rocksdb.number.merge.failures COUNT : 0
rocksdb.getupdatessince.calls COUNT : 0
rocksdb.wal.synced COUNT : 0
rocksdb.wal.bytes COUNT : 5277324228
rocksdb.write.self COUNT : 4777019
rocksdb.write.other COUNT : 222981
rocksdb.write.wal COUNT : 5000000
rocksdb.compact.read.bytes COUNT : 6692395647
rocksdb.compact.write.bytes COUNT : 4627112361
rocksdb.flush.write.bytes COUNT : 2971936042
rocksdb.compact.read.marked.bytes COUNT : 0
rocksdb.compact.read.periodic.bytes COUNT : 0
rocksdb.compact.read.ttl.bytes COUNT : 0
rocksdb.compact.write.marked.bytes COUNT : 0
rocksdb.compact.write.periodic.bytes COUNT : 0
rocksdb.compact.write.ttl.bytes COUNT : 0
rocksdb.number.direct.load.table.properties COUNT : 0
rocksdb.number.superversion_acquires COUNT : 60
rocksdb.number.superversion_releases COUNT : 56
rocksdb.number.superversion_cleanups COUNT : 14
rocksdb.number.block.compressed COUNT : 3108529
rocksdb.number.block.decompressed COUNT : 3521413
rocksdb.bytes.compressed.from COUNT : 13101608311
rocksdb.bytes.compressed.to COUNT : 7583298400
rocksdb.bytes.compression_bypassed COUNT : 0
rocksdb.bytes.compression.rejected COUNT : 14
rocksdb.number.block_compression_bypassed COUNT : 0
rocksdb.number.block_compression_rejected COUNT : 1
rocksdb.bytes.decompressed.from COUNT : 8586941878
rocksdb.bytes.decompressed.to COUNT : 14833773208
rocksdb.merge.operation.time.nanos COUNT : 0
rocksdb.filter.operation.time.nanos COUNT : 0
rocksdb.compaction.total.time.cpu_micros COUNT : 36348608
rocksdb.row.cache.hit COUNT : 0
rocksdb.row.cache.miss COUNT : 0
rocksdb.read.amp.estimate.useful.bytes COUNT : 0
rocksdb.read.amp.total.read.bytes COUNT : 0
rocksdb.number.rate_limiter.drains COUNT : 0
rocksdb.blobdb.num.put COUNT : 0
rocksdb.blobdb.num.write COUNT : 0
rocksdb.blobdb.num.get COUNT : 0
rocksdb.blobdb.num.multiget COUNT : 0
rocksdb.blobdb.num.seek COUNT : 0
rocksdb.blobdb.num.next COUNT : 0
rocksdb.blobdb.num.prev COUNT : 0
rocksdb.blobdb.num.keys.written COUNT : 0
rocksdb.blobdb.num.keys.read COUNT : 0
rocksdb.blobdb.bytes.written COUNT : 0
rocksdb.blobdb.bytes.read COUNT : 0
rocksdb.blobdb.write.inlined COUNT : 0
rocksdb.blobdb.write.inlined.ttl COUNT : 0
rocksdb.blobdb.write.blob COUNT : 0
rocksdb.blobdb.write.blob.ttl COUNT : 0
rocksdb.blobdb.blob.file.bytes.written COUNT : 0
rocksdb.blobdb.blob.file.bytes.read COUNT : 0
rocksdb.blobdb.blob.file.synced COUNT : 0
rocksdb.blobdb.blob.index.expired.count COUNT : 0
rocksdb.blobdb.blob.index.expired.size COUNT : 0
rocksdb.blobdb.blob.index.evicted.count COUNT : 0
rocksdb.blobdb.blob.index.evicted.size COUNT : 0
rocksdb.blobdb.gc.num.files COUNT : 0
rocksdb.blobdb.gc.num.new.files COUNT : 0
rocksdb.blobdb.gc.failures COUNT : 0
rocksdb.blobdb.gc.num.keys.relocated COUNT : 0
rocksdb.blobdb.gc.bytes.relocated COUNT : 0
rocksdb.blobdb.fifo.num.files.evicted COUNT : 0
rocksdb.blobdb.fifo.num.keys.evicted COUNT : 0
rocksdb.blobdb.fifo.bytes.evicted COUNT : 0
rocksdb.blobdb.cache.miss COUNT : 0
rocksdb.blobdb.cache.hit COUNT : 0
rocksdb.blobdb.cache.add COUNT : 0
rocksdb.blobdb.cache.add.failures COUNT : 0
rocksdb.blobdb.cache.bytes.read COUNT : 0
rocksdb.blobdb.cache.bytes.write COUNT : 0
rocksdb.txn.overhead.mutex.prepare COUNT : 0
rocksdb.txn.overhead.mutex.old.commit.map COUNT : 0
rocksdb.txn.overhead.duplicate.key COUNT : 0
rocksdb.txn.overhead.mutex.snapshot COUNT : 0
rocksdb.txn.get.tryagain COUNT : 0
rocksdb.files.marked.trash COUNT : 0
rocksdb.files.marked.trash.deleted COUNT : 0
rocksdb.files.deleted.immediately COUNT : 219
rocksdb.error.handler.bg.error.count COUNT : 0
rocksdb.error.handler.bg.io.error.count COUNT : 0
rocksdb.error.handler.bg.retryable.io.error.count COUNT : 0
rocksdb.error.handler.autoresume.count COUNT : 0
rocksdb.error.handler.autoresume.retry.total.count COUNT : 0
rocksdb.error.handler.autoresume.success.count COUNT : 0
rocksdb.memtable.payload.bytes.at.flush COUNT : 5217295080
rocksdb.memtable.garbage.bytes.at.flush COUNT : 127207288
rocksdb.verify_checksum.read.bytes COUNT : 0
rocksdb.backup.read.bytes COUNT : 0
rocksdb.backup.write.bytes COUNT : 0
rocksdb.remote.compact.read.bytes COUNT : 0
rocksdb.remote.compact.write.bytes COUNT : 0
rocksdb.remote.compact.resumed.bytes COUNT : 0
rocksdb.hot.file.read.bytes COUNT : 0
rocksdb.warm.file.read.bytes COUNT : 0
rocksdb.cool.file.read.bytes COUNT : 0
rocksdb.cold.file.read.bytes COUNT : 0
rocksdb.ice.file.read.bytes COUNT : 0
rocksdb.hot.file.read.count COUNT : 0
rocksdb.warm.file.read.count COUNT : 0
rocksdb.cool.file.read.count COUNT : 0
rocksdb.cold.file.read.count COUNT : 0
rocksdb.ice.file.read.count COUNT : 0
rocksdb.last.level.read.bytes COUNT : 0
rocksdb.last.level.read.count COUNT : 0
rocksdb.non.last.level.read.bytes COUNT : 8604744904
rocksdb.non.last.level.read.count COUNT : 3521882
rocksdb.last.level.seek.filtered COUNT : 0
rocksdb.last.level.seek.filter.match COUNT : 0
rocksdb.last.level.seek.data COUNT : 0
rocksdb.last.level.seek.data.useful.no.filter COUNT : 0
rocksdb.last.level.seek.data.useful.filter.match COUNT : 0
rocksdb.non.last.level.seek.filtered COUNT : 0
rocksdb.non.last.level.seek.filter.match COUNT : 0
rocksdb.non.last.level.seek.data COUNT : 0
rocksdb.non.last.level.seek.data.useful.no.filter COUNT : 0
rocksdb.non.last.level.seek.data.useful.filter.match COUNT : 0
rocksdb.block.checksum.compute.count COUNT : 3521570
rocksdb.block.checksum.mismatch.count COUNT : 0
rocksdb.multiget.coroutine.count COUNT : 0
rocksdb.read.async.micros COUNT : 0
rocksdb.async.read.error.count COUNT : 0
rocksdb.table.open.prefetch.tail.miss COUNT : 0
rocksdb.table.open.prefetch.tail.hit COUNT : 0
rocksdb.timestamp.filter.table.checked COUNT : 0
rocksdb.timestamp.filter.table.filtered COUNT : 0
rocksdb.readahead.trimmed COUNT : 0
rocksdb.fifo.max.size.compactions COUNT : 0
rocksdb.fifo.ttl.compactions COUNT : 0
rocksdb.fifo.change_temperature.compactions COUNT : 0
rocksdb.prefetch.bytes COUNT : 0
rocksdb.prefetch.bytes.useful COUNT : 0
rocksdb.prefetch.hits COUNT : 0
rocksdb.footer.corruption.count COUNT : 0
rocksdb.file.read.corruption.retry.count COUNT : 0
rocksdb.file.read.corruption.retry.success.count COUNT : 0
rocksdb.number.wbwi.ingest COUNT : 0
rocksdb.sst.user.defined.index.load.fail.count COUNT : 0
rocksdb.multiscan.prepare.calls COUNT : 0
rocksdb.multiscan.prepare.errors COUNT : 0
rocksdb.multiscan.blocks.prefetched COUNT : 0
rocksdb.multiscan.blocks.from.cache COUNT : 0
rocksdb.multiscan.prefetch.bytes COUNT : 0
rocksdb.multiscan.prefetch.blocks.wasted COUNT : 0
rocksdb.multiscan.io.requests COUNT : 0
rocksdb.multiscan.io.coalesced.nonadjacent COUNT : 0
rocksdb.multiscan.seek.errors COUNT : 0
rocksdb.prefetch.memory.bytes.granted COUNT : 0
rocksdb.prefetch.memory.bytes.released COUNT : 0
rocksdb.prefetch.memory.requests.blocked COUNT : 0
rocksdb.read.path.range.tombstones.inserted COUNT : 0
rocksdb.read.path.range.tombstones.discarded COUNT : 0
rocksdb.file.open.metadata.retrieved COUNT : 0
rocksdb.file.open.metadata.passed COUNT : 0
rocksdb.manifest.validation.failure.count COUNT : 0
rocksdb.db.get.micros P50 : 13.454395 P95 : 1570.907612 P99 : 6054.532967 P100 : 693317.000000 COUNT : 400000 SUM : 154200593
rocksdb.db.write.micros P50 : 5.325346 P95 : 65.112522 P99 : 1740.841312 P100 : 1906538.000000 COUNT : 5000000 SUM : 499704927
rocksdb.compaction.times.micros P50 : 3425000.000000 P95 : 26675000.000000 P99 : 31126013.000000 P100 : 31126013.000000 COUNT : 23 SUM : 156485474
rocksdb.compaction.times.cpu_micros P50 : 916666.666667 P95 : 5656666.666667 P99 : 6317131.000000 P100 : 6317131.000000 COUNT : 23 SUM : 36348608
rocksdb.subcompaction.setup.times.micros P50 : 0.000000 P95 : 0.000000 P99 : 0.000000 P100 : 0.000000 COUNT : 0 SUM : 0
rocksdb.table.sync.micros P50 : 342857.142857 P95 : 1132000.000000 P99 : 1301673.000000 P100 : 1301673.000000 COUNT : 80 SUM : 39353603
rocksdb.compaction.outfile.sync.micros P50 : 642500.000000 P95 : 1180571.428571 P99 : 1722666.666667 P100 : 1771768.000000 COUNT : 76 SUM : 47362828
rocksdb.wal.file.sync.micros P50 : 0.000000 P95 : 0.000000 P99 : 0.000000 P100 : 0.000000 COUNT : 0 SUM : 0
rocksdb.manifest.file.sync.micros P50 : 5588.000000 P95 : 14466.666667 P99 : 17372.000000 P100 : 17372.000000 COUNT : 113 SUM : 688868
rocksdb.table.open.io.micros P50 : 709.736842 P95 : 5405.714286 P99 : 9284.000000 P100 : 10815.000000 COUNT : 156 SUM : 189820
rocksdb.db.multiget.micros P50 : 0.000000 P95 : 0.000000 P99 : 0.000000 P100 : 0.000000 COUNT : 0 SUM : 0
rocksdb.read.block.compaction.micros P50 : 3.194071 P95 : 7.702511 P99 : 953.944255 P100 : 331200.000000 COUNT : 2740580 SUM : 80642493
rocksdb.read.block.get.micros P50 : 5.794045 P95 : 1073.897561 P99 : 1887.003227 P100 : 577944.000000 COUNT : 780834 SUM : 150160437
rocksdb.write.raw.block.micros P50 : 0.531674 P95 : 1.210337 P99 : 2.573457 P100 : 26054.000000 COUNT : 3108842 SUM : 8534061
rocksdb.numfiles.in.singlecompaction P50 : 2.100000 P95 : 20.425000 P99 : 25.000000 P100 : 25.000000 COUNT : 29 SUM : 156
rocksdb.db.seek.micros P50 : 0.000000 P95 : 0.000000 P99 : 0.000000 P100 : 0.000000 COUNT : 0 SUM : 0
rocksdb.db.write.stall P50 : 1261.321442 P95 : 2792.963585 P99 : 2885.528883 P100 : 1906164.000000 COUNT : 42705 SUM : 89553255
rocksdb.sst.read.micros P50 : 0.861388 P95 : 4.875057 P99 : 1437.759060 P100 : 577909.000000 COUNT : 3521882 SUM : 218664143
rocksdb.file.read.flush.micros P50 : 3.166667 P95 : 68.105263 P99 : 164.000000 P100 : 1493.000000 COUNT : 320 SUM : 8511
rocksdb.file.read.compaction.micros P50 : 0.725146 P95 : 3.701473 P99 : 937.426163 P100 : 331169.000000 COUNT : 2740884 SUM : 72999412
rocksdb.file.read.db.open.micros P50 : 0.000000 P95 : 0.000000 P99 : 0.000000 P100 : 0.000000 COUNT : 0 SUM : 0
rocksdb.file.read.get.micros P50 : 0.000000 P95 : 0.000000 P99 : 0.000000 P100 : 0.000000 COUNT : 0 SUM : 0
rocksdb.file.read.multiget.micros P50 : 0.000000 P95 : 0.000000 P99 : 0.000000 P100 : 0.000000 COUNT : 0 SUM : 0
rocksdb.file.read.db.iterator.micros P50 : 0.000000 P95 : 0.000000 P99 : 0.000000 P100 : 0.000000 COUNT : 0 SUM : 0
rocksdb.file.read.verify.db.checksum.micros P50 : 0.000000 P95 : 0.000000 P99 : 0.000000 P100 : 0.000000 COUNT : 0 SUM : 0
rocksdb.file.read.verify.file.checksums.micros P50 : 0.000000 P95 : 0.000000 P99 : 0.000000 P100 : 0.000000 COUNT : 0 SUM : 0
rocksdb.sst.write.micros P50 : 0.502122 P95 : 0.954031 P99 : 0.994201 P100 : 9034.000000 COUNT : 6217840 SUM : 6909356
rocksdb.file.write.flush.micros P50 : 0.501397 P95 : 0.952654 P99 : 0.992766 P100 : 9034.000000 COUNT : 2429094 SUM : 2982897
rocksdb.file.write.compaction.micros P50 : 0.502587 P95 : 0.954916 P99 : 0.995123 P100 : 8428.000000 COUNT : 3788746 SUM : 3926459
rocksdb.file.write.db.open.micros P50 : 0.000000 P95 : 0.000000 P99 : 0.000000 P100 : 0.000000 COUNT : 0 SUM : 0
rocksdb.num.subcompactions.scheduled P50 : 0.000000 P95 : 0.000000 P99 : 0.000000 P100 : 0.000000 COUNT : 0 SUM : 0
rocksdb.bytes.per.read P50 : 1024.000000 P95 : 1024.000000 P99 : 1024.000000 P100 : 1024.000000 COUNT : 400000 SUM : 401937408
rocksdb.bytes.per.write P50 : 1090.016655 P95 : 1288.031644 P99 : 3350.151861 P100 : 4188.000000 COUNT : 4777019 SUM : 5277324228
rocksdb.bytes.per.multiget P50 : 0.000000 P95 : 0.000000 P99 : 0.000000 P100 : 0.000000 COUNT : 0 SUM : 0
rocksdb.compression.times.nanos P50 : 0.000000 P95 : 0.000000 P99 : 0.000000 P100 : 0.000000 COUNT : 0 SUM : 0
rocksdb.decompression.times.nanos P50 : 0.000000 P95 : 0.000000 P99 : 0.000000 P100 : 0.000000 COUNT : 0 SUM : 0
rocksdb.read.num.merge_operands P50 : 0.000000 P95 : 0.000000 P99 : 0.000000 P100 : 0.000000 COUNT : 0 SUM : 0
rocksdb.blobdb.key.size P50 : 0.000000 P95 : 0.000000 P99 : 0.000000 P100 : 0.000000 COUNT : 0 SUM : 0
rocksdb.blobdb.value.size P50 : 0.000000 P95 : 0.000000 P99 : 0.000000 P100 : 0.000000 COUNT : 0 SUM : 0
rocksdb.blobdb.write.micros P50 : 0.000000 P95 : 0.000000 P99 : 0.000000 P100 : 0.000000 COUNT : 0 SUM : 0
rocksdb.blobdb.get.micros P50 : 0.000000 P95 : 0.000000 P99 : 0.000000 P100 : 0.000000 COUNT : 0 SUM : 0
rocksdb.blobdb.multiget.micros P50 : 0.000000 P95 : 0.000000 P99 : 0.000000 P100 : 0.000000 COUNT : 0 SUM : 0
rocksdb.blobdb.seek.micros P50 : 0.000000 P95 : 0.000000 P99 : 0.000000 P100 : 0.000000 COUNT : 0 SUM : 0
rocksdb.blobdb.next.micros P50 : 0.000000 P95 : 0.000000 P99 : 0.000000 P100 : 0.000000 COUNT : 0 SUM : 0
rocksdb.blobdb.prev.micros P50 : 0.000000 P95 : 0.000000 P99 : 0.000000 P100 : 0.000000 COUNT : 0 SUM : 0
rocksdb.blobdb.blob.file.write.micros P50 : 0.000000 P95 : 0.000000 P99 : 0.000000 P100 : 0.000000 COUNT : 0 SUM : 0
rocksdb.blobdb.blob.file.read.micros P50 : 0.000000 P95 : 0.000000 P99 : 0.000000 P100 : 0.000000 COUNT : 0 SUM : 0
rocksdb.blobdb.blob.file.sync.micros P50 : 0.000000 P95 : 0.000000 P99 : 0.000000 P100 : 0.000000 COUNT : 0 SUM : 0
rocksdb.blobdb.compression.micros P50 : 0.000000 P95 : 0.000000 P99 : 0.000000 P100 : 0.000000 COUNT : 0 SUM : 0
rocksdb.blobdb.decompression.micros P50 : 0.000000 P95 : 0.000000 P99 : 0.000000 P100 : 0.000000 COUNT : 0 SUM : 0
rocksdb.db.flush.micros P50 : 556744.186047 P95 : 1550000.000000 P99 : 1691238.000000 P100 : 1691238.000000 COUNT : 80 SUM : 56322967
rocksdb.sst.batch.size P50 : 0.000000 P95 : 0.000000 P99 : 0.000000 P100 : 0.000000 COUNT : 0 SUM : 0
rocksdb.multiget.io.batch.size P50 : 0.000000 P95 : 0.000000 P99 : 0.000000 P100 : 0.000000 COUNT : 0 SUM : 0
rocksdb.num.index.and.filter.blocks.read.per.level P50 : 0.000000 P95 : 0.000000 P99 : 0.000000 P100 : 0.000000 COUNT : 0 SUM : 0
rocksdb.num.sst.read.per.level P50 : 0.000000 P95 : 0.000000 P99 : 0.000000 P100 : 0.000000 COUNT : 0 SUM : 0
rocksdb.num.level.read.per.multiget P50 : 0.000000 P95 : 0.000000 P99 : 0.000000 P100 : 0.000000 COUNT : 0 SUM : 0
rocksdb.error.handler.autoresume.retry.count P50 : 0.000000 P95 : 0.000000 P99 : 0.000000 P100 : 0.000000 COUNT : 0 SUM : 0
rocksdb.async.read.bytes P50 : 0.000000 P95 : 0.000000 P99 : 0.000000 P100 : 0.000000 COUNT : 0 SUM : 0
rocksdb.poll.wait.micros P50 : 0.000000 P95 : 0.000000 P99 : 0.000000 P100 : 0.000000 COUNT : 0 SUM : 0
rocksdb.compaction.prefetch.bytes P50 : 0.000000 P95 : 0.000000 P99 : 0.000000 P100 : 0.000000 COUNT : 0 SUM : 0
rocksdb.prefetched.bytes.discarded P50 : 0.000000 P95 : 0.000000 P99 : 0.000000 P100 : 0.000000 COUNT : 0 SUM : 0
rocksdb.async.prefetch.abort.micros P50 : 0.000000 P95 : 0.000000 P99 : 0.000000 P100 : 0.000000 COUNT : 0 SUM : 0
rocksdb.table.open.prefetch.tail.read.bytes P50 : 0.000000 P95 : 0.000000 P99 : 0.000000 P100 : 0.000000 COUNT : 0 SUM : 0
rocksdb.num.op.per.transaction P50 : 0.000000 P95 : 0.000000 P99 : 0.000000 P100 : 0.000000 COUNT : 0 SUM : 0
rocksdb.multiscan.op.prepare.iterators.micros P50 : 0.000000 P95 : 0.000000 P99 : 0.000000 P100 : 0.000000 COUNT : 0 SUM : 0
rocksdb.multiscan.prepare.micros P50 : 0.000000 P95 : 0.000000 P99 : 0.000000 P100 : 0.000000 COUNT : 0 SUM : 0
rocksdb.multiscan.blocks.per.prepare P50 : 0.000000 P95 : 0.000000 P99 : 0.000000 P100 : 0.000000 COUNT : 0 SUM : 0
rocksdb.block.key.distribution.cv P50 : 0.000000 P95 : 0.000000 P99 : 0.000000 P100 : 0.000000 COUNT : 0 SUM : 0

[EXPERIMENT_COMPLETED]
