RocksDB:    version 11.3.0
Date:       Tue May 26 09:27:09 2026
CPU:        2 * Intel Xeon Processor (SapphireRapids)
CPUCache:   16384 KB
2026/05/26-09:27:10  ... thread 2: (25000,25000) ops and (24960.3,24960.3) ops/second in (1.001589,1.001589) seconds
2026/05/26-09:27:10  ... thread 3: (29000,29000) ops and (28802.6,28802.6) ops/second in (1.006855,1.006855) seconds
2026/05/26-09:27:10  ... thread 1: (29000,29000) ops and (28584.1,28584.1) ops/second in (1.014549,1.014549) seconds
2026/05/26-09:27:10  ... thread 0: (29000,29000) ops and (28626.0,28626.0) ops/second in (1.013064,1.013064) seconds
2026/05/26-09:27:11  ... thread 2: (28000,53000) ops and (27828.0,26397.4) ops/second in (1.006182,2.007771) seconds
2026/05/26-09:27:11  ... thread 1: (27000,56000) ops and (26981.4,27788.3) ops/second in (1.000691,2.015240) seconds
2026/05/26-09:27:11  ... thread 3: (26000,55000) ops and (25333.1,27051.2) ops/second in (1.026327,2.033182) seconds
2026/05/26-09:27:11  ... thread 0: (25000,54000) ops and (24368.9,26484.1) ops/second in (1.025899,2.038963) seconds
2026/05/26-09:27:12  ... thread 2: (27000,80000) ops and (26043.2,26276.8) ops/second in (1.036738,3.044509) seconds
2026/05/26-09:27:12  ... thread 3: (27000,82000) ops and (26484.2,26861.9) ops/second in (1.019474,3.052656) seconds
2026/05/26-09:27:12  ... thread 1: (27000,83000) ops and (25980.4,27173.2) ops/second in (1.039243,3.054483) seconds
2026/05/26-09:27:12  ... thread 0: (31000,85000) ops and (30493.8,27818.1) ops/second in (1.016600,3.055563) seconds
2026/05/26-09:27:14  ... thread 2: (27000,107000) ops and (20330.3,24470.7) ops/second in (1.328065,4.372574) seconds
2026/05/26-09:27:14  ... thread 1: (26000,109000) ops and (19434.1,24815.9) ops/second in (1.337855,4.392338) seconds
2026/05/26-09:27:14  ... thread 3: (28000,110000) ops and (20713.1,24974.7) ops/second in (1.351802,4.404458) seconds
2026/05/26-09:27:14  ... thread 0: (27000,112000) ops and (20059.7,25445.6) ops/second in (1.345980,4.401543) seconds
2026/05/26-09:27:15  ... thread 1: (15000,124000) ops and (12744.8,22265.0) ops/second in (1.176946,5.569284) seconds
2026/05/26-09:27:15  ... thread 3: (13000,123000) ops and (11130.3,22072.9) ops/second in (1.167984,5.572442) seconds
2026/05/26-09:27:15  ... thread 2: (17000,124000) ops and (13954.4,22179.2) ops/second in (1.218251,5.590825) seconds
2026/05/26-09:27:15  ... thread 0: (16000,128000) ops and (13344.0,22854.7) ops/second in (1.199045,5.600588) seconds
2026/05/26-09:27:16  ... thread 3: (29000,152000) ops and (28813.2,23104.1) ops/second in (1.006484,6.578926) seconds
2026/05/26-09:27:16  ... thread 1: (31000,155000) ops and (30423.3,23526.8) ops/second in (1.018957,6.588241) seconds
2026/05/26-09:27:16  ... thread 0: (29000,157000) ops and (28768.3,23756.8) ops/second in (1.008055,6.608643) seconds
2026/05/26-09:27:17  ... thread 2: (31000,155000) ops and (17680.1,21105.1) ops/second in (1.753384,7.344209) seconds
2026/05/26-09:27:17  ... thread 3: (8000,160000) ops and (7857.1,21060.6) ops/second in (1.018181,7.597107) seconds
2026/05/26-09:27:17  ... thread 1: (10000,165000) ops and (9857.3,21702.8) ops/second in (1.014475,7.602716) seconds
2026/05/26-09:27:17  ... thread 0: (6000,163000) ops and (5840.4,21346.3) ops/second in (1.027335,7.635978) seconds
2026/05/26-09:27:18  ... thread 2: (14000,169000) ops and (11587.6,19760.5) ops/second in (1.208185,8.552394) seconds
2026/05/26-09:27:18  ... thread 1: (11000,176000) ops and (10802.1,20415.2) ops/second in (1.018318,8.621034) seconds
2026/05/26-09:27:18  ... thread 3: (12000,172000) ops and (11591.5,19925.1) ops/second in (1.035240,8.632347) seconds
2026/05/26-09:27:18  ... thread 0: (11000,174000) ops and (10914.2,20129.9) ops/second in (1.007859,8.643837) seconds
2026/05/26-09:27:19  ... thread 3: (29000,201000) ops and (20028.7,19939.9) ops/second in (1.447923,10.080270) seconds
2026/05/26-09:27:19  ... thread 2: (33000,202000) ops and (21532.8,20029.9) ops/second in (1.532544,10.084938) seconds
2026/05/26-09:27:19  ... thread 0: (29000,203000) ops and (19947.6,20103.7) ops/second in (1.453811,10.097648) seconds
2026/05/26-09:27:19  ... thread 1: (30000,206000) ops and (20215.9,20385.9) ops/second in (1.483980,10.105014) seconds
2026/05/26-09:27:20  ... thread 3: (18000,219000) ops and (17894.9,19754.4) ops/second in (1.005874,11.086144) seconds
2026/05/26-09:27:20  ... thread 2: (17000,219000) ops and (16916.7,19747.8) ops/second in (1.004924,11.089862) seconds
2026/05/26-09:27:20  ... thread 0: (16000,219000) ops and (15748.7,19705.6) ops/second in (1.015956,11.113604) seconds
2026/05/26-09:27:20  ... thread 1: (18000,224000) ops and (17552.3,20124.8) ops/second in (1.025508,11.130522) seconds
2026/05/26-09:27:22  ... thread 0: (28000,247000) ops and (18879.6,19608.3) ops/second in (1.483082,12.596686) seconds
2026/05/26-09:27:22  ... thread 1: (29000,253000) ops and (19661.5,20070.6) ops/second in (1.474964,12.605486) seconds
2026/05/26-09:27:22  ... thread 2: (30000,249000) ops and (19716.2,19744.0) ops/second in (1.521590,12.611452) seconds
2026/05/26-09:27:22  ... thread 3: (31000,250000) ops and (20111.0,19797.9) ops/second in (1.541446,12.627590) seconds
2026/05/26-09:27:23  ... thread 0: (15000,262000) ops and (12861.6,19036.6) ops/second in (1.166266,13.762952) seconds
2026/05/26-09:27:23  ... thread 2: (17000,266000) ops and (14631.1,19312.6) ops/second in (1.161908,13.773360) seconds
2026/05/26-09:27:23  ... thread 1: (15000,268000) ops and (12821.5,19455.0) ops/second in (1.169907,13.775393) seconds
2026/05/26-09:27:23  ... thread 3: (14000,264000) ops and (12120.7,19154.5) ops/second in (1.155048,13.782638) seconds
2026/05/26-09:27:24  ... thread 3: (17000,281000) ops and (13942.3,18730.9) ops/second in (1.219312,15.001950) seconds
2026/05/26-09:27:24  ... thread 2: (14000,280000) ops and (11382.9,18662.6) ops/second in (1.229910,15.003270) seconds
2026/05/26-09:27:24  ... thread 1: (16000,284000) ops and (12988.2,18924.2) ops/second in (1.231886,15.007279) seconds
2026/05/26-09:27:24  ... thread 0: (15000,277000) ops and (11996.0,18450.2) ops/second in (1.250416,15.013368) seconds
2026/05/26-09:27:26  ... thread 0: (13000,290000) ops and (9932.3,17767.2) ops/second in (1.308855,16.322223) seconds
2026/05/26-09:27:26  ... thread 1: (13000,297000) ops and (9847.2,18190.2) ops/second in (1.320175,16.327454) seconds
2026/05/26-09:27:26  ... thread 3: (13000,294000) ops and (9717.6,17993.0) ops/second in (1.337777,16.339727) seconds
2026/05/26-09:27:26  ... thread 2: (23000,303000) ops and (17060.6,18530.5) ops/second in (1.348139,16.351409) seconds
2026/05/26-09:27:27  ... thread 0: (30000,320000) ops and (29710.3,18463.0) ops/second in (1.009751,17.331974) seconds
2026/05/26-09:27:27  ... thread 3: (30000,324000) ops and (29984.2,18684.8) ops/second in (1.000526,17.340253) seconds
2026/05/26-09:27:27  ... thread 2: (30000,333000) ops and (19478.1,18612.1) ops/second in (1.540188,17.891597) seconds
2026/05/26-09:27:27  ... thread 1: (32000,329000) ops and (20483.8,18390.5) ops/second in (1.562212,17.889666) seconds
2026/05/26-09:27:28  ... thread 3: (13000,337000) ops and (12690.8,18350.5) ops/second in (1.024362,18.364615) seconds
2026/05/26-09:27:28  ... thread 0: (12000,332000) ops and (11622.2,18078.4) ops/second in (1.032507,18.364481) seconds
2026/05/26-09:27:28  ... thread 2: (23000,356000) ops and (22637.2,18828.4) ops/second in (1.016025,18.907622) seconds
2026/05/26-09:27:28  ... thread 1: (20000,349000) ops and (19611.1,18456.3) ops/second in (1.019833,18.909499) seconds
2026/05/26-09:27:29  ... thread 3: (19000,356000) ops and (18594.0,18363.3) ops/second in (1.021834,19.386449) seconds
2026/05/26-09:27:29  ... thread 0: (20000,352000) ops and (19619.8,18159.4) ops/second in (1.019379,19.383860) seconds
2026/05/26-09:27:30  ... thread 2: (26000,382000) ops and (17883.3,18760.9) ops/second in (1.453870,20.361492) seconds
2026/05/26-09:27:30  ... thread 3: (16000,372000) ops and (15947.2,18244.5) ops/second in (1.003310,20.389759) seconds
2026/05/26-09:27:30  ... thread 1: (25000,374000) ops and (16909.3,18344.1) ops/second in (1.478476,20.387975) seconds
2026/05/26-09:27:30  ... thread 0: (18000,370000) ops and (17853.3,18144.3) ops/second in (1.008219,20.392079) seconds
2026/05/26-09:27:31  ... thread 2: (27000,409000) ops and (17442.6,18667.8) ops/second in (1.547934,21.909426) seconds
2026/05/26-09:27:31  ... thread 3: (32000,404000) ops and (20996.5,18435.9) ops/second in (1.524062,21.913821) seconds
2026/05/26-09:27:31  ... thread 0: (30000,400000) ops and (19516.0,18240.5) ops/second in (1.537201,21.929280) seconds
2026/05/26-09:27:31  ... thread 1: (33000,407000) ops and (21366.4,18557.0) ops/second in (1.544484,21.932459) seconds
2026/05/26-09:27:33  ... thread 1: (30000,437000) ops and (19386.3,18611.6) ops/second in (1.547487,23.479946) seconds
2026/05/26-09:27:33  ... thread 3: (33000,437000) ops and (20962.5,18605.2) ops/second in (1.574239,23.488060) seconds
2026/05/26-09:27:33  ... thread 0: (30000,430000) ops and (19204.2,18304.5) ops/second in (1.562156,23.491436) seconds
2026/05/26-09:27:33  ... thread 2: (32000,441000) ops and (20111.1,18765.5) ops/second in (1.591164,23.500590) seconds
2026/05/26-09:27:34  ... thread 2: (33000,474000) ops and (31391.6,19306.1) ops/second in (1.051235,24.551825) seconds
2026/05/26-09:27:34  ... thread 0: (32000,462000) ops and (29968.4,18811.7) ops/second in (1.067790,24.559226) seconds
2026/05/26-09:27:34  ... thread 1: (30000,467000) ops and (27467.6,19005.3) ops/second in (1.092196,24.572142) seconds
2026/05/26-09:27:34  ... thread 3: (29000,466000) ops and (26439.6,18954.7) ops/second in (1.096840,24.584900) seconds
2026/05/26-09:27:35  ... thread 2: (33000,507000) ops and (29360.0,19746.2) ops/second in (1.123979,25.675804) seconds
2026/05/26-09:27:35  ... thread 1: (29000,496000) ops and (26280.1,19317.9) ops/second in (1.103498,25.675640) seconds
2026/05/26-09:27:35  ... thread 3: (30000,496000) ops and (27285.9,19311.4) ops/second in (1.099469,25.684369) seconds
2026/05/26-09:27:35  ... thread 0: (32000,494000) ops and (28470.7,19234.4) ops/second in (1.123962,25.683188) seconds
2026/05/26-09:27:37  ... thread 2: (31000,538000) ops and (19276.0,19718.5) ops/second in (1.608217,27.284021) seconds
2026/05/26-09:27:37  ... thread 1: (33000,529000) ops and (19151.6,19307.5) ops/second in (1.723092,27.398732) seconds
2026/05/26-09:27:37  ... thread 3: (28000,524000) ops and (14094.4,18936.8) ops/second in (1.986606,27.670975) seconds
2026/05/26-09:27:37  ... thread 0: (34000,528000) ops and (16054.7,18992.2) ops/second in (2.117764,27.800952) seconds
2026/05/26-09:27:38  ... thread 1: (2000,531000) ops and (1939.5,18677.5) ops/second in (1.031177,28.429909) seconds
2026/05/26-09:27:39  ... thread 0: (2000,530000) ops and (1364.9,18109.6) ops/second in (1.465330,29.266282) seconds
2026/05/26-09:27:39  ... thread 3: (3000,527000) ops and (1788.2,17956.5) ops/second in (1.677679,29.348654) seconds
2026/05/26-09:27:39  ... thread 1: (3000,534000) ops and (2335.2,17971.0) ops/second in (1.284668,29.714577) seconds
2026/05/26-09:27:39  ... thread 2: (2000,540000) ops and (782.7,18097.0) ops/second in (2.555167,29.839188) seconds
2026/05/26-09:27:40  ... thread 3: (2000,529000) ops and (1756.7,17351.6) ops/second in (1.138488,30.487142) seconds
2026/05/26-09:27:40  ... thread 0: (3000,533000) ops and (2250.5,17418.7) ops/second in (1.333066,30.599348) seconds
2026/05/26-09:27:40  ... thread 2: (2000,542000) ops and (1628.2,17445.9) ops/second in (1.228360,31.067548) seconds
2026/05/26-09:27:41  ... thread 1: (2000,536000) ops and (1286.7,17141.6) ops/second in (1.554325,31.268902) seconds
2026/05/26-09:27:41  ... thread 3: (2000,531000) ops and (1908.0,16838.3) ops/second in (1.048201,31.535343) seconds
2026/05/26-09:27:41  ... thread 0: (1000,534000) ops and (689.6,16661.7) ops/second in (1.450146,32.049494) seconds
2026/05/26-09:27:42  ... thread 2: (3000,545000) ops and (2012.0,16739.1) ops/second in (1.491019,32.558567) seconds
2026/05/26-09:27:42  ... thread 1: (2000,538000) ops and (1479.9,16492.8) ops/second in (1.351472,32.620374) seconds
2026/05/26-09:27:42  ... thread 3: (3000,534000) ops and (2628.4,16341.9) ops/second in (1.141396,32.676739) seconds
2026/05/26-09:27:42  ... thread 0: (18000,552000) ops and (17570.2,16689.9) ops/second in (1.024459,33.073953) seconds
2026/05/26-09:27:43  ... thread 2: (25000,570000) ops and (24781.8,16980.8) ops/second in (1.008806,33.567373) seconds
2026/05/26-09:27:43  ... thread 1: (27000,565000) ops and (26047.3,16787.0) ops/second in (1.036577,33.656951) seconds
2026/05/26-09:27:43  ... thread 3: (30000,564000) ops and (29411.7,16737.5) ops/second in (1.020002,33.696741) seconds
2026/05/26-09:27:43  ... thread 0: (23000,575000) ops and (21922.5,16850.8) ops/second in (1.049150,34.123103) seconds
2026/05/26-09:27:44  ... thread 2: (32000,602000) ops and (26873.8,17319.7) ops/second in (1.190753,34.758126) seconds
2026/05/26-09:27:44  ... thread 3: (24000,588000) ops and (22606.2,16916.8) ops/second in (1.061656,34.758397) seconds
2026/05/26-09:27:44  ... thread 1: (20000,585000) ops and (18106.2,16828.9) ops/second in (1.104592,34.761543) seconds
2026/05/26-09:27:45  ... thread 2: (15000,617000) ops and (14656.6,17243.5) ops/second in (1.023429,35.781555) seconds
2026/05/26-09:27:45  ... thread 1: (16000,601000) ops and (15581.0,16793.1) ops/second in (1.026895,35.788438) seconds
2026/05/26-09:27:45  ... thread 0: (32000,607000) ops and (19145.4,16957.9) ops/second in (1.671423,35.794526) seconds
2026/05/26-09:27:45  ... thread 3: (16000,604000) ops and (15327.2,16870.4) ops/second in (1.043896,35.802293) seconds
2026/05/26-09:27:46  ... thread 1: (32000,633000) ops and (31516.0,17199.3) ops/second in (1.015356,36.803794) seconds
2026/05/26-09:27:46  ... thread 0: (28000,635000) ops and (27791.5,17254.5) ops/second in (1.007501,36.802027) seconds
2026/05/26-09:27:46  ... thread 2: (28000,645000) ops and (27121.3,17520.5) ops/second in (1.032397,36.813952) seconds
2026/05/26-09:27:46  ... thread 3: (28000,632000) ops and (27428.5,17163.1) ops/second in (1.020837,36.823130) seconds
2026/05/26-09:27:47  ... thread 2: (18000,663000) ops and (17931.9,17531.5) ops/second in (1.003797,37.817749) seconds
2026/05/26-09:27:47  ... thread 1: (20000,653000) ops and (18216.6,17228.8) ops/second in (1.097897,37.901691) seconds
2026/05/26-09:27:47  ... thread 0: (17000,652000) ops and (12120.9,17066.0) ops/second in (1.402537,38.204564) seconds
2026/05/26-09:27:48  ... thread 3: (18000,650000) ops and (10581.4,16872.5) ops/second in (1.701099,38.524229) seconds
2026/05/26-09:27:48  ... thread 2: (2000,665000) ops and (1972.2,17125.1) ops/second in (1.014080,38.831829) seconds
2026/05/26-09:27:49  ... thread 0: (2000,654000) ops and (1786.6,16631.1) ops/second in (1.119465,39.324029) seconds
2026/05/26-09:27:49  ... thread 1: (2000,655000) ops and (1375.9,16643.3) ops/second in (1.453592,39.355283) seconds
2026/05/26-09:27:49  ... thread 3: (2000,652000) ops and (1212.0,16229.3) ops/second in (1.650107,40.174336) seconds
2026/05/26-09:27:50  ... thread 1: (3000,658000) ops and (2928.6,16295.3) ops/second in (1.024392,40.379675) seconds
2026/05/26-09:27:50  ... thread 0: (1000,655000) ops and (851.5,16173.5) ops/second in (1.174369,40.498398) seconds
2026/05/26-09:27:50  ... thread 2: (3000,668000) ops and (1780.0,16486.8) ops/second in (1.685407,40.517236) seconds
2026/05/26-09:27:51  ... thread 3: (2000,654000) ops and (1289.1,15673.8) ops/second in (1.551449,41.725785) seconds
2026/05/26-09:27:51  ... thread 2: (3000,671000) ops and (2319.6,16048.6) ops/second in (1.293354,41.810590) seconds
2026/05/26-09:27:51  ... thread 1: (2000,660000) ops and (1253.1,15723.4) ops/second in (1.596101,41.975776) seconds
2026/05/26-09:27:51  ... thread 0: (2000,657000) ops and (1189.7,15576.3) ops/second in (1.681127,42.179525) seconds
2026/05/26-09:27:52  ... thread 3: (2000,656000) ops and (1765.4,15306.1) ops/second in (1.132917,42.858702) seconds
2026/05/26-09:27:52  ... thread 1: (1000,661000) ops and (971.1,15370.1) ops/second in (1.029771,43.005547) seconds
2026/05/26-09:27:52  ... thread 0: (3000,660000) ops and (2970.7,15281.5) ops/second in (1.009856,43.189381) seconds
2026/05/26-09:27:53  ... thread 2: (2000,673000) ops and (1275.6,15514.6) ops/second in (1.567924,43.378514) seconds
2026/05/26-09:27:53  ... thread 1: (2000,663000) ops and (1630.6,14989.1) ops/second in (1.226574,44.232121) seconds
2026/05/26-09:27:54  ... thread 0: (3000,663000) ops and (2043.4,14846.3) ops/second in (1.468170,44.657551) seconds
2026/05/26-09:27:54  ... thread 3: (3000,659000) ops and (1496.9,14689.2) ops/second in (2.004086,44.862788) seconds
2026/05/26-09:27:54  ... thread 2: (2000,675000) ops and (1341.1,15043.5) ops/second in (1.491362,44.869876) seconds
2026/05/26-09:27:55  ... thread 1: (2000,665000) ops and (1715.0,14648.1) ops/second in (1.166185,45.398306) seconds
2026/05/26-09:27:56  ... thread 0: (1000,664000) ops and (612.0,14343.9) ops/second in (1.634003,46.291554) seconds
2026/05/26-09:27:56  ... thread 2: (3000,678000) ops and (1943.5,14607.8) ops/second in (1.543637,46.413513) seconds
2026/05/26-09:27:56  ... thread 1: (3000,668000) ops and (2162.9,14278.0) ops/second in (1.387048,46.785354) seconds
2026/05/26-09:27:56  ... thread 3: (3000,662000) ops and (1550.8,14146.1) ops/second in (1.934459,46.797247) seconds
2026/05/26-09:27:57  ... thread 0: (2000,666000) ops and (1275.9,13915.9) ops/second in (1.567499,47.859053) seconds
2026/05/26-09:27:58  ... thread 1: (1000,669000) ops and (655.1,13847.6) ops/second in (1.526432,48.311786) seconds
2026/05/26-09:27:58  ... thread 2: (4000,682000) ops and (2041.2,14098.7) ops/second in (1.959666,48.373179) seconds
2026/05/26-09:27:58  ... thread 0: (1000,667000) ops and (776.7,13571.6) ops/second in (1.287579,49.146632) seconds
2026/05/26-09:27:58  ... thread 3: (2000,664000) ops and (835.3,13498.3) ops/second in (2.394314,49.191561) seconds
2026/05/26-09:27:59  ... thread 1: (2000,671000) ops and (1871.9,13588.4) ops/second in (1.068410,49.380196) seconds
2026/05/26-09:28:00  ... thread 0: (2000,669000) ops and (1628.5,13280.5) ops/second in (1.228127,50.374759) seconds
2026/05/26-09:28:00  ... thread 2: (2000,684000) ops and (892.1,13513.8) ops/second in (2.241796,50.614975) seconds
2026/05/26-09:28:00  ... thread 3: (1000,665000) ops and (569.6,13052.7) ops/second in (1.755644,50.947205) seconds
2026/05/26-09:28:01  ... thread 1: (2000,673000) ops and (1059.2,13127.0) ops/second in (1.888231,51.268427) seconds
2026/05/26-09:28:01  ... thread 0: (1000,670000) ops and (942.1,13025.8) ops/second in (1.061512,51.436271) seconds
2026/05/26-09:28:02  ... thread 2: (2000,686000) ops and (982.1,13029.1) ops/second in (2.036445,52.651420) seconds
2026/05/26-09:28:02  ... thread 0: (3000,673000) ops and (1920.9,12698.6) ops/second in (1.561738,52.998009) seconds
2026/05/26-09:28:02  ... thread 3: (2000,667000) ops and (968.0,12581.7) ops/second in (2.066150,53.013355) seconds
2026/05/26-09:28:03  ... thread 1: (1000,674000) ops and (465.5,12617.8) ops/second in (2.148227,53.416654) seconds
2026/05/26-09:28:03  ... thread 2: (1000,687000) ops and (951.0,12792.6) ops/second in (1.051486,53.702906) seconds
2026/05/26-09:28:04  ... thread 0: (1000,674000) ops and (730.8,12397.4) ops/second in (1.368296,54.366305) seconds
2026/05/26-09:28:04  ... thread 3: (3000,670000) ops and (1711.7,12233.9) ops/second in (1.752673,54.766028) seconds
2026/05/26-09:28:04  ... thread 1: (1000,675000) ops and (584.1,12244.1) ops/second in (1.712138,55.128792) seconds
2026/05/26-09:28:05  ... thread 2: (2000,689000) ops and (1293.4,12470.8) ops/second in (1.546277,55.249183) seconds
2026/05/26-09:28:05  ... thread 0: (1000,675000) ops and (962.1,12182.9) ops/second in (1.039358,55.405663) seconds
2026/05/26-09:28:06  ... thread 3: (2000,672000) ops and (1261.2,11925.1) ops/second in (1.585802,56.351830) seconds
2026/05/26-09:28:06  ... thread 0: (2000,677000) ops and (1252.2,11876.6) ops/second in (1.597247,57.002910) seconds
2026/05/26-09:28:06  ... thread 2: (2000,691000) ops and (1092.7,12105.9) ops/second in (1.830247,57.079430) seconds
2026/05/26-09:28:06  ... thread 1: (1000,676000) ops and (512.4,11842.9) ops/second in (1.951636,57.080428) seconds
2026/05/26-09:28:07  ... thread 3: (9000,681000) ops and (8949.3,11872.9) ops/second in (1.005667,57.357497) seconds
2026/05/26-09:28:07  ... thread 0: (26000,703000) ops and (25698.7,12117.6) ops/second in (1.011725,58.014635) seconds
2026/05/26-09:28:07  ... thread 1: (30000,706000) ops and (29403.3,12151.3) ops/second in (1.020293,58.100721) seconds
2026/05/26-09:28:07  ... thread 2: (30000,721000) ops and (29236.7,12408.5) ops/second in (1.026106,58.105536) seconds
2026/05/26-09:28:08  ... thread 3: (28000,709000) ops and (24524.1,12119.8) ops/second in (1.141735,58.499232) seconds
2026/05/26-09:28:08  ... thread 0: (24000,727000) ops and (22907.0,12309.0) ops/second in (1.047713,59.062348) seconds
2026/05/26-09:28:08  ... thread 1: (24000,730000) ops and (23541.3,12347.7) ops/second in (1.019487,59.120208) seconds
2026/05/26-09:28:08  ... thread 2: (23000,744000) ops and (22425.2,12582.2) ops/second in (1.025630,59.131166) seconds
2026/05/26-09:28:09  ... thread 3: (25000,734000) ops and (24464.7,12331.8) ops/second in (1.021879,59.521111) seconds
2026/05/26-09:28:09  ... thread 0: (30000,757000) ops and (29539.7,12600.3) ops/second in (1.015583,60.077931) seconds
2026/05/26-09:28:09  ... thread 1: (29000,759000) ops and (28407.9,12620.3) ops/second in (1.020842,60.141050) seconds
2026/05/26-09:28:09  ... thread 2: (33000,777000) ops and (32473.8,12918.3) ops/second in (1.016205,60.147371) seconds
2026/05/26-09:28:10  ... thread 3: (20000,754000) ops and (18118.9,12437.1) ops/second in (1.103818,60.624929) seconds
2026/05/26-09:28:10  ... thread 1: (15000,774000) ops and (13977.4,12644.1) ops/second in (1.073163,61.214213) seconds
2026/05/26-09:28:10  ... thread 0: (17000,774000) ops and (14824.1,12642.0) ops/second in (1.146782,61.224713) seconds
2026/05/26-09:28:11  ... thread 2: (17000,794000) ops and (15399.8,12963.0) ops/second in (1.103910,61.251281) seconds
2026/05/26-09:28:11  ... thread 3: (33000,787000) ops and (27068.9,12725.6) ops/second in (1.219111,61.844040) seconds
2026/05/26-09:28:11  ... thread 1: (29000,803000) ops and (28808.6,12905.6) ops/second in (1.006644,62.220857) seconds
2026/05/26-09:28:11  ... thread 0: (28000,802000) ops and (27597.0,12885.7) ops/second in (1.014604,62.239317) seconds
2026/05/26-09:28:12  ... thread 2: (26000,820000) ops and (25967.7,13172.2) ops/second in (1.001242,62.252523) seconds
2026/05/26-09:28:12  ... thread 3: (28000,815000) ops and (25433.5,12947.8) ops/second in (1.100912,62.944952) seconds
2026/05/26-09:28:12  ... thread 1: (34000,837000) ops and (33541.9,13236.4) ops/second in (1.013657,63.234514) seconds
2026/05/26-09:28:13  ... thread 2: (34000,854000) ops and (33528.2,13498.4) ops/second in (1.014072,63.266595) seconds
2026/05/26-09:28:13  ... thread 0: (31000,833000) ops and (30205.9,13166.7) ops/second in (1.026288,63.265605) seconds
2026/05/26-09:28:13  ... thread 3: (14000,829000) ops and (13960.8,12963.7) ops/second in (1.002806,63.947758) seconds
2026/05/26-09:28:13  ... thread 1: (12000,849000) ops and (11970.2,13216.7) ops/second in (1.002490,64.237004) seconds
2026/05/26-09:28:14  ... thread 0: (12000,845000) ops and (11983.7,13148.3) ops/second in (1.001360,64.266965) seconds
2026/05/26-09:28:14  ... thread 2: (12000,866000) ops and (11826.9,13472.0) ops/second in (1.014640,64.281235) seconds
2026/05/26-09:28:15  ... thread 3: (16000,845000) ops and (10225.3,12898.3) ops/second in (1.564751,65.512509) seconds
2026/05/26-09:28:15  ... thread 2: (7000,873000) ops and (5350.0,13310.0) ops/second in (1.308419,65.589654) seconds
2026/05/26-09:28:15  ... thread 0: (7000,852000) ops and (4366.1,12934.5) ops/second in (1.603245,65.870210) seconds
2026/05/26-09:28:16  ... thread 1: (8000,857000) ops and (3250.4,12848.9) ops/second in (2.461269,66.698273) seconds
2026/05/26-09:28:17  ... thread 3: (1000,846000) ops and (554.0,12567.3) ops/second in (1.804957,67.317466) seconds
2026/05/26-09:28:17  ... thread 0: (3000,855000) ops and (1893.5,12675.2) ops/second in (1.584361,67.454571) seconds
2026/05/26-09:28:17  ... thread 1: (1000,858000) ops and (835.4,12637.1) ops/second in (1.196984,67.895257) seconds
2026/05/26-09:28:17  ... thread 2: (2000,875000) ops and (758.3,12824.8) ops/second in (2.637423,68.227077) seconds
2026/05/26-09:28:18  ... thread 3: (2000,848000) ops and (1403.4,12335.9) ops/second in (1.425155,68.742621) seconds
2026/05/26-09:28:18  ... thread 0: (1000,856000) ops and (704.6,12428.5) ops/second in (1.419264,68.873835) seconds
2026/05/26-09:28:19  ... thread 1: (2000,860000) ops and (1232.1,12370.8) ops/second in (1.623218,69.518475) seconds
2026/05/26-09:28:19  ... thread 0: (2000,858000) ops and (1508.9,12222.3) ops/second in (1.325452,70.199287) seconds
2026/05/26-09:28:19  ... thread 2: (1000,876000) ops and (495.0,12470.3) ops/second in (2.020029,70.247106) seconds
2026/05/26-09:28:20  ... thread 3: (1000,849000) ops and (660.7,12084.3) ops/second in (1.513602,70.256223) seconds
2026/05/26-09:28:20  ... thread 1: (2000,862000) ops and (1262.2,12123.3) ops/second in (1.584537,71.103012) seconds
2026/05/26-09:28:21  ... thread 0: (1000,859000) ops and (838.6,12032.2) ops/second in (1.192437,71.391724) seconds
2026/05/26-09:28:21  ... thread 2: (2000,878000) ops and (1424.2,12253.8) ops/second in (1.404267,71.651373) seconds
2026/05/26-09:28:21  ... thread 1: (1000,863000) ops and (886.0,11947.7) ops/second in (1.128639,72.231651) seconds
2026/05/26-09:28:22  ... thread 0: (1000,860000) ops and (947.2,11870.7) ops/second in (1.055701,72.447425) seconds
2026/05/26-09:28:22  ... thread 3: (1000,850000) ops and (352.7,11629.3) ops/second in (2.834939,73.091162) seconds
2026/05/26-09:28:23  ... thread 2: (2000,880000) ops and (1024.5,11955.9) ops/second in (1.952148,73.603521) seconds
2026/05/26-09:28:23  ... thread 0: (1000,861000) ops and (852.0,11695.0) ops/second in (1.173746,73.621171) seconds
2026/05/26-09:28:23  ... thread 1: (2000,865000) ops and (1351.1,11734.9) ops/second in (1.480251,73.711902) seconds
2026/05/26-09:28:23  ... thread 3: (1000,851000) ops and (873.3,11463.4) ops/second in (1.145101,74.236263) seconds
2026/05/26-09:28:24  ... thread 0: (1000,862000) ops and (768.6,11505.3) ops/second in (1.301118,74.922289) seconds
2026/05/26-09:28:24  ... thread 1: (2000,867000) ops and (1516.7,11555.3) ops/second in (1.318629,75.030531) seconds
2026/05/26-09:28:25  ... thread 2: (1000,881000) ops and (607.7,11707.8) ops/second in (1.645433,75.248954) seconds
2026/05/26-09:28:25  ... thread 3: (1000,852000) ops and (927.0,11312.5) ops/second in (1.078806,75.315069) seconds
2026/05/26-09:28:25  ... thread 1: (1000,868000) ops and (914.1,11402.4) ops/second in (1.093950,76.124481) seconds
2026/05/26-09:28:26  ... thread 0: (1000,863000) ops and (716.3,11307.9) ops/second in (1.396021,76.318310) seconds
2026/05/26-09:28:26  ... thread 3: (2000,854000) ops and (1036.9,11055.9) ops/second in (1.928750,77.243819) seconds
2026/05/26-09:28:27  ... thread 1: (1000,869000) ops and (783.5,11227.3) ops/second in (1.276354,77.400835) seconds
2026/05/26-09:28:27  ... thread 0: (1000,864000) ops and (870.1,11153.0) ops/second in (1.149326,77.467636) seconds
2026/05/26-09:28:27  ... thread 2: (2000,883000) ops and (843.0,11375.7) ops/second in (2.372341,77.621295) seconds
2026/05/26-09:28:28  ... thread 3: (2000,856000) ops and (1201.1,10847.9) ops/second in (1.665161,78.908980) seconds
2026/05/26-09:28:29  ... thread 1: (1000,870000) ops and (476.0,10943.1) ops/second in (2.100992,79.501827) seconds
2026/05/26-09:28:29  ... thread 2: (2000,885000) ops and (999.2,11114.9) ops/second in (2.001631,79.622926) seconds
2026/05/26-09:28:29  ... thread 0: (2000,866000) ops and (901.5,10867.6) ops/second in (2.218490,79.686126) seconds
2026/05/26-09:28:29  ... thread 3: (10000,866000) ops and (9831.7,10835.0) ops/second in (1.017123,79.926103) seconds
2026/05/26-09:28:30  ... thread 1: (21000,891000) ops and (20444.3,11064.3) ops/second in (1.027179,80.529006) seconds
2026/05/26-09:28:30  ... thread 2: (29000,914000) ops and (28053.5,11332.0) ops/second in (1.033739,80.656665) seconds
2026/05/26-09:28:30  ... thread 0: (30000,896000) ops and (29134.9,11100.7) ops/second in (1.029692,80.715818) seconds
2026/05/26-09:28:30  ... thread 3: (24000,890000) ops and (22967.3,10991.6) ops/second in (1.044963,80.971066) seconds
2026/05/26-09:28:31  ... thread 1: (29000,920000) ops and (28164.1,11280.2) ops/second in (1.029679,81.558685) seconds
2026/05/26-09:28:31  ... thread 2: (27000,941000) ops and (26821.1,11522.9) ops/second in (1.006669,81.663334) seconds
2026/05/26-09:28:31  ... thread 0: (26000,922000) ops and (25581.5,11280.7) ops/second in (1.016359,81.732177) seconds
2026/05/26-09:28:32  ... thread 3: (30000,920000) ops and (20779.9,11163.0) ops/second in (1.443703,82.414769) seconds
2026/05/26-09:28:32  ... thread 1: (20000,940000) ops and (19667.8,11383.5) ops/second in (1.016893,82.575578) seconds
2026/05/26-09:28:32  ... thread 2: (18000,959000) ops and (17564.3,11597.8) ops/second in (1.024805,82.688139) seconds
2026/05/26-09:28:32  ... thread 0: (18000,940000) ops and (17904.5,11361.2) ops/second in (1.005333,82.737510) seconds
2026/05/26-09:28:33  ... thread 3: (34000,954000) ops and (29756.2,11417.3) ops/second in (1.142618,83.557387) seconds
2026/05/26-09:28:33  ... thread 1: (28000,968000) ops and (27639.0,11580.5) ops/second in (1.013061,83.588639) seconds
2026/05/26-09:28:33  ... thread 2: (29000,988000) ops and (28602.7,11803.8) ops/second in (1.013891,83.702030) seconds
2026/05/26-09:28:33  ... thread 0: (30000,970000) ops and (29379.4,11580.9) ops/second in (1.021124,83.758634) seconds
2026/05/26-09:28:34  ... thread 0: (23000,993000) ops and (22278.3,11711.1) ops/second in (1.032397,84.791031) seconds
2026/05/26-09:28:34  ... thread 3: (28000,982000) ops and (17174.4,11527.5) ops/second in (1.630336,85.187723) seconds
2026/05/26-09:28:35  ... thread 1: (29000,997000) ops and (14972.4,11657.3) ops/second in (1.936894,85.525533) seconds
2026/05/26-09:28:35  ... thread 2: (26000,1014000) ops and (11097.4,11784.5) ops/second in (2.342897,86.044927) seconds
2026/05/26-09:28:35  ... thread 0: (2000,995000) ops and (1448.5,11546.7) ops/second in (1.380709,86.171740) seconds
2026/05/26-09:28:36  ... thread 3: (2000,984000) ops and (1540.0,11377.5) ops/second in (1.298716,86.486439) seconds
2026/05/26-09:28:37  ... thread 1: (1000,998000) ops and (544.0,11423.5) ops/second in (1.838301,87.363834) seconds
2026/05/26-09:28:37  ... thread 0: (1000,996000) ops and (793.8,11391.8) ops/second in (1.259761,87.431501) seconds
2026/05/26-09:28:37  ... thread 3: (2000,986000) ops and (1531.6,11231.1) ops/second in (1.305815,87.792254) seconds
2026/05/26-09:28:37  ... thread 2: (2000,1016000) ops and (1106.9,11564.9) ops/second in (1.806817,87.851744) seconds
2026/05/26-09:28:38  ... thread 0: (1000,997000) ops and (919.7,11263.1) ops/second in (1.087276,88.518777) seconds
2026/05/26-09:28:39  ... thread 1: (1000,999000) ops and (449.9,11151.2) ops/second in (2.222710,89.586544) seconds
2026/05/26-09:28:39  ... thread 0: (3000,1000000) ops and (2511.5,11146.6) ops/second in (1.194526,89.713303) seconds
2026/05/26-09:28:39  ... thread 3: (2000,988000) ops and (978.0,10997.7) ops/second in (2.045051,89.837305) seconds
2026/05/26-09:28:40  ... thread 2: (2000,1018000) ops and (750.8,11246.7) ops/second in (2.663994,90.515738) seconds
2026/05/26-09:28:40  ... thread 1: (1000,1000000) ops and (883.5,11023.1) ops/second in (1.131817,90.718361) seconds
2026/05/26-09:28:40  ... thread 0: (1000,1001000) ops and (933.7,11026.1) ops/second in (1.070958,90.784261) seconds
2026/05/26-09:28:41  ... thread 2: (1000,1019000) ops and (968.8,11130.8) ops/second in (1.032169,91.547907) seconds
2026/05/26-09:28:41  ... thread 3: (2000,990000) ops and (1153.0,10811.2) ops/second in (1.734586,91.571891) seconds
2026/05/26-09:28:41  ... thread 1: (2000,1002000) ops and (1531.9,10888.5) ops/second in (1.305557,92.023918) seconds
2026/05/26-09:28:42  ... thread 0: (1000,1002000) ops and (584.8,10833.1) ops/second in (1.710104,92.494365) seconds
2026/05/26-09:28:42  ... thread 2: (1000,1020000) ops and (938.8,11013.6) ops/second in (1.065155,92.613062) seconds
2026/05/26-09:28:42  ... thread 3: (2000,992000) ops and (1422.3,10669.2) ops/second in (1.406143,92.978034) seconds
2026/05/26-09:28:42  ... thread 1: (1000,1003000) ops and (995.3,10781.6) ops/second in (1.004754,93.028672) seconds
2026/05/26-09:28:43  ... thread 0: (1000,1003000) ops and (827.3,10704.0) ops/second in (1.208779,93.703144) seconds
2026/05/26-09:28:43  ... thread 2: (1000,1021000) ops and (627.5,10837.9) ops/second in (1.593623,94.206685) seconds
2026/05/26-09:28:44  ... thread 1: (2000,1005000) ops and (1520.7,10652.5) ops/second in (1.315160,94.343832) seconds
2026/05/26-09:28:44  ... thread 3: (1000,993000) ops and (611.3,10495.3) ops/second in (1.635856,94.613890) seconds
2026/05/26-09:28:44  ... thread 0: (2000,1005000) ops and (1553.3,10580.0) ops/second in (1.287593,94.990737) seconds
2026/05/26-09:28:45  ... thread 1: (1000,1006000) ops and (924.5,10542.3) ops/second in (1.081710,95.425542) seconds
2026/05/26-09:28:45  ... thread 3: (1000,994000) ops and (914.6,10385.8) ops/second in (1.093412,95.707302) seconds
2026/05/26-09:28:45  ... thread 2: (2000,1023000) ops and (1243.4,10676.8) ops/second in (1.608538,95.815223) seconds
2026/05/26-09:28:46  ... thread 0: (1000,1006000) ops and (696.0,10432.7) ops/second in (1.436704,96.427441) seconds
2026/05/26-09:28:46  ... thread 3: (1000,995000) ops and (846.1,10269.5) ops/second in (1.181870,96.889172) seconds
2026/05/26-09:28:47  ... thread 1: (2000,1008000) ops and (999.1,10346.2) ops/second in (2.001811,97.427353) seconds
2026/05/26-09:28:47  ... thread 2: (2000,1025000) ops and (1144.1,10506.0) ops/second in (1.748140,97.563363) seconds
2026/05/26-09:28:47  ... thread 0: (1000,1007000) ops and (651.0,10279.3) ops/second in (1.536208,97.963649) seconds
2026/05/26-09:28:48  ... thread 3: (2000,997000) ops and (1017.2,10085.4) ops/second in (1.966164,98.855336) seconds
2026/05/26-09:28:49  ... thread 2: (1000,1026000) ops and (580.3,10333.7) ops/second in (1.723116,99.286479) seconds
2026/05/26-09:28:49  ... thread 1: (3000,1011000) ops and (1468.1,10163.8) ops/second in (2.043439,99.470792) seconds
2026/05/26-09:28:49  ... thread 0: (2000,1009000) ops and (1264.7,10136.1) ops/second in (1.581380,99.545029) seconds
2026/05/26-09:28:50  ... thread 3: (2000,999000) ops and (954.1,9895.8) ops/second in (2.096136,100.951472) seconds
2026/05/26-09:28:50  ... thread 2: (1000,1027000) ops and (545.4,10156.3) ops/second in (1.833515,101.119994) seconds
2026/05/26-09:28:51  ... thread 0: (2000,1011000) ops and (945.5,9944.9) ops/second in (2.115281,101.660310) seconds
2026/05/26-09:28:52  ... thread 2: (1000,1028000) ops and (769.7,10037.2) ops/second in (1.299206,102.419200) seconds
2026/05/26-09:28:52  ... thread 1: (2000,1013000) ops and (616.8,9862.4) ops/second in (3.242336,102.713128) seconds
2026/05/26-09:28:53  ... thread 0: (1000,1012000) ops and (604.5,9795.3) ops/second in (1.654262,103.314572) seconds
2026/05/26-09:28:53  ... thread 3: (2000,1001000) ops and (738.3,9656.5) ops/second in (2.708895,103.660367) seconds
2026/05/26-09:28:53  ... thread 2: (1000,1029000) ops and (606.6,9887.8) ops/second in (1.648420,104.067620) seconds
2026/05/26-09:28:54  ... thread 1: (1000,1014000) ops and (444.5,9660.6) ops/second in (2.249568,104.962696) seconds
2026/05/26-09:28:54  ... thread 0: (1000,1013000) ops and (535.1,9630.8) ops/second in (1.868837,105.183409) seconds
2026/05/26-09:28:55  ... thread 2: (1000,1030000) ops and (639.4,9750.9) ops/second in (1.563996,105.631616) seconds
2026/05/26-09:28:55  ... thread 3: (2000,1003000) ops and (1003.5,9493.3) ops/second in (1.993064,105.653431) seconds
2026/05/26-09:28:55  ... thread 1: (13000,1027000) ops and (12724.9,9690.1) ops/second in (1.021621,105.984317) seconds
2026/05/26-09:28:55  ... thread 0: (22000,1035000) ops and (21736.1,9746.2) ops/second in (1.012141,106.195550) seconds
2026/05/26-09:28:56  ... thread 3: (32000,1035000) ops and (31964.6,9704.2) ops/second in (1.001109,106.654540) seconds
2026/05/26-09:28:56  ... thread 2: (31000,1061000) ops and (29867.5,9946.6) ops/second in (1.037917,106.669533) seconds
2026/05/26-09:28:56  ... thread 1: (33000,1060000) ops and (30133.4,9899.2) ops/second in (1.095132,107.079449) seconds
2026/05/26-09:28:56  ... thread 0: (29000,1064000) ops and (28713.2,9924.9) ops/second in (1.009990,107.205540) seconds
2026/05/26-09:28:57  ... thread 2: (25000,1086000) ops and (18074.7,10050.7) ops/second in (1.383151,108.052684) seconds
2026/05/26-09:28:57  ... thread 3: (24000,1059000) ops and (16720.4,9797.4) ops/second in (1.435375,108.089915) seconds
2026/05/26-09:28:57  ... thread 1: (17000,1077000) ops and (16353.9,9961.3) ops/second in (1.039508,108.118957) seconds
2026/05/26-09:28:57  ... thread 0: (17000,1081000) ops and (16689.0,9988.5) ops/second in (1.018638,108.224178) seconds
2026/05/26-09:28:58  ... thread 2: (30000,1116000) ops and (29525.7,10232.1) ops/second in (1.016065,109.068749) seconds
2026/05/26-09:28:58  ... thread 3: (29000,1088000) ops and (26584.4,9965.1) ops/second in (1.090864,109.180779) seconds
2026/05/26-09:28:58  ... thread 1: (28000,1105000) ops and (26072.2,10119.7) ops/second in (1.073940,109.192897) seconds
2026/05/26-09:28:59  ... thread 0: (32000,1113000) ops and (30796.0,10186.4) ops/second in (1.039097,109.263275) seconds
2026/05/26-09:28:59  ... thread 2: (30000,1146000) ops and (29734.2,10410.8) ops/second in (1.008940,110.077689) seconds
2026/05/26-09:28:59  ... thread 1: (31000,1136000) ops and (30266.0,10306.9) ops/second in (1.024251,110.217148) seconds
2026/05/26-09:28:59  ... thread 3: (33000,1121000) ops and (31607.3,10170.1) ops/second in (1.044061,110.224840) seconds
2026/05/26-09:29:00  ... thread 0: (30000,1143000) ops and (29410.8,10364.2) ops/second in (1.020032,110.283307) seconds
2026/05/26-09:29:00  ... thread 2: (30000,1176000) ops and (29996.7,10587.2) ops/second in (1.000110,111.077799) seconds
2026/05/26-09:29:01  ... thread 1: (30000,1166000) ops and (28122.6,10477.7) ops/second in (1.066758,111.283906) seconds
2026/05/26-09:29:01  ... thread 3: (31000,1152000) ops and (29036.9,10351.1) ops/second in (1.067608,111.292448) seconds
2026/05/26-09:29:01  ... thread 0: (32000,1175000) ops and (31731.0,10557.8) ops/second in (1.008477,111.291784) seconds
2026/05/26-09:29:02  ... thread 2: (16000,1192000) ops and (8090.3,10543.5) ops/second in (1.977678,113.055477) seconds
2026/05/26-09:29:02  ... thread 0: (16000,1191000) ops and (8205.3,10517.3) ops/second in (1.949957,113.241741) seconds
2026/05/26-09:29:03  ... thread 3: (16000,1168000) ops and (7741.6,10303.5) ops/second in (2.066755,113.359203) seconds
2026/05/26-09:29:03  ... thread 1: (17000,1183000) ops and (6953.3,10401.9) ops/second in (2.444880,113.728786) seconds
2026/05/26-09:29:04  ... thread 2: (1000,1193000) ops and (706.1,10421.8) ops/second in (1.416226,114.471703) seconds
2026/05/26-09:29:04  ... thread 3: (1000,1169000) ops and (753.0,10192.9) ops/second in (1.328010,114.687213) seconds
2026/05/26-09:29:04  ... thread 1: (1000,1184000) ops and (760.8,10291.8) ops/second in (1.314354,115.043140) seconds
2026/05/26-09:29:05  ... thread 0: (2000,1193000) ops and (794.6,10305.9) ops/second in (2.516977,115.758718) seconds
2026/05/26-09:29:05  ... thread 2: (1000,1194000) ops and (743.5,10309.4) ops/second in (1.345056,115.816759) seconds
2026/05/26-09:29:06  ... thread 3: (1000,1170000) ops and (618.5,10059.8) ops/second in (1.616806,116.304019) seconds
2026/05/26-09:29:06  ... thread 0: (1000,1194000) ops and (740.0,10195.5) ops/second in (1.351266,117.109984) seconds
2026/05/26-09:29:07  ... thread 1: (2000,1186000) ops and (843.0,10100.9) ops/second in (2.372376,117.415516) seconds
2026/05/26-09:29:07  ... thread 2: (1000,1195000) ops and (582.4,10167.3) ops/second in (1.716984,117.533743) seconds
2026/05/26-09:29:07  ... thread 3: (1000,1171000) ops and (696.7,9945.7) ops/second in (1.435415,117.739434) seconds
2026/05/26-09:29:08  ... thread 2: (1000,1196000) ops and (741.5,10060.4) ops/second in (1.348645,118.882388) seconds
2026/05/26-09:29:09  ... thread 1: (2000,1188000) ops and (955.1,9940.6) ops/second in (2.094001,119.509517) seconds
2026/05/26-09:29:09  ... thread 3: (1000,1172000) ops and (493.2,9785.7) ops/second in (2.027643,119.767077) seconds
2026/05/26-09:29:09  ... thread 0: (2000,1196000) ops and (711.8,9973.3) ops/second in (2.809879,119.919863) seconds
2026/05/26-09:29:10  ... thread 2: (2000,1198000) ops and (971.8,9905.7) ops/second in (2.057975,120.940363) seconds
2026/05/26-09:29:10  ... thread 1: (1000,1189000) ops and (617.6,9816.0) ops/second in (1.619183,121.128700) seconds
2026/05/26-09:29:11  ... thread 0: (1000,1197000) ops and (511.4,9821.5) ops/second in (1.955277,121.875140) seconds
2026/05/26-09:29:11  ... thread 1: (1000,1190000) ops and (910.8,9736.0) ops/second in (1.097892,122.226592) seconds
2026/05/26-09:29:12  ... thread 3: (2000,1174000) ops and (711.7,9577.6) ops/second in (2.810299,122.577376) seconds
2026/05/26-09:29:12  ... thread 2: (2000,1200000) ops and (1123.6,9778.3) ops/second in (1.780017,122.720380) seconds
2026/05/26-09:29:13  ... thread 1: (1000,1191000) ops and (716.1,9634.1) ops/second in (1.396414,123.623006) seconds
2026/05/26-09:29:13  ... thread 3: (1000,1175000) ops and (846.2,9494.3) ops/second in (1.181701,123.759077) seconds
2026/05/26-09:29:13  ... thread 0: (1000,1198000) ops and (506.9,9673.2) ops/second in (1.972719,123.847859) seconds
2026/05/26-09:29:13  ... thread 2: (1000,1201000) ops and (688.2,9671.9) ops/second in (1.453139,124.173519) seconds
2026/05/26-09:29:14  ... thread 1: (1000,1192000) ops and (658.7,9525.3) ops/second in (1.518030,125.141036) seconds
2026/05/26-09:29:15  ... thread 0: (1000,1199000) ops and (694.6,9570.0) ops/second in (1.439601,125.287460) seconds
2026/05/26-09:29:15  ... thread 3: (1000,1176000) ops and (418.9,9322.5) ops/second in (2.387119,126.146196) seconds
2026/05/26-09:29:16  ... thread 2: (2000,1203000) ops and (886.1,9515.1) ops/second in (2.257038,126.430557) seconds
2026/05/26-09:29:16  ... thread 1: (1000,1193000) ops and (619.4,9411.8) ops/second in (1.614517,126.755553) seconds
2026/05/26-09:29:17  ... thread 3: (1000,1177000) ops and (807.3,9239.7) ops/second in (1.238632,127.384828) seconds
2026/05/26-09:29:17  ... thread 0: (2000,1201000) ops and (829.9,9405.0) ops/second in (2.410016,127.697476) seconds
2026/05/26-09:29:17  ... thread 2: (1000,1204000) ops and (590.8,9397.2) ops/second in (1.692750,128.123307) seconds
2026/05/26-09:29:18  ... thread 3: (2000,1179000) ops and (1618.4,9166.5) ops/second in (1.235756,128.620584) seconds
2026/05/26-09:29:19  ... thread 2: (1000,1205000) ops and (840.6,9318.5) ops/second in (1.189595,129.312902) seconds
2026/05/26-09:29:19  ... thread 0: (1000,1202000) ops and (609.5,9293.5) ops/second in (1.640618,129.338094) seconds
2026/05/26-09:29:19  ... thread 1: (2000,1195000) ops and (666.2,9209.5) ops/second in (3.002003,129.757556) seconds
2026/05/26-09:29:20  ... thread 2: (1000,1206000) ops and (624.6,9212.2) ops/second in (1.600964,130.913866) seconds
2026/05/26-09:29:20  ... thread 3: (1000,1180000) ops and (428.6,9010.8) ops/second in (2.332947,130.953531) seconds
2026/05/26-09:29:21  ... thread 1: (2000,1197000) ops and (1123.2,9100.0) ops/second in (1.780674,131.538230) seconds
2026/05/26-09:29:21  ... thread 0: (2000,1204000) ops and (865.8,9145.6) ops/second in (2.309956,131.648050) seconds
2026/05/26-09:29:21  ... thread 2: (1000,1207000) ops and (812.1,9133.9) ops/second in (1.231445,132.145311) seconds
2026/05/26-09:29:22  ... thread 0: (1000,1205000) ops and (791.4,9066.2) ops/second in (1.263632,132.911682) seconds
2026/05/26-09:29:23  ... thread 1: (1000,1198000) ops and (542.0,8981.6) ops/second in (1.844909,133.383139) seconds
2026/05/26-09:29:23  ... thread 3: (1000,1181000) ops and (346.8,8824.2) ops/second in (2.883510,133.837041) seconds
2026/05/26-09:29:23  ... thread 2: (2000,1209000) ops and (997.4,9012.3) ops/second in (2.005211,134.150522) seconds
2026/05/26-09:29:24  ... thread 0: (1000,1206000) ops and (505.6,8940.6) ops/second in (1.977872,134.889554) seconds
2026/05/26-09:29:25  ... thread 1: (1000,1199000) ops and (451.2,8842.2) ops/second in (2.216368,135.599507) seconds
2026/05/26-09:29:25  ... thread 2: (1000,1210000) ops and (631.6,8914.5) ops/second in (1.583233,135.733755) seconds
2026/05/26-09:29:26  ... thread 3: (1000,1182000) ops and (342.7,8643.2) ops/second in (2.918388,136.755429) seconds
2026/05/26-09:29:27  ... thread 2: (1000,1211000) ops and (570.4,8808.1) ops/second in (1.753103,137.486858) seconds
2026/05/26-09:29:27  ... thread 1: (1000,1200000) ops and (492.1,8718.9) ops/second in (2.032214,137.631721) seconds
2026/05/26-09:29:27  ... thread 3: (1000,1183000) ops and (847.9,8576.5) ops/second in (1.179360,137.934789) seconds
2026/05/26-09:29:27  ... thread 0: (1000,1207000) ops and (316.8,8743.5) ops/second in (3.156527,138.046081) seconds
2026/05/26-09:29:29  ... thread 1: (1000,1201000) ops and (488.8,8598.4) ops/second in (2.046000,139.677721) seconds
2026/05/26-09:29:29  ... thread 0: (1000,1208000) ops and (513.2,8628.9) ops/second in (1.948578,139.994659) seconds
2026/05/26-09:29:29  ... thread 2: (1000,1212000) ops and (389.9,8653.9) ops/second in (2.564835,140.051693) seconds
2026/05/26-09:29:30  ... thread 3: (1000,1184000) ops and (411.4,8435.1) ops/second in (2.430630,140.365419) seconds
2026/05/26-09:29:31  ... thread 2: (1000,1213000) ops and (815.0,8585.9) ops/second in (1.226982,141.278675) seconds
2026/05/26-09:29:31  ... thread 1: (1000,1202000) ops and (624.2,8507.9) ops/second in (1.601929,141.279650) seconds
2026/05/26-09:29:31  ... thread 0: (1000,1209000) ops and (778.2,8557.5) ops/second in (1.285086,141.279745) seconds
2026/05/26-09:29:31  ... thread 3: (4000,1188000) ops and (3930.2,8402.7) ops/second in (1.017751,141.383170) seconds
2026/05/26-09:29:32  ... thread 2: (30000,1243000) ops and (29993.8,8736.4) ops/second in (1.000208,142.278883) seconds
2026/05/26-09:29:32  ... thread 1: (35000,1237000) ops and (34591.4,8693.4) ops/second in (1.011812,142.291462) seconds
2026/05/26-09:29:32  ... thread 0: (30000,1239000) ops and (29471.7,8707.1) ops/second in (1.017925,142.297670) seconds
2026/05/26-09:29:32  ... thread 3: (33000,1221000) ops and (32814.8,8575.1) ops/second in (1.005643,142.388813) seconds
Initializing RocksDB Options from the specified file
Initializing RocksDB Options from command-line flags
Integrated BlobDB: blob cache disabled
Keys:       16 bytes each (+ 0 bytes user-defined timestamp)
Values:     1024 bytes each (512 bytes after compression)
Entries:    1250000
Prefix:    0 bytes
Keys per prefix:    0
RawSize:    1239.8 MB (estimated)
FileSize:   629.4 MB (estimated)
Write rate: 0 bytes/second
Read rate: 0 ops/second
Compression: Snappy
Compression sampling rate: 0
Memtablerep: SkipListFactory
Perf Level: 1
WARNING: Assertions are enabled; benchmarks unnecessarily slow
------------------------------------------------
Initializing RocksDB Options from the specified file
Initializing RocksDB Options from command-line flags
Integrated BlobDB: blob cache disabled
DB path: [/tmp/rocksdb_comp_exp_db]
fillrandom   :     114.158 micros/op 34985 ops/sec 142.918 seconds 5000000 operations;   34.7 MB/s
2026/05/26-09:29:36  ... thread 1: (1000,1000) ops and (299.8,299.8) ops/second in (3.335591,3.335591) seconds
2026/05/26-09:29:36  ... thread 0: (1000,1000) ops and (296.5,296.5) ops/second in (3.372468,3.372468) seconds
2026/05/26-09:29:36  ... thread 3: (1000,1000) ops and (296.1,296.1) ops/second in (3.377264,3.377264) seconds
2026/05/26-09:29:36  ... thread 2: (1000,1000) ops and (293.5,293.5) ops/second in (3.407688,3.407688) seconds
2026/05/26-09:29:37  ... thread 0: (1000,2000) ops and (737.3,422.9) ops/second in (1.356350,4.728818) seconds
2026/05/26-09:29:37  ... thread 1: (1000,2000) ops and (651.1,410.5) ops/second in (1.535950,4.871541) seconds
2026/05/26-09:29:38  ... thread 3: (1000,2000) ops and (489.8,369.1) ops/second in (2.041759,5.419023) seconds
2026/05/26-09:29:38  ... thread 2: (1000,2000) ops and (489.1,366.8) ops/second in (2.044501,5.452189) seconds
2026/05/26-09:29:39  ... thread 3: (1000,3000) ops and (708.6,439.2) ops/second in (1.411241,6.830264) seconds
2026/05/26-09:29:39  ... thread 0: (1000,3000) ops and (473.0,438.4) ops/second in (2.114247,6.843065) seconds
2026/05/26-09:29:39  ... thread 1: (1000,3000) ops and (506.5,438.2) ops/second in (1.974141,6.845682) seconds
2026/05/26-09:29:39  ... thread 2: (1000,3000) ops and (705.7,436.7) ops/second in (1.417012,6.869201) seconds
2026/05/26-09:29:41  ... thread 3: (1000,4000) ops and (467.2,445.9) ops/second in (2.140328,8.970592) seconds
2026/05/26-09:29:41  ... thread 0: (1000,4000) ops and (441.0,439.0) ops/second in (2.267779,9.110844) seconds
2026/05/26-09:29:41  ... thread 1: (1000,4000) ops and (441.0,438.9) ops/second in (2.267492,9.113174) seconds
2026/05/26-09:29:41  ... thread 2: (1000,4000) ops and (431.3,435.4) ops/second in (2.318629,9.187830) seconds
2026/05/26-09:29:43  ... thread 3: (1000,5000) ops and (428.8,442.4) ops/second in (2.331977,11.302569) seconds
2026/05/26-09:29:44  ... thread 1: (1000,5000) ops and (430.8,437.3) ops/second in (2.321300,11.434474) seconds
2026/05/26-09:29:45  ... thread 0: (1000,5000) ops and (262.2,386.9) ops/second in (3.813262,12.924106) seconds
2026/05/26-09:29:46  ... thread 2: (1000,5000) ops and (238.1,373.5) ops/second in (4.200717,13.388547) seconds
2026/05/26-09:29:48  ... thread 1: (1000,6000) ops and (251.8,389.5) ops/second in (3.970860,15.405334) seconds
2026/05/26-09:29:48  ... thread 3: (1000,6000) ops and (234.2,385.3) ops/second in (4.269341,15.571910) seconds
2026/05/26-09:29:49  ... thread 2: (1000,6000) ops and (260.4,348.2) ops/second in (3.840813,17.229360) seconds
2026/05/26-09:29:50  ... thread 0: (1000,6000) ops and (227.2,346.3) ops/second in (4.401118,17.325224) seconds
2026/05/26-09:29:51  ... thread 1: (1000,7000) ops and (323.6,378.5) ops/second in (3.090357,18.495691) seconds
2026/05/26-09:29:51  ... thread 3: (1000,7000) ops and (331.5,376.6) ops/second in (3.016934,18.588844) seconds
2026/05/26-09:29:51  ... thread 2: (1000,7000) ops and (528.8,366.1) ops/second in (1.891076,19.120436) seconds
2026/05/26-09:29:51  ... thread 0: (1000,7000) ops and (514.1,363.3) ops/second in (1.944989,19.270213) seconds
2026/05/26-09:29:54  ... thread 1: (1000,8000) ops and (287.8,364.1) ops/second in (3.474226,21.969917) seconds
2026/05/26-09:29:54  ... thread 3: (1000,8000) ops and (288.7,362.8) ops/second in (3.463295,22.052139) seconds
2026/05/26-09:29:55  ... thread 0: (1000,8000) ops and (317.8,356.9) ops/second in (3.146914,22.417127) seconds
2026/05/26-09:29:55  ... thread 2: (1000,8000) ops and (302.2,356.7) ops/second in (3.308730,22.429166) seconds
2026/05/26-09:29:57  ... thread 1: (1000,9000) ops and (397.1,367.5) ops/second in (2.518211,24.488128) seconds
2026/05/26-09:29:57  ... thread 3: (1000,9000) ops and (387.7,365.4) ops/second in (2.579356,24.631495) seconds
2026/05/26-09:29:57  ... thread 0: (1000,9000) ops and (425.7,363.4) ops/second in (2.349348,24.766475) seconds
2026/05/26-09:29:57  ... thread 2: (1000,9000) ops and (422.5,363.0) ops/second in (2.367133,24.796299) seconds
2026/05/26-09:29:58  ... thread 1: (2000,11000) ops and (1315.9,422.9) ops/second in (1.519882,26.008010) seconds
2026/05/26-09:29:58  ... thread 3: (2000,11000) ops and (1250.8,419.4) ops/second in (1.598969,26.230464) seconds
2026/05/26-09:29:58  ... thread 0: (2000,11000) ops and (1321.4,418.6) ops/second in (1.513600,26.280075) seconds
2026/05/26-09:29:59  ... thread 2: (2000,11000) ops and (1287.5,417.5) ops/second in (1.553343,26.349642) seconds
2026/05/26-09:29:59  ... thread 1: (2000,13000) ops and (1646.8,477.5) ops/second in (1.214461,27.222471) seconds
2026/05/26-09:30:00  ... thread 0: (2000,13000) ops and (1759.9,474.2) ops/second in (1.136401,27.416476) seconds
2026/05/26-09:30:00  ... thread 3: (2000,13000) ops and (1683.0,474.1) ops/second in (1.188367,27.418831) seconds
2026/05/26-09:30:00  ... thread 2: (2000,13000) ops and (1720.3,472.5) ops/second in (1.162588,27.512230) seconds
2026/05/26-09:30:00  ... thread 1: (2000,15000) ops and (1920.1,530.7) ops/second in (1.041622,28.264093) seconds
2026/05/26-09:30:01  ... thread 3: (2000,15000) ops and (1997.8,527.8) ops/second in (1.001092,28.419923) seconds
2026/05/26-09:30:01  ... thread 2: (2000,15000) ops and (1914.2,525.3) ops/second in (1.044850,28.557080) seconds
2026/05/26-09:30:01  ... thread 0: (3000,16000) ops and (2011.1,553.5) ops/second in (1.491741,28.908217) seconds
2026/05/26-09:30:02  ... thread 1: (3000,18000) ops and (2097.0,606.2) ops/second in (1.430584,29.694677) seconds
2026/05/26-09:30:02  ... thread 3: (3000,18000) ops and (2110.0,603.2) ops/second in (1.421827,29.841750) seconds
2026/05/26-09:30:02  ... thread 2: (3000,18000) ops and (2120.6,600.6) ops/second in (1.414686,29.971766) seconds
2026/05/26-09:30:02  ... thread 0: (3000,19000) ops and (2159.9,627.1) ops/second in (1.388965,30.297182) seconds
2026/05/26-09:30:03  ... thread 1: (3000,21000) ops and (2341.9,678.0) ops/second in (1.281014,30.975691) seconds
2026/05/26-09:30:03  ... thread 3: (3000,21000) ops and (2308.2,674.3) ops/second in (1.299701,31.141451) seconds
2026/05/26-09:30:04  ... thread 2: (3000,21000) ops and (2020.9,667.6) ops/second in (1.484495,31.456261) seconds
2026/05/26-09:30:04  ... thread 0: (3000,22000) ops and (2059.9,692.8) ops/second in (1.456415,31.753597) seconds
2026/05/26-09:30:04  ... thread 1: (2000,23000) ops and (1950.6,718.7) ops/second in (1.025314,32.001005) seconds
2026/05/26-09:30:04  ... thread 3: (2000,23000) ops and (1974.3,715.3) ops/second in (1.013026,32.154477) seconds
2026/05/26-09:30:05  ... thread 2: (3000,24000) ops and (2511.4,735.1) ops/second in (1.194571,32.650832) seconds
2026/05/26-09:30:05  ... thread 0: (3000,25000) ops and (2643.4,760.1) ops/second in (1.134898,32.888495) seconds
2026/05/26-09:30:05  ... thread 1: (3000,26000) ops and (2692.6,785.1) ops/second in (1.114146,33.115151) seconds
2026/05/26-09:30:05  ... thread 3: (3000,26000) ops and (2751.8,782.1) ops/second in (1.090212,33.244689) seconds
2026/05/26-09:30:06  ... thread 2: (3000,27000) ops and (2731.3,800.0) ops/second in (1.098385,33.749217) seconds
2026/05/26-09:30:06  ... thread 0: (3000,28000) ops and (2723.9,823.8) ops/second in (1.101355,33.989850) seconds
2026/05/26-09:30:06  ... thread 1: (3000,29000) ops and (2932.8,849.5) ops/second in (1.022918,34.138069) seconds
2026/05/26-09:30:06  ... thread 3: (3000,29000) ops and (2816.7,845.2) ops/second in (1.065080,34.309769) seconds
2026/05/26-09:30:07  ... thread 2: (3000,30000) ops and (2806.2,861.6) ops/second in (1.069060,34.818277) seconds
2026/05/26-09:30:07  ... thread 0: (3000,31000) ops and (2867.8,884.8) ops/second in (1.046101,35.035951) seconds
2026/05/26-09:30:07  ... thread 1: (3000,32000) ops and (2880.9,909.6) ops/second in (1.041331,35.179400) seconds
2026/05/26-09:30:08  ... thread 3: (3000,32000) ops and (2803.9,904.5) ops/second in (1.069920,35.379689) seconds
2026/05/26-09:30:08  ... thread 2: (4000,34000) ops and (3117.0,941.8) ops/second in (1.283281,36.101558) seconds
2026/05/26-09:30:08  ... thread 0: (4000,35000) ops and (3125.9,963.8) ops/second in (1.279623,36.315574) seconds
2026/05/26-09:30:09  ... thread 1: (4000,36000) ops and (3242.1,988.7) ops/second in (1.233763,36.413163) seconds
2026/05/26-09:30:09  ... thread 3: (4000,36000) ops and (3153.4,982.3) ops/second in (1.268475,36.648164) seconds
2026/05/26-09:30:09  ... thread 2: (4000,38000) ops and (3454.5,1019.9) ops/second in (1.157899,37.259457) seconds
2026/05/26-09:30:10  ... thread 0: (4000,39000) ops and (3501.5,1041.2) ops/second in (1.142367,37.457941) seconds
2026/05/26-09:30:10  ... thread 1: (4000,40000) ops and (3509.7,1065.2) ops/second in (1.139684,37.552847) seconds
2026/05/26-09:30:10  ... thread 3: (4000,40000) ops and (3435.2,1057.8) ops/second in (1.164414,37.812578) seconds
2026/05/26-09:30:11  ... thread 2: (4000,42000) ops and (3672.5,1095.2) ops/second in (1.089180,38.348637) seconds
2026/05/26-09:30:11  ... thread 0: (4000,43000) ops and (3781.8,1116.4) ops/second in (1.057708,38.515649) seconds
2026/05/26-09:30:11  ... thread 1: (4000,44000) ops and (3907.5,1140.6) ops/second in (1.023666,38.576513) seconds
2026/05/26-09:30:11  ... thread 3: (4000,44000) ops and (3951.0,1133.3) ops/second in (1.012406,38.824984) seconds
2026/05/26-09:30:12  ... thread 2: (5000,47000) ops and (4115.4,1188.0) ops/second in (1.214963,39.563600) seconds
2026/05/26-09:30:12  ... thread 0: (5000,48000) ops and (4104.1,1208.0) ops/second in (1.218297,39.733946) seconds
2026/05/26-09:30:12  ... thread 1: (5000,49000) ops and (4211.6,1232.3) ops/second in (1.187194,39.763707) seconds
2026/05/26-09:30:12  ... thread 3: (5000,49000) ops and (4395.9,1226.2) ops/second in (1.137428,39.962412) seconds
2026/05/26-09:30:13  ... thread 2: (5000,52000) ops and (4780.5,1280.5) ops/second in (1.045915,40.609515) seconds
2026/05/26-09:30:13  ... thread 0: (5000,53000) ops and (4824.3,1300.0) ops/second in (1.036427,40.770373) seconds
2026/05/26-09:30:13  ... thread 1: (5000,54000) ops and (4520.2,1321.3) ops/second in (1.106139,40.869846) seconds
2026/05/26-09:30:13  ... thread 3: (5000,54000) ops and (4936.7,1317.9) ops/second in (1.012815,40.975227) seconds
2026/05/26-09:30:14  ... thread 2: (6000,58000) ops and (5375.7,1390.0) ops/second in (1.116140,41.725655) seconds
2026/05/26-09:30:14  ... thread 0: (6000,59000) ops and (5211.1,1407.4) ops/second in (1.151385,41.921758) seconds
2026/05/26-09:30:14  ... thread 1: (6000,60000) ops and (5541.7,1430.2) ops/second in (1.082695,41.952541) seconds
2026/05/26-09:30:14  ... thread 3: (6000,60000) ops and (5564.4,1426.8) ops/second in (1.078278,42.053505) seconds
2026/05/26-09:30:15  ... thread 2: (6000,64000) ops and (5852.0,1497.0) ops/second in (1.025298,42.750953) seconds
2026/05/26-09:30:15  ... thread 1: (7000,67000) ops and (6460.9,1556.8) ops/second in (1.083444,43.035985) seconds
2026/05/26-09:30:15  ... thread 0: (7000,66000) ops and (6006.0,1531.8) ops/second in (1.165495,43.087253) seconds
2026/05/26-09:30:15  ... thread 3: (7000,67000) ops and (6545.4,1553.7) ops/second in (1.069451,43.122956) seconds
2026/05/26-09:30:16  ... thread 2: (7000,71000) ops and (6758.2,1621.5) ops/second in (1.035782,43.786735) seconds
2026/05/26-09:30:16  ... thread 1: (7000,74000) ops and (6858.5,1679.7) ops/second in (1.020634,44.056619) seconds
2026/05/26-09:30:16  ... thread 3: (7000,74000) ops and (6933.4,1676.8) ops/second in (1.009612,44.132568) seconds
2026/05/26-09:30:16  ... thread 0: (8000,74000) ops and (7187.6,1674.2) ops/second in (1.113024,44.200277) seconds
2026/05/26-09:30:17  ... thread 2: (8000,79000) ops and (7928.6,1763.6) ops/second in (1.009003,44.795738) seconds
2026/05/26-09:30:17  ... thread 1: (8000,82000) ops and (7733.7,1818.5) ops/second in (1.034433,45.091052) seconds
2026/05/26-09:30:17  ... thread 3: (8000,82000) ops and (7916.9,1816.4) ops/second in (1.010502,45.143070) seconds
2026/05/26-09:30:18  ... thread 0: (9000,83000) ops and (8033.3,1831.4) ops/second in (1.120332,45.320609) seconds
2026/05/26-09:30:18  ... thread 2: (9000,88000) ops and (8911.7,1921.2) ops/second in (1.009912,45.805650) seconds
2026/05/26-09:30:18  ... thread 3: (10000,92000) ops and (9967.5,1993.7) ops/second in (1.003258,46.146328) seconds
2026/05/26-09:30:18  ... thread 1: (10000,92000) ops and (9147.1,1992.0) ops/second in (1.093240,46.184292) seconds
2026/05/26-09:30:19  ... thread 0: (10000,93000) ops and (9359.4,2004.8) ops/second in (1.068450,46.389059) seconds
2026/05/26-09:30:19  ... thread 2: (11000,99000) ops and (10630.7,2113.6) ops/second in (1.034736,46.840386) seconds
DB path: [/tmp/rocksdb_comp_exp_db]
readrandom   :     469.739 micros/op 8489 ops/sec 47.118 seconds 400000 operations;    8.3 MB/s (98071 of 100000 found)

STATISTICS:
rocksdb.block.cache.miss COUNT : 4155200
rocksdb.block.cache.hit COUNT : 182791
rocksdb.block.cache.add COUNT : 1544991
rocksdb.block.cache.add.failures COUNT : 0
rocksdb.block.cache.index.miss COUNT : 0
rocksdb.block.cache.index.hit COUNT : 0
rocksdb.block.cache.index.add COUNT : 0
rocksdb.block.cache.index.bytes.insert COUNT : 0
rocksdb.block.cache.filter.miss COUNT : 0
rocksdb.block.cache.filter.hit COUNT : 0
rocksdb.block.cache.filter.add COUNT : 0
rocksdb.block.cache.filter.bytes.insert COUNT : 0
rocksdb.block.cache.data.miss COUNT : 4155200
rocksdb.block.cache.data.hit COUNT : 182791
rocksdb.block.cache.data.add COUNT : 1544991
rocksdb.block.cache.data.bytes.insert COUNT : 6649576864
rocksdb.block.cache.bytes.read COUNT : 786728320
rocksdb.block.cache.bytes.write COUNT : 6649576864
rocksdb.block.cache.compression.dict.miss COUNT : 0
rocksdb.block.cache.compression.dict.hit COUNT : 0
rocksdb.block.cache.compression.dict.add COUNT : 0
rocksdb.block.cache.compression.dict.bytes.insert COUNT : 0
rocksdb.block.cache.add.redundant COUNT : 14
rocksdb.block.cache.index.add.redundant COUNT : 0
rocksdb.block.cache.filter.add.redundant COUNT : 0
rocksdb.block.cache.data.add.redundant COUNT : 14
rocksdb.block.cache.compression.dict.add.redundant COUNT : 0
rocksdb.secondary.cache.hits COUNT : 0
rocksdb.secondary.cache.filter.hits COUNT : 0
rocksdb.secondary.cache.index.hits COUNT : 0
rocksdb.secondary.cache.data.hits COUNT : 0
rocksdb.compressed.secondary.cache.dummy.hits COUNT : 0
rocksdb.compressed.secondary.cache.hits COUNT : 0
rocksdb.compressed.secondary.cache.promotions COUNT : 0
rocksdb.compressed.secondary.cache.promotion.skips COUNT : 0
rocksdb.bloom.filter.useful COUNT : 0
rocksdb.bloom.filter.full.positive COUNT : 0
rocksdb.bloom.filter.full.true.positive COUNT : 0
rocksdb.bloom.filter.prefix.checked COUNT : 0
rocksdb.bloom.filter.prefix.useful COUNT : 0
rocksdb.bloom.filter.prefix.true.positive COUNT : 0
rocksdb.persistent.cache.hit COUNT : 0
rocksdb.persistent.cache.miss COUNT : 0
rocksdb.sim.block.cache.hit COUNT : 0
rocksdb.sim.block.cache.miss COUNT : 0
rocksdb.memtable.hit COUNT : 6893
rocksdb.memtable.miss COUNT : 393107
rocksdb.l0.hit COUNT : 66047
rocksdb.l1.hit COUNT : 102751
rocksdb.l2andup.hit COUNT : 216802
rocksdb.compaction.key.drop.new COUNT : 3157331
rocksdb.compaction.key.drop.obsolete COUNT : 0
rocksdb.compaction.key.drop.range_del COUNT : 0
rocksdb.compaction.key.drop.user COUNT : 0
rocksdb.compaction.range_del.drop.obsolete COUNT : 0
rocksdb.compaction.optimized.del.drop.obsolete COUNT : 0
rocksdb.compaction.cancelled COUNT : 0
rocksdb.compaction.aborted COUNT : 0
rocksdb.number.keys.written COUNT : 5000000
rocksdb.number.keys.read COUNT : 400000
rocksdb.number.keys.updated COUNT : 0
rocksdb.bytes.written COUNT : 5278927476
rocksdb.bytes.read COUNT : 401912832
rocksdb.number.db.seek COUNT : 0
rocksdb.number.db.next COUNT : 0
rocksdb.number.db.prev COUNT : 0
rocksdb.number.db.seek.found COUNT : 0
rocksdb.number.db.next.found COUNT : 0
rocksdb.number.db.prev.found COUNT : 0
rocksdb.db.iter.bytes.read COUNT : 0
rocksdb.number.iter.skip COUNT : 0
rocksdb.number.reseeks.iteration COUNT : 0
rocksdb.num.iterator.created COUNT : 0
rocksdb.num.iterator.deleted COUNT : 0
rocksdb.no.file.opens COUNT : 141
rocksdb.no.file.errors COUNT : 0
rocksdb.stall.micros COUNT : 103988081
rocksdb.db.mutex.wait.micros COUNT : 0
rocksdb.number.multiget.get COUNT : 0
rocksdb.number.multiget.keys.read COUNT : 0
rocksdb.number.multiget.bytes.read COUNT : 0
rocksdb.number.multiget.keys.found COUNT : 0
rocksdb.number.merge.failures COUNT : 0
rocksdb.getupdatessince.calls COUNT : 0
rocksdb.wal.synced COUNT : 0
rocksdb.wal.bytes COUNT : 5278927476
rocksdb.write.self COUNT : 4910623
rocksdb.write.other COUNT : 89377
rocksdb.write.wal COUNT : 5000000
rocksdb.compact.read.bytes COUNT : 6366997387
rocksdb.compact.write.bytes COUNT : 4456641734
rocksdb.flush.write.bytes COUNT : 2971472578
rocksdb.compact.read.marked.bytes COUNT : 0
rocksdb.compact.read.periodic.bytes COUNT : 0
rocksdb.compact.read.ttl.bytes COUNT : 0
rocksdb.compact.write.marked.bytes COUNT : 0
rocksdb.compact.write.periodic.bytes COUNT : 0
rocksdb.compact.write.ttl.bytes COUNT : 0
rocksdb.number.direct.load.table.properties COUNT : 0
rocksdb.number.superversion_acquires COUNT : 19
rocksdb.number.superversion_releases COUNT : 15
rocksdb.number.superversion_cleanups COUNT : 4
rocksdb.number.block.compressed COUNT : 3040395
rocksdb.number.block.decompressed COUNT : 4155341
rocksdb.bytes.compressed.from COUNT : 12814474024
rocksdb.bytes.compressed.to COUNT : 7412723794
rocksdb.bytes.compression_bypassed COUNT : 0
rocksdb.bytes.compression.rejected COUNT : 0
rocksdb.number.block_compression_bypassed COUNT : 0
rocksdb.number.block_compression_rejected COUNT : 0
rocksdb.bytes.decompressed.from COUNT : 10122445440
rocksdb.bytes.decompressed.to COUNT : 17491978510
rocksdb.merge.operation.time.nanos COUNT : 0
rocksdb.filter.operation.time.nanos COUNT : 0
rocksdb.compaction.total.time.cpu_micros COUNT : 39605023
rocksdb.row.cache.hit COUNT : 0
rocksdb.row.cache.miss COUNT : 0
rocksdb.read.amp.estimate.useful.bytes COUNT : 0
rocksdb.read.amp.total.read.bytes COUNT : 0
rocksdb.number.rate_limiter.drains COUNT : 0
rocksdb.blobdb.num.put COUNT : 0
rocksdb.blobdb.num.write COUNT : 0
rocksdb.blobdb.num.get COUNT : 0
rocksdb.blobdb.num.multiget COUNT : 0
rocksdb.blobdb.num.seek COUNT : 0
rocksdb.blobdb.num.next COUNT : 0
rocksdb.blobdb.num.prev COUNT : 0
rocksdb.blobdb.num.keys.written COUNT : 0
rocksdb.blobdb.num.keys.read COUNT : 0
rocksdb.blobdb.bytes.written COUNT : 0
rocksdb.blobdb.bytes.read COUNT : 0
rocksdb.blobdb.write.inlined COUNT : 0
rocksdb.blobdb.write.inlined.ttl COUNT : 0
rocksdb.blobdb.write.blob COUNT : 0
rocksdb.blobdb.write.blob.ttl COUNT : 0
rocksdb.blobdb.blob.file.bytes.written COUNT : 0
rocksdb.blobdb.blob.file.bytes.read COUNT : 0
rocksdb.blobdb.blob.file.synced COUNT : 0
rocksdb.blobdb.blob.index.expired.count COUNT : 0
rocksdb.blobdb.blob.index.expired.size COUNT : 0
rocksdb.blobdb.blob.index.evicted.count COUNT : 0
rocksdb.blobdb.blob.index.evicted.size COUNT : 0
rocksdb.blobdb.gc.num.files COUNT : 0
rocksdb.blobdb.gc.num.new.files COUNT : 0
rocksdb.blobdb.gc.failures COUNT : 0
rocksdb.blobdb.gc.num.keys.relocated COUNT : 0
rocksdb.blobdb.gc.bytes.relocated COUNT : 0
rocksdb.blobdb.fifo.num.files.evicted COUNT : 0
rocksdb.blobdb.fifo.num.keys.evicted COUNT : 0
rocksdb.blobdb.fifo.bytes.evicted COUNT : 0
rocksdb.blobdb.cache.miss COUNT : 0
rocksdb.blobdb.cache.hit COUNT : 0
rocksdb.blobdb.cache.add COUNT : 0
rocksdb.blobdb.cache.add.failures COUNT : 0
rocksdb.blobdb.cache.bytes.read COUNT : 0
rocksdb.blobdb.cache.bytes.write COUNT : 0
rocksdb.txn.overhead.mutex.prepare COUNT : 0
rocksdb.txn.overhead.mutex.old.commit.map COUNT : 0
rocksdb.txn.overhead.duplicate.key COUNT : 0
rocksdb.txn.overhead.mutex.snapshot COUNT : 0
rocksdb.txn.get.tryagain COUNT : 0
rocksdb.files.marked.trash COUNT : 0
rocksdb.files.marked.trash.deleted COUNT : 0
rocksdb.files.deleted.immediately COUNT : 204
rocksdb.error.handler.bg.error.count COUNT : 0
rocksdb.error.handler.bg.io.error.count COUNT : 0
rocksdb.error.handler.bg.retryable.io.error.count COUNT : 0
rocksdb.error.handler.autoresume.count COUNT : 0
rocksdb.error.handler.autoresume.retry.total.count COUNT : 0
rocksdb.error.handler.autoresume.success.count COUNT : 0
rocksdb.memtable.payload.bytes.at.flush COUNT : 5217235344
rocksdb.memtable.garbage.bytes.at.flush COUNT : 128015296
rocksdb.verify_checksum.read.bytes COUNT : 0
rocksdb.backup.read.bytes COUNT : 0
rocksdb.backup.write.bytes COUNT : 0
rocksdb.remote.compact.read.bytes COUNT : 0
rocksdb.remote.compact.write.bytes COUNT : 0
rocksdb.remote.compact.resumed.bytes COUNT : 0
rocksdb.hot.file.read.bytes COUNT : 0
rocksdb.warm.file.read.bytes COUNT : 0
rocksdb.cool.file.read.bytes COUNT : 0
rocksdb.cold.file.read.bytes COUNT : 0
rocksdb.ice.file.read.bytes COUNT : 0
rocksdb.hot.file.read.count COUNT : 0
rocksdb.warm.file.read.count COUNT : 0
rocksdb.cool.file.read.count COUNT : 0
rocksdb.cold.file.read.count COUNT : 0
rocksdb.ice.file.read.count COUNT : 0
rocksdb.last.level.read.bytes COUNT : 0
rocksdb.last.level.read.count COUNT : 0
rocksdb.non.last.level.read.bytes COUNT : 10143399281
rocksdb.non.last.level.read.count COUNT : 4155764
rocksdb.last.level.seek.filtered COUNT : 0
rocksdb.last.level.seek.filter.match COUNT : 0
rocksdb.last.level.seek.data COUNT : 0
rocksdb.last.level.seek.data.useful.no.filter COUNT : 0
rocksdb.last.level.seek.data.useful.filter.match COUNT : 0
rocksdb.non.last.level.seek.filtered COUNT : 0
rocksdb.non.last.level.seek.filter.match COUNT : 0
rocksdb.non.last.level.seek.data COUNT : 0
rocksdb.non.last.level.seek.data.useful.no.filter COUNT : 0
rocksdb.non.last.level.seek.data.useful.filter.match COUNT : 0
rocksdb.block.checksum.compute.count COUNT : 4155482
rocksdb.block.checksum.mismatch.count COUNT : 0
rocksdb.multiget.coroutine.count COUNT : 0
rocksdb.read.async.micros COUNT : 0
rocksdb.async.read.error.count COUNT : 0
rocksdb.table.open.prefetch.tail.miss COUNT : 0
rocksdb.table.open.prefetch.tail.hit COUNT : 0
rocksdb.timestamp.filter.table.checked COUNT : 0
rocksdb.timestamp.filter.table.filtered COUNT : 0
rocksdb.readahead.trimmed COUNT : 0
rocksdb.fifo.max.size.compactions COUNT : 0
rocksdb.fifo.ttl.compactions COUNT : 0
rocksdb.fifo.change_temperature.compactions COUNT : 0
rocksdb.prefetch.bytes COUNT : 0
rocksdb.prefetch.bytes.useful COUNT : 0
rocksdb.prefetch.hits COUNT : 0
rocksdb.footer.corruption.count COUNT : 0
rocksdb.file.read.corruption.retry.count COUNT : 0
rocksdb.file.read.corruption.retry.success.count COUNT : 0
rocksdb.number.wbwi.ingest COUNT : 0
rocksdb.sst.user.defined.index.load.fail.count COUNT : 0
rocksdb.multiscan.prepare.calls COUNT : 0
rocksdb.multiscan.prepare.errors COUNT : 0
rocksdb.multiscan.blocks.prefetched COUNT : 0
rocksdb.multiscan.blocks.from.cache COUNT : 0
rocksdb.multiscan.prefetch.bytes COUNT : 0
rocksdb.multiscan.prefetch.blocks.wasted COUNT : 0
rocksdb.multiscan.io.requests COUNT : 0
rocksdb.multiscan.io.coalesced.nonadjacent COUNT : 0
rocksdb.multiscan.seek.errors COUNT : 0
rocksdb.prefetch.memory.bytes.granted COUNT : 0
rocksdb.prefetch.memory.bytes.released COUNT : 0
rocksdb.prefetch.memory.requests.blocked COUNT : 0
rocksdb.read.path.range.tombstones.inserted COUNT : 0
rocksdb.read.path.range.tombstones.discarded COUNT : 0
rocksdb.file.open.metadata.retrieved COUNT : 0
rocksdb.file.open.metadata.passed COUNT : 0
rocksdb.manifest.validation.failure.count COUNT : 0
rocksdb.db.get.micros P50 : 32.726928 P95 : 1797.526531 P99 : 5111.693989 P100 : 656569.000000 COUNT : 400000 SUM : 187640105
rocksdb.db.write.micros P50 : 5.660022 P95 : 44.608084 P99 : 2182.193222 P100 : 888150.000000 COUNT : 5000000 SUM : 566479175
rocksdb.compaction.times.micros P50 : 14000000.000000 P95 : 35544026.000000 P99 : 35544026.000000 P100 : 35544026.000000 COUNT : 10 SUM : 163290646
rocksdb.compaction.times.cpu_micros P50 : 4300000.000000 P95 : 7419128.000000 P99 : 7419128.000000 P100 : 7419128.000000 COUNT : 10 SUM : 39605023
rocksdb.subcompaction.setup.times.micros P50 : 0.000000 P95 : 0.000000 P99 : 0.000000 P100 : 0.000000 COUNT : 0 SUM : 0
rocksdb.table.sync.micros P50 : 338135.593220 P95 : 923174.000000 P99 : 923174.000000 P100 : 923174.000000 COUNT : 80 SUM : 36777563
rocksdb.compaction.outfile.sync.micros P50 : 779444.444444 P95 : 1216796.000000 P99 : 1216796.000000 P100 : 1216796.000000 COUNT : 61 SUM : 44430656
rocksdb.wal.file.sync.micros P50 : 0.000000 P95 : 0.000000 P99 : 0.000000 P100 : 0.000000 COUNT : 0 SUM : 0
rocksdb.manifest.file.sync.micros P50 : 5385.074627 P95 : 14320.000000 P99 : 18112.000000 P100 : 18112.000000 COUNT : 96 SUM : 548376
rocksdb.table.open.io.micros P50 : 741.571429 P95 : 4876.666667 P99 : 6255.333333 P100 : 6380.000000 COUNT : 141 SUM : 162399
rocksdb.db.multiget.micros P50 : 0.000000 P95 : 0.000000 P99 : 0.000000 P100 : 0.000000 COUNT : 0 SUM : 0
rocksdb.read.block.compaction.micros P50 : 3.450060 P95 : 8.742805 P99 : 1225.708003 P100 : 323848.000000 COUNT : 2610209 SUM : 89087083
rocksdb.read.block.get.micros P50 : 5.290652 P95 : 1014.678911 P99 : 1689.821270 P100 : 334183.000000 COUNT : 1545132 SUM : 181542521
rocksdb.write.raw.block.micros P50 : 0.542781 P95 : 1.475783 P99 : 2.836323 P100 : 11028.000000 COUNT : 3040566 SUM : 8976814
rocksdb.numfiles.in.singlecompaction P50 : 10.000000 P95 : 20.950000 P99 : 21.000000 P100 : 21.000000 COUNT : 12 SUM : 134
rocksdb.db.seek.micros P50 : 0.000000 P95 : 0.000000 P99 : 0.000000 P100 : 0.000000 COUNT : 0 SUM : 0
rocksdb.db.write.stall P50 : 1733.521127 P95 : 2805.531458 P99 : 2886.695328 P100 : 887677.000000 COUNT : 52860 SUM : 103988081
rocksdb.sst.read.micros P50 : 0.925811 P95 : 7.632399 P99 : 1490.696341 P100 : 334166.000000 COUNT : 4155764 SUM : 254847172
rocksdb.file.read.flush.micros P50 : 3.625000 P95 : 64.157895 P99 : 158.000000 P100 : 1132.000000 COUNT : 320 SUM : 6557
rocksdb.file.read.compaction.micros P50 : 0.781634 P95 : 4.695799 P99 : 1202.559399 P100 : 323788.000000 COUNT : 2610453 SUM : 81000780
rocksdb.file.read.db.open.micros P50 : 0.000000 P95 : 0.000000 P99 : 0.000000 P100 : 0.000000 COUNT : 0 SUM : 0
rocksdb.file.read.get.micros P50 : 0.000000 P95 : 0.000000 P99 : 0.000000 P100 : 0.000000 COUNT : 0 SUM : 0
rocksdb.file.read.multiget.micros P50 : 0.000000 P95 : 0.000000 P99 : 0.000000 P100 : 0.000000 COUNT : 0 SUM : 0
rocksdb.file.read.db.iterator.micros P50 : 0.000000 P95 : 0.000000 P99 : 0.000000 P100 : 0.000000 COUNT : 0 SUM : 0
rocksdb.file.read.verify.db.checksum.micros P50 : 0.000000 P95 : 0.000000 P99 : 0.000000 P100 : 0.000000 COUNT : 0 SUM : 0
rocksdb.file.read.verify.file.checksums.micros P50 : 0.000000 P95 : 0.000000 P99 : 0.000000 P100 : 0.000000 COUNT : 0 SUM : 0
rocksdb.sst.write.micros P50 : 0.502767 P95 : 0.955257 P99 : 0.995479 P100 : 11027.000000 COUNT : 6081495 SUM : 7303281
rocksdb.file.write.flush.micros P50 : 0.502128 P95 : 0.954043 P99 : 0.994214 P100 : 10562.000000 COUNT : 2428688 SUM : 3023635
rocksdb.file.write.compaction.micros P50 : 0.503185 P95 : 0.956052 P99 : 0.996307 P100 : 11027.000000 COUNT : 3652807 SUM : 4279646
rocksdb.file.write.db.open.micros P50 : 0.000000 P95 : 0.000000 P99 : 0.000000 P100 : 0.000000 COUNT : 0 SUM : 0
rocksdb.num.subcompactions.scheduled P50 : 0.000000 P95 : 0.000000 P99 : 0.000000 P100 : 0.000000 COUNT : 0 SUM : 0
rocksdb.bytes.per.read P50 : 1024.000000 P95 : 1024.000000 P99 : 1024.000000 P100 : 1024.000000 COUNT : 400000 SUM : 401912832
rocksdb.bytes.per.write P50 : 1087.207137 P95 : 1282.693561 P99 : 1938.446654 P100 : 4188.000000 COUNT : 4910623 SUM : 5278927476
rocksdb.bytes.per.multiget P50 : 0.000000 P95 : 0.000000 P99 : 0.000000 P100 : 0.000000 COUNT : 0 SUM : 0
rocksdb.compression.times.nanos P50 : 0.000000 P95 : 0.000000 P99 : 0.000000 P100 : 0.000000 COUNT : 0 SUM : 0
rocksdb.decompression.times.nanos P50 : 0.000000 P95 : 0.000000 P99 : 0.000000 P100 : 0.000000 COUNT : 0 SUM : 0
rocksdb.read.num.merge_operands P50 : 0.000000 P95 : 0.000000 P99 : 0.000000 P100 : 0.000000 COUNT : 0 SUM : 0
rocksdb.blobdb.key.size P50 : 0.000000 P95 : 0.000000 P99 : 0.000000 P100 : 0.000000 COUNT : 0 SUM : 0
rocksdb.blobdb.value.size P50 : 0.000000 P95 : 0.000000 P99 : 0.000000 P100 : 0.000000 COUNT : 0 SUM : 0
rocksdb.blobdb.write.micros P50 : 0.000000 P95 : 0.000000 P99 : 0.000000 P100 : 0.000000 COUNT : 0 SUM : 0
rocksdb.blobdb.get.micros P50 : 0.000000 P95 : 0.000000 P99 : 0.000000 P100 : 0.000000 COUNT : 0 SUM : 0
rocksdb.blobdb.multiget.micros P50 : 0.000000 P95 : 0.000000 P99 : 0.000000 P100 : 0.000000 COUNT : 0 SUM : 0
rocksdb.blobdb.seek.micros P50 : 0.000000 P95 : 0.000000 P99 : 0.000000 P100 : 0.000000 COUNT : 0 SUM : 0
rocksdb.blobdb.next.micros P50 : 0.000000 P95 : 0.000000 P99 : 0.000000 P100 : 0.000000 COUNT : 0 SUM : 0
rocksdb.blobdb.prev.micros P50 : 0.000000 P95 : 0.000000 P99 : 0.000000 P100 : 0.000000 COUNT : 0 SUM : 0
rocksdb.blobdb.blob.file.write.micros P50 : 0.000000 P95 : 0.000000 P99 : 0.000000 P100 : 0.000000 COUNT : 0 SUM : 0
rocksdb.blobdb.blob.file.read.micros P50 : 0.000000 P95 : 0.000000 P99 : 0.000000 P100 : 0.000000 COUNT : 0 SUM : 0
rocksdb.blobdb.blob.file.sync.micros P50 : 0.000000 P95 : 0.000000 P99 : 0.000000 P100 : 0.000000 COUNT : 0 SUM : 0
rocksdb.blobdb.compression.micros P50 : 0.000000 P95 : 0.000000 P99 : 0.000000 P100 : 0.000000 COUNT : 0 SUM : 0
rocksdb.blobdb.decompression.micros P50 : 0.000000 P95 : 0.000000 P99 : 0.000000 P100 : 0.000000 COUNT : 0 SUM : 0
rocksdb.db.flush.micros P50 : 565365.853659 P95 : 1157500.000000 P99 : 1313978.000000 P100 : 1313978.000000 COUNT : 80 SUM : 53214154
rocksdb.sst.batch.size P50 : 0.000000 P95 : 0.000000 P99 : 0.000000 P100 : 0.000000 COUNT : 0 SUM : 0
rocksdb.multiget.io.batch.size P50 : 0.000000 P95 : 0.000000 P99 : 0.000000 P100 : 0.000000 COUNT : 0 SUM : 0
rocksdb.num.index.and.filter.blocks.read.per.level P50 : 0.000000 P95 : 0.000000 P99 : 0.000000 P100 : 0.000000 COUNT : 0 SUM : 0
rocksdb.num.sst.read.per.level P50 : 0.000000 P95 : 0.000000 P99 : 0.000000 P100 : 0.000000 COUNT : 0 SUM : 0
rocksdb.num.level.read.per.multiget P50 : 0.000000 P95 : 0.000000 P99 : 0.000000 P100 : 0.000000 COUNT : 0 SUM : 0
rocksdb.error.handler.autoresume.retry.count P50 : 0.000000 P95 : 0.000000 P99 : 0.000000 P100 : 0.000000 COUNT : 0 SUM : 0
rocksdb.async.read.bytes P50 : 0.000000 P95 : 0.000000 P99 : 0.000000 P100 : 0.000000 COUNT : 0 SUM : 0
rocksdb.poll.wait.micros P50 : 0.000000 P95 : 0.000000 P99 : 0.000000 P100 : 0.000000 COUNT : 0 SUM : 0
rocksdb.compaction.prefetch.bytes P50 : 0.000000 P95 : 0.000000 P99 : 0.000000 P100 : 0.000000 COUNT : 0 SUM : 0
rocksdb.prefetched.bytes.discarded P50 : 0.000000 P95 : 0.000000 P99 : 0.000000 P100 : 0.000000 COUNT : 0 SUM : 0
rocksdb.async.prefetch.abort.micros P50 : 0.000000 P95 : 0.000000 P99 : 0.000000 P100 : 0.000000 COUNT : 0 SUM : 0
rocksdb.table.open.prefetch.tail.read.bytes P50 : 0.000000 P95 : 0.000000 P99 : 0.000000 P100 : 0.000000 COUNT : 0 SUM : 0
rocksdb.num.op.per.transaction P50 : 0.000000 P95 : 0.000000 P99 : 0.000000 P100 : 0.000000 COUNT : 0 SUM : 0
rocksdb.multiscan.op.prepare.iterators.micros P50 : 0.000000 P95 : 0.000000 P99 : 0.000000 P100 : 0.000000 COUNT : 0 SUM : 0
rocksdb.multiscan.prepare.micros P50 : 0.000000 P95 : 0.000000 P99 : 0.000000 P100 : 0.000000 COUNT : 0 SUM : 0
rocksdb.multiscan.blocks.per.prepare P50 : 0.000000 P95 : 0.000000 P99 : 0.000000 P100 : 0.000000 COUNT : 0 SUM : 0
rocksdb.block.key.distribution.cv P50 : 0.000000 P95 : 0.000000 P99 : 0.000000 P100 : 0.000000 COUNT : 0 SUM : 0

[EXPERIMENT_COMPLETED]
