RocksDB:    version 11.3.0
Date:       Tue May 26 10:20:10 2026
CPU:        2 * Intel Xeon Processor (SapphireRapids)
CPUCache:   16384 KB
2026/05/26-10:20:11  ... thread 2: (33000,33000) ops and (32847.0,32847.0) ops/second in (1.004659,1.004659) seconds
2026/05/26-10:20:11  ... thread 1: (31000,31000) ops and (30719.3,30719.3) ops/second in (1.009139,1.009139) seconds
2026/05/26-10:20:11  ... thread 3: (35000,35000) ops and (34550.3,34550.3) ops/second in (1.013015,1.013015) seconds
2026/05/26-10:20:11  ... thread 0: (32000,32000) ops and (31276.2,31276.2) ops/second in (1.023143,1.023143) seconds
2026/05/26-10:20:12  ... thread 2: (32000,65000) ops and (31772.4,32309.0) ops/second in (1.007165,2.011824) seconds
2026/05/26-10:20:12  ... thread 3: (30000,65000) ops and (29874.8,32222.8) ops/second in (1.004191,2.017206) seconds
2026/05/26-10:20:12  ... thread 1: (28000,59000) ops and (27424.0,29062.0) ops/second in (1.021003,2.030142) seconds
2026/05/26-10:20:12  ... thread 0: (32000,64000) ops and (31232.2,31254.2) ops/second in (1.024584,2.047727) seconds
2026/05/26-10:20:13  ... thread 3: (31000,96000) ops and (30798.6,31748.7) ops/second in (1.006540,3.023746) seconds
2026/05/26-10:20:13  ... thread 2: (30000,95000) ops and (29634.6,31413.7) ops/second in (1.012330,3.024154) seconds
2026/05/26-10:20:14  ... thread 1: (31000,90000) ops and (18141.6,24071.1) ops/second in (1.708780,3.738922) seconds
2026/05/26-10:20:14  ... thread 0: (29000,93000) ops and (17062.2,24817.2) ops/second in (1.699667,3.747394) seconds
2026/05/26-10:20:14  ... thread 3: (9000,105000) ops and (8882.7,26009.7) ops/second in (1.013208,4.036954) seconds
2026/05/26-10:20:14  ... thread 2: (8000,103000) ops and (7834.1,25461.5) ops/second in (1.021172,4.045326) seconds
2026/05/26-10:20:15  ... thread 1: (31000,121000) ops and (20484.9,23037.8) ops/second in (1.513309,5.252231) seconds
2026/05/26-10:20:15  ... thread 2: (21000,124000) ops and (17380.4,23602.9) ops/second in (1.208258,5.253584) seconds
2026/05/26-10:20:15  ... thread 0: (35000,128000) ops and (23251.2,24368.5) ops/second in (1.505299,5.252693) seconds
2026/05/26-10:20:15  ... thread 3: (21000,126000) ops and (17064.4,23919.9) ops/second in (1.230633,5.267587) seconds
2026/05/26-10:20:16  ... thread 2: (27000,151000) ops and (26894.5,24131.0) ops/second in (1.003923,6.257507) seconds
2026/05/26-10:20:16  ... thread 1: (29000,150000) ops and (28715.1,23953.4) ops/second in (1.009920,6.262151) seconds
2026/05/26-10:20:16  ... thread 0: (31000,159000) ops and (30459.4,25357.1) ops/second in (1.017747,6.270440) seconds
2026/05/26-10:20:16  ... thread 3: (29000,155000) ops and (28541.3,24667.2) ops/second in (1.016073,6.283660) seconds
2026/05/26-10:20:17  ... thread 2: (9000,160000) ops and (8953.6,22030.4) ops/second in (1.005187,7.262694) seconds
2026/05/26-10:20:17  ... thread 1: (10000,160000) ops and (9973.9,22024.1) ops/second in (1.002612,7.264763) seconds
2026/05/26-10:20:17  ... thread 0: (8000,167000) ops and (7982.8,22962.9) ops/second in (1.002151,7.272591) seconds
2026/05/26-10:20:17  ... thread 3: (11000,166000) ops and (10877.1,22755.4) ops/second in (1.011297,7.294957) seconds
2026/05/26-10:20:19  ... thread 3: (23000,189000) ops and (17483.1,21949.9) ops/second in (1.315554,8.610511) seconds
2026/05/26-10:20:19  ... thread 0: (24000,191000) ops and (17856.8,22166.5) ops/second in (1.344025,8.616616) seconds
2026/05/26-10:20:19  ... thread 1: (25000,185000) ops and (18435.9,21459.7) ops/second in (1.356047,8.620810) seconds
2026/05/26-10:20:19  ... thread 2: (24000,184000) ops and (17484.5,21307.8) ops/second in (1.372646,8.635340) seconds
2026/05/26-10:20:20  ... thread 1: (33000,218000) ops and (22034.2,21544.7) ops/second in (1.497672,10.118482) seconds
2026/05/26-10:20:20  ... thread 0: (30000,221000) ops and (19732.1,21801.4) ops/second in (1.520368,10.136984) seconds
2026/05/26-10:20:20  ... thread 2: (30000,214000) ops and (19862.0,21092.6) ops/second in (1.510420,10.145760) seconds
2026/05/26-10:20:20  ... thread 3: (31000,220000) ops and (20102.5,21669.3) ops/second in (1.542099,10.152610) seconds
2026/05/26-10:20:21  ... thread 2: (17000,231000) ops and (16316.5,20647.8) ops/second in (1.041892,11.187652) seconds
2026/05/26-10:20:21  ... thread 0: (14000,235000) ops and (13348.7,21008.8) ops/second in (1.048791,11.185775) seconds
2026/05/26-10:20:21  ... thread 3: (17000,237000) ops and (16218.6,21159.2) ops/second in (1.048180,11.200790) seconds
2026/05/26-10:20:21  ... thread 1: (15000,233000) ops and (13777.6,20790.2) ops/second in (1.088724,11.207206) seconds
2026/05/26-10:20:23  ... thread 3: (26000,263000) ops and (16607.9,20601.1) ops/second in (1.565517,12.766307) seconds
2026/05/26-10:20:23  ... thread 2: (32000,263000) ops and (20134.5,20583.9) ops/second in (1.589312,12.776964) seconds
2026/05/26-10:20:23  ... thread 1: (32000,265000) ops and (20220.3,20719.7) ops/second in (1.582567,12.789773) seconds
2026/05/26-10:20:23  ... thread 0: (33000,268000) ops and (20497.1,20944.4) ops/second in (1.609982,12.795757) seconds
2026/05/26-10:20:24  ... thread 0: (14000,282000) ops and (12185.5,20222.8) ops/second in (1.148906,13.944663) seconds
2026/05/26-10:20:24  ... thread 2: (18000,281000) ops and (15333.8,20142.2) ops/second in (1.173875,13.950839) seconds
2026/05/26-10:20:24  ... thread 1: (15000,280000) ops and (12906.9,20068.9) ops/second in (1.162169,13.951942) seconds
2026/05/26-10:20:24  ... thread 3: (16000,279000) ops and (13476.7,19994.9) ops/second in (1.187231,13.953538) seconds
2026/05/26-10:20:25  ... thread 3: (17000,296000) ops and (13373.4,19442.1) ops/second in (1.271183,15.224721) seconds
2026/05/26-10:20:25  ... thread 2: (15000,296000) ops and (11740.6,19437.3) ops/second in (1.277615,15.228454) seconds
2026/05/26-10:20:25  ... thread 0: (13000,295000) ops and (9997.1,19350.6) ops/second in (1.300380,15.245043) seconds
2026/05/26-10:20:25  ... thread 1: (17000,297000) ops and (12957.7,19457.7) ops/second in (1.311961,15.263903) seconds
2026/05/26-10:20:27  ... thread 2: (15000,311000) ops and (12041.2,18878.0) ops/second in (1.245722,16.474176) seconds
2026/05/26-10:20:27  ... thread 3: (17000,313000) ops and (13531.1,18991.5) ops/second in (1.256368,16.481089) seconds
2026/05/26-10:20:27  ... thread 0: (15000,310000) ops and (12104.3,18805.8) ops/second in (1.239228,16.484271) seconds
2026/05/26-10:20:27  ... thread 1: (16000,313000) ops and (12959.5,18971.4) ops/second in (1.234617,16.498520) seconds
2026/05/26-10:20:28  ... thread 3: (30000,343000) ops and (19301.5,19018.2) ops/second in (1.554281,18.035370) seconds
2026/05/26-10:20:28  ... thread 1: (31000,344000) ops and (20039.4,19063.0) ops/second in (1.546953,18.045473) seconds
2026/05/26-10:20:28  ... thread 2: (32000,343000) ops and (19976.1,18975.3) ops/second in (1.601916,18.076092) seconds
2026/05/26-10:20:28  ... thread 0: (31000,341000) ops and (19212.6,18842.1) ops/second in (1.613528,18.097799) seconds
2026/05/26-10:20:29  ... thread 3: (14000,357000) ops and (13731.0,18735.3) ops/second in (1.019591,19.054961) seconds
2026/05/26-10:20:29  ... thread 2: (17000,360000) ops and (16901.9,18866.1) ops/second in (1.005802,19.081894) seconds
2026/05/26-10:20:29  ... thread 1: (19000,363000) ops and (18217.3,19016.7) ops/second in (1.042967,19.088440) seconds
2026/05/26-10:20:29  ... thread 0: (17000,358000) ops and (16695.7,18727.7) ops/second in (1.018224,19.116023) seconds
2026/05/26-10:20:30  ... thread 3: (25000,382000) ops and (24434.0,19025.7) ops/second in (1.023163,20.078124) seconds
2026/05/26-10:20:30  ... thread 1: (24000,387000) ops and (23971.1,19263.7) ops/second in (1.001207,20.089647) seconds
2026/05/26-10:20:30  ... thread 2: (27000,387000) ops and (26218.1,19242.5) ops/second in (1.029823,20.111717) seconds
2026/05/26-10:20:30  ... thread 0: (27000,385000) ops and (26321.7,19114.5) ops/second in (1.025768,20.141791) seconds
2026/05/26-10:20:31  ... thread 3: (5000,387000) ops and (4947.8,18351.1) ops/second in (1.010541,21.088665) seconds
2026/05/26-10:20:31  ... thread 1: (4000,391000) ops and (3957.4,18530.4) ops/second in (1.010769,21.100416) seconds
2026/05/26-10:20:31  ... thread 2: (5000,392000) ops and (4927.3,18554.9) ops/second in (1.014755,21.126472) seconds
2026/05/26-10:20:31  ... thread 0: (4000,389000) ops and (3869.9,18370.4) ops/second in (1.033625,21.175416) seconds
2026/05/26-10:20:32  ... thread 3: (30000,417000) ops and (29660.3,18868.7) ops/second in (1.011453,22.100118) seconds
2026/05/26-10:20:32  ... thread 1: (27000,418000) ops and (26439.6,18895.5) ops/second in (1.021196,22.121612) seconds
2026/05/26-10:20:32  ... thread 2: (29000,421000) ops and (28187.9,19002.2) ops/second in (1.028809,22.155281) seconds
2026/05/26-10:20:33  ... thread 0: (30000,419000) ops and (17560.1,18309.9) ops/second in (1.708414,22.883830) seconds
2026/05/26-10:20:33  ... thread 3: (8000,425000) ops and (7984.3,18396.6) ops/second in (1.001961,23.102079) seconds
2026/05/26-10:20:33  ... thread 1: (11000,429000) ops and (10766.7,18536.7) ops/second in (1.021668,23.143280) seconds
2026/05/26-10:20:33  ... thread 2: (9000,430000) ops and (8900.1,18561.3) ops/second in (1.011220,23.166501) seconds
2026/05/26-10:20:35  ... thread 1: (23000,452000) ops and (17631.6,18488.4) ops/second in (1.304479,24.447759) seconds
2026/05/26-10:20:35  ... thread 3: (27000,452000) ops and (20046.2,18487.5) ops/second in (1.346886,24.448965) seconds
2026/05/26-10:20:35  ... thread 2: (23000,453000) ops and (17933.1,18528.3) ops/second in (1.282545,24.449046) seconds
2026/05/26-10:20:35  ... thread 0: (29000,448000) ops and (18456.1,18319.3) ops/second in (1.571297,24.455127) seconds
2026/05/26-10:20:36  ... thread 3: (32000,484000) ops and (28459.3,18925.9) ops/second in (1.124413,25.573378) seconds
2026/05/26-10:20:36  ... thread 1: (29000,481000) ops and (25745.8,18808.0) ops/second in (1.126399,25.574158) seconds
2026/05/26-10:20:36  ... thread 0: (32000,480000) ops and (28584.2,18768.6) ops/second in (1.119499,25.574626) seconds
2026/05/26-10:20:36  ... thread 2: (32000,485000) ops and (27944.2,18949.6) ops/second in (1.145139,25.594185) seconds
2026/05/26-10:20:37  ... thread 1: (29000,510000) ops and (18915.6,18814.1) ops/second in (1.533123,27.107281) seconds
2026/05/26-10:20:37  ... thread 3: (33000,517000) ops and (21466.5,19070.0) ops/second in (1.537277,27.110655) seconds
2026/05/26-10:20:37  ... thread 2: (31000,516000) ops and (20381.0,19029.9) ops/second in (1.521028,27.115213) seconds
2026/05/26-10:20:37  ... thread 0: (33000,513000) ops and (21347.0,18915.6) ops/second in (1.545886,27.120512) seconds
2026/05/26-10:20:38  ... thread 3: (29000,546000) ops and (27137.3,19375.9) ops/second in (1.068639,28.179294) seconds
2026/05/26-10:20:38  ... thread 2: (34000,550000) ops and (29760.9,19463.8) ops/second in (1.142440,28.257653) seconds
2026/05/26-10:20:38  ... thread 0: (28000,541000) ops and (22508.3,19073.1) ops/second in (1.243985,28.364497) seconds
2026/05/26-10:20:39  ... thread 1: (32000,542000) ops and (24362.0,19070.5) ops/second in (1.313520,28.420801) seconds
2026/05/26-10:20:39  ... thread 3: (2000,548000) ops and (1807.6,18712.2) ops/second in (1.106455,29.285749) seconds
2026/05/26-10:20:40  ... thread 0: (2000,543000) ops and (1880.6,18451.8) ops/second in (1.063467,29.427964) seconds
2026/05/26-10:20:40  ... thread 1: (2000,544000) ops and (1856.5,18441.9) ops/second in (1.077283,29.498084) seconds
2026/05/26-10:20:40  ... thread 2: (2000,552000) ops and (1023.0,18270.5) ops/second in (1.955058,30.212711) seconds
2026/05/26-10:20:41  ... thread 3: (4000,552000) ops and (3087.3,18050.2) ops/second in (1.295648,30.581397) seconds
2026/05/26-10:20:41  ... thread 1: (2000,546000) ops and (1632.7,17771.7) ops/second in (1.224965,30.723049) seconds
2026/05/26-10:20:41  ... thread 0: (2000,545000) ops and (1111.3,17452.5) ops/second in (1.799692,31.227656) seconds
2026/05/26-10:20:42  ... thread 3: (3000,555000) ops and (2488.9,17460.1) ops/second in (1.205331,31.786728) seconds
2026/05/26-10:20:42  ... thread 2: (2000,554000) ops and (1070.3,17268.6) ops/second in (1.868712,32.081423) seconds
2026/05/26-10:20:42  ... thread 1: (2000,548000) ops and (1357.5,17020.6) ops/second in (1.473263,32.196312) seconds
2026/05/26-10:20:43  ... thread 0: (2000,547000) ops and (1377.5,16738.3) ops/second in (1.451903,32.679559) seconds
2026/05/26-10:20:43  ... thread 3: (2000,557000) ops and (1816.9,16936.5) ops/second in (1.100787,32.887515) seconds
2026/05/26-10:20:43  ... thread 2: (2000,556000) ops and (1877.9,16774.0) ops/second in (1.065018,33.146441) seconds
2026/05/26-10:20:44  ... thread 1: (2000,550000) ops and (1155.3,16211.1) ops/second in (1.731116,33.927428) seconds
2026/05/26-10:20:44  ... thread 3: (3000,560000) ops and (2415.8,16408.2) ops/second in (1.241844,34.129359) seconds
2026/05/26-10:20:44  ... thread 2: (2000,558000) ops and (1897.1,16315.5) ops/second in (1.054233,34.200674) seconds
2026/05/26-10:20:45  ... thread 0: (2000,549000) ops and (992.9,15824.1) ops/second in (2.014256,34.693815) seconds
2026/05/26-10:20:45  ... thread 1: (2000,552000) ops and (1597.2,15690.9) ops/second in (1.252206,35.179634) seconds
2026/05/26-10:20:45  ... thread 3: (3000,563000) ops and (2852.9,16003.0) ops/second in (1.051544,35.180903) seconds
2026/05/26-10:20:45  ... thread 2: (3000,561000) ops and (2954.9,15930.3) ops/second in (1.015254,35.215928) seconds
2026/05/26-10:20:46  ... thread 0: (17000,566000) ops and (16775.3,15851.1) ops/second in (1.013396,35.707211) seconds
2026/05/26-10:20:46  ... thread 3: (31000,594000) ops and (30749.5,16413.8) ops/second in (1.008147,36.189050) seconds
2026/05/26-10:20:46  ... thread 1: (29000,581000) ops and (28462.5,16050.4) ops/second in (1.018886,36.198520) seconds
2026/05/26-10:20:46  ... thread 2: (29000,590000) ops and (28730.7,16287.0) ops/second in (1.009374,36.225302) seconds
2026/05/26-10:20:47  ... thread 0: (32000,598000) ops and (31755.8,16287.7) ops/second in (1.007691,36.714902) seconds
2026/05/26-10:20:47  ... thread 1: (27000,608000) ops and (26606.8,16338.2) ops/second in (1.014778,37.213298) seconds
2026/05/26-10:20:47  ... thread 3: (26000,620000) ops and (25262.5,16658.5) ops/second in (1.029195,37.218245) seconds
2026/05/26-10:20:47  ... thread 2: (30000,620000) ops and (29845.3,16653.0) ops/second in (1.005183,37.230485) seconds
2026/05/26-10:20:48  ... thread 0: (24000,622000) ops and (23655.5,16485.8) ops/second in (1.014563,37.729465) seconds
2026/05/26-10:20:48  ... thread 3: (29000,649000) ops and (28871.9,16979.4) ops/second in (1.004438,38.222683) seconds
2026/05/26-10:20:48  ... thread 2: (26000,646000) ops and (25877.9,16895.4) ops/second in (1.004720,38.235205) seconds
2026/05/26-10:20:48  ... thread 1: (29000,637000) ops and (28147.9,16656.4) ops/second in (1.030274,38.243572) seconds
2026/05/26-10:20:49  ... thread 0: (32000,654000) ops and (31231.4,16875.6) ops/second in (1.024609,38.754074) seconds
2026/05/26-10:20:50  ... thread 2: (25000,671000) ops and (19594.2,16982.6) ops/second in (1.275890,39.511095) seconds
2026/05/26-10:20:50  ... thread 3: (28000,677000) ops and (20854.1,17110.9) ops/second in (1.342660,39.565343) seconds
2026/05/26-10:20:50  ... thread 1: (26000,663000) ops and (19100.3,16740.4) ops/second in (1.361234,39.604806) seconds
2026/05/26-10:20:50  ... thread 0: (14000,668000) ops and (11805.2,16725.1) ops/second in (1.185923,39.939997) seconds
2026/05/26-10:20:51  ... thread 2: (1000,672000) ops and (829.2,16504.1) ops/second in (1.205939,40.717034) seconds
2026/05/26-10:20:51  ... thread 3: (3000,680000) ops and (2585.4,16697.1) ops/second in (1.160366,40.725709) seconds
2026/05/26-10:20:51  ... thread 0: (2000,670000) ops and (1794.8,16319.8) ops/second in (1.114320,41.054317) seconds
2026/05/26-10:20:51  ... thread 1: (2000,665000) ops and (1166.6,16094.2) ops/second in (1.714431,41.319237) seconds
2026/05/26-10:20:52  ... thread 3: (4000,684000) ops and (3343.8,16316.0) ops/second in (1.196247,41.921956) seconds
2026/05/26-10:20:52  ... thread 2: (1000,673000) ops and (815.8,16045.6) ops/second in (1.225865,41.942899) seconds
2026/05/26-10:20:53  ... thread 0: (2000,672000) ops and (1162.2,15710.0) ops/second in (1.720889,42.775206) seconds
2026/05/26-10:20:53  ... thread 1: (2000,667000) ops and (1215.2,15524.2) ops/second in (1.645848,42.965085) seconds
2026/05/26-10:20:53  ... thread 3: (1000,685000) ops and (716.0,15813.1) ops/second in (1.396688,43.318644) seconds
2026/05/26-10:20:54  ... thread 2: (4000,677000) ops and (2216.3,15475.1) ops/second in (1.804821,43.747720) seconds
2026/05/26-10:20:54  ... thread 1: (3000,670000) ops and (2673.9,15197.2) ops/second in (1.121973,44.087058) seconds
2026/05/26-10:20:55  ... thread 3: (3000,688000) ops and (2669.4,15480.7) ops/second in (1.123858,44.442502) seconds
2026/05/26-10:20:55  ... thread 0: (1000,673000) ops and (575.9,15119.7) ops/second in (1.736366,44.511572) seconds
2026/05/26-10:20:55  ... thread 2: (2000,679000) ops and (1931.3,15161.9) ops/second in (1.035570,44.783290) seconds
2026/05/26-10:20:56  ... thread 1: (2000,672000) ops and (1324.5,14737.8) ops/second in (1.510021,45.597079) seconds
2026/05/26-10:20:56  ... thread 0: (2000,675000) ops and (1701.9,14774.5) ops/second in (1.175134,45.686706) seconds
2026/05/26-10:20:56  ... thread 2: (2000,681000) ops and (1345.5,14718.0) ops/second in (1.486488,46.269778) seconds
2026/05/26-10:20:56  ... thread 3: (3000,691000) ops and (1565.6,14905.5) ops/second in (1.916146,46.358648) seconds
2026/05/26-10:20:57  ... thread 1: (1000,673000) ops and (932.3,14420.5) ops/second in (1.072560,46.669639) seconds
2026/05/26-10:20:57  ... thread 0: (3000,678000) ops and (2122.7,14394.9) ops/second in (1.413293,47.099999) seconds
2026/05/26-10:20:58  ... thread 3: (3000,694000) ops and (2503.8,14593.1) ops/second in (1.198160,47.556808) seconds
2026/05/26-10:20:58  ... thread 1: (2000,675000) ops and (1313.7,14006.5) ops/second in (1.522378,48.192017) seconds
2026/05/26-10:20:59  ... thread 2: (2000,683000) ops and (949.9,14118.8) ops/second in (2.105547,48.375325) seconds
2026/05/26-10:20:59  ... thread 0: (3000,681000) ops and (2078.9,14028.8) ops/second in (1.443075,48.543074) seconds
2026/05/26-10:20:59  ... thread 3: (2000,696000) ops and (1495.3,14234.8) ops/second in (1.337532,48.894340) seconds
2026/05/26-10:21:00  ... thread 1: (2000,677000) ops and (1444.3,13655.6) ops/second in (1.384763,49.576780) seconds
2026/05/26-10:21:00  ... thread 2: (1000,684000) ops and (781.3,13775.0) ops/second in (1.279910,49.655235) seconds
2026/05/26-10:21:00  ... thread 0: (3000,684000) ops and (1911.9,13649.4) ops/second in (1.569107,50.112181) seconds
2026/05/26-10:21:01  ... thread 3: (2000,698000) ops and (1030.5,13730.6) ops/second in (1.940894,50.835234) seconds
2026/05/26-10:21:01  ... thread 1: (2000,679000) ops and (1152.8,13232.9) ops/second in (1.734832,51.311612) seconds
2026/05/26-10:21:02  ... thread 2: (2000,686000) ops and (920.7,13236.2) ops/second in (2.172300,51.827535) seconds
2026/05/26-10:21:02  ... thread 0: (1000,685000) ops and (462.3,13103.7) ops/second in (2.163212,52.275393) seconds
2026/05/26-10:21:03  ... thread 1: (3000,682000) ops and (1983.2,12910.7) ops/second in (1.512716,52.824328) seconds
2026/05/26-10:21:03  ... thread 3: (1000,699000) ops and (433.4,13153.3) ops/second in (2.307525,53.142759) seconds
2026/05/26-10:21:03  ... thread 2: (2000,688000) ops and (1505.3,12943.0) ops/second in (1.328613,53.156148) seconds
2026/05/26-10:21:04  ... thread 0: (2000,687000) ops and (1156.2,12721.0) ops/second in (1.729865,54.005258) seconds
2026/05/26-10:21:04  ... thread 3: (1000,700000) ops and (931.2,12911.2) ops/second in (1.073844,54.216603) seconds
2026/05/26-10:21:05  ... thread 1: (2000,684000) ops and (1198.8,12552.1) ops/second in (1.668347,54.492675) seconds
2026/05/26-10:21:05  ... thread 2: (2000,690000) ops and (959.2,12490.7) ops/second in (2.084995,55.241143) seconds
2026/05/26-10:21:05  ... thread 3: (1000,701000) ops and (913.3,12673.7) ops/second in (1.094986,55.311589) seconds
2026/05/26-10:21:06  ... thread 0: (2000,689000) ops and (1162.2,12364.0) ops/second in (1.720901,55.726159) seconds
2026/05/26-10:21:06  ... thread 2: (1000,691000) ops and (954.6,12276.0) ops/second in (1.047583,56.288726) seconds
2026/05/26-10:21:07  ... thread 3: (1000,702000) ops and (871.7,12433.9) ops/second in (1.147177,56.458766) seconds
2026/05/26-10:21:07  ... thread 1: (2000,686000) ops and (968.8,12129.4) ops/second in (2.064351,56.557026) seconds
2026/05/26-10:21:07  ... thread 0: (1000,690000) ops and (955.1,12153.6) ops/second in (1.047012,56.773171) seconds
2026/05/26-10:21:08  ... thread 2: (1000,692000) ops and (756.0,12011.5) ops/second in (1.322729,57.611455) seconds
2026/05/26-10:21:08  ... thread 0: (1000,691000) ops and (850.1,11924.2) ops/second in (1.176294,57.949465) seconds
2026/05/26-10:21:08  ... thread 3: (2000,704000) ops and (1269.3,12130.7) ops/second in (1.575672,58.034438) seconds
2026/05/26-10:21:09  ... thread 1: (2000,688000) ops and (967.2,11735.6) ops/second in (2.067793,58.624819) seconds
2026/05/26-10:21:09  ... thread 2: (1000,693000) ops and (839.7,11785.2) ops/second in (1.190886,58.802341) seconds
2026/05/26-10:21:10  ... thread 0: (2000,693000) ops and (1165.9,11614.9) ops/second in (1.715368,59.664833) seconds
2026/05/26-10:21:10  ... thread 3: (2000,706000) ops and (1181.4,11820.4) ops/second in (1.692886,59.727324) seconds
2026/05/26-10:21:10  ... thread 2: (1000,694000) ops and (872.0,11576.5) ops/second in (1.146769,59.949110) seconds
2026/05/26-10:21:10  ... thread 1: (2000,690000) ops and (1148.8,11430.3) ops/second in (1.740895,60.365714) seconds
2026/05/26-10:21:11  ... thread 3: (2000,708000) ops and (1939.7,11652.7) ops/second in (1.031086,60.758410) seconds
2026/05/26-10:21:12  ... thread 0: (1000,694000) ops and (565.1,11296.6) ops/second in (1.769627,61.434460) seconds
2026/05/26-10:21:12  ... thread 2: (1000,695000) ops and (659.9,11307.4) ops/second in (1.515314,61.464424) seconds
2026/05/26-10:21:12  ... thread 1: (2000,692000) ops and (1101.1,11128.6) ops/second in (1.816372,62.182086) seconds
2026/05/26-10:21:13  ... thread 0: (1000,695000) ops and (904.3,11112.8) ops/second in (1.105788,62.540248) seconds
2026/05/26-10:21:13  ... thread 2: (2000,697000) ops and (1567.7,11109.3) ops/second in (1.275742,62.740166) seconds
2026/05/26-10:21:13  ... thread 3: (2000,710000) ops and (851.4,11250.7) ops/second in (2.348951,63.107361) seconds
2026/05/26-10:21:14  ... thread 1: (1000,693000) ops and (700.5,10894.6) ops/second in (1.427461,63.609547) seconds
2026/05/26-10:21:14  ... thread 0: (2000,697000) ops and (1514.5,10914.4) ops/second in (1.320596,63.860844) seconds
2026/05/26-10:21:15  ... thread 2: (2000,699000) ops and (1076.2,10820.7) ops/second in (1.858405,64.598571) seconds
2026/05/26-10:21:15  ... thread 1: (1000,694000) ops and (696.5,10669.5) ops/second in (1.435810,65.045357) seconds
2026/05/26-10:21:15  ... thread 0: (2000,699000) ops and (1409.9,10707.8) ops/second in (1.418495,65.279339) seconds
2026/05/26-10:21:16  ... thread 3: (1000,711000) ops and (429.3,10865.4) ops/second in (2.329475,65.436836) seconds
2026/05/26-10:21:17  ... thread 2: (1000,700000) ops and (548.3,10538.6) ops/second in (1.823885,66.422456) seconds
2026/05/26-10:21:17  ... thread 1: (1000,695000) ops and (591.5,10414.2) ops/second in (1.690478,66.735835) seconds
2026/05/26-10:21:18  ... thread 0: (1000,700000) ops and (468.2,10383.4) ops/second in (2.135938,67.415277) seconds
2026/05/26-10:21:18  ... thread 3: (2000,713000) ops and (983.4,10567.6) ops/second in (2.033671,67.470507) seconds
2026/05/26-10:21:18  ... thread 1: (1000,696000) ops and (656.6,10196.5) ops/second in (1.522933,68.258768) seconds
2026/05/26-10:21:19  ... thread 3: (1000,714000) ops and (614.9,10333.3) ops/second in (1.626357,69.096864) seconds
2026/05/26-10:21:19  ... thread 2: (1000,701000) ops and (353.7,10122.7) ops/second in (2.827567,69.250023) seconds
2026/05/26-10:21:19  ... thread 0: (2000,702000) ops and (1089.0,10136.9) ops/second in (1.836614,69.251891) seconds
2026/05/26-10:21:20  ... thread 1: (1000,697000) ops and (679.3,9995.6) ops/second in (1.472011,69.730779) seconds
2026/05/26-10:21:20  ... thread 3: (1000,715000) ops and (964.5,10194.8) ops/second in (1.036852,70.133716) seconds
2026/05/26-10:21:20  ... thread 2: (6000,707000) ops and (5976.9,10063.5) ops/second in (1.003872,70.253895) seconds
2026/05/26-10:21:20  ... thread 0: (8000,710000) ops and (7973.1,10106.0) ops/second in (1.003376,70.255267) seconds
2026/05/26-10:21:21  ... thread 1: (18000,715000) ops and (17739.6,10106.7) ops/second in (1.014679,70.745458) seconds
2026/05/26-10:21:21  ... thread 3: (25000,740000) ops and (24431.3,10399.5) ops/second in (1.023276,71.156992) seconds
2026/05/26-10:21:21  ... thread 2: (31000,738000) ops and (30901.5,10356.9) ops/second in (1.003188,71.257083) seconds
2026/05/26-10:21:21  ... thread 0: (31000,741000) ops and (30937.1,10398.9) ops/second in (1.002034,71.257301) seconds
2026/05/26-10:21:22  ... thread 1: (24000,739000) ops and (16379.0,10233.9) ops/second in (1.465293,72.210751) seconds
2026/05/26-10:21:22  ... thread 3: (12000,752000) ops and (11368.3,10413.7) ops/second in (1.055564,72.212556) seconds
2026/05/26-10:21:22  ... thread 0: (11000,752000) ops and (10864.1,10405.5) ops/second in (1.012509,72.269810) seconds
2026/05/26-10:21:22  ... thread 2: (10000,748000) ops and (9735.4,10348.0) ops/second in (1.027183,72.284266) seconds
2026/05/26-10:21:23  ... thread 0: (28000,780000) ops and (25982.4,10634.3) ops/second in (1.077652,73.347462) seconds
2026/05/26-10:21:23  ... thread 3: (32000,784000) ops and (28090.8,10688.2) ops/second in (1.139163,73.351719) seconds
2026/05/26-10:21:23  ... thread 2: (29000,777000) ops and (27068.3,10592.2) ops/second in (1.071364,73.355630) seconds
2026/05/26-10:21:24  ... thread 1: (33000,772000) ops and (28344.2,10521.3) ops/second in (1.164260,73.375011) seconds
2026/05/26-10:21:25  ... thread 1: (32000,804000) ops and (20165.9,10725.5) ops/second in (1.586835,74.961846) seconds
2026/05/26-10:21:25  ... thread 3: (30000,814000) ops and (18561.0,10858.0) ops/second in (1.616290,74.968009) seconds
2026/05/26-10:21:25  ... thread 0: (29000,809000) ops and (17790.0,10789.9) ops/second in (1.630132,74.977594) seconds
2026/05/26-10:21:25  ... thread 2: (34000,811000) ops and (20731.1,10814.0) ops/second in (1.640049,74.995679) seconds
2026/05/26-10:21:26  ... thread 1: (31000,835000) ops and (28042.8,10977.1) ops/second in (1.105455,76.067301) seconds
2026/05/26-10:21:26  ... thread 3: (33000,847000) ops and (29976.5,11134.6) ops/second in (1.100864,76.068873) seconds
2026/05/26-10:21:26  ... thread 0: (27000,836000) ops and (24687.0,10989.7) ops/second in (1.093695,76.071289) seconds
2026/05/26-10:21:26  ... thread 2: (33000,844000) ops and (30407.5,11093.4) ops/second in (1.085259,76.080938) seconds
2026/05/26-10:21:28  ... thread 2: (31000,875000) ops and (23627.8,11305.9) ops/second in (1.312013,77.392951) seconds
2026/05/26-10:21:28  ... thread 1: (31000,866000) ops and (18379.1,11137.7) ops/second in (1.686698,77.753999) seconds
2026/05/26-10:21:28  ... thread 0: (30000,866000) ops and (13539.7,11061.9) ops/second in (2.215713,78.287002) seconds
2026/05/26-10:21:29  ... thread 2: (1000,876000) ops and (869.7,11153.1) ops/second in (1.149887,78.542838) seconds
2026/05/26-10:21:29  ... thread 3: (33000,880000) ops and (13217.5,11200.8) ops/second in (2.496687,78.565560) seconds
2026/05/26-10:21:30  ... thread 1: (1000,867000) ops and (606.6,10919.0) ops/second in (1.648581,79.402580) seconds
2026/05/26-10:21:30  ... thread 0: (1000,867000) ops and (747.6,10888.6) ops/second in (1.337556,79.624558) seconds
2026/05/26-10:21:31  ... thread 3: (1000,881000) ops and (538.2,10954.5) ops/second in (1.858160,80.423720) seconds
2026/05/26-10:21:31  ... thread 1: (1000,868000) ops and (904.3,10781.5) ops/second in (1.105852,80.508432) seconds
2026/05/26-10:21:31  ... thread 2: (2000,878000) ops and (823.7,10843.4) ops/second in (2.428011,80.970849) seconds
2026/05/26-10:21:31  ... thread 0: (1000,868000) ops and (670.9,10700.8) ops/second in (1.490497,81.115055) seconds
2026/05/26-10:21:32  ... thread 3: (1000,882000) ops and (847.8,10808.4) ops/second in (1.179484,81.603204) seconds
2026/05/26-10:21:32  ... thread 1: (2000,870000) ops and (1257.8,10597.0) ops/second in (1.590092,82.098524) seconds
2026/05/26-10:21:32  ... thread 0: (1000,869000) ops and (795.6,10549.7) ops/second in (1.256845,82.371900) seconds
2026/05/26-10:21:33  ... thread 3: (1000,883000) ops and (671.5,10626.7) ops/second in (1.489278,83.092482) seconds
2026/05/26-10:21:34  ... thread 1: (1000,871000) ops and (612.8,10402.4) ops/second in (1.631774,83.730298) seconds
2026/05/26-10:21:34  ... thread 0: (2000,871000) ops and (1334.1,10385.0) ops/second in (1.499102,83.871002) seconds
2026/05/26-10:21:34  ... thread 2: (1000,879000) ops and (317.4,10449.2) ops/second in (3.150609,84.121458) seconds
2026/05/26-10:21:35  ... thread 3: (1000,884000) ops and (462.7,10369.1) ops/second in (2.161024,85.253506) seconds
2026/05/26-10:21:36  ... thread 0: (1000,872000) ops and (600.3,10194.4) ops/second in (1.665777,85.536779) seconds
2026/05/26-10:21:36  ... thread 1: (2000,873000) ops and (960.2,10173.3) ops/second in (2.082940,85.813238) seconds
2026/05/26-10:21:37  ... thread 3: (1000,885000) ops and (769.4,10224.9) ops/second in (1.299677,86.553183) seconds
2026/05/26-10:21:37  ... thread 0: (1000,873000) ops and (774.5,10054.4) ops/second in (1.291178,86.827957) seconds
2026/05/26-10:21:37  ... thread 1: (1000,874000) ops and (822.4,10042.6) ops/second in (1.215915,87.029153) seconds
2026/05/26-10:21:37  ... thread 2: (2000,881000) ops and (675.5,10116.9) ops/second in (2.960644,87.082102) seconds
2026/05/26-10:21:38  ... thread 3: (1000,886000) ops and (795.8,10090.0) ops/second in (1.256661,87.809844) seconds
2026/05/26-10:21:39  ... thread 1: (1000,875000) ops and (685.0,9888.2) ops/second in (1.459755,88.488908) seconds
2026/05/26-10:21:39  ... thread 2: (2000,883000) ops and (1101.3,9932.7) ops/second in (1.815962,88.898064) seconds
2026/05/26-10:21:39  ... thread 0: (1000,874000) ops and (395.9,9781.3) ops/second in (2.526095,89.354052) seconds
2026/05/26-10:21:40  ... thread 3: (1000,887000) ops and (566.6,9902.3) ops/second in (1.764958,89.574802) seconds
2026/05/26-10:21:40  ... thread 2: (1000,884000) ops and (698.9,9786.5) ops/second in (1.430752,90.328816) seconds
2026/05/26-10:21:41  ... thread 1: (2000,877000) ops and (832.7,9648.9) ops/second in (2.401836,90.890744) seconds
2026/05/26-10:21:41  ... thread 3: (1000,888000) ops and (602.2,9733.1) ops/second in (1.660587,91.235389) seconds
2026/05/26-10:21:42  ... thread 0: (2000,876000) ops and (892.9,9563.9) ops/second in (2.239904,91.593956) seconds
2026/05/26-10:21:42  ... thread 1: (1000,878000) ops and (685.4,9507.3) ops/second in (1.459028,92.349772) seconds
2026/05/26-10:21:43  ... thread 3: (1000,889000) ops and (712.3,9596.4) ops/second in (1.403822,92.639211) seconds
2026/05/26-10:21:43  ... thread 0: (1000,877000) ops and (791.3,9444.6) ops/second in (1.263703,92.857659) seconds
2026/05/26-10:21:43  ... thread 2: (2000,886000) ops and (725.5,9518.1) ops/second in (2.756653,93.085469) seconds
2026/05/26-10:21:44  ... thread 1: (1000,879000) ops and (608.0,9351.6) ops/second in (1.644786,93.994558) seconds
2026/05/26-10:21:44  ... thread 3: (2000,891000) ops and (1245.0,9454.0) ops/second in (1.606432,94.245643) seconds
2026/05/26-10:21:45  ... thread 0: (1000,878000) ops and (577.0,9282.1) ops/second in (1.732995,94.590654) seconds
2026/05/26-10:21:45  ... thread 2: (1000,887000) ops and (593.2,9359.4) ops/second in (1.685674,94.771143) seconds
2026/05/26-10:21:45  ... thread 1: (1000,880000) ops and (747.4,9230.8) ops/second in (1.338008,95.332566) seconds
2026/05/26-10:21:46  ... thread 2: (1000,888000) ops and (993.8,9271.5) ops/second in (1.006261,95.777404) seconds
2026/05/26-10:21:46  ... thread 0: (1000,879000) ops and (665.3,9147.3) ops/second in (1.503056,96.093710) seconds
2026/05/26-10:21:47  ... thread 3: (2000,893000) ops and (783.7,9225.4) ops/second in (2.551950,96.797593) seconds
2026/05/26-10:21:47  ... thread 2: (1000,889000) ops and (868.3,9171.7) ops/second in (1.151689,96.929093) seconds
2026/05/26-10:21:48  ... thread 0: (1000,880000) ops and (734.4,9029.8) ops/second in (1.361636,97.455346) seconds
2026/05/26-10:21:48  ... thread 1: (1000,881000) ops and (367.0,8984.6) ops/second in (2.724567,98.057133) seconds
2026/05/26-10:21:48  ... thread 3: (1000,894000) ops and (636.3,9088.2) ops/second in (1.571562,98.369155) seconds
2026/05/26-10:21:49  ... thread 2: (2000,891000) ops and (1283.4,9046.8) ops/second in (1.558408,98.487501) seconds
2026/05/26-10:21:49  ... thread 0: (1000,881000) ops and (630.3,8895.2) ops/second in (1.586506,99.041852) seconds
2026/05/26-10:21:50  ... thread 3: (1000,895000) ops and (612.9,8949.9) ops/second in (1.631654,100.000809) seconds
2026/05/26-10:21:51  ... thread 0: (1000,882000) ops and (698.6,8778.5) ops/second in (1.431343,100.473195) seconds
2026/05/26-10:21:51  ... thread 2: (1000,892000) ops and (501.8,8877.4) ops/second in (1.992753,100.480254) seconds
2026/05/26-10:21:51  ... thread 1: (1000,882000) ops and (411.7,8777.4) ops/second in (2.428764,100.485897) seconds
2026/05/26-10:21:51  ... thread 3: (21000,916000) ops and (20064.8,9065.1) ops/second in (1.046609,101.047418) seconds
2026/05/26-10:21:52  ... thread 2: (33000,925000) ops and (32913.4,9114.8) ops/second in (1.002630,101.482884) seconds
2026/05/26-10:21:52  ... thread 0: (32000,914000) ops and (31542.3,9006.0) ops/second in (1.014511,101.487706) seconds
2026/05/26-10:21:52  ... thread 1: (30000,912000) ops and (29731.5,8985.7) ops/second in (1.009032,101.494929) seconds
2026/05/26-10:21:52  ... thread 3: (28000,944000) ops and (27351.6,9248.5) ops/second in (1.023706,102.071124) seconds
2026/05/26-10:21:53  ... thread 0: (30000,944000) ops and (18958.1,9158.8) ops/second in (1.582433,103.070139) seconds
2026/05/26-10:21:53  ... thread 1: (32000,944000) ops and (20233.4,9158.2) ops/second in (1.581545,103.076474) seconds
2026/05/26-10:21:53  ... thread 2: (29000,954000) ops and (17971.9,9253.5) ops/second in (1.613627,103.096511) seconds
2026/05/26-10:21:53  ... thread 3: (12000,956000) ops and (11534.0,9271.5) ops/second in (1.040404,103.111528) seconds
2026/05/26-10:21:54  ... thread 0: (32000,976000) ops and (31850.8,9377.9) ops/second in (1.004683,104.074822) seconds
2026/05/26-10:21:54  ... thread 1: (31000,975000) ops and (30318.2,9366.1) ops/second in (1.022489,104.098963) seconds
2026/05/26-10:21:54  ... thread 2: (29000,983000) ops and (24883.0,9428.2) ops/second in (1.165456,104.261967) seconds
2026/05/26-10:21:54  ... thread 3: (29000,985000) ops and (24906.9,9446.1) ops/second in (1.164337,104.275865) seconds
2026/05/26-10:21:55  ... thread 0: (28000,1004000) ops and (27489.3,9553.4) ops/second in (1.018579,105.093401) seconds
2026/05/26-10:21:55  ... thread 1: (29000,1004000) ops and (28521.2,9551.4) ops/second in (1.016789,105.115752) seconds
2026/05/26-10:21:56  ... thread 2: (30000,1013000) ops and (26648.0,9612.1) ops/second in (1.125786,105.387753) seconds
2026/05/26-10:21:56  ... thread 3: (29000,1014000) ops and (25924.5,9621.0) ops/second in (1.118631,105.394496) seconds
2026/05/26-10:21:57  ... thread 3: (15000,1029000) ops and (12279.2,9651.5) ops/second in (1.221577,106.616073) seconds
2026/05/26-10:21:57  ... thread 2: (16000,1029000) ops and (12393.0,9645.8) ops/second in (1.291054,106.678807) seconds
2026/05/26-10:21:57  ... thread 0: (22000,1026000) ops and (10507.0,9572.0) ops/second in (2.093835,107.187236) seconds
2026/05/26-10:21:58  ... thread 1: (21000,1025000) ops and (9091.2,9541.5) ops/second in (2.309935,107.425687) seconds
2026/05/26-10:21:58  ... thread 2: (1000,1030000) ops and (976.3,9563.3) ops/second in (1.024277,107.703084) seconds
2026/05/26-10:21:58  ... thread 3: (1000,1030000) ops and (648.7,9523.1) ops/second in (1.541601,108.157674) seconds
2026/05/26-10:21:59  ... thread 2: (1000,1031000) ops and (901.8,9475.1) ops/second in (1.108863,108.811947) seconds
2026/05/26-10:22:00  ... thread 0: (1000,1027000) ops and (457.6,9389.9) ops/second in (2.185163,109.372399) seconds
2026/05/26-10:22:00  ... thread 2: (1000,1032000) ops and (747.8,9369.1) ops/second in (1.337278,110.149225) seconds
2026/05/26-10:22:00  ... thread 3: (1000,1031000) ops and (482.8,9353.3) ops/second in (2.071261,110.228935) seconds
2026/05/26-10:22:01  ... thread 2: (1000,1033000) ops and (843.5,9278.3) ops/second in (1.185504,111.334729) seconds
2026/05/26-10:22:02  ... thread 1: (1000,1026000) ops and (253.1,9211.9) ops/second in (3.951438,111.377125) seconds
2026/05/26-10:22:02  ... thread 0: (1000,1028000) ops and (341.8,9154.2) ops/second in (2.925632,112.298031) seconds
2026/05/26-10:22:03  ... thread 2: (1000,1034000) ops and (501.7,9124.0) ops/second in (1.993317,113.328046) seconds
2026/05/26-10:22:04  ... thread 3: (1000,1032000) ops and (308.9,9095.2) ops/second in (3.237183,113.466118) seconds
2026/05/26-10:22:04  ... thread 1: (2000,1028000) ops and (877.7,9044.9) ops/second in (2.278555,113.655680) seconds
2026/05/26-10:22:05  ... thread 0: (1000,1029000) ops and (399.5,8963.3) ops/second in (2.503350,114.801381) seconds
2026/05/26-10:22:05  ... thread 2: (1000,1035000) ops and (662.4,9012.7) ops/second in (1.509696,114.837742) seconds
2026/05/26-10:22:05  ... thread 3: (1000,1033000) ops and (588.8,8969.8) ops/second in (1.698450,115.164568) seconds
2026/05/26-10:22:05  ... thread 1: (1000,1029000) ops and (584.1,8919.3) ops/second in (1.712069,115.367749) seconds
2026/05/26-10:22:06  ... thread 0: (1000,1030000) ops and (991.2,8893.9) ops/second in (1.008876,115.810257) seconds
2026/05/26-10:22:07  ... thread 2: (1000,1036000) ops and (485.2,8862.4) ops/second in (2.061188,116.898930) seconds
2026/05/26-10:22:07  ... thread 1: (1000,1030000) ops and (562.7,8792.5) ops/second in (1.777088,117.144837) seconds
2026/05/26-10:22:08  ... thread 2: (1000,1037000) ops and (938.5,8790.8) ops/second in (1.065525,117.964455) seconds
2026/05/26-10:22:08  ... thread 3: (1000,1034000) ops and (345.3,8758.2) ops/second in (2.896296,118.060864) seconds
2026/05/26-10:22:09  ... thread 0: (1000,1031000) ops and (380.6,8705.0) ops/second in (2.627459,118.437716) seconds
2026/05/26-10:22:10  ... thread 2: (1000,1038000) ops and (692.0,8692.8) ops/second in (1.444988,119.409443) seconds
2026/05/26-10:22:10  ... thread 1: (1000,1031000) ops and (418.8,8625.2) ops/second in (2.387956,119.532793) seconds
2026/05/26-10:22:10  ... thread 3: (1000,1035000) ops and (597.5,8644.1) ops/second in (1.673595,119.734459) seconds
2026/05/26-10:22:11  ... thread 0: (1000,1032000) ops and (438.5,8548.8) ops/second in (2.280491,120.718207) seconds
2026/05/26-10:22:11  ... thread 2: (1000,1039000) ops and (743.2,8604.2) ops/second in (1.345534,120.754977) seconds
2026/05/26-10:22:11  ... thread 1: (1000,1032000) ops and (725.7,8535.2) ops/second in (1.378012,120.910805) seconds
2026/05/26-10:22:12  ... thread 0: (1000,1033000) ops and (685.5,8454.9) ops/second in (1.458800,122.177007) seconds
2026/05/26-10:22:12  ... thread 3: (1000,1036000) ops and (394.3,8473.0) ops/second in (2.536340,122.270799) seconds
2026/05/26-10:22:13  ... thread 2: (1000,1040000) ops and (491.8,8469.9) ops/second in (2.033233,122.788210) seconds
2026/05/26-10:22:13  ... thread 1: (1000,1033000) ops and (432.7,8383.3) ops/second in (2.310808,123.221613) seconds
2026/05/26-10:22:14  ... thread 3: (1000,1037000) ops and (655.0,8376.6) ops/second in (1.526746,123.797545) seconds
2026/05/26-10:22:15  ... thread 1: (1000,1034000) ops and (712.6,8296.9) ops/second in (1.403235,124.624848) seconds
2026/05/26-10:22:15  ... thread 0: (1000,1034000) ops and (369.2,8279.6) ops/second in (2.708193,124.885200) seconds
2026/05/26-10:22:15  ... thread 2: (1000,1041000) ops and (444.1,8325.3) ops/second in (2.251711,125.039921) seconds
2026/05/26-10:22:16  ... thread 3: (1000,1038000) ops and (463.5,8241.0) ops/second in (2.157505,125.955050) seconds
2026/05/26-10:22:16  ... thread 2: (1000,1042000) ops and (871.9,8257.6) ops/second in (1.146859,126.186780) seconds
2026/05/26-10:22:17  ... thread 1: (1000,1035000) ops and (486.8,8170.3) ops/second in (2.054118,126.678966) seconds
2026/05/26-10:22:17  ... thread 3: (1000,1039000) ops and (753.1,8162.9) ops/second in (1.327789,127.282839) seconds
2026/05/26-10:22:18  ... thread 0: (1000,1035000) ops and (362.0,8108.3) ops/second in (2.762074,127.647274) seconds
2026/05/26-10:22:18  ... thread 1: (1000,1036000) ops and (617.4,8074.9) ops/second in (1.619806,128.298772) seconds
2026/05/26-10:22:19  ... thread 3: (1000,1040000) ops and (683.6,8077.9) ops/second in (1.462790,128.745629) seconds
2026/05/26-10:22:19  ... thread 2: (1000,1043000) ops and (370.6,8092.5) ops/second in (2.698111,128.884891) seconds
2026/05/26-10:22:20  ... thread 0: (1000,1036000) ops and (569.2,8005.9) ops/second in (1.756705,129.403979) seconds
2026/05/26-10:22:20  ... thread 1: (1000,1037000) ops and (591.2,7977.5) ops/second in (1.691492,129.990264) seconds
2026/05/26-10:22:21  ... thread 2: (1000,1044000) ops and (575.1,7992.4) ops/second in (1.738705,130.623596) seconds
2026/05/26-10:22:21  ... thread 3: (1000,1041000) ops and (402.3,7932.6) ops/second in (2.485797,131.231426) seconds
2026/05/26-10:22:21  ... thread 0: (1000,1037000) ops and (510.7,7894.2) ops/second in (1.958029,131.362008) seconds
2026/05/26-10:22:22  ... thread 2: (1000,1045000) ops and (700.1,7913.5) ops/second in (1.428464,132.052060) seconds
2026/05/26-10:22:23  ... thread 1: (1000,1038000) ops and (398.1,7833.8) ops/second in (2.511643,132.501907) seconds
2026/05/26-10:22:23  ... thread 3: (1000,1042000) ops and (726.2,7857.7) ops/second in (1.377091,132.608517) seconds
2026/05/26-10:22:24  ... thread 0: (1000,1038000) ops and (462.7,7773.9) ops/second in (2.161287,133.523295) seconds
2026/05/26-10:22:24  ... thread 1: (1000,1039000) ops and (708.4,7758.7) ops/second in (1.411587,133.913494) seconds
2026/05/26-10:22:25  ... thread 0: (1000,1039000) ops and (776.4,7707.1) ops/second in (1.287962,134.811257) seconds
2026/05/26-10:22:25  ... thread 2: (1000,1046000) ops and (359.5,7757.7) ops/second in (2.781832,134.833892) seconds
2026/05/26-10:22:25  ... thread 3: (1000,1043000) ops and (402.5,7720.6) ops/second in (2.484249,135.092766) seconds
2026/05/26-10:22:26  ... thread 1: (1000,1040000) ops and (478.2,7646.8) ops/second in (2.091110,136.004604) seconds
2026/05/26-10:22:27  ... thread 2: (1000,1047000) ops and (430.2,7633.5) ops/second in (2.324426,137.158318) seconds
2026/05/26-10:22:28  ... thread 3: (1000,1044000) ops and (427.7,7596.5) ops/second in (2.338331,137.431097) seconds
2026/05/26-10:22:28  ... thread 0: (1000,1040000) ops and (372.1,7563.7) ops/second in (2.687626,137.498883) seconds
2026/05/26-10:22:28  ... thread 1: (1000,1041000) ops and (562.1,7555.3) ops/second in (1.779000,137.783604) seconds
2026/05/26-10:22:28  ... thread 2: (15000,1062000) ops and (14635.0,7685.4) ops/second in (1.024942,138.183260) seconds
2026/05/26-10:22:29  ... thread 3: (26000,1070000) ops and (25568.2,7728.5) ops/second in (1.016890,138.447987) seconds
2026/05/26-10:22:29  ... thread 0: (26000,1066000) ops and (25681.8,7696.1) ops/second in (1.012390,138.511273) seconds
2026/05/26-10:22:29  ... thread 1: (28000,1069000) ops and (25997.0,7698.4) ops/second in (1.077048,138.860652) seconds
2026/05/26-10:22:29  ... thread 2: (29000,1091000) ops and (28165.0,7836.9) ops/second in (1.029645,139.212905) seconds
2026/05/26-10:22:30  ... thread 3: (24000,1094000) ops and (23800.2,7844.7) ops/second in (1.008393,139.456380) seconds
2026/05/26-10:22:30  ... thread 0: (24000,1090000) ops and (23969.1,7812.9) ops/second in (1.001288,139.512561) seconds
2026/05/26-10:22:30  ... thread 1: (31000,1100000) ops and (26061.7,7854.3) ops/second in (1.189483,140.050135) seconds
2026/05/26-10:22:30  ... thread 2: (27000,1118000) ops and (26521.1,7972.6) ops/second in (1.018057,140.230962) seconds
2026/05/26-10:22:31  ... thread 3: (30000,1124000) ops and (20842.2,7977.5) ops/second in (1.439385,140.895765) seconds
2026/05/26-10:22:31  ... thread 0: (26000,1116000) ops and (18752.8,7920.6) ops/second in (1.386459,140.899020) seconds
2026/05/26-10:22:31  ... thread 1: (21000,1121000) ops and (20747.3,7946.8) ops/second in (1.012181,141.062316) seconds
2026/05/26-10:22:31  ... thread 2: (21000,1139000) ops and (20880.4,8064.5) ops/second in (1.005728,141.236690) seconds
2026/05/26-10:22:32  ... thread 3: (28000,1152000) ops and (27425.4,8117.4) ops/second in (1.020951,141.916716) seconds
2026/05/26-10:22:32  ... thread 0: (30000,1146000) ops and (29483.1,8075.2) ops/second in (1.017532,141.916552) seconds
2026/05/26-10:22:32  ... thread 1: (27000,1148000) ops and (26617.1,8080.1) ops/second in (1.014386,142.076702) seconds
2026/05/26-10:22:32  ... thread 2: (23000,1162000) ops and (22606.5,8168.5) ops/second in (1.017405,142.254095) seconds
2026/05/26-10:22:33  ... thread 0: (17000,1163000) ops and (14166.2,8126.2) ops/second in (1.200042,143.116594) seconds
2026/05/26-10:22:33  ... thread 1: (15000,1163000) ops and (14280.3,8125.6) ops/second in (1.050398,143.127100) seconds
2026/05/26-10:22:33  ... thread 3: (17000,1169000) ops and (13749.4,8166.1) ops/second in (1.236414,143.153130) seconds
2026/05/26-10:22:33  ... thread 2: (15000,1177000) ops and (14970.6,8216.1) ops/second in (1.001963,143.256058) seconds
2026/05/26-10:22:34  ... thread 1: (30000,1193000) ops and (29742.8,8276.9) ops/second in (1.008647,144.135747) seconds
2026/05/26-10:22:34  ... thread 3: (30000,1199000) ops and (28150.4,8313.8) ops/second in (1.065703,144.218833) seconds
2026/05/26-10:22:34  ... thread 0: (32000,1195000) ops and (29053.6,8286.1) ops/second in (1.101414,144.218008) seconds
2026/05/26-10:22:34  ... thread 2: (31000,1208000) ops and (30208.4,8372.5) ops/second in (1.026206,144.282264) seconds
2026/05/26-10:22:36  ... thread 3: (14000,1213000) ops and (8351.3,8314.2) ops/second in (1.676392,145.895225) seconds
2026/05/26-10:22:37  ... thread 2: (13000,1221000) ops and (5175.5,8317.8) ops/second in (2.511815,146.794079) seconds
2026/05/26-10:22:37  ... thread 0: (15000,1210000) ops and (5576.2,8236.4) ops/second in (2.690005,146.908013) seconds
2026/05/26-10:22:39  ... thread 3: (1000,1214000) ops and (397.3,8179.9) ops/second in (2.517286,148.412511) seconds
2026/05/26-10:22:39  ... thread 0: (1000,1211000) ops and (453.7,8121.4) ops/second in (2.204019,149.112032) seconds
2026/05/26-10:22:40  ... thread 1: (19000,1212000) ops and (3378.8,8093.0) ops/second in (5.623358,149.759105) seconds
2026/05/26-10:22:41  ... thread 2: (1000,1222000) ops and (273.0,8122.0) ops/second in (3.662333,150.456412) seconds
2026/05/26-10:22:42  ... thread 3: (1000,1215000) ops and (313.7,8014.5) ops/second in (3.188164,151.600675) seconds
2026/05/26-10:22:43  ... thread 0: (1000,1212000) ops and (289.8,7944.3) ops/second in (3.450837,152.562869) seconds
2026/05/26-10:22:44  ... thread 1: (1000,1213000) ops and (268.7,7903.3) ops/second in (3.721665,153.480770) seconds
2026/05/26-10:22:44  ... thread 2: (1000,1223000) ops and (317.9,7962.1) ops/second in (3.145793,153.602205) seconds
2026/05/26-10:22:44  ... thread 3: (1000,1216000) ops and (373.7,7882.0) ops/second in (2.675698,154.276373) seconds
2026/05/26-10:22:46  ... thread 1: (1000,1214000) ops and (412.3,7786.7) ops/second in (2.425287,155.906057) seconds
2026/05/26-10:22:47  ... thread 2: (1000,1224000) ops and (297.3,7797.9) ops/second in (3.363505,156.965710) seconds
2026/05/26-10:22:47  ... thread 0: (1000,1213000) ops and (216.6,7717.3) ops/second in (4.616115,157.178984) seconds
2026/05/26-10:22:49  ... thread 3: (1000,1217000) ops and (234.7,7676.4) ops/second in (4.261509,158.537882) seconds
2026/05/26-10:22:49  ... thread 1: (1000,1215000) ops and (312.2,7636.2) ops/second in (3.203532,159.109589) seconds
2026/05/26-10:22:50  ... thread 0: (1000,1214000) ops and (317.2,7571.8) ops/second in (3.152618,160.331602) seconds
2026/05/26-10:22:51  ... thread 2: (1000,1225000) ops and (275.5,7627.9) ops/second in (3.629571,160.595281) seconds
2026/05/26-10:22:51  ... thread 3: (1000,1218000) ops and (460.3,7578.8) ops/second in (2.172608,160.710490) seconds
2026/05/26-10:22:53  ... thread 1: (1000,1216000) ops and (275.0,7471.8) ops/second in (3.636410,162.745999) seconds
2026/05/26-10:22:53  ... thread 0: (1000,1215000) ops and (379.5,7455.5) ops/second in (2.635288,162.966890) seconds
2026/05/26-10:22:53  ... thread 2: (1000,1226000) ops and (361.2,7504.7) ops/second in (2.768372,163.363653) seconds
2026/05/26-10:22:54  ... thread 3: (1000,1219000) ops and (283.0,7421.9) ops/second in (3.533724,164.244214) seconds
2026/05/26-10:22:56  ... thread 0: (1000,1216000) ops and (378.8,7342.7) ops/second in (2.639910,165.606800) seconds
2026/05/26-10:22:57  ... thread 0: (1000,1217000) ops and (791.2,7293.1) ops/second in (1.263924,166.870724) seconds
2026/05/26-10:22:57  ... thread 1: (1000,1217000) ops and (242.2,7292.9) ops/second in (4.127997,166.873996) seconds
2026/05/26-10:22:57  ... thread 2: (1000,1227000) ops and (283.9,7352.3) ops/second in (3.522415,166.886068) seconds
2026/05/26-10:22:57  ... thread 3: (1000,1220000) ops and (378.0,7310.2) ops/second in (2.645701,166.889915) seconds
2026/05/26-10:22:58  ... thread 1: (28000,1245000) ops and (27697.4,7415.8) ops/second in (1.010924,167.884920) seconds
2026/05/26-10:22:58  ... thread 2: (23000,1250000) ops and (22733.7,7445.0) ops/second in (1.011713,167.897781) seconds
2026/05/26-10:22:58  ... thread 3: (27000,1247000) ops and (26498.7,7426.6) ops/second in (1.018918,167.908833) seconds
2026/05/26-10:22:58  ... thread 0: (31000,1248000) ops and (29366.0,7431.8) ops/second in (1.055643,167.926367) seconds
Initializing RocksDB Options from the specified file
Initializing RocksDB Options from command-line flags
Integrated BlobDB: blob cache disabled
Keys:       16 bytes each (+ 0 bytes user-defined timestamp)
Values:     1024 bytes each (512 bytes after compression)
Entries:    1250000
Prefix:    0 bytes
Keys per prefix:    0
RawSize:    1239.8 MB (estimated)
FileSize:   629.4 MB (estimated)
Write rate: 0 bytes/second
Read rate: 0 ops/second
Compression: Snappy
Compression sampling rate: 0
Memtablerep: SkipListFactory
Perf Level: 1
WARNING: Assertions are enabled; benchmarks unnecessarily slow
------------------------------------------------
Initializing RocksDB Options from the specified file
Initializing RocksDB Options from command-line flags
Integrated BlobDB: blob cache disabled
DB path: [/tmp/rocksdb_comp_exp_db]
fillrandom   :     134.384 micros/op 29759 ops/sec 168.015 seconds 5000000 operations;   29.5 MB/s
2026/05/26-10:23:01  ... thread 0: (1000,1000) ops and (404.8,404.8) ops/second in (2.470479,2.470479) seconds
2026/05/26-10:23:01  ... thread 3: (1000,1000) ops and (404.5,404.5) ops/second in (2.472149,2.472149) seconds
2026/05/26-10:23:01  ... thread 2: (1000,1000) ops and (404.4,404.4) ops/second in (2.472823,2.472823) seconds
2026/05/26-10:23:01  ... thread 1: (1000,1000) ops and (399.1,399.1) ops/second in (2.505405,2.505405) seconds
2026/05/26-10:23:02  ... thread 0: (1000,2000) ops and (875.1,553.5) ops/second in (1.142788,3.613267) seconds
2026/05/26-10:23:02  ... thread 3: (1000,2000) ops and (838.5,545.7) ops/second in (1.192604,3.664753) seconds
2026/05/26-10:23:02  ... thread 1: (1000,2000) ops and (842.7,541.7) ops/second in (1.186659,3.692064) seconds
2026/05/26-10:23:02  ... thread 2: (1000,2000) ops and (794.3,535.9) ops/second in (1.259020,3.731843) seconds
2026/05/26-10:23:05  ... thread 0: (2000,4000) ops and (715.4,624.1) ops/second in (2.795760,6.409027) seconds
2026/05/26-10:23:05  ... thread 3: (2000,4000) ops and (699.6,613.2) ops/second in (2.858590,6.523343) seconds
2026/05/26-10:23:05  ... thread 2: (2000,4000) ops and (689.5,603.1) ops/second in (2.900643,6.632486) seconds
2026/05/26-10:23:05  ... thread 1: (2000,4000) ops and (648.0,590.1) ops/second in (3.086586,6.778650) seconds
2026/05/26-10:23:06  ... thread 0: (1000,5000) ops and (861.1,660.5) ops/second in (1.161330,7.570357) seconds
2026/05/26-10:23:06  ... thread 3: (1000,5000) ops and (934.6,658.5) ops/second in (1.069985,7.593328) seconds
2026/05/26-10:23:06  ... thread 2: (1000,5000) ops and (884.0,644.0) ops/second in (1.131241,7.763727) seconds
2026/05/26-10:23:07  ... thread 1: (1000,5000) ops and (391.3,535.7) ops/second in (2.555610,9.334260) seconds
2026/05/26-10:23:09  ... thread 0: (1000,6000) ops and (310.1,555.8) ops/second in (3.225130,10.795487) seconds
2026/05/26-10:23:09  ... thread 3: (1000,6000) ops and (310.2,554.7) ops/second in (3.224032,10.817360) seconds
2026/05/26-10:23:09  ... thread 2: (1000,6000) ops and (302.8,542.2) ops/second in (3.301983,11.065710) seconds
2026/05/26-10:23:10  ... thread 1: (1000,6000) ops and (427.1,513.9) ops/second in (2.341379,11.675639) seconds
2026/05/26-10:23:12  ... thread 0: (1000,7000) ops and (301.0,495.8) ops/second in (3.322102,14.117589) seconds
2026/05/26-10:23:12  ... thread 3: (1000,7000) ops and (290.8,491.0) ops/second in (3.439205,14.256565) seconds
2026/05/26-10:23:12  ... thread 2: (1000,7000) ops and (311.0,490.1) ops/second in (3.215639,14.281349) seconds
2026/05/26-10:23:13  ... thread 1: (1000,7000) ops and (291.1,463.3) ops/second in (3.434708,15.110347) seconds
2026/05/26-10:23:14  ... thread 0: (1000,8000) ops and (796.2,520.4) ops/second in (1.255949,15.373538) seconds
2026/05/26-10:23:14  ... thread 2: (1000,8000) ops and (886.7,519.2) ops/second in (1.127763,15.409112) seconds
2026/05/26-10:23:14  ... thread 3: (1000,8000) ops and (861.2,518.9) ops/second in (1.161148,15.417713) seconds
2026/05/26-10:23:14  ... thread 1: (3000,10000) ops and (2458.3,612.3) ops/second in (1.220366,16.330713) seconds
2026/05/26-10:23:15  ... thread 0: (3000,11000) ops and (2602.1,665.6) ops/second in (1.152893,16.526431) seconds
2026/05/26-10:23:15  ... thread 2: (3000,11000) ops and (2531.1,662.9) ops/second in (1.185268,16.594380) seconds
2026/05/26-10:23:15  ... thread 3: (3000,11000) ops and (2460.8,661.2) ops/second in (1.219127,16.636840) seconds
2026/05/26-10:23:16  ... thread 1: (3000,13000) ops and (2632.1,744.1) ops/second in (1.139761,17.470474) seconds
2026/05/26-10:23:16  ... thread 0: (3000,14000) ops and (2657.1,793.0) ops/second in (1.129045,17.655476) seconds
2026/05/26-10:23:16  ... thread 2: (3000,14000) ops and (2729.7,791.3) ops/second in (1.099026,17.693406) seconds
2026/05/26-10:23:16  ... thread 3: (3000,14000) ops and (2620.3,787.3) ops/second in (1.144911,17.781751) seconds
2026/05/26-10:23:17  ... thread 1: (3000,16000) ops and (2939.4,865.3) ops/second in (1.020611,18.491085) seconds
2026/05/26-10:23:17  ... thread 0: (3000,17000) ops and (2901.0,909.6) ops/second in (1.034139,18.689615) seconds
2026/05/26-10:23:17  ... thread 3: (3000,17000) ops and (2789.3,901.5) ops/second in (1.075557,18.857308) seconds
2026/05/26-10:23:17  ... thread 2: (4000,18000) ops and (3059.7,947.3) ops/second in (1.307318,19.000724) seconds
2026/05/26-10:23:18  ... thread 1: (3000,19000) ops and (2877.9,972.7) ops/second in (1.042421,19.533506) seconds
2026/05/26-10:23:18  ... thread 0: (3000,20000) ops and (2978.0,1015.4) ops/second in (1.007375,19.696990) seconds
2026/05/26-10:23:18  ... thread 3: (4000,21000) ops and (3214.5,1044.7) ops/second in (1.244361,20.101669) seconds
2026/05/26-10:23:18  ... thread 2: (4000,22000) ops and (3008.0,1082.1) ops/second in (1.329795,20.330519) seconds
2026/05/26-10:23:19  ... thread 1: (3000,22000) ops and (2968.8,1070.9) ops/second in (1.010509,20.544015) seconds
2026/05/26-10:23:19  ... thread 0: (3000,23000) ops and (2868.8,1108.8) ops/second in (1.045733,20.742723) seconds
2026/05/26-10:23:19  ... thread 3: (3000,24000) ops and (2737.1,1132.2) ops/second in (1.096054,21.197723) seconds
2026/05/26-10:23:20  ... thread 2: (3000,25000) ops and (2727.9,1166.6) ops/second in (1.099746,21.430265) seconds
2026/05/26-10:23:20  ... thread 1: (3000,25000) ops and (2880.1,1158.2) ops/second in (1.041645,21.585660) seconds
2026/05/26-10:23:20  ... thread 0: (3000,26000) ops and (2845.0,1192.8) ops/second in (1.054472,21.797195) seconds
2026/05/26-10:23:21  ... thread 2: (3000,28000) ops and (2828.9,1245.0) ops/second in (1.060485,22.490750) seconds
2026/05/26-10:23:21  ... thread 3: (4000,28000) ops and (2955.0,1241.6) ops/second in (1.353617,22.551340) seconds
2026/05/26-10:23:21  ... thread 1: (3000,28000) ops and (2990.2,1239.5) ops/second in (1.003272,22.588932) seconds
2026/05/26-10:23:21  ... thread 0: (3000,29000) ops and (2883.7,1269.8) ops/second in (1.040318,22.837513) seconds
2026/05/26-10:23:22  ... thread 2: (3000,31000) ops and (2967.0,1319.0) ops/second in (1.011138,23.501888) seconds
2026/05/26-10:23:22  ... thread 3: (4000,32000) ops and (3124.1,1342.7) ops/second in (1.280378,23.831718) seconds
2026/05/26-10:23:22  ... thread 1: (4000,32000) ops and (3212.1,1342.6) ops/second in (1.245301,23.834233) seconds
2026/05/26-10:23:22  ... thread 0: (4000,33000) ops and (3276.5,1371.7) ops/second in (1.220819,24.058332) seconds
2026/05/26-10:23:23  ... thread 2: (4000,35000) ops and (3356.2,1417.4) ops/second in (1.191807,24.693695) seconds
2026/05/26-10:23:23  ... thread 3: (4000,36000) ops and (3894.9,1448.2) ops/second in (1.026975,24.858693) seconds
2026/05/26-10:23:23  ... thread 1: (4000,36000) ops and (3712.6,1445.1) ops/second in (1.077423,24.911656) seconds
2026/05/26-10:23:23  ... thread 0: (4000,37000) ops and (3773.7,1473.0) ops/second in (1.059964,25.118296) seconds
2026/05/26-10:23:24  ... thread 2: (5000,40000) ops and (4604.3,1551.6) ops/second in (1.085952,25.779647) seconds
2026/05/26-10:23:24  ... thread 3: (5000,41000) ops and (4745.4,1582.3) ops/second in (1.053653,25.912346) seconds
2026/05/26-10:23:24  ... thread 1: (5000,41000) ops and (4636.1,1577.5) ops/second in (1.078488,25.990144) seconds
2026/05/26-10:23:24  ... thread 0: (5000,42000) ops and (4594.2,1602.6) ops/second in (1.088320,26.206616) seconds
2026/05/26-10:23:25  ... thread 2: (5000,45000) ops and (4783.3,1677.5) ops/second in (1.045303,26.824950) seconds
2026/05/26-10:23:25  ... thread 3: (5000,46000) ops and (4699.5,1705.2) ops/second in (1.063935,26.976281) seconds
2026/05/26-10:23:25  ... thread 1: (6000,47000) ops and (5029.9,1729.0) ops/second in (1.192856,27.183000) seconds
2026/05/26-10:23:25  ... thread 0: (6000,48000) ops and (5245.7,1755.0) ops/second in (1.143789,27.350405) seconds
2026/05/26-10:23:26  ... thread 2: (6000,51000) ops and (5380.4,1825.3) ops/second in (1.115164,27.940114) seconds
2026/05/26-10:23:26  ... thread 3: (6000,52000) ops and (5263.8,1849.5) ops/second in (1.139853,28.116134) seconds
2026/05/26-10:23:26  ... thread 1: (6000,53000) ops and (5471.0,1874.1) ops/second in (1.096699,28.279699) seconds
2026/05/26-10:23:27  ... thread 0: (6000,54000) ops and (5881.6,1903.4) ops/second in (1.020125,28.370530) seconds
2026/05/26-10:23:27  ... thread 2: (7000,58000) ops and (5927.7,1991.7) ops/second in (1.180900,29.121014) seconds
2026/05/26-10:23:27  ... thread 3: (6000,58000) ops and (5937.3,1991.3) ops/second in (1.010555,29.126689) seconds
2026/05/26-10:23:27  ... thread 1: (6000,59000) ops and (5892.6,2013.8) ops/second in (1.018233,29.297932) seconds
2026/05/26-10:23:28  ... thread 0: (6000,60000) ops and (5964.7,2042.5) ops/second in (1.005915,29.376445) seconds
2026/05/26-10:23:28  ... thread 3: (7000,65000) ops and (6821.7,2155.7) ops/second in (1.026134,30.152823) seconds
2026/05/26-10:23:28  ... thread 2: (7000,65000) ops and (6568.5,2153.3) ops/second in (1.065699,30.186713) seconds
2026/05/26-10:23:28  ... thread 1: (7000,66000) ops and (6858.9,2176.9) ops/second in (1.020572,30.318504) seconds
2026/05/26-10:23:29  ... thread 0: (8000,68000) ops and (7129.0,2229.6) ops/second in (1.122178,30.498623) seconds
2026/05/26-10:23:29  ... thread 2: (8000,73000) ops and (7674.8,2337.6) ops/second in (1.042375,31.229088) seconds
2026/05/26-10:23:29  ... thread 3: (8000,73000) ops and (7398.6,2337.2) ops/second in (1.081288,31.234111) seconds
2026/05/26-10:23:30  ... thread 1: (8000,74000) ops and (7286.0,2355.5) ops/second in (1.097995,31.416499) seconds
2026/05/26-10:23:30  ... thread 0: (8000,76000) ops and (7360.7,2406.2) ops/second in (1.086851,31.585474) seconds
2026/05/26-10:23:30  ... thread 3: (9000,82000) ops and (8468.3,2538.9) ops/second in (1.062791,32.296902) seconds
2026/05/26-10:23:30  ... thread 2: (9000,82000) ops and (8179.5,2536.4) ops/second in (1.100310,32.329398) seconds
2026/05/26-10:23:31  ... thread 1: (9000,83000) ops and (8381.3,2554.6) ops/second in (1.073816,32.490315) seconds
2026/05/26-10:23:31  ... thread 0: (9000,85000) ops and (8316.8,2602.0) ops/second in (1.082149,32.667623) seconds
2026/05/26-10:23:31  ... thread 3: (9000,91000) ops and (8946.5,2732.5) ops/second in (1.005979,33.302881) seconds
2026/05/26-10:23:32  ... thread 2: (10000,92000) ops and (9241.6,2753.5) ops/second in (1.082064,33.411462) seconds
2026/05/26-10:23:32  ... thread 0: (8000,93000) ops and (7444.5,2756.2) ops/second in (1.074624,33.742247) seconds
2026/05/26-10:23:32  ... thread 1: (10000,93000) ops and (7931.5,2755.5) ops/second in (1.260800,33.751115) seconds
2026/05/26-10:23:32  ... thread 3: (8000,99000) ops and (7912.7,2885.1) ops/second in (1.011032,34.313913) seconds
2026/05/26-10:23:33  ... thread 2: (8000,100000) ops and (7983.3,2905.8) ops/second in (1.002093,34.413555) seconds
DB path: [/tmp/rocksdb_comp_exp_db]
readrandom   :     344.237 micros/op 11615 ops/sec 34.437 seconds 400000 operations;   11.3 MB/s (98254 of 100000 found)

STATISTICS:
rocksdb.block.cache.miss COUNT : 3896916
rocksdb.block.cache.hit COUNT : 160478
rocksdb.block.cache.add COUNT : 1239874
rocksdb.block.cache.add.failures COUNT : 0
rocksdb.block.cache.index.miss COUNT : 0
rocksdb.block.cache.index.hit COUNT : 0
rocksdb.block.cache.index.add COUNT : 0
rocksdb.block.cache.index.bytes.insert COUNT : 0
rocksdb.block.cache.filter.miss COUNT : 0
rocksdb.block.cache.filter.hit COUNT : 0
rocksdb.block.cache.filter.add COUNT : 0
rocksdb.block.cache.filter.bytes.insert COUNT : 0
rocksdb.block.cache.data.miss COUNT : 3896916
rocksdb.block.cache.data.hit COUNT : 160478
rocksdb.block.cache.data.add COUNT : 1239874
rocksdb.block.cache.data.bytes.insert COUNT : 5336368880
rocksdb.block.cache.bytes.read COUNT : 690694240
rocksdb.block.cache.bytes.write COUNT : 5336368880
rocksdb.block.cache.compression.dict.miss COUNT : 0
rocksdb.block.cache.compression.dict.hit COUNT : 0
rocksdb.block.cache.compression.dict.add COUNT : 0
rocksdb.block.cache.compression.dict.bytes.insert COUNT : 0
rocksdb.block.cache.add.redundant COUNT : 6
rocksdb.block.cache.index.add.redundant COUNT : 0
rocksdb.block.cache.filter.add.redundant COUNT : 0
rocksdb.block.cache.data.add.redundant COUNT : 6
rocksdb.block.cache.compression.dict.add.redundant COUNT : 0
rocksdb.secondary.cache.hits COUNT : 0
rocksdb.secondary.cache.filter.hits COUNT : 0
rocksdb.secondary.cache.index.hits COUNT : 0
rocksdb.secondary.cache.data.hits COUNT : 0
rocksdb.compressed.secondary.cache.dummy.hits COUNT : 0
rocksdb.compressed.secondary.cache.hits COUNT : 0
rocksdb.compressed.secondary.cache.promotions COUNT : 0
rocksdb.compressed.secondary.cache.promotion.skips COUNT : 0
rocksdb.bloom.filter.useful COUNT : 0
rocksdb.bloom.filter.full.positive COUNT : 0
rocksdb.bloom.filter.full.true.positive COUNT : 0
rocksdb.bloom.filter.prefix.checked COUNT : 0
rocksdb.bloom.filter.prefix.useful COUNT : 0
rocksdb.bloom.filter.prefix.true.positive COUNT : 0
rocksdb.persistent.cache.hit COUNT : 0
rocksdb.persistent.cache.miss COUNT : 0
rocksdb.sim.block.cache.hit COUNT : 0
rocksdb.sim.block.cache.miss COUNT : 0
rocksdb.memtable.hit COUNT : 7043
rocksdb.memtable.miss COUNT : 392957
rocksdb.l0.hit COUNT : 48028
rocksdb.l1.hit COUNT : 91831
rocksdb.l2andup.hit COUNT : 245902
rocksdb.compaction.key.drop.new COUNT : 3222556
rocksdb.compaction.key.drop.obsolete COUNT : 0
rocksdb.compaction.key.drop.range_del COUNT : 0
rocksdb.compaction.key.drop.user COUNT : 0
rocksdb.compaction.range_del.drop.obsolete COUNT : 0
rocksdb.compaction.optimized.del.drop.obsolete COUNT : 0
rocksdb.compaction.cancelled COUNT : 0
rocksdb.compaction.aborted COUNT : 0
rocksdb.number.keys.written COUNT : 5000000
rocksdb.number.keys.read COUNT : 400000
rocksdb.number.keys.updated COUNT : 0
rocksdb.bytes.written COUNT : 5279196804
rocksdb.bytes.read COUNT : 402231296
rocksdb.number.db.seek COUNT : 0
rocksdb.number.db.next COUNT : 0
rocksdb.number.db.prev COUNT : 0
rocksdb.number.db.seek.found COUNT : 0
rocksdb.number.db.next.found COUNT : 0
rocksdb.number.db.prev.found COUNT : 0
rocksdb.db.iter.bytes.read COUNT : 0
rocksdb.number.iter.skip COUNT : 0
rocksdb.number.reseeks.iteration COUNT : 0
rocksdb.num.iterator.created COUNT : 0
rocksdb.num.iterator.deleted COUNT : 0
rocksdb.no.file.opens COUNT : 147
rocksdb.no.file.errors COUNT : 0
rocksdb.stall.micros COUNT : 130217785
rocksdb.db.mutex.wait.micros COUNT : 0
rocksdb.number.multiget.get COUNT : 0
rocksdb.number.multiget.keys.read COUNT : 0
rocksdb.number.multiget.bytes.read COUNT : 0
rocksdb.number.multiget.keys.found COUNT : 0
rocksdb.number.merge.failures COUNT : 0
rocksdb.getupdatessince.calls COUNT : 0
rocksdb.wal.synced COUNT : 0
rocksdb.wal.bytes COUNT : 5279196804
rocksdb.write.self COUNT : 4933067
rocksdb.write.other COUNT : 66933
rocksdb.write.wal COUNT : 5000000
rocksdb.compact.read.bytes COUNT : 6472754290
rocksdb.compact.write.bytes COUNT : 4521321008
rocksdb.flush.write.bytes COUNT : 2971734034
rocksdb.compact.read.marked.bytes COUNT : 0
rocksdb.compact.read.periodic.bytes COUNT : 0
rocksdb.compact.read.ttl.bytes COUNT : 0
rocksdb.compact.write.marked.bytes COUNT : 0
rocksdb.compact.write.periodic.bytes COUNT : 0
rocksdb.compact.write.ttl.bytes COUNT : 0
rocksdb.number.direct.load.table.properties COUNT : 0
rocksdb.number.superversion_acquires COUNT : 16
rocksdb.number.superversion_releases COUNT : 12
rocksdb.number.superversion_cleanups COUNT : 3
rocksdb.number.block.compressed COUNT : 3070577
rocksdb.number.block.decompressed COUNT : 3897063
rocksdb.bytes.compressed.from COUNT : 12941662569
rocksdb.bytes.compressed.to COUNT : 7477506175
rocksdb.bytes.compression_bypassed COUNT : 0
rocksdb.bytes.compression.rejected COUNT : 0
rocksdb.number.block_compression_bypassed COUNT : 0
rocksdb.number.block_compression_rejected COUNT : 0
rocksdb.bytes.decompressed.from COUNT : 9486275583
rocksdb.bytes.decompressed.to COUNT : 16408987073
rocksdb.merge.operation.time.nanos COUNT : 0
rocksdb.filter.operation.time.nanos COUNT : 0
rocksdb.compaction.total.time.cpu_micros COUNT : 40222244
rocksdb.row.cache.hit COUNT : 0
rocksdb.row.cache.miss COUNT : 0
rocksdb.read.amp.estimate.useful.bytes COUNT : 0
rocksdb.read.amp.total.read.bytes COUNT : 0
rocksdb.number.rate_limiter.drains COUNT : 0
rocksdb.blobdb.num.put COUNT : 0
rocksdb.blobdb.num.write COUNT : 0
rocksdb.blobdb.num.get COUNT : 0
rocksdb.blobdb.num.multiget COUNT : 0
rocksdb.blobdb.num.seek COUNT : 0
rocksdb.blobdb.num.next COUNT : 0
rocksdb.blobdb.num.prev COUNT : 0
rocksdb.blobdb.num.keys.written COUNT : 0
rocksdb.blobdb.num.keys.read COUNT : 0
rocksdb.blobdb.bytes.written COUNT : 0
rocksdb.blobdb.bytes.read COUNT : 0
rocksdb.blobdb.write.inlined COUNT : 0
rocksdb.blobdb.write.inlined.ttl COUNT : 0
rocksdb.blobdb.write.blob COUNT : 0
rocksdb.blobdb.write.blob.ttl COUNT : 0
rocksdb.blobdb.blob.file.bytes.written COUNT : 0
rocksdb.blobdb.blob.file.bytes.read COUNT : 0
rocksdb.blobdb.blob.file.synced COUNT : 0
rocksdb.blobdb.blob.index.expired.count COUNT : 0
rocksdb.blobdb.blob.index.expired.size COUNT : 0
rocksdb.blobdb.blob.index.evicted.count COUNT : 0
rocksdb.blobdb.blob.index.evicted.size COUNT : 0
rocksdb.blobdb.gc.num.files COUNT : 0
rocksdb.blobdb.gc.num.new.files COUNT : 0
rocksdb.blobdb.gc.failures COUNT : 0
rocksdb.blobdb.gc.num.keys.relocated COUNT : 0
rocksdb.blobdb.gc.bytes.relocated COUNT : 0
rocksdb.blobdb.fifo.num.files.evicted COUNT : 0
rocksdb.blobdb.fifo.num.keys.evicted COUNT : 0
rocksdb.blobdb.fifo.bytes.evicted COUNT : 0
rocksdb.blobdb.cache.miss COUNT : 0
rocksdb.blobdb.cache.hit COUNT : 0
rocksdb.blobdb.cache.add COUNT : 0
rocksdb.blobdb.cache.add.failures COUNT : 0
rocksdb.blobdb.cache.bytes.read COUNT : 0
rocksdb.blobdb.cache.bytes.write COUNT : 0
rocksdb.txn.overhead.mutex.prepare COUNT : 0
rocksdb.txn.overhead.mutex.old.commit.map COUNT : 0
rocksdb.txn.overhead.duplicate.key COUNT : 0
rocksdb.txn.overhead.mutex.snapshot COUNT : 0
rocksdb.txn.get.tryagain COUNT : 0
rocksdb.files.marked.trash COUNT : 0
rocksdb.files.marked.trash.deleted COUNT : 0
rocksdb.files.deleted.immediately COUNT : 213
rocksdb.error.handler.bg.error.count COUNT : 0
rocksdb.error.handler.bg.io.error.count COUNT : 0
rocksdb.error.handler.bg.retryable.io.error.count COUNT : 0
rocksdb.error.handler.autoresume.count COUNT : 0
rocksdb.error.handler.autoresume.retry.total.count COUNT : 0
rocksdb.error.handler.autoresume.success.count COUNT : 0
rocksdb.memtable.payload.bytes.at.flush COUNT : 5216821384
rocksdb.memtable.garbage.bytes.at.flush COUNT : 127265976
rocksdb.verify_checksum.read.bytes COUNT : 0
rocksdb.backup.read.bytes COUNT : 0
rocksdb.backup.write.bytes COUNT : 0
rocksdb.remote.compact.read.bytes COUNT : 0
rocksdb.remote.compact.write.bytes COUNT : 0
rocksdb.remote.compact.resumed.bytes COUNT : 0
rocksdb.hot.file.read.bytes COUNT : 0
rocksdb.warm.file.read.bytes COUNT : 0
rocksdb.cool.file.read.bytes COUNT : 0
rocksdb.cold.file.read.bytes COUNT : 0
rocksdb.ice.file.read.bytes COUNT : 0
rocksdb.hot.file.read.count COUNT : 0
rocksdb.warm.file.read.count COUNT : 0
rocksdb.cool.file.read.count COUNT : 0
rocksdb.cold.file.read.count COUNT : 0
rocksdb.ice.file.read.count COUNT : 0
rocksdb.last.level.read.bytes COUNT : 0
rocksdb.last.level.read.count COUNT : 0
rocksdb.non.last.level.read.bytes COUNT : 9505945480
rocksdb.non.last.level.read.count COUNT : 3897504
rocksdb.last.level.seek.filtered COUNT : 0
rocksdb.last.level.seek.filter.match COUNT : 0
rocksdb.last.level.seek.data COUNT : 0
rocksdb.last.level.seek.data.useful.no.filter COUNT : 0
rocksdb.last.level.seek.data.useful.filter.match COUNT : 0
rocksdb.non.last.level.seek.filtered COUNT : 0
rocksdb.non.last.level.seek.filter.match COUNT : 0
rocksdb.non.last.level.seek.data COUNT : 0
rocksdb.non.last.level.seek.data.useful.no.filter COUNT : 0
rocksdb.non.last.level.seek.data.useful.filter.match COUNT : 0
rocksdb.block.checksum.compute.count COUNT : 3897210
rocksdb.block.checksum.mismatch.count COUNT : 0
rocksdb.multiget.coroutine.count COUNT : 0
rocksdb.read.async.micros COUNT : 0
rocksdb.async.read.error.count COUNT : 0
rocksdb.table.open.prefetch.tail.miss COUNT : 0
rocksdb.table.open.prefetch.tail.hit COUNT : 0
rocksdb.timestamp.filter.table.checked COUNT : 0
rocksdb.timestamp.filter.table.filtered COUNT : 0
rocksdb.readahead.trimmed COUNT : 0
rocksdb.fifo.max.size.compactions COUNT : 0
rocksdb.fifo.ttl.compactions COUNT : 0
rocksdb.fifo.change_temperature.compactions COUNT : 0
rocksdb.prefetch.bytes COUNT : 0
rocksdb.prefetch.bytes.useful COUNT : 0
rocksdb.prefetch.hits COUNT : 0
rocksdb.footer.corruption.count COUNT : 0
rocksdb.file.read.corruption.retry.count COUNT : 0
rocksdb.file.read.corruption.retry.success.count COUNT : 0
rocksdb.number.wbwi.ingest COUNT : 0
rocksdb.sst.user.defined.index.load.fail.count COUNT : 0
rocksdb.multiscan.prepare.calls COUNT : 0
rocksdb.multiscan.prepare.errors COUNT : 0
rocksdb.multiscan.blocks.prefetched COUNT : 0
rocksdb.multiscan.blocks.from.cache COUNT : 0
rocksdb.multiscan.prefetch.bytes COUNT : 0
rocksdb.multiscan.prefetch.blocks.wasted COUNT : 0
rocksdb.multiscan.io.requests COUNT : 0
rocksdb.multiscan.io.coalesced.nonadjacent COUNT : 0
rocksdb.multiscan.seek.errors COUNT : 0
rocksdb.prefetch.memory.bytes.granted COUNT : 0
rocksdb.prefetch.memory.bytes.released COUNT : 0
rocksdb.prefetch.memory.requests.blocked COUNT : 0
rocksdb.read.path.range.tombstones.inserted COUNT : 0
rocksdb.read.path.range.tombstones.discarded COUNT : 0
rocksdb.file.open.metadata.retrieved COUNT : 0
rocksdb.file.open.metadata.passed COUNT : 0
rocksdb.manifest.validation.failure.count COUNT : 0
rocksdb.db.get.micros P50 : 28.661397 P95 : 1604.824702 P99 : 2861.921799 P100 : 651612.000000 COUNT : 400000 SUM : 137449071
rocksdb.db.write.micros P50 : 5.635993 P95 : 32.004823 P99 : 2349.917591 P100 : 898803.000000 COUNT : 5000000 SUM : 667717037
rocksdb.compaction.times.micros P50 : 20000000.000000 P95 : 37207082.000000 P99 : 37207082.000000 P100 : 37207082.000000 COUNT : 9 SUM : 179469949
rocksdb.compaction.times.cpu_micros P50 : 4575000.000000 P95 : 7612409.000000 P99 : 7612409.000000 P100 : 7612409.000000 COUNT : 9 SUM : 40222244
rocksdb.subcompaction.setup.times.micros P50 : 0.000000 P95 : 0.000000 P99 : 0.000000 P100 : 0.000000 COUNT : 0 SUM : 0
rocksdb.table.sync.micros P50 : 338135.593220 P95 : 1048888.888889 P99 : 1061545.000000 P100 : 1061545.000000 COUNT : 80 SUM : 37653205
rocksdb.compaction.outfile.sync.micros P50 : 733125.000000 P95 : 1190846.153846 P99 : 1225532.000000 P100 : 1225532.000000 COUNT : 67 SUM : 45568657
rocksdb.wal.file.sync.micros P50 : 0.000000 P95 : 0.000000 P99 : 0.000000 P100 : 0.000000 COUNT : 0 SUM : 0
rocksdb.manifest.file.sync.micros P50 : 5601.538462 P95 : 19666.666667 P99 : 584500.000000 P100 : 589757.000000 COUNT : 95 SUM : 1544839
rocksdb.table.open.io.micros P50 : 735.943396 P95 : 5047.777778 P99 : 6485.111111 P100 : 10201.000000 COUNT : 147 SUM : 168569
rocksdb.db.multiget.micros P50 : 0.000000 P95 : 0.000000 P99 : 0.000000 P100 : 0.000000 COUNT : 0 SUM : 0
rocksdb.read.block.compaction.micros P50 : 3.417757 P95 : 8.787165 P99 : 1402.053706 P100 : 314920.000000 COUNT : 2657042 SUM : 103285461
rocksdb.read.block.get.micros P50 : 5.815226 P95 : 935.360253 P99 : 1707.922176 P100 : 396625.000000 COUNT : 1240021 SUM : 131808764
rocksdb.write.raw.block.micros P50 : 0.541264 P95 : 1.458890 P99 : 2.812390 P100 : 13036.000000 COUNT : 3070871 SUM : 8772427
rocksdb.numfiles.in.singlecompaction P50 : 12.500000 P95 : 23.000000 P99 : 23.000000 P100 : 23.000000 COUNT : 11 SUM : 141
rocksdb.db.seek.micros P50 : 0.000000 P95 : 0.000000 P99 : 0.000000 P100 : 0.000000 COUNT : 0 SUM : 0
rocksdb.db.write.stall P50 : 2082.431167 P95 : 2833.486742 P99 : 2924.883303 P100 : 892743.000000 COUNT : 62376 SUM : 130217785
rocksdb.sst.read.micros P50 : 0.913628 P95 : 6.399301 P99 : 1531.645619 P100 : 396605.000000 COUNT : 3897504 SUM : 219822216
rocksdb.file.read.flush.micros P50 : 4.222222 P95 : 64.461538 P99 : 85.066667 P100 : 1715.000000 COUNT : 320 SUM : 6803
rocksdb.file.read.compaction.micros P50 : 0.755989 P95 : 4.535181 P99 : 1385.922688 P100 : 314891.000000 COUNT : 2657310 SUM : 94852116
rocksdb.file.read.db.open.micros P50 : 0.000000 P95 : 0.000000 P99 : 0.000000 P100 : 0.000000 COUNT : 0 SUM : 0
rocksdb.file.read.get.micros P50 : 0.000000 P95 : 0.000000 P99 : 0.000000 P100 : 0.000000 COUNT : 0 SUM : 0
rocksdb.file.read.multiget.micros P50 : 0.000000 P95 : 0.000000 P99 : 0.000000 P100 : 0.000000 COUNT : 0 SUM : 0
rocksdb.file.read.db.iterator.micros P50 : 0.000000 P95 : 0.000000 P99 : 0.000000 P100 : 0.000000 COUNT : 0 SUM : 0
rocksdb.file.read.verify.db.checksum.micros P50 : 0.000000 P95 : 0.000000 P99 : 0.000000 P100 : 0.000000 COUNT : 0 SUM : 0
rocksdb.file.read.verify.file.checksums.micros P50 : 0.000000 P95 : 0.000000 P99 : 0.000000 P100 : 0.000000 COUNT : 0 SUM : 0
rocksdb.sst.write.micros P50 : 0.502603 P95 : 0.954945 P99 : 0.995154 P100 : 13034.000000 COUNT : 6141889 SUM : 7048214
rocksdb.file.write.flush.micros P50 : 0.501930 P95 : 0.953667 P99 : 0.993822 P100 : 13034.000000 COUNT : 2428832 SUM : 2900209
rocksdb.file.write.compaction.micros P50 : 0.503044 P95 : 0.955783 P99 : 0.996027 P100 : 7516.000000 COUNT : 3713057 SUM : 4148005
rocksdb.file.write.db.open.micros P50 : 0.000000 P95 : 0.000000 P99 : 0.000000 P100 : 0.000000 COUNT : 0 SUM : 0
rocksdb.num.subcompactions.scheduled P50 : 0.000000 P95 : 0.000000 P99 : 0.000000 P100 : 0.000000 COUNT : 0 SUM : 0
rocksdb.bytes.per.read P50 : 1024.000000 P95 : 1024.000000 P99 : 1024.000000 P100 : 1024.000000 COUNT : 400000 SUM : 402231296
rocksdb.bytes.per.write P50 : 1086.607431 P95 : 1281.554119 P99 : 1298.882713 P100 : 4188.000000 COUNT : 4933067 SUM : 5279196804
rocksdb.bytes.per.multiget P50 : 0.000000 P95 : 0.000000 P99 : 0.000000 P100 : 0.000000 COUNT : 0 SUM : 0
rocksdb.compression.times.nanos P50 : 0.000000 P95 : 0.000000 P99 : 0.000000 P100 : 0.000000 COUNT : 0 SUM : 0
rocksdb.decompression.times.nanos P50 : 0.000000 P95 : 0.000000 P99 : 0.000000 P100 : 0.000000 COUNT : 0 SUM : 0
rocksdb.read.num.merge_operands P50 : 0.000000 P95 : 0.000000 P99 : 0.000000 P100 : 0.000000 COUNT : 0 SUM : 0
rocksdb.blobdb.key.size P50 : 0.000000 P95 : 0.000000 P99 : 0.000000 P100 : 0.000000 COUNT : 0 SUM : 0
rocksdb.blobdb.value.size P50 : 0.000000 P95 : 0.000000 P99 : 0.000000 P100 : 0.000000 COUNT : 0 SUM : 0
rocksdb.blobdb.write.micros P50 : 0.000000 P95 : 0.000000 P99 : 0.000000 P100 : 0.000000 COUNT : 0 SUM : 0
rocksdb.blobdb.get.micros P50 : 0.000000 P95 : 0.000000 P99 : 0.000000 P100 : 0.000000 COUNT : 0 SUM : 0
rocksdb.blobdb.multiget.micros P50 : 0.000000 P95 : 0.000000 P99 : 0.000000 P100 : 0.000000 COUNT : 0 SUM : 0
rocksdb.blobdb.seek.micros P50 : 0.000000 P95 : 0.000000 P99 : 0.000000 P100 : 0.000000 COUNT : 0 SUM : 0
rocksdb.blobdb.next.micros P50 : 0.000000 P95 : 0.000000 P99 : 0.000000 P100 : 0.000000 COUNT : 0 SUM : 0
rocksdb.blobdb.prev.micros P50 : 0.000000 P95 : 0.000000 P99 : 0.000000 P100 : 0.000000 COUNT : 0 SUM : 0
rocksdb.blobdb.blob.file.write.micros P50 : 0.000000 P95 : 0.000000 P99 : 0.000000 P100 : 0.000000 COUNT : 0 SUM : 0
rocksdb.blobdb.blob.file.read.micros P50 : 0.000000 P95 : 0.000000 P99 : 0.000000 P100 : 0.000000 COUNT : 0 SUM : 0
rocksdb.blobdb.blob.file.sync.micros P50 : 0.000000 P95 : 0.000000 P99 : 0.000000 P100 : 0.000000 COUNT : 0 SUM : 0
rocksdb.blobdb.compression.micros P50 : 0.000000 P95 : 0.000000 P99 : 0.000000 P100 : 0.000000 COUNT : 0 SUM : 0
rocksdb.blobdb.decompression.micros P50 : 0.000000 P95 : 0.000000 P99 : 0.000000 P100 : 0.000000 COUNT : 0 SUM : 0
rocksdb.db.flush.micros P50 : 541702.127660 P95 : 1200000.000000 P99 : 1417448.000000 P100 : 1417448.000000 COUNT : 80 SUM : 53851927
rocksdb.sst.batch.size P50 : 0.000000 P95 : 0.000000 P99 : 0.000000 P100 : 0.000000 COUNT : 0 SUM : 0
rocksdb.multiget.io.batch.size P50 : 0.000000 P95 : 0.000000 P99 : 0.000000 P100 : 0.000000 COUNT : 0 SUM : 0
rocksdb.num.index.and.filter.blocks.read.per.level P50 : 0.000000 P95 : 0.000000 P99 : 0.000000 P100 : 0.000000 COUNT : 0 SUM : 0
rocksdb.num.sst.read.per.level P50 : 0.000000 P95 : 0.000000 P99 : 0.000000 P100 : 0.000000 COUNT : 0 SUM : 0
rocksdb.num.level.read.per.multiget P50 : 0.000000 P95 : 0.000000 P99 : 0.000000 P100 : 0.000000 COUNT : 0 SUM : 0
rocksdb.error.handler.autoresume.retry.count P50 : 0.000000 P95 : 0.000000 P99 : 0.000000 P100 : 0.000000 COUNT : 0 SUM : 0
rocksdb.async.read.bytes P50 : 0.000000 P95 : 0.000000 P99 : 0.000000 P100 : 0.000000 COUNT : 0 SUM : 0
rocksdb.poll.wait.micros P50 : 0.000000 P95 : 0.000000 P99 : 0.000000 P100 : 0.000000 COUNT : 0 SUM : 0
rocksdb.compaction.prefetch.bytes P50 : 0.000000 P95 : 0.000000 P99 : 0.000000 P100 : 0.000000 COUNT : 0 SUM : 0
rocksdb.prefetched.bytes.discarded P50 : 0.000000 P95 : 0.000000 P99 : 0.000000 P100 : 0.000000 COUNT : 0 SUM : 0
rocksdb.async.prefetch.abort.micros P50 : 0.000000 P95 : 0.000000 P99 : 0.000000 P100 : 0.000000 COUNT : 0 SUM : 0
rocksdb.table.open.prefetch.tail.read.bytes P50 : 0.000000 P95 : 0.000000 P99 : 0.000000 P100 : 0.000000 COUNT : 0 SUM : 0
rocksdb.num.op.per.transaction P50 : 0.000000 P95 : 0.000000 P99 : 0.000000 P100 : 0.000000 COUNT : 0 SUM : 0
rocksdb.multiscan.op.prepare.iterators.micros P50 : 0.000000 P95 : 0.000000 P99 : 0.000000 P100 : 0.000000 COUNT : 0 SUM : 0
rocksdb.multiscan.prepare.micros P50 : 0.000000 P95 : 0.000000 P99 : 0.000000 P100 : 0.000000 COUNT : 0 SUM : 0
rocksdb.multiscan.blocks.per.prepare P50 : 0.000000 P95 : 0.000000 P99 : 0.000000 P100 : 0.000000 COUNT : 0 SUM : 0
rocksdb.block.key.distribution.cv P50 : 0.000000 P95 : 0.000000 P99 : 0.000000 P100 : 0.000000 COUNT : 0 SUM : 0

[EXPERIMENT_COMPLETED]
