RocksDB:    version 11.3.0
Date:       Tue May 26 11:13:44 2026
CPU:        2 * Intel Xeon Processor (SapphireRapids)
CPUCache:   16384 KB
2026/05/26-11:13:45  ... thread 1: (32000,32000) ops and (31916.7,31916.7) ops/second in (1.002609,1.002609) seconds
2026/05/26-11:13:45  ... thread 2: (38000,38000) ops and (37820.1,37820.1) ops/second in (1.004757,1.004757) seconds
2026/05/26-11:13:45  ... thread 3: (33000,33000) ops and (32929.4,32929.4) ops/second in (1.002145,1.002145) seconds
2026/05/26-11:13:45  ... thread 0: (36000,36000) ops and (35875.9,35875.9) ops/second in (1.003459,1.003459) seconds
2026/05/26-11:13:46  ... thread 3: (29000,62000) ops and (28895.8,30911.1) ops/second in (1.003606,2.005751) seconds
2026/05/26-11:13:46  ... thread 0: (32000,68000) ops and (31862.0,33868.1) ops/second in (1.004331,2.007790) seconds
2026/05/26-11:13:46  ... thread 1: (31000,63000) ops and (30594.6,31252.2) ops/second in (1.013250,2.015859) seconds
2026/05/26-11:13:46  ... thread 2: (28000,66000) ops and (27646.2,32712.9) ops/second in (1.012798,2.017555) seconds
2026/05/26-11:13:47  ... thread 0: (32000,100000) ops and (31569.1,33096.8) ops/second in (1.013648,3.021438) seconds
2026/05/26-11:13:47  ... thread 1: (27000,90000) ops and (26626.5,29704.1) ops/second in (1.014026,3.029885) seconds
2026/05/26-11:13:47  ... thread 3: (24000,86000) ops and (23357.7,28352.4) ops/second in (1.027497,3.033248) seconds
2026/05/26-11:13:47  ... thread 2: (28000,94000) ops and (27164.4,30836.7) ops/second in (1.030760,3.048315) seconds
2026/05/26-11:13:48  ... thread 0: (11000,111000) ops and (10756.3,27447.5) ops/second in (1.022653,4.044091) seconds
2026/05/26-11:13:48  ... thread 2: (10000,104000) ops and (9982.3,25678.4) ops/second in (1.001775,4.050090) seconds
2026/05/26-11:13:48  ... thread 3: (11000,97000) ops and (10839.3,23962.0) ops/second in (1.014827,4.048075) seconds
2026/05/26-11:13:48  ... thread 1: (10000,100000) ops and (9683.8,24615.1) ops/second in (1.032655,4.062540) seconds
2026/05/26-11:13:49  ... thread 3: (18000,115000) ops and (17735.6,22713.9) ops/second in (1.014906,5.062981) seconds
2026/05/26-11:13:49  ... thread 2: (18000,122000) ops and (17679.0,24071.4) ops/second in (1.018160,5.068250) seconds
2026/05/26-11:13:49  ... thread 0: (15000,126000) ops and (14576.4,24836.6) ops/second in (1.029061,5.073152) seconds
2026/05/26-11:13:49  ... thread 1: (14000,114000) ops and (13767.3,22443.4) ops/second in (1.016902,5.079442) seconds
2026/05/26-11:13:50  ... thread 1: (26000,140000) ops and (25997.9,23028.1) ops/second in (1.000079,6.079521) seconds
2026/05/26-11:13:50  ... thread 3: (24000,139000) ops and (23363.6,22823.5) ops/second in (1.027237,6.090218) seconds
2026/05/26-11:13:50  ... thread 2: (28000,150000) ops and (26913.2,24555.4) ops/second in (1.040382,6.108632) seconds
2026/05/26-11:13:50  ... thread 0: (26000,152000) ops and (25141.9,24888.3) ops/second in (1.034131,6.107283) seconds
2026/05/26-11:13:51  ... thread 3: (11000,150000) ops and (10933.5,21137.8) ops/second in (1.006080,7.096298) seconds
2026/05/26-11:13:51  ... thread 1: (12000,152000) ops and (11733.7,21401.8) ops/second in (1.022695,7.102216) seconds
2026/05/26-11:13:51  ... thread 0: (10000,162000) ops and (9981.9,22787.7) ops/second in (1.001814,7.109097) seconds
2026/05/26-11:13:51  ... thread 2: (11000,161000) ops and (10909.2,22622.0) ops/second in (1.008321,7.116953) seconds
2026/05/26-11:13:52  ... thread 3: (12000,162000) ops and (10704.0,19714.3) ops/second in (1.121081,8.217379) seconds
2026/05/26-11:13:52  ... thread 2: (9000,170000) ops and (8081.1,20654.5) ops/second in (1.113712,8.230665) seconds
2026/05/26-11:13:52  ... thread 0: (22000,184000) ops and (19619.5,22356.1) ops/second in (1.121335,8.230432) seconds
2026/05/26-11:13:52  ... thread 1: (19000,171000) ops and (16638.1,20741.9) ops/second in (1.141959,8.244175) seconds
2026/05/26-11:13:53  ... thread 0: (15000,199000) ops and (12215.7,21039.6) ops/second in (1.227925,9.458357) seconds
2026/05/26-11:13:53  ... thread 2: (18000,188000) ops and (14516.7,19850.9) ops/second in (1.239953,9.470618) seconds
2026/05/26-11:13:53  ... thread 3: (14000,176000) ops and (11182.0,18586.2) ops/second in (1.252011,9.469390) seconds
2026/05/26-11:13:53  ... thread 1: (15000,186000) ops and (11911.2,19571.8) ops/second in (1.259315,9.503490) seconds
2026/05/26-11:13:54  ... thread 0: (27000,226000) ops and (26794.6,21593.7) ops/second in (1.007664,10.466021) seconds
2026/05/26-11:13:54  ... thread 2: (14000,202000) ops and (13798.4,19265.2) ops/second in (1.014612,10.485230) seconds
2026/05/26-11:13:54  ... thread 3: (14000,190000) ops and (13719.4,18112.8) ops/second in (1.020452,10.489842) seconds
2026/05/26-11:13:54  ... thread 1: (16000,202000) ops and (15782.7,19206.5) ops/second in (1.013767,10.517257) seconds
2026/05/26-11:13:56  ... thread 0: (13000,239000) ops and (10608.0,20442.2) ops/second in (1.225494,11.691515) seconds
2026/05/26-11:13:56  ... thread 3: (15000,205000) ops and (12358.5,17516.0) ops/second in (1.213736,11.703578) seconds
2026/05/26-11:13:56  ... thread 1: (10000,212000) ops and (8347.7,18096.2) ops/second in (1.197930,11.715187) seconds
2026/05/26-11:13:56  ... thread 2: (15000,217000) ops and (12144.5,18514.8) ops/second in (1.235128,11.720358) seconds
2026/05/26-11:13:57  ... thread 1: (14000,226000) ops and (11767.9,17512.8) ops/second in (1.189674,12.904861) seconds
2026/05/26-11:13:57  ... thread 0: (17000,256000) ops and (13934.5,19827.3) ops/second in (1.219990,12.911505) seconds
2026/05/26-11:13:57  ... thread 2: (18000,235000) ops and (15016.3,18190.2) ops/second in (1.198700,12.919058) seconds
2026/05/26-11:13:57  ... thread 3: (14000,219000) ops and (10505.2,16799.3) ops/second in (1.332672,13.036250) seconds
2026/05/26-11:13:58  ... thread 0: (16000,272000) ops and (15273.1,19485.5) ops/second in (1.047596,13.959101) seconds
2026/05/26-11:13:58  ... thread 2: (16000,251000) ops and (15281.4,17972.1) ops/second in (1.047023,13.966081) seconds
2026/05/26-11:13:58  ... thread 1: (16000,242000) ops and (14804.8,17303.5) ops/second in (1.080734,13.985595) seconds
2026/05/26-11:13:58  ... thread 3: (16000,235000) ops and (15636.7,16714.7) ops/second in (1.023233,14.059483) seconds
2026/05/26-11:13:59  ... thread 0: (18000,290000) ops and (16061.2,19231.0) ops/second in (1.120716,15.079817) seconds
2026/05/26-11:13:59  ... thread 1: (15000,257000) ops and (13637.6,17036.2) ops/second in (1.099899,15.085494) seconds
2026/05/26-11:13:59  ... thread 3: (11000,246000) ops and (10670.4,16301.8) ops/second in (1.030891,15.090374) seconds
2026/05/26-11:13:59  ... thread 2: (16000,267000) ops and (13856.7,17657.8) ops/second in (1.154673,15.120754) seconds
2026/05/26-11:14:00  ... thread 1: (15000,272000) ops and (13131.2,16761.3) ops/second in (1.142317,16.227811) seconds
2026/05/26-11:14:00  ... thread 2: (14000,281000) ops and (12572.9,17309.1) ops/second in (1.113509,16.234263) seconds
2026/05/26-11:14:00  ... thread 3: (16000,262000) ops and (14007.8,16140.4) ops/second in (1.142222,16.232596) seconds
2026/05/26-11:14:00  ... thread 0: (17000,307000) ops and (14700.9,18908.4) ops/second in (1.156392,16.236209) seconds
2026/05/26-11:14:01  ... thread 0: (16000,323000) ops and (14205.3,18603.3) ops/second in (1.126342,17.362551) seconds
2026/05/26-11:14:01  ... thread 2: (16000,297000) ops and (14010.7,17092.3) ops/second in (1.141981,17.376244) seconds
2026/05/26-11:14:01  ... thread 1: (15000,287000) ops and (12832.0,16497.3) ops/second in (1.168953,17.396764) seconds
2026/05/26-11:14:01  ... thread 3: (16000,278000) ops and (13597.4,15968.5) ops/second in (1.176694,17.409290) seconds
2026/05/26-11:14:02  ... thread 2: (14000,311000) ops and (11368.5,16713.5) ops/second in (1.231474,18.607718) seconds
2026/05/26-11:14:02  ... thread 3: (17000,295000) ops and (14220.8,15856.2) ops/second in (1.195430,18.604720) seconds
2026/05/26-11:14:02  ... thread 1: (13000,300000) ops and (10742.0,16123.0) ops/second in (1.210206,18.606970) seconds
2026/05/26-11:14:02  ... thread 0: (18000,341000) ops and (14111.1,18295.8) ops/second in (1.275596,18.638147) seconds
2026/05/26-11:14:04  ... thread 3: (15000,310000) ops and (11114.1,15535.5) ops/second in (1.349639,19.954359) seconds
2026/05/26-11:14:04  ... thread 2: (15000,326000) ops and (11068.8,16330.3) ops/second in (1.355165,19.962883) seconds
2026/05/26-11:14:04  ... thread 1: (15000,315000) ops and (11072.7,15780.3) ops/second in (1.354683,19.961653) seconds
2026/05/26-11:14:04  ... thread 0: (17000,358000) ops and (12849.7,17934.9) ops/second in (1.322987,19.961134) seconds
2026/05/26-11:14:05  ... thread 0: (31000,389000) ops and (20450.1,18112.4) ops/second in (1.515882,21.477016) seconds
2026/05/26-11:14:05  ... thread 2: (31000,357000) ops and (20392.9,16617.8) ops/second in (1.520138,21.483021) seconds
2026/05/26-11:14:05  ... thread 1: (29000,344000) ops and (18984.1,16008.0) ops/second in (1.527596,21.489249) seconds
2026/05/26-11:14:05  ... thread 3: (33000,343000) ops and (21097.3,15939.7) ops/second in (1.564180,21.518539) seconds
2026/05/26-11:14:06  ... thread 0: (15000,404000) ops and (14869.4,17966.9) ops/second in (1.008784,22.485800) seconds
2026/05/26-11:14:06  ... thread 1: (13000,357000) ops and (12848.4,15865.9) ops/second in (1.011800,22.501049) seconds
2026/05/26-11:14:06  ... thread 2: (20000,377000) ops and (19591.1,16752.7) ops/second in (1.020870,22.503891) seconds
2026/05/26-11:14:06  ... thread 3: (15000,358000) ops and (14435.0,15870.4) ops/second in (1.039139,22.557678) seconds
2026/05/26-11:14:07  ... thread 0: (14000,418000) ops and (13071.2,17744.3) ops/second in (1.071056,23.556856) seconds
2026/05/26-11:14:07  ... thread 3: (13000,371000) ops and (12936.9,15745.3) ops/second in (1.004877,23.562555) seconds
2026/05/26-11:14:07  ... thread 2: (12000,389000) ops and (11114.5,16494.5) ops/second in (1.079668,23.583559) seconds
2026/05/26-11:14:07  ... thread 1: (23000,380000) ops and (21263.4,16113.5) ops/second in (1.081669,23.582718) seconds
2026/05/26-11:14:08  ... thread 3: (18000,389000) ops and (17493.3,15818.5) ops/second in (1.028967,24.591522) seconds
2026/05/26-11:14:08  ... thread 1: (12000,392000) ops and (11844.8,15937.7) ops/second in (1.013107,24.595825) seconds
2026/05/26-11:14:08  ... thread 2: (16000,405000) ops and (15780.1,16465.1) ops/second in (1.013933,24.597492) seconds
2026/05/26-11:14:08  ... thread 0: (16000,434000) ops and (15376.0,17644.1) ops/second in (1.040586,24.597442) seconds
2026/05/26-11:14:09  ... thread 3: (27000,416000) ops and (26664.7,16247.4) ops/second in (1.012576,25.604098) seconds
2026/05/26-11:14:09  ... thread 0: (33000,467000) ops and (32723.4,18238.0) ops/second in (1.008453,25.605895) seconds
2026/05/26-11:14:10  ... thread 1: (31000,423000) ops and (15597.6,15912.2) ops/second in (1.987485,26.583310) seconds
2026/05/26-11:14:10  ... thread 2: (31000,436000) ops and (15481.2,16391.0) ops/second in (2.002424,26.599916) seconds
2026/05/26-11:14:10  ... thread 0: (1000,468000) ops and (997.3,17588.3) ops/second in (1.002730,26.608625) seconds
2026/05/26-11:14:10  ... thread 3: (3000,419000) ops and (2808.1,15709.1) ops/second in (1.068344,26.672442) seconds
2026/05/26-11:14:11  ... thread 1: (22000,445000) ops and (21755.3,16126.4) ops/second in (1.011249,27.594559) seconds
2026/05/26-11:14:11  ... thread 2: (42000,478000) ops and (41500.8,17311.3) ops/second in (1.012028,27.611944) seconds
2026/05/26-11:14:11  ... thread 0: (24000,492000) ops and (23165.8,17797.3) ops/second in (1.036012,27.644637) seconds
2026/05/26-11:14:12  ... thread 3: (30000,449000) ops and (29707.1,16219.7) ops/second in (1.009861,27.682303) seconds
2026/05/26-11:14:12  ... thread 2: (33000,511000) ops and (32401.5,17848.2) ops/second in (1.018471,28.630415) seconds
2026/05/26-11:14:12  ... thread 1: (32000,477000) ops and (30470.6,16652.3) ops/second in (1.050194,28.644753) seconds
2026/05/26-11:14:12  ... thread 0: (35000,527000) ops and (34774.3,18393.7) ops/second in (1.006490,28.651127) seconds
2026/05/26-11:14:13  ... thread 3: (31000,480000) ops and (29978.7,16715.2) ops/second in (1.034067,28.716370) seconds
2026/05/26-11:14:13  ... thread 2: (29000,540000) ops and (28357.9,18210.6) ops/second in (1.022644,29.653059) seconds
2026/05/26-11:14:13  ... thread 1: (31000,508000) ops and (30762.3,17131.8) ops/second in (1.007726,29.652479) seconds
2026/05/26-11:14:13  ... thread 0: (32000,559000) ops and (31300.1,18838.4) ops/second in (1.022362,29.673489) seconds
2026/05/26-11:14:14  ... thread 3: (37000,517000) ops and (36805.7,17394.7) ops/second in (1.005278,29.721648) seconds
2026/05/26-11:14:15  ... thread 0: (34000,593000) ops and (21327.3,18965.3) ops/second in (1.594200,31.267689) seconds
2026/05/26-11:14:15  ... thread 3: (31000,548000) ops and (19958.1,17522.0) ops/second in (1.553257,31.274905) seconds
2026/05/26-11:14:15  ... thread 2: (29000,569000) ops and (17664.3,18181.9) ops/second in (1.641729,31.294788) seconds
2026/05/26-11:14:15  ... thread 1: (25000,533000) ops and (15153.2,17027.5) ops/second in (1.649818,31.302297) seconds
2026/05/26-11:14:16  ... thread 0: (17000,610000) ops and (13208.7,18737.7) ops/second in (1.287031,32.554720) seconds
2026/05/26-11:14:16  ... thread 2: (15000,584000) ops and (11858.9,17936.3) ops/second in (1.264872,32.559660) seconds
2026/05/26-11:14:16  ... thread 1: (13000,546000) ops and (10308.3,16767.3) ops/second in (1.261118,32.563415) seconds
2026/05/26-11:14:16  ... thread 3: (16000,564000) ops and (12261.2,17311.3) ops/second in (1.304926,32.579831) seconds
2026/05/26-11:14:18  ... thread 2: (29000,613000) ops and (19203.7,17992.5) ops/second in (1.510124,34.069784) seconds
2026/05/26-11:14:18  ... thread 3: (33000,597000) ops and (21991.2,17517.4) ops/second in (1.500603,34.080434) seconds
2026/05/26-11:14:18  ... thread 1: (35000,581000) ops and (23022.2,17046.3) ops/second in (1.520275,34.083690) seconds
2026/05/26-11:14:18  ... thread 0: (28000,638000) ops and (18025.7,18705.3) ops/second in (1.553335,34.108055) seconds
2026/05/26-11:14:19  ... thread 1: (27000,608000) ops and (25207.2,17294.9) ops/second in (1.071121,35.154811) seconds
2026/05/26-11:14:19  ... thread 0: (35000,673000) ops and (33285.9,19141.3) ops/second in (1.051496,35.159551) seconds
2026/05/26-11:14:19  ... thread 3: (35000,632000) ops and (32346.5,17973.7) ops/second in (1.082033,35.162467) seconds
2026/05/26-11:14:19  ... thread 2: (28000,641000) ops and (25456.0,18225.9) ops/second in (1.099938,35.169722) seconds
2026/05/26-11:14:20  ... thread 1: (19000,627000) ops and (15322.7,17227.7) ops/second in (1.239990,36.394801) seconds
2026/05/26-11:14:20  ... thread 2: (17000,658000) ops and (13310.9,18053.7) ops/second in (1.277146,36.446868) seconds
2026/05/26-11:14:21  ... thread 0: (14000,687000) ops and (8463.4,18661.5) ops/second in (1.654178,36.813729) seconds
2026/05/26-11:14:21  ... thread 3: (16000,648000) ops and (8602.5,17502.9) ops/second in (1.859915,37.022382) seconds
2026/05/26-11:14:21  ... thread 2: (2000,660000) ops and (1957.7,17614.8) ops/second in (1.021581,37.468449) seconds
2026/05/26-11:14:21  ... thread 1: (2000,629000) ops and (1719.6,16747.5) ops/second in (1.163078,37.557879) seconds
2026/05/26-11:14:22  ... thread 3: (3000,651000) ops and (2812.9,17091.6) ops/second in (1.066497,38.088879) seconds
2026/05/26-11:14:22  ... thread 0: (2000,689000) ops and (1382.1,18008.0) ops/second in (1.447070,38.260799) seconds
2026/05/26-11:14:22  ... thread 2: (1000,661000) ops and (913.9,17140.9) ops/second in (1.094252,38.562701) seconds
2026/05/26-11:14:22  ... thread 1: (2000,631000) ops and (1812.3,16321.2) ops/second in (1.103584,38.661463) seconds
2026/05/26-11:14:23  ... thread 3: (2000,653000) ops and (1841.4,16668.8) ops/second in (1.086144,39.175023) seconds
2026/05/26-11:14:23  ... thread 0: (1000,690000) ops and (912.6,17532.0) ops/second in (1.095773,39.356572) seconds
2026/05/26-11:14:24  ... thread 2: (2000,663000) ops and (1769.5,16703.2) ops/second in (1.130242,39.692943) seconds
2026/05/26-11:14:24  ... thread 1: (2000,633000) ops and (1932.5,15946.0) ops/second in (1.034947,39.696410) seconds
2026/05/26-11:14:24  ... thread 3: (20000,673000) ops and (19789.3,16747.3) ops/second in (1.010648,40.185671) seconds
2026/05/26-11:14:24  ... thread 0: (27000,717000) ops and (25113.9,17733.6) ops/second in (1.075101,40.431673) seconds
2026/05/26-11:14:25  ... thread 1: (39000,672000) ops and (38276.3,16504.8) ops/second in (1.018908,40.715318) seconds
2026/05/26-11:14:25  ... thread 2: (33000,696000) ops and (32041.3,17091.1) ops/second in (1.029921,40.722864) seconds
2026/05/26-11:14:25  ... thread 3: (33000,706000) ops and (32870.1,17140.2) ops/second in (1.003952,41.189623) seconds
2026/05/26-11:14:25  ... thread 0: (30000,747000) ops and (26784.6,17977.6) ops/second in (1.120045,41.551718) seconds
2026/05/26-11:14:26  ... thread 1: (25000,697000) ops and (24961.4,16707.9) ops/second in (1.001546,41.716864) seconds
2026/05/26-11:14:26  ... thread 2: (27000,723000) ops and (26760.9,17324.9) ops/second in (1.008934,41.731798) seconds
2026/05/26-11:14:26  ... thread 3: (31000,737000) ops and (29678.7,17450.3) ops/second in (1.044521,42.234144) seconds
2026/05/26-11:14:27  ... thread 0: (29000,776000) ops and (21935.3,18099.6) ops/second in (1.322069,42.873787) seconds
2026/05/26-11:14:27  ... thread 1: (27000,724000) ops and (16271.0,16691.2) ops/second in (1.659391,43.376255) seconds
2026/05/26-11:14:27  ... thread 2: (24000,747000) ops and (13162.2,17150.6) ops/second in (1.823409,43.555207) seconds
2026/05/26-11:14:28  ... thread 0: (2000,778000) ops and (1971.6,17726.9) ops/second in (1.014419,43.888206) seconds
2026/05/26-11:14:28  ... thread 3: (9000,746000) ops and (3976.6,16765.0) ops/second in (2.263229,44.497373) seconds
2026/05/26-11:14:28  ... thread 2: (3000,750000) ops and (2913.0,16821.8) ops/second in (1.029868,44.585075) seconds
2026/05/26-11:14:29  ... thread 0: (3000,781000) ops and (2360.7,17294.4) ops/second in (1.270797,45.159003) seconds
2026/05/26-11:14:29  ... thread 1: (2000,726000) ops and (1017.0,16011.4) ops/second in (1.966489,45.342744) seconds
2026/05/26-11:14:29  ... thread 3: (2000,748000) ops and (1701.3,16377.3) ops/second in (1.175577,45.672950) seconds
2026/05/26-11:14:30  ... thread 0: (1000,782000) ops and (837.7,16870.6) ops/second in (1.193810,46.352813) seconds
2026/05/26-11:14:30  ... thread 2: (3000,753000) ops and (1495.8,16162.0) ops/second in (2.005655,46.590730) seconds
2026/05/26-11:14:30  ... thread 1: (2000,728000) ops and (1569.2,15616.5) ops/second in (1.274500,46.617244) seconds
2026/05/26-11:14:31  ... thread 3: (3000,751000) ops and (1588.4,15790.0) ops/second in (1.888740,47.561690) seconds
2026/05/26-11:14:31  ... thread 0: (2000,784000) ops and (1612.8,16473.0) ops/second in (1.240077,47.592890) seconds
2026/05/26-11:14:32  ... thread 2: (2000,755000) ops and (1511.8,15757.5) ops/second in (1.322900,47.913630) seconds
2026/05/26-11:14:32  ... thread 1: (3000,731000) ops and (1978.0,15186.8) ops/second in (1.516681,48.133925) seconds
2026/05/26-11:14:32  ... thread 3: (2000,753000) ops and (1950.7,15498.0) ops/second in (1.025269,48.586959) seconds
2026/05/26-11:14:33  ... thread 2: (2000,757000) ops and (1667.3,15413.4) ops/second in (1.199552,49.113182) seconds
2026/05/26-11:14:33  ... thread 1: (2000,733000) ops and (1717.8,14868.7) ops/second in (1.164257,49.298182) seconds
2026/05/26-11:14:33  ... thread 0: (3000,787000) ops and (1605.6,15911.4) ops/second in (1.868426,49.461316) seconds
2026/05/26-11:14:34  ... thread 3: (2000,755000) ops and (1485.6,15120.2) ops/second in (1.346231,49.933190) seconds
2026/05/26-11:14:34  ... thread 2: (2000,759000) ops and (1646.2,15081.0) ops/second in (1.214883,50.328065) seconds
2026/05/26-11:14:34  ... thread 1: (2000,735000) ops and (1569.6,14533.6) ops/second in (1.274171,50.572353) seconds
2026/05/26-11:14:35  ... thread 0: (2000,789000) ops and (1420.5,15510.3) ops/second in (1.407996,50.869312) seconds
2026/05/26-11:14:35  ... thread 3: (2000,757000) ops and (1669.0,14805.0) ops/second in (1.198307,51.131497) seconds
2026/05/26-11:14:36  ... thread 2: (2000,761000) ops and (1220.6,14644.0) ops/second in (1.638503,51.966568) seconds
2026/05/26-11:14:36  ... thread 1: (2000,737000) ops and (1285.1,14138.1) ops/second in (1.556293,52.128646) seconds
2026/05/26-11:14:36  ... thread 3: (2000,759000) ops and (1895.8,14544.0) ops/second in (1.054989,52.186486) seconds
2026/05/26-11:14:37  ... thread 2: (3000,764000) ops and (2776.0,14402.2) ops/second in (1.080703,53.047271) seconds
2026/05/26-11:14:37  ... thread 3: (1000,760000) ops and (987.4,14285.9) ops/second in (1.012747,53.199233) seconds
2026/05/26-11:14:37  ... thread 0: (3000,792000) ops and (1117.1,14788.6) ops/second in (2.685605,53.554917) seconds
2026/05/26-11:14:38  ... thread 1: (1000,738000) ops and (524.0,13657.3) ops/second in (1.908242,54.036888) seconds
2026/05/26-11:14:38  ... thread 2: (2000,766000) ops and (1786.9,14141.6) ops/second in (1.119259,54.166530) seconds
2026/05/26-11:14:38  ... thread 3: (1000,761000) ops and (763.7,13961.1) ops/second in (1.309351,54.508584) seconds
2026/05/26-11:14:39  ... thread 1: (1000,739000) ops and (942.0,13412.3) ops/second in (1.061624,55.098512) seconds
2026/05/26-11:14:39  ... thread 2: (1000,767000) ops and (887.1,13871.4) ops/second in (1.127255,55.293785) seconds
2026/05/26-11:14:39  ... thread 0: (2000,794000) ops and (1061.3,14321.9) ops/second in (1.884517,55.439434) seconds
2026/05/26-11:14:40  ... thread 1: (1000,740000) ops and (944.3,13177.2) ops/second in (1.058998,56.157510) seconds
2026/05/26-11:14:40  ... thread 3: (2000,763000) ops and (1007.0,13505.7) ops/second in (1.986117,56.494701) seconds
2026/05/26-11:14:40  ... thread 2: (1000,768000) ops and (812.9,13587.1) ops/second in (1.230234,56.524019) seconds
2026/05/26-11:14:41  ... thread 0: (2000,796000) ops and (1018.4,13866.8) ops/second in (1.963923,57.403357) seconds
2026/05/26-11:14:41  ... thread 2: (1000,769000) ops and (932.0,13351.4) ops/second in (1.073009,57.597028) seconds
2026/05/26-11:14:42  ... thread 3: (2000,765000) ops and (1192.1,13150.5) ops/second in (1.677773,58.172474) seconds
2026/05/26-11:14:42  ... thread 0: (1000,797000) ops and (864.9,13610.1) ops/second in (1.156222,58.559579) seconds
2026/05/26-11:14:43  ... thread 1: (3000,743000) ops and (1109.1,12622.7) ops/second in (2.704865,58.862375) seconds
2026/05/26-11:14:43  ... thread 3: (1000,766000) ops and (954.0,12934.7) ops/second in (1.048216,59.220690) seconds
2026/05/26-11:14:43  ... thread 0: (2000,799000) ops and (1871.1,13399.6) ops/second in (1.068913,59.628492) seconds
2026/05/26-11:14:44  ... thread 2: (2000,771000) ops and (744.6,12789.7) ops/second in (2.686078,60.283106) seconds
2026/05/26-11:14:44  ... thread 3: (2000,768000) ops and (1431.0,12669.4) ops/second in (1.397592,60.618282) seconds
2026/05/26-11:14:45  ... thread 0: (1000,800000) ops and (875.6,13164.3) ops/second in (1.142065,60.770557) seconds
2026/05/26-11:14:45  ... thread 1: (2000,745000) ops and (1017.2,12247.5) ops/second in (1.966270,60.828645) seconds
2026/05/26-11:14:45  ... thread 2: (1000,772000) ops and (923.0,12580.1) ops/second in (1.083445,61.366551) seconds
2026/05/26-11:14:46  ... thread 3: (1000,769000) ops and (787.1,12425.5) ops/second in (1.270560,61.888842) seconds
2026/05/26-11:14:46  ... thread 1: (2000,747000) ops and (1567.0,12028.0) ops/second in (1.276343,62.104988) seconds
2026/05/26-11:14:46  ... thread 2: (1000,773000) ops and (798.2,12344.4) ops/second in (1.252809,62.619360) seconds
2026/05/26-11:14:47  ... thread 0: (2000,802000) ops and (857.6,12709.4) ops/second in (2.332145,63.102702) seconds
2026/05/26-11:14:47  ... thread 1: (2000,749000) ops and (1528.1,11811.3) ops/second in (1.308792,63.413780) seconds
2026/05/26-11:14:48  ... thread 2: (1000,774000) ops and (763.0,12107.0) ops/second in (1.310639,63.929999) seconds
2026/05/26-11:14:48  ... thread 3: (1000,770000) ops and (450.3,12010.7) ops/second in (2.220864,64.109706) seconds
2026/05/26-11:14:48  ... thread 1: (2000,751000) ops and (1789.3,11637.7) ops/second in (1.117779,64.531559) seconds
2026/05/26-11:14:49  ... thread 0: (2000,804000) ops and (1200.9,12413.5) ops/second in (1.665479,64.768181) seconds
2026/05/26-11:14:49  ... thread 2: (1000,775000) ops and (989.6,11934.0) ops/second in (1.010515,64.940514) seconds
2026/05/26-11:14:49  ... thread 3: (2000,772000) ops and (1977.4,11854.8) ops/second in (1.011436,65.121142) seconds
2026/05/26-11:14:49  ... thread 1: (14000,765000) ops and (13773.3,11670.8) ops/second in (1.016463,65.548022) seconds
2026/05/26-11:14:50  ... thread 0: (20000,824000) ops and (19135.3,12520.3) ops/second in (1.045189,65.813370) seconds
2026/05/26-11:14:50  ... thread 2: (20000,795000) ops and (19388.4,12050.6) ops/second in (1.031543,65.972057) seconds
2026/05/26-11:14:50  ... thread 3: (27000,799000) ops and (26556.5,12080.8) ops/second in (1.016701,66.137843) seconds
2026/05/26-11:14:50  ... thread 1: (24000,789000) ops and (23229.8,11850.2) ops/second in (1.033155,66.581177) seconds
2026/05/26-11:14:51  ... thread 0: (28000,852000) ops and (27798.2,12750.6) ops/second in (1.007261,66.820631) seconds
2026/05/26-11:14:51  ... thread 2: (29000,824000) ops and (27381.3,12292.8) ops/second in (1.059116,67.031173) seconds
2026/05/26-11:14:51  ... thread 3: (25000,824000) ops and (24638.9,12270.6) ops/second in (1.014654,67.152497) seconds
2026/05/26-11:14:51  ... thread 1: (29000,818000) ops and (28301.8,12099.5) ops/second in (1.024670,67.605847) seconds
2026/05/26-11:14:52  ... thread 0: (30000,882000) ops and (29966.9,13004.7) ops/second in (1.001103,67.821734) seconds
2026/05/26-11:14:53  ... thread 2: (30000,854000) ops and (13736.7,12338.3) ops/second in (2.183929,69.215102) seconds
2026/05/26-11:14:53  ... thread 0: (6000,888000) ops and (4305.1,12829.5) ops/second in (1.393695,69.215429) seconds
2026/05/26-11:14:53  ... thread 1: (15000,833000) ops and (9120.5,12028.8) ops/second in (1.644639,69.250486) seconds
2026/05/26-11:14:53  ... thread 3: (26000,850000) ops and (12398.4,12274.4) ops/second in (2.097046,69.249543) seconds
2026/05/26-11:14:54  ... thread 2: (29000,883000) ops and (28788.2,12574.3) ops/second in (1.007357,70.222459) seconds
2026/05/26-11:14:54  ... thread 0: (33000,921000) ops and (32195.3,13112.1) ops/second in (1.024994,70.240423) seconds
2026/05/26-11:14:54  ... thread 1: (29000,862000) ops and (28695.6,12268.5) ops/second in (1.010609,70.261095) seconds
2026/05/26-11:14:54  ... thread 3: (28000,878000) ops and (24718.8,12474.7) ops/second in (1.132741,70.382284) seconds
2026/05/26-11:14:55  ... thread 2: (33000,916000) ops and (32689.1,12859.4) ops/second in (1.009511,71.231970) seconds
2026/05/26-11:14:55  ... thread 0: (31000,952000) ops and (30182.6,13358.1) ops/second in (1.027082,71.267505) seconds
2026/05/26-11:14:55  ... thread 1: (31000,893000) ops and (30681.9,12529.6) ops/second in (1.010368,71.271463) seconds
2026/05/26-11:14:55  ... thread 3: (31000,909000) ops and (29230.1,12723.5) ops/second in (1.060552,71.442836) seconds
2026/05/26-11:14:56  ... thread 2: (28000,944000) ops and (27650.3,13066.7) ops/second in (1.012649,72.244619) seconds
2026/05/26-11:14:56  ... thread 1: (29000,922000) ops and (28831.3,12756.4) ops/second in (1.005852,72.277315) seconds
2026/05/26-11:14:56  ... thread 0: (29000,981000) ops and (28704.1,13572.6) ops/second in (1.010307,72.277812) seconds
2026/05/26-11:14:56  ... thread 3: (30000,939000) ops and (28786.5,12954.4) ops/second in (1.042154,72.484990) seconds
2026/05/26-11:14:57  ... thread 2: (31000,975000) ops and (30273.1,13307.2) ops/second in (1.024010,73.268629) seconds
2026/05/26-11:14:57  ... thread 1: (30000,952000) ops and (29903.5,12991.2) ops/second in (1.003227,73.280542) seconds
2026/05/26-11:14:57  ... thread 0: (28000,1009000) ops and (27655.8,13767.2) ops/second in (1.012445,73.290257) seconds
2026/05/26-11:14:58  ... thread 3: (32000,971000) ops and (17724.9,13070.3) ops/second in (1.805371,74.290361) seconds
2026/05/26-11:14:58  ... thread 1: (6000,958000) ops and (5181.7,12869.7) ops/second in (1.157925,74.438467) seconds
2026/05/26-11:14:59  ... thread 2: (7000,982000) ops and (4390.1,13117.3) ops/second in (1.594502,74.863131) seconds
2026/05/26-11:14:59  ... thread 0: (6000,1015000) ops and (2724.5,13445.0) ops/second in (2.202214,75.492471) seconds
2026/05/26-11:14:59  ... thread 1: (2000,960000) ops and (1633.9,12687.9) ops/second in (1.224075,75.662542) seconds
2026/05/26-11:15:00  ... thread 3: (2000,973000) ops and (1117.2,12789.1) ops/second in (1.790115,76.080476) seconds
2026/05/26-11:15:01  ... thread 2: (2000,984000) ops and (1054.3,12819.2) ops/second in (1.896964,76.760095) seconds
2026/05/26-11:15:01  ... thread 3: (1000,974000) ops and (935.3,12624.8) ops/second in (1.069148,77.149624) seconds
2026/05/26-11:15:01  ... thread 0: (2000,1017000) ops and (1141.8,13166.1) ops/second in (1.751595,77.244066) seconds
2026/05/26-11:15:02  ... thread 1: (2000,962000) ops and (867.0,12338.2) ops/second in (2.306686,77.969228) seconds
2026/05/26-11:15:02  ... thread 2: (2000,986000) ops and (1636.8,12643.9) ops/second in (1.221881,77.981976) seconds
2026/05/26-11:15:02  ... thread 0: (2000,1019000) ops and (1576.1,12978.7) ops/second in (1.268995,78.513061) seconds
2026/05/26-11:15:03  ... thread 3: (2000,976000) ops and (1056.6,12347.8) ops/second in (1.892862,79.042486) seconds
2026/05/26-11:15:03  ... thread 1: (1000,963000) ops and (904.6,12178.4) ops/second in (1.105479,79.074707) seconds
2026/05/26-11:15:03  ... thread 2: (1000,987000) ops and (876.3,12474.2) ops/second in (1.141184,79.123160) seconds
2026/05/26-11:15:04  ... thread 0: (2000,1021000) ops and (1690.9,12811.2) ops/second in (1.182781,79.695842) seconds
2026/05/26-11:15:04  ... thread 1: (1000,964000) ops and (910.9,12024.1) ops/second in (1.097792,80.172499) seconds
2026/05/26-11:15:05  ... thread 0: (2000,1023000) ops and (1740.8,12653.9) ops/second in (1.148878,80.844720) seconds
2026/05/26-11:15:05  ... thread 2: (1000,988000) ops and (553.1,12207.9) ops/second in (1.808048,80.931208) seconds
2026/05/26-11:15:05  ... thread 3: (2000,978000) ops and (1029.4,12076.2) ops/second in (1.942932,80.985418) seconds
2026/05/26-11:15:05  ... thread 1: (2000,966000) ops and (1708.7,11875.6) ops/second in (1.170503,81.343002) seconds
2026/05/26-11:15:06  ... thread 3: (2000,980000) ops and (1550.5,11911.2) ops/second in (1.289902,82.275320) seconds
2026/05/26-11:15:06  ... thread 2: (2000,990000) ops and (1348.2,12012.4) ops/second in (1.483447,82.414655) seconds
2026/05/26-11:15:06  ... thread 0: (2000,1025000) ops and (1165.0,12415.0) ops/second in (1.716767,82.561487) seconds
2026/05/26-11:15:07  ... thread 1: (1000,967000) ops and (680.8,11677.1) ops/second in (1.468936,82.811938) seconds
2026/05/26-11:15:07  ... thread 0: (2000,1027000) ops and (1868.8,12280.0) ops/second in (1.070199,83.631686) seconds
2026/05/26-11:15:08  ... thread 1: (2000,969000) ops and (1565.2,11523.4) ops/second in (1.277757,84.089695) seconds
2026/05/26-11:15:08  ... thread 2: (2000,992000) ops and (1118.7,11781.1) ops/second in (1.787786,84.202441) seconds
2026/05/26-11:15:09  ... thread 3: (1000,981000) ops and (387.3,11560.6) ops/second in (2.582186,84.857506) seconds
2026/05/26-11:15:09  ... thread 0: (2000,1029000) ops and (1533.7,12115.0) ops/second in (1.304029,84.935715) seconds
2026/05/26-11:15:09  ... thread 1: (1000,970000) ops and (754.6,11356.3) ops/second in (1.325181,85.414876) seconds
2026/05/26-11:15:09  ... thread 2: (2000,994000) ops and (1619.3,11634.2) ops/second in (1.235096,85.437537) seconds
2026/05/26-11:15:10  ... thread 0: (2000,1031000) ops and (1561.5,11958.3) ops/second in (1.280804,86.216519) seconds
2026/05/26-11:15:10  ... thread 2: (1000,995000) ops and (942.2,11503.0) ops/second in (1.061333,86.498870) seconds
2026/05/26-11:15:11  ... thread 1: (1000,971000) ops and (773.5,11198.5) ops/second in (1.292891,86.707767) seconds
2026/05/26-11:15:11  ... thread 3: (2000,983000) ops and (1070.4,11334.6) ops/second in (1.868473,86.725979) seconds
2026/05/26-11:15:11  ... thread 0: (16000,1047000) ops and (15100.8,11996.4) ops/second in (1.059547,87.276066) seconds
2026/05/26-11:15:11  ... thread 2: (26000,1021000) ops and (25762.5,11667.5) ops/second in (1.009218,87.508088) seconds
2026/05/26-11:15:12  ... thread 1: (33000,1004000) ops and (28804.4,11428.1) ops/second in (1.145657,87.853424) seconds
2026/05/26-11:15:12  ... thread 3: (30000,1013000) ops and (26172.6,11528.1) ops/second in (1.146235,87.872214) seconds
2026/05/26-11:15:12  ... thread 0: (33000,1080000) ops and (29370.6,12217.2) ops/second in (1.123574,88.399640) seconds
2026/05/26-11:15:12  ... thread 2: (28000,1049000) ops and (27497.9,11849.6) ops/second in (1.018261,88.526349) seconds
2026/05/26-11:15:13  ... thread 1: (29000,1033000) ops and (25720.8,11609.2) ops/second in (1.127491,88.980915) seconds
2026/05/26-11:15:13  ... thread 3: (30000,1043000) ops and (26760.1,11720.0) ops/second in (1.121071,88.993285) seconds
2026/05/26-11:15:13  ... thread 0: (33000,1113000) ops and (29663.3,12434.1) ops/second in (1.112485,89.512125) seconds
2026/05/26-11:15:13  ... thread 2: (27000,1076000) ops and (26907.7,12018.3) ops/second in (1.003429,89.529778) seconds
2026/05/26-11:15:14  ... thread 2: (16000,1092000) ops and (15381.8,12057.0) ops/second in (1.040189,90.569967) seconds
2026/05/26-11:15:14  ... thread 3: (34000,1077000) ops and (20545.4,11881.1) ops/second in (1.654873,90.648158) seconds
2026/05/26-11:15:15  ... thread 1: (29000,1062000) ops and (14986.5,11681.1) ops/second in (1.935072,90.915987) seconds
2026/05/26-11:15:15  ... thread 0: (17000,1130000) ops and (10832.2,12406.5) ops/second in (1.569391,91.081516) seconds
2026/05/26-11:15:16  ... thread 2: (3000,1095000) ops and (2630.2,11939.7) ops/second in (1.140584,91.710551) seconds
2026/05/26-11:15:16  ... thread 3: (1000,1078000) ops and (838.0,11737.6) ops/second in (1.193278,91.841436) seconds
2026/05/26-11:15:16  ... thread 0: (1000,1131000) ops and (855.6,12260.1) ops/second in (1.168802,92.250318) seconds
2026/05/26-11:15:17  ... thread 1: (1000,1063000) ops and (472.1,11425.9) ops/second in (2.118252,93.034239) seconds
2026/05/26-11:15:17  ... thread 0: (2000,1133000) ops and (1940.5,12146.1) ops/second in (1.030668,93.280986) seconds
2026/05/26-11:15:17  ... thread 2: (2000,1097000) ops and (1064.1,11721.3) ops/second in (1.879583,93.590134) seconds
2026/05/26-11:15:18  ... thread 3: (3000,1081000) ops and (1463.4,11513.3) ops/second in (2.050054,93.891490) seconds
2026/05/26-11:15:18  ... thread 1: (2000,1065000) ops and (1593.7,11295.0) ops/second in (1.254949,94.289188) seconds
2026/05/26-11:15:19  ... thread 2: (2000,1099000) ops and (1580.2,11586.0) ops/second in (1.265659,94.855793) seconds
2026/05/26-11:15:19  ... thread 3: (2000,1083000) ops and (1715.3,11393.1) ops/second in (1.165963,95.057453) seconds
2026/05/26-11:15:19  ... thread 0: (2000,1135000) ops and (992.8,11910.3) ops/second in (2.014426,95.295412) seconds
2026/05/26-11:15:20  ... thread 1: (1000,1066000) ops and (650.5,11124.3) ops/second in (1.537373,95.826561) seconds
2026/05/26-11:15:20  ... thread 2: (2000,1101000) ops and (1605.4,11456.6) ops/second in (1.245804,96.101597) seconds
2026/05/26-11:15:21  ... thread 3: (2000,1085000) ops and (882.0,11148.2) ops/second in (2.267611,97.325064) seconds
2026/05/26-11:15:21  ... thread 1: (3000,1069000) ops and (1772.5,10962.0) ops/second in (1.692522,97.519083) seconds
2026/05/26-11:15:22  ... thread 2: (3000,1104000) ops and (1527.6,11257.8) ops/second in (1.963907,98.065504) seconds
2026/05/26-11:15:22  ... thread 0: (2000,1137000) ops and (711.8,11589.6) ops/second in (2.809668,98.105080) seconds
2026/05/26-11:15:22  ... thread 3: (3000,1088000) ops and (2355.4,11034.6) ops/second in (1.273670,98.598734) seconds
2026/05/26-11:15:23  ... thread 2: (1000,1105000) ops and (875.6,11138.3) ops/second in (1.142067,99.207571) seconds
2026/05/26-11:15:23  ... thread 1: (2000,1071000) ops and (1058.4,10773.7) ops/second in (1.889580,99.408663) seconds
2026/05/26-11:15:24  ... thread 0: (2000,1139000) ops and (1073.5,11393.6) ops/second in (1.863054,99.968134) seconds
2026/05/26-11:15:24  ... thread 3: (3000,1091000) ops and (1942.6,10894.4) ops/second in (1.544304,100.143038) seconds
2026/05/26-11:15:24  ... thread 2: (1000,1106000) ops and (876.7,11021.6) ops/second in (1.140647,100.348218) seconds
2026/05/26-11:15:25  ... thread 1: (3000,1074000) ops and (1649.4,10609.8) ops/second in (1.818836,101.227499) seconds
2026/05/26-11:15:25  ... thread 0: (2000,1141000) ops and (1430.6,11256.2) ops/second in (1.398011,101.366145) seconds
2026/05/26-11:15:26  ... thread 3: (2000,1093000) ops and (1073.0,10715.0) ops/second in (1.863865,102.006903) seconds
2026/05/26-11:15:26  ... thread 2: (2000,1108000) ops and (1201.7,10861.4) ops/second in (1.664314,102.012532) seconds
2026/05/26-11:15:26  ... thread 0: (2000,1143000) ops and (1561.6,11135.3) ops/second in (1.280717,102.646862) seconds
2026/05/26-11:15:27  ... thread 1: (2000,1076000) ops and (1172.8,10453.4) ops/second in (1.705260,102.932759) seconds
2026/05/26-11:15:27  ... thread 2: (2000,1110000) ops and (1291.7,10718.3) ops/second in (1.548319,103.560851) seconds
2026/05/26-11:15:28  ... thread 3: (1000,1094000) ops and (576.7,10545.5) ops/second in (1.734031,103.740934) seconds
2026/05/26-11:15:28  ... thread 0: (2000,1145000) ops and (1289.5,10988.7) ops/second in (1.551024,104.197886) seconds
2026/05/26-11:15:28  ... thread 1: (1000,1077000) ops and (653.5,10309.9) ops/second in (1.530167,104.462926) seconds
2026/05/26-11:15:29  ... thread 3: (1000,1095000) ops and (919.3,10445.6) ops/second in (1.087808,104.828742) seconds
2026/05/26-11:15:29  ... thread 0: (1000,1146000) ops and (900.9,10882.4) ops/second in (1.110007,105.307893) seconds
2026/05/26-11:15:30  ... thread 2: (1000,1111000) ops and (443.3,10499.3) ops/second in (2.255992,105.816843) seconds
2026/05/26-11:15:30  ... thread 1: (1000,1078000) ops and (725.8,10185.1) ops/second in (1.377727,105.840653) seconds
2026/05/26-11:15:31  ... thread 3: (2000,1097000) ops and (1059.5,10279.6) ops/second in (1.887673,106.716415) seconds
2026/05/26-11:15:31  ... thread 0: (1000,1147000) ops and (556.1,10709.0) ops/second in (1.798254,107.106147) seconds
2026/05/26-11:15:31  ... thread 2: (1000,1112000) ops and (711.5,10371.0) ops/second in (1.405479,107.222322) seconds
2026/05/26-11:15:31  ... thread 1: (2000,1080000) ops and (1184.6,10043.8) ops/second in (1.688382,107.529035) seconds
2026/05/26-11:15:32  ... thread 3: (1000,1098000) ops and (680.8,10149.3) ops/second in (1.468859,108.185274) seconds
2026/05/26-11:15:32  ... thread 2: (1000,1113000) ops and (731.9,10249.7) ops/second in (1.366310,108.588632) seconds
2026/05/26-11:15:33  ... thread 0: (2000,1149000) ops and (982.3,10527.6) ops/second in (2.035970,109.142117) seconds
2026/05/26-11:15:33  ... thread 1: (1000,1081000) ops and (615.5,9903.5) ops/second in (1.624582,109.153617) seconds
2026/05/26-11:15:33  ... thread 3: (2000,1100000) ops and (1560.7,10048.7) ops/second in (1.281436,109.466710) seconds
2026/05/26-11:15:34  ... thread 2: (1000,1114000) ops and (584.5,10099.8) ops/second in (1.710898,110.299530) seconds
2026/05/26-11:15:34  ... thread 0: (1000,1150000) ops and (821.5,10420.5) ops/second in (1.217279,110.359396) seconds
2026/05/26-11:15:35  ... thread 1: (2000,1083000) ops and (1152.7,9766.6) ops/second in (1.735069,110.888686) seconds
2026/05/26-11:15:35  ... thread 3: (1000,1101000) ops and (584.7,9903.1) ops/second in (1.710226,111.176936) seconds
2026/05/26-11:15:36  ... thread 0: (1000,1151000) ops and (484.5,10238.1) ops/second in (2.063802,112.423198) seconds
2026/05/26-11:15:36  ... thread 1: (2000,1085000) ops and (1160.8,9634.9) ops/second in (1.722913,112.611599) seconds
2026/05/26-11:15:37  ... thread 2: (1000,1115000) ops and (401.3,9885.5) ops/second in (2.491803,112.791333) seconds
2026/05/26-11:15:37  ... thread 3: (2000,1103000) ops and (960.6,9738.7) ops/second in (2.082045,113.258981) seconds
2026/05/26-11:15:38  ... thread 0: (1000,1152000) ops and (778.9,10131.3) ops/second in (1.283852,113.707050) seconds
2026/05/26-11:15:38  ... thread 2: (1000,1116000) ops and (856.5,9793.0) ops/second in (1.167595,113.958928) seconds
2026/05/26-11:15:38  ... thread 1: (1000,1086000) ops and (672.3,9518.1) ops/second in (1.487377,114.098976) seconds
2026/05/26-11:15:39  ... thread 1: (1000,1087000) ops and (932.3,9438.1) ops/second in (1.072664,115.171640) seconds
2026/05/26-11:15:39  ... thread 0: (2000,1154000) ops and (1294.9,10012.9) ops/second in (1.544481,115.251531) seconds
2026/05/26-11:15:39  ... thread 3: (2000,1105000) ops and (864.4,9561.1) ops/second in (2.313757,115.572738) seconds
2026/05/26-11:15:40  ... thread 2: (1000,1117000) ops and (575.4,9654.5) ops/second in (1.738039,115.696967) seconds
2026/05/26-11:15:40  ... thread 1: (13000,1100000) ops and (12843.9,9467.8) ops/second in (1.012156,116.183796) seconds
2026/05/26-11:15:40  ... thread 0: (16000,1170000) ops and (15889.1,10063.8) ops/second in (1.006981,116.258512) seconds
2026/05/26-11:15:40  ... thread 3: (22000,1127000) ops and (21597.0,9666.2) ops/second in (1.018661,116.591399) seconds
2026/05/26-11:15:41  ... thread 2: (27000,1144000) ops and (26369.0,9801.2) ops/second in (1.023928,116.720895) seconds
2026/05/26-11:15:41  ... thread 1: (28000,1128000) ops and (27513.4,9624.5) ops/second in (1.017685,117.201481) seconds
2026/05/26-11:15:41  ... thread 0: (28000,1198000) ops and (27572.7,10215.4) ops/second in (1.015498,117.274010) seconds
2026/05/26-11:15:41  ... thread 3: (28000,1155000) ops and (26558.8,9817.6) ops/second in (1.054264,117.645663) seconds
2026/05/26-11:15:42  ... thread 2: (24000,1168000) ops and (23696.2,9920.7) ops/second in (1.012820,117.733715) seconds
2026/05/26-11:15:42  ... thread 1: (26000,1154000) ops and (25883.2,9762.6) ops/second in (1.004513,118.205994) seconds
2026/05/26-11:15:42  ... thread 0: (31000,1229000) ops and (30208.6,10388.8) ops/second in (1.026197,118.300207) seconds
2026/05/26-11:15:43  ... thread 2: (30000,1198000) ops and (28812.1,10086.3) ops/second in (1.041229,118.774944) seconds
2026/05/26-11:15:43  ... thread 3: (32000,1187000) ops and (28310.7,9993.6) ops/second in (1.130315,118.775978) seconds
2026/05/26-11:15:44  ... thread 1: (32000,1186000) ops and (21206.3,9906.9) ops/second in (1.508986,119.714980) seconds
2026/05/26-11:15:44  ... thread 2: (20000,1218000) ops and (19991.0,10169.0) ops/second in (1.000449,119.775393) seconds
2026/05/26-11:15:44  ... thread 3: (20000,1207000) ops and (19777.3,10076.2) ops/second in (1.011262,119.787240) seconds
2026/05/26-11:15:45  ... thread 1: (43000,1229000) ops and (39411.9,10173.3) ops/second in (1.091040,120.806020) seconds
Initializing RocksDB Options from the specified file
Initializing RocksDB Options from command-line flags
Integrated BlobDB: blob cache disabled
Keys:       16 bytes each (+ 0 bytes user-defined timestamp)
Values:     1024 bytes each (512 bytes after compression)
Entries:    1250000
Prefix:    0 bytes
Keys per prefix:    0
RawSize:    1239.8 MB (estimated)
FileSize:   629.4 MB (estimated)
Write rate: 0 bytes/second
Read rate: 0 ops/second
Compression: Snappy
Compression sampling rate: 0
Memtablerep: SkipListFactory
Perf Level: 1
WARNING: Assertions are enabled; benchmarks unnecessarily slow
------------------------------------------------
Initializing RocksDB Options from the specified file
Initializing RocksDB Options from command-line flags
Integrated BlobDB: blob cache disabled
DB path: [/tmp/rocksdb_comp_exp_db]
fillrandom   :      96.238 micros/op 41328 ops/sec 120.980 seconds 5000000 operations;   41.0 MB/s
2026/05/26-11:15:50  ... thread 1: (1000,1000) ops and (180.9,180.9) ops/second in (5.527039,5.527039) seconds
2026/05/26-11:15:51  ... thread 2: (1000,1000) ops and (175.0,175.0) ops/second in (5.713879,5.713879) seconds
2026/05/26-11:15:51  ... thread 0: (1000,1000) ops and (172.5,172.5) ops/second in (5.796094,5.796094) seconds
2026/05/26-11:15:51  ... thread 3: (1000,1000) ops and (171.7,171.7) ops/second in (5.824092,5.824092) seconds
2026/05/26-11:15:56  ... thread 0: (1000,2000) ops and (198.9,184.8) ops/second in (5.028443,10.824537) seconds
2026/05/26-11:15:56  ... thread 1: (1000,2000) ops and (188.7,184.7) ops/second in (5.299718,10.826757) seconds
2026/05/26-11:15:56  ... thread 2: (1000,2000) ops and (195.4,184.7) ops/second in (5.116825,10.830704) seconds
2026/05/26-11:15:56  ... thread 3: (1000,2000) ops and (193.3,181.8) ops/second in (5.174316,10.998408) seconds
2026/05/26-11:16:01  ... thread 0: (1000,3000) ops and (200.1,189.6) ops/second in (4.997142,15.821679) seconds
2026/05/26-11:16:01  ... thread 2: (1000,3000) ops and (194.9,187.9) ops/second in (5.131023,15.961727) seconds
2026/05/26-11:16:01  ... thread 1: (1000,3000) ops and (191.7,187.0) ops/second in (5.217391,16.044148) seconds
2026/05/26-11:16:01  ... thread 3: (1000,3000) ops and (197.0,186.6) ops/second in (5.076938,16.075346) seconds
2026/05/26-11:16:04  ... thread 0: (1000,4000) ops and (341.1,213.3) ops/second in (2.931846,18.753525) seconds
2026/05/26-11:16:04  ... thread 1: (1000,4000) ops and (299.0,206.3) ops/second in (3.344026,19.388174) seconds
2026/05/26-11:16:04  ... thread 2: (1000,4000) ops and (285.1,205.5) ops/second in (3.507108,19.468835) seconds
2026/05/26-11:16:04  ... thread 3: (1000,4000) ops and (289.4,204.8) ops/second in (3.455642,19.530988) seconds
2026/05/26-11:16:08  ... thread 0: (1000,5000) ops and (218.9,214.4) ops/second in (4.568915,23.322440) seconds
2026/05/26-11:16:09  ... thread 3: (1000,5000) ops and (230.6,209.5) ops/second in (4.337262,23.868250) seconds
2026/05/26-11:16:09  ... thread 1: (1000,5000) ops and (208.1,206.7) ops/second in (4.804742,24.192916) seconds
2026/05/26-11:16:09  ... thread 2: (1000,5000) ops and (209.4,206.2) ops/second in (4.775205,24.244040) seconds
2026/05/26-11:16:13  ... thread 0: (1000,6000) ops and (189.1,209.7) ops/second in (5.289392,28.611832) seconds
2026/05/26-11:16:14  ... thread 1: (1000,6000) ops and (211.1,207.4) ops/second in (4.737195,28.930111) seconds
2026/05/26-11:16:14  ... thread 2: (1000,6000) ops and (208.7,206.6) ops/second in (4.791534,29.035574) seconds
2026/05/26-11:16:14  ... thread 3: (1000,6000) ops and (193.5,206.6) ops/second in (5.167848,29.036098) seconds
2026/05/26-11:16:16  ... thread 0: (1000,7000) ops and (389.0,224.5) ops/second in (2.570543,31.182375) seconds
2026/05/26-11:16:16  ... thread 1: (1000,7000) ops and (384.1,222.0) ops/second in (2.603573,31.533684) seconds
2026/05/26-11:16:16  ... thread 2: (1000,7000) ops and (387.0,221.4) ops/second in (2.583989,31.619563) seconds
2026/05/26-11:16:16  ... thread 3: (1000,7000) ops and (382.1,221.1) ops/second in (2.617040,31.653138) seconds
2026/05/26-11:16:18  ... thread 0: (1000,8000) ops and (420.8,238.4) ops/second in (2.376440,33.558815) seconds
2026/05/26-11:16:19  ... thread 1: (1000,8000) ops and (419.1,235.9) ops/second in (2.385863,33.919547) seconds
2026/05/26-11:16:19  ... thread 2: (1000,8000) ops and (422.7,235.4) ops/second in (2.365905,33.985468) seconds
2026/05/26-11:16:19  ... thread 3: (1000,8000) ops and (423.8,235.2) ops/second in (2.359679,34.012817) seconds
2026/05/26-11:16:21  ... thread 0: (1000,9000) ops and (338.2,246.5) ops/second in (2.956459,36.515274) seconds
2026/05/26-11:16:21  ... thread 1: (1000,9000) ops and (375.0,246.0) ops/second in (2.666993,36.586540) seconds
2026/05/26-11:16:21  ... thread 2: (1000,9000) ops and (375.3,245.6) ops/second in (2.664766,36.650234) seconds
2026/05/26-11:16:22  ... thread 3: (1000,9000) ops and (370.5,245.2) ops/second in (2.699245,36.712062) seconds
2026/05/26-11:16:23  ... thread 0: (1000,10000) ops and (761.5,264.4) ops/second in (1.313247,37.828521) seconds
2026/05/26-11:16:23  ... thread 1: (1000,10000) ops and (709.2,263.2) ops/second in (1.410126,37.996666) seconds
2026/05/26-11:16:23  ... thread 2: (1000,10000) ops and (740.3,263.2) ops/second in (1.350861,38.001095) seconds
2026/05/26-11:16:23  ... thread 3: (1000,10000) ops and (525.0,259.0) ops/second in (1.904909,38.616971) seconds
2026/05/26-11:16:24  ... thread 2: (1000,11000) ops and (751.4,279.7) ops/second in (1.330860,39.331955) seconds
2026/05/26-11:16:24  ... thread 0: (1000,11000) ops and (664.7,279.7) ops/second in (1.504350,39.332871) seconds
2026/05/26-11:16:24  ... thread 1: (1000,11000) ops and (714.7,279.2) ops/second in (1.399232,39.395898) seconds
2026/05/26-11:16:26  ... thread 0: (1000,12000) ops and (689.8,294.2) ops/second in (1.449601,40.782472) seconds
2026/05/26-11:16:26  ... thread 2: (1000,12000) ops and (686.3,294.2) ops/second in (1.457093,40.789048) seconds
2026/05/26-11:16:26  ... thread 1: (1000,12000) ops and (710.0,294.1) ops/second in (1.408505,40.804403) seconds
2026/05/26-11:16:26  ... thread 3: (2000,12000) ops and (907.3,294.0) ops/second in (2.204382,40.821353) seconds
2026/05/26-11:16:27  ... thread 2: (3000,15000) ops and (2966.6,358.8) ops/second in (1.011262,41.800310) seconds
2026/05/26-11:16:27  ... thread 1: (3000,15000) ops and (2863.6,358.4) ops/second in (1.047644,41.852047) seconds
2026/05/26-11:16:27  ... thread 0: (3000,15000) ops and (2797.7,358.4) ops/second in (1.072310,41.854782) seconds
2026/05/26-11:16:27  ... thread 3: (3000,15000) ops and (2887.2,358.3) ops/second in (1.039068,41.860421) seconds
2026/05/26-11:16:28  ... thread 2: (4000,19000) ops and (3215.8,441.4) ops/second in (1.243840,43.044150) seconds
2026/05/26-11:16:28  ... thread 0: (4000,19000) ops and (3343.7,441.3) ops/second in (1.196265,43.051047) seconds
2026/05/26-11:16:28  ... thread 3: (4000,19000) ops and (3189.0,440.7) ops/second in (1.254294,43.114715) seconds
2026/05/26-11:16:28  ... thread 1: (4000,19000) ops and (3130.2,440.5) ops/second in (1.277879,43.129926) seconds
2026/05/26-11:16:29  ... thread 0: (4000,23000) ops and (3483.7,520.4) ops/second in (1.148208,44.199255) seconds
2026/05/26-11:16:29  ... thread 3: (4000,23000) ops and (3561.0,519.9) ops/second in (1.123292,44.238007) seconds
2026/05/26-11:16:29  ... thread 2: (4000,23000) ops and (3297.9,519.7) ops/second in (1.212897,44.257047) seconds
2026/05/26-11:16:29  ... thread 1: (4000,23000) ops and (3508.6,519.5) ops/second in (1.140043,44.269969) seconds
2026/05/26-11:16:30  ... thread 3: (4000,27000) ops and (3994.7,596.8) ops/second in (1.001321,45.239328) seconds
2026/05/26-11:16:30  ... thread 2: (4000,27000) ops and (3971.4,596.5) ops/second in (1.007211,45.264258) seconds
2026/05/26-11:16:30  ... thread 0: (5000,28000) ops and (4398.1,617.6) ops/second in (1.136867,45.336122) seconds
2026/05/26-11:16:30  ... thread 1: (5000,28000) ops and (4272.3,616.2) ops/second in (1.170334,45.440303) seconds
2026/05/26-11:16:31  ... thread 0: (5000,33000) ops and (4766.2,711.4) ops/second in (1.049044,46.385166) seconds
2026/05/26-11:16:31  ... thread 3: (5000,32000) ops and (4322.6,689.7) ops/second in (1.156704,46.396032) seconds
2026/05/26-11:16:31  ... thread 2: (5000,32000) ops and (4408.1,689.7) ops/second in (1.134265,46.398523) seconds
2026/05/26-11:16:31  ... thread 1: (5000,33000) ops and (4685.3,709.6) ops/second in (1.067173,46.507476) seconds
2026/05/26-11:16:32  ... thread 2: (5000,37000) ops and (4950.4,780.5) ops/second in (1.010014,47.408537) seconds
2026/05/26-11:16:32  ... thread 3: (6000,38000) ops and (5422.9,800.0) ops/second in (1.106414,47.502446) seconds
2026/05/26-11:16:32  ... thread 0: (6000,39000) ops and (5261.7,820.6) ops/second in (1.140309,47.525475) seconds
2026/05/26-11:16:32  ... thread 1: (6000,39000) ops and (5443.5,819.2) ops/second in (1.102234,47.609710) seconds
2026/05/26-11:16:33  ... thread 0: (6000,45000) ops and (5950.7,927.2) ops/second in (1.008279,48.533754) seconds
2026/05/26-11:16:33  ... thread 2: (7000,44000) ops and (6197.2,906.5) ops/second in (1.129545,48.538082) seconds
2026/05/26-11:16:33  ... thread 3: (6000,44000) ops and (5506.5,905.5) ops/second in (1.089616,48.592062) seconds
2026/05/26-11:16:34  ... thread 1: (7000,46000) ops and (6246.7,944.0) ops/second in (1.120592,48.730302) seconds
2026/05/26-11:16:34  ... thread 0: (7000,52000) ops and (6992.4,1049.8) ops/second in (1.001083,49.534837) seconds
2026/05/26-11:16:34  ... thread 3: (7000,51000) ops and (6872.4,1028.0) ops/second in (1.018566,49.610628) seconds
2026/05/26-11:16:34  ... thread 2: (7000,51000) ops and (6439.8,1027.7) ops/second in (1.086993,49.625075) seconds
2026/05/26-11:16:35  ... thread 1: (8000,54000) ops and (7393.3,1084.1) ops/second in (1.082063,49.812365) seconds
2026/05/26-11:16:35  ... thread 0: (9000,61000) ops and (8533.8,1205.8) ops/second in (1.054626,50.589463) seconds
2026/05/26-11:16:35  ... thread 2: (9000,60000) ops and (8612.8,1184.1) ops/second in (1.044954,50.670029) seconds
2026/05/26-11:16:36  ... thread 3: (9000,60000) ops and (8121.4,1183.0) ops/second in (1.108179,50.718807) seconds
2026/05/26-11:16:36  ... thread 1: (9000,63000) ops and (8694.1,1239.0) ops/second in (1.035186,50.847551) seconds
2026/05/26-11:16:36  ... thread 0: (10000,71000) ops and (9441.4,1374.7) ops/second in (1.059166,51.648629) seconds
2026/05/26-11:16:37  ... thread 2: (10000,70000) ops and (9475.7,1353.3) ops/second in (1.055335,51.725364) seconds
2026/05/26-11:16:37  ... thread 3: (10000,70000) ops and (9455.0,1352.0) ops/second in (1.057642,51.776449) seconds
2026/05/26-11:16:37  ... thread 1: (10000,73000) ops and (9812.2,1407.5) ops/second in (1.019143,51.866694) seconds
2026/05/26-11:16:38  ... thread 0: (12000,83000) ops and (11075.3,1574.0) ops/second in (1.083489,52.732118) seconds
2026/05/26-11:16:38  ... thread 2: (12000,82000) ops and (11379.2,1553.6) ops/second in (1.054559,52.779923) seconds
2026/05/26-11:16:38  ... thread 3: (11000,81000) ops and (10902.6,1534.5) ops/second in (1.008933,52.785382) seconds
2026/05/26-11:16:38  ... thread 1: (12000,85000) ops and (11768.0,1607.2) ops/second in (1.019716,52.886410) seconds
2026/05/26-11:16:39  ... thread 0: (14000,97000) ops and (13151.5,1803.1) ops/second in (1.064517,53.796635) seconds
2026/05/26-11:16:39  ... thread 3: (14000,95000) ops and (13561.1,1765.2) ops/second in (1.032364,53.817746) seconds
2026/05/26-11:16:39  ... thread 2: (14000,96000) ops and (13380.5,1783.5) ops/second in (1.046297,53.826220) seconds
2026/05/26-11:16:39  ... thread 1: (14000,99000) ops and (13503.7,1835.9) ops/second in (1.036756,53.923166) seconds
DB path: [/tmp/rocksdb_comp_exp_db]
readrandom   :     540.520 micros/op 7385 ops/sec 54.161 seconds 400000 operations;    7.2 MB/s (98203 of 100000 found)

STATISTICS:
rocksdb.block.cache.miss COUNT : 3443737
rocksdb.block.cache.hit COUNT : 30525
rocksdb.block.cache.add COUNT : 669610
rocksdb.block.cache.add.failures COUNT : 0
rocksdb.block.cache.index.miss COUNT : 0
rocksdb.block.cache.index.hit COUNT : 0
rocksdb.block.cache.index.add COUNT : 0
rocksdb.block.cache.index.bytes.insert COUNT : 0
rocksdb.block.cache.filter.miss COUNT : 0
rocksdb.block.cache.filter.hit COUNT : 0
rocksdb.block.cache.filter.add COUNT : 0
rocksdb.block.cache.filter.bytes.insert COUNT : 0
rocksdb.block.cache.data.miss COUNT : 3443737
rocksdb.block.cache.data.hit COUNT : 30525
rocksdb.block.cache.data.add COUNT : 669610
rocksdb.block.cache.data.bytes.insert COUNT : 2881985824
rocksdb.block.cache.bytes.read COUNT : 131379600
rocksdb.block.cache.bytes.write COUNT : 2881985824
rocksdb.block.cache.compression.dict.miss COUNT : 0
rocksdb.block.cache.compression.dict.hit COUNT : 0
rocksdb.block.cache.compression.dict.add COUNT : 0
rocksdb.block.cache.compression.dict.bytes.insert COUNT : 0
rocksdb.block.cache.add.redundant COUNT : 7
rocksdb.block.cache.index.add.redundant COUNT : 0
rocksdb.block.cache.filter.add.redundant COUNT : 0
rocksdb.block.cache.data.add.redundant COUNT : 7
rocksdb.block.cache.compression.dict.add.redundant COUNT : 0
rocksdb.secondary.cache.hits COUNT : 0
rocksdb.secondary.cache.filter.hits COUNT : 0
rocksdb.secondary.cache.index.hits COUNT : 0
rocksdb.secondary.cache.data.hits COUNT : 0
rocksdb.compressed.secondary.cache.dummy.hits COUNT : 0
rocksdb.compressed.secondary.cache.hits COUNT : 0
rocksdb.compressed.secondary.cache.promotions COUNT : 0
rocksdb.compressed.secondary.cache.promotion.skips COUNT : 0
rocksdb.bloom.filter.useful COUNT : 0
rocksdb.bloom.filter.full.positive COUNT : 0
rocksdb.bloom.filter.full.true.positive COUNT : 0
rocksdb.bloom.filter.prefix.checked COUNT : 0
rocksdb.bloom.filter.prefix.useful COUNT : 0
rocksdb.bloom.filter.prefix.true.positive COUNT : 0
rocksdb.persistent.cache.hit COUNT : 0
rocksdb.persistent.cache.miss COUNT : 0
rocksdb.sim.block.cache.hit COUNT : 0
rocksdb.sim.block.cache.miss COUNT : 0
rocksdb.memtable.hit COUNT : 6896
rocksdb.memtable.miss COUNT : 393104
rocksdb.l0.hit COUNT : 12844
rocksdb.l1.hit COUNT : 139597
rocksdb.l2andup.hit COUNT : 233311
rocksdb.compaction.key.drop.new COUNT : 3277862
rocksdb.compaction.key.drop.obsolete COUNT : 0
rocksdb.compaction.key.drop.range_del COUNT : 0
rocksdb.compaction.key.drop.user COUNT : 0
rocksdb.compaction.range_del.drop.obsolete COUNT : 0
rocksdb.compaction.optimized.del.drop.obsolete COUNT : 0
rocksdb.compaction.cancelled COUNT : 0
rocksdb.compaction.aborted COUNT : 0
rocksdb.number.keys.written COUNT : 5000000
rocksdb.number.keys.read COUNT : 400000
rocksdb.number.keys.updated COUNT : 0
rocksdb.bytes.written COUNT : 5277920400
rocksdb.bytes.read COUNT : 402071552
rocksdb.number.db.seek COUNT : 0
rocksdb.number.db.next COUNT : 0
rocksdb.number.db.prev COUNT : 0
rocksdb.number.db.seek.found COUNT : 0
rocksdb.number.db.next.found COUNT : 0
rocksdb.number.db.prev.found COUNT : 0
rocksdb.db.iter.bytes.read COUNT : 0
rocksdb.number.iter.skip COUNT : 0
rocksdb.number.reseeks.iteration COUNT : 0
rocksdb.num.iterator.created COUNT : 0
rocksdb.num.iterator.deleted COUNT : 0
rocksdb.no.file.opens COUNT : 143
rocksdb.no.file.errors COUNT : 0
rocksdb.stall.micros COUNT : 85342354
rocksdb.db.mutex.wait.micros COUNT : 0
rocksdb.number.multiget.get COUNT : 0
rocksdb.number.multiget.keys.read COUNT : 0
rocksdb.number.multiget.bytes.read COUNT : 0
rocksdb.number.multiget.keys.found COUNT : 0
rocksdb.number.merge.failures COUNT : 0
rocksdb.getupdatessince.calls COUNT : 0
rocksdb.wal.synced COUNT : 0
rocksdb.wal.bytes COUNT : 5277920400
rocksdb.write.self COUNT : 4826700
rocksdb.write.other COUNT : 173300
rocksdb.write.wal COUNT : 5000000
rocksdb.compact.read.bytes COUNT : 6774822130
rocksdb.compact.write.bytes COUNT : 4801633357
rocksdb.flush.write.bytes COUNT : 2971665835
rocksdb.compact.read.marked.bytes COUNT : 0
rocksdb.compact.read.periodic.bytes COUNT : 0
rocksdb.compact.read.ttl.bytes COUNT : 0
rocksdb.compact.write.marked.bytes COUNT : 0
rocksdb.compact.write.periodic.bytes COUNT : 0
rocksdb.compact.write.ttl.bytes COUNT : 0
rocksdb.number.direct.load.table.properties COUNT : 0
rocksdb.number.superversion_acquires COUNT : 28
rocksdb.number.superversion_releases COUNT : 24
rocksdb.number.superversion_cleanups COUNT : 6
rocksdb.number.block.compressed COUNT : 3179303
rocksdb.number.block.decompressed COUNT : 3443880
rocksdb.bytes.compressed.from COUNT : 13400003591
rocksdb.bytes.compressed.to COUNT : 7757211611
rocksdb.bytes.compression_bypassed COUNT : 0
rocksdb.bytes.compression.rejected COUNT : 0
rocksdb.number.block_compression_bypassed COUNT : 0
rocksdb.number.block_compression_rejected COUNT : 0
rocksdb.bytes.decompressed.from COUNT : 8400307085
rocksdb.bytes.decompressed.to COUNT : 14510003344
rocksdb.merge.operation.time.nanos COUNT : 0
rocksdb.filter.operation.time.nanos COUNT : 0
rocksdb.compaction.total.time.cpu_micros COUNT : 37030149
rocksdb.row.cache.hit COUNT : 0
rocksdb.row.cache.miss COUNT : 0
rocksdb.read.amp.estimate.useful.bytes COUNT : 0
rocksdb.read.amp.total.read.bytes COUNT : 0
rocksdb.number.rate_limiter.drains COUNT : 0
rocksdb.blobdb.num.put COUNT : 0
rocksdb.blobdb.num.write COUNT : 0
rocksdb.blobdb.num.get COUNT : 0
rocksdb.blobdb.num.multiget COUNT : 0
rocksdb.blobdb.num.seek COUNT : 0
rocksdb.blobdb.num.next COUNT : 0
rocksdb.blobdb.num.prev COUNT : 0
rocksdb.blobdb.num.keys.written COUNT : 0
rocksdb.blobdb.num.keys.read COUNT : 0
rocksdb.blobdb.bytes.written COUNT : 0
rocksdb.blobdb.bytes.read COUNT : 0
rocksdb.blobdb.write.inlined COUNT : 0
rocksdb.blobdb.write.inlined.ttl COUNT : 0
rocksdb.blobdb.write.blob COUNT : 0
rocksdb.blobdb.write.blob.ttl COUNT : 0
rocksdb.blobdb.blob.file.bytes.written COUNT : 0
rocksdb.blobdb.blob.file.bytes.read COUNT : 0
rocksdb.blobdb.blob.file.synced COUNT : 0
rocksdb.blobdb.blob.index.expired.count COUNT : 0
rocksdb.blobdb.blob.index.expired.size COUNT : 0
rocksdb.blobdb.blob.index.evicted.count COUNT : 0
rocksdb.blobdb.blob.index.evicted.size COUNT : 0
rocksdb.blobdb.gc.num.files COUNT : 0
rocksdb.blobdb.gc.num.new.files COUNT : 0
rocksdb.blobdb.gc.failures COUNT : 0
rocksdb.blobdb.gc.num.keys.relocated COUNT : 0
rocksdb.blobdb.gc.bytes.relocated COUNT : 0
rocksdb.blobdb.fifo.num.files.evicted COUNT : 0
rocksdb.blobdb.fifo.num.keys.evicted COUNT : 0
rocksdb.blobdb.fifo.bytes.evicted COUNT : 0
rocksdb.blobdb.cache.miss COUNT : 0
rocksdb.blobdb.cache.hit COUNT : 0
rocksdb.blobdb.cache.add COUNT : 0
rocksdb.blobdb.cache.add.failures COUNT : 0
rocksdb.blobdb.cache.bytes.read COUNT : 0
rocksdb.blobdb.cache.bytes.write COUNT : 0
rocksdb.txn.overhead.mutex.prepare COUNT : 0
rocksdb.txn.overhead.mutex.old.commit.map COUNT : 0
rocksdb.txn.overhead.duplicate.key COUNT : 0
rocksdb.txn.overhead.mutex.snapshot COUNT : 0
rocksdb.txn.get.tryagain COUNT : 0
rocksdb.files.marked.trash COUNT : 0
rocksdb.files.marked.trash.deleted COUNT : 0
rocksdb.files.deleted.immediately COUNT : 205
rocksdb.error.handler.bg.error.count COUNT : 0
rocksdb.error.handler.bg.io.error.count COUNT : 0
rocksdb.error.handler.bg.retryable.io.error.count COUNT : 0
rocksdb.error.handler.autoresume.count COUNT : 0
rocksdb.error.handler.autoresume.retry.total.count COUNT : 0
rocksdb.error.handler.autoresume.success.count COUNT : 0
rocksdb.memtable.payload.bytes.at.flush COUNT : 5217268880
rocksdb.memtable.garbage.bytes.at.flush COUNT : 127742816
rocksdb.verify_checksum.read.bytes COUNT : 0
rocksdb.backup.read.bytes COUNT : 0
rocksdb.backup.write.bytes COUNT : 0
rocksdb.remote.compact.read.bytes COUNT : 0
rocksdb.remote.compact.write.bytes COUNT : 0
rocksdb.remote.compact.resumed.bytes COUNT : 0
rocksdb.hot.file.read.bytes COUNT : 0
rocksdb.warm.file.read.bytes COUNT : 0
rocksdb.cool.file.read.bytes COUNT : 0
rocksdb.cold.file.read.bytes COUNT : 0
rocksdb.ice.file.read.bytes COUNT : 0
rocksdb.hot.file.read.count COUNT : 0
rocksdb.warm.file.read.count COUNT : 0
rocksdb.cool.file.read.count COUNT : 0
rocksdb.cold.file.read.count COUNT : 0
rocksdb.ice.file.read.count COUNT : 0
rocksdb.last.level.read.bytes COUNT : 0
rocksdb.last.level.read.count COUNT : 0
rocksdb.non.last.level.read.bytes COUNT : 8417706156
rocksdb.non.last.level.read.count COUNT : 3444309
rocksdb.last.level.seek.filtered COUNT : 0
rocksdb.last.level.seek.filter.match COUNT : 0
rocksdb.last.level.seek.data COUNT : 0
rocksdb.last.level.seek.data.useful.no.filter COUNT : 0
rocksdb.last.level.seek.data.useful.filter.match COUNT : 0
rocksdb.non.last.level.seek.filtered COUNT : 0
rocksdb.non.last.level.seek.filter.match COUNT : 0
rocksdb.non.last.level.seek.data COUNT : 0
rocksdb.non.last.level.seek.data.useful.no.filter COUNT : 0
rocksdb.non.last.level.seek.data.useful.filter.match COUNT : 0
rocksdb.block.checksum.compute.count COUNT : 3444023
rocksdb.block.checksum.mismatch.count COUNT : 0
rocksdb.multiget.coroutine.count COUNT : 0
rocksdb.read.async.micros COUNT : 0
rocksdb.async.read.error.count COUNT : 0
rocksdb.table.open.prefetch.tail.miss COUNT : 0
rocksdb.table.open.prefetch.tail.hit COUNT : 0
rocksdb.timestamp.filter.table.checked COUNT : 0
rocksdb.timestamp.filter.table.filtered COUNT : 0
rocksdb.readahead.trimmed COUNT : 0
rocksdb.fifo.max.size.compactions COUNT : 0
rocksdb.fifo.ttl.compactions COUNT : 0
rocksdb.fifo.change_temperature.compactions COUNT : 0
rocksdb.prefetch.bytes COUNT : 0
rocksdb.prefetch.bytes.useful COUNT : 0
rocksdb.prefetch.hits COUNT : 0
rocksdb.footer.corruption.count COUNT : 0
rocksdb.file.read.corruption.retry.count COUNT : 0
rocksdb.file.read.corruption.retry.success.count COUNT : 0
rocksdb.number.wbwi.ingest COUNT : 0
rocksdb.sst.user.defined.index.load.fail.count COUNT : 0
rocksdb.multiscan.prepare.calls COUNT : 0
rocksdb.multiscan.prepare.errors COUNT : 0
rocksdb.multiscan.blocks.prefetched COUNT : 0
rocksdb.multiscan.blocks.from.cache COUNT : 0
rocksdb.multiscan.prefetch.bytes COUNT : 0
rocksdb.multiscan.prefetch.blocks.wasted COUNT : 0
rocksdb.multiscan.io.requests COUNT : 0
rocksdb.multiscan.io.coalesced.nonadjacent COUNT : 0
rocksdb.multiscan.seek.errors COUNT : 0
rocksdb.prefetch.memory.bytes.granted COUNT : 0
rocksdb.prefetch.memory.bytes.released COUNT : 0
rocksdb.prefetch.memory.requests.blocked COUNT : 0
rocksdb.read.path.range.tombstones.inserted COUNT : 0
rocksdb.read.path.range.tombstones.discarded COUNT : 0
rocksdb.file.open.metadata.retrieved COUNT : 0
rocksdb.file.open.metadata.passed COUNT : 0
rocksdb.manifest.validation.failure.count COUNT : 0
rocksdb.db.get.micros P50 : 13.279899 P95 : 1857.475556 P99 : 9568.031809 P100 : 1131573.000000 COUNT : 400000 SUM : 215957962
rocksdb.db.write.micros P50 : 5.190719 P95 : 51.048584 P99 : 1352.178045 P100 : 1228047.000000 COUNT : 5000000 SUM : 477468345
rocksdb.compaction.times.micros P50 : 5950000.000000 P95 : 28989700.000000 P99 : 28989700.000000 P100 : 28989700.000000 COUNT : 14 SUM : 157156645
rocksdb.compaction.times.cpu_micros P50 : 1666666.666667 P95 : 7490000.000000 P99 : 7826855.000000 P100 : 7826855.000000 COUNT : 14 SUM : 37030149
rocksdb.subcompaction.setup.times.micros P50 : 0.000000 P95 : 0.000000 P99 : 0.000000 P100 : 0.000000 COUNT : 0 SUM : 0
rocksdb.table.sync.micros P50 : 344545.454545 P95 : 1177333.333333 P99 : 1441116.000000 P100 : 1441116.000000 COUNT : 80 SUM : 42343586
rocksdb.compaction.outfile.sync.micros P50 : 793541.666667 P95 : 1459000.000000 P99 : 1531139.000000 P100 : 1531139.000000 COUNT : 63 SUM : 47251833
rocksdb.wal.file.sync.micros P50 : 0.000000 P95 : 0.000000 P99 : 0.000000 P100 : 0.000000 COUNT : 0 SUM : 0
rocksdb.manifest.file.sync.micros P50 : 5514.666667 P95 : 9240.000000 P99 : 16728.000000 P100 : 16728.000000 COUNT : 100 SUM : 573164
rocksdb.table.open.io.micros P50 : 763.382353 P95 : 1895.714286 P99 : 8327.000000 P100 : 9713.000000 COUNT : 143 SUM : 149597
rocksdb.db.multiget.micros P50 : 0.000000 P95 : 0.000000 P99 : 0.000000 P100 : 0.000000 COUNT : 0 SUM : 0
rocksdb.read.block.compaction.micros P50 : 3.089968 P95 : 6.661795 P99 : 948.104552 P100 : 328251.000000 COUNT : 2774127 SUM : 81099327
rocksdb.read.block.get.micros P50 : 7.271857 P95 : 1429.571148 P99 : 2121.994565 P100 : 564824.000000 COUNT : 669753 SUM : 211539892
rocksdb.write.raw.block.micros P50 : 0.528691 P95 : 1.111611 P99 : 2.622620 P100 : 47771.000000 COUNT : 3179589 SUM : 8160892
rocksdb.numfiles.in.singlecompaction P50 : 7.000000 P95 : 20.133333 P99 : 21.626667 P100 : 22.000000 COUNT : 16 SUM : 134
rocksdb.db.seek.micros P50 : 0.000000 P95 : 0.000000 P99 : 0.000000 P100 : 0.000000 COUNT : 0 SUM : 0
rocksdb.db.write.stall P50 : 1221.695730 P95 : 2774.259150 P99 : 2882.000788 P100 : 1226087.000000 COUNT : 40993 SUM : 85342354
rocksdb.sst.read.micros P50 : 0.804791 P95 : 6.347862 P99 : 1579.651227 P100 : 564778.000000 COUNT : 3444309 SUM : 280551199
rocksdb.file.read.flush.micros P50 : 3.666667 P95 : 64.461538 P99 : 89.600000 P100 : 424.000000 COUNT : 320 SUM : 6072
rocksdb.file.read.compaction.micros P50 : 0.676741 P95 : 1.999828 P99 : 933.356730 P100 : 328222.000000 COUNT : 2774379 SUM : 73446784
rocksdb.file.read.db.open.micros P50 : 0.000000 P95 : 0.000000 P99 : 0.000000 P100 : 0.000000 COUNT : 0 SUM : 0
rocksdb.file.read.get.micros P50 : 0.000000 P95 : 0.000000 P99 : 0.000000 P100 : 0.000000 COUNT : 0 SUM : 0
rocksdb.file.read.multiget.micros P50 : 0.000000 P95 : 0.000000 P99 : 0.000000 P100 : 0.000000 COUNT : 0 SUM : 0
rocksdb.file.read.db.iterator.micros P50 : 0.000000 P95 : 0.000000 P99 : 0.000000 P100 : 0.000000 COUNT : 0 SUM : 0
rocksdb.file.read.verify.db.checksum.micros P50 : 0.000000 P95 : 0.000000 P99 : 0.000000 P100 : 0.000000 COUNT : 0 SUM : 0
rocksdb.file.read.verify.file.checksums.micros P50 : 0.000000 P95 : 0.000000 P99 : 0.000000 P100 : 0.000000 COUNT : 0 SUM : 0
rocksdb.sst.write.micros P50 : 0.502171 P95 : 0.954126 P99 : 0.994300 P100 : 47770.000000 COUNT : 6359321 SUM : 6604774
rocksdb.file.write.flush.micros P50 : 0.501437 P95 : 0.952731 P99 : 0.992846 P100 : 14025.000000 COUNT : 2428822 SUM : 2617024
rocksdb.file.write.compaction.micros P50 : 0.502626 P95 : 0.954990 P99 : 0.995200 P100 : 47770.000000 COUNT : 3930499 SUM : 3987750
rocksdb.file.write.db.open.micros P50 : 0.000000 P95 : 0.000000 P99 : 0.000000 P100 : 0.000000 COUNT : 0 SUM : 0
rocksdb.num.subcompactions.scheduled P50 : 0.000000 P95 : 0.000000 P99 : 0.000000 P100 : 0.000000 COUNT : 0 SUM : 0
rocksdb.bytes.per.read P50 : 1024.000000 P95 : 1024.000000 P99 : 1024.000000 P100 : 1024.000000 COUNT : 400000 SUM : 402071552
rocksdb.bytes.per.write P50 : 1088.894173 P95 : 1285.898929 P99 : 3049.597120 P100 : 4188.000000 COUNT : 4826700 SUM : 5277920400
rocksdb.bytes.per.multiget P50 : 0.000000 P95 : 0.000000 P99 : 0.000000 P100 : 0.000000 COUNT : 0 SUM : 0
rocksdb.compression.times.nanos P50 : 0.000000 P95 : 0.000000 P99 : 0.000000 P100 : 0.000000 COUNT : 0 SUM : 0
rocksdb.decompression.times.nanos P50 : 0.000000 P95 : 0.000000 P99 : 0.000000 P100 : 0.000000 COUNT : 0 SUM : 0
rocksdb.read.num.merge_operands P50 : 0.000000 P95 : 0.000000 P99 : 0.000000 P100 : 0.000000 COUNT : 0 SUM : 0
rocksdb.blobdb.key.size P50 : 0.000000 P95 : 0.000000 P99 : 0.000000 P100 : 0.000000 COUNT : 0 SUM : 0
rocksdb.blobdb.value.size P50 : 0.000000 P95 : 0.000000 P99 : 0.000000 P100 : 0.000000 COUNT : 0 SUM : 0
rocksdb.blobdb.write.micros P50 : 0.000000 P95 : 0.000000 P99 : 0.000000 P100 : 0.000000 COUNT : 0 SUM : 0
rocksdb.blobdb.get.micros P50 : 0.000000 P95 : 0.000000 P99 : 0.000000 P100 : 0.000000 COUNT : 0 SUM : 0
rocksdb.blobdb.multiget.micros P50 : 0.000000 P95 : 0.000000 P99 : 0.000000 P100 : 0.000000 COUNT : 0 SUM : 0
rocksdb.blobdb.seek.micros P50 : 0.000000 P95 : 0.000000 P99 : 0.000000 P100 : 0.000000 COUNT : 0 SUM : 0
rocksdb.blobdb.next.micros P50 : 0.000000 P95 : 0.000000 P99 : 0.000000 P100 : 0.000000 COUNT : 0 SUM : 0
rocksdb.blobdb.prev.micros P50 : 0.000000 P95 : 0.000000 P99 : 0.000000 P100 : 0.000000 COUNT : 0 SUM : 0
rocksdb.blobdb.blob.file.write.micros P50 : 0.000000 P95 : 0.000000 P99 : 0.000000 P100 : 0.000000 COUNT : 0 SUM : 0
rocksdb.blobdb.blob.file.read.micros P50 : 0.000000 P95 : 0.000000 P99 : 0.000000 P100 : 0.000000 COUNT : 0 SUM : 0
rocksdb.blobdb.blob.file.sync.micros P50 : 0.000000 P95 : 0.000000 P99 : 0.000000 P100 : 0.000000 COUNT : 0 SUM : 0
rocksdb.blobdb.compression.micros P50 : 0.000000 P95 : 0.000000 P99 : 0.000000 P100 : 0.000000 COUNT : 0 SUM : 0
rocksdb.blobdb.decompression.micros P50 : 0.000000 P95 : 0.000000 P99 : 0.000000 P100 : 0.000000 COUNT : 0 SUM : 0
rocksdb.db.flush.micros P50 : 538333.333333 P95 : 1550000.000000 P99 : 1645438.000000 P100 : 1645438.000000 COUNT : 80 SUM : 57112540
rocksdb.sst.batch.size P50 : 0.000000 P95 : 0.000000 P99 : 0.000000 P100 : 0.000000 COUNT : 0 SUM : 0
rocksdb.multiget.io.batch.size P50 : 0.000000 P95 : 0.000000 P99 : 0.000000 P100 : 0.000000 COUNT : 0 SUM : 0
rocksdb.num.index.and.filter.blocks.read.per.level P50 : 0.000000 P95 : 0.000000 P99 : 0.000000 P100 : 0.000000 COUNT : 0 SUM : 0
rocksdb.num.sst.read.per.level P50 : 0.000000 P95 : 0.000000 P99 : 0.000000 P100 : 0.000000 COUNT : 0 SUM : 0
rocksdb.num.level.read.per.multiget P50 : 0.000000 P95 : 0.000000 P99 : 0.000000 P100 : 0.000000 COUNT : 0 SUM : 0
rocksdb.error.handler.autoresume.retry.count P50 : 0.000000 P95 : 0.000000 P99 : 0.000000 P100 : 0.000000 COUNT : 0 SUM : 0
rocksdb.async.read.bytes P50 : 0.000000 P95 : 0.000000 P99 : 0.000000 P100 : 0.000000 COUNT : 0 SUM : 0
rocksdb.poll.wait.micros P50 : 0.000000 P95 : 0.000000 P99 : 0.000000 P100 : 0.000000 COUNT : 0 SUM : 0
rocksdb.compaction.prefetch.bytes P50 : 0.000000 P95 : 0.000000 P99 : 0.000000 P100 : 0.000000 COUNT : 0 SUM : 0
rocksdb.prefetched.bytes.discarded P50 : 0.000000 P95 : 0.000000 P99 : 0.000000 P100 : 0.000000 COUNT : 0 SUM : 0
rocksdb.async.prefetch.abort.micros P50 : 0.000000 P95 : 0.000000 P99 : 0.000000 P100 : 0.000000 COUNT : 0 SUM : 0
rocksdb.table.open.prefetch.tail.read.bytes P50 : 0.000000 P95 : 0.000000 P99 : 0.000000 P100 : 0.000000 COUNT : 0 SUM : 0
rocksdb.num.op.per.transaction P50 : 0.000000 P95 : 0.000000 P99 : 0.000000 P100 : 0.000000 COUNT : 0 SUM : 0
rocksdb.multiscan.op.prepare.iterators.micros P50 : 0.000000 P95 : 0.000000 P99 : 0.000000 P100 : 0.000000 COUNT : 0 SUM : 0
rocksdb.multiscan.prepare.micros P50 : 0.000000 P95 : 0.000000 P99 : 0.000000 P100 : 0.000000 COUNT : 0 SUM : 0
rocksdb.multiscan.blocks.per.prepare P50 : 0.000000 P95 : 0.000000 P99 : 0.000000 P100 : 0.000000 COUNT : 0 SUM : 0
rocksdb.block.key.distribution.cv P50 : 0.000000 P95 : 0.000000 P99 : 0.000000 P100 : 0.000000 COUNT : 0 SUM : 0

[EXPERIMENT_COMPLETED]
