RocksDB:    version 11.3.0
Date:       Tue May 26 10:00:59 2026
CPU:        2 * Intel Xeon Processor (SapphireRapids)
CPUCache:   16384 KB
2026/05/26-10:01:00  ... thread 1: (41000,41000) ops and (40793.5,40793.5) ops/second in (1.005061,1.005061) seconds
2026/05/26-10:01:00  ... thread 3: (43000,43000) ops and (42441.2,42441.2) ops/second in (1.013166,1.013166) seconds
2026/05/26-10:01:00  ... thread 0: (38000,38000) ops and (37483.8,37483.8) ops/second in (1.013771,1.013771) seconds
2026/05/26-10:01:00  ... thread 2: (41000,41000) ops and (40210.3,40210.3) ops/second in (1.019638,1.019638) seconds
2026/05/26-10:01:02  ... thread 1: (41000,82000) ops and (31951.7,35835.3) ops/second in (1.283186,2.288247) seconds
2026/05/26-10:01:02  ... thread 2: (35000,76000) ops and (26050.9,32160.3) ops/second in (1.343524,2.363162) seconds
2026/05/26-10:01:02  ... thread 3: (35000,78000) ops and (24140.3,31668.4) ops/second in (1.449858,2.463024) seconds
2026/05/26-10:01:03  ... thread 0: (37000,75000) ops and (16914.8,23428.7) ops/second in (2.187434,3.201205) seconds
2026/05/26-10:01:03  ... thread 3: (2000,80000) ops and (1942.4,22905.2) ops/second in (1.029639,3.492663) seconds
2026/05/26-10:01:03  ... thread 2: (2000,78000) ops and (1553.2,21365.0) ops/second in (1.287661,3.650823) seconds
2026/05/26-10:01:03  ... thread 1: (3000,85000) ops and (1719.8,21078.2) ops/second in (1.744351,4.032598) seconds
2026/05/26-10:01:04  ... thread 0: (9000,84000) ops and (8800.8,19887.1) ops/second in (1.022634,4.223839) seconds
2026/05/26-10:01:04  ... thread 3: (20000,100000) ops and (19327.4,22087.4) ops/second in (1.034802,4.527465) seconds
2026/05/26-10:01:04  ... thread 2: (28000,106000) ops and (27926.1,22778.7) ops/second in (1.002645,4.653468) seconds
2026/05/26-10:01:04  ... thread 1: (39000,124000) ops and (38602.5,24589.1) ops/second in (1.010297,5.042895) seconds
2026/05/26-10:01:05  ... thread 0: (39000,123000) ops and (34926.9,23031.7) ops/second in (1.116617,5.340456) seconds
2026/05/26-10:01:05  ... thread 3: (35000,135000) ops and (34663.6,24380.7) ops/second in (1.009704,5.537169) seconds
2026/05/26-10:01:05  ... thread 2: (31000,137000) ops and (23472.9,22932.2) ops/second in (1.320672,5.974140) seconds
2026/05/26-10:01:06  ... thread 1: (21000,145000) ops and (11414.5,21067.4) ops/second in (1.839766,6.882661) seconds
2026/05/26-10:01:06  ... thread 0: (16000,139000) ops and (10317.0,20170.4) ops/second in (1.550838,6.891294) seconds
2026/05/26-10:01:06  ... thread 3: (6000,141000) ops and (4395.5,20428.3) ops/second in (1.365035,6.902204) seconds
2026/05/26-10:01:06  ... thread 2: (2000,139000) ops and (1715.5,19467.9) ops/second in (1.165818,7.139958) seconds
2026/05/26-10:01:07  ... thread 0: (3000,142000) ops and (2678.9,17725.3) ops/second in (1.119872,8.011166) seconds
2026/05/26-10:01:07  ... thread 3: (3000,144000) ops and (2463.1,17733.6) ops/second in (1.217976,8.120180) seconds
2026/05/26-10:01:08  ... thread 1: (3000,148000) ops and (2163.0,17896.9) ops/second in (1.386946,8.269607) seconds
2026/05/26-10:01:08  ... thread 2: (1000,140000) ops and (773.1,16600.5) ops/second in (1.293538,8.433496) seconds
2026/05/26-10:01:09  ... thread 3: (2000,146000) ops and (1778.3,15792.6) ops/second in (1.124675,9.244855) seconds
2026/05/26-10:01:09  ... thread 0: (3000,145000) ops and (2427.0,15680.3) ops/second in (1.236087,9.247253) seconds
2026/05/26-10:01:09  ... thread 1: (3000,151000) ops and (2946.2,16257.8) ops/second in (1.018253,9.287860) seconds
2026/05/26-10:01:09  ... thread 2: (12000,152000) ops and (11921.2,16101.5) ops/second in (1.006606,9.440102) seconds
2026/05/26-10:01:10  ... thread 3: (44000,190000) ops and (40244.8,18378.5) ops/second in (1.093310,10.338165) seconds
2026/05/26-10:01:10  ... thread 0: (38000,183000) ops and (34677.8,17693.0) ops/second in (1.095803,10.343056) seconds
2026/05/26-10:01:10  ... thread 1: (38000,189000) ops and (35963.4,18270.6) ops/second in (1.056630,10.344490) seconds
2026/05/26-10:01:10  ... thread 2: (37000,189000) ops and (36968.6,18101.8) ops/second in (1.000850,10.440952) seconds
2026/05/26-10:01:11  ... thread 2: (12000,201000) ops and (8826.4,17033.2) ops/second in (1.359552,11.800504) seconds
2026/05/26-10:01:11  ... thread 0: (16000,199000) ops and (10898.4,16848.5) ops/second in (1.468111,11.811167) seconds
2026/05/26-10:01:11  ... thread 1: (17000,206000) ops and (11616.9,17446.0) ops/second in (1.463389,11.807879) seconds
2026/05/26-10:01:11  ... thread 3: (16000,206000) ops and (10795.2,17427.6) ops/second in (1.482138,11.820303) seconds
2026/05/26-10:01:12  ... thread 2: (2000,203000) ops and (1754.5,15687.3) ops/second in (1.139930,12.940434) seconds
2026/05/26-10:01:13  ... thread 0: (2000,201000) ops and (1406.4,15189.0) ops/second in (1.422100,13.233267) seconds
2026/05/26-10:01:13  ... thread 3: (1000,207000) ops and (679.0,15572.0) ops/second in (1.472826,13.293129) seconds
2026/05/26-10:01:13  ... thread 1: (7000,213000) ops and (4251.5,15831.3) ops/second in (1.646479,13.454358) seconds
2026/05/26-10:01:13  ... thread 2: (1000,204000) ops and (844.6,14443.0) ops/second in (1.184046,14.124480) seconds
2026/05/26-10:01:14  ... thread 0: (3000,204000) ops and (2575.6,14168.6) ops/second in (1.164758,14.398025) seconds
2026/05/26-10:01:14  ... thread 3: (3000,210000) ops and (1884.8,14108.4) ops/second in (1.591663,14.884792) seconds
2026/05/26-10:01:15  ... thread 1: (1000,214000) ops and (581.8,14103.8) ops/second in (1.718861,15.173219) seconds
2026/05/26-10:01:15  ... thread 2: (2000,206000) ops and (1575.5,13381.9) ops/second in (1.269411,15.393891) seconds
2026/05/26-10:01:15  ... thread 0: (3000,207000) ops and (2959.6,13431.4) ops/second in (1.013662,15.411687) seconds
2026/05/26-10:01:15  ... thread 3: (26000,236000) ops and (25879.0,14852.6) ops/second in (1.004675,15.889467) seconds
2026/05/26-10:01:16  ... thread 1: (34000,248000) ops and (33707.3,15325.8) ops/second in (1.008685,16.181904) seconds
2026/05/26-10:01:16  ... thread 2: (38000,244000) ops and (33249.8,14755.0) ops/second in (1.142863,16.536754) seconds
2026/05/26-10:01:16  ... thread 0: (35000,242000) ops and (30976.4,14629.8) ops/second in (1.129894,16.541581) seconds
2026/05/26-10:01:16  ... thread 3: (36000,272000) ops and (32704.1,16009.2) ops/second in (1.100780,16.990247) seconds
2026/05/26-10:01:17  ... thread 1: (21000,269000) ops and (12328.8,15040.3) ops/second in (1.703329,17.885233) seconds
2026/05/26-10:01:17  ... thread 0: (15000,257000) ops and (11104.6,14363.7) ops/second in (1.350786,17.892367) seconds
2026/05/26-10:01:17  ... thread 2: (17000,261000) ops and (12513.2,14584.8) ops/second in (1.358566,17.895320) seconds
2026/05/26-10:01:18  ... thread 3: (3000,275000) ops and (2156.5,14960.8) ops/second in (1.391174,18.381421) seconds
2026/05/26-10:01:18  ... thread 0: (2000,259000) ops and (1726.6,13595.3) ops/second in (1.158351,19.050718) seconds
2026/05/26-10:01:19  ... thread 2: (3000,264000) ops and (1833.7,13516.7) ops/second in (1.636010,19.531330) seconds
2026/05/26-10:01:19  ... thread 1: (3000,272000) ops and (1489.1,13668.4) ops/second in (2.014623,19.899856) seconds
2026/05/26-10:01:19  ... thread 3: (3000,278000) ops and (1915.3,13936.4) ops/second in (1.566372,19.947793) seconds
2026/05/26-10:01:19  ... thread 0: (2000,261000) ops and (1966.9,13006.1) ops/second in (1.016817,20.067535) seconds
2026/05/26-10:01:20  ... thread 2: (24000,288000) ops and (23465.2,14011.8) ops/second in (1.022790,20.554120) seconds
2026/05/26-10:01:20  ... thread 1: (33000,305000) ops and (32254.2,14577.3) ops/second in (1.023121,20.922977) seconds
2026/05/26-10:01:20  ... thread 3: (37000,315000) ops and (36299.0,15023.5) ops/second in (1.019312,20.967105) seconds
2026/05/26-10:01:20  ... thread 0: (41000,302000) ops and (40977.5,14334.5) ops/second in (1.000550,21.068085) seconds
2026/05/26-10:01:21  ... thread 2: (31000,319000) ops and (30353.6,14785.3) ops/second in (1.021297,21.575417) seconds
2026/05/26-10:01:21  ... thread 3: (21000,336000) ops and (20492.4,15278.4) ops/second in (1.024770,21.991875) seconds
2026/05/26-10:01:22  ... thread 0: (18000,320000) ops and (16527.3,14442.3) ops/second in (1.089106,22.157191) seconds
2026/05/26-10:01:22  ... thread 2: (4000,323000) ops and (3472.3,14211.9) ops/second in (1.151964,22.727381) seconds
2026/05/26-10:01:22  ... thread 1: (24000,329000) ops and (13176.9,14465.1) ops/second in (1.821370,22.744347) seconds
2026/05/26-10:01:23  ... thread 0: (2000,322000) ops and (1803.1,13839.7) ops/second in (1.109188,23.266379) seconds
2026/05/26-10:01:23  ... thread 3: (2000,338000) ops and (1345.1,14396.0) ops/second in (1.486920,23.478795) seconds
2026/05/26-10:01:23  ... thread 1: (3000,332000) ops and (2437.8,13847.8) ops/second in (1.230639,23.974986) seconds
2026/05/26-10:01:23  ... thread 2: (3000,326000) ops and (2160.4,13518.0) ops/second in (1.388629,24.116010) seconds
2026/05/26-10:01:24  ... thread 3: (1000,339000) ops and (960.3,13825.4) ops/second in (1.041296,24.520091) seconds
2026/05/26-10:01:25  ... thread 2: (2000,328000) ops and (1919.8,13037.7) ops/second in (1.041802,25.157812) seconds
2026/05/26-10:01:25  ... thread 0: (2000,324000) ops and (1012.5,12835.9) ops/second in (1.975314,25.241693) seconds
2026/05/26-10:01:25  ... thread 1: (2000,334000) ops and (1230.1,13046.5) ops/second in (1.625844,25.600830) seconds
2026/05/26-10:01:26  ... thread 3: (4000,343000) ops and (2353.8,13081.9) ops/second in (1.699356,26.219447) seconds
2026/05/26-10:01:26  ... thread 2: (3000,331000) ops and (2775.5,12614.9) ops/second in (1.080899,26.238711) seconds
2026/05/26-10:01:26  ... thread 0: (4000,328000) ops and (3895.0,12486.4) ops/second in (1.026970,26.268663) seconds
2026/05/26-10:01:26  ... thread 1: (18000,352000) ops and (17712.9,13224.6) ops/second in (1.016207,26.617037) seconds
2026/05/26-10:01:27  ... thread 2: (30000,361000) ops and (25590.5,13169.9) ops/second in (1.172311,27.411022) seconds
2026/05/26-10:01:27  ... thread 0: (32000,360000) ops and (27657.4,13126.4) ops/second in (1.157016,27.425679) seconds
2026/05/26-10:01:27  ... thread 3: (34000,377000) ops and (28121.9,13744.8) ops/second in (1.209024,27.428471) seconds
2026/05/26-10:01:27  ... thread 1: (55000,407000) ops and (54156.0,14729.0) ops/second in (1.015585,27.632622) seconds
2026/05/26-10:01:28  ... thread 2: (13000,374000) ops and (8161.6,12894.8) ops/second in (1.592824,29.003846) seconds
2026/05/26-10:01:28  ... thread 0: (16000,376000) ops and (10104.3,12961.4) ops/second in (1.583479,29.009158) seconds
2026/05/26-10:01:28  ... thread 3: (18000,395000) ops and (11330.9,13612.7) ops/second in (1.588573,29.017044) seconds
2026/05/26-10:01:28  ... thread 1: (7000,414000) ops and (5003.3,14260.3) ops/second in (1.399065,29.031687) seconds
2026/05/26-10:01:29  ... thread 0: (3000,379000) ops and (2783.7,12596.9) ops/second in (1.077689,30.086847) seconds
2026/05/26-10:01:30  ... thread 3: (2000,397000) ops and (1627.0,13125.6) ops/second in (1.229221,30.246265) seconds
2026/05/26-10:01:30  ... thread 2: (4000,378000) ops and (2889.4,12439.0) ops/second in (1.384389,30.388235) seconds
2026/05/26-10:01:30  ... thread 1: (2000,416000) ops and (1145.0,13515.9) ops/second in (1.746780,30.778467) seconds
2026/05/26-10:01:31  ... thread 2: (3000,381000) ops and (2740.5,12101.8) ops/second in (1.094679,31.482914) seconds
2026/05/26-10:01:31  ... thread 0: (2000,381000) ops and (1302.1,12048.3) ops/second in (1.535930,31.622777) seconds
2026/05/26-10:01:31  ... thread 3: (2000,399000) ops and (1277.7,12542.6) ops/second in (1.565338,31.811603) seconds
2026/05/26-10:01:32  ... thread 1: (2000,418000) ops and (1266.4,12918.1) ops/second in (1.579265,32.357732) seconds
2026/05/26-10:01:32  ... thread 2: (7000,388000) ops and (6981.9,11943.8) ops/second in (1.002598,32.485512) seconds
2026/05/26-10:01:32  ... thread 0: (13000,394000) ops and (12756.9,12070.4) ops/second in (1.019053,32.641830) seconds
2026/05/26-10:01:32  ... thread 3: (18000,417000) ops and (17475.4,12697.3) ops/second in (1.030019,32.841622) seconds
2026/05/26-10:01:33  ... thread 2: (19000,407000) ops and (16028.1,12087.6) ops/second in (1.185421,33.670933) seconds
2026/05/26-10:01:33  ... thread 1: (24000,442000) ops and (18232.4,13125.8) ops/second in (1.316339,33.674071) seconds
2026/05/26-10:01:33  ... thread 0: (14000,408000) ops and (13382.7,12111.2) ops/second in (1.046123,33.687953) seconds
2026/05/26-10:01:33  ... thread 3: (8000,425000) ops and (7790.4,12548.5) ops/second in (1.026909,33.868531) seconds
2026/05/26-10:01:34  ... thread 2: (23000,430000) ops and (22667.0,12397.1) ops/second in (1.014691,34.685624) seconds
2026/05/26-10:01:34  ... thread 1: (17000,459000) ops and (16701.1,13230.7) ops/second in (1.017894,34.691965) seconds
2026/05/26-10:01:34  ... thread 0: (22000,430000) ops and (21428.6,12386.7) ops/second in (1.026664,34.714617) seconds
2026/05/26-10:01:34  ... thread 3: (23000,448000) ops and (22768.2,12844.5) ops/second in (1.010181,34.878712) seconds
2026/05/26-10:01:36  ... thread 0: (11000,441000) ops and (7044.2,12156.7) ops/second in (1.561575,36.276192) seconds
2026/05/26-10:01:36  ... thread 2: (12000,442000) ops and (7544.6,12184.3) ops/second in (1.590545,36.276169) seconds
2026/05/26-10:01:36  ... thread 3: (4000,452000) ops and (2851.2,12458.1) ops/second in (1.402934,36.281646) seconds
2026/05/26-10:01:36  ... thread 1: (14000,473000) ops and (8807.0,13036.9) ops/second in (1.589648,36.281613) seconds
2026/05/26-10:01:37  ... thread 0: (4000,445000) ops and (3233.0,11862.4) ops/second in (1.237238,37.513430) seconds
2026/05/26-10:01:37  ... thread 1: (4000,477000) ops and (2681.6,12628.0) ops/second in (1.491624,37.773237) seconds
2026/05/26-10:01:37  ... thread 2: (2000,444000) ops and (1188.7,11696.9) ops/second in (1.682453,37.958622) seconds
2026/05/26-10:01:37  ... thread 3: (3000,455000) ops and (1755.0,11976.5) ops/second in (1.709377,37.991023) seconds
2026/05/26-10:01:38  ... thread 0: (3000,448000) ops and (2893.1,11621.2) ops/second in (1.036964,38.550394) seconds
2026/05/26-10:01:38  ... thread 2: (2000,446000) ops and (1896.3,11432.0) ops/second in (1.054660,39.013282) seconds
2026/05/26-10:01:38  ... thread 3: (1000,456000) ops and (906.2,11664.0) ops/second in (1.103493,39.094516) seconds
2026/05/26-10:01:39  ... thread 1: (3000,480000) ops and (1781.7,12165.1) ops/second in (1.683773,39.457010) seconds
2026/05/26-10:01:39  ... thread 0: (5000,453000) ops and (4930.6,11449.7) ops/second in (1.014079,39.564473) seconds
2026/05/26-10:01:39  ... thread 2: (22000,468000) ops and (21597.5,11690.7) ops/second in (1.018637,40.031919) seconds
2026/05/26-10:01:40  ... thread 3: (23000,479000) ops and (12897.3,11717.8) ops/second in (1.783317,40.877833) seconds
2026/05/26-10:01:40  ... thread 1: (27000,507000) ops and (19024.2,12403.3) ops/second in (1.419242,40.876252) seconds
2026/05/26-10:01:40  ... thread 0: (19000,472000) ops and (14150.7,11538.3) ops/second in (1.342688,40.907161) seconds
2026/05/26-10:01:40  ... thread 2: (8000,476000) ops and (7849.3,11595.3) ops/second in (1.019204,41.051123) seconds
2026/05/26-10:01:41  ... thread 1: (19000,526000) ops and (18971.3,12560.4) ops/second in (1.001515,41.877767) seconds
2026/05/26-10:01:41  ... thread 3: (18000,497000) ops and (17819.7,11865.0) ops/second in (1.010116,41.887949) seconds
2026/05/26-10:01:41  ... thread 0: (21000,493000) ops and (20613.5,11758.8) ops/second in (1.018749,41.925910) seconds
2026/05/26-10:01:41  ... thread 2: (20000,496000) ops and (19903.6,11793.8) ops/second in (1.004845,42.055968) seconds
2026/05/26-10:01:42  ... thread 0: (12000,505000) ops and (11109.3,11742.5) ops/second in (1.080176,43.006086) seconds
2026/05/26-10:01:43  ... thread 1: (14000,540000) ops and (9982.9,12476.8) ops/second in (1.402401,43.280168) seconds
2026/05/26-10:01:43  ... thread 2: (7000,503000) ops and (5207.0,11589.8) ops/second in (1.344339,43.400307) seconds
2026/05/26-10:01:43  ... thread 3: (13000,510000) ops and (6260.2,11600.3) ops/second in (2.076605,43.964554) seconds
2026/05/26-10:01:44  ... thread 1: (2000,542000) ops and (1452.5,12136.9) ops/second in (1.376966,44.657134) seconds
2026/05/26-10:01:44  ... thread 0: (3000,508000) ops and (1712.4,11349.9) ops/second in (1.751923,44.758009) seconds
2026/05/26-10:01:44  ... thread 2: (2000,505000) ops and (1399.0,11264.8) ops/second in (1.429568,44.829875) seconds
2026/05/26-10:01:44  ... thread 3: (3000,513000) ops and (2743.1,11385.3) ops/second in (1.093649,45.058203) seconds
2026/05/26-10:01:45  ... thread 2: (2000,507000) ops and (1975.1,11059.6) ops/second in (1.012615,45.842490) seconds
2026/05/26-10:01:45  ... thread 0: (2000,510000) ops and (1651.9,11094.5) ops/second in (1.210754,45.968763) seconds
2026/05/26-10:01:45  ... thread 1: (2000,544000) ops and (1488.1,11825.8) ops/second in (1.344008,46.001142) seconds
2026/05/26-10:01:46  ... thread 3: (2000,515000) ops and (1654.5,11131.0) ops/second in (1.208835,46.267038) seconds
2026/05/26-10:01:46  ... thread 0: (2000,512000) ops and (1808.3,10876.3) ops/second in (1.106019,47.074782) seconds
2026/05/26-10:01:47  ... thread 1: (1000,545000) ops and (815.5,11539.9) ops/second in (1.226254,47.227396) seconds
2026/05/26-10:01:47  ... thread 3: (2000,517000) ops and (1587.6,10878.1) ops/second in (1.259727,47.526765) seconds
2026/05/26-10:01:47  ... thread 2: (3000,510000) ops and (1695.0,10711.5) ops/second in (1.769943,47.612433) seconds
2026/05/26-10:01:47  ... thread 0: (16000,528000) ops and (15501.6,10975.5) ops/second in (1.032153,48.106935) seconds
2026/05/26-10:01:48  ... thread 1: (22000,567000) ops and (21129.1,11746.8) ops/second in (1.041218,48.268614) seconds
2026/05/26-10:01:48  ... thread 2: (23000,533000) ops and (16541.7,10876.9) ops/second in (1.390425,49.002858) seconds
2026/05/26-10:01:48  ... thread 3: (25000,542000) ops and (16871.3,11059.3) ops/second in (1.481804,49.008569) seconds
2026/05/26-10:01:48  ... thread 0: (11000,539000) ops and (10826.4,10972.5) ops/second in (1.016033,49.122968) seconds
2026/05/26-10:01:49  ... thread 1: (9000,576000) ops and (8832.1,11686.5) ops/second in (1.019010,49.287624) seconds
2026/05/26-10:01:49  ... thread 2: (15000,548000) ops and (14604.3,10953.4) ops/second in (1.027093,50.029951) seconds
2026/05/26-10:01:49  ... thread 3: (15000,557000) ops and (14627.8,11132.4) ops/second in (1.025448,50.034017) seconds
2026/05/26-10:01:49  ... thread 0: (17000,556000) ops and (16798.3,11090.1) ops/second in (1.012006,50.134974) seconds
2026/05/26-10:01:50  ... thread 1: (17000,593000) ops and (16970.0,11791.8) ops/second in (1.001766,50.289390) seconds
2026/05/26-10:01:50  ... thread 3: (19000,576000) ops and (18921.5,11285.7) ops/second in (1.004148,51.038165) seconds
2026/05/26-10:01:51  ... thread 0: (11000,567000) ops and (10502.5,11078.0) ops/second in (1.047370,51.182344) seconds
2026/05/26-10:01:51  ... thread 1: (4000,597000) ops and (3615.7,11615.8) ops/second in (1.106290,51.395680) seconds
2026/05/26-10:01:51  ... thread 2: (17000,565000) ops and (11879.7,10979.2) ops/second in (1.431007,51.460958) seconds
2026/05/26-10:01:52  ... thread 3: (2000,578000) ops and (1751.9,11077.1) ops/second in (1.141618,52.179783) seconds
2026/05/26-10:01:52  ... thread 0: (2000,569000) ops and (1626.8,10856.4) ops/second in (1.229378,52.411722) seconds
2026/05/26-10:01:52  ... thread 2: (1000,566000) ops and (895.2,10764.9) ops/second in (1.117108,52.578066) seconds
2026/05/26-10:01:52  ... thread 1: (4000,601000) ops and (3159.5,11412.5) ops/second in (1.266038,52.661718) seconds
2026/05/26-10:01:53  ... thread 2: (1000,567000) ops and (981.4,10578.9) ops/second in (1.019003,53.597069) seconds
2026/05/26-10:01:53  ... thread 3: (2000,580000) ops and (1251.7,10785.2) ops/second in (1.597829,53.777612) seconds
2026/05/26-10:01:53  ... thread 0: (2000,571000) ops and (1424.8,10610.3) ops/second in (1.403697,53.815419) seconds
2026/05/26-10:01:54  ... thread 2: (2000,569000) ops and (1699.2,10388.1) ops/second in (1.177026,54.774095) seconds
2026/05/26-10:01:54  ... thread 0: (3000,574000) ops and (2599.1,10442.1) ops/second in (1.154258,54.969677) seconds
2026/05/26-10:01:54  ... thread 1: (3000,604000) ops and (1298.2,10987.3) ops/second in (2.310844,54.972562) seconds
2026/05/26-10:01:54  ... thread 3: (2000,582000) ops and (1630.4,10581.0) ops/second in (1.226666,55.004278) seconds
2026/05/26-10:01:56  ... thread 0: (2000,576000) ops and (1684.0,10256.9) ops/second in (1.187622,56.157299) seconds
2026/05/26-10:01:56  ... thread 3: (1000,583000) ops and (815.9,10368.1) ops/second in (1.225680,56.229958) seconds
2026/05/26-10:01:56  ... thread 2: (3000,572000) ops and (2033.3,10169.0) ops/second in (1.475431,56.249526) seconds
2026/05/26-10:01:56  ... thread 1: (3000,607000) ops and (2345.3,10790.8) ops/second in (1.279174,56.251736) seconds
2026/05/26-10:01:57  ... thread 0: (27000,603000) ops and (26858.1,10548.9) ops/second in (1.005283,57.162582) seconds
2026/05/26-10:01:57  ... thread 2: (29000,601000) ops and (28948.2,10497.6) ops/second in (1.001791,57.251317) seconds
2026/05/26-10:01:57  ... thread 3: (29000,612000) ops and (28277.4,10688.9) ops/second in (1.025555,57.255513) seconds
2026/05/26-10:01:57  ... thread 1: (28000,635000) ops and (27911.4,11090.8) ops/second in (1.003173,57.254909) seconds
2026/05/26-10:01:58  ... thread 0: (13000,616000) ops and (11884.4,10573.9) ops/second in (1.093871,58.256453) seconds
2026/05/26-10:01:58  ... thread 2: (7000,608000) ops and (6883.6,10434.5) ops/second in (1.016908,58.268225) seconds
2026/05/26-10:01:58  ... thread 3: (8000,620000) ops and (7861.4,10639.5) ops/second in (1.017634,58.273147) seconds
2026/05/26-10:01:58  ... thread 1: (10000,645000) ops and (9776.2,11067.7) ops/second in (1.022889,58.277798) seconds
2026/05/26-10:01:59  ... thread 2: (17000,625000) ops and (15523.4,10528.4) ops/second in (1.095119,59.363344) seconds
2026/05/26-10:01:59  ... thread 3: (16000,636000) ops and (11905.6,10668.1) ops/second in (1.343903,59.617050) seconds
2026/05/26-10:01:59  ... thread 0: (18000,634000) ops and (12640.4,10623.2) ops/second in (1.424009,59.680462) seconds
2026/05/26-10:01:59  ... thread 1: (15000,660000) ops and (10130.0,11044.4) ops/second in (1.480743,59.758541) seconds
2026/05/26-10:02:00  ... thread 0: (2000,636000) ops and (1769.4,10458.7) ops/second in (1.130295,60.810757) seconds
2026/05/26-10:02:00  ... thread 2: (2000,627000) ops and (1310.9,10297.4) ops/second in (1.525667,60.889011) seconds
2026/05/26-10:02:00  ... thread 1: (3000,663000) ops and (2343.6,10862.0) ops/second in (1.280103,61.038644) seconds
2026/05/26-10:02:00  ... thread 3: (2000,638000) ops and (1397.8,10450.8) ops/second in (1.430831,61.047881) seconds
2026/05/26-10:02:01  ... thread 0: (2000,638000) ops and (1730.2,10295.9) ops/second in (1.155905,61.966662) seconds
2026/05/26-10:02:01  ... thread 2: (1000,628000) ops and (907.7,10130.6) ops/second in (1.101645,61.990656) seconds
2026/05/26-10:02:02  ... thread 1: (3000,666000) ops and (2298.2,10682.7) ops/second in (1.305344,62.343988) seconds
2026/05/26-10:02:02  ... thread 3: (3000,641000) ops and (2106.9,10260.6) ops/second in (1.423883,62.471764) seconds
2026/05/26-10:02:03  ... thread 0: (2000,640000) ops and (1635.9,10128.3) ops/second in (1.222532,63.189194) seconds
2026/05/26-10:02:03  ... thread 2: (2000,630000) ops and (1440.3,9940.2) ops/second in (1.388564,63.379220) seconds
2026/05/26-10:02:03  ... thread 1: (3000,669000) ops and (2296.9,10510.6) ops/second in (1.306102,63.650090) seconds
2026/05/26-10:02:03  ... thread 3: (4000,645000) ops and (2763.0,10090.8) ops/second in (1.447687,63.919451) seconds
2026/05/26-10:02:04  ... thread 0: (3000,643000) ops and (2860.5,10009.7) ops/second in (1.048765,64.237959) seconds
2026/05/26-10:02:04  ... thread 3: (1000,646000) ops and (986.0,9948.6) ops/second in (1.014188,64.933639) seconds
2026/05/26-10:02:04  ... thread 1: (2000,671000) ops and (1484.4,10323.5) ops/second in (1.347301,64.997391) seconds
2026/05/26-10:02:05  ... thread 2: (2000,632000) ops and (1091.9,9691.6) ops/second in (1.831712,65.210932) seconds
2026/05/26-10:02:05  ... thread 0: (5000,648000) ops and (3107.9,9841.0) ops/second in (1.608819,65.846778) seconds
2026/05/26-10:02:06  ... thread 1: (2000,673000) ops and (1616.0,10160.8) ops/second in (1.237652,66.235043) seconds
2026/05/26-10:02:06  ... thread 3: (4000,650000) ops and (2686.6,9785.8) ops/second in (1.488873,66.422512) seconds
2026/05/26-10:02:06  ... thread 2: (2000,634000) ops and (1507.6,9528.5) ops/second in (1.326601,66.537533) seconds
2026/05/26-10:02:06  ... thread 0: (3000,651000) ops and (2887.6,9733.0) ops/second in (1.038933,66.885711) seconds
2026/05/26-10:02:07  ... thread 1: (13000,686000) ops and (12663.1,10199.0) ops/second in (1.026608,67.261651) seconds
2026/05/26-10:02:07  ... thread 3: (15000,665000) ops and (13197.7,9843.2) ops/second in (1.136562,67.559074) seconds
2026/05/26-10:02:07  ... thread 2: (18000,652000) ops and (17622.2,9650.8) ops/second in (1.021437,67.558970) seconds
2026/05/26-10:02:07  ... thread 0: (26000,677000) ops and (25342.6,9968.8) ops/second in (1.025942,67.911653) seconds
2026/05/26-10:02:08  ... thread 1: (21000,707000) ops and (20703.9,10355.0) ops/second in (1.014300,68.275951) seconds
2026/05/26-10:02:08  ... thread 3: (24000,689000) ops and (23483.9,10046.5) ops/second in (1.021978,68.581052) seconds
2026/05/26-10:02:08  ... thread 2: (24000,676000) ops and (23345.6,9856.1) ops/second in (1.028030,68.587000) seconds
2026/05/26-10:02:08  ... thread 0: (25000,702000) ops and (24904.5,10186.4) ops/second in (1.003834,68.915487) seconds
2026/05/26-10:02:09  ... thread 1: (30000,737000) ops and (29820.2,10637.7) ops/second in (1.006028,69.281979) seconds
2026/05/26-10:02:09  ... thread 2: (25000,701000) ops and (20436.2,10041.5) ops/second in (1.223318,69.810318) seconds
2026/05/26-10:02:09  ... thread 3: (20000,709000) ops and (14581.4,10135.4) ops/second in (1.371615,69.952667) seconds
2026/05/26-10:02:10  ... thread 0: (12000,714000) ops and (8499.8,10152.5) ops/second in (1.411796,70.327283) seconds
2026/05/26-10:02:10  ... thread 1: (2000,739000) ops and (1508.1,10466.2) ops/second in (1.326211,70.608190) seconds
2026/05/26-10:02:10  ... thread 2: (2000,703000) ops and (1892.4,9920.0) ops/second in (1.056847,70.867165) seconds
2026/05/26-10:02:11  ... thread 3: (3000,712000) ops and (1879.8,9951.3) ops/second in (1.595951,71.548618) seconds
2026/05/26-10:02:11  ... thread 1: (1000,740000) ops and (744.5,10284.7) ops/second in (1.343196,71.951386) seconds
2026/05/26-10:02:11  ... thread 0: (2000,716000) ops and (1150.3,9935.3) ops/second in (1.738694,72.065977) seconds
2026/05/26-10:02:12  ... thread 2: (4000,707000) ops and (2991.0,9791.6) ops/second in (1.337336,72.204501) seconds
2026/05/26-10:02:12  ... thread 3: (2000,714000) ops and (1501.0,9796.8) ops/second in (1.332484,72.881102) seconds
2026/05/26-10:02:12  ... thread 1: (1000,741000) ops and (975.7,10154.0) ops/second in (1.024858,72.976244) seconds
2026/05/26-10:02:12  ... thread 0: (3000,719000) ops and (2989.3,9839.9) ops/second in (1.003584,73.069561) seconds
2026/05/26-10:02:13  ... thread 1: (4000,745000) ops and (3932.1,10068.5) ops/second in (1.017262,73.993506) seconds
2026/05/26-10:02:14  ... thread 2: (2000,709000) ops and (995.3,9553.5) ops/second in (2.009379,74.213880) seconds
2026/05/26-10:02:14  ... thread 3: (3000,717000) ops and (2094.6,9648.3) ops/second in (1.432271,74.313373) seconds
2026/05/26-10:02:14  ... thread 0: (2000,721000) ops and (1570.1,9698.2) ops/second in (1.273780,74.343341) seconds
2026/05/26-10:02:14  ... thread 1: (1000,746000) ops and (924.3,9936.7) ops/second in (1.081882,75.075388) seconds
2026/05/26-10:02:15  ... thread 3: (2000,719000) ops and (1738.0,9527.7) ops/second in (1.150730,75.464103) seconds
2026/05/26-10:02:15  ... thread 2: (3000,712000) ops and (2300.0,9428.2) ops/second in (1.304369,75.518249) seconds
2026/05/26-10:02:15  ... thread 0: (3000,724000) ops and (2517.6,9585.0) ops/second in (1.191611,75.534952) seconds
2026/05/26-10:02:16  ... thread 1: (2000,748000) ops and (1769.8,9815.6) ops/second in (1.130086,76.205474) seconds
2026/05/26-10:02:16  ... thread 0: (2000,726000) ops and (1842.8,9475.3) ops/second in (1.085328,76.620280) seconds
2026/05/26-10:02:16  ... thread 3: (3000,722000) ops and (2332.3,9407.1) ops/second in (1.286267,76.750370) seconds
2026/05/26-10:02:17  ... thread 2: (3000,715000) ops and (1519.2,9226.7) ops/second in (1.974659,77.492908) seconds
2026/05/26-10:02:17  ... thread 1: (2000,750000) ops and (1369.3,9656.7) ops/second in (1.460610,77.666084) seconds
2026/05/26-10:02:17  ... thread 3: (2000,724000) ops and (1954.1,9309.0) ops/second in (1.023482,77.773852) seconds
2026/05/26-10:02:17  ... thread 0: (5000,731000) ops and (3893.3,9383.3) ops/second in (1.284250,77.904530) seconds
2026/05/26-10:02:18  ... thread 2: (16000,731000) ops and (14505.1,9300.7) ops/second in (1.103063,78.595971) seconds
2026/05/26-10:02:18  ... thread 1: (20000,770000) ops and (19873.5,9787.4) ops/second in (1.006366,78.672450) seconds
2026/05/26-10:02:18  ... thread 3: (24000,748000) ops and (23903.8,9495.1) ops/second in (1.004024,78.777876) seconds
2026/05/26-10:02:18  ... thread 0: (30000,761000) ops and (29057.4,9640.6) ops/second in (1.032440,78.936970) seconds
2026/05/26-10:02:19  ... thread 2: (28000,759000) ops and (27872.0,9535.1) ops/second in (1.004592,79.600563) seconds
2026/05/26-10:02:20  ... thread 3: (26000,774000) ops and (16990.2,9637.9) ops/second in (1.530292,80.308168) seconds
2026/05/26-10:02:20  ... thread 1: (28000,798000) ops and (17072.4,9936.2) ops/second in (1.640070,80.312520) seconds
2026/05/26-10:02:20  ... thread 0: (17000,778000) ops and (12093.7,9683.5) ops/second in (1.405692,80.342662) seconds
2026/05/26-10:02:20  ... thread 2: (11000,770000) ops and (10625.6,9549.1) ops/second in (1.035240,80.635803) seconds
2026/05/26-10:02:21  ... thread 1: (16000,814000) ops and (13429.6,9987.2) ops/second in (1.191401,81.503921) seconds
2026/05/26-10:02:21  ... thread 0: (18000,796000) ops and (13348.4,9744.0) ops/second in (1.348472,81.691134) seconds
2026/05/26-10:02:21  ... thread 2: (6000,776000) ops and (4028.6,9449.0) ops/second in (1.489337,82.125140) seconds
2026/05/26-10:02:22  ... thread 3: (18000,792000) ops and (9236.0,9628.4) ops/second in (1.948888,82.257056) seconds
2026/05/26-10:02:22  ... thread 1: (1000,815000) ops and (755.1,9839.6) ops/second in (1.324280,82.828201) seconds
2026/05/26-10:02:22  ... thread 0: (3000,799000) ops and (2479.8,9638.0) ops/second in (1.209783,82.900917) seconds
2026/05/26-10:02:23  ... thread 3: (3000,795000) ops and (2765.5,9539.0) ops/second in (1.084780,83.341836) seconds
2026/05/26-10:02:23  ... thread 2: (2000,778000) ops and (1627.2,9333.7) ops/second in (1.229125,83.354265) seconds
2026/05/26-10:02:23  ... thread 1: (3000,818000) ops and (2987.4,9757.6) ops/second in (1.004215,83.832416) seconds
2026/05/26-10:02:23  ... thread 0: (3000,802000) ops and (2671.6,9544.9) ops/second in (1.122908,84.023825) seconds
2026/05/26-10:02:24  ... thread 2: (2000,780000) ops and (1551.4,9215.1) ops/second in (1.289157,84.643422) seconds
2026/05/26-10:02:24  ... thread 3: (2000,797000) ops and (1391.4,9400.9) ops/second in (1.437448,84.779284) seconds
2026/05/26-10:02:24  ... thread 1: (1000,819000) ops and (795.9,9625.2) ops/second in (1.256484,85.088900) seconds
2026/05/26-10:02:25  ... thread 0: (4000,806000) ops and (3015.6,9443.4) ops/second in (1.326417,85.350242) seconds
2026/05/26-10:02:25  ... thread 3: (2000,799000) ops and (1902.4,9309.0) ops/second in (1.051321,85.830605) seconds
2026/05/26-10:02:26  ... thread 2: (4000,784000) ops and (2469.7,9088.5) ops/second in (1.619650,86.263072) seconds
2026/05/26-10:02:26  ... thread 1: (2000,821000) ops and (1409.6,9490.5) ops/second in (1.418889,86.507789) seconds
2026/05/26-10:02:26  ... thread 0: (3000,809000) ops and (2299.5,9335.9) ops/second in (1.304648,86.654890) seconds
2026/05/26-10:02:27  ... thread 3: (2000,801000) ops and (1431.4,9182.9) ops/second in (1.397188,87.227793) seconds
2026/05/26-10:02:27  ... thread 2: (2000,786000) ops and (1879.4,9000.6) ops/second in (1.064185,87.327257) seconds
2026/05/26-10:02:27  ... thread 1: (3000,824000) ops and (2935.7,9413.9) ops/second in (1.021895,87.529684) seconds
2026/05/26-10:02:27  ... thread 0: (2000,811000) ops and (1843.9,9243.3) ops/second in (1.084676,87.739566) seconds
2026/05/26-10:02:28  ... thread 3: (2000,803000) ops and (1732.4,9085.5) ops/second in (1.154469,88.382262) seconds
2026/05/26-10:02:28  ... thread 2: (3000,789000) ops and (2712.9,8922.0) ops/second in (1.105816,88.433073) seconds
2026/05/26-10:02:28  ... thread 1: (2000,826000) ops and (1989.4,9329.6) ops/second in (1.005349,88.535033) seconds
2026/05/26-10:02:29  ... thread 0: (2000,813000) ops and (1333.2,9110.3) ops/second in (1.500112,89.239678) seconds
2026/05/26-10:02:29  ... thread 3: (3000,806000) ops and (2148.0,8977.6) ops/second in (1.396650,89.778912) seconds
2026/05/26-10:02:29  ... thread 2: (2000,791000) ops and (1468.3,8808.9) ops/second in (1.362077,89.795150) seconds
2026/05/26-10:02:29  ... thread 1: (2000,828000) ops and (1586.6,9220.9) ops/second in (1.260528,89.795561) seconds
2026/05/26-10:02:30  ... thread 0: (16000,829000) ops and (14984.8,9179.8) ops/second in (1.067751,90.307429) seconds
2026/05/26-10:02:30  ... thread 2: (29000,820000) ops and (28133.5,9028.3) ops/second in (1.030799,90.825949) seconds
2026/05/26-10:02:30  ... thread 1: (30000,858000) ops and (29049.4,9446.4) ops/second in (1.032723,90.828284) seconds
2026/05/26-10:02:30  ... thread 3: (32000,838000) ops and (30149.3,9225.0) ops/second in (1.061386,90.840298) seconds
2026/05/26-10:02:31  ... thread 0: (30000,859000) ops and (26006.4,9392.0) ops/second in (1.153563,91.460992) seconds
2026/05/26-10:02:31  ... thread 2: (31000,851000) ops and (30763.8,9266.8) ops/second in (1.007678,91.833627) seconds
2026/05/26-10:02:31  ... thread 3: (28000,866000) ops and (27787.5,9428.6) ops/second in (1.007647,91.847945) seconds
2026/05/26-10:02:31  ... thread 1: (31000,889000) ops and (30278.2,9678.6) ops/second in (1.023840,91.852124) seconds
2026/05/26-10:02:32  ... thread 0: (16000,875000) ops and (13573.0,9445.2) ops/second in (1.178813,92.639805) seconds
2026/05/26-10:02:32  ... thread 1: (1000,890000) ops and (822.0,9562.8) ops/second in (1.216608,93.068732) seconds
2026/05/26-10:02:33  ... thread 2: (2000,853000) ops and (1205.4,9123.7) ops/second in (1.659237,93.492864) seconds
2026/05/26-10:02:33  ... thread 3: (2000,868000) ops and (1087.2,9264.8) ops/second in (1.839525,93.687470) seconds
2026/05/26-10:02:34  ... thread 0: (2000,877000) ops and (1213.5,9301.3) ops/second in (1.648093,94.287898) seconds
2026/05/26-10:02:34  ... thread 1: (2000,892000) ops and (1239.6,9421.0) ops/second in (1.613417,94.682149) seconds
2026/05/26-10:02:34  ... thread 3: (2000,870000) ops and (1605.7,9164.4) ops/second in (1.245576,94.933046) seconds
2026/05/26-10:02:35  ... thread 2: (1000,854000) ops and (603.1,8975.2) ops/second in (1.657967,95.150831) seconds
2026/05/26-10:02:35  ... thread 0: (1000,878000) ops and (718.7,9176.5) ops/second in (1.391425,95.679323) seconds
2026/05/26-10:02:35  ... thread 1: (1000,893000) ops and (968.8,9329.8) ops/second in (1.032157,95.714306) seconds
2026/05/26-10:02:36  ... thread 3: (4000,874000) ops and (2351.2,9044.4) ops/second in (1.701231,96.634277) seconds
2026/05/26-10:02:36  ... thread 2: (2000,856000) ops and (1320.0,8855.2) ops/second in (1.515126,96.665957) seconds
2026/05/26-10:02:36  ... thread 0: (1000,879000) ops and (818.1,9071.0) ops/second in (1.222377,96.901700) seconds
2026/05/26-10:02:36  ... thread 1: (2000,895000) ops and (1448.5,9217.8) ops/second in (1.380726,97.095032) seconds
2026/05/26-10:02:37  ... thread 3: (1000,875000) ops and (785.0,8937.0) ops/second in (1.273841,97.908118) seconds
2026/05/26-10:02:37  ... thread 0: (1000,880000) ops and (867.6,8974.6) ops/second in (1.152539,98.054239) seconds
2026/05/26-10:02:38  ... thread 1: (3000,898000) ops and (2463.9,9134.1) ops/second in (1.217560,98.312592) seconds
2026/05/26-10:02:38  ... thread 2: (2000,858000) ops and (1034.4,8701.9) ops/second in (1.933400,98.599357) seconds
2026/05/26-10:02:38  ... thread 3: (2000,877000) ops and (1903.6,8862.3) ops/second in (1.050616,98.958734) seconds
2026/05/26-10:02:39  ... thread 2: (2000,860000) ops and (1921.3,8631.0) ops/second in (1.040972,99.640329) seconds
2026/05/26-10:02:39  ... thread 1: (2000,900000) ops and (1290.4,9012.4) ops/second in (1.549937,99.862529) seconds
2026/05/26-10:02:40  ... thread 0: (2000,882000) ops and (899.5,8795.6) ops/second in (2.223408,100.277647) seconds
2026/05/26-10:02:40  ... thread 2: (2000,862000) ops and (1945.5,8562.8) ops/second in (1.028028,100.668357) seconds
2026/05/26-10:02:40  ... thread 3: (2000,879000) ops and (1125.9,8725.9) ops/second in (1.776344,100.735078) seconds
2026/05/26-10:02:40  ... thread 1: (1000,901000) ops and (865.3,8919.2) ops/second in (1.155651,101.018180) seconds
2026/05/26-10:02:41  ... thread 2: (2000,864000) ops and (1821.7,8490.0) ops/second in (1.097862,101.766219) seconds
2026/05/26-10:02:41  ... thread 3: (2000,881000) ops and (1824.3,8651.6) ops/second in (1.096285,101.831363) seconds
2026/05/26-10:02:41  ... thread 0: (3000,885000) ops and (1920.6,8690.1) ops/second in (1.562012,101.839659) seconds
2026/05/26-10:02:41  ... thread 1: (8000,909000) ops and (7869.5,8908.7) ops/second in (1.016588,102.034768) seconds
2026/05/26-10:02:42  ... thread 2: (31000,895000) ops and (30803.1,8708.5) ops/second in (1.006393,102.772612) seconds
2026/05/26-10:02:42  ... thread 3: (31000,912000) ops and (30874.7,8868.5) ops/second in (1.004059,102.835422) seconds
2026/05/26-10:02:42  ... thread 0: (29000,914000) ops and (28821.8,8887.1) ops/second in (1.006183,102.845842) seconds
2026/05/26-10:02:42  ... thread 1: (28000,937000) ops and (25619.3,9085.8) ops/second in (1.092927,103.127695) seconds
2026/05/26-10:02:43  ... thread 2: (25000,920000) ops and (23955.2,8861.8) ops/second in (1.043616,103.816228) seconds
2026/05/26-10:02:43  ... thread 3: (28000,940000) ops and (27775.6,9052.1) ops/second in (1.008078,103.843500) seconds
2026/05/26-10:02:43  ... thread 0: (23000,937000) ops and (22575.2,9021.4) ops/second in (1.018819,103.864661) seconds
2026/05/26-10:02:44  ... thread 1: (33000,970000) ops and (22233.5,9272.4) ops/second in (1.484249,104.611944) seconds
2026/05/26-10:02:45  ... thread 2: (12000,932000) ops and (8591.5,8858.2) ops/second in (1.396737,105.212965) seconds
2026/05/26-10:02:45  ... thread 3: (10000,950000) ops and (7066.4,9025.4) ops/second in (1.415144,105.258644) seconds
2026/05/26-10:02:45  ... thread 0: (10000,947000) ops and (5469.8,8959.9) ops/second in (1.828214,105.692875) seconds
2026/05/26-10:02:45  ... thread 1: (3000,973000) ops and (2142.4,9178.2) ops/second in (1.400293,106.012237) seconds
2026/05/26-10:02:46  ... thread 0: (2000,949000) ops and (1794.2,8885.1) ops/second in (1.114693,106.807568) seconds
2026/05/26-10:02:46  ... thread 3: (2000,952000) ops and (1205.8,8904.1) ops/second in (1.658714,106.917358) seconds
2026/05/26-10:02:47  ... thread 1: (3000,976000) ops and (2566.9,9106.1) ops/second in (1.168722,107.180959) seconds
2026/05/26-10:02:47  ... thread 0: (3000,952000) ops and (2954.2,8829.3) ops/second in (1.015507,107.823075) seconds
2026/05/26-10:02:47  ... thread 2: (4000,936000) ops and (1442.4,8667.8) ops/second in (2.773191,107.986156) seconds
2026/05/26-10:02:48  ... thread 3: (4000,956000) ops and (3151.8,8836.6) ops/second in (1.269113,108.186471) seconds
2026/05/26-10:02:48  ... thread 1: (1000,977000) ops and (734.7,9001.1) ops/second in (1.361117,108.542076) seconds
2026/05/26-10:02:48  ... thread 0: (2000,954000) ops and (1784.2,8756.8) ops/second in (1.120945,108.944020) seconds
2026/05/26-10:02:49  ... thread 3: (2000,958000) ops and (1449.9,8743.6) ops/second in (1.379401,109.565872) seconds
2026/05/26-10:02:49  ... thread 2: (2000,938000) ops and (956.3,8521.3) ops/second in (2.091316,110.077472) seconds
2026/05/26-10:02:49  ... thread 1: (5000,982000) ops and (3223.2,8919.7) ops/second in (1.551263,110.093339) seconds
2026/05/26-10:02:50  ... thread 0: (3000,957000) ops and (2015.4,8665.9) ops/second in (1.488573,110.432593) seconds
2026/05/26-10:02:50  ... thread 1: (2000,984000) ops and (1998.5,8857.4) ops/second in (1.000757,111.094096) seconds
2026/05/26-10:02:51  ... thread 3: (3000,961000) ops and (1865.1,8644.1) ops/second in (1.608452,111.174324) seconds
2026/05/26-10:02:51  ... thread 2: (3000,941000) ops and (1848.3,8424.3) ops/second in (1.623085,111.700557) seconds
2026/05/26-10:02:52  ... thread 0: (2000,959000) ops and (1138.5,8548.0) ops/second in (1.756738,112.189331) seconds
2026/05/26-10:02:52  ... thread 1: (3000,987000) ops and (2619.6,8793.7) ops/second in (1.145201,112.239297) seconds
2026/05/26-10:02:52  ... thread 3: (2000,963000) ops and (1332.9,8546.7) ops/second in (1.500513,112.674837) seconds
2026/05/26-10:02:53  ... thread 0: (2000,961000) ops and (1962.4,8488.8) ops/second in (1.019159,113.208490) seconds
2026/05/26-10:02:53  ... thread 2: (4000,945000) ops and (2070.7,8316.3) ops/second in (1.931717,113.632274) seconds
2026/05/26-10:02:53  ... thread 1: (2000,989000) ops and (1373.2,8698.7) ops/second in (1.456475,113.695772) seconds
2026/05/26-10:02:53  ... thread 3: (3000,966000) ops and (2605.3,8486.6) ops/second in (1.151487,113.826324) seconds
2026/05/26-10:02:54  ... thread 0: (1000,962000) ops and (924.0,8417.1) ops/second in (1.082206,114.290696) seconds
2026/05/26-10:02:54  ... thread 2: (2000,947000) ops and (1984.4,8260.6) ops/second in (1.007879,114.640153) seconds
2026/05/26-10:02:54  ... thread 1: (4000,993000) ops and (3964.4,8657.0) ops/second in (1.008974,114.704746) seconds
2026/05/26-10:02:54  ... thread 3: (8000,974000) ops and (7885.5,8481.3) ops/second in (1.014519,114.840843) seconds
2026/05/26-10:02:55  ... thread 0: (20000,982000) ops and (19551.2,8515.9) ops/second in (1.022953,115.313649) seconds
2026/05/26-10:02:55  ... thread 2: (32000,979000) ops and (31545.8,8464.9) ops/second in (1.014397,115.654550) seconds
2026/05/26-10:02:55  ... thread 1: (33000,1026000) ops and (32781.7,8866.9) ops/second in (1.006660,115.711406) seconds
2026/05/26-10:02:55  ... thread 3: (30000,1004000) ops and (29640.4,8666.2) ops/second in (1.012132,115.852975) seconds
2026/05/26-10:02:56  ... thread 0: (28000,1010000) ops and (27843.2,8683.0) ops/second in (1.005630,116.319279) seconds
2026/05/26-10:02:57  ... thread 0: (13000,1023000) ops and (12869.1,8719.0) ops/second in (1.010173,117.329452) seconds
2026/05/26-10:02:57  ... thread 1: (25000,1051000) ops and (15142.4,8955.2) ops/second in (1.650992,117.362398) seconds
2026/05/26-10:02:57  ... thread 3: (21000,1025000) ops and (11977.3,8715.5) ops/second in (1.753318,117.606293) seconds
2026/05/26-10:02:57  ... thread 2: (28000,1007000) ops and (12678.7,8543.8) ops/second in (2.208422,117.862972) seconds
2026/05/26-10:02:58  ... thread 3: (2000,1027000) ops and (1872.7,8653.9) ops/second in (1.067976,118.674269) seconds
2026/05/26-10:02:58  ... thread 0: (1000,1024000) ops and (715.7,8624.8) ops/second in (1.397300,118.726752) seconds
2026/05/26-10:02:58  ... thread 1: (1000,1052000) ops and (703.7,8856.4) ops/second in (1.421097,118.783495) seconds
2026/05/26-10:02:58  ... thread 2: (2000,1009000) ops and (1987.8,8488.3) ops/second in (1.006121,118.869093) seconds
2026/05/26-10:02:59  ... thread 0: (1000,1025000) ops and (930.8,8555.8) ops/second in (1.074373,119.801125) seconds
2026/05/26-10:02:59  ... thread 3: (2000,1029000) ops and (1711.5,8586.2) ops/second in (1.168584,119.842853) seconds
2026/05/26-10:02:59  ... thread 2: (1000,1010000) ops and (985.9,8424.9) ops/second in (1.014295,119.883388) seconds
2026/05/26-10:03:00  ... thread 1: (2000,1054000) ops and (1445.7,8771.1) ops/second in (1.383401,120.166896) seconds
2026/05/26-10:03:00  ... thread 0: (2000,1027000) ops and (1614.2,8484.8) ops/second in (1.238979,121.040104) seconds
2026/05/26-10:03:01  ... thread 3: (2000,1031000) ops and (1449.6,8505.0) ops/second in (1.379646,121.222499) seconds
2026/05/26-10:03:01  ... thread 2: (3000,1013000) ops and (2004.4,8345.7) ops/second in (1.496698,121.380086) seconds
2026/05/26-10:03:01  ... thread 0: (2000,1029000) ops and (1946.2,8429.7) ops/second in (1.027653,122.067757) seconds
2026/05/26-10:03:02  ... thread 3: (1000,1032000) ops and (951.7,8440.1) ops/second in (1.050785,122.273284) seconds
2026/05/26-10:03:02  ... thread 1: (2000,1056000) ops and (924.2,8632.3) ops/second in (2.164074,122.330970) seconds
2026/05/26-10:03:02  ... thread 2: (3000,1016000) ops and (2457.6,8287.1) ops/second in (1.220687,122.600773) seconds
2026/05/26-10:03:03  ... thread 0: (1000,1030000) ops and (905.9,8362.3) ops/second in (1.103874,123.171631) seconds
2026/05/26-10:03:03  ... thread 3: (3000,1035000) ops and (1997.9,8362.0) ops/second in (1.501587,123.774871) seconds
2026/05/26-10:03:03  ... thread 1: (2000,1058000) ops and (1358.4,8545.8) ops/second in (1.472305,123.803275) seconds
2026/05/26-10:03:03  ... thread 2: (2000,1018000) ops and (1584.7,8218.8) ops/second in (1.262084,123.862857) seconds
2026/05/26-10:03:04  ... thread 0: (3000,1033000) ops and (1616.1,8262.2) ops/second in (1.856303,125.027934) seconds
2026/05/26-10:03:05  ... thread 3: (3000,1038000) ops and (1988.5,8285.2) ops/second in (1.508702,125.283573) seconds
2026/05/26-10:03:05  ... thread 2: (2000,1020000) ops and (1346.1,8137.3) ops/second in (1.485732,125.348589) seconds
2026/05/26-10:03:05  ... thread 1: (2000,1060000) ops and (1101.1,8438.2) ops/second in (1.816424,125.619699) seconds
2026/05/26-10:03:05  ... thread 0: (3000,1036000) ops and (2732.0,8214.0) ops/second in (1.098112,126.126046) seconds
2026/05/26-10:03:06  ... thread 3: (2000,1040000) ops and (1570.1,8217.6) ops/second in (1.273825,126.557398) seconds
2026/05/26-10:03:06  ... thread 2: (2000,1022000) ops and (1244.9,8050.1) ops/second in (1.606532,126.955121) seconds
2026/05/26-10:03:06  ... thread 0: (1000,1037000) ops and (991.9,8156.7) ops/second in (1.008136,127.134182) seconds
2026/05/26-10:03:07  ... thread 1: (2000,1062000) ops and (1177.0,8341.3) ops/second in (1.699251,127.318950) seconds
2026/05/26-10:03:07  ... thread 3: (3000,1043000) ops and (2818.1,8172.6) ops/second in (1.064546,127.621944) seconds
2026/05/26-10:03:07  ... thread 2: (14000,1036000) ops and (13420.7,8093.9) ops/second in (1.043163,127.998284) seconds
2026/05/26-10:03:08  ... thread 0: (18000,1055000) ops and (15951.6,8225.3) ops/second in (1.128416,128.262598) seconds
2026/05/26-10:03:08  ... thread 1: (20000,1082000) ops and (19455.1,8430.3) ops/second in (1.028007,128.346957) seconds
2026/05/26-10:03:08  ... thread 3: (27000,1070000) ops and (26983.0,8318.9) ops/second in (1.000630,128.622574) seconds
2026/05/26-10:03:08  ... thread 2: (26000,1062000) ops and (25325.7,8231.0) ops/second in (1.026624,129.024908) seconds
2026/05/26-10:03:09  ... thread 0: (31000,1086000) ops and (26502.4,8390.5) ops/second in (1.169707,129.432305) seconds
2026/05/26-10:03:09  ... thread 1: (30000,1112000) ops and (27008.1,8589.7) ops/second in (1.110776,129.457733) seconds
2026/05/26-10:03:09  ... thread 3: (25000,1095000) ops and (24688.4,8446.8) ops/second in (1.012620,129.635194) seconds
2026/05/26-10:03:09  ... thread 2: (21000,1083000) ops and (18923.8,8322.2) ops/second in (1.109714,130.134622) seconds
2026/05/26-10:03:10  ... thread 1: (15000,1127000) ops and (14362.5,8635.9) ops/second in (1.044388,130.502121) seconds
2026/05/26-10:03:10  ... thread 3: (8000,1103000) ops and (7402.6,8438.1) ops/second in (1.080700,130.715894) seconds
2026/05/26-10:03:11  ... thread 0: (20000,1106000) ops and (11618.3,8432.9) ops/second in (1.721427,131.153732) seconds
2026/05/26-10:03:11  ... thread 2: (3000,1086000) ops and (2138.6,8256.2) ops/second in (1.402794,131.537416) seconds
2026/05/26-10:03:11  ... thread 1: (2000,1129000) ops and (1637.5,8571.0) ops/second in (1.221352,131.723473) seconds
2026/05/26-10:03:11  ... thread 3: (1000,1104000) ops and (894.4,8374.2) ops/second in (1.118102,131.833996) seconds
2026/05/26-10:03:12  ... thread 0: (4000,1110000) ops and (2810.0,8372.5) ops/second in (1.423500,132.577232) seconds
2026/05/26-10:03:12  ... thread 2: (2000,1088000) ops and (1808.3,8202.4) ops/second in (1.105985,132.643401) seconds
2026/05/26-10:03:12  ... thread 3: (2000,1106000) ops and (1753.4,8317.4) ops/second in (1.140651,132.974647) seconds
2026/05/26-10:03:12  ... thread 1: (3000,1132000) ops and (2390.3,8512.7) ops/second in (1.255086,132.978559) seconds
2026/05/26-10:03:13  ... thread 0: (2000,1112000) ops and (1825.2,8318.8) ops/second in (1.095785,133.673017) seconds
2026/05/26-10:03:14  ... thread 1: (4000,1136000) ops and (3398.7,8467.8) ops/second in (1.176914,134.155473) seconds
2026/05/26-10:03:14  ... thread 2: (3000,1091000) ops and (1838.7,8125.1) ops/second in (1.631577,134.274978) seconds
2026/05/26-10:03:14  ... thread 3: (2000,1108000) ops and (962.7,8204.2) ops/second in (2.077436,135.052083) seconds
2026/05/26-10:03:14  ... thread 0: (2000,1114000) ops and (1371.3,8243.8) ops/second in (1.458467,135.131484) seconds
2026/05/26-10:03:15  ... thread 1: (3000,1139000) ops and (2785.5,8422.5) ops/second in (1.077001,135.232474) seconds
2026/05/26-10:03:15  ... thread 2: (3000,1094000) ops and (2470.8,8074.4) ops/second in (1.214194,135.489172) seconds
2026/05/26-10:03:16  ... thread 0: (2000,1116000) ops and (1538.7,8179.9) ops/second in (1.299819,136.431303) seconds
2026/05/26-10:03:16  ... thread 3: (3000,1111000) ops and (1945.1,8133.6) ops/second in (1.542327,136.594410) seconds
2026/05/26-10:03:16  ... thread 1: (3000,1142000) ops and (2180.8,8359.7) ops/second in (1.375671,136.608145) seconds
2026/05/26-10:03:16  ... thread 2: (3000,1097000) ops and (2568.2,8027.4) ops/second in (1.168124,136.657296) seconds
2026/05/26-10:03:17  ... thread 1: (3000,1145000) ops and (2704.4,8314.1) ops/second in (1.109311,137.717456) seconds
2026/05/26-10:03:17  ... thread 2: (2000,1099000) ops and (1865.5,7979.4) ops/second in (1.072079,137.729375) seconds
2026/05/26-10:03:17  ... thread 3: (2000,1113000) ops and (1436.3,8066.0) ops/second in (1.392485,137.986895) seconds
2026/05/26-10:03:17  ... thread 0: (3000,1119000) ops and (1909.9,8108.6) ops/second in (1.570750,138.002053) seconds
2026/05/26-10:03:19  ... thread 1: (3000,1148000) ops and (1767.1,8234.4) ops/second in (1.697707,139.415163) seconds
2026/05/26-10:03:19  ... thread 3: (2000,1115000) ops and (1129.6,7978.1) ops/second in (1.770552,139.757447) seconds
2026/05/26-10:03:19  ... thread 2: (3000,1102000) ops and (1348.0,7874.0) ops/second in (2.225596,139.954971) seconds
2026/05/26-10:03:19  ... thread 0: (2000,1121000) ops and (941.1,7999.9) ops/second in (2.125242,140.127295) seconds
2026/05/26-10:03:20  ... thread 1: (1000,1149000) ops and (842.9,8172.0) ops/second in (1.186405,140.601568) seconds
2026/05/26-10:03:20  ... thread 3: (6000,1121000) ops and (5891.4,7963.0) ops/second in (1.018429,140.775876) seconds
2026/05/26-10:03:20  ... thread 2: (12000,1114000) ops and (11924.8,7902.9) ops/second in (1.006310,140.961281) seconds
2026/05/26-10:03:20  ... thread 0: (18000,1139000) ops and (17877.0,8070.3) ops/second in (1.006878,141.134173) seconds
2026/05/26-10:03:21  ... thread 1: (31000,1180000) ops and (29304.4,8329.8) ops/second in (1.057863,141.659431) seconds
2026/05/26-10:03:21  ... thread 3: (31000,1152000) ops and (30416.7,8124.4) ops/second in (1.019176,141.795052) seconds
2026/05/26-10:03:21  ... thread 2: (34000,1148000) ops and (28747.0,8076.3) ops/second in (1.182733,142.144014) seconds
2026/05/26-10:03:22  ... thread 0: (28000,1167000) ops and (26931.0,8208.3) ops/second in (1.039695,142.173868) seconds
2026/05/26-10:03:22  ... thread 1: (28000,1208000) ops and (20985.8,8447.9) ops/second in (1.334235,142.993666) seconds
2026/05/26-10:03:23  ... thread 2: (16000,1164000) ops and (14285.1,8124.9) ops/second in (1.120046,143.264060) seconds
2026/05/26-10:03:23  ... thread 0: (15000,1182000) ops and (10578.3,8231.7) ops/second in (1.417996,143.591864) seconds
2026/05/26-10:03:24  ... thread 3: (24000,1176000) ops and (9382.9,8146.7) ops/second in (2.557846,144.352898) seconds
2026/05/26-10:03:24  ... thread 1: (3000,1211000) ops and (1872.3,8375.1) ops/second in (1.602313,144.595979) seconds
2026/05/26-10:03:24  ... thread 2: (2000,1166000) ops and (1302.6,8052.5) ops/second in (1.535405,144.799465) seconds
2026/05/26-10:03:24  ... thread 0: (1000,1183000) ops and (780.2,8165.7) ops/second in (1.281758,144.873622) seconds
2026/05/26-10:03:25  ... thread 3: (1000,1177000) ops and (744.2,8078.4) ops/second in (1.343761,145.696659) seconds
2026/05/26-10:03:25  ... thread 1: (2000,1213000) ops and (1644.5,8318.9) ops/second in (1.216177,145.812156) seconds
2026/05/26-10:03:25  ... thread 2: (2000,1168000) ops and (1837.9,8006.2) ops/second in (1.088227,145.887692) seconds
2026/05/26-10:03:25  ... thread 0: (2000,1185000) ops and (1750.3,8115.5) ops/second in (1.142642,146.016264) seconds
2026/05/26-10:03:26  ... thread 3: (1000,1178000) ops and (748.9,8011.9) ops/second in (1.335235,147.031894) seconds
2026/05/26-10:03:26  ... thread 2: (2000,1170000) ops and (1744.1,7957.3) ops/second in (1.146691,147.034383) seconds
2026/05/26-10:03:26  ... thread 0: (2000,1187000) ops and (1944.4,8072.4) ops/second in (1.028578,147.044842) seconds
2026/05/26-10:03:26  ... thread 1: (2000,1215000) ops and (1538.0,8259.0) ops/second in (1.300403,147.112559) seconds
2026/05/26-10:03:27  ... thread 3: (2000,1180000) ops and (1996.1,7971.1) ops/second in (1.001957,148.033851) seconds
2026/05/26-10:03:28  ... thread 1: (1000,1216000) ops and (869.6,8201.7) ops/second in (1.149927,148.262486) seconds
2026/05/26-10:03:28  ... thread 2: (2000,1172000) ops and (1062.5,7870.2) ops/second in (1.882410,148.916793) seconds
2026/05/26-10:03:28  ... thread 0: (3000,1190000) ops and (1507.5,7984.7) ops/second in (1.990077,149.034919) seconds
2026/05/26-10:03:29  ... thread 3: (3000,1183000) ops and (2562.3,7928.7) ops/second in (1.170809,149.204660) seconds
2026/05/26-10:03:29  ... thread 1: (2000,1218000) ops and (1678.5,8149.7) ops/second in (1.191505,149.453991) seconds
2026/05/26-10:03:29  ... thread 2: (2000,1174000) ops and (1626.3,7819.0) ops/second in (1.229791,150.146584) seconds
2026/05/26-10:03:30  ... thread 3: (2000,1185000) ops and (1806.9,7883.6) ops/second in (1.106844,150.311504) seconds
2026/05/26-10:03:30  ... thread 0: (3000,1193000) ops and (1965.1,7923.7) ops/second in (1.526668,150.561587) seconds
2026/05/26-10:03:30  ... thread 1: (2000,1220000) ops and (1494.8,8090.6) ops/second in (1.337994,150.791985) seconds
2026/05/26-10:03:31  ... thread 2: (4000,1178000) ops and (2685.5,7768.6) ops/second in (1.489502,151.636086) seconds
2026/05/26-10:03:31  ... thread 0: (2000,1195000) ops and (1728.8,7876.4) ops/second in (1.156870,151.718457) seconds
2026/05/26-10:03:31  ... thread 1: (2000,1222000) ops and (1916.2,8048.2) ops/second in (1.043754,151.835739) seconds
2026/05/26-10:03:32  ... thread 3: (2000,1187000) ops and (1087.8,7801.5) ops/second in (1.838540,152.150044) seconds
2026/05/26-10:03:32  ... thread 2: (2000,1180000) ops and (1571.7,7717.0) ops/second in (1.272533,152.908619) seconds
2026/05/26-10:03:33  ... thread 3: (1000,1188000) ops and (802.5,7744.7) ops/second in (1.246048,153.396092) seconds
2026/05/26-10:03:33  ... thread 0: (2000,1197000) ops and (1126.5,7798.4) ops/second in (1.775436,153.493893) seconds
2026/05/26-10:03:33  ... thread 1: (4000,1226000) ops and (1842.4,7960.7) ops/second in (2.171111,154.006850) seconds
2026/05/26-10:03:33  ... thread 2: (2000,1182000) ops and (1673.2,7670.1) ops/second in (1.195287,154.103906) seconds
2026/05/26-10:03:34  ... thread 3: (1000,1189000) ops and (856.0,7692.6) ops/second in (1.168256,154.564348) seconds
2026/05/26-10:03:34  ... thread 0: (1000,1198000) ops and (928.1,7750.5) ops/second in (1.077479,154.571372) seconds
2026/05/26-10:03:34  ... thread 1: (19000,1245000) ops and (18719.0,8031.1) ops/second in (1.015012,155.021862) seconds
2026/05/26-10:03:34  ... thread 2: (23000,1205000) ops and (22735.6,7768.4) ops/second in (1.011630,155.115536) seconds
2026/05/26-10:03:35  ... thread 3: (37000,1226000) ops and (36580.2,7880.4) ops/second in (1.011477,155.575825) seconds
2026/05/26-10:03:35  ... thread 0: (33000,1231000) ops and (32738.2,7912.4) ops/second in (1.007998,155.579370) seconds
2026/05/26-10:03:35  ... thread 2: (39000,1244000) ops and (38587.4,7967.9) ops/second in (1.010692,156.126228) seconds
Initializing RocksDB Options from the specified file
Initializing RocksDB Options from command-line flags
Integrated BlobDB: blob cache disabled
Keys:       16 bytes each (+ 0 bytes user-defined timestamp)
Values:     1024 bytes each (512 bytes after compression)
Entries:    1250000
Prefix:    0 bytes
Keys per prefix:    0
RawSize:    1239.8 MB (estimated)
FileSize:   629.4 MB (estimated)
Write rate: 0 bytes/second
Read rate: 0 ops/second
Compression: Snappy
Compression sampling rate: 0
Memtablerep: SkipListFactory
Perf Level: 1
WARNING: Assertions are enabled; benchmarks unnecessarily slow
------------------------------------------------
Initializing RocksDB Options from the specified file
Initializing RocksDB Options from command-line flags
Integrated BlobDB: blob cache disabled
DB path: [/tmp/rocksdb_comp_exp_db]
fillrandom   :     124.720 micros/op 32014 ops/sec 156.177 seconds 5000000 operations;   31.8 MB/s
2026/05/26-10:03:37  ... thread 3: (1000,1000) ops and (925.1,925.1) ops/second in (1.080941,1.080941) seconds
2026/05/26-10:03:37  ... thread 1: (1000,1000) ops and (909.8,909.8) ops/second in (1.099168,1.099168) seconds
2026/05/26-10:03:37  ... thread 0: (1000,1000) ops and (588.8,588.8) ops/second in (1.698458,1.698458) seconds
2026/05/26-10:03:37  ... thread 2: (1000,1000) ops and (586.1,586.1) ops/second in (1.706224,1.706224) seconds
2026/05/26-10:03:38  ... thread 1: (1000,2000) ops and (848.9,878.3) ops/second in (1.177985,2.277153) seconds
2026/05/26-10:03:38  ... thread 3: (1000,2000) ops and (806.5,861.8) ops/second in (1.239874,2.320815) seconds
2026/05/26-10:03:39  ... thread 2: (2000,3000) ops and (1131.1,863.5) ops/second in (1.768179,3.474403) seconds
2026/05/26-10:03:39  ... thread 0: (2000,3000) ops and (1120.0,861.1) ops/second in (1.785649,3.484107) seconds
2026/05/26-10:03:40  ... thread 1: (2000,4000) ops and (1132.7,989.4) ops/second in (1.765768,4.042921) seconds
2026/05/26-10:03:40  ... thread 3: (2000,4000) ops and (1105.3,968.5) ops/second in (1.809399,4.130214) seconds
2026/05/26-10:03:41  ... thread 3: (1000,5000) ops and (826.5,936.3) ops/second in (1.209927,5.340141) seconds
2026/05/26-10:03:41  ... thread 0: (2000,5000) ops and (1054.9,929.4) ops/second in (1.895850,5.379957) seconds
2026/05/26-10:03:41  ... thread 2: (2000,5000) ops and (996.1,912.0) ops/second in (2.007769,5.482172) seconds
2026/05/26-10:03:42  ... thread 1: (2000,6000) ops and (750.7,894.6) ops/second in (2.664125,6.707046) seconds
2026/05/26-10:03:43  ... thread 0: (1000,6000) ops and (581.8,845.2) ops/second in (1.718751,7.098708) seconds
2026/05/26-10:03:43  ... thread 3: (1000,6000) ops and (567.7,844.9) ops/second in (1.761408,7.101549) seconds
2026/05/26-10:03:43  ... thread 2: (1000,6000) ops and (598.5,838.8) ops/second in (1.670880,7.153052) seconds
2026/05/26-10:03:44  ... thread 1: (2000,8000) ops and (1305.9,971.0) ops/second in (1.531527,8.238573) seconds
2026/05/26-10:03:44  ... thread 3: (2000,8000) ops and (1588.8,956.9) ops/second in (1.258810,8.360359) seconds
2026/05/26-10:03:44  ... thread 0: (2000,8000) ops and (1567.4,955.3) ops/second in (1.276000,8.374708) seconds
2026/05/26-10:03:44  ... thread 2: (2000,8000) ops and (1535.9,946.2) ops/second in (1.302160,8.455212) seconds
2026/05/26-10:03:45  ... thread 1: (1000,9000) ops and (894.3,961.9) ops/second in (1.118151,9.356724) seconds
2026/05/26-10:03:45  ... thread 0: (1000,9000) ops and (927.6,952.1) ops/second in (1.078063,9.452771) seconds
2026/05/26-10:03:45  ... thread 3: (1000,9000) ops and (898.7,950.1) ops/second in (1.112663,9.473022) seconds
2026/05/26-10:03:45  ... thread 2: (1000,9000) ops and (940.2,945.5) ops/second in (1.063637,9.518849) seconds
2026/05/26-10:03:47  ... thread 1: (2000,11000) ops and (988.4,966.6) ops/second in (2.023519,11.380243) seconds
2026/05/26-10:03:47  ... thread 0: (2000,11000) ops and (972.1,955.7) ops/second in (2.057486,11.510257) seconds
2026/05/26-10:03:47  ... thread 3: (2000,11000) ops and (967.4,953.2) ops/second in (2.067500,11.540522) seconds
2026/05/26-10:03:47  ... thread 2: (2000,11000) ops and (988.0,952.9) ops/second in (2.024288,11.543137) seconds
2026/05/26-10:03:48  ... thread 1: (1000,12000) ops and (967.0,966.6) ops/second in (1.034100,12.414343) seconds
2026/05/26-10:03:48  ... thread 0: (1000,12000) ops and (933.3,953.8) ops/second in (1.071473,12.581730) seconds
2026/05/26-10:03:48  ... thread 3: (1000,12000) ops and (845.1,943.1) ops/second in (1.183233,12.723755) seconds
2026/05/26-10:03:49  ... thread 2: (1000,12000) ops and (509.7,888.6) ops/second in (1.961852,13.504989) seconds
2026/05/26-10:03:49  ... thread 1: (1000,13000) ops and (682.7,936.7) ops/second in (1.464692,13.879035) seconds
2026/05/26-10:03:50  ... thread 3: (1000,13000) ops and (787.6,929.0) ops/second in (1.269706,13.993461) seconds
2026/05/26-10:03:50  ... thread 0: (1000,13000) ops and (706.4,928.7) ops/second in (1.415635,13.997365) seconds
2026/05/26-10:03:50  ... thread 2: (2000,14000) ops and (1792.1,957.5) ops/second in (1.116023,14.621012) seconds
2026/05/26-10:03:50  ... thread 1: (2000,15000) ops and (1916.6,1005.2) ops/second in (1.043514,14.922549) seconds
2026/05/26-10:03:51  ... thread 3: (2000,15000) ops and (1913.1,997.4) ops/second in (1.045438,15.038899) seconds
2026/05/26-10:03:51  ... thread 0: (3000,16000) ops and (2201.5,1041.7) ops/second in (1.362694,15.360059) seconds
2026/05/26-10:03:51  ... thread 2: (3000,17000) ops and (2459.7,1073.2) ops/second in (1.219657,15.840669) seconds
2026/05/26-10:03:52  ... thread 1: (3000,18000) ops and (2498.0,1116.4) ops/second in (1.200959,16.123508) seconds
2026/05/26-10:03:52  ... thread 3: (3000,18000) ops and (2615.4,1112.1) ops/second in (1.147052,16.185951) seconds
2026/05/26-10:03:52  ... thread 0: (3000,19000) ops and (2695.7,1153.4) ops/second in (1.112867,16.472926) seconds
2026/05/26-10:03:52  ... thread 2: (3000,20000) ops and (2949.0,1186.4) ops/second in (1.017305,16.857974) seconds
2026/05/26-10:03:53  ... thread 1: (4000,22000) ops and (3110.3,1263.7) ops/second in (1.286054,17.409562) seconds
2026/05/26-10:03:53  ... thread 3: (4000,22000) ops and (3217.3,1262.2) ops/second in (1.243294,17.429245) seconds
2026/05/26-10:03:53  ... thread 0: (4000,23000) ops and (3468.9,1304.9) ops/second in (1.153089,17.626015) seconds
2026/05/26-10:03:54  ... thread 2: (4000,24000) ops and (3551.6,1334.5) ops/second in (1.126256,17.984230) seconds
2026/05/26-10:03:54  ... thread 3: (5000,27000) ops and (4538.4,1457.0) ops/second in (1.101702,18.530947) seconds
2026/05/26-10:03:54  ... thread 1: (5000,27000) ops and (4057.9,1448.4) ops/second in (1.232176,18.641738) seconds
2026/05/26-10:03:54  ... thread 0: (5000,28000) ops and (4427.3,1492.9) ops/second in (1.129365,18.755380) seconds
2026/05/26-10:03:55  ... thread 2: (5000,29000) ops and (4837.8,1524.9) ops/second in (1.033518,19.017748) seconds
2026/05/26-10:03:55  ... thread 3: (6000,33000) ops and (5355.0,1679.3) ops/second in (1.120456,19.651403) seconds
2026/05/26-10:03:55  ... thread 1: (6000,33000) ops and (5678.7,1675.3) ops/second in (1.056579,19.698317) seconds
2026/05/26-10:03:55  ... thread 0: (6000,34000) ops and (5896.8,1719.5) ops/second in (1.017506,19.772886) seconds
2026/05/26-10:03:56  ... thread 2: (7000,36000) ops and (6160.7,1786.2) ops/second in (1.136226,20.153974) seconds
2026/05/26-10:03:56  ... thread 3: (8000,41000) ops and (7484.5,1978.7) ops/second in (1.068875,20.720278) seconds
2026/05/26-10:03:56  ... thread 1: (8000,41000) ops and (7445.3,1973.7) ops/second in (1.074506,20.772823) seconds
2026/05/26-10:03:56  ... thread 0: (8000,42000) ops and (7247.1,2011.8) ops/second in (1.103892,20.876778) seconds
2026/05/26-10:03:57  ... thread 2: (9000,45000) ops and (8398.9,2120.1) ops/second in (1.071574,21.225548) seconds
2026/05/26-10:03:57  ... thread 3: (10000,51000) ops and (9426.1,2341.5) ops/second in (1.060885,21.781163) seconds
2026/05/26-10:03:57  ... thread 1: (11000,52000) ops and (10240.6,2380.2) ops/second in (1.074157,21.846980) seconds
2026/05/26-10:03:57  ... thread 0: (11000,53000) ops and (10680.8,2419.4) ops/second in (1.029884,21.906662) seconds
2026/05/26-10:03:58  ... thread 2: (12000,57000) ops and (11588.7,2560.5) ops/second in (1.035488,22.261036) seconds
2026/05/26-10:03:58  ... thread 3: (14000,65000) ops and (13572.9,2849.3) ops/second in (1.031465,22.812628) seconds
2026/05/26-10:03:58  ... thread 1: (14000,66000) ops and (13972.1,2888.5) ops/second in (1.001999,22.848979) seconds
2026/05/26-10:03:58  ... thread 0: (14000,67000) ops and (13576.2,2920.9) ops/second in (1.031218,22.937880) seconds
2026/05/26-10:03:59  ... thread 2: (15000,72000) ops and (14917.2,3094.6) ops/second in (1.005553,23.266589) seconds
2026/05/26-10:03:59  ... thread 3: (18000,83000) ops and (17638.9,3482.6) ops/second in (1.020469,23.833097) seconds
2026/05/26-10:03:59  ... thread 1: (19000,85000) ops and (18124.0,3556.9) ops/second in (1.048334,23.897313) seconds
2026/05/26-10:03:59  ... thread 0: (19000,86000) ops and (18429.4,3588.0) ops/second in (1.030962,23.968842) seconds
2026/05/26-10:04:00  ... thread 2: (21000,93000) ops and (20696.3,3830.1) ops/second in (1.014676,24.281265) seconds
DB path: [/tmp/rocksdb_comp_exp_db]
readrandom   :     245.940 micros/op 16248 ops/sec 24.617 seconds 400000 operations;   15.8 MB/s (98222 of 100000 found)

STATISTICS:
rocksdb.block.cache.miss COUNT : 4677346
rocksdb.block.cache.hit COUNT : 50396
rocksdb.block.cache.add COUNT : 735623
rocksdb.block.cache.add.failures COUNT : 0
rocksdb.block.cache.index.miss COUNT : 0
rocksdb.block.cache.index.hit COUNT : 0
rocksdb.block.cache.index.add COUNT : 0
rocksdb.block.cache.index.bytes.insert COUNT : 0
rocksdb.block.cache.filter.miss COUNT : 0
rocksdb.block.cache.filter.hit COUNT : 0
rocksdb.block.cache.filter.add COUNT : 0
rocksdb.block.cache.filter.bytes.insert COUNT : 0
rocksdb.block.cache.data.miss COUNT : 4677346
rocksdb.block.cache.data.hit COUNT : 50396
rocksdb.block.cache.data.add COUNT : 735623
rocksdb.block.cache.data.bytes.insert COUNT : 3166085072
rocksdb.block.cache.bytes.read COUNT : 216902320
rocksdb.block.cache.bytes.write COUNT : 3166085072
rocksdb.block.cache.compression.dict.miss COUNT : 0
rocksdb.block.cache.compression.dict.hit COUNT : 0
rocksdb.block.cache.compression.dict.add COUNT : 0
rocksdb.block.cache.compression.dict.bytes.insert COUNT : 0
rocksdb.block.cache.add.redundant COUNT : 9
rocksdb.block.cache.index.add.redundant COUNT : 0
rocksdb.block.cache.filter.add.redundant COUNT : 0
rocksdb.block.cache.data.add.redundant COUNT : 9
rocksdb.block.cache.compression.dict.add.redundant COUNT : 0
rocksdb.secondary.cache.hits COUNT : 0
rocksdb.secondary.cache.filter.hits COUNT : 0
rocksdb.secondary.cache.index.hits COUNT : 0
rocksdb.secondary.cache.data.hits COUNT : 0
rocksdb.compressed.secondary.cache.dummy.hits COUNT : 0
rocksdb.compressed.secondary.cache.hits COUNT : 0
rocksdb.compressed.secondary.cache.promotions COUNT : 0
rocksdb.compressed.secondary.cache.promotion.skips COUNT : 0
rocksdb.bloom.filter.useful COUNT : 0
rocksdb.bloom.filter.full.positive COUNT : 0
rocksdb.bloom.filter.full.true.positive COUNT : 0
rocksdb.bloom.filter.prefix.checked COUNT : 0
rocksdb.bloom.filter.prefix.useful COUNT : 0
rocksdb.bloom.filter.prefix.true.positive COUNT : 0
rocksdb.persistent.cache.hit COUNT : 0
rocksdb.persistent.cache.miss COUNT : 0
rocksdb.sim.block.cache.hit COUNT : 0
rocksdb.sim.block.cache.miss COUNT : 0
rocksdb.memtable.hit COUNT : 7608
rocksdb.memtable.miss COUNT : 392392
rocksdb.l0.hit COUNT : 7999
rocksdb.l1.hit COUNT : 119002
rocksdb.l2andup.hit COUNT : 258022
rocksdb.compaction.key.drop.new COUNT : 3257084
rocksdb.compaction.key.drop.obsolete COUNT : 0
rocksdb.compaction.key.drop.range_del COUNT : 0
rocksdb.compaction.key.drop.user COUNT : 0
rocksdb.compaction.range_del.drop.obsolete COUNT : 0
rocksdb.compaction.optimized.del.drop.obsolete COUNT : 0
rocksdb.compaction.cancelled COUNT : 0
rocksdb.compaction.aborted COUNT : 0
rocksdb.number.keys.written COUNT : 5000000
rocksdb.number.keys.read COUNT : 400000
rocksdb.number.keys.updated COUNT : 0
rocksdb.bytes.written COUNT : 5278694424
rocksdb.bytes.read COUNT : 402054144
rocksdb.number.db.seek COUNT : 0
rocksdb.number.db.next COUNT : 0
rocksdb.number.db.prev COUNT : 0
rocksdb.number.db.seek.found COUNT : 0
rocksdb.number.db.next.found COUNT : 0
rocksdb.number.db.prev.found COUNT : 0
rocksdb.db.iter.bytes.read COUNT : 0
rocksdb.number.iter.skip COUNT : 0
rocksdb.number.reseeks.iteration COUNT : 0
rocksdb.num.iterator.created COUNT : 0
rocksdb.num.iterator.deleted COUNT : 0
rocksdb.no.file.opens COUNT : 219
rocksdb.no.file.errors COUNT : 0
rocksdb.stall.micros COUNT : 115350479
rocksdb.db.mutex.wait.micros COUNT : 0
rocksdb.number.multiget.get COUNT : 0
rocksdb.number.multiget.keys.read COUNT : 0
rocksdb.number.multiget.bytes.read COUNT : 0
rocksdb.number.multiget.keys.found COUNT : 0
rocksdb.number.merge.failures COUNT : 0
rocksdb.getupdatessince.calls COUNT : 0
rocksdb.wal.synced COUNT : 0
rocksdb.wal.bytes COUNT : 5278694424
rocksdb.write.self COUNT : 4891202
rocksdb.write.other COUNT : 108798
rocksdb.write.wal COUNT : 5000000
rocksdb.compact.read.bytes COUNT : 9626194473
rocksdb.compact.write.bytes COUNT : 7656643045
rocksdb.flush.write.bytes COUNT : 2969934401
rocksdb.compact.read.marked.bytes COUNT : 0
rocksdb.compact.read.periodic.bytes COUNT : 0
rocksdb.compact.read.ttl.bytes COUNT : 0
rocksdb.compact.write.marked.bytes COUNT : 0
rocksdb.compact.write.periodic.bytes COUNT : 0
rocksdb.compact.write.ttl.bytes COUNT : 0
rocksdb.number.direct.load.table.properties COUNT : 0
rocksdb.number.superversion_acquires COUNT : 28
rocksdb.number.superversion_releases COUNT : 24
rocksdb.number.superversion_cleanups COUNT : 6
rocksdb.number.block.compressed COUNT : 4348201
rocksdb.number.block.decompressed COUNT : 4677558
rocksdb.bytes.compressed.from COUNT : 18326446018
rocksdb.bytes.compressed.to COUNT : 10604549991
rocksdb.bytes.compression_bypassed COUNT : 0
rocksdb.bytes.compression.rejected COUNT : 98
rocksdb.number.block_compression_bypassed COUNT : 0
rocksdb.number.block_compression_rejected COUNT : 7
rocksdb.bytes.decompressed.from COUNT : 11405486718
rocksdb.bytes.decompressed.to COUNT : 19708174822
rocksdb.merge.operation.time.nanos COUNT : 0
rocksdb.filter.operation.time.nanos COUNT : 0
rocksdb.compaction.total.time.cpu_micros COUNT : 51308349
rocksdb.row.cache.hit COUNT : 0
rocksdb.row.cache.miss COUNT : 0
rocksdb.read.amp.estimate.useful.bytes COUNT : 0
rocksdb.read.amp.total.read.bytes COUNT : 0
rocksdb.number.rate_limiter.drains COUNT : 0
rocksdb.blobdb.num.put COUNT : 0
rocksdb.blobdb.num.write COUNT : 0
rocksdb.blobdb.num.get COUNT : 0
rocksdb.blobdb.num.multiget COUNT : 0
rocksdb.blobdb.num.seek COUNT : 0
rocksdb.blobdb.num.next COUNT : 0
rocksdb.blobdb.num.prev COUNT : 0
rocksdb.blobdb.num.keys.written COUNT : 0
rocksdb.blobdb.num.keys.read COUNT : 0
rocksdb.blobdb.bytes.written COUNT : 0
rocksdb.blobdb.bytes.read COUNT : 0
rocksdb.blobdb.write.inlined COUNT : 0
rocksdb.blobdb.write.inlined.ttl COUNT : 0
rocksdb.blobdb.write.blob COUNT : 0
rocksdb.blobdb.write.blob.ttl COUNT : 0
rocksdb.blobdb.blob.file.bytes.written COUNT : 0
rocksdb.blobdb.blob.file.bytes.read COUNT : 0
rocksdb.blobdb.blob.file.synced COUNT : 0
rocksdb.blobdb.blob.index.expired.count COUNT : 0
rocksdb.blobdb.blob.index.expired.size COUNT : 0
rocksdb.blobdb.blob.index.evicted.count COUNT : 0
rocksdb.blobdb.blob.index.evicted.size COUNT : 0
rocksdb.blobdb.gc.num.files COUNT : 0
rocksdb.blobdb.gc.num.new.files COUNT : 0
rocksdb.blobdb.gc.failures COUNT : 0
rocksdb.blobdb.gc.num.keys.relocated COUNT : 0
rocksdb.blobdb.gc.bytes.relocated COUNT : 0
rocksdb.blobdb.fifo.num.files.evicted COUNT : 0
rocksdb.blobdb.fifo.num.keys.evicted COUNT : 0
rocksdb.blobdb.fifo.bytes.evicted COUNT : 0
rocksdb.blobdb.cache.miss COUNT : 0
rocksdb.blobdb.cache.hit COUNT : 0
rocksdb.blobdb.cache.add COUNT : 0
rocksdb.blobdb.cache.add.failures COUNT : 0
rocksdb.blobdb.cache.bytes.read COUNT : 0
rocksdb.blobdb.cache.bytes.write COUNT : 0
rocksdb.txn.overhead.mutex.prepare COUNT : 0
rocksdb.txn.overhead.mutex.old.commit.map COUNT : 0
rocksdb.txn.overhead.duplicate.key COUNT : 0
rocksdb.txn.overhead.mutex.snapshot COUNT : 0
rocksdb.txn.get.tryagain COUNT : 0
rocksdb.files.marked.trash COUNT : 0
rocksdb.files.marked.trash.deleted COUNT : 0
rocksdb.files.deleted.immediately COUNT : 274
rocksdb.error.handler.bg.error.count COUNT : 0
rocksdb.error.handler.bg.io.error.count COUNT : 0
rocksdb.error.handler.bg.retryable.io.error.count COUNT : 0
rocksdb.error.handler.autoresume.count COUNT : 0
rocksdb.error.handler.autoresume.retry.total.count COUNT : 0
rocksdb.error.handler.autoresume.success.count COUNT : 0
rocksdb.memtable.payload.bytes.at.flush COUNT : 5214687656
rocksdb.memtable.garbage.bytes.at.flush COUNT : 128083416
rocksdb.verify_checksum.read.bytes COUNT : 0
rocksdb.backup.read.bytes COUNT : 0
rocksdb.backup.write.bytes COUNT : 0
rocksdb.remote.compact.read.bytes COUNT : 0
rocksdb.remote.compact.write.bytes COUNT : 0
rocksdb.remote.compact.resumed.bytes COUNT : 0
rocksdb.hot.file.read.bytes COUNT : 0
rocksdb.warm.file.read.bytes COUNT : 0
rocksdb.cool.file.read.bytes COUNT : 0
rocksdb.cold.file.read.bytes COUNT : 0
rocksdb.ice.file.read.bytes COUNT : 0
rocksdb.hot.file.read.count COUNT : 0
rocksdb.warm.file.read.count COUNT : 0
rocksdb.cool.file.read.count COUNT : 0
rocksdb.cold.file.read.count COUNT : 0
rocksdb.ice.file.read.count COUNT : 0
rocksdb.last.level.read.bytes COUNT : 0
rocksdb.last.level.read.count COUNT : 0
rocksdb.non.last.level.read.bytes COUNT : 11429149518
rocksdb.non.last.level.read.count COUNT : 4678222
rocksdb.last.level.seek.filtered COUNT : 0
rocksdb.last.level.seek.filter.match COUNT : 0
rocksdb.last.level.seek.data COUNT : 0
rocksdb.last.level.seek.data.useful.no.filter COUNT : 0
rocksdb.last.level.seek.data.useful.filter.match COUNT : 0
rocksdb.non.last.level.seek.filtered COUNT : 0
rocksdb.non.last.level.seek.filter.match COUNT : 0
rocksdb.non.last.level.seek.data COUNT : 0
rocksdb.non.last.level.seek.data.useful.no.filter COUNT : 0
rocksdb.non.last.level.seek.data.useful.filter.match COUNT : 0
rocksdb.block.checksum.compute.count COUNT : 4677784
rocksdb.block.checksum.mismatch.count COUNT : 0
rocksdb.multiget.coroutine.count COUNT : 0
rocksdb.read.async.micros COUNT : 0
rocksdb.async.read.error.count COUNT : 0
rocksdb.table.open.prefetch.tail.miss COUNT : 0
rocksdb.table.open.prefetch.tail.hit COUNT : 0
rocksdb.timestamp.filter.table.checked COUNT : 0
rocksdb.timestamp.filter.table.filtered COUNT : 0
rocksdb.readahead.trimmed COUNT : 0
rocksdb.fifo.max.size.compactions COUNT : 0
rocksdb.fifo.ttl.compactions COUNT : 0
rocksdb.fifo.change_temperature.compactions COUNT : 0
rocksdb.prefetch.bytes COUNT : 0
rocksdb.prefetch.bytes.useful COUNT : 0
rocksdb.prefetch.hits COUNT : 0
rocksdb.footer.corruption.count COUNT : 0
rocksdb.file.read.corruption.retry.count COUNT : 0
rocksdb.file.read.corruption.retry.success.count COUNT : 0
rocksdb.number.wbwi.ingest COUNT : 0
rocksdb.sst.user.defined.index.load.fail.count COUNT : 0
rocksdb.multiscan.prepare.calls COUNT : 0
rocksdb.multiscan.prepare.errors COUNT : 0
rocksdb.multiscan.blocks.prefetched COUNT : 0
rocksdb.multiscan.blocks.from.cache COUNT : 0
rocksdb.multiscan.prefetch.bytes COUNT : 0
rocksdb.multiscan.prefetch.blocks.wasted COUNT : 0
rocksdb.multiscan.io.requests COUNT : 0
rocksdb.multiscan.io.coalesced.nonadjacent COUNT : 0
rocksdb.multiscan.seek.errors COUNT : 0
rocksdb.prefetch.memory.bytes.granted COUNT : 0
rocksdb.prefetch.memory.bytes.released COUNT : 0
rocksdb.prefetch.memory.requests.blocked COUNT : 0
rocksdb.read.path.range.tombstones.inserted COUNT : 0
rocksdb.read.path.range.tombstones.discarded COUNT : 0
rocksdb.file.open.metadata.retrieved COUNT : 0
rocksdb.file.open.metadata.passed COUNT : 0
rocksdb.manifest.validation.failure.count COUNT : 0
rocksdb.db.get.micros P50 : 17.965267 P95 : 1285.016654 P99 : 2359.907031 P100 : 455529.000000 COUNT : 400000 SUM : 98175893
rocksdb.db.write.micros P50 : 5.383963 P95 : 65.274468 P99 : 1910.636541 P100 : 800083.000000 COUNT : 5000000 SUM : 619821608
rocksdb.compaction.times.micros P50 : 4212500.000000 P95 : 8699806.000000 P99 : 8699806.000000 P100 : 8699806.000000 COUNT : 39 SUM : 156194658
rocksdb.compaction.times.cpu_micros P50 : 1143333.333333 P95 : 2805000.000000 P99 : 2944951.000000 P100 : 2944951.000000 COUNT : 39 SUM : 51308349
rocksdb.subcompaction.setup.times.micros P50 : 0.000000 P95 : 0.000000 P99 : 0.000000 P100 : 0.000000 COUNT : 0 SUM : 0
rocksdb.table.sync.micros P50 : 344545.454545 P95 : 1067959.000000 P99 : 1067959.000000 P100 : 1067959.000000 COUNT : 80 SUM : 38620615
rocksdb.compaction.outfile.sync.micros P50 : 567500.000000 P95 : 1031214.285714 P99 : 1166242.857143 P100 : 1182002.000000 COUNT : 139 SUM : 73545625
rocksdb.wal.file.sync.micros P50 : 0.000000 P95 : 0.000000 P99 : 0.000000 P100 : 0.000000 COUNT : 0 SUM : 0
rocksdb.manifest.file.sync.micros P50 : 5639.080460 P95 : 15700.000000 P99 : 16408.000000 P100 : 16408.000000 COUNT : 126 SUM : 794896
rocksdb.table.open.io.micros P50 : 679.932432 P95 : 4610.000000 P99 : 6362.000000 P100 : 8565.000000 COUNT : 219 SUM : 221395
rocksdb.db.multiget.micros P50 : 0.000000 P95 : 0.000000 P99 : 0.000000 P100 : 0.000000 COUNT : 0 SUM : 0
rocksdb.read.block.compaction.micros P50 : 3.104239 P95 : 5.717719 P99 : 9.850657 P100 : 322284.000000 COUNT : 3941723 SUM : 44132637
rocksdb.read.block.get.micros P50 : 5.721129 P95 : 945.796398 P99 : 1715.396362 P100 : 363540.000000 COUNT : 735842 SUM : 94286418
rocksdb.write.raw.block.micros P50 : 0.524627 P95 : 0.996792 P99 : 2.011319 P100 : 14533.000000 COUNT : 4348646 SUM : 10250927
rocksdb.numfiles.in.singlecompaction P50 : 2.833333 P95 : 9.706667 P99 : 11.000000 P100 : 11.000000 COUNT : 42 SUM : 202
rocksdb.db.seek.micros P50 : 0.000000 P95 : 0.000000 P99 : 0.000000 P100 : 0.000000 COUNT : 0 SUM : 0
rocksdb.db.write.stall P50 : 1119.920732 P95 : 2533.370567 P99 : 2838.588849 P100 : 797050.000000 COUNT : 81974 SUM : 115350479
rocksdb.sst.read.micros P50 : 0.713752 P95 : 2.420454 P99 : 708.112539 P100 : 363528.000000 COUNT : 4678222 SUM : 124048128
rocksdb.file.read.flush.micros P50 : 3.888889 P95 : 67.304348 P99 : 108.640000 P100 : 1877.000000 COUNT : 320 SUM : 9650
rocksdb.file.read.compaction.micros P50 : 0.635463 P95 : 1.927569 P99 : 5.519063 P100 : 322251.000000 COUNT : 3942279 SUM : 33900009
rocksdb.file.read.db.open.micros P50 : 0.000000 P95 : 0.000000 P99 : 0.000000 P100 : 0.000000 COUNT : 0 SUM : 0
rocksdb.file.read.get.micros P50 : 0.000000 P95 : 0.000000 P99 : 0.000000 P100 : 0.000000 COUNT : 0 SUM : 0
rocksdb.file.read.multiget.micros P50 : 0.000000 P95 : 0.000000 P99 : 0.000000 P100 : 0.000000 COUNT : 0 SUM : 0
rocksdb.file.read.db.iterator.micros P50 : 0.000000 P95 : 0.000000 P99 : 0.000000 P100 : 0.000000 COUNT : 0 SUM : 0
rocksdb.file.read.verify.db.checksum.micros P50 : 0.000000 P95 : 0.000000 P99 : 0.000000 P100 : 0.000000 COUNT : 0 SUM : 0
rocksdb.file.read.verify.file.checksums.micros P50 : 0.000000 P95 : 0.000000 P99 : 0.000000 P100 : 0.000000 COUNT : 0 SUM : 0
rocksdb.sst.write.micros P50 : 0.501556 P95 : 0.952957 P99 : 0.993082 P100 : 14532.000000 COUNT : 8697511 SUM : 8285337
rocksdb.file.write.flush.micros P50 : 0.501417 P95 : 0.952693 P99 : 0.992807 P100 : 8053.000000 COUNT : 2427430 SUM : 2662269
rocksdb.file.write.compaction.micros P50 : 0.501593 P95 : 0.953026 P99 : 0.993154 P100 : 14532.000000 COUNT : 6270081 SUM : 5623068
rocksdb.file.write.db.open.micros P50 : 0.000000 P95 : 0.000000 P99 : 0.000000 P100 : 0.000000 COUNT : 0 SUM : 0
rocksdb.num.subcompactions.scheduled P50 : 0.000000 P95 : 0.000000 P99 : 0.000000 P100 : 0.000000 COUNT : 0 SUM : 0
rocksdb.bytes.per.read P50 : 1024.000000 P95 : 1024.000000 P99 : 1024.000000 P100 : 1024.000000 COUNT : 400000 SUM : 402054144
rocksdb.bytes.per.write P50 : 1087.632438 P95 : 1283.501633 P99 : 2302.535930 P100 : 4188.000000 COUNT : 4891202 SUM : 5278694424
rocksdb.bytes.per.multiget P50 : 0.000000 P95 : 0.000000 P99 : 0.000000 P100 : 0.000000 COUNT : 0 SUM : 0
rocksdb.compression.times.nanos P50 : 0.000000 P95 : 0.000000 P99 : 0.000000 P100 : 0.000000 COUNT : 0 SUM : 0
rocksdb.decompression.times.nanos P50 : 0.000000 P95 : 0.000000 P99 : 0.000000 P100 : 0.000000 COUNT : 0 SUM : 0
rocksdb.read.num.merge_operands P50 : 0.000000 P95 : 0.000000 P99 : 0.000000 P100 : 0.000000 COUNT : 0 SUM : 0
rocksdb.blobdb.key.size P50 : 0.000000 P95 : 0.000000 P99 : 0.000000 P100 : 0.000000 COUNT : 0 SUM : 0
rocksdb.blobdb.value.size P50 : 0.000000 P95 : 0.000000 P99 : 0.000000 P100 : 0.000000 COUNT : 0 SUM : 0
rocksdb.blobdb.write.micros P50 : 0.000000 P95 : 0.000000 P99 : 0.000000 P100 : 0.000000 COUNT : 0 SUM : 0
rocksdb.blobdb.get.micros P50 : 0.000000 P95 : 0.000000 P99 : 0.000000 P100 : 0.000000 COUNT : 0 SUM : 0
rocksdb.blobdb.multiget.micros P50 : 0.000000 P95 : 0.000000 P99 : 0.000000 P100 : 0.000000 COUNT : 0 SUM : 0
rocksdb.blobdb.seek.micros P50 : 0.000000 P95 : 0.000000 P99 : 0.000000 P100 : 0.000000 COUNT : 0 SUM : 0
rocksdb.blobdb.next.micros P50 : 0.000000 P95 : 0.000000 P99 : 0.000000 P100 : 0.000000 COUNT : 0 SUM : 0
rocksdb.blobdb.prev.micros P50 : 0.000000 P95 : 0.000000 P99 : 0.000000 P100 : 0.000000 COUNT : 0 SUM : 0
rocksdb.blobdb.blob.file.write.micros P50 : 0.000000 P95 : 0.000000 P99 : 0.000000 P100 : 0.000000 COUNT : 0 SUM : 0
rocksdb.blobdb.blob.file.read.micros P50 : 0.000000 P95 : 0.000000 P99 : 0.000000 P100 : 0.000000 COUNT : 0 SUM : 0
rocksdb.blobdb.blob.file.sync.micros P50 : 0.000000 P95 : 0.000000 P99 : 0.000000 P100 : 0.000000 COUNT : 0 SUM : 0
rocksdb.blobdb.compression.micros P50 : 0.000000 P95 : 0.000000 P99 : 0.000000 P100 : 0.000000 COUNT : 0 SUM : 0
rocksdb.blobdb.decompression.micros P50 : 0.000000 P95 : 0.000000 P99 : 0.000000 P100 : 0.000000 COUNT : 0 SUM : 0
rocksdb.db.flush.micros P50 : 548888.888889 P95 : 1164210.526316 P99 : 1243841.000000 P100 : 1243841.000000 COUNT : 80 SUM : 52901423
rocksdb.sst.batch.size P50 : 0.000000 P95 : 0.000000 P99 : 0.000000 P100 : 0.000000 COUNT : 0 SUM : 0
rocksdb.multiget.io.batch.size P50 : 0.000000 P95 : 0.000000 P99 : 0.000000 P100 : 0.000000 COUNT : 0 SUM : 0
rocksdb.num.index.and.filter.blocks.read.per.level P50 : 0.000000 P95 : 0.000000 P99 : 0.000000 P100 : 0.000000 COUNT : 0 SUM : 0
rocksdb.num.sst.read.per.level P50 : 0.000000 P95 : 0.000000 P99 : 0.000000 P100 : 0.000000 COUNT : 0 SUM : 0
rocksdb.num.level.read.per.multiget P50 : 0.000000 P95 : 0.000000 P99 : 0.000000 P100 : 0.000000 COUNT : 0 SUM : 0
rocksdb.error.handler.autoresume.retry.count P50 : 0.000000 P95 : 0.000000 P99 : 0.000000 P100 : 0.000000 COUNT : 0 SUM : 0
rocksdb.async.read.bytes P50 : 0.000000 P95 : 0.000000 P99 : 0.000000 P100 : 0.000000 COUNT : 0 SUM : 0
rocksdb.poll.wait.micros P50 : 0.000000 P95 : 0.000000 P99 : 0.000000 P100 : 0.000000 COUNT : 0 SUM : 0
rocksdb.compaction.prefetch.bytes P50 : 0.000000 P95 : 0.000000 P99 : 0.000000 P100 : 0.000000 COUNT : 0 SUM : 0
rocksdb.prefetched.bytes.discarded P50 : 0.000000 P95 : 0.000000 P99 : 0.000000 P100 : 0.000000 COUNT : 0 SUM : 0
rocksdb.async.prefetch.abort.micros P50 : 0.000000 P95 : 0.000000 P99 : 0.000000 P100 : 0.000000 COUNT : 0 SUM : 0
rocksdb.table.open.prefetch.tail.read.bytes P50 : 0.000000 P95 : 0.000000 P99 : 0.000000 P100 : 0.000000 COUNT : 0 SUM : 0
rocksdb.num.op.per.transaction P50 : 0.000000 P95 : 0.000000 P99 : 0.000000 P100 : 0.000000 COUNT : 0 SUM : 0
rocksdb.multiscan.op.prepare.iterators.micros P50 : 0.000000 P95 : 0.000000 P99 : 0.000000 P100 : 0.000000 COUNT : 0 SUM : 0
rocksdb.multiscan.prepare.micros P50 : 0.000000 P95 : 0.000000 P99 : 0.000000 P100 : 0.000000 COUNT : 0 SUM : 0
rocksdb.multiscan.blocks.per.prepare P50 : 0.000000 P95 : 0.000000 P99 : 0.000000 P100 : 0.000000 COUNT : 0 SUM : 0
rocksdb.block.key.distribution.cv P50 : 0.000000 P95 : 0.000000 P99 : 0.000000 P100 : 0.000000 COUNT : 0 SUM : 0

[EXPERIMENT_COMPLETED]
