RocksDB:    version 11.3.0
Date:       Tue May 26 10:56:21 2026
CPU:        2 * Intel Xeon Processor (SapphireRapids)
CPUCache:   16384 KB
2026/05/26-10:56:22  ... thread 3: (33000,33000) ops and (32918.6,32918.6) ops/second in (1.002473,1.002473) seconds
2026/05/26-10:56:22  ... thread 1: (34000,34000) ops and (33890.8,33890.8) ops/second in (1.003222,1.003222) seconds
2026/05/26-10:56:22  ... thread 0: (34000,34000) ops and (33867.2,33867.2) ops/second in (1.003922,1.003922) seconds
2026/05/26-10:56:22  ... thread 2: (38000,38000) ops and (37271.8,37271.8) ops/second in (1.019537,1.019537) seconds
2026/05/26-10:56:23  ... thread 1: (31000,65000) ops and (30981.9,32438.3) ops/second in (1.000585,2.003807) seconds
2026/05/26-10:56:23  ... thread 3: (30000,63000) ops and (29721.2,31314.4) ops/second in (1.009382,2.011855) seconds
2026/05/26-10:56:23  ... thread 0: (29000,63000) ops and (28378.5,31098.5) ops/second in (1.021901,2.025823) seconds
2026/05/26-10:56:23  ... thread 2: (32000,70000) ops and (31687.7,34493.1) ops/second in (1.009855,2.029392) seconds
2026/05/26-10:56:25  ... thread 0: (30000,93000) ops and (18376.9,25421.6) ops/second in (1.632482,3.658305) seconds
2026/05/26-10:56:25  ... thread 1: (28000,93000) ops and (16841.3,25365.6) ops/second in (1.662575,3.666382) seconds
2026/05/26-10:56:25  ... thread 2: (26000,96000) ops and (15842.6,26154.2) ops/second in (1.641146,3.670538) seconds
2026/05/26-10:56:25  ... thread 3: (30000,93000) ops and (17520.5,24972.2) ops/second in (1.712284,3.724139) seconds
2026/05/26-10:56:26  ... thread 1: (17000,110000) ops and (14081.9,22570.6) ops/second in (1.207223,4.873605) seconds
2026/05/26-10:56:26  ... thread 0: (17000,110000) ops and (13972.1,22564.0) ops/second in (1.216710,4.875015) seconds
2026/05/26-10:56:26  ... thread 2: (15000,111000) ops and (12454.6,22769.7) ops/second in (1.204370,4.874908) seconds
2026/05/26-10:56:26  ... thread 3: (15000,108000) ops and (12814.8,22064.9) ops/second in (1.170520,4.894659) seconds
2026/05/26-10:56:27  ... thread 2: (31000,142000) ops and (29702.6,23992.2) ops/second in (1.043680,5.918588) seconds
2026/05/26-10:56:27  ... thread 1: (32000,142000) ops and (30553.5,23982.6) ops/second in (1.047343,5.920948) seconds
2026/05/26-10:56:27  ... thread 3: (28000,136000) ops and (27082.6,22939.9) ops/second in (1.033874,5.928533) seconds
2026/05/26-10:56:27  ... thread 0: (32000,142000) ops and (30262.6,23936.2) ops/second in (1.057412,5.932427) seconds
2026/05/26-10:56:28  ... thread 0: (29000,171000) ops and (19147.5,22962.3) ops/second in (1.514559,7.446986) seconds
2026/05/26-10:56:28  ... thread 2: (33000,175000) ops and (21491.2,23477.0) ops/second in (1.535509,7.454097) seconds
2026/05/26-10:56:28  ... thread 1: (30000,172000) ops and (19462.3,23048.9) ops/second in (1.541439,7.462387) seconds
2026/05/26-10:56:28  ... thread 3: (32000,168000) ops and (20840.0,22507.9) ops/second in (1.535508,7.464041) seconds
2026/05/26-10:56:30  ... thread 0: (16000,187000) ops and (13369.4,21634.1) ops/second in (1.196761,8.643747) seconds
2026/05/26-10:56:30  ... thread 1: (13000,185000) ops and (10961.5,21391.3) ops/second in (1.185973,8.648360) seconds
2026/05/26-10:56:30  ... thread 2: (17000,192000) ops and (14112.2,22174.2) ops/second in (1.204629,8.658726) seconds
2026/05/26-10:56:30  ... thread 3: (17000,185000) ops and (14128.4,21344.6) ops/second in (1.203253,8.667294) seconds
2026/05/26-10:56:31  ... thread 2: (15000,207000) ops and (12359.2,20967.6) ops/second in (1.213670,9.872396) seconds
2026/05/26-10:56:31  ... thread 0: (15000,202000) ops and (12187.0,20456.6) ops/second in (1.230815,9.874562) seconds
2026/05/26-10:56:31  ... thread 1: (15000,200000) ops and (12158.6,20238.7) ops/second in (1.233696,9.882056) seconds
2026/05/26-10:56:31  ... thread 3: (17000,202000) ops and (13935.0,20430.4) ops/second in (1.219947,9.887241) seconds
2026/05/26-10:56:32  ... thread 2: (18000,225000) ops and (17655.2,20657.5) ops/second in (1.019527,10.891923) seconds
2026/05/26-10:56:32  ... thread 1: (16000,216000) ops and (15763.4,19821.9) ops/second in (1.015008,10.897064) seconds
2026/05/26-10:56:32  ... thread 3: (15000,217000) ops and (14552.7,19875.5) ops/second in (1.030737,10.917978) seconds
2026/05/26-10:56:32  ... thread 0: (16000,218000) ops and (15242.7,19955.6) ops/second in (1.049685,10.924247) seconds
2026/05/26-10:56:33  ... thread 0: (28000,246000) ops and (17160.1,19592.3) ops/second in (1.631693,12.555940) seconds
2026/05/26-10:56:33  ... thread 3: (31000,248000) ops and (18751.2,19727.6) ops/second in (1.653230,12.571208) seconds
2026/05/26-10:56:34  ... thread 2: (33000,258000) ops and (19548.1,20508.6) ops/second in (1.688145,12.580068) seconds
2026/05/26-10:56:34  ... thread 1: (29000,245000) ops and (17117.1,19457.9) ops/second in (1.694212,12.591276) seconds
2026/05/26-10:56:35  ... thread 2: (30000,288000) ops and (19534.4,20402.6) ops/second in (1.535755,14.115823) seconds
2026/05/26-10:56:35  ... thread 1: (30000,275000) ops and (19677.5,19481.6) ops/second in (1.524585,14.115861) seconds
2026/05/26-10:56:35  ... thread 3: (30000,278000) ops and (19340.1,19685.1) ops/second in (1.551184,14.122392) seconds
2026/05/26-10:56:35  ... thread 0: (35000,281000) ops and (21906.4,19853.5) ops/second in (1.597705,14.153645) seconds
2026/05/26-10:56:36  ... thread 3: (17000,295000) ops and (14189.5,19255.3) ops/second in (1.198070,15.320462) seconds
2026/05/26-10:56:36  ... thread 0: (16000,297000) ops and (13690.4,19383.5) ops/second in (1.168703,15.322348) seconds
2026/05/26-10:56:36  ... thread 1: (14000,289000) ops and (11495.8,18847.4) ops/second in (1.217836,15.333697) seconds
2026/05/26-10:56:36  ... thread 2: (15000,303000) ops and (12069.8,19728.4) ops/second in (1.242771,15.358594) seconds
2026/05/26-10:56:38  ... thread 3: (17000,312000) ops and (13316.7,18798.5) ops/second in (1.276589,16.597051) seconds
2026/05/26-10:56:38  ... thread 1: (16000,305000) ops and (12505.2,18358.9) ops/second in (1.279470,16.613167) seconds
2026/05/26-10:56:38  ... thread 2: (15000,318000) ops and (11760.5,19117.4) ops/second in (1.275454,16.634048) seconds
2026/05/26-10:56:38  ... thread 0: (15000,312000) ops and (11430.5,18756.1) ops/second in (1.312279,16.634627) seconds
2026/05/26-10:56:39  ... thread 2: (14000,332000) ops and (11659.7,18615.3) ops/second in (1.200721,17.834769) seconds
2026/05/26-10:56:39  ... thread 0: (14000,326000) ops and (11635.4,18275.7) ops/second in (1.203223,17.837850) seconds
2026/05/26-10:56:39  ... thread 3: (15000,327000) ops and (11987.1,18321.0) ops/second in (1.251346,17.848397) seconds
2026/05/26-10:56:39  ... thread 1: (18000,323000) ops and (14293.8,18072.5) ops/second in (1.259291,17.872458) seconds
2026/05/26-10:56:40  ... thread 0: (25000,351000) ops and (24872.7,18627.6) ops/second in (1.005119,18.842969) seconds
2026/05/26-10:56:40  ... thread 3: (22000,349000) ops and (21970.6,18514.8) ops/second in (1.001339,18.849736) seconds
2026/05/26-10:56:40  ... thread 2: (21000,353000) ops and (20417.3,18713.6) ops/second in (1.028539,18.863308) seconds
2026/05/26-10:56:40  ... thread 1: (21000,344000) ops and (20798.1,18218.3) ops/second in (1.009706,18.882164) seconds
2026/05/26-10:56:41  ... thread 0: (25000,376000) ops and (17345.0,18536.5) ops/second in (1.441340,20.284309) seconds
2026/05/26-10:56:41  ... thread 2: (25000,378000) ops and (17435.7,18623.3) ops/second in (1.433837,20.297145) seconds
2026/05/26-10:56:41  ... thread 1: (24000,368000) ops and (16889.2,18125.2) ops/second in (1.421024,20.303188) seconds
2026/05/26-10:56:41  ... thread 3: (24000,373000) ops and (16479.7,18368.9) ops/second in (1.456340,20.306076) seconds
2026/05/26-10:56:42  ... thread 0: (30000,406000) ops and (29895.9,19072.0) ops/second in (1.003483,21.287792) seconds
2026/05/26-10:56:42  ... thread 2: (27000,405000) ops and (26811.4,19010.4) ops/second in (1.007036,21.304181) seconds
2026/05/26-10:56:42  ... thread 1: (26000,394000) ops and (25654.9,18483.2) ops/second in (1.013452,21.316640) seconds
2026/05/26-10:56:42  ... thread 3: (27000,400000) ops and (26170.2,18746.1) ops/second in (1.031709,21.337785) seconds
2026/05/26-10:56:43  ... thread 0: (13000,419000) ops and (12814.4,18787.3) ops/second in (1.014484,22.302276) seconds
2026/05/26-10:56:43  ... thread 2: (13000,418000) ops and (12767.9,18725.6) ops/second in (1.018180,22.322361) seconds
2026/05/26-10:56:43  ... thread 1: (13000,407000) ops and (12667.2,18216.1) ops/second in (1.026276,22.342916) seconds
2026/05/26-10:56:43  ... thread 3: (14000,414000) ops and (13675.6,18514.0) ops/second in (1.023719,22.361504) seconds
2026/05/26-10:56:44  ... thread 0: (24000,443000) ops and (23607.2,18997.5) ops/second in (1.016640,23.318916) seconds
2026/05/26-10:56:44  ... thread 2: (23000,441000) ops and (22287.6,18883.0) ops/second in (1.031963,23.354324) seconds
2026/05/26-10:56:44  ... thread 1: (23000,430000) ops and (22501.2,18403.5) ops/second in (1.022167,23.365083) seconds
2026/05/26-10:56:44  ... thread 3: (22000,436000) ops and (21542.3,18646.2) ops/second in (1.021247,23.382751) seconds
2026/05/26-10:56:45  ... thread 0: (15000,458000) ops and (14633.5,18813.7) ops/second in (1.025045,24.343961) seconds
2026/05/26-10:56:45  ... thread 1: (16000,446000) ops and (15793.0,18295.0) ops/second in (1.013107,24.378190) seconds
2026/05/26-10:56:45  ... thread 2: (16000,457000) ops and (15573.4,18743.6) ops/second in (1.027390,24.381714) seconds
2026/05/26-10:56:45  ... thread 3: (15000,451000) ops and (14909.7,18492.1) ops/second in (1.006056,24.388807) seconds
2026/05/26-10:56:46  ... thread 0: (28000,486000) ops and (27603.1,19165.3) ops/second in (1.014377,25.358338) seconds
2026/05/26-10:56:46  ... thread 2: (28000,485000) ops and (27836.5,19103.8) ops/second in (1.005875,25.387589) seconds
2026/05/26-10:56:46  ... thread 1: (29000,475000) ops and (28422.1,18701.9) ops/second in (1.020333,25.398523) seconds
2026/05/26-10:56:46  ... thread 3: (27000,478000) ops and (26603.0,18816.1) ops/second in (1.014922,25.403729) seconds
2026/05/26-10:56:47  ... thread 0: (32000,518000) ops and (31786.2,19647.2) ops/second in (1.006726,26.365064) seconds
2026/05/26-10:56:47  ... thread 2: (31000,516000) ops and (30552.9,19543.8) ops/second in (1.014634,26.402223) seconds
2026/05/26-10:56:47  ... thread 3: (31000,509000) ops and (30441.5,19264.2) ops/second in (1.018347,26.422076) seconds
2026/05/26-10:56:47  ... thread 1: (30000,505000) ops and (29297.4,19112.5) ops/second in (1.023983,26.422506) seconds
2026/05/26-10:56:48  ... thread 0: (18000,536000) ops and (17935.9,19584.5) ops/second in (1.003575,27.368639) seconds
2026/05/26-10:56:48  ... thread 3: (17000,526000) ops and (16244.7,19149.2) ops/second in (1.046497,27.468573) seconds
2026/05/26-10:56:49  ... thread 2: (19000,535000) ops and (15153.1,19344.7) ops/second in (1.253865,27.656088) seconds
2026/05/26-10:56:49  ... thread 0: (2000,538000) ops and (1846.4,18909.1) ops/second in (1.083204,28.451843) seconds
2026/05/26-10:56:50  ... thread 2: (3000,538000) ops and (2964.7,18766.6) ops/second in (1.011909,28.667997) seconds
2026/05/26-10:56:50  ... thread 1: (18000,523000) ops and (8010.3,18242.3) ops/second in (2.247093,28.669599) seconds
2026/05/26-10:56:50  ... thread 3: (2000,528000) ops and (1249.2,18163.3) ops/second in (1.600963,29.069536) seconds
2026/05/26-10:56:50  ... thread 0: (1000,539000) ops and (994.1,18297.4) ops/second in (1.005971,29.457814) seconds
2026/05/26-10:56:51  ... thread 2: (4000,542000) ops and (3533.1,18187.8) ops/second in (1.132156,29.800153) seconds
2026/05/26-10:56:51  ... thread 1: (2000,525000) ops and (1406.6,17446.8) ops/second in (1.421908,30.091507) seconds
2026/05/26-10:56:51  ... thread 3: (1000,529000) ops and (665.4,17303.2) ops/second in (1.502791,30.572327) seconds
2026/05/26-10:56:52  ... thread 0: (2000,541000) ops and (1376.2,17501.8) ops/second in (1.453316,30.911130) seconds
2026/05/26-10:56:52  ... thread 2: (2000,544000) ops and (1505.5,17475.9) ops/second in (1.328480,31.128633) seconds
2026/05/26-10:56:53  ... thread 1: (3000,528000) ops and (1864.8,16656.0) ops/second in (1.608740,31.700247) seconds
2026/05/26-10:56:53  ... thread 0: (2000,543000) ops and (1591.6,16880.3) ops/second in (1.256626,32.167756) seconds
2026/05/26-10:56:53  ... thread 3: (3000,532000) ops and (1771.2,16487.9) ops/second in (1.693754,32.266081) seconds
2026/05/26-10:56:53  ... thread 2: (2000,546000) ops and (1716.8,16907.4) ops/second in (1.164967,32.293600) seconds
2026/05/26-10:56:54  ... thread 1: (2000,530000) ops and (1721.2,16127.9) ops/second in (1.161962,32.862209) seconds
2026/05/26-10:56:54  ... thread 2: (2000,548000) ops and (1916.4,16438.1) ops/second in (1.043604,33.337204) seconds
2026/05/26-10:56:55  ... thread 0: (2000,545000) ops and (1345.7,16194.2) ops/second in (1.486222,33.653978) seconds
2026/05/26-10:56:55  ... thread 3: (2000,534000) ops and (1432.4,15863.4) ops/second in (1.396292,33.662373) seconds
2026/05/26-10:56:55  ... thread 1: (9000,539000) ops and (8957.3,15915.2) ops/second in (1.004766,33.866975) seconds
2026/05/26-10:56:55  ... thread 2: (22000,570000) ops and (20186.3,16556.7) ops/second in (1.089848,34.427052) seconds
2026/05/26-10:56:56  ... thread 0: (27000,572000) ops and (26636.8,16499.5) ops/second in (1.013636,34.667614) seconds
2026/05/26-10:56:56  ... thread 3: (27000,561000) ops and (26672.5,16179.0) ops/second in (1.012277,34.674650) seconds
2026/05/26-10:56:56  ... thread 1: (27000,566000) ops and (23447.1,16162.9) ops/second in (1.151530,35.018505) seconds
2026/05/26-10:56:56  ... thread 2: (33000,603000) ops and (32504.1,17013.6) ops/second in (1.015256,35.442308) seconds
2026/05/26-10:56:57  ... thread 3: (24000,585000) ops and (23737.4,16393.1) ops/second in (1.011064,35.685714) seconds
2026/05/26-10:56:57  ... thread 0: (28000,600000) ops and (27193.7,16808.0) ops/second in (1.029651,35.697265) seconds
2026/05/26-10:56:58  ... thread 1: (30000,596000) ops and (18266.1,16257.1) ops/second in (1.642384,36.660889) seconds
2026/05/26-10:56:58  ... thread 2: (15000,618000) ops and (12213.4,16852.8) ops/second in (1.228157,36.670465) seconds
2026/05/26-10:56:58  ... thread 3: (16000,601000) ops and (15739.1,16375.0) ops/second in (1.016579,36.702293) seconds
2026/05/26-10:56:58  ... thread 0: (17000,617000) ops and (16321.4,16794.2) ops/second in (1.041576,36.738841) seconds
2026/05/26-10:56:59  ... thread 0: (32000,649000) ops and (31992.3,17197.0) ops/second in (1.000242,37.739083) seconds
2026/05/26-10:56:59  ... thread 1: (30000,626000) ops and (27610.0,16583.9) ops/second in (1.086561,37.747450) seconds
2026/05/26-10:56:59  ... thread 2: (29000,647000) ops and (26886.6,17139.5) ops/second in (1.078605,37.749070) seconds
2026/05/26-10:56:59  ... thread 3: (30000,631000) ops and (28205.9,16708.2) ops/second in (1.063606,37.765899) seconds
2026/05/26-10:57:00  ... thread 0: (18000,667000) ops and (17024.3,17192.3) ops/second in (1.057310,38.796393) seconds
2026/05/26-10:57:00  ... thread 2: (16000,663000) ops and (14363.4,17059.9) ops/second in (1.113942,38.863012) seconds
2026/05/26-10:57:00  ... thread 1: (17000,643000) ops and (13517.6,16485.0) ops/second in (1.257618,39.005068) seconds
2026/05/26-10:57:00  ... thread 3: (14000,645000) ops and (9306.0,16424.6) ops/second in (1.504401,39.270300) seconds
2026/05/26-10:57:01  ... thread 2: (2000,665000) ops and (1828.6,16643.0) ops/second in (1.093709,39.956721) seconds
2026/05/26-10:57:01  ... thread 0: (3000,670000) ops and (1772.7,16547.8) ops/second in (1.692297,40.488690) seconds
2026/05/26-10:57:01  ... thread 3: (1000,646000) ops and (768.5,15922.5) ops/second in (1.301161,40.571461) seconds
2026/05/26-10:57:02  ... thread 1: (2000,645000) ops and (1141.4,15825.4) ops/second in (1.752202,40.757270) seconds
2026/05/26-10:57:02  ... thread 2: (4000,669000) ops and (2514.4,16102.0) ops/second in (1.590868,41.547589) seconds
2026/05/26-10:57:03  ... thread 0: (3000,673000) ops and (2163.9,16071.6) ops/second in (1.386379,41.875069) seconds
2026/05/26-10:57:03  ... thread 3: (2000,648000) ops and (1175.4,15329.0) ops/second in (1.701482,42.272943) seconds
2026/05/26-10:57:03  ... thread 1: (2000,647000) ops and (1184.9,15243.2) ops/second in (1.687870,42.445140) seconds
2026/05/26-10:57:04  ... thread 0: (2000,675000) ops and (1596.1,15651.0) ops/second in (1.253066,43.128135) seconds
2026/05/26-10:57:04  ... thread 2: (2000,671000) ops and (1139.2,15495.4) ops/second in (1.755683,43.303272) seconds
2026/05/26-10:57:04  ... thread 3: (3000,651000) ops and (2872.8,15028.7) ops/second in (1.044263,43.317206) seconds
2026/05/26-10:57:05  ... thread 1: (2000,649000) ops and (1657.7,14867.7) ops/second in (1.206460,43.651600) seconds
2026/05/26-10:57:05  ... thread 0: (2000,677000) ops and (1714.0,15283.9) ops/second in (1.166876,44.295011) seconds
2026/05/26-10:57:05  ... thread 2: (2000,673000) ops and (1810.5,15154.9) ops/second in (1.104669,44.407941) seconds
2026/05/26-10:57:06  ... thread 1: (1000,650000) ops and (822.0,14486.9) ops/second in (1.216593,44.868193) seconds
2026/05/26-10:57:06  ... thread 3: (3000,654000) ops and (1693.3,14504.7) ops/second in (1.771710,45.088916) seconds
2026/05/26-10:57:06  ... thread 2: (2000,675000) ops and (1869.1,14842.3) ops/second in (1.070044,45.477985) seconds
2026/05/26-10:57:07  ... thread 0: (3000,680000) ops and (1985.2,14845.2) ops/second in (1.511193,45.806204) seconds
2026/05/26-10:57:07  ... thread 3: (2000,656000) ops and (1823.0,14203.4) ops/second in (1.097113,46.186029) seconds
2026/05/26-10:57:07  ... thread 1: (2000,652000) ops and (1425.3,14090.8) ops/second in (1.403245,46.271438) seconds
2026/05/26-10:57:08  ... thread 3: (2000,658000) ops and (1605.2,13872.5) ops/second in (1.245976,47.432005) seconds
2026/05/26-10:57:08  ... thread 2: (2000,677000) ops and (971.2,14241.4) ops/second in (2.059368,47.537353) seconds
2026/05/26-10:57:09  ... thread 0: (2000,682000) ops and (1051.3,14295.1) ops/second in (1.902476,47.708680) seconds
2026/05/26-10:57:09  ... thread 1: (4000,656000) ops and (2752.3,13745.5) ops/second in (1.453316,47.724754) seconds
2026/05/26-10:57:10  ... thread 0: (1000,683000) ops and (918.3,13996.6) ops/second in (1.088941,48.797621) seconds
2026/05/26-10:57:10  ... thread 2: (3000,680000) ops and (1845.1,13831.5) ops/second in (1.625911,49.163264) seconds
2026/05/26-10:57:10  ... thread 1: (2000,658000) ops and (1319.1,13362.9) ops/second in (1.516206,49.240960) seconds
2026/05/26-10:57:10  ... thread 3: (2000,660000) ops and (1033.9,13369.4) ops/second in (1.934429,49.366434) seconds
2026/05/26-10:57:12  ... thread 3: (1000,661000) ops and (807.8,13062.1) ops/second in (1.237999,50.604433) seconds
2026/05/26-10:57:12  ... thread 1: (2000,660000) ops and (1287.3,12993.5) ops/second in (1.553656,50.794616) seconds
2026/05/26-10:57:12  ... thread 2: (2000,682000) ops and (1163.6,13403.5) ops/second in (1.718853,50.882117) seconds
2026/05/26-10:57:12  ... thread 0: (2000,685000) ops and (772.9,13330.6) ops/second in (2.587823,51.385444) seconds
2026/05/26-10:57:13  ... thread 1: (1000,661000) ops and (686.4,12650.3) ops/second in (1.456960,52.251576) seconds
2026/05/26-10:57:13  ... thread 3: (3000,664000) ops and (1758.2,12693.4) ops/second in (1.706306,52.310739) seconds
2026/05/26-10:57:14  ... thread 2: (2000,684000) ops and (1157.5,13001.3) ops/second in (1.727824,52.609941) seconds
2026/05/26-10:57:14  ... thread 0: (1000,686000) ops and (674.5,12975.7) ops/second in (1.482475,52.867919) seconds
2026/05/26-10:57:15  ... thread 0: (1000,687000) ops and (976.2,12747.6) ops/second in (1.024405,53.892324) seconds
2026/05/26-10:57:15  ... thread 1: (2000,663000) ops and (1123.6,12270.6) ops/second in (1.780029,54.031605) seconds
2026/05/26-10:57:15  ... thread 3: (1000,665000) ops and (560.8,12293.4) ops/second in (1.783172,54.093911) seconds
2026/05/26-10:57:15  ... thread 2: (2000,686000) ops and (1025.9,12573.4) ops/second in (1.949546,54.559487) seconds
2026/05/26-10:57:16  ... thread 3: (1000,666000) ops and (920.6,12069.6) ops/second in (1.086254,55.180165) seconds
2026/05/26-10:57:17  ... thread 0: (2000,689000) ops and (1138.7,12381.2) ops/second in (1.756391,55.648715) seconds
2026/05/26-10:57:17  ... thread 1: (2000,665000) ops and (1086.7,11902.2) ops/second in (1.840367,55.871972) seconds
2026/05/26-10:57:17  ... thread 2: (1000,687000) ops and (672.3,12257.6) ops/second in (1.487533,56.047020) seconds
2026/05/26-10:57:17  ... thread 3: (2000,668000) ops and (1915.7,11881.0) ops/second in (1.044025,56.224190) seconds
2026/05/26-10:57:18  ... thread 1: (2000,667000) ops and (1582.3,11673.9) ops/second in (1.263994,57.135966) seconds
2026/05/26-10:57:18  ... thread 0: (1000,690000) ops and (587.3,12031.1) ops/second in (1.702595,57.351310) seconds
2026/05/26-10:57:19  ... thread 3: (2000,670000) ops and (1374.4,11615.9) ops/second in (1.455223,57.679413) seconds
2026/05/26-10:57:19  ... thread 2: (1000,688000) ops and (533.1,11877.9) ops/second in (1.875836,57.922856) seconds
2026/05/26-10:57:19  ... thread 1: (1000,668000) ops and (928.4,11475.1) ops/second in (1.077170,58.213136) seconds
2026/05/26-10:57:19  ... thread 0: (2000,692000) ops and (1646.1,11815.7) ops/second in (1.214970,58.566280) seconds
2026/05/26-10:57:20  ... thread 3: (4000,674000) ops and (3951.4,11483.7) ops/second in (1.012299,58.691712) seconds
2026/05/26-10:57:20  ... thread 2: (14000,702000) ops and (13764.6,11910.4) ops/second in (1.017099,58.939955) seconds
2026/05/26-10:57:20  ... thread 1: (23000,691000) ops and (19617.0,11635.8) ops/second in (1.172455,59.385591) seconds
2026/05/26-10:57:21  ... thread 0: (25000,717000) ops and (24571.3,12033.5) ops/second in (1.017449,59.583729) seconds
2026/05/26-10:57:21  ... thread 3: (28000,702000) ops and (27690.3,11758.2) ops/second in (1.011183,59.702895) seconds
2026/05/26-10:57:21  ... thread 2: (23000,725000) ops and (21696.4,12083.3) ops/second in (1.060084,60.000039) seconds
2026/05/26-10:57:21  ... thread 1: (30000,721000) ops and (29662.7,11937.7) ops/second in (1.011371,60.396962) seconds
2026/05/26-10:57:22  ... thread 3: (21000,723000) ops and (15964.9,11848.9) ops/second in (1.315389,61.018284) seconds
2026/05/26-10:57:22  ... thread 0: (23000,740000) ops and (15949.9,12126.0) ops/second in (1.442011,61.025740) seconds
2026/05/26-10:57:22  ... thread 2: (16000,741000) ops and (15205.0,12137.1) ops/second in (1.052287,61.052326) seconds
2026/05/26-10:57:22  ... thread 1: (16000,737000) ops and (15699.0,12000.1) ops/second in (1.019174,61.416136) seconds
2026/05/26-10:57:23  ... thread 3: (26000,749000) ops and (25908.7,12076.4) ops/second in (1.003523,62.021807) seconds
2026/05/26-10:57:23  ... thread 0: (29000,769000) ops and (28679.9,12395.8) ops/second in (1.011160,62.036900) seconds
2026/05/26-10:57:23  ... thread 2: (23000,764000) ops and (22511.7,12307.9) ops/second in (1.021693,62.074019) seconds
2026/05/26-10:57:23  ... thread 1: (24000,761000) ops and (23605.5,12189.1) ops/second in (1.016714,62.432850) seconds
2026/05/26-10:57:24  ... thread 3: (20000,769000) ops and (15973.7,12153.5) ops/second in (1.252056,63.273863) seconds
2026/05/26-10:57:24  ... thread 0: (21000,790000) ops and (16780.1,12482.5) ops/second in (1.251482,63.288382) seconds
2026/05/26-10:57:24  ... thread 2: (22000,786000) ops and (18037.4,12418.3) ops/second in (1.219690,63.293709) seconds
2026/05/26-10:57:24  ... thread 1: (14000,775000) ops and (13842.7,12215.5) ops/second in (1.011366,63.444216) seconds
2026/05/26-10:57:25  ... thread 2: (29000,815000) ops and (26735.1,12659.5) ops/second in (1.084717,64.378426) seconds
2026/05/26-10:57:25  ... thread 3: (34000,803000) ops and (30675.3,12472.4) ops/second in (1.108385,64.382248) seconds
2026/05/26-10:57:25  ... thread 0: (28000,818000) ops and (25512.7,12704.7) ops/second in (1.097492,64.385874) seconds
2026/05/26-10:57:25  ... thread 1: (29000,804000) ops and (27853.1,12467.9) ops/second in (1.041176,64.485392) seconds
2026/05/26-10:57:26  ... thread 0: (30000,848000) ops and (29685.2,12967.1) ops/second in (1.010603,65.396477) seconds
2026/05/26-10:57:26  ... thread 3: (32000,835000) ops and (31354.7,12767.0) ops/second in (1.020580,65.402828) seconds
2026/05/26-10:57:26  ... thread 2: (33000,848000) ops and (31307.8,12959.9) ops/second in (1.054052,65.432478) seconds
2026/05/26-10:57:26  ... thread 1: (30000,834000) ops and (29791.5,12734.3) ops/second in (1.007000,65.492392) seconds
2026/05/26-10:57:28  ... thread 1: (13000,847000) ops and (12011.3,12722.5) ops/second in (1.082313,66.574705) seconds
2026/05/26-10:57:28  ... thread 2: (17000,865000) ops and (14140.9,12981.2) ops/second in (1.202190,66.634668) seconds
2026/05/26-10:57:28  ... thread 3: (14000,849000) ops and (7618.2,12626.3) ops/second in (1.837702,67.240530) seconds
2026/05/26-10:57:29  ... thread 2: (2000,867000) ops and (1823.7,12800.6) ops/second in (1.096669,67.731337) seconds
2026/05/26-10:57:29  ... thread 1: (2000,849000) ops and (1404.3,12485.5) ops/second in (1.424170,67.998875) seconds
2026/05/26-10:57:30  ... thread 0: (16000,864000) ops and (4980.7,12593.1) ops/second in (3.212399,68.608876) seconds
2026/05/26-10:57:30  ... thread 3: (1000,850000) ops and (715.5,12383.8) ops/second in (1.397673,68.638203) seconds
2026/05/26-10:57:30  ... thread 1: (2000,851000) ops and (1369.7,12251.8) ops/second in (1.460185,69.459060) seconds
2026/05/26-10:57:31  ... thread 3: (1000,851000) ops and (907.4,12202.4) ops/second in (1.102071,69.740274) seconds
2026/05/26-10:57:31  ... thread 0: (2000,866000) ops and (1712.2,12411.0) ops/second in (1.168072,69.776948) seconds
2026/05/26-10:57:31  ... thread 2: (1000,868000) ops and (402.7,12362.1) ops/second in (2.483040,70.214377) seconds
2026/05/26-10:57:32  ... thread 1: (1000,852000) ops and (668.9,12007.8) ops/second in (1.494975,70.954035) seconds
2026/05/26-10:57:32  ... thread 2: (1000,869000) ops and (908.3,12185.3) ops/second in (1.100952,71.315329) seconds
2026/05/26-10:57:32  ... thread 3: (2000,853000) ops and (1220.8,11950.4) ops/second in (1.638305,71.378579) seconds
2026/05/26-10:57:32  ... thread 0: (1000,867000) ops and (574.3,12122.8) ops/second in (1.741400,71.518348) seconds
2026/05/26-10:57:33  ... thread 1: (1000,853000) ops and (881.1,11832.6) ops/second in (1.134959,72.088994) seconds
2026/05/26-10:57:33  ... thread 3: (1000,854000) ops and (839.8,11768.1) ops/second in (1.190740,72.569319) seconds
2026/05/26-10:57:34  ... thread 1: (1000,854000) ops and (903.5,11667.3) ops/second in (1.106866,73.195860) seconds
2026/05/26-10:57:34  ... thread 2: (2000,871000) ops and (889.6,11840.1) ops/second in (2.248127,73.563456) seconds
2026/05/26-10:57:35  ... thread 3: (2000,856000) ops and (1665.5,11603.6) ops/second in (1.200873,73.770192) seconds
2026/05/26-10:57:35  ... thread 0: (2000,869000) ops and (673.7,11666.5) ops/second in (2.968749,74.487097) seconds
2026/05/26-10:57:36  ... thread 1: (2000,856000) ops and (1176.7,11429.3) ops/second in (1.699626,74.895486) seconds
2026/05/26-10:57:36  ... thread 2: (1000,872000) ops and (693.6,11625.9) ops/second in (1.441770,75.005226) seconds
2026/05/26-10:57:36  ... thread 3: (2000,858000) ops and (1156.3,11364.3) ops/second in (1.729676,75.499868) seconds
2026/05/26-10:57:36  ... thread 0: (1000,870000) ops and (977.2,11521.6) ops/second in (1.023318,75.510415) seconds
2026/05/26-10:57:37  ... thread 1: (1000,857000) ops and (682.8,11223.1) ops/second in (1.464608,76.360094) seconds
2026/05/26-10:57:38  ... thread 0: (1000,871000) ops and (896.2,11366.9) ops/second in (1.115850,76.626265) seconds
2026/05/26-10:57:38  ... thread 2: (2000,874000) ops and (796.6,11275.1) ops/second in (2.510625,77.515851) seconds
2026/05/26-10:57:39  ... thread 1: (1000,858000) ops and (775.9,11049.7) ops/second in (1.288743,77.648837) seconds
2026/05/26-10:57:39  ... thread 3: (2000,860000) ops and (867.9,11053.4) ops/second in (2.304301,77.804169) seconds
2026/05/26-10:57:39  ... thread 0: (2000,873000) ops and (1250.9,11160.1) ops/second in (1.598882,78.225147) seconds
2026/05/26-10:57:40  ... thread 3: (2000,862000) ops and (1432.0,10883.7) ops/second in (1.396619,79.200788) seconds
2026/05/26-10:57:40  ... thread 1: (2000,860000) ops and (1118.2,10826.1) ops/second in (1.788639,79.437476) seconds
2026/05/26-10:57:41  ... thread 2: (1000,875000) ops and (481.8,10993.7) ops/second in (2.075393,79.591244) seconds
2026/05/26-10:57:41  ... thread 0: (1000,874000) ops and (562.6,10924.6) ops/second in (1.777520,80.002667) seconds
2026/05/26-10:57:42  ... thread 1: (1000,861000) ops and (681.4,10642.1) ops/second in (1.467484,80.904960) seconds
2026/05/26-10:57:42  ... thread 2: (2000,877000) ops and (1516.8,10839.2) ops/second in (1.318560,80.909804) seconds
2026/05/26-10:57:42  ... thread 3: (2000,864000) ops and (1163.1,10677.2) ops/second in (1.719576,80.920364) seconds
2026/05/26-10:57:42  ... thread 0: (4000,878000) ops and (3432.3,10817.1) ops/second in (1.165384,81.168051) seconds
2026/05/26-10:57:43  ... thread 2: (30000,907000) ops and (29985.8,11073.1) ops/second in (1.000474,81.910278) seconds
2026/05/26-10:57:43  ... thread 1: (27000,888000) ops and (26803.3,10840.9) ops/second in (1.007339,81.912299) seconds
2026/05/26-10:57:43  ... thread 3: (27000,891000) ops and (26638.6,10874.6) ops/second in (1.013568,81.933932) seconds
2026/05/26-10:57:43  ... thread 0: (29000,907000) ops and (26016.4,11023.0) ops/second in (1.114681,82.282732) seconds
2026/05/26-10:57:44  ... thread 1: (26000,914000) ops and (25715.1,11022.2) ops/second in (1.011081,82.923380) seconds
2026/05/26-10:57:44  ... thread 2: (25000,932000) ops and (23836.2,11234.5) ops/second in (1.048827,82.959105) seconds
2026/05/26-10:57:44  ... thread 3: (23000,914000) ops and (22388.0,11017.2) ops/second in (1.027338,82.961270) seconds
2026/05/26-10:57:44  ... thread 0: (30000,937000) ops and (27629.4,11239.3) ops/second in (1.085801,83.368533) seconds
2026/05/26-10:57:45  ... thread 2: (27000,959000) ops and (20259.5,11377.1) ops/second in (1.332708,84.291813) seconds
2026/05/26-10:57:45  ... thread 1: (29000,943000) ops and (21020.3,11185.8) ops/second in (1.379618,84.302998) seconds
2026/05/26-10:57:45  ... thread 3: (29000,943000) ops and (21072.0,11181.3) ops/second in (1.376236,84.337506) seconds
2026/05/26-10:57:45  ... thread 0: (19000,956000) ops and (18277.5,11325.9) ops/second in (1.039528,84.408061) seconds
2026/05/26-10:57:46  ... thread 2: (27000,986000) ops and (26864.3,11559.6) ops/second in (1.005050,85.296863) seconds
2026/05/26-10:57:46  ... thread 1: (29000,972000) ops and (28763.4,11393.6) ops/second in (1.008226,85.311224) seconds
2026/05/26-10:57:46  ... thread 3: (28000,971000) ops and (27722.4,11377.0) ops/second in (1.010014,85.347520) seconds
2026/05/26-10:57:46  ... thread 0: (26000,982000) ops and (22406.8,11476.2) ops/second in (1.160362,85.568423) seconds
2026/05/26-10:57:47  ... thread 2: (20000,1006000) ops and (16714.2,11630.9) ops/second in (1.196586,86.493449) seconds
2026/05/26-10:57:48  ... thread 1: (19000,991000) ops and (14197.0,11436.9) ops/second in (1.338308,86.649532) seconds
2026/05/26-10:57:48  ... thread 3: (18000,989000) ops and (10924.6,11368.4) ops/second in (1.647662,86.995182) seconds
2026/05/26-10:57:49  ... thread 0: (18000,1000000) ops and (8483.8,11403.8) ops/second in (2.121693,87.690116) seconds
2026/05/26-10:57:49  ... thread 1: (2000,993000) ops and (1860.0,11319.5) ops/second in (1.075256,87.724788) seconds
2026/05/26-10:57:49  ... thread 2: (1000,1007000) ops and (640.2,11436.0) ops/second in (1.562110,88.055559) seconds
2026/05/26-10:57:50  ... thread 1: (1000,994000) ops and (945.0,11195.8) ops/second in (1.058188,88.782976) seconds
2026/05/26-10:57:50  ... thread 3: (2000,991000) ops and (919.9,11113.7) ops/second in (2.174242,89.169424) seconds
2026/05/26-10:57:50  ... thread 0: (3000,1003000) ops and (1874.6,11233.0) ops/second in (1.600330,89.290446) seconds
2026/05/26-10:57:51  ... thread 2: (1000,1008000) ops and (525.1,11205.0) ops/second in (1.904531,89.960090) seconds
2026/05/26-10:57:52  ... thread 3: (2000,993000) ops and (1257.1,10940.9) ops/second in (1.591012,90.760436) seconds
2026/05/26-10:57:52  ... thread 1: (2000,996000) ops and (988.7,10968.5) ops/second in (2.022883,90.805859) seconds
2026/05/26-10:57:52  ... thread 0: (1000,1004000) ops and (535.0,11013.7) ops/second in (1.869010,91.159456) seconds
2026/05/26-10:57:52  ... thread 2: (2000,1010000) ops and (1536.6,11067.1) ops/second in (1.301614,91.261704) seconds
2026/05/26-10:57:53  ... thread 3: (1000,994000) ops and (851.8,10812.1) ops/second in (1.173997,91.934433) seconds
2026/05/26-10:57:53  ... thread 2: (1000,1011000) ops and (858.9,10938.5) ops/second in (1.164267,92.425971) seconds
2026/05/26-10:57:54  ... thread 0: (1000,1005000) ops and (691.4,10852.5) ops/second in (1.446344,92.605800) seconds
2026/05/26-10:57:54  ... thread 3: (2000,996000) ops and (1440.0,10672.6) ops/second in (1.388874,93.323307) seconds
2026/05/26-10:57:54  ... thread 2: (1000,1012000) ops and (917.6,10821.7) ops/second in (1.089761,93.515732) seconds
2026/05/26-10:57:54  ... thread 1: (3000,999000) ops and (1091.6,10678.3) ops/second in (2.748327,93.554186) seconds
2026/05/26-10:57:55  ... thread 0: (2000,1007000) ops and (1841.1,10748.0) ops/second in (1.086311,93.692111) seconds
2026/05/26-10:57:56  ... thread 1: (2000,1001000) ops and (1283.5,10524.4) ops/second in (1.558296,95.112482) seconds
2026/05/26-10:57:56  ... thread 3: (1000,997000) ops and (518.0,10466.8) ops/second in (1.930513,95.253820) seconds
2026/05/26-10:57:56  ... thread 0: (2000,1009000) ops and (1232.6,10586.0) ops/second in (1.622521,95.314632) seconds
2026/05/26-10:57:57  ... thread 2: (2000,1014000) ops and (889.6,10588.5) ops/second in (2.248110,95.763842) seconds
2026/05/26-10:57:57  ... thread 3: (2000,999000) ops and (1802.3,10367.0) ops/second in (1.109697,96.363517) seconds
2026/05/26-10:57:58  ... thread 1: (1000,1002000) ops and (670.2,10372.2) ops/second in (1.491999,96.604481) seconds
2026/05/26-10:57:58  ... thread 0: (1000,1010000) ops and (675.7,10434.5) ops/second in (1.479847,96.794479) seconds
2026/05/26-10:57:58  ... thread 2: (1000,1015000) ops and (884.9,10475.4) ops/second in (1.130110,96.893952) seconds
2026/05/26-10:57:59  ... thread 1: (1000,1003000) ops and (982.0,10274.2) ops/second in (1.018301,97.622782) seconds
2026/05/26-10:57:59  ... thread 2: (2000,1017000) ops and (1767.0,10374.8) ops/second in (1.131835,98.025787) seconds
2026/05/26-10:57:59  ... thread 0: (1000,1011000) ops and (801.3,10311.9) ops/second in (1.248012,98.042491) seconds
2026/05/26-10:57:59  ... thread 3: (2000,1001000) ops and (1045.2,10185.5) ops/second in (1.913455,98.276972) seconds
2026/05/26-10:58:00  ... thread 1: (1000,1004000) ops and (892.6,10167.8) ops/second in (1.120328,98.743110) seconds
2026/05/26-10:58:00  ... thread 2: (1000,1018000) ops and (840.6,10260.5) ops/second in (1.189595,99.215382) seconds
2026/05/26-10:58:01  ... thread 0: (1000,1012000) ops and (601.0,10149.8) ops/second in (1.664006,99.706497) seconds
2026/05/26-10:58:01  ... thread 1: (2000,1006000) ops and (1815.3,10075.6) ops/second in (1.101717,99.844827) seconds
2026/05/26-10:58:02  ... thread 3: (2000,1003000) ops and (861.5,9970.3) ops/second in (2.321636,100.598608) seconds
2026/05/26-10:58:02  ... thread 1: (2000,1008000) ops and (1907.7,9990.8) ops/second in (1.048356,100.893183) seconds
2026/05/26-10:58:02  ... thread 0: (1000,1013000) ops and (634.5,10001.7) ops/second in (1.575986,101.282483) seconds
2026/05/26-10:58:02  ... thread 2: (2000,1020000) ops and (879.4,10050.3) ops/second in (2.274316,101.489698) seconds
2026/05/26-10:58:04  ... thread 2: (2000,1022000) ops and (1431.0,9933.2) ops/second in (1.397629,102.887327) seconds
2026/05/26-10:58:04  ... thread 3: (2000,1005000) ops and (771.7,9739.3) ops/second in (2.591722,103.190330) seconds
2026/05/26-10:58:04  ... thread 1: (2000,1010000) ops and (813.9,9772.6) ops/second in (2.457419,103.350602) seconds
2026/05/26-10:58:05  ... thread 2: (1000,1023000) ops and (898.4,9836.5) ops/second in (1.113040,104.000367) seconds
2026/05/26-10:58:06  ... thread 3: (1000,1006000) ops and (663.4,9608.6) ops/second in (1.507411,104.697741) seconds
2026/05/26-10:58:06  ... thread 0: (1000,1014000) ops and (288.7,9680.6) ops/second in (3.463307,104.745790) seconds
2026/05/26-10:58:06  ... thread 1: (1000,1011000) ops and (702.0,9649.2) ops/second in (1.424494,104.775096) seconds
2026/05/26-10:58:06  ... thread 2: (1000,1024000) ops and (819.4,9731.9) ops/second in (1.220399,105.220766) seconds
2026/05/26-10:58:07  ... thread 0: (1000,1015000) ops and (962.8,9595.0) ops/second in (1.038625,105.784415) seconds
2026/05/26-10:58:07  ... thread 1: (1000,1012000) ops and (988.0,9566.4) ops/second in (1.012150,105.787246) seconds
2026/05/26-10:58:07  ... thread 3: (1000,1007000) ops and (913.8,9518.7) ops/second in (1.094386,105.792127) seconds
2026/05/26-10:58:07  ... thread 2: (13000,1037000) ops and (12663.1,9760.2) ops/second in (1.026607,106.247373) seconds
2026/05/26-10:58:08  ... thread 3: (27000,1034000) ops and (25509.4,9677.1) ops/second in (1.058432,106.850559) seconds
2026/05/26-10:58:08  ... thread 1: (28000,1040000) ops and (26300.2,9733.1) ops/second in (1.064632,106.851878) seconds
2026/05/26-10:58:08  ... thread 0: (31000,1046000) ops and (28824.7,9788.5) ops/second in (1.075466,106.859881) seconds
2026/05/26-10:58:08  ... thread 2: (28000,1065000) ops and (27634.8,9929.1) ops/second in (1.013215,107.260588) seconds
2026/05/26-10:58:09  ... thread 1: (31000,1071000) ops and (19812.0,9878.6) ops/second in (1.564706,108.416584) seconds
2026/05/26-10:58:09  ... thread 2: (18000,1083000) ops and (15526.1,9988.9) ops/second in (1.159338,108.419926) seconds
2026/05/26-10:58:09  ... thread 0: (30000,1076000) ops and (19206.1,9924.2) ops/second in (1.562000,108.421881) seconds
2026/05/26-10:58:09  ... thread 3: (31000,1065000) ops and (19644.0,9822.1) ops/second in (1.578092,108.428651) seconds
2026/05/26-10:58:10  ... thread 2: (31000,1114000) ops and (30752.2,10180.2) ops/second in (1.008059,109.427985) seconds
2026/05/26-10:58:10  ... thread 1: (31000,1102000) ops and (30620.5,10070.5) ops/second in (1.012394,109.428978) seconds
2026/05/26-10:58:10  ... thread 0: (31000,1107000) ops and (30493.4,10115.3) ops/second in (1.016615,109.438496) seconds
2026/05/26-10:58:10  ... thread 3: (26000,1091000) ops and (25143.3,9966.9) ops/second in (1.034072,109.462723) seconds
2026/05/26-10:58:11  ... thread 1: (27000,1129000) ops and (26755.0,10222.9) ops/second in (1.009157,110.438135) seconds
2026/05/26-10:58:11  ... thread 2: (28000,1142000) ops and (27402.1,10339.5) ops/second in (1.021821,110.449806) seconds
2026/05/26-10:58:11  ... thread 0: (27000,1134000) ops and (26526.8,10266.5) ops/second in (1.017840,110.456336) seconds
2026/05/26-10:58:11  ... thread 3: (28000,1119000) ops and (27860.6,10129.7) ops/second in (1.005004,110.467727) seconds
2026/05/26-10:58:12  ... thread 2: (28000,1170000) ops and (27845.3,10497.5) ops/second in (1.005554,111.455360) seconds
2026/05/26-10:58:12  ... thread 1: (28000,1157000) ops and (27340.5,10380.2) ops/second in (1.024122,111.462257) seconds
2026/05/26-10:58:12  ... thread 0: (29000,1163000) ops and (28649.5,10433.4) ops/second in (1.012235,111.468571) seconds
2026/05/26-10:58:12  ... thread 3: (26000,1145000) ops and (25555.8,10270.4) ops/second in (1.017383,111.485110) seconds
2026/05/26-10:58:13  ... thread 2: (23000,1193000) ops and (20956.6,10599.5) ops/second in (1.097506,112.552866) seconds
2026/05/26-10:58:14  ... thread 3: (27000,1172000) ops and (22598.9,10401.1) ops/second in (1.194747,112.679857) seconds
2026/05/26-10:58:14  ... thread 0: (22000,1185000) ops and (16171.8,10502.6) ops/second in (1.360392,112.828963) seconds
2026/05/26-10:58:14  ... thread 1: (24000,1181000) ops and (17092.6,10463.7) ops/second in (1.404119,112.866376) seconds
2026/05/26-10:58:15  ... thread 1: (1000,1182000) ops and (975.7,10378.3) ops/second in (1.024861,113.891237) seconds
2026/05/26-10:58:15  ... thread 3: (1000,1173000) ops and (606.7,10259.9) ops/second in (1.648313,114.328170) seconds
2026/05/26-10:58:16  ... thread 2: (1000,1194000) ops and (451.9,10403.8) ops/second in (2.213077,114.765943) seconds
2026/05/26-10:58:16  ... thread 1: (1000,1183000) ops and (716.5,10261.4) ops/second in (1.395666,115.286903) seconds
2026/05/26-10:58:16  ... thread 0: (2000,1187000) ops and (752.1,10278.1) ops/second in (2.659062,115.488025) seconds
2026/05/26-10:58:17  ... thread 2: (1000,1195000) ops and (757.0,10294.0) ops/second in (1.321039,116.086982) seconds
2026/05/26-10:58:17  ... thread 3: (2000,1175000) ops and (917.9,10085.2) ops/second in (2.179001,116.507171) seconds
2026/05/26-10:58:18  ... thread 1: (2000,1185000) ops and (1307.1,10144.1) ops/second in (1.530051,116.816954) seconds
2026/05/26-10:58:18  ... thread 0: (1000,1188000) ops and (532.9,10122.3) ops/second in (1.876645,117.364670) seconds
2026/05/26-10:58:19  ... thread 2: (1000,1196000) ops and (594.5,10155.5) ops/second in (1.682085,117.769067) seconds
2026/05/26-10:58:19  ... thread 3: (1000,1176000) ops and (686.1,9969.1) ops/second in (1.457533,117.964704) seconds
2026/05/26-10:58:19  ... thread 1: (1000,1186000) ops and (575.0,10003.7) ops/second in (1.739215,118.556169) seconds
2026/05/26-10:58:20  ... thread 0: (1000,1189000) ops and (671.6,10003.9) ops/second in (1.489001,118.853671) seconds
2026/05/26-10:58:20  ... thread 2: (1000,1197000) ops and (768.2,10052.8) ops/second in (1.301767,119.070834) seconds
2026/05/26-10:58:21  ... thread 1: (1000,1187000) ops and (671.4,9887.9) ops/second in (1.489464,120.045633) seconds
2026/05/26-10:58:22  ... thread 3: (2000,1178000) ops and (706.0,9751.8) ops/second in (2.833050,120.797754) seconds
2026/05/26-10:58:22  ... thread 0: (1000,1190000) ops and (507.3,9849.0) ops/second in (1.971287,120.824958) seconds
2026/05/26-10:58:22  ... thread 1: (1000,1188000) ops and (900.7,9805.5) ops/second in (1.110299,121.155932) seconds
2026/05/26-10:58:23  ... thread 2: (2000,1199000) ops and (791.6,9860.4) ops/second in (2.526482,121.597316) seconds
2026/05/26-10:58:23  ... thread 3: (1000,1179000) ops and (578.3,9622.4) ops/second in (1.729060,122.526814) seconds
2026/05/26-10:58:23  ... thread 0: (2000,1192000) ops and (1153.2,9725.9) ops/second in (1.734350,122.559308) seconds
2026/05/26-10:58:24  ... thread 1: (1000,1189000) ops and (686.5,9697.2) ops/second in (1.456734,122.612666) seconds
2026/05/26-10:58:25  ... thread 0: (1000,1193000) ops and (897.3,9646.3) ops/second in (1.114424,123.673732) seconds
2026/05/26-10:58:25  ... thread 2: (1000,1200000) ops and (388.6,9664.1) ops/second in (2.573061,124.170377) seconds
2026/05/26-10:58:25  ... thread 1: (1000,1190000) ops and (640.0,9583.2) ops/second in (1.562545,124.175211) seconds
2026/05/26-10:58:26  ... thread 0: (2000,1195000) ops and (1528.1,9561.3) ops/second in (1.308806,124.982538) seconds
2026/05/26-10:58:26  ... thread 3: (2000,1181000) ops and (789.3,9443.4) ops/second in (2.533759,125.060573) seconds
2026/05/26-10:58:27  ... thread 1: (1000,1191000) ops and (702.8,9482.6) ops/second in (1.422870,125.598081) seconds
2026/05/26-10:58:27  ... thread 2: (1000,1201000) ops and (490.1,9515.8) ops/second in (2.040424,126.210801) seconds
2026/05/26-10:58:28  ... thread 3: (1000,1182000) ops and (595.7,9326.2) ops/second in (1.678779,126.739352) seconds
2026/05/26-10:58:28  ... thread 1: (1000,1192000) ops and (606.5,9367.6) ops/second in (1.648728,127.246809) seconds
2026/05/26-10:58:28  ... thread 0: (2000,1197000) ops and (826.4,9395.4) ops/second in (2.420264,127.402802) seconds
2026/05/26-10:58:29  ... thread 3: (2000,1184000) ops and (1648.3,9253.4) ops/second in (1.213353,127.952705) seconds
2026/05/26-10:58:29  ... thread 2: (1000,1202000) ops and (495.0,9373.7) ops/second in (2.020069,128.230870) seconds
2026/05/26-10:58:30  ... thread 0: (1000,1198000) ops and (718.8,9301.7) ops/second in (1.391229,128.794031) seconds
2026/05/26-10:58:30  ... thread 1: (1000,1193000) ops and (575.9,9249.3) ops/second in (1.736445,128.983254) seconds
2026/05/26-10:58:30  ... thread 2: (1000,1203000) ops and (979.9,9307.4) ops/second in (1.020521,129.251391) seconds
2026/05/26-10:58:30  ... thread 3: (1000,1185000) ops and (748.2,9165.5) ops/second in (1.336568,129.289273) seconds
2026/05/26-10:58:32  ... thread 2: (1000,1204000) ops and (720.3,9216.2) ops/second in (1.388370,130.639761) seconds
2026/05/26-10:58:32  ... thread 0: (1000,1199000) ops and (541.5,9177.9) ops/second in (1.846579,130.640610) seconds
2026/05/26-10:58:32  ... thread 3: (2000,1187000) ops and (1120.6,9056.0) ops/second in (1.784713,131.073986) seconds
2026/05/26-10:58:32  ... thread 1: (1000,1194000) ops and (454.9,9101.9) ops/second in (2.198486,131.181740) seconds
2026/05/26-10:58:33  ... thread 0: (1000,1200000) ops and (673.1,9082.2) ops/second in (1.485759,132.126369) seconds
2026/05/26-10:58:33  ... thread 2: (1000,1205000) ops and (535.7,9093.9) ops/second in (1.866611,132.506372) seconds
2026/05/26-10:58:33  ... thread 1: (1000,1195000) ops and (724.5,9014.7) ops/second in (1.380181,132.561921) seconds
2026/05/26-10:58:34  ... thread 0: (1000,1201000) ops and (778.1,9002.2) ops/second in (1.285185,133.411554) seconds
2026/05/26-10:58:35  ... thread 3: (2000,1189000) ops and (793.7,8900.1) ops/second in (2.519786,133.593772) seconds
2026/05/26-10:58:35  ... thread 2: (1000,1206000) ops and (869.7,9023.1) ops/second in (1.149837,133.656209) seconds
2026/05/26-10:58:35  ... thread 1: (1000,1196000) ops and (545.3,8899.1) ops/second in (1.833999,134.395920) seconds
2026/05/26-10:58:36  ... thread 3: (1000,1190000) ops and (633.2,8803.5) ops/second in (1.579169,135.172941) seconds
2026/05/26-10:58:36  ... thread 2: (1000,1207000) ops and (631.4,8924.9) ops/second in (1.583733,135.239942) seconds
2026/05/26-10:58:37  ... thread 1: (1000,1197000) ops and (633.9,8803.2) ops/second in (1.577542,135.973462) seconds
2026/05/26-10:58:38  ... thread 0: (1000,1202000) ops and (291.7,8784.0) ops/second in (3.427822,136.839376) seconds
2026/05/26-10:58:38  ... thread 2: (1000,1208000) ops and (577.5,8819.4) ops/second in (1.731488,136.971430) seconds
2026/05/26-10:58:38  ... thread 3: (1000,1191000) ops and (428.2,8661.3) ops/second in (2.335182,137.508123) seconds
2026/05/26-10:58:39  ... thread 1: (1000,1198000) ops and (442.9,8666.6) ops/second in (2.257666,138.231128) seconds
2026/05/26-10:58:40  ... thread 2: (1000,1209000) ops and (523.4,8705.2) ops/second in (1.910732,138.882162) seconds
2026/05/26-10:58:40  ... thread 3: (1000,1192000) ops and (608.7,8566.2) ops/second in (1.642803,139.150926) seconds
2026/05/26-10:58:40  ... thread 0: (1000,1203000) ops and (381.5,8626.1) ops/second in (2.621099,139.460475) seconds
2026/05/26-10:58:41  ... thread 1: (1000,1199000) ops and (474.1,8543.5) ops/second in (2.109171,140.340299) seconds
2026/05/26-10:58:42  ... thread 2: (1000,1210000) ops and (515.2,8592.3) ops/second in (1.941128,140.823290) seconds
2026/05/26-10:58:42  ... thread 0: (1000,1204000) ops and (617.0,8534.1) ops/second in (1.620771,141.081246) seconds
2026/05/26-10:58:42  ... thread 3: (1000,1193000) ops and (466.4,8443.3) ops/second in (2.144204,141.295130) seconds
2026/05/26-10:58:42  ... thread 1: (3000,1202000) ops and (2970.7,8503.7) ops/second in (1.009879,141.350178) seconds
2026/05/26-10:58:43  ... thread 2: (20000,1230000) ops and (19653.8,8671.7) ops/second in (1.017614,141.840904) seconds
2026/05/26-10:58:43  ... thread 0: (23000,1227000) ops and (20551.6,8628.7) ops/second in (1.119133,142.200379) seconds
2026/05/26-10:58:43  ... thread 3: (33000,1226000) ops and (32436.2,8614.8) ops/second in (1.017382,142.312512) seconds
2026/05/26-10:58:43  ... thread 1: (33000,1235000) ops and (32813.4,8675.4) ops/second in (1.005686,142.355864) seconds
Initializing RocksDB Options from the specified file
Initializing RocksDB Options from command-line flags
Integrated BlobDB: blob cache disabled
Keys:       16 bytes each (+ 0 bytes user-defined timestamp)
Values:     1024 bytes each (512 bytes after compression)
Entries:    1250000
Prefix:    0 bytes
Keys per prefix:    0
RawSize:    1239.8 MB (estimated)
FileSize:   629.4 MB (estimated)
Write rate: 0 bytes/second
Read rate: 0 ops/second
Compression: Snappy
Compression sampling rate: 0
Memtablerep: SkipListFactory
Perf Level: 1
WARNING: Assertions are enabled; benchmarks unnecessarily slow
------------------------------------------------
Initializing RocksDB Options from the specified file
Initializing RocksDB Options from command-line flags
Integrated BlobDB: blob cache disabled
DB path: [/tmp/rocksdb_comp_exp_db]
fillrandom   :     114.319 micros/op 34947 ops/sec 143.071 seconds 5000000 operations;   34.7 MB/s
2026/05/26-10:58:48  ... thread 0: (1000,1000) ops and (232.0,232.0) ops/second in (4.311241,4.311241) seconds
2026/05/26-10:58:48  ... thread 3: (1000,1000) ops and (230.0,230.0) ops/second in (4.348613,4.348613) seconds
2026/05/26-10:58:48  ... thread 2: (1000,1000) ops and (229.6,229.6) ops/second in (4.354642,4.354642) seconds
2026/05/26-10:58:48  ... thread 1: (1000,1000) ops and (229.3,229.3) ops/second in (4.360988,4.360988) seconds
2026/05/26-10:58:51  ... thread 3: (1000,2000) ops and (344.8,275.9) ops/second in (2.900541,7.249154) seconds
2026/05/26-10:58:51  ... thread 0: (1000,2000) ops and (340.0,275.8) ops/second in (2.941338,7.252579) seconds
2026/05/26-10:58:51  ... thread 1: (1000,2000) ops and (334.9,272.2) ops/second in (2.986016,7.347004) seconds
2026/05/26-10:58:51  ... thread 2: (1000,2000) ops and (330.7,271.1) ops/second in (3.023938,7.378580) seconds
2026/05/26-10:58:55  ... thread 3: (1000,3000) ops and (303.1,284.4) ops/second in (3.299373,10.548527) seconds
2026/05/26-10:58:55  ... thread 1: (1000,3000) ops and (308.4,283.3) ops/second in (3.242034,10.589038) seconds
2026/05/26-10:58:55  ... thread 0: (1000,3000) ops and (296.3,282.3) ops/second in (3.374743,10.627322) seconds
2026/05/26-10:58:55  ... thread 2: (1000,3000) ops and (279.8,273.9) ops/second in (3.573690,10.952270) seconds
2026/05/26-10:58:59  ... thread 3: (1000,4000) ops and (226.7,267.4) ops/second in (4.411077,14.959604) seconds
2026/05/26-10:58:59  ... thread 1: (1000,4000) ops and (226.2,266.5) ops/second in (4.420400,15.009438) seconds
2026/05/26-10:58:59  ... thread 0: (1000,4000) ops and (210.0,259.9) ops/second in (4.762250,15.389572) seconds
2026/05/26-10:59:00  ... thread 2: (1000,4000) ops and (211.7,255.2) ops/second in (4.724486,15.676756) seconds
2026/05/26-10:59:03  ... thread 3: (1000,5000) ops and (231.4,259.3) ops/second in (4.321925,19.281529) seconds
2026/05/26-10:59:03  ... thread 1: (1000,5000) ops and (230.2,258.4) ops/second in (4.343546,19.352984) seconds
2026/05/26-10:59:03  ... thread 2: (1000,5000) ops and (266.4,257.3) ops/second in (3.754414,19.431170) seconds
2026/05/26-10:59:04  ... thread 0: (1000,5000) ops and (233.4,254.1) ops/second in (4.285017,19.674589) seconds
2026/05/26-10:59:05  ... thread 1: (1000,6000) ops and (851.7,292.3) ops/second in (1.174174,20.527158) seconds
2026/05/26-10:59:05  ... thread 3: (1000,6000) ops and (784.5,291.9) ops/second in (1.274732,20.556261) seconds
2026/05/26-10:59:05  ... thread 2: (1000,6000) ops and (814.2,290.4) ops/second in (1.228180,20.659350) seconds
2026/05/26-10:59:05  ... thread 0: (1000,6000) ops and (983.0,290.0) ops/second in (1.017316,20.691905) seconds
2026/05/26-10:59:06  ... thread 3: (1000,7000) ops and (587.3,314.5) ops/second in (1.702642,22.258903) seconds
2026/05/26-10:59:06  ... thread 1: (1000,7000) ops and (565.9,314.0) ops/second in (1.767197,22.294355) seconds
2026/05/26-10:59:06  ... thread 2: (1000,7000) ops and (611.0,314.0) ops/second in (1.636676,22.296026) seconds
2026/05/26-10:59:06  ... thread 0: (1000,7000) ops and (615.2,313.7) ops/second in (1.625360,22.317265) seconds
2026/05/26-10:59:07  ... thread 3: (3000,10000) ops and (2798.1,428.6) ops/second in (1.072138,23.331041) seconds
2026/05/26-10:59:07  ... thread 2: (3000,10000) ops and (2726.9,427.4) ops/second in (1.100132,23.396158) seconds
2026/05/26-10:59:07  ... thread 1: (3000,10000) ops and (2719.0,427.4) ops/second in (1.103342,23.397697) seconds
2026/05/26-10:59:07  ... thread 0: (3000,10000) ops and (2633.9,426.3) ops/second in (1.138985,23.456250) seconds
2026/05/26-10:59:08  ... thread 3: (3000,13000) ops and (2896.2,533.5) ops/second in (1.035851,24.366892) seconds
2026/05/26-10:59:08  ... thread 2: (3000,13000) ops and (2968.6,532.6) ops/second in (1.010590,24.406748) seconds
2026/05/26-10:59:09  ... thread 1: (4000,14000) ops and (3039.1,566.5) ops/second in (1.316175,24.713872) seconds
2026/05/26-10:59:09  ... thread 0: (4000,14000) ops and (3009.4,564.8) ops/second in (1.329177,24.785427) seconds
2026/05/26-10:59:10  ... thread 2: (4000,17000) ops and (3212.9,662.7) ops/second in (1.244994,25.651742) seconds
2026/05/26-10:59:10  ... thread 3: (4000,17000) ops and (3058.6,662.1) ops/second in (1.307788,25.674680) seconds
2026/05/26-10:59:10  ... thread 1: (4000,18000) ops and (3188.7,693.2) ops/second in (1.254433,25.968305) seconds
2026/05/26-10:59:10  ... thread 0: (4000,18000) ops and (3301.8,692.4) ops/second in (1.211464,25.996891) seconds
2026/05/26-10:59:11  ... thread 3: (4000,21000) ops and (3376.9,781.9) ops/second in (1.184512,26.859192) seconds
2026/05/26-10:59:11  ... thread 2: (4000,21000) ops and (3274.0,781.4) ops/second in (1.221762,26.873504) seconds
2026/05/26-10:59:11  ... thread 1: (4000,22000) ops and (3553.7,812.0) ops/second in (1.125575,27.093880) seconds
2026/05/26-10:59:11  ... thread 0: (4000,22000) ops and (3446.2,810.1) ops/second in (1.160697,27.157588) seconds
2026/05/26-10:59:12  ... thread 3: (4000,25000) ops and (3749.5,895.2) ops/second in (1.066813,27.926005) seconds
2026/05/26-10:59:12  ... thread 2: (4000,25000) ops and (3422.1,891.5) ops/second in (1.168865,28.042369) seconds
2026/05/26-10:59:12  ... thread 1: (4000,26000) ops and (3945.9,925.0) ops/second in (1.013715,28.107595) seconds
2026/05/26-10:59:12  ... thread 0: (4000,26000) ops and (3961.7,923.1) ops/second in (1.009680,28.167268) seconds
2026/05/26-10:59:13  ... thread 3: (4000,29000) ops and (3912.6,1001.8) ops/second in (1.022345,28.948350) seconds
2026/05/26-10:59:13  ... thread 1: (4000,30000) ops and (3983.0,1030.5) ops/second in (1.004278,29.111873) seconds
2026/05/26-10:59:13  ... thread 2: (5000,30000) ops and (4149.6,1025.7) ops/second in (1.204944,29.247313) seconds
2026/05/26-10:59:13  ... thread 0: (5000,31000) ops and (4085.8,1054.7) ops/second in (1.223754,29.391022) seconds
2026/05/26-10:59:14  ... thread 3: (5000,34000) ops and (4546.7,1131.5) ops/second in (1.099697,30.048047) seconds
2026/05/26-10:59:14  ... thread 1: (5000,35000) ops and (4321.4,1156.3) ops/second in (1.157026,30.268899) seconds
2026/05/26-10:59:14  ... thread 2: (5000,35000) ops and (4367.7,1151.6) ops/second in (1.144771,30.392084) seconds
2026/05/26-10:59:15  ... thread 0: (5000,36000) ops and (4445.0,1179.7) ops/second in (1.124853,30.515875) seconds
2026/05/26-10:59:15  ... thread 3: (5000,39000) ops and (4757.7,1254.1) ops/second in (1.050917,31.098964) seconds
2026/05/26-10:59:15  ... thread 1: (5000,40000) ops and (4922.0,1278.6) ops/second in (1.015840,31.284739) seconds
2026/05/26-10:59:16  ... thread 0: (5000,41000) ops and (4853.3,1299.7) ops/second in (1.030230,31.546105) seconds
2026/05/26-10:59:16  ... thread 2: (6000,41000) ops and (5123.1,1299.0) ops/second in (1.171174,31.563258) seconds
2026/05/26-10:59:16  ... thread 3: (6000,45000) ops and (5081.2,1394.1) ops/second in (1.180833,32.279797) seconds
2026/05/26-10:59:16  ... thread 1: (6000,46000) ops and (5330.2,1419.3) ops/second in (1.125658,32.410397) seconds
2026/05/26-10:59:17  ... thread 2: (6000,47000) ops and (5593.3,1440.1) ops/second in (1.072717,32.635975) seconds
2026/05/26-10:59:17  ... thread 0: (6000,47000) ops and (5392.9,1439.1) ops/second in (1.112570,32.658675) seconds
2026/05/26-10:59:17  ... thread 3: (5000,50000) ops and (4658.8,1499.1) ops/second in (1.073244,33.353041) seconds
2026/05/26-10:59:17  ... thread 1: (5000,51000) ops and (4761.5,1524.2) ops/second in (1.050089,33.460486) seconds
2026/05/26-10:59:18  ... thread 2: (5000,52000) ops and (4789.4,1543.9) ops/second in (1.043977,33.679952) seconds
2026/05/26-10:59:18  ... thread 0: (5000,52000) ops and (4802.9,1543.0) ops/second in (1.041039,33.699714) seconds
2026/05/26-10:59:18  ... thread 3: (7000,57000) ops and (6211.0,1653.1) ops/second in (1.127029,34.480070) seconds
2026/05/26-10:59:19  ... thread 1: (7000,58000) ops and (6648.9,1680.5) ops/second in (1.052799,34.513285) seconds
2026/05/26-10:59:19  ... thread 2: (7000,59000) ops and (6829.7,1700.0) ops/second in (1.024928,34.704880) seconds
2026/05/26-10:59:19  ... thread 0: (7000,59000) ops and (6591.2,1697.3) ops/second in (1.062015,34.761729) seconds
2026/05/26-10:59:20  ... thread 3: (8000,65000) ops and (7329.8,1827.3) ops/second in (1.091429,35.571499) seconds
2026/05/26-10:59:20  ... thread 1: (8000,66000) ops and (7125.7,1852.1) ops/second in (1.122690,35.635975) seconds
2026/05/26-10:59:20  ... thread 2: (8000,67000) ops and (7523.3,1873.2) ops/second in (1.063367,35.768247) seconds
2026/05/26-10:59:20  ... thread 0: (8000,67000) ops and (7415.1,1869.4) ops/second in (1.078873,35.840602) seconds
2026/05/26-10:59:21  ... thread 3: (9000,74000) ops and (8709.9,2021.6) ops/second in (1.033304,36.604803) seconds
2026/05/26-10:59:21  ... thread 1: (9000,75000) ops and (8820.5,2046.0) ops/second in (1.020345,36.656320) seconds
2026/05/26-10:59:21  ... thread 2: (10000,77000) ops and (9271.6,2089.7) ops/second in (1.078560,36.846807) seconds
2026/05/26-10:59:21  ... thread 0: (10000,77000) ops and (9127.6,2084.7) ops/second in (1.095584,36.936186) seconds
2026/05/26-10:59:22  ... thread 3: (11000,85000) ops and (10761.0,2259.0) ops/second in (1.022207,37.627010) seconds
2026/05/26-10:59:22  ... thread 1: (11000,86000) ops and (10369.0,2280.1) ops/second in (1.060858,37.717178) seconds
2026/05/26-10:59:22  ... thread 2: (12000,89000) ops and (11306.6,2347.8) ops/second in (1.061331,37.908138) seconds
2026/05/26-10:59:22  ... thread 0: (12000,89000) ops and (11395.7,2342.8) ops/second in (1.053027,37.989213) seconds
2026/05/26-10:59:23  ... thread 3: (13000,98000) ops and (12087.0,2532.1) ops/second in (1.075532,38.702542) seconds
2026/05/26-10:59:23  ... thread 1: (13000,99000) ops and (12593.6,2554.9) ops/second in (1.032268,38.749446) seconds
DB path: [/tmp/rocksdb_comp_exp_db]
readrandom   :     388.310 micros/op 10283 ops/sec 38.899 seconds 400000 operations;   10.0 MB/s (98184 of 100000 found)

STATISTICS:
rocksdb.block.cache.miss COUNT : 4086322
rocksdb.block.cache.hit COUNT : 180717
rocksdb.block.cache.add COUNT : 1475595
rocksdb.block.cache.add.failures COUNT : 0
rocksdb.block.cache.index.miss COUNT : 0
rocksdb.block.cache.index.hit COUNT : 0
rocksdb.block.cache.index.add COUNT : 0
rocksdb.block.cache.index.bytes.insert COUNT : 0
rocksdb.block.cache.filter.miss COUNT : 0
rocksdb.block.cache.filter.hit COUNT : 0
rocksdb.block.cache.filter.add COUNT : 0
rocksdb.block.cache.filter.bytes.insert COUNT : 0
rocksdb.block.cache.data.miss COUNT : 4086322
rocksdb.block.cache.data.hit COUNT : 180717
rocksdb.block.cache.data.add COUNT : 1475595
rocksdb.block.cache.data.bytes.insert COUNT : 6350902784
rocksdb.block.cache.bytes.read COUNT : 777793504
rocksdb.block.cache.bytes.write COUNT : 6350902784
rocksdb.block.cache.compression.dict.miss COUNT : 0
rocksdb.block.cache.compression.dict.hit COUNT : 0
rocksdb.block.cache.compression.dict.add COUNT : 0
rocksdb.block.cache.compression.dict.bytes.insert COUNT : 0
rocksdb.block.cache.add.redundant COUNT : 27
rocksdb.block.cache.index.add.redundant COUNT : 0
rocksdb.block.cache.filter.add.redundant COUNT : 0
rocksdb.block.cache.data.add.redundant COUNT : 27
rocksdb.block.cache.compression.dict.add.redundant COUNT : 0
rocksdb.secondary.cache.hits COUNT : 0
rocksdb.secondary.cache.filter.hits COUNT : 0
rocksdb.secondary.cache.index.hits COUNT : 0
rocksdb.secondary.cache.data.hits COUNT : 0
rocksdb.compressed.secondary.cache.dummy.hits COUNT : 0
rocksdb.compressed.secondary.cache.hits COUNT : 0
rocksdb.compressed.secondary.cache.promotions COUNT : 0
rocksdb.compressed.secondary.cache.promotion.skips COUNT : 0
rocksdb.bloom.filter.useful COUNT : 0
rocksdb.bloom.filter.full.positive COUNT : 0
rocksdb.bloom.filter.full.true.positive COUNT : 0
rocksdb.bloom.filter.prefix.checked COUNT : 0
rocksdb.bloom.filter.prefix.useful COUNT : 0
rocksdb.bloom.filter.prefix.true.positive COUNT : 0
rocksdb.persistent.cache.hit COUNT : 0
rocksdb.persistent.cache.miss COUNT : 0
rocksdb.sim.block.cache.hit COUNT : 0
rocksdb.sim.block.cache.miss COUNT : 0
rocksdb.memtable.hit COUNT : 6788
rocksdb.memtable.miss COUNT : 393212
rocksdb.l0.hit COUNT : 62105
rocksdb.l1.hit COUNT : 101181
rocksdb.l2andup.hit COUNT : 222678
rocksdb.compaction.key.drop.new COUNT : 3158124
rocksdb.compaction.key.drop.obsolete COUNT : 0
rocksdb.compaction.key.drop.range_del COUNT : 0
rocksdb.compaction.key.drop.user COUNT : 0
rocksdb.compaction.range_del.drop.obsolete COUNT : 0
rocksdb.compaction.optimized.del.drop.obsolete COUNT : 0
rocksdb.compaction.cancelled COUNT : 0
rocksdb.compaction.aborted COUNT : 0
rocksdb.number.keys.written COUNT : 5000000
rocksdb.number.keys.read COUNT : 400000
rocksdb.number.keys.updated COUNT : 0
rocksdb.bytes.written COUNT : 5279180424
rocksdb.bytes.read COUNT : 402178048
rocksdb.number.db.seek COUNT : 0
rocksdb.number.db.next COUNT : 0
rocksdb.number.db.prev COUNT : 0
rocksdb.number.db.seek.found COUNT : 0
rocksdb.number.db.next.found COUNT : 0
rocksdb.number.db.prev.found COUNT : 0
rocksdb.db.iter.bytes.read COUNT : 0
rocksdb.number.iter.skip COUNT : 0
rocksdb.number.reseeks.iteration COUNT : 0
rocksdb.num.iterator.created COUNT : 0
rocksdb.num.iterator.deleted COUNT : 0
rocksdb.no.file.opens COUNT : 141
rocksdb.no.file.errors COUNT : 0
rocksdb.stall.micros COUNT : 105111250
rocksdb.db.mutex.wait.micros COUNT : 0
rocksdb.number.multiget.get COUNT : 0
rocksdb.number.multiget.keys.read COUNT : 0
rocksdb.number.multiget.bytes.read COUNT : 0
rocksdb.number.multiget.keys.found COUNT : 0
rocksdb.number.merge.failures COUNT : 0
rocksdb.getupdatessince.calls COUNT : 0
rocksdb.wal.synced COUNT : 0
rocksdb.wal.bytes COUNT : 5279180424
rocksdb.write.self COUNT : 4931702
rocksdb.write.other COUNT : 68298
rocksdb.write.wal COUNT : 5000000
rocksdb.compact.read.bytes COUNT : 6368204916
rocksdb.compact.write.bytes COUNT : 4456813956
rocksdb.flush.write.bytes COUNT : 2971868935
rocksdb.compact.read.marked.bytes COUNT : 0
rocksdb.compact.read.periodic.bytes COUNT : 0
rocksdb.compact.read.ttl.bytes COUNT : 0
rocksdb.compact.write.marked.bytes COUNT : 0
rocksdb.compact.write.periodic.bytes COUNT : 0
rocksdb.compact.write.ttl.bytes COUNT : 0
rocksdb.number.direct.load.table.properties COUNT : 0
rocksdb.number.superversion_acquires COUNT : 20
rocksdb.number.superversion_releases COUNT : 16
rocksdb.number.superversion_cleanups COUNT : 4
rocksdb.number.block.compressed COUNT : 3040641
rocksdb.number.block.decompressed COUNT : 4086463
rocksdb.bytes.compressed.from COUNT : 12815532534
rocksdb.bytes.compressed.to COUNT : 7413291143
rocksdb.bytes.compression_bypassed COUNT : 0
rocksdb.bytes.compression.rejected COUNT : 0
rocksdb.number.block_compression_bypassed COUNT : 0
rocksdb.number.block_compression_rejected COUNT : 0
rocksdb.bytes.decompressed.from COUNT : 9954919364
rocksdb.bytes.decompressed.to COUNT : 17203047150
rocksdb.merge.operation.time.nanos COUNT : 0
rocksdb.filter.operation.time.nanos COUNT : 0
rocksdb.compaction.total.time.cpu_micros COUNT : 38437710
rocksdb.row.cache.hit COUNT : 0
rocksdb.row.cache.miss COUNT : 0
rocksdb.read.amp.estimate.useful.bytes COUNT : 0
rocksdb.read.amp.total.read.bytes COUNT : 0
rocksdb.number.rate_limiter.drains COUNT : 0
rocksdb.blobdb.num.put COUNT : 0
rocksdb.blobdb.num.write COUNT : 0
rocksdb.blobdb.num.get COUNT : 0
rocksdb.blobdb.num.multiget COUNT : 0
rocksdb.blobdb.num.seek COUNT : 0
rocksdb.blobdb.num.next COUNT : 0
rocksdb.blobdb.num.prev COUNT : 0
rocksdb.blobdb.num.keys.written COUNT : 0
rocksdb.blobdb.num.keys.read COUNT : 0
rocksdb.blobdb.bytes.written COUNT : 0
rocksdb.blobdb.bytes.read COUNT : 0
rocksdb.blobdb.write.inlined COUNT : 0
rocksdb.blobdb.write.inlined.ttl COUNT : 0
rocksdb.blobdb.write.blob COUNT : 0
rocksdb.blobdb.write.blob.ttl COUNT : 0
rocksdb.blobdb.blob.file.bytes.written COUNT : 0
rocksdb.blobdb.blob.file.bytes.read COUNT : 0
rocksdb.blobdb.blob.file.synced COUNT : 0
rocksdb.blobdb.blob.index.expired.count COUNT : 0
rocksdb.blobdb.blob.index.expired.size COUNT : 0
rocksdb.blobdb.blob.index.evicted.count COUNT : 0
rocksdb.blobdb.blob.index.evicted.size COUNT : 0
rocksdb.blobdb.gc.num.files COUNT : 0
rocksdb.blobdb.gc.num.new.files COUNT : 0
rocksdb.blobdb.gc.failures COUNT : 0
rocksdb.blobdb.gc.num.keys.relocated COUNT : 0
rocksdb.blobdb.gc.bytes.relocated COUNT : 0
rocksdb.blobdb.fifo.num.files.evicted COUNT : 0
rocksdb.blobdb.fifo.num.keys.evicted COUNT : 0
rocksdb.blobdb.fifo.bytes.evicted COUNT : 0
rocksdb.blobdb.cache.miss COUNT : 0
rocksdb.blobdb.cache.hit COUNT : 0
rocksdb.blobdb.cache.add COUNT : 0
rocksdb.blobdb.cache.add.failures COUNT : 0
rocksdb.blobdb.cache.bytes.read COUNT : 0
rocksdb.blobdb.cache.bytes.write COUNT : 0
rocksdb.txn.overhead.mutex.prepare COUNT : 0
rocksdb.txn.overhead.mutex.old.commit.map COUNT : 0
rocksdb.txn.overhead.duplicate.key COUNT : 0
rocksdb.txn.overhead.mutex.snapshot COUNT : 0
rocksdb.txn.get.tryagain COUNT : 0
rocksdb.files.marked.trash COUNT : 0
rocksdb.files.marked.trash.deleted COUNT : 0
rocksdb.files.deleted.immediately COUNT : 204
rocksdb.error.handler.bg.error.count COUNT : 0
rocksdb.error.handler.bg.io.error.count COUNT : 0
rocksdb.error.handler.bg.retryable.io.error.count COUNT : 0
rocksdb.error.handler.autoresume.count COUNT : 0
rocksdb.error.handler.autoresume.retry.total.count COUNT : 0
rocksdb.error.handler.autoresume.success.count COUNT : 0
rocksdb.memtable.payload.bytes.at.flush COUNT : 5217266784
rocksdb.memtable.garbage.bytes.at.flush COUNT : 127364488
rocksdb.verify_checksum.read.bytes COUNT : 0
rocksdb.backup.read.bytes COUNT : 0
rocksdb.backup.write.bytes COUNT : 0
rocksdb.remote.compact.read.bytes COUNT : 0
rocksdb.remote.compact.write.bytes COUNT : 0
rocksdb.remote.compact.resumed.bytes COUNT : 0
rocksdb.hot.file.read.bytes COUNT : 0
rocksdb.warm.file.read.bytes COUNT : 0
rocksdb.cool.file.read.bytes COUNT : 0
rocksdb.cold.file.read.bytes COUNT : 0
rocksdb.ice.file.read.bytes COUNT : 0
rocksdb.hot.file.read.count COUNT : 0
rocksdb.warm.file.read.count COUNT : 0
rocksdb.cool.file.read.count COUNT : 0
rocksdb.cold.file.read.count COUNT : 0
rocksdb.ice.file.read.count COUNT : 0
rocksdb.last.level.read.bytes COUNT : 0
rocksdb.last.level.read.count COUNT : 0
rocksdb.non.last.level.read.bytes COUNT : 9975528815
rocksdb.non.last.level.read.count COUNT : 4086886
rocksdb.last.level.seek.filtered COUNT : 0
rocksdb.last.level.seek.filter.match COUNT : 0
rocksdb.last.level.seek.data COUNT : 0
rocksdb.last.level.seek.data.useful.no.filter COUNT : 0
rocksdb.last.level.seek.data.useful.filter.match COUNT : 0
rocksdb.non.last.level.seek.filtered COUNT : 0
rocksdb.non.last.level.seek.filter.match COUNT : 0
rocksdb.non.last.level.seek.data COUNT : 0
rocksdb.non.last.level.seek.data.useful.no.filter COUNT : 0
rocksdb.non.last.level.seek.data.useful.filter.match COUNT : 0
rocksdb.block.checksum.compute.count COUNT : 4086604
rocksdb.block.checksum.mismatch.count COUNT : 0
rocksdb.multiget.coroutine.count COUNT : 0
rocksdb.read.async.micros COUNT : 0
rocksdb.async.read.error.count COUNT : 0
rocksdb.table.open.prefetch.tail.miss COUNT : 0
rocksdb.table.open.prefetch.tail.hit COUNT : 0
rocksdb.timestamp.filter.table.checked COUNT : 0
rocksdb.timestamp.filter.table.filtered COUNT : 0
rocksdb.readahead.trimmed COUNT : 0
rocksdb.fifo.max.size.compactions COUNT : 0
rocksdb.fifo.ttl.compactions COUNT : 0
rocksdb.fifo.change_temperature.compactions COUNT : 0
rocksdb.prefetch.bytes COUNT : 0
rocksdb.prefetch.bytes.useful COUNT : 0
rocksdb.prefetch.hits COUNT : 0
rocksdb.footer.corruption.count COUNT : 0
rocksdb.file.read.corruption.retry.count COUNT : 0
rocksdb.file.read.corruption.retry.success.count COUNT : 0
rocksdb.number.wbwi.ingest COUNT : 0
rocksdb.sst.user.defined.index.load.fail.count COUNT : 0
rocksdb.multiscan.prepare.calls COUNT : 0
rocksdb.multiscan.prepare.errors COUNT : 0
rocksdb.multiscan.blocks.prefetched COUNT : 0
rocksdb.multiscan.blocks.from.cache COUNT : 0
rocksdb.multiscan.prefetch.bytes COUNT : 0
rocksdb.multiscan.prefetch.blocks.wasted COUNT : 0
rocksdb.multiscan.io.requests COUNT : 0
rocksdb.multiscan.io.coalesced.nonadjacent COUNT : 0
rocksdb.multiscan.seek.errors COUNT : 0
rocksdb.prefetch.memory.bytes.granted COUNT : 0
rocksdb.prefetch.memory.bytes.released COUNT : 0
rocksdb.prefetch.memory.requests.blocked COUNT : 0
rocksdb.read.path.range.tombstones.inserted COUNT : 0
rocksdb.read.path.range.tombstones.discarded COUNT : 0
rocksdb.file.open.metadata.retrieved COUNT : 0
rocksdb.file.open.metadata.passed COUNT : 0
rocksdb.manifest.validation.failure.count COUNT : 0
rocksdb.db.get.micros P50 : 32.838550 P95 : 1602.730573 P99 : 5060.252005 P100 : 688029.000000 COUNT : 400000 SUM : 155102859
rocksdb.db.write.micros P50 : 5.793668 P95 : 31.797097 P99 : 2178.657270 P100 : 850140.000000 COUNT : 5000000 SUM : 567435743
rocksdb.compaction.times.micros P50 : 18000000.000000 P95 : 35418705.000000 P99 : 35418705.000000 P100 : 35418705.000000 COUNT : 10 SUM : 160979851
rocksdb.compaction.times.cpu_micros P50 : 4300000.000000 P95 : 6657356.000000 P99 : 6657356.000000 P100 : 6657356.000000 COUNT : 10 SUM : 38437710
rocksdb.subcompaction.setup.times.micros P50 : 0.000000 P95 : 0.000000 P99 : 0.000000 P100 : 0.000000 COUNT : 0 SUM : 0
rocksdb.table.sync.micros P50 : 339655.172414 P95 : 939703.000000 P99 : 939703.000000 P100 : 939703.000000 COUNT : 80 SUM : 37627989
rocksdb.compaction.outfile.sync.micros P50 : 771964.285714 P95 : 1199105.263158 P99 : 1220639.000000 P100 : 1220639.000000 COUNT : 61 SUM : 44232545
rocksdb.wal.file.sync.micros P50 : 0.000000 P95 : 0.000000 P99 : 0.000000 P100 : 0.000000 COUNT : 0 SUM : 0
rocksdb.manifest.file.sync.micros P50 : 5614.925373 P95 : 17128.000000 P99 : 17128.000000 P100 : 17128.000000 COUNT : 96 SUM : 620398
rocksdb.table.open.io.micros P50 : 769.305556 P95 : 5049.000000 P99 : 5901.000000 P100 : 5901.000000 COUNT : 141 SUM : 165599
rocksdb.db.multiget.micros P50 : 0.000000 P95 : 0.000000 P99 : 0.000000 P100 : 0.000000 COUNT : 0 SUM : 0
rocksdb.read.block.compaction.micros P50 : 3.384753 P95 : 8.242286 P99 : 1178.851410 P100 : 311859.000000 COUNT : 2610727 SUM : 87030746
rocksdb.read.block.get.micros P50 : 5.260274 P95 : 876.463881 P99 : 1635.296080 P100 : 592448.000000 COUNT : 1475736 SUM : 149331422
rocksdb.write.raw.block.micros P50 : 0.536035 P95 : 1.345457 P99 : 2.736509 P100 : 8548.000000 COUNT : 3040923 SUM : 8734231
rocksdb.numfiles.in.singlecompaction P50 : 10.000000 P95 : 20.950000 P99 : 21.000000 P100 : 21.000000 COUNT : 12 SUM : 134
rocksdb.db.seek.micros P50 : 0.000000 P95 : 0.000000 P99 : 0.000000 P100 : 0.000000 COUNT : 0 SUM : 0
rocksdb.db.write.stall P50 : 1297.042396 P95 : 2803.712040 P99 : 2887.187142 P100 : 847564.000000 COUNT : 52846 SUM : 105111250
rocksdb.sst.read.micros P50 : 0.881483 P95 : 4.765563 P99 : 1422.354607 P100 : 592434.000000 COUNT : 4086886 SUM : 221034342
rocksdb.file.read.flush.micros P50 : 4.571429 P95 : 65.423077 P99 : 106.600000 P100 : 1887.000000 COUNT : 320 SUM : 8961
rocksdb.file.read.compaction.micros P50 : 0.735336 P95 : 4.012853 P99 : 1153.438259 P100 : 311830.000000 COUNT : 2610971 SUM : 78859104
rocksdb.file.read.db.open.micros P50 : 0.000000 P95 : 0.000000 P99 : 0.000000 P100 : 0.000000 COUNT : 0 SUM : 0
rocksdb.file.read.get.micros P50 : 0.000000 P95 : 0.000000 P99 : 0.000000 P100 : 0.000000 COUNT : 0 SUM : 0
rocksdb.file.read.multiget.micros P50 : 0.000000 P95 : 0.000000 P99 : 0.000000 P100 : 0.000000 COUNT : 0 SUM : 0
rocksdb.file.read.db.iterator.micros P50 : 0.000000 P95 : 0.000000 P99 : 0.000000 P100 : 0.000000 COUNT : 0 SUM : 0
rocksdb.file.read.verify.db.checksum.micros P50 : 0.000000 P95 : 0.000000 P99 : 0.000000 P100 : 0.000000 COUNT : 0 SUM : 0
rocksdb.file.read.verify.file.checksums.micros P50 : 0.000000 P95 : 0.000000 P99 : 0.000000 P100 : 0.000000 COUNT : 0 SUM : 0
rocksdb.sst.write.micros P50 : 0.502344 P95 : 0.954454 P99 : 0.994642 P100 : 8546.000000 COUNT : 6081987 SUM : 7031952
rocksdb.file.write.flush.micros P50 : 0.501658 P95 : 0.953151 P99 : 0.993284 P100 : 7596.000000 COUNT : 2429008 SUM : 3029056
rocksdb.file.write.compaction.micros P50 : 0.502801 P95 : 0.955322 P99 : 0.995547 P100 : 8546.000000 COUNT : 3652979 SUM : 4002896
rocksdb.file.write.db.open.micros P50 : 0.000000 P95 : 0.000000 P99 : 0.000000 P100 : 0.000000 COUNT : 0 SUM : 0
rocksdb.num.subcompactions.scheduled P50 : 0.000000 P95 : 0.000000 P99 : 0.000000 P100 : 0.000000 COUNT : 0 SUM : 0
rocksdb.bytes.per.read P50 : 1024.000000 P95 : 1024.000000 P99 : 1024.000000 P100 : 1024.000000 COUNT : 400000 SUM : 402178048
rocksdb.bytes.per.write P50 : 1086.662055 P95 : 1281.657904 P99 : 1298.990868 P100 : 4188.000000 COUNT : 4931702 SUM : 5279180424
rocksdb.bytes.per.multiget P50 : 0.000000 P95 : 0.000000 P99 : 0.000000 P100 : 0.000000 COUNT : 0 SUM : 0
rocksdb.compression.times.nanos P50 : 0.000000 P95 : 0.000000 P99 : 0.000000 P100 : 0.000000 COUNT : 0 SUM : 0
rocksdb.decompression.times.nanos P50 : 0.000000 P95 : 0.000000 P99 : 0.000000 P100 : 0.000000 COUNT : 0 SUM : 0
rocksdb.read.num.merge_operands P50 : 0.000000 P95 : 0.000000 P99 : 0.000000 P100 : 0.000000 COUNT : 0 SUM : 0
rocksdb.blobdb.key.size P50 : 0.000000 P95 : 0.000000 P99 : 0.000000 P100 : 0.000000 COUNT : 0 SUM : 0
rocksdb.blobdb.value.size P50 : 0.000000 P95 : 0.000000 P99 : 0.000000 P100 : 0.000000 COUNT : 0 SUM : 0
rocksdb.blobdb.write.micros P50 : 0.000000 P95 : 0.000000 P99 : 0.000000 P100 : 0.000000 COUNT : 0 SUM : 0
rocksdb.blobdb.get.micros P50 : 0.000000 P95 : 0.000000 P99 : 0.000000 P100 : 0.000000 COUNT : 0 SUM : 0
rocksdb.blobdb.multiget.micros P50 : 0.000000 P95 : 0.000000 P99 : 0.000000 P100 : 0.000000 COUNT : 0 SUM : 0
rocksdb.blobdb.seek.micros P50 : 0.000000 P95 : 0.000000 P99 : 0.000000 P100 : 0.000000 COUNT : 0 SUM : 0
rocksdb.blobdb.next.micros P50 : 0.000000 P95 : 0.000000 P99 : 0.000000 P100 : 0.000000 COUNT : 0 SUM : 0
rocksdb.blobdb.prev.micros P50 : 0.000000 P95 : 0.000000 P99 : 0.000000 P100 : 0.000000 COUNT : 0 SUM : 0
rocksdb.blobdb.blob.file.write.micros P50 : 0.000000 P95 : 0.000000 P99 : 0.000000 P100 : 0.000000 COUNT : 0 SUM : 0
rocksdb.blobdb.blob.file.read.micros P50 : 0.000000 P95 : 0.000000 P99 : 0.000000 P100 : 0.000000 COUNT : 0 SUM : 0
rocksdb.blobdb.blob.file.sync.micros P50 : 0.000000 P95 : 0.000000 P99 : 0.000000 P100 : 0.000000 COUNT : 0 SUM : 0
rocksdb.blobdb.compression.micros P50 : 0.000000 P95 : 0.000000 P99 : 0.000000 P100 : 0.000000 COUNT : 0 SUM : 0
rocksdb.blobdb.decompression.micros P50 : 0.000000 P95 : 0.000000 P99 : 0.000000 P100 : 0.000000 COUNT : 0 SUM : 0
rocksdb.db.flush.micros P50 : 596363.636364 P95 : 1180000.000000 P99 : 1243977.000000 P100 : 1243977.000000 COUNT : 80 SUM : 54423967
rocksdb.sst.batch.size P50 : 0.000000 P95 : 0.000000 P99 : 0.000000 P100 : 0.000000 COUNT : 0 SUM : 0
rocksdb.multiget.io.batch.size P50 : 0.000000 P95 : 0.000000 P99 : 0.000000 P100 : 0.000000 COUNT : 0 SUM : 0
rocksdb.num.index.and.filter.blocks.read.per.level P50 : 0.000000 P95 : 0.000000 P99 : 0.000000 P100 : 0.000000 COUNT : 0 SUM : 0
rocksdb.num.sst.read.per.level P50 : 0.000000 P95 : 0.000000 P99 : 0.000000 P100 : 0.000000 COUNT : 0 SUM : 0
rocksdb.num.level.read.per.multiget P50 : 0.000000 P95 : 0.000000 P99 : 0.000000 P100 : 0.000000 COUNT : 0 SUM : 0
rocksdb.error.handler.autoresume.retry.count P50 : 0.000000 P95 : 0.000000 P99 : 0.000000 P100 : 0.000000 COUNT : 0 SUM : 0
rocksdb.async.read.bytes P50 : 0.000000 P95 : 0.000000 P99 : 0.000000 P100 : 0.000000 COUNT : 0 SUM : 0
rocksdb.poll.wait.micros P50 : 0.000000 P95 : 0.000000 P99 : 0.000000 P100 : 0.000000 COUNT : 0 SUM : 0
rocksdb.compaction.prefetch.bytes P50 : 0.000000 P95 : 0.000000 P99 : 0.000000 P100 : 0.000000 COUNT : 0 SUM : 0
rocksdb.prefetched.bytes.discarded P50 : 0.000000 P95 : 0.000000 P99 : 0.000000 P100 : 0.000000 COUNT : 0 SUM : 0
rocksdb.async.prefetch.abort.micros P50 : 0.000000 P95 : 0.000000 P99 : 0.000000 P100 : 0.000000 COUNT : 0 SUM : 0
rocksdb.table.open.prefetch.tail.read.bytes P50 : 0.000000 P95 : 0.000000 P99 : 0.000000 P100 : 0.000000 COUNT : 0 SUM : 0
rocksdb.num.op.per.transaction P50 : 0.000000 P95 : 0.000000 P99 : 0.000000 P100 : 0.000000 COUNT : 0 SUM : 0
rocksdb.multiscan.op.prepare.iterators.micros P50 : 0.000000 P95 : 0.000000 P99 : 0.000000 P100 : 0.000000 COUNT : 0 SUM : 0
rocksdb.multiscan.prepare.micros P50 : 0.000000 P95 : 0.000000 P99 : 0.000000 P100 : 0.000000 COUNT : 0 SUM : 0
rocksdb.multiscan.blocks.per.prepare P50 : 0.000000 P95 : 0.000000 P99 : 0.000000 P100 : 0.000000 COUNT : 0 SUM : 0
rocksdb.block.key.distribution.cv P50 : 0.000000 P95 : 0.000000 P99 : 0.000000 P100 : 0.000000 COUNT : 0 SUM : 0

[EXPERIMENT_COMPLETED]
