RocksDB:    version 11.3.0
Date:       Tue May 26 10:53:26 2026
CPU:        2 * Intel Xeon Processor (SapphireRapids)
CPUCache:   16384 KB
2026/05/26-10:53:27  ... thread 0: (27000,27000) ops and (21149.9,21149.9) ops/second in (1.276602,1.276602) seconds
2026/05/26-10:53:27  ... thread 3: (30000,30000) ops and (23351.5,23351.5) ops/second in (1.284712,1.284712) seconds
2026/05/26-10:53:27  ... thread 1: (33000,33000) ops and (25713.1,25713.1) ops/second in (1.283393,1.283393) seconds
2026/05/26-10:53:27  ... thread 2: (34000,34000) ops and (26306.5,26306.5) ops/second in (1.292458,1.292458) seconds
2026/05/26-10:53:28  ... thread 3: (30000,60000) ops and (29710.5,26150.0) ops/second in (1.009744,2.294456) seconds
2026/05/26-10:53:28  ... thread 0: (34000,61000) ops and (33491.4,26616.8) ops/second in (1.015185,2.291787) seconds
2026/05/26-10:53:28  ... thread 1: (30000,63000) ops and (29194.1,27260.9) ops/second in (1.027605,2.310998) seconds
2026/05/26-10:53:28  ... thread 2: (27000,61000) ops and (23213.4,24841.4) ops/second in (1.163123,2.455581) seconds
2026/05/26-10:53:29  ... thread 3: (26000,86000) ops and (25795.7,26041.9) ops/second in (1.007920,3.302376) seconds
2026/05/26-10:53:29  ... thread 1: (26000,89000) ops and (25964.1,26868.9) ops/second in (1.001384,3.312382) seconds
2026/05/26-10:53:29  ... thread 0: (28000,89000) ops and (27333.1,26838.1) ops/second in (1.024399,3.316186) seconds
2026/05/26-10:53:30  ... thread 2: (26000,87000) ops and (14197.6,20294.5) ops/second in (1.831299,4.286880) seconds
2026/05/26-10:53:30  ... thread 3: (7000,93000) ops and (6941.1,21573.4) ops/second in (1.008484,4.310860) seconds
2026/05/26-10:53:30  ... thread 1: (8000,97000) ops and (7947.5,22459.0) ops/second in (1.006601,4.318983) seconds
2026/05/26-10:53:30  ... thread 0: (9000,98000) ops and (8836.8,22608.5) ops/second in (1.018464,4.334650) seconds
2026/05/26-10:53:31  ... thread 0: (15000,113000) ops and (13430.9,20728.3) ops/second in (1.116826,5.451476) seconds
2026/05/26-10:53:31  ... thread 2: (13000,100000) ops and (11087.5,18317.1) ops/second in (1.172488,5.459368) seconds
2026/05/26-10:53:31  ... thread 3: (17000,110000) ops and (14719.0,20125.0) ops/second in (1.154968,5.465828) seconds
2026/05/26-10:53:31  ... thread 1: (15000,112000) ops and (12979.3,20457.9) ops/second in (1.155682,5.474665) seconds
2026/05/26-10:53:32  ... thread 1: (27000,139000) ops and (25624.1,21291.7) ops/second in (1.053696,6.528361) seconds
2026/05/26-10:53:33  ... thread 2: (30000,130000) ops and (26861.9,19768.3) ops/second in (1.116825,6.576193) seconds
2026/05/26-10:53:33  ... thread 3: (34000,144000) ops and (30356.1,21865.0) ops/second in (1.120037,6.585865) seconds
2026/05/26-10:53:33  ... thread 0: (34000,147000) ops and (30012.5,22325.7) ops/second in (1.132861,6.584337) seconds
2026/05/26-10:53:34  ... thread 2: (15000,145000) ops and (12741.9,18701.4) ops/second in (1.177218,7.753411) seconds
2026/05/26-10:53:34  ... thread 1: (15000,154000) ops and (12205.0,19852.1) ops/second in (1.229003,7.757364) seconds
2026/05/26-10:53:34  ... thread 3: (16000,160000) ops and (13459.2,20579.7) ops/second in (1.188775,7.774640) seconds
2026/05/26-10:53:34  ... thread 0: (16000,163000) ops and (13377.2,20950.1) ops/second in (1.196068,7.780405) seconds
2026/05/26-10:53:35  ... thread 2: (32000,177000) ops and (21228.2,19112.7) ops/second in (1.507431,9.260842) seconds
2026/05/26-10:53:35  ... thread 0: (30000,193000) ops and (20146.3,20820.9) ops/second in (1.489107,9.269512) seconds
2026/05/26-10:53:35  ... thread 1: (30000,184000) ops and (19701.0,19827.3) ops/second in (1.522769,9.280133) seconds
2026/05/26-10:53:35  ... thread 3: (33000,193000) ops and (21861.2,20788.1) ops/second in (1.509525,9.284165) seconds
2026/05/26-10:53:36  ... thread 2: (16000,193000) ops and (13237.8,18434.5) ops/second in (1.208659,10.469501) seconds
2026/05/26-10:53:36  ... thread 3: (16000,209000) ops and (13434.0,19951.9) ops/second in (1.191009,10.475174) seconds
2026/05/26-10:53:36  ... thread 1: (16000,200000) ops and (13154.9,19054.1) ops/second in (1.216277,10.496410) seconds
2026/05/26-10:53:37  ... thread 0: (14000,207000) ops and (11070.7,19650.4) ops/second in (1.264602,10.534114) seconds
2026/05/26-10:53:37  ... thread 2: (18000,211000) ops and (17566.8,18357.1) ops/second in (1.024658,11.494159) seconds
2026/05/26-10:53:37  ... thread 3: (16000,225000) ops and (15496.7,19552.2) ops/second in (1.032479,11.507653) seconds
2026/05/26-10:53:38  ... thread 0: (15000,222000) ops and (14877.7,19233.5) ops/second in (1.008217,11.542331) seconds
2026/05/26-10:53:38  ... thread 1: (17000,217000) ops and (16174.9,18792.1) ops/second in (1.051010,11.547420) seconds
2026/05/26-10:53:39  ... thread 3: (29000,254000) ops and (19186.8,19509.8) ops/second in (1.511456,13.019109) seconds
2026/05/26-10:53:39  ... thread 0: (29000,251000) ops and (19687.0,19284.9) ops/second in (1.473054,13.015385) seconds
2026/05/26-10:53:39  ... thread 2: (33000,244000) ops and (21606.7,18738.3) ops/second in (1.527302,13.021461) seconds
2026/05/26-10:53:39  ... thread 1: (28000,245000) ops and (18935.9,18808.4) ops/second in (1.478672,13.026092) seconds
2026/05/26-10:53:40  ... thread 3: (16000,270000) ops and (13242.8,18977.6) ops/second in (1.208200,14.227309) seconds
2026/05/26-10:53:40  ... thread 0: (16000,267000) ops and (13178.9,18763.9) ops/second in (1.214064,14.229449) seconds
2026/05/26-10:53:40  ... thread 1: (16000,261000) ops and (13115.7,18320.9) ops/second in (1.219909,14.246001) seconds
2026/05/26-10:53:40  ... thread 2: (16000,260000) ops and (12818.5,18220.5) ops/second in (1.248196,14.269657) seconds
2026/05/26-10:53:41  ... thread 0: (17000,284000) ops and (14304.7,18420.2) ops/second in (1.188418,15.417867) seconds
2026/05/26-10:53:41  ... thread 1: (13000,274000) ops and (11047.7,17766.0) ops/second in (1.176714,15.422715) seconds
2026/05/26-10:53:41  ... thread 2: (15000,275000) ops and (12904.5,17820.1) ops/second in (1.162385,15.432042) seconds
2026/05/26-10:53:41  ... thread 3: (16000,286000) ops and (13174.0,18521.1) ops/second in (1.214516,15.441825) seconds
2026/05/26-10:53:43  ... thread 3: (13000,299000) ops and (10856.6,17969.6) ops/second in (1.197425,16.639250) seconds
2026/05/26-10:53:43  ... thread 2: (16000,291000) ops and (13134.5,17477.3) ops/second in (1.218169,16.650211) seconds
2026/05/26-10:53:43  ... thread 1: (17000,291000) ops and (13873.3,17479.5) ops/second in (1.225379,16.648094) seconds
2026/05/26-10:53:43  ... thread 0: (17000,301000) ops and (13579.8,18056.7) ops/second in (1.251858,16.669725) seconds
2026/05/26-10:53:44  ... thread 2: (15000,306000) ops and (10876.4,16972.3) ops/second in (1.379127,18.029338) seconds
2026/05/26-10:53:44  ... thread 3: (17000,316000) ops and (12070.9,17509.3) ops/second in (1.408340,18.047590) seconds
2026/05/26-10:53:44  ... thread 0: (13000,314000) ops and (9439.1,17399.0) ops/second in (1.377255,18.046980) seconds
2026/05/26-10:53:44  ... thread 1: (17000,308000) ops and (12080.4,17058.7) ops/second in (1.407233,18.055327) seconds
2026/05/26-10:53:45  ... thread 2: (19000,325000) ops and (18961.3,17077.1) ops/second in (1.002043,19.031381) seconds
2026/05/26-10:53:45  ... thread 3: (17000,333000) ops and (16976.7,17481.3) ops/second in (1.001372,19.048962) seconds
2026/05/26-10:53:45  ... thread 0: (18000,332000) ops and (17683.4,17414.2) ops/second in (1.017901,19.064881) seconds
2026/05/26-10:53:45  ... thread 1: (20000,328000) ops and (19189.1,17174.9) ops/second in (1.042257,19.097584) seconds
2026/05/26-10:53:46  ... thread 3: (27000,360000) ops and (26706.5,17946.2) ops/second in (1.010988,20.059950) seconds
2026/05/26-10:53:47  ... thread 2: (29000,354000) ops and (17041.4,17074.1) ops/second in (1.701741,20.733122) seconds
2026/05/26-10:53:47  ... thread 1: (29000,357000) ops and (17596.6,17208.4) ops/second in (1.648045,20.745629) seconds
2026/05/26-10:53:47  ... thread 0: (27000,359000) ops and (15798.2,17281.3) ops/second in (1.709051,20.773932) seconds
2026/05/26-10:53:47  ... thread 3: (8000,368000) ops and (7917.2,17465.3) ops/second in (1.010460,21.070410) seconds
2026/05/26-10:53:48  ... thread 2: (30000,384000) ops and (29777.6,17662.8) ops/second in (1.007468,21.740590) seconds
2026/05/26-10:53:48  ... thread 1: (24000,381000) ops and (23538.8,17505.0) ops/second in (1.019593,21.765222) seconds
2026/05/26-10:53:48  ... thread 0: (25000,384000) ops and (24674.4,17625.1) ops/second in (1.013197,21.787129) seconds
2026/05/26-10:53:48  ... thread 3: (26000,394000) ops and (18177.9,17510.6) ops/second in (1.430306,22.500716) seconds
2026/05/26-10:53:49  ... thread 2: (11000,395000) ops and (10698.6,17348.3) ops/second in (1.028175,22.768765) seconds
2026/05/26-10:53:49  ... thread 1: (10000,391000) ops and (9857.8,17164.4) ops/second in (1.014427,22.779649) seconds
2026/05/26-10:53:49  ... thread 0: (12000,396000) ops and (11850.7,17368.6) ops/second in (1.012598,22.799727) seconds
2026/05/26-10:53:49  ... thread 3: (31000,425000) ops and (30963.7,18083.7) ops/second in (1.001172,23.501888) seconds
2026/05/26-10:53:50  ... thread 1: (25000,416000) ops and (17640.7,17192.3) ops/second in (1.417174,24.196823) seconds
2026/05/26-10:53:50  ... thread 2: (25000,420000) ops and (17214.9,17340.3) ops/second in (1.452234,24.220999) seconds
2026/05/26-10:53:50  ... thread 0: (20000,416000) ops and (14050.3,17173.6) ops/second in (1.423453,24.223180) seconds
2026/05/26-10:53:50  ... thread 3: (9000,434000) ops and (8943.9,17708.4) ops/second in (1.006276,24.508164) seconds
2026/05/26-10:53:51  ... thread 1: (33000,449000) ops and (32538.2,17809.7) ops/second in (1.014193,25.211016) seconds
2026/05/26-10:53:52  ... thread 2: (29000,449000) ops and (17112.4,17325.4) ops/second in (1.694680,25.915679) seconds
2026/05/26-10:53:52  ... thread 3: (22000,456000) ops and (15515.8,17588.5) ops/second in (1.417906,25.926070) seconds
2026/05/26-10:53:52  ... thread 0: (33000,449000) ops and (19401.0,17319.8) ops/second in (1.700945,25.924125) seconds
2026/05/26-10:53:52  ... thread 1: (12000,461000) ops and (11866.9,17580.5) ops/second in (1.011214,26.222230) seconds
2026/05/26-10:53:53  ... thread 2: (28000,477000) ops and (27603.9,17712.6) ops/second in (1.014348,26.930027) seconds
2026/05/26-10:53:53  ... thread 0: (30000,479000) ops and (29543.9,17780.5) ops/second in (1.015437,26.939562) seconds
2026/05/26-10:53:53  ... thread 3: (29000,485000) ops and (28243.1,17994.4) ops/second in (1.026799,26.952869) seconds
2026/05/26-10:53:53  ... thread 1: (23000,484000) ops and (22725.5,17771.7) ops/second in (1.012079,27.234309) seconds
2026/05/26-10:53:54  ... thread 3: (17000,502000) ops and (12245.0,17712.7) ops/second in (1.388318,28.341187) seconds
2026/05/26-10:53:54  ... thread 0: (17000,496000) ops and (12098.9,17498.9) ops/second in (1.405087,28.344649) seconds
2026/05/26-10:53:54  ... thread 2: (17000,494000) ops and (11993.5,17426.6) ops/second in (1.417433,28.347460) seconds
2026/05/26-10:53:54  ... thread 1: (15000,499000) ops and (13391.0,17598.6) ops/second in (1.120158,28.354467) seconds
2026/05/26-10:53:55  ... thread 3: (31000,533000) ops and (28831.9,18119.2) ops/second in (1.075197,29.416384) seconds
2026/05/26-10:53:55  ... thread 2: (30000,524000) ops and (26391.6,17772.2) ops/second in (1.136727,29.484187) seconds
2026/05/26-10:53:56  ... thread 0: (31000,527000) ops and (24856.0,17809.0) ops/second in (1.247186,29.591835) seconds
2026/05/26-10:53:56  ... thread 1: (32000,531000) ops and (19583.5,17706.8) ops/second in (1.634027,29.988494) seconds
2026/05/26-10:53:56  ... thread 2: (2000,526000) ops and (1948.0,17239.7) ops/second in (1.026698,30.510885) seconds
2026/05/26-10:53:57  ... thread 3: (3000,536000) ops and (2107.1,17380.0) ops/second in (1.423730,30.840114) seconds
2026/05/26-10:53:57  ... thread 1: (1000,532000) ops and (936.2,17130.0) ops/second in (1.068126,31.056620) seconds
2026/05/26-10:53:57  ... thread 0: (2000,529000) ops and (1346.7,17022.3) ops/second in (1.485096,31.076931) seconds
2026/05/26-10:53:58  ... thread 0: (2000,531000) ops and (1753.3,16481.7) ops/second in (1.140687,32.217618) seconds
2026/05/26-10:53:58  ... thread 3: (2000,538000) ops and (1433.8,16689.9) ops/second in (1.394884,32.234998) seconds
2026/05/26-10:53:58  ... thread 2: (2000,528000) ops and (1129.0,16355.7) ops/second in (1.771433,32.282318) seconds
2026/05/26-10:53:58  ... thread 1: (4000,536000) ops and (3248.0,16600.5) ops/second in (1.231544,32.288164) seconds
2026/05/26-10:53:59  ... thread 0: (27000,558000) ops and (25757.2,16774.0) ops/second in (1.048249,33.265867) seconds
2026/05/26-10:53:59  ... thread 3: (26000,564000) ops and (24919.5,16948.0) ops/second in (1.043361,33.278359) seconds
2026/05/26-10:53:59  ... thread 1: (29000,565000) ops and (28963.3,16972.4) ops/second in (1.001267,33.289431) seconds
2026/05/26-10:53:59  ... thread 2: (27000,555000) ops and (26476.1,16665.6) ops/second in (1.019789,33.302107) seconds
2026/05/26-10:54:01  ... thread 3: (28000,592000) ops and (17080.9,16954.2) ops/second in (1.639255,34.917614) seconds
2026/05/26-10:54:01  ... thread 1: (32000,597000) ops and (19655.6,17097.5) ops/second in (1.628036,34.917467) seconds
2026/05/26-10:54:01  ... thread 0: (30000,588000) ops and (17915.5,16828.7) ops/second in (1.674528,34.940395) seconds
2026/05/26-10:54:01  ... thread 2: (32000,587000) ops and (19211.6,16786.9) ops/second in (1.665662,34.967769) seconds
2026/05/26-10:54:02  ... thread 3: (32000,624000) ops and (31904.5,17371.6) ops/second in (1.002992,35.920606) seconds
2026/05/26-10:54:02  ... thread 1: (31000,628000) ops and (30355.0,17474.2) ops/second in (1.021247,35.938714) seconds
2026/05/26-10:54:02  ... thread 0: (31000,619000) ops and (30933.9,17221.9) ops/second in (1.002137,35.942532) seconds
2026/05/26-10:54:02  ... thread 2: (28000,615000) ops and (25678.5,17055.8) ops/second in (1.090406,36.058175) seconds
2026/05/26-10:54:03  ... thread 1: (15000,643000) ops and (12285.8,17303.7) ops/second in (1.220922,37.159636) seconds
2026/05/26-10:54:03  ... thread 2: (17000,632000) ops and (14764.3,16984.9) ops/second in (1.151423,37.209598) seconds
2026/05/26-10:54:04  ... thread 3: (18000,642000) ops and (10989.5,17093.3) ops/second in (1.637922,37.558528) seconds
2026/05/26-10:54:04  ... thread 0: (19000,638000) ops and (10898.9,16929.4) ops/second in (1.743302,37.685834) seconds
2026/05/26-10:54:04  ... thread 1: (2000,645000) ops and (1523.3,16765.2) ops/second in (1.312903,38.472539) seconds
2026/05/26-10:54:05  ... thread 2: (2000,634000) ops and (1319.5,16371.7) ops/second in (1.515783,38.725381) seconds
2026/05/26-10:54:05  ... thread 0: (3000,641000) ops and (2457.5,16475.4) ops/second in (1.220756,38.906590) seconds
2026/05/26-10:54:05  ... thread 3: (2000,644000) ops and (1211.9,16424.9) ops/second in (1.650279,39.208807) seconds
2026/05/26-10:54:06  ... thread 1: (2000,647000) ops and (1247.3,16144.3) ops/second in (1.603425,40.075964) seconds
2026/05/26-10:54:06  ... thread 0: (3000,644000) ops and (2204.0,15992.9) ops/second in (1.361177,40.267767) seconds
2026/05/26-10:54:06  ... thread 2: (3000,637000) ops and (1911.8,15808.6) ops/second in (1.569240,40.294621) seconds
2026/05/26-10:54:06  ... thread 3: (1000,645000) ops and (867.3,15980.4) ops/second in (1.153022,40.361829) seconds
2026/05/26-10:54:07  ... thread 0: (3000,647000) ops and (2436.4,15590.7) ops/second in (1.231333,41.499100) seconds
2026/05/26-10:54:08  ... thread 3: (2000,647000) ops and (1696.0,15574.9) ops/second in (1.179264,41.541093) seconds
2026/05/26-10:54:08  ... thread 1: (2000,649000) ops and (1246.7,15570.9) ops/second in (1.604228,41.680192) seconds
2026/05/26-10:54:08  ... thread 2: (2000,639000) ops and (1372.4,15304.7) ops/second in (1.457291,41.751912) seconds
2026/05/26-10:54:09  ... thread 2: (2000,641000) ops and (1979.7,14989.9) ops/second in (1.010274,42.762186) seconds
2026/05/26-10:54:09  ... thread 1: (2000,651000) ops and (1723.7,15195.9) ops/second in (1.160270,42.840462) seconds
2026/05/26-10:54:09  ... thread 3: (2000,649000) ops and (1449.4,15120.8) ops/second in (1.379922,42.921015) seconds
2026/05/26-10:54:09  ... thread 0: (2000,649000) ops and (1253.8,15060.0) ops/second in (1.595135,43.094235) seconds
2026/05/26-10:54:10  ... thread 1: (2000,653000) ops and (1521.7,14788.9) ops/second in (1.314302,44.154764) seconds
2026/05/26-10:54:10  ... thread 3: (2000,651000) ops and (1561.0,14727.8) ops/second in (1.281255,44.202270) seconds
2026/05/26-10:54:10  ... thread 2: (3000,644000) ops and (2029.1,14556.7) ops/second in (1.478462,44.240648) seconds
2026/05/26-10:54:10  ... thread 0: (2000,651000) ops and (1514.9,14657.4) ops/second in (1.320215,44.414450) seconds
2026/05/26-10:54:12  ... thread 0: (3000,654000) ops and (2674.7,14362.2) ops/second in (1.121640,45.536090) seconds
2026/05/26-10:54:12  ... thread 3: (2000,653000) ops and (1337.1,14289.5) ops/second in (1.495778,45.698048) seconds
2026/05/26-10:54:12  ... thread 1: (2000,655000) ops and (1262.7,14320.5) ops/second in (1.583903,45.738667) seconds
2026/05/26-10:54:12  ... thread 2: (2000,646000) ops and (1152.9,14051.0) ops/second in (1.734746,45.975394) seconds
2026/05/26-10:54:13  ... thread 1: (2000,657000) ops and (1657.6,13995.0) ops/second in (1.206575,46.945242) seconds
2026/05/26-10:54:13  ... thread 3: (3000,656000) ops and (2232.0,13945.0) ops/second in (1.344070,47.042118) seconds
2026/05/26-10:54:14  ... thread 0: (2000,656000) ops and (996.0,13797.7) ops/second in (2.008060,47.544150) seconds
2026/05/26-10:54:14  ... thread 2: (1000,647000) ops and (539.1,13527.0) ops/second in (1.854778,47.830172) seconds
2026/05/26-10:54:14  ... thread 1: (1000,658000) ops and (856.7,13676.3) ops/second in (1.167219,48.112461) seconds
2026/05/26-10:54:14  ... thread 3: (2000,658000) ops and (1487.0,13598.7) ops/second in (1.345016,48.387134) seconds
2026/05/26-10:54:15  ... thread 1: (1000,659000) ops and (858.2,13373.2) ops/second in (1.165233,49.277694) seconds
2026/05/26-10:54:15  ... thread 0: (1000,657000) ops and (522.5,13284.0) ops/second in (1.913939,49.458089) seconds
2026/05/26-10:54:15  ... thread 2: (2000,649000) ops and (1175.0,13102.6) ops/second in (1.702149,49.532321) seconds
2026/05/26-10:54:16  ... thread 3: (2000,660000) ops and (1442.5,13260.0) ops/second in (1.386468,49.773602) seconds
2026/05/26-10:54:16  ... thread 1: (1000,660000) ops and (995.9,13126.0) ops/second in (1.004087,50.281781) seconds
2026/05/26-10:54:17  ... thread 2: (2000,651000) ops and (1256.2,12733.6) ops/second in (1.592079,51.124400) seconds
2026/05/26-10:54:17  ... thread 0: (1000,658000) ops and (560.0,12840.6) ops/second in (1.785698,51.243787) seconds
2026/05/26-10:54:18  ... thread 3: (2000,662000) ops and (1130.5,12843.7) ops/second in (1.769101,51.542703) seconds
2026/05/26-10:54:18  ... thread 1: (2000,662000) ops and (1189.8,12739.9) ops/second in (1.681008,51.962789) seconds
2026/05/26-10:54:18  ... thread 2: (1000,652000) ops and (994.7,12507.3) ops/second in (1.005346,52.129746) seconds
2026/05/26-10:54:18  ... thread 0: (2000,660000) ops and (1569.4,12567.1) ops/second in (1.274347,52.518134) seconds
2026/05/26-10:54:19  ... thread 3: (1000,663000) ops and (681.9,12507.3) ops/second in (1.466541,53.009244) seconds
2026/05/26-10:54:19  ... thread 1: (1000,663000) ops and (743.2,12437.1) ops/second in (1.345580,53.308369) seconds
2026/05/26-10:54:20  ... thread 2: (2000,654000) ops and (1134.6,12135.3) ops/second in (1.762695,53.892441) seconds
2026/05/26-10:54:20  ... thread 0: (1000,661000) ops and (614.1,12207.6) ops/second in (1.628459,54.146593) seconds
2026/05/26-10:54:20  ... thread 3: (1000,664000) ops and (812.2,12241.8) ops/second in (1.231174,54.240418) seconds
2026/05/26-10:54:20  ... thread 1: (2000,665000) ops and (1790.9,12218.6) ops/second in (1.116759,54.425128) seconds
2026/05/26-10:54:21  ... thread 0: (2000,663000) ops and (1466.5,11943.7) ops/second in (1.363751,55.510344) seconds
2026/05/26-10:54:22  ... thread 2: (1000,655000) ops and (567.0,11768.7) ops/second in (1.763668,55.656109) seconds
2026/05/26-10:54:22  ... thread 1: (2000,667000) ops and (1105.6,11861.1) ops/second in (1.808993,56.234121) seconds
2026/05/26-10:54:22  ... thread 3: (2000,666000) ops and (885.4,11787.8) ops/second in (2.258781,56.499199) seconds
2026/05/26-10:54:23  ... thread 2: (1000,656000) ops and (914.3,11559.5) ops/second in (1.093756,56.749865) seconds
2026/05/26-10:54:23  ... thread 0: (2000,665000) ops and (1605.2,11716.8) ops/second in (1.245918,56.756262) seconds
2026/05/26-10:54:23  ... thread 1: (18000,685000) ops and (17709.0,11965.0) ops/second in (1.016431,57.250552) seconds
2026/05/26-10:54:24  ... thread 3: (24000,690000) ops and (22894.5,11990.1) ops/second in (1.048286,57.547485) seconds
2026/05/26-10:54:24  ... thread 2: (30000,686000) ops and (29802.1,11877.5) ops/second in (1.006639,57.756504) seconds
2026/05/26-10:54:24  ... thread 0: (30000,695000) ops and (29407.2,12029.1) ops/second in (1.020158,57.776420) seconds
2026/05/26-10:54:24  ... thread 1: (22000,707000) ops and (21671.1,12134.1) ops/second in (1.015178,58.265730) seconds
2026/05/26-10:54:25  ... thread 3: (29000,719000) ops and (24651.8,12243.7) ops/second in (1.176387,58.723872) seconds
2026/05/26-10:54:25  ... thread 2: (25000,711000) ops and (24527.5,12096.8) ops/second in (1.019266,58.775770) seconds
2026/05/26-10:54:25  ... thread 0: (22000,717000) ops and (21385.4,12192.8) ops/second in (1.028738,58.805158) seconds
2026/05/26-10:54:26  ... thread 1: (28000,735000) ops and (20500.1,12325.7) ops/second in (1.365847,59.631577) seconds
2026/05/26-10:54:26  ... thread 3: (18000,737000) ops and (17354.7,12332.4) ops/second in (1.037181,59.761053) seconds
2026/05/26-10:54:26  ... thread 2: (18000,729000) ops and (17862.9,12194.0) ops/second in (1.007677,59.783447) seconds
2026/05/26-10:54:26  ... thread 0: (17000,734000) ops and (16535.2,12267.4) ops/second in (1.028111,59.833269) seconds
2026/05/26-10:54:27  ... thread 1: (32000,767000) ops and (31391.8,12646.1) ops/second in (1.019374,60.650951) seconds
2026/05/26-10:54:27  ... thread 2: (25000,754000) ops and (24087.8,12397.0) ops/second in (1.037871,60.821318) seconds
2026/05/26-10:54:27  ... thread 3: (29000,766000) ops and (27298.7,12593.8) ops/second in (1.062322,60.823375) seconds
2026/05/26-10:54:27  ... thread 0: (26000,760000) ops and (25984.1,12493.0) ops/second in (1.000613,60.833882) seconds
2026/05/26-10:54:28  ... thread 1: (17000,784000) ops and (16782.3,12714.1) ops/second in (1.012970,61.663921) seconds
2026/05/26-10:54:28  ... thread 2: (20000,774000) ops and (19986.8,12519.8) ops/second in (1.000660,61.821978) seconds
2026/05/26-10:54:28  ... thread 3: (19000,785000) ops and (18723.5,12694.4) ops/second in (1.014765,61.838140) seconds
2026/05/26-10:54:28  ... thread 0: (19000,779000) ops and (18495.4,12592.7) ops/second in (1.027280,61.861162) seconds
2026/05/26-10:54:29  ... thread 1: (32000,816000) ops and (28387.9,12995.5) ops/second in (1.127239,62.791160) seconds
2026/05/26-10:54:29  ... thread 2: (28000,802000) ops and (27672.6,12763.8) ops/second in (1.011833,62.833811) seconds
2026/05/26-10:54:29  ... thread 3: (30000,815000) ops and (29422.3,12965.8) ops/second in (1.019634,62.857774) seconds
2026/05/26-10:54:29  ... thread 0: (30000,809000) ops and (29252.1,12864.4) ops/second in (1.025567,62.886729) seconds
2026/05/26-10:54:30  ... thread 1: (32000,848000) ops and (31477.8,13289.9) ops/second in (1.016591,63.807751) seconds
2026/05/26-10:54:30  ... thread 2: (30000,832000) ops and (29901.7,13033.2) ops/second in (1.003286,63.837097) seconds
2026/05/26-10:54:30  ... thread 3: (30000,845000) ops and (29780.0,13231.0) ops/second in (1.007389,63.865163) seconds
2026/05/26-10:54:30  ... thread 0: (32000,841000) ops and (31782.7,13162.5) ops/second in (1.006837,63.893566) seconds
2026/05/26-10:54:31  ... thread 0: (13000,854000) ops and (10919.4,13121.5) ops/second in (1.190541,65.084107) seconds
2026/05/26-10:54:31  ... thread 3: (15000,860000) ops and (9879.9,13153.2) ops/second in (1.518228,65.383391) seconds
2026/05/26-10:54:31  ... thread 2: (16000,848000) ops and (10245.9,12966.6) ops/second in (1.561603,65.398700) seconds
2026/05/26-10:54:32  ... thread 1: (15000,863000) ops and (6630.2,13061.9) ops/second in (2.262389,66.070140) seconds
2026/05/26-10:54:32  ... thread 3: (2000,862000) ops and (1846.8,12969.0) ops/second in (1.082949,66.466340) seconds
2026/05/26-10:54:33  ... thread 2: (1000,849000) ops and (771.4,12729.6) ops/second in (1.296282,66.694982) seconds
2026/05/26-10:54:33  ... thread 0: (3000,857000) ops and (1727.0,12825.3) ops/second in (1.737140,66.821247) seconds
2026/05/26-10:54:34  ... thread 3: (1000,863000) ops and (927.7,12776.8) ops/second in (1.077981,67.544321) seconds
2026/05/26-10:54:34  ... thread 1: (2000,865000) ops and (1207.4,12771.9) ops/second in (1.656434,67.726574) seconds
2026/05/26-10:54:34  ... thread 2: (1000,850000) ops and (745.6,12493.3) ops/second in (1.341268,68.036250) seconds
2026/05/26-10:54:34  ... thread 0: (2000,859000) ops and (1574.0,12615.3) ops/second in (1.270682,68.091929) seconds
2026/05/26-10:54:35  ... thread 1: (1000,866000) ops and (749.7,12539.7) ops/second in (1.333943,69.060517) seconds
2026/05/26-10:54:35  ... thread 2: (1000,851000) ops and (853.2,12296.2) ops/second in (1.172021,69.208271) seconds
2026/05/26-10:54:35  ... thread 0: (3000,862000) ops and (2203.0,12411.1) ops/second in (1.361810,69.453739) seconds
2026/05/26-10:54:36  ... thread 3: (2000,865000) ops and (847.9,12374.3) ops/second in (2.358897,69.903218) seconds
2026/05/26-10:54:36  ... thread 2: (1000,852000) ops and (859.8,12107.2) ops/second in (1.163103,70.371374) seconds
2026/05/26-10:54:37  ... thread 0: (2000,864000) ops and (1234.4,12156.3) ops/second in (1.620274,71.074013) seconds
2026/05/26-10:54:38  ... thread 1: (2000,868000) ops and (759.6,12107.1) ops/second in (2.632957,71.693474) seconds
2026/05/26-10:54:38  ... thread 3: (2000,867000) ops and (1083.4,12083.7) ops/second in (1.846057,71.749275) seconds
2026/05/26-10:54:38  ... thread 2: (3000,855000) ops and (1885.6,11881.2) ops/second in (1.591042,71.962416) seconds
2026/05/26-10:54:38  ... thread 0: (2000,866000) ops and (1470.6,11955.7) ops/second in (1.359960,72.433973) seconds
2026/05/26-10:54:39  ... thread 3: (1000,868000) ops and (940.5,11921.0) ops/second in (1.063249,72.812524) seconds
2026/05/26-10:54:39  ... thread 2: (2000,857000) ops and (1932.2,11740.1) ops/second in (1.035112,72.997528) seconds
2026/05/26-10:54:39  ... thread 1: (1000,869000) ops and (631.1,11858.9) ops/second in (1.584538,73.278012) seconds
2026/05/26-10:54:40  ... thread 0: (2000,868000) ops and (1238.3,11721.9) ops/second in (1.615166,74.049139) seconds
2026/05/26-10:54:40  ... thread 2: (1000,858000) ops and (660.1,11514.9) ops/second in (1.514900,74.512428) seconds
2026/05/26-10:54:41  ... thread 1: (2000,871000) ops and (1405.3,11659.8) ops/second in (1.423144,74.701156) seconds
2026/05/26-10:54:41  ... thread 3: (2000,870000) ops and (837.7,11569.1) ops/second in (2.387621,75.200145) seconds
2026/05/26-10:54:42  ... thread 2: (2000,860000) ops and (1563.4,11346.9) ops/second in (1.279256,75.791684) seconds
2026/05/26-10:54:42  ... thread 1: (2000,873000) ops and (1679.5,11503.2) ops/second in (1.190802,75.891958) seconds
2026/05/26-10:54:42  ... thread 0: (2000,870000) ops and (1035.1,11450.2) ops/second in (1.932214,75.981353) seconds
2026/05/26-10:54:42  ... thread 3: (2000,872000) ops and (1956.7,11440.2) ops/second in (1.022149,76.222294) seconds
2026/05/26-10:54:43  ... thread 2: (17000,877000) ops and (15400.9,11405.1) ops/second in (1.103831,76.895515) seconds
2026/05/26-10:54:43  ... thread 1: (20000,893000) ops and (19676.5,11611.2) ops/second in (1.016441,76.908399) seconds
2026/05/26-10:54:43  ... thread 0: (22000,892000) ops and (21976.4,11587.1) ops/second in (1.001074,76.982427) seconds
2026/05/26-10:54:43  ... thread 3: (29000,901000) ops and (28556.9,11665.3) ops/second in (1.015516,77.237810) seconds
2026/05/26-10:54:44  ... thread 2: (33000,910000) ops and (29038.0,11661.9) ops/second in (1.136443,78.031958) seconds
2026/05/26-10:54:44  ... thread 0: (27000,919000) ops and (25130.3,11773.5) ops/second in (1.074402,78.056829) seconds
2026/05/26-10:54:44  ... thread 1: (30000,923000) ops and (25982.6,11823.8) ops/second in (1.154618,78.063017) seconds
2026/05/26-10:54:44  ... thread 3: (24000,925000) ops and (23839.5,11821.9) ops/second in (1.006734,78.244544) seconds
2026/05/26-10:54:45  ... thread 2: (33000,943000) ops and (32741.0,11930.7) ops/second in (1.007912,79.039870) seconds
2026/05/26-10:54:45  ... thread 1: (30000,953000) ops and (29456.2,12050.9) ops/second in (1.018460,79.081477) seconds
2026/05/26-10:54:45  ... thread 0: (28000,947000) ops and (27256.2,11974.6) ops/second in (1.027291,79.084120) seconds
2026/05/26-10:54:45  ... thread 3: (24000,949000) ops and (23597.6,11973.0) ops/second in (1.017051,79.261595) seconds
2026/05/26-10:54:46  ... thread 0: (15000,962000) ops and (13734.7,11998.6) ops/second in (1.092123,80.176243) seconds
2026/05/26-10:54:46  ... thread 1: (16000,969000) ops and (14569.0,12085.4) ops/second in (1.098225,80.179702) seconds
2026/05/26-10:54:46  ... thread 2: (19000,962000) ops and (16420.5,11995.5) ops/second in (1.157092,80.196962) seconds
2026/05/26-10:54:46  ... thread 3: (19000,968000) ops and (18524.3,12056.7) ops/second in (1.025682,80.287277) seconds
2026/05/26-10:54:47  ... thread 1: (17000,986000) ops and (16071.3,12137.3) ops/second in (1.057789,81.237491) seconds
2026/05/26-10:54:47  ... thread 2: (16000,978000) ops and (14951.5,12034.4) ops/second in (1.070124,81.267086) seconds
2026/05/26-10:54:47  ... thread 3: (13000,981000) ops and (12619.7,12063.8) ops/second in (1.030138,81.317415) seconds
2026/05/26-10:54:47  ... thread 0: (15000,977000) ops and (11141.6,11984.4) ops/second in (1.346301,81.522544) seconds
2026/05/26-10:54:48  ... thread 2: (1000,979000) ops and (894.9,11883.3) ops/second in (1.117495,82.384581) seconds
2026/05/26-10:54:49  ... thread 1: (1000,987000) ops and (704.5,11940.9) ops/second in (1.419486,82.656977) seconds
2026/05/26-10:54:49  ... thread 3: (2000,983000) ops and (1300.8,11864.1) ops/second in (1.537549,82.854964) seconds
2026/05/26-10:54:49  ... thread 0: (3000,980000) ops and (1660.0,11760.5) ops/second in (1.807181,83.329725) seconds
2026/05/26-10:54:49  ... thread 2: (2000,981000) ops and (1974.2,11762.9) ops/second in (1.013082,83.397663) seconds
2026/05/26-10:54:50  ... thread 1: (2000,989000) ops and (1482.0,11772.9) ops/second in (1.349569,84.006546) seconds
2026/05/26-10:54:50  ... thread 3: (2000,985000) ops and (1467.5,11695.9) ops/second in (1.362887,84.217851) seconds
2026/05/26-10:54:50  ... thread 0: (1000,981000) ops and (848.7,11608.4) ops/second in (1.178250,84.507975) seconds
2026/05/26-10:54:51  ... thread 2: (2000,983000) ops and (1179.8,11552.1) ops/second in (1.695186,85.092849) seconds
2026/05/26-10:54:51  ... thread 3: (2000,987000) ops and (1808.0,11567.7) ops/second in (1.106186,85.324037) seconds
2026/05/26-10:54:52  ... thread 1: (2000,991000) ops and (1061.8,11538.0) ops/second in (1.883654,85.890200) seconds
2026/05/26-10:54:52  ... thread 0: (2000,983000) ops and (1322.6,11427.6) ops/second in (1.512168,86.020143) seconds
2026/05/26-10:54:52  ... thread 2: (1000,984000) ops and (835.0,11403.3) ops/second in (1.197618,86.290467) seconds
2026/05/26-10:54:53  ... thread 1: (2000,993000) ops and (1781.5,11412.1) ops/second in (1.122649,87.012849) seconds
2026/05/26-10:54:53  ... thread 3: (2000,989000) ops and (1056.6,11339.6) ops/second in (1.892791,87.216828) seconds
2026/05/26-10:54:53  ... thread 0: (2000,985000) ops and (1651.3,11291.8) ops/second in (1.211146,87.231289) seconds
2026/05/26-10:54:54  ... thread 2: (2000,986000) ops and (1039.4,11177.3) ops/second in (1.924215,88.214682) seconds
2026/05/26-10:54:54  ... thread 3: (1000,990000) ops and (939.7,11214.2) ops/second in (1.064221,88.281049) seconds
2026/05/26-10:54:55  ... thread 1: (2000,995000) ops and (1138.6,11208.8) ops/second in (1.756561,88.769410) seconds
2026/05/26-10:54:55  ... thread 0: (3000,988000) ops and (1572.2,11083.8) ops/second in (1.908169,89.139458) seconds
2026/05/26-10:54:56  ... thread 2: (1000,987000) ops and (742.2,11020.3) ops/second in (1.347310,89.561992) seconds
2026/05/26-10:54:56  ... thread 3: (3000,993000) ops and (2027.9,11062.8) ops/second in (1.479373,89.760422) seconds
2026/05/26-10:54:56  ... thread 1: (2000,997000) ops and (1901.1,11099.8) ops/second in (1.052015,89.821425) seconds
2026/05/26-10:54:56  ... thread 0: (1000,989000) ops and (756.9,10932.9) ops/second in (1.321116,90.460574) seconds
2026/05/26-10:54:57  ... thread 3: (1000,994000) ops and (972.9,10948.5) ops/second in (1.027889,90.788311) seconds
2026/05/26-10:54:57  ... thread 2: (2000,989000) ops and (1342.1,10861.9) ops/second in (1.490152,91.052144) seconds
2026/05/26-10:54:58  ... thread 0: (2000,991000) ops and (1735.6,10817.3) ops/second in (1.152356,91.612930) seconds
2026/05/26-10:54:58  ... thread 1: (2000,999000) ops and (1058.7,10893.0) ops/second in (1.889181,91.710606) seconds
2026/05/26-10:54:58  ... thread 2: (2000,991000) ops and (1730.3,10747.4) ops/second in (1.155871,92.208015) seconds
2026/05/26-10:54:58  ... thread 3: (1000,995000) ops and (686.7,10786.5) ops/second in (1.456231,92.244542) seconds
2026/05/26-10:54:59  ... thread 1: (2000,1001000) ops and (1373.7,10744.2) ops/second in (1.455890,93.166496) seconds
2026/05/26-10:54:59  ... thread 2: (1000,992000) ops and (879.8,10627.3) ops/second in (1.136637,93.344652) seconds
2026/05/26-10:55:00  ... thread 3: (2000,997000) ops and (1462.8,10650.4) ops/second in (1.367209,93.611751) seconds
2026/05/26-10:55:00  ... thread 0: (2000,993000) ops and (986.0,10604.3) ops/second in (2.028449,93.641379) seconds
2026/05/26-10:55:00  ... thread 1: (1000,1002000) ops and (962.5,10636.3) ops/second in (1.038917,94.205413) seconds
2026/05/26-10:55:01  ... thread 0: (1000,994000) ops and (974.7,10499.9) ops/second in (1.025992,94.667371) seconds
2026/05/26-10:55:01  ... thread 2: (1000,993000) ops and (722.1,10482.5) ops/second in (1.384819,94.729471) seconds
2026/05/26-10:55:01  ... thread 3: (1000,998000) ops and (701.6,10501.2) ops/second in (1.425218,95.036969) seconds
2026/05/26-10:55:01  ... thread 1: (1000,1003000) ops and (798.7,10507.3) ops/second in (1.252081,95.457494) seconds
2026/05/26-10:55:02  ... thread 0: (1000,995000) ops and (681.5,10350.1) ops/second in (1.467339,96.134710) seconds
2026/05/26-10:55:03  ... thread 2: (1000,994000) ops and (464.4,10259.8) ops/second in (2.153255,96.882726) seconds
2026/05/26-10:55:03  ... thread 3: (1000,999000) ops and (527.5,10306.1) ops/second in (1.895596,96.932565) seconds
2026/05/26-10:55:03  ... thread 1: (2000,1005000) ops and (1244.9,10354.0) ops/second in (1.606532,97.064026) seconds
2026/05/26-10:55:03  ... thread 0: (2000,997000) ops and (1669.5,10243.2) ops/second in (1.197931,97.332641) seconds
2026/05/26-10:55:04  ... thread 2: (2000,996000) ops and (1464.9,10137.6) ops/second in (1.365290,98.248016) seconds
2026/05/26-10:55:04  ... thread 1: (1000,1006000) ops and (816.9,10235.2) ops/second in (1.224171,98.288197) seconds
2026/05/26-10:55:05  ... thread 3: (1000,1000000) ops and (524.0,10117.3) ops/second in (1.908486,98.841051) seconds
2026/05/26-10:55:05  ... thread 2: (1000,997000) ops and (861.1,10029.2) ops/second in (1.161349,99.409365) seconds
2026/05/26-10:55:06  ... thread 0: (1000,998000) ops and (414.1,10005.3) ops/second in (2.414824,99.747465) seconds
2026/05/26-10:55:06  ... thread 1: (2000,1008000) ops and (1028.3,10056.5) ops/second in (1.945023,100.233220) seconds
2026/05/26-10:55:07  ... thread 3: (1000,1001000) ops and (472.9,9915.2) ops/second in (2.114733,100.955784) seconds
2026/05/26-10:55:08  ... thread 0: (2000,1000000) ops and (965.2,9821.3) ops/second in (2.072081,101.819546) seconds
2026/05/26-10:55:08  ... thread 1: (1000,1009000) ops and (609.7,9904.4) ops/second in (1.640190,101.873410) seconds
2026/05/26-10:55:08  ... thread 2: (2000,999000) ops and (735.8,9781.9) ops/second in (2.717978,102.127343) seconds
2026/05/26-10:55:09  ... thread 3: (2000,1003000) ops and (1099.7,9759.2) ops/second in (1.818665,102.774449) seconds
2026/05/26-10:55:09  ... thread 1: (1000,1010000) ops and (666.0,9770.3) ops/second in (1.501487,103.374897) seconds
2026/05/26-10:55:10  ... thread 2: (1000,1000000) ops and (637.2,9643.5) ops/second in (1.569483,103.696826) seconds
2026/05/26-10:55:10  ... thread 0: (2000,1002000) ops and (769.6,9596.0) ops/second in (2.598672,104.418218) seconds
2026/05/26-10:55:11  ... thread 3: (2000,1005000) ops and (1004.7,9592.9) ops/second in (1.990548,104.764997) seconds
2026/05/26-10:55:11  ... thread 1: (2000,1012000) ops and (1410.2,9657.1) ops/second in (1.418211,104.793108) seconds
2026/05/26-10:55:11  ... thread 2: (1000,1001000) ops and (905.8,9551.5) ops/second in (1.103950,104.800776) seconds
2026/05/26-10:55:12  ... thread 0: (21000,1023000) ops and (17312.1,9684.6) ops/second in (1.213022,105.631240) seconds
2026/05/26-10:55:12  ... thread 3: (25000,1030000) ops and (24331.5,9736.0) ops/second in (1.027476,105.792473) seconds
2026/05/26-10:55:12  ... thread 1: (27000,1039000) ops and (26495.8,9819.3) ops/second in (1.019031,105.812139) seconds
2026/05/26-10:55:12  ... thread 2: (29000,1030000) ops and (28142.2,9732.5) ops/second in (1.030481,105.831257) seconds
2026/05/26-10:55:13  ... thread 2: (26000,1056000) ops and (19307.9,9852.8) ops/second in (1.346600,107.177857) seconds
2026/05/26-10:55:13  ... thread 3: (26000,1056000) ops and (18664.6,9852.1) ops/second in (1.393015,107.185488) seconds
2026/05/26-10:55:13  ... thread 0: (31000,1054000) ops and (19929.7,9833.3) ops/second in (1.555466,107.186706) seconds
2026/05/26-10:55:13  ... thread 1: (26000,1065000) ops and (18719.9,9934.6) ops/second in (1.388900,107.201039) seconds
2026/05/26-10:55:14  ... thread 1: (28000,1093000) ops and (24819.4,10089.6) ops/second in (1.128151,108.329190) seconds
2026/05/26-10:55:14  ... thread 2: (34000,1090000) ops and (29286.4,10061.0) ops/second in (1.160948,108.338805) seconds
2026/05/26-10:55:14  ... thread 0: (30000,1084000) ops and (25994.9,10005.5) ops/second in (1.154071,108.340777) seconds
2026/05/26-10:55:14  ... thread 3: (32000,1088000) ops and (27578.8,10041.9) ops/second in (1.160310,108.345798) seconds
2026/05/26-10:55:15  ... thread 3: (27000,1115000) ops and (26933.6,10196.8) ops/second in (1.002464,109.348262) seconds
2026/05/26-10:55:15  ... thread 0: (30000,1114000) ops and (29881.2,10188.0) ops/second in (1.003977,109.344754) seconds
2026/05/26-10:55:15  ... thread 2: (28000,1118000) ops and (27578.4,10223.7) ops/second in (1.015286,109.354091) seconds
2026/05/26-10:55:15  ... thread 1: (29000,1122000) ops and (28250.4,10260.1) ops/second in (1.026534,109.355724) seconds
2026/05/26-10:55:16  ... thread 0: (13000,1127000) ops and (12824.3,10212.2) ops/second in (1.013704,110.358458) seconds
2026/05/26-10:55:16  ... thread 3: (16000,1131000) ops and (15718.7,10247.7) ops/second in (1.017896,110.366158) seconds
2026/05/26-10:55:16  ... thread 1: (11000,1133000) ops and (10910.2,10266.0) ops/second in (1.008228,110.363952) seconds
2026/05/26-10:55:16  ... thread 2: (15000,1133000) ops and (14785.9,10265.6) ops/second in (1.014477,110.368568) seconds
2026/05/26-10:55:17  ... thread 1: (29000,1162000) ops and (28552.7,10432.8) ops/second in (1.015664,111.379616) seconds
2026/05/26-10:55:17  ... thread 0: (32000,1159000) ops and (31218.7,10405.5) ops/second in (1.025028,111.383486) seconds
2026/05/26-10:55:17  ... thread 3: (28000,1159000) ops and (27046.2,10403.8) ops/second in (1.035264,111.401422) seconds
2026/05/26-10:55:17  ... thread 2: (31000,1164000) ops and (29881.2,10448.3) ops/second in (1.037441,111.406009) seconds
2026/05/26-10:55:19  ... thread 0: (22000,1181000) ops and (15489.7,10469.5) ops/second in (1.420295,112.803781) seconds
2026/05/26-10:55:19  ... thread 3: (21000,1180000) ops and (14090.3,10452.5) ops/second in (1.490382,112.891804) seconds
2026/05/26-10:55:19  ... thread 2: (20000,1184000) ops and (11900.2,10469.8) ops/second in (1.680640,113.086649) seconds
2026/05/26-10:55:20  ... thread 3: (1000,1181000) ops and (890.0,10358.2) ops/second in (1.123644,114.015448) seconds
2026/05/26-10:55:20  ... thread 2: (2000,1186000) ops and (1772.0,10383.9) ops/second in (1.128670,114.215319) seconds
2026/05/26-10:55:20  ... thread 1: (24000,1186000) ops and (8144.9,10373.8) ops/second in (2.946638,114.326254) seconds
2026/05/26-10:55:21  ... thread 0: (1000,1182000) ops and (515.2,10301.1) ops/second in (1.940969,114.744750) seconds
2026/05/26-10:55:22  ... thread 3: (1000,1182000) ops and (636.5,10226.1) ops/second in (1.571124,115.586572) seconds
2026/05/26-10:55:22  ... thread 2: (2000,1188000) ops and (1246.8,10257.3) ops/second in (1.604168,115.819487) seconds
2026/05/26-10:55:22  ... thread 0: (1000,1183000) ops and (854.1,10205.7) ops/second in (1.170863,115.915613) seconds
2026/05/26-10:55:22  ... thread 1: (2000,1188000) ops and (1218.1,10244.2) ops/second in (1.641885,115.968139) seconds
2026/05/26-10:55:23  ... thread 3: (1000,1183000) ops and (728.5,10114.6) ops/second in (1.372623,116.959195) seconds
2026/05/26-10:55:23  ... thread 2: (2000,1190000) ops and (1298.7,10139.8) ops/second in (1.540026,117.359513) seconds
2026/05/26-10:55:24  ... thread 1: (2000,1190000) ops and (1193.5,10115.3) ops/second in (1.675721,117.643860) seconds
2026/05/26-10:55:24  ... thread 0: (1000,1184000) ops and (473.8,10031.7) ops/second in (2.110817,118.026430) seconds
2026/05/26-10:55:25  ... thread 2: (2000,1192000) ops and (1514.2,10043.8) ops/second in (1.320829,118.680342) seconds
2026/05/26-10:55:25  ... thread 3: (1000,1184000) ops and (530.1,9962.5) ops/second in (1.886408,118.845603) seconds
2026/05/26-10:55:26  ... thread 1: (1000,1191000) ops and (466.7,9942.7) ops/second in (2.142539,119.786399) seconds
2026/05/26-10:55:26  ... thread 0: (2000,1186000) ops and (1079.8,9893.3) ops/second in (1.852245,119.878675) seconds
2026/05/26-10:55:26  ... thread 3: (3000,1187000) ops and (1877.9,9855.3) ops/second in (1.597515,120.443118) seconds
2026/05/26-10:55:27  ... thread 2: (1000,1193000) ops and (486.5,9881.1) ops/second in (2.055495,120.735837) seconds
2026/05/26-10:55:27  ... thread 0: (1000,1187000) ops and (999.6,9819.7) ops/second in (1.000379,120.879054) seconds
2026/05/26-10:55:27  ... thread 1: (1000,1192000) ops and (781.7,9845.9) ops/second in (1.279228,121.065627) seconds
2026/05/26-10:55:28  ... thread 3: (1000,1188000) ops and (609.7,9731.1) ops/second in (1.640125,122.083243) seconds
2026/05/26-10:55:28  ... thread 2: (1000,1194000) ops and (724.9,9777.6) ops/second in (1.379552,122.115389) seconds
2026/05/26-10:55:28  ... thread 1: (1000,1193000) ops and (945.6,9768.8) ops/second in (1.057558,122.123185) seconds
2026/05/26-10:55:28  ... thread 0: (2000,1189000) ops and (1388.8,9720.5) ops/second in (1.440076,122.319130) seconds
2026/05/26-10:55:29  ... thread 3: (1000,1189000) ops and (908.0,9652.2) ops/second in (1.101271,123.184514) seconds
2026/05/26-10:55:29  ... thread 1: (2000,1195000) ops and (1616.5,9687.1) ops/second in (1.237214,123.360399) seconds
2026/05/26-10:55:30  ... thread 0: (1000,1190000) ops and (777.5,9627.4) ops/second in (1.286108,123.605238) seconds
2026/05/26-10:55:30  ... thread 2: (1000,1195000) ops and (666.1,9667.0) ops/second in (1.501226,123.616615) seconds
2026/05/26-10:55:30  ... thread 3: (19000,1208000) ops and (18965.8,9727.3) ops/second in (1.001801,124.186315) seconds
2026/05/26-10:55:30  ... thread 1: (23000,1218000) ops and (22058.3,9790.8) ops/second in (1.042693,124.403092) seconds
2026/05/26-10:55:31  ... thread 0: (29000,1219000) ops and (28812.1,9782.4) ops/second in (1.006521,124.611759) seconds
2026/05/26-10:55:31  ... thread 2: (27000,1222000) ops and (26278.9,9803.9) ops/second in (1.027442,124.644057) seconds
2026/05/26-10:55:31  ... thread 3: (24000,1232000) ops and (23547.6,9839.8) ops/second in (1.019213,125.205528) seconds
2026/05/26-10:55:32  ... thread 0: (26000,1245000) ops and (25548.3,9910.1) ops/second in (1.017681,125.629440) seconds
2026/05/26-10:55:32  ... thread 2: (24000,1246000) ops and (23492.4,9915.2) ops/second in (1.021605,125.665662) seconds
Initializing RocksDB Options from the specified file
Initializing RocksDB Options from command-line flags
Integrated BlobDB: blob cache disabled
Keys:       16 bytes each (+ 0 bytes user-defined timestamp)
Values:     1024 bytes each (512 bytes after compression)
Entries:    1250000
Prefix:    0 bytes
Keys per prefix:    0
RawSize:    1239.8 MB (estimated)
FileSize:   629.4 MB (estimated)
Write rate: 0 bytes/second
Read rate: 0 ops/second
Compression: Snappy
Compression sampling rate: 0
Memtablerep: SkipListFactory
Perf Level: 1
WARNING: Assertions are enabled; benchmarks unnecessarily slow
------------------------------------------------
Initializing RocksDB Options from the specified file
Initializing RocksDB Options from command-line flags
Integrated BlobDB: blob cache disabled
DB path: [/tmp/rocksdb_comp_exp_db]
fillrandom   :     100.540 micros/op 39742 ops/sec 125.810 seconds 5000000 operations;   39.4 MB/s
2026/05/26-10:55:35  ... thread 1: (1000,1000) ops and (282.0,282.0) ops/second in (3.546398,3.546398) seconds
2026/05/26-10:55:35  ... thread 2: (1000,1000) ops and (275.8,275.8) ops/second in (3.625288,3.625288) seconds
2026/05/26-10:55:35  ... thread 0: (1000,1000) ops and (272.3,272.3) ops/second in (3.672069,3.672069) seconds
2026/05/26-10:55:35  ... thread 3: (1000,1000) ops and (270.0,270.0) ops/second in (3.704239,3.704239) seconds
2026/05/26-10:55:37  ... thread 1: (1000,2000) ops and (494.2,359.1) ops/second in (2.023576,5.569974) seconds
2026/05/26-10:55:37  ... thread 3: (1000,2000) ops and (509.1,352.8) ops/second in (1.964189,5.668428) seconds
2026/05/26-10:55:37  ... thread 2: (1000,2000) ops and (488.8,352.7) ops/second in (2.045814,5.671102) seconds
2026/05/26-10:55:38  ... thread 0: (1000,2000) ops and (480.1,347.5) ops/second in (2.083066,5.755135) seconds
2026/05/26-10:55:39  ... thread 1: (1000,3000) ops and (469.0,389.5) ops/second in (2.132257,7.702231) seconds
2026/05/26-10:55:40  ... thread 0: (1000,3000) ops and (483.6,383.5) ops/second in (2.067701,7.822836) seconds
2026/05/26-10:55:40  ... thread 3: (1000,3000) ops and (456.4,381.7) ops/second in (2.190829,7.859257) seconds
2026/05/26-10:55:40  ... thread 2: (1000,3000) ops and (432.3,375.7) ops/second in (2.313273,7.984375) seconds
2026/05/26-10:55:42  ... thread 1: (1000,4000) ops and (492.2,410.9) ops/second in (2.031821,9.734052) seconds
2026/05/26-10:55:42  ... thread 3: (1000,4000) ops and (429.4,392.6) ops/second in (2.329084,10.188341) seconds
2026/05/26-10:55:42  ... thread 0: (1000,4000) ops and (350.1,374.6) ops/second in (2.856548,10.679384) seconds
2026/05/26-10:55:43  ... thread 2: (1000,4000) ops and (356.3,370.7) ops/second in (2.806379,10.790754) seconds
2026/05/26-10:55:44  ... thread 1: (1000,5000) ops and (496.8,425.6) ops/second in (2.012729,11.746781) seconds
2026/05/26-10:55:44  ... thread 3: (1000,5000) ops and (637.7,425.3) ops/second in (1.568177,11.756518) seconds
2026/05/26-10:55:45  ... thread 0: (1000,5000) ops and (484.7,392.4) ops/second in (2.063292,12.742676) seconds
2026/05/26-10:55:45  ... thread 2: (1000,5000) ops and (466.7,386.6) ops/second in (2.142513,12.933267) seconds
2026/05/26-10:55:46  ... thread 3: (1000,6000) ops and (489.0,434.7) ops/second in (2.045168,13.801686) seconds
2026/05/26-10:55:46  ... thread 1: (1000,6000) ops and (469.1,432.3) ops/second in (2.131841,13.878622) seconds
2026/05/26-10:55:46  ... thread 0: (1000,6000) ops and (706.0,423.8) ops/second in (1.416390,14.159066) seconds
2026/05/26-10:55:46  ... thread 2: (1000,6000) ops and (739.3,420.0) ops/second in (1.352543,14.285810) seconds
2026/05/26-10:55:48  ... thread 3: (1000,7000) ops and (464.3,438.7) ops/second in (2.153944,15.955630) seconds
2026/05/26-10:55:48  ... thread 1: (1000,7000) ops and (480.4,438.6) ops/second in (2.081561,15.960183) seconds
2026/05/26-10:55:48  ... thread 0: (1000,7000) ops and (512.0,434.5) ops/second in (1.953017,16.112083) seconds
2026/05/26-10:55:48  ... thread 2: (1000,7000) ops and (478.2,427.4) ops/second in (2.091244,16.377054) seconds
2026/05/26-10:55:50  ... thread 1: (1000,8000) ops and (537.1,448.9) ops/second in (1.861757,17.821940) seconds
2026/05/26-10:55:50  ... thread 3: (1000,8000) ops and (528.6,448.2) ops/second in (1.891749,17.847379) seconds
2026/05/26-10:55:50  ... thread 0: (1000,8000) ops and (524.1,444.0) ops/second in (1.907953,18.020036) seconds
2026/05/26-10:55:50  ... thread 2: (1000,8000) ops and (547.0,439.4) ops/second in (1.828039,18.205093) seconds
2026/05/26-10:55:51  ... thread 1: (1000,9000) ops and (535.1,457.1) ops/second in (1.868663,19.690603) seconds
2026/05/26-10:55:51  ... thread 3: (1000,9000) ops and (534.6,456.4) ops/second in (1.870440,19.717819) seconds
2026/05/26-10:55:52  ... thread 0: (1000,9000) ops and (537.8,452.7) ops/second in (1.859319,19.879355) seconds
2026/05/26-10:55:52  ... thread 2: (1000,9000) ops and (551.8,449.6) ops/second in (1.812223,20.017316) seconds
2026/05/26-10:55:53  ... thread 1: (1000,10000) ops and (501.7,461.2) ops/second in (1.993152,21.683755) seconds
2026/05/26-10:55:54  ... thread 3: (1000,10000) ops and (474.0,458.1) ops/second in (2.109678,21.827497) seconds
2026/05/26-10:55:54  ... thread 0: (1000,10000) ops and (499.5,457.0) ops/second in (2.002189,21.881544) seconds
2026/05/26-10:55:54  ... thread 2: (1000,10000) ops and (516.5,455.5) ops/second in (1.935929,21.953245) seconds
2026/05/26-10:55:55  ... thread 1: (1000,11000) ops and (802.8,479.7) ops/second in (1.245637,22.929392) seconds
2026/05/26-10:55:55  ... thread 3: (1000,11000) ops and (564.3,466.1) ops/second in (1.772093,23.599590) seconds
2026/05/26-10:55:55  ... thread 0: (1000,11000) ops and (576.0,465.8) ops/second in (1.736194,23.617738) seconds
2026/05/26-10:55:56  ... thread 2: (1000,11000) ops and (555.9,463.1) ops/second in (1.798996,23.752241) seconds
2026/05/26-10:55:56  ... thread 1: (1000,12000) ops and (701.4,492.7) ops/second in (1.425748,24.355140) seconds
2026/05/26-10:55:57  ... thread 2: (1000,12000) ops and (661.2,475.0) ops/second in (1.512503,25.264744) seconds
2026/05/26-10:55:57  ... thread 1: (1000,13000) ops and (893.8,510.3) ops/second in (1.118799,25.473939) seconds
2026/05/26-10:55:57  ... thread 3: (2000,13000) ops and (1050.2,509.7) ops/second in (1.904378,25.503968) seconds
2026/05/26-10:55:57  ... thread 0: (2000,13000) ops and (1029.5,508.6) ops/second in (1.942598,25.560336) seconds
2026/05/26-10:55:58  ... thread 3: (2000,15000) ops and (1935.3,565.2) ops/second in (1.033429,26.537397) seconds
2026/05/26-10:55:58  ... thread 1: (2000,15000) ops and (1642.9,562.0) ops/second in (1.217337,26.691276) seconds
2026/05/26-10:55:59  ... thread 0: (2000,15000) ops and (965.6,542.9) ops/second in (2.071338,27.631674) seconds
2026/05/26-10:55:59  ... thread 2: (3000,15000) ops and (1261.7,542.6) ops/second in (2.377714,27.642458) seconds
2026/05/26-10:56:00  ... thread 3: (1000,16000) ops and (796.8,575.7) ops/second in (1.255083,27.792480) seconds
2026/05/26-10:56:00  ... thread 1: (1000,16000) ops and (872.5,574.8) ops/second in (1.146173,27.837449) seconds
2026/05/26-10:56:01  ... thread 0: (3000,18000) ops and (1716.2,612.7) ops/second in (1.748049,29.379723) seconds
2026/05/26-10:56:02  ... thread 2: (3000,18000) ops and (1427.0,605.1) ops/second in (2.102329,29.744787) seconds
2026/05/26-10:56:02  ... thread 3: (3000,19000) ops and (1501.1,637.8) ops/second in (1.998477,29.790957) seconds
2026/05/26-10:56:02  ... thread 1: (3000,19000) ops and (1302.3,630.4) ops/second in (2.303633,30.141082) seconds
2026/05/26-10:56:02  ... thread 0: (1000,19000) ops and (903.5,623.2) ops/second in (1.106846,30.486569) seconds
2026/05/26-10:56:03  ... thread 2: (1000,19000) ops and (990.2,617.8) ops/second in (1.009892,30.754679) seconds
2026/05/26-10:56:03  ... thread 3: (1000,20000) ops and (926.5,647.9) ops/second in (1.079286,30.870243) seconds
2026/05/26-10:56:03  ... thread 1: (1000,20000) ops and (631.2,630.4) ops/second in (1.584357,31.725439) seconds
2026/05/26-10:56:04  ... thread 0: (1000,20000) ops and (696.6,626.5) ops/second in (1.435475,31.922044) seconds
2026/05/26-10:56:04  ... thread 2: (1000,20000) ops and (698.5,621.4) ops/second in (1.431626,32.186305) seconds
2026/05/26-10:56:04  ... thread 3: (1000,21000) ops and (726.7,651.2) ops/second in (1.376004,32.246247) seconds
2026/05/26-10:56:05  ... thread 1: (1000,21000) ops and (657.0,631.6) ops/second in (1.522126,33.247565) seconds
2026/05/26-10:56:05  ... thread 0: (1000,21000) ops and (624.3,626.4) ops/second in (1.601845,33.523889) seconds
2026/05/26-10:56:06  ... thread 3: (1000,22000) ops and (653.3,651.3) ops/second in (1.530733,33.776980) seconds
2026/05/26-10:56:06  ... thread 2: (1000,21000) ops and (610.7,620.9) ops/second in (1.637389,33.823694) seconds
2026/05/26-10:56:07  ... thread 1: (1000,22000) ops and (627.2,631.4) ops/second in (1.594367,34.841932) seconds
2026/05/26-10:56:07  ... thread 0: (1000,22000) ops and (646.6,627.3) ops/second in (1.546554,35.070443) seconds
2026/05/26-10:56:07  ... thread 3: (1000,23000) ops and (612.0,649.5) ops/second in (1.634036,35.411016) seconds
2026/05/26-10:56:07  ... thread 2: (1000,22000) ops and (585.4,619.2) ops/second in (1.708181,35.531875) seconds
2026/05/26-10:56:09  ... thread 1: (1000,23000) ops and (527.2,626.0) ops/second in (1.896792,36.738724) seconds
2026/05/26-10:56:09  ... thread 0: (1000,23000) ops and (581.4,625.2) ops/second in (1.719966,36.790409) seconds
2026/05/26-10:56:09  ... thread 3: (1000,24000) ops and (657.4,649.8) ops/second in (1.521061,36.932077) seconds
2026/05/26-10:56:09  ... thread 2: (1000,23000) ops and (688.6,621.9) ops/second in (1.452269,36.984144) seconds
2026/05/26-10:56:10  ... thread 1: (2000,25000) ops and (1890.9,661.4) ops/second in (1.057722,37.796446) seconds
2026/05/26-10:56:10  ... thread 0: (3000,26000) ops and (2184.9,681.3) ops/second in (1.373036,38.163445) seconds
2026/05/26-10:56:10  ... thread 2: (3000,26000) ops and (2234.3,678.4) ops/second in (1.342723,38.326867) seconds
2026/05/26-10:56:10  ... thread 3: (3000,27000) ops and (2126.6,704.2) ops/second in (1.410722,38.342799) seconds
2026/05/26-10:56:11  ... thread 1: (3000,28000) ops and (2588.9,718.8) ops/second in (1.158783,38.955229) seconds
2026/05/26-10:56:11  ... thread 0: (3000,29000) ops and (2561.3,737.3) ops/second in (1.171295,39.334740) seconds
2026/05/26-10:56:11  ... thread 3: (3000,30000) ops and (2752.4,760.8) ops/second in (1.089973,39.432772) seconds
2026/05/26-10:56:11  ... thread 2: (3000,29000) ops and (2698.8,735.3) ops/second in (1.111592,39.438459) seconds
2026/05/26-10:56:12  ... thread 1: (3000,31000) ops and (2880.1,775.1) ops/second in (1.041620,39.996849) seconds
2026/05/26-10:56:12  ... thread 0: (4000,33000) ops and (3212.0,813.2) ops/second in (1.245338,40.580078) seconds
2026/05/26-10:56:12  ... thread 2: (4000,33000) ops and (3391.0,812.4) ops/second in (1.179578,40.618037) seconds
2026/05/26-10:56:12  ... thread 3: (4000,34000) ops and (3292.0,836.5) ops/second in (1.215074,40.647846) seconds
2026/05/26-10:56:13  ... thread 1: (4000,35000) ops and (3658.5,851.8) ops/second in (1.093349,41.090198) seconds
2026/05/26-10:56:13  ... thread 0: (4000,37000) ops and (3780.1,888.6) ops/second in (1.058162,41.638240) seconds
2026/05/26-10:56:13  ... thread 3: (4000,38000) ops and (3888.4,911.8) ops/second in (1.028708,41.676554) seconds
2026/05/26-10:56:13  ... thread 2: (4000,37000) ops and (3734.1,887.5) ops/second in (1.071212,41.689249) seconds
2026/05/26-10:56:14  ... thread 1: (5000,40000) ops and (4461.0,947.6) ops/second in (1.120824,42.211022) seconds
2026/05/26-10:56:15  ... thread 0: (5000,42000) ops and (4489.5,982.4) ops/second in (1.113714,42.751954) seconds
2026/05/26-10:56:15  ... thread 2: (5000,42000) ops and (4567.5,981.7) ops/second in (1.094693,42.783942) seconds
2026/05/26-10:56:15  ... thread 3: (5000,43000) ops and (4508.5,1005.0) ops/second in (1.109017,42.785571) seconds
2026/05/26-10:56:15  ... thread 1: (6000,46000) ops and (5108.1,1060.3) ops/second in (1.174612,43.385634) seconds
2026/05/26-10:56:16  ... thread 0: (6000,48000) ops and (5620.5,1095.4) ops/second in (1.067517,43.819471) seconds
2026/05/26-10:56:16  ... thread 3: (6000,49000) ops and (5640.2,1117.5) ops/second in (1.063791,43.849362) seconds
2026/05/26-10:56:16  ... thread 2: (6000,48000) ops and (5502.3,1094.0) ops/second in (1.090455,43.874397) seconds
2026/05/26-10:56:16  ... thread 1: (7000,53000) ops and (6321.8,1191.2) ops/second in (1.107279,44.492913) seconds
2026/05/26-10:56:17  ... thread 0: (7000,55000) ops and (6447.5,1224.8) ops/second in (1.085699,44.905170) seconds
2026/05/26-10:56:17  ... thread 2: (7000,55000) ops and (6659.5,1224.2) ops/second in (1.051137,44.925534) seconds
2026/05/26-10:56:17  ... thread 3: (7000,56000) ops and (6459.1,1246.3) ops/second in (1.083741,44.933103) seconds
2026/05/26-10:56:17  ... thread 1: (7000,60000) ops and (6996.9,1318.9) ops/second in (1.000446,45.493359) seconds
2026/05/26-10:56:18  ... thread 0: (8000,63000) ops and (7809.7,1371.7) ops/second in (1.024370,45.929540) seconds
2026/05/26-10:56:18  ... thread 3: (9000,65000) ops and (8258.3,1412.3) ops/second in (1.089814,46.022917) seconds
2026/05/26-10:56:18  ... thread 2: (9000,64000) ops and (8189.3,1390.6) ops/second in (1.099001,46.024535) seconds
2026/05/26-10:56:18  ... thread 1: (9000,69000) ops and (8826.8,1483.5) ops/second in (1.019626,46.512985) seconds
2026/05/26-10:56:19  ... thread 0: (10000,73000) ops and (9830.7,1555.0) ops/second in (1.017226,46.946766) seconds
2026/05/26-10:56:19  ... thread 3: (10000,75000) ops and (9899.1,1594.6) ops/second in (1.010192,47.033109) seconds
2026/05/26-10:56:19  ... thread 2: (10000,74000) ops and (9743.4,1572.8) ops/second in (1.026336,47.050871) seconds
2026/05/26-10:56:19  ... thread 1: (12000,81000) ops and (11597.3,1703.6) ops/second in (1.034721,47.547706) seconds
2026/05/26-10:56:20  ... thread 0: (13000,86000) ops and (12828.2,1793.2) ops/second in (1.013394,47.960160) seconds
2026/05/26-10:56:20  ... thread 3: (13000,88000) ops and (12451.0,1830.4) ops/second in (1.044095,48.077204) seconds
2026/05/26-10:56:20  ... thread 2: (13000,87000) ops and (12568.6,1809.3) ops/second in (1.034327,48.085198) seconds
2026/05/26-10:56:20  ... thread 1: (16000,97000) ops and (15244.7,1996.0) ops/second in (1.049548,48.597254) seconds
DB path: [/tmp/rocksdb_comp_exp_db]
readrandom   :     487.979 micros/op 8185 ops/sec 48.869 seconds 400000 operations;    8.0 MB/s (98191 of 100000 found)

STATISTICS:
rocksdb.block.cache.miss COUNT : 3806436
rocksdb.block.cache.hit COUNT : 71724
rocksdb.block.cache.add COUNT : 939489
rocksdb.block.cache.add.failures COUNT : 0
rocksdb.block.cache.index.miss COUNT : 0
rocksdb.block.cache.index.hit COUNT : 0
rocksdb.block.cache.index.add COUNT : 0
rocksdb.block.cache.index.bytes.insert COUNT : 0
rocksdb.block.cache.filter.miss COUNT : 0
rocksdb.block.cache.filter.hit COUNT : 0
rocksdb.block.cache.filter.add COUNT : 0
rocksdb.block.cache.filter.bytes.insert COUNT : 0
rocksdb.block.cache.data.miss COUNT : 3806436
rocksdb.block.cache.data.hit COUNT : 71724
rocksdb.block.cache.data.add COUNT : 939489
rocksdb.block.cache.data.bytes.insert COUNT : 4043534752
rocksdb.block.cache.bytes.read COUNT : 308700096
rocksdb.block.cache.bytes.write COUNT : 4043534752
rocksdb.block.cache.compression.dict.miss COUNT : 0
rocksdb.block.cache.compression.dict.hit COUNT : 0
rocksdb.block.cache.compression.dict.add COUNT : 0
rocksdb.block.cache.compression.dict.bytes.insert COUNT : 0
rocksdb.block.cache.add.redundant COUNT : 9
rocksdb.block.cache.index.add.redundant COUNT : 0
rocksdb.block.cache.filter.add.redundant COUNT : 0
rocksdb.block.cache.data.add.redundant COUNT : 9
rocksdb.block.cache.compression.dict.add.redundant COUNT : 0
rocksdb.secondary.cache.hits COUNT : 0
rocksdb.secondary.cache.filter.hits COUNT : 0
rocksdb.secondary.cache.index.hits COUNT : 0
rocksdb.secondary.cache.data.hits COUNT : 0
rocksdb.compressed.secondary.cache.dummy.hits COUNT : 0
rocksdb.compressed.secondary.cache.hits COUNT : 0
rocksdb.compressed.secondary.cache.promotions COUNT : 0
rocksdb.compressed.secondary.cache.promotion.skips COUNT : 0
rocksdb.bloom.filter.useful COUNT : 0
rocksdb.bloom.filter.full.positive COUNT : 0
rocksdb.bloom.filter.full.true.positive COUNT : 0
rocksdb.bloom.filter.prefix.checked COUNT : 0
rocksdb.bloom.filter.prefix.useful COUNT : 0
rocksdb.bloom.filter.prefix.true.positive COUNT : 0
rocksdb.persistent.cache.hit COUNT : 0
rocksdb.persistent.cache.miss COUNT : 0
rocksdb.sim.block.cache.hit COUNT : 0
rocksdb.sim.block.cache.miss COUNT : 0
rocksdb.memtable.hit COUNT : 7892
rocksdb.memtable.miss COUNT : 392108
rocksdb.l0.hit COUNT : 20818
rocksdb.l1.hit COUNT : 92089
rocksdb.l2andup.hit COUNT : 271946
rocksdb.compaction.key.drop.new COUNT : 3375309
rocksdb.compaction.key.drop.obsolete COUNT : 0
rocksdb.compaction.key.drop.range_del COUNT : 0
rocksdb.compaction.key.drop.user COUNT : 0
rocksdb.compaction.range_del.drop.obsolete COUNT : 0
rocksdb.compaction.optimized.del.drop.obsolete COUNT : 0
rocksdb.compaction.cancelled COUNT : 0
rocksdb.compaction.aborted COUNT : 0
rocksdb.number.keys.written COUNT : 5000000
rocksdb.number.keys.read COUNT : 400000
rocksdb.number.keys.updated COUNT : 0
rocksdb.bytes.written COUNT : 5279044140
rocksdb.bytes.read COUNT : 402170880
rocksdb.number.db.seek COUNT : 0
rocksdb.number.db.next COUNT : 0
rocksdb.number.db.prev COUNT : 0
rocksdb.number.db.seek.found COUNT : 0
rocksdb.number.db.next.found COUNT : 0
rocksdb.number.db.prev.found COUNT : 0
rocksdb.db.iter.bytes.read COUNT : 0
rocksdb.number.iter.skip COUNT : 0
rocksdb.number.reseeks.iteration COUNT : 0
rocksdb.num.iterator.created COUNT : 0
rocksdb.num.iterator.deleted COUNT : 0
rocksdb.no.file.opens COUNT : 156
rocksdb.no.file.errors COUNT : 0
rocksdb.stall.micros COUNT : 87725146
rocksdb.db.mutex.wait.micros COUNT : 0
rocksdb.number.multiget.get COUNT : 0
rocksdb.number.multiget.keys.read COUNT : 0
rocksdb.number.multiget.bytes.read COUNT : 0
rocksdb.number.multiget.keys.found COUNT : 0
rocksdb.number.merge.failures COUNT : 0
rocksdb.getupdatessince.calls COUNT : 0
rocksdb.wal.synced COUNT : 0
rocksdb.wal.bytes COUNT : 5279044140
rocksdb.write.self COUNT : 4920345
rocksdb.write.other COUNT : 79655
rocksdb.write.wal COUNT : 5000000
rocksdb.compact.read.bytes COUNT : 6993767529
rocksdb.compact.write.bytes COUNT : 4968209582
rocksdb.flush.write.bytes COUNT : 2970274537
rocksdb.compact.read.marked.bytes COUNT : 0
rocksdb.compact.read.periodic.bytes COUNT : 0
rocksdb.compact.read.ttl.bytes COUNT : 0
rocksdb.compact.write.marked.bytes COUNT : 0
rocksdb.compact.write.periodic.bytes COUNT : 0
rocksdb.compact.write.ttl.bytes COUNT : 0
rocksdb.number.direct.load.table.properties COUNT : 0
rocksdb.number.superversion_acquires COUNT : 40
rocksdb.number.superversion_releases COUNT : 36
rocksdb.number.superversion_cleanups COUNT : 9
rocksdb.number.block.compressed COUNT : 3250512
rocksdb.number.block.decompressed COUNT : 3806592
rocksdb.bytes.compressed.from COUNT : 13700029132
rocksdb.bytes.compressed.to COUNT : 7922024226
rocksdb.bytes.compression_bypassed COUNT : 0
rocksdb.bytes.compression.rejected COUNT : 0
rocksdb.number.block_compression_bypassed COUNT : 0
rocksdb.number.block_compression_rejected COUNT : 0
rocksdb.bytes.decompressed.from COUNT : 9273776541
rocksdb.bytes.decompressed.to COUNT : 16032932872
rocksdb.merge.operation.time.nanos COUNT : 0
rocksdb.filter.operation.time.nanos COUNT : 0
rocksdb.compaction.total.time.cpu_micros COUNT : 41707313
rocksdb.row.cache.hit COUNT : 0
rocksdb.row.cache.miss COUNT : 0
rocksdb.read.amp.estimate.useful.bytes COUNT : 0
rocksdb.read.amp.total.read.bytes COUNT : 0
rocksdb.number.rate_limiter.drains COUNT : 0
rocksdb.blobdb.num.put COUNT : 0
rocksdb.blobdb.num.write COUNT : 0
rocksdb.blobdb.num.get COUNT : 0
rocksdb.blobdb.num.multiget COUNT : 0
rocksdb.blobdb.num.seek COUNT : 0
rocksdb.blobdb.num.next COUNT : 0
rocksdb.blobdb.num.prev COUNT : 0
rocksdb.blobdb.num.keys.written COUNT : 0
rocksdb.blobdb.num.keys.read COUNT : 0
rocksdb.blobdb.bytes.written COUNT : 0
rocksdb.blobdb.bytes.read COUNT : 0
rocksdb.blobdb.write.inlined COUNT : 0
rocksdb.blobdb.write.inlined.ttl COUNT : 0
rocksdb.blobdb.write.blob COUNT : 0
rocksdb.blobdb.write.blob.ttl COUNT : 0
rocksdb.blobdb.blob.file.bytes.written COUNT : 0
rocksdb.blobdb.blob.file.bytes.read COUNT : 0
rocksdb.blobdb.blob.file.synced COUNT : 0
rocksdb.blobdb.blob.index.expired.count COUNT : 0
rocksdb.blobdb.blob.index.expired.size COUNT : 0
rocksdb.blobdb.blob.index.evicted.count COUNT : 0
rocksdb.blobdb.blob.index.evicted.size COUNT : 0
rocksdb.blobdb.gc.num.files COUNT : 0
rocksdb.blobdb.gc.num.new.files COUNT : 0
rocksdb.blobdb.gc.failures COUNT : 0
rocksdb.blobdb.gc.num.keys.relocated COUNT : 0
rocksdb.blobdb.gc.bytes.relocated COUNT : 0
rocksdb.blobdb.fifo.num.files.evicted COUNT : 0
rocksdb.blobdb.fifo.num.keys.evicted COUNT : 0
rocksdb.blobdb.fifo.bytes.evicted COUNT : 0
rocksdb.blobdb.cache.miss COUNT : 0
rocksdb.blobdb.cache.hit COUNT : 0
rocksdb.blobdb.cache.add COUNT : 0
rocksdb.blobdb.cache.add.failures COUNT : 0
rocksdb.blobdb.cache.bytes.read COUNT : 0
rocksdb.blobdb.cache.bytes.write COUNT : 0
rocksdb.txn.overhead.mutex.prepare COUNT : 0
rocksdb.txn.overhead.mutex.old.commit.map COUNT : 0
rocksdb.txn.overhead.duplicate.key COUNT : 0
rocksdb.txn.overhead.mutex.snapshot COUNT : 0
rocksdb.txn.get.tryagain COUNT : 0
rocksdb.files.marked.trash COUNT : 0
rocksdb.files.marked.trash.deleted COUNT : 0
rocksdb.files.deleted.immediately COUNT : 215
rocksdb.error.handler.bg.error.count COUNT : 0
rocksdb.error.handler.bg.io.error.count COUNT : 0
rocksdb.error.handler.bg.retryable.io.error.count COUNT : 0
rocksdb.error.handler.autoresume.count COUNT : 0
rocksdb.error.handler.autoresume.retry.total.count COUNT : 0
rocksdb.error.handler.autoresume.success.count COUNT : 0
rocksdb.memtable.payload.bytes.at.flush COUNT : 5214813416
rocksdb.memtable.garbage.bytes.at.flush COUNT : 127689368
rocksdb.verify_checksum.read.bytes COUNT : 0
rocksdb.backup.read.bytes COUNT : 0
rocksdb.backup.write.bytes COUNT : 0
rocksdb.remote.compact.read.bytes COUNT : 0
rocksdb.remote.compact.write.bytes COUNT : 0
rocksdb.remote.compact.resumed.bytes COUNT : 0
rocksdb.hot.file.read.bytes COUNT : 0
rocksdb.warm.file.read.bytes COUNT : 0
rocksdb.cool.file.read.bytes COUNT : 0
rocksdb.cold.file.read.bytes COUNT : 0
rocksdb.ice.file.read.bytes COUNT : 0
rocksdb.hot.file.read.count COUNT : 0
rocksdb.warm.file.read.count COUNT : 0
rocksdb.cool.file.read.count COUNT : 0
rocksdb.cold.file.read.count COUNT : 0
rocksdb.ice.file.read.count COUNT : 0
rocksdb.last.level.read.bytes COUNT : 0
rocksdb.last.level.read.count COUNT : 0
rocksdb.non.last.level.read.bytes COUNT : 9293005427
rocksdb.non.last.level.read.count COUNT : 3807060
rocksdb.last.level.seek.filtered COUNT : 0
rocksdb.last.level.seek.filter.match COUNT : 0
rocksdb.last.level.seek.data COUNT : 0
rocksdb.last.level.seek.data.useful.no.filter COUNT : 0
rocksdb.last.level.seek.data.useful.filter.match COUNT : 0
rocksdb.non.last.level.seek.filtered COUNT : 0
rocksdb.non.last.level.seek.filter.match COUNT : 0
rocksdb.non.last.level.seek.data COUNT : 0
rocksdb.non.last.level.seek.data.useful.no.filter COUNT : 0
rocksdb.non.last.level.seek.data.useful.filter.match COUNT : 0
rocksdb.block.checksum.compute.count COUNT : 3806748
rocksdb.block.checksum.mismatch.count COUNT : 0
rocksdb.multiget.coroutine.count COUNT : 0
rocksdb.read.async.micros COUNT : 0
rocksdb.async.read.error.count COUNT : 0
rocksdb.table.open.prefetch.tail.miss COUNT : 0
rocksdb.table.open.prefetch.tail.hit COUNT : 0
rocksdb.timestamp.filter.table.checked COUNT : 0
rocksdb.timestamp.filter.table.filtered COUNT : 0
rocksdb.readahead.trimmed COUNT : 0
rocksdb.fifo.max.size.compactions COUNT : 0
rocksdb.fifo.ttl.compactions COUNT : 0
rocksdb.fifo.change_temperature.compactions COUNT : 0
rocksdb.prefetch.bytes COUNT : 0
rocksdb.prefetch.bytes.useful COUNT : 0
rocksdb.prefetch.hits COUNT : 0
rocksdb.footer.corruption.count COUNT : 0
rocksdb.file.read.corruption.retry.count COUNT : 0
rocksdb.file.read.corruption.retry.success.count COUNT : 0
rocksdb.number.wbwi.ingest COUNT : 0
rocksdb.sst.user.defined.index.load.fail.count COUNT : 0
rocksdb.multiscan.prepare.calls COUNT : 0
rocksdb.multiscan.prepare.errors COUNT : 0
rocksdb.multiscan.blocks.prefetched COUNT : 0
rocksdb.multiscan.blocks.from.cache COUNT : 0
rocksdb.multiscan.prefetch.bytes COUNT : 0
rocksdb.multiscan.prefetch.blocks.wasted COUNT : 0
rocksdb.multiscan.io.requests COUNT : 0
rocksdb.multiscan.io.coalesced.nonadjacent COUNT : 0
rocksdb.multiscan.seek.errors COUNT : 0
rocksdb.prefetch.memory.bytes.granted COUNT : 0
rocksdb.prefetch.memory.bytes.released COUNT : 0
rocksdb.prefetch.memory.requests.blocked COUNT : 0
rocksdb.read.path.range.tombstones.inserted COUNT : 0
rocksdb.read.path.range.tombstones.discarded COUNT : 0
rocksdb.file.open.metadata.retrieved COUNT : 0
rocksdb.file.open.metadata.passed COUNT : 0
rocksdb.manifest.validation.failure.count COUNT : 0
rocksdb.db.get.micros P50 : 19.603198 P95 : 1696.072384 P99 : 7380.320366 P100 : 588437.000000 COUNT : 400000 SUM : 194926988
rocksdb.db.write.micros P50 : 5.721589 P95 : 33.483452 P99 : 1955.760417 P100 : 818029.000000 COUNT : 5000000 SUM : 498536487
rocksdb.compaction.times.micros P50 : 5766666.666667 P95 : 28522153.000000 P99 : 28522153.000000 P100 : 28522153.000000 COUNT : 16 SUM : 157581377
rocksdb.compaction.times.cpu_micros P50 : 2233333.333333 P95 : 5701582.000000 P99 : 5701582.000000 P100 : 5701582.000000 COUNT : 16 SUM : 41707313
rocksdb.subcompaction.setup.times.micros P50 : 0.000000 P95 : 0.000000 P99 : 0.000000 P100 : 0.000000 COUNT : 0 SUM : 0
rocksdb.table.sync.micros P50 : 341228.070175 P95 : 1044561.000000 P99 : 1044561.000000 P100 : 1044561.000000 COUNT : 80 SUM : 37702792
rocksdb.compaction.outfile.sync.micros P50 : 718717.948718 P95 : 1164000.000000 P99 : 1207815.000000 P100 : 1207815.000000 COUNT : 76 SUM : 49650995
rocksdb.wal.file.sync.micros P50 : 0.000000 P95 : 0.000000 P99 : 0.000000 P100 : 0.000000 COUNT : 0 SUM : 0
rocksdb.manifest.file.sync.micros P50 : 5603.125000 P95 : 18457.142857 P99 : 168800.000000 P100 : 602281.000000 COUNT : 102 SUM : 1383815
rocksdb.table.open.io.micros P50 : 769.130435 P95 : 5544.000000 P99 : 8976.000000 P100 : 42210.000000 COUNT : 156 SUM : 227767
rocksdb.db.multiget.micros P50 : 0.000000 P95 : 0.000000 P99 : 0.000000 P100 : 0.000000 COUNT : 0 SUM : 0
rocksdb.read.block.compaction.micros P50 : 3.399114 P95 : 7.913819 P99 : 117.458182 P100 : 320262.000000 COUNT : 2866947 SUM : 76013845
rocksdb.read.block.get.micros P50 : 5.939217 P95 : 1128.281280 P99 : 1858.725518 P100 : 578136.000000 COUNT : 939645 SUM : 189930065
rocksdb.write.raw.block.micros P50 : 0.532742 P95 : 1.251645 P99 : 2.674753 P100 : 10526.000000 COUNT : 3250824 SUM : 9268364
rocksdb.numfiles.in.singlecompaction P50 : 4.000000 P95 : 19.900000 P99 : 21.580000 P100 : 22.000000 COUNT : 18 SUM : 145
rocksdb.db.seek.micros P50 : 0.000000 P95 : 0.000000 P99 : 0.000000 P100 : 0.000000 COUNT : 0 SUM : 0
rocksdb.db.write.stall P50 : 1226.874670 P95 : 2777.610919 P99 : 2882.183300 P100 : 816800.000000 COUNT : 43957 SUM : 87725146
rocksdb.sst.read.micros P50 : 0.905771 P95 : 4.925603 P99 : 1452.133812 P100 : 578122.000000 COUNT : 3807022 SUM : 251656895
rocksdb.file.read.flush.micros P50 : 4.000000 P95 : 69.750000 P99 : 354.000000 P100 : 2391.000000 COUNT : 320 SUM : 10271
rocksdb.file.read.compaction.micros P50 : 0.750277 P95 : 3.784850 P99 : 26.560242 P100 : 320226.000000 COUNT : 2867251 SUM : 67310832
rocksdb.file.read.db.open.micros P50 : 0.000000 P95 : 0.000000 P99 : 0.000000 P100 : 0.000000 COUNT : 0 SUM : 0
rocksdb.file.read.get.micros P50 : 0.000000 P95 : 0.000000 P99 : 0.000000 P100 : 0.000000 COUNT : 0 SUM : 0
rocksdb.file.read.multiget.micros P50 : 0.000000 P95 : 0.000000 P99 : 0.000000 P100 : 0.000000 COUNT : 0 SUM : 0
rocksdb.file.read.db.iterator.micros P50 : 0.000000 P95 : 0.000000 P99 : 0.000000 P100 : 0.000000 COUNT : 0 SUM : 0
rocksdb.file.read.verify.db.checksum.micros P50 : 0.000000 P95 : 0.000000 P99 : 0.000000 P100 : 0.000000 COUNT : 0 SUM : 0
rocksdb.file.read.verify.file.checksums.micros P50 : 0.000000 P95 : 0.000000 P99 : 0.000000 P100 : 0.000000 COUNT : 0 SUM : 0
rocksdb.sst.write.micros P50 : 0.502243 P95 : 0.954262 P99 : 0.994442 P100 : 10524.000000 COUNT : 6501804 SUM : 7415721
rocksdb.file.write.flush.micros P50 : 0.501962 P95 : 0.953727 P99 : 0.993884 P100 : 10047.000000 COUNT : 2427682 SUM : 3049896
rocksdb.file.write.compaction.micros P50 : 0.502411 P95 : 0.954581 P99 : 0.994774 P100 : 10524.000000 COUNT : 4074122 SUM : 4365825
rocksdb.file.write.db.open.micros P50 : 0.000000 P95 : 0.000000 P99 : 0.000000 P100 : 0.000000 COUNT : 0 SUM : 0
rocksdb.num.subcompactions.scheduled P50 : 0.000000 P95 : 0.000000 P99 : 0.000000 P100 : 0.000000 COUNT : 0 SUM : 0
rocksdb.bytes.per.read P50 : 1024.000000 P95 : 1024.000000 P99 : 1024.000000 P100 : 1024.000000 COUNT : 400000 SUM : 402170880
rocksdb.bytes.per.write P50 : 1086.955327 P95 : 1282.215122 P99 : 1299.571548 P100 : 4188.000000 COUNT : 4920345 SUM : 5279044140
rocksdb.bytes.per.multiget P50 : 0.000000 P95 : 0.000000 P99 : 0.000000 P100 : 0.000000 COUNT : 0 SUM : 0
rocksdb.compression.times.nanos P50 : 0.000000 P95 : 0.000000 P99 : 0.000000 P100 : 0.000000 COUNT : 0 SUM : 0
rocksdb.decompression.times.nanos P50 : 0.000000 P95 : 0.000000 P99 : 0.000000 P100 : 0.000000 COUNT : 0 SUM : 0
rocksdb.read.num.merge_operands P50 : 0.000000 P95 : 0.000000 P99 : 0.000000 P100 : 0.000000 COUNT : 0 SUM : 0
rocksdb.blobdb.key.size P50 : 0.000000 P95 : 0.000000 P99 : 0.000000 P100 : 0.000000 COUNT : 0 SUM : 0
rocksdb.blobdb.value.size P50 : 0.000000 P95 : 0.000000 P99 : 0.000000 P100 : 0.000000 COUNT : 0 SUM : 0
rocksdb.blobdb.write.micros P50 : 0.000000 P95 : 0.000000 P99 : 0.000000 P100 : 0.000000 COUNT : 0 SUM : 0
rocksdb.blobdb.get.micros P50 : 0.000000 P95 : 0.000000 P99 : 0.000000 P100 : 0.000000 COUNT : 0 SUM : 0
rocksdb.blobdb.multiget.micros P50 : 0.000000 P95 : 0.000000 P99 : 0.000000 P100 : 0.000000 COUNT : 0 SUM : 0
rocksdb.blobdb.seek.micros P50 : 0.000000 P95 : 0.000000 P99 : 0.000000 P100 : 0.000000 COUNT : 0 SUM : 0
rocksdb.blobdb.next.micros P50 : 0.000000 P95 : 0.000000 P99 : 0.000000 P100 : 0.000000 COUNT : 0 SUM : 0
rocksdb.blobdb.prev.micros P50 : 0.000000 P95 : 0.000000 P99 : 0.000000 P100 : 0.000000 COUNT : 0 SUM : 0
rocksdb.blobdb.blob.file.write.micros P50 : 0.000000 P95 : 0.000000 P99 : 0.000000 P100 : 0.000000 COUNT : 0 SUM : 0
rocksdb.blobdb.blob.file.read.micros P50 : 0.000000 P95 : 0.000000 P99 : 0.000000 P100 : 0.000000 COUNT : 0 SUM : 0
rocksdb.blobdb.blob.file.sync.micros P50 : 0.000000 P95 : 0.000000 P99 : 0.000000 P100 : 0.000000 COUNT : 0 SUM : 0
rocksdb.blobdb.compression.micros P50 : 0.000000 P95 : 0.000000 P99 : 0.000000 P100 : 0.000000 COUNT : 0 SUM : 0
rocksdb.blobdb.decompression.micros P50 : 0.000000 P95 : 0.000000 P99 : 0.000000 P100 : 0.000000 COUNT : 0 SUM : 0
rocksdb.db.flush.micros P50 : 642500.000000 P95 : 1178750.000000 P99 : 1365115.000000 P100 : 1365115.000000 COUNT : 80 SUM : 55628510
rocksdb.sst.batch.size P50 : 0.000000 P95 : 0.000000 P99 : 0.000000 P100 : 0.000000 COUNT : 0 SUM : 0
rocksdb.multiget.io.batch.size P50 : 0.000000 P95 : 0.000000 P99 : 0.000000 P100 : 0.000000 COUNT : 0 SUM : 0
rocksdb.num.index.and.filter.blocks.read.per.level P50 : 0.000000 P95 : 0.000000 P99 : 0.000000 P100 : 0.000000 COUNT : 0 SUM : 0
rocksdb.num.sst.read.per.level P50 : 0.000000 P95 : 0.000000 P99 : 0.000000 P100 : 0.000000 COUNT : 0 SUM : 0
rocksdb.num.level.read.per.multiget P50 : 0.000000 P95 : 0.000000 P99 : 0.000000 P100 : 0.000000 COUNT : 0 SUM : 0
rocksdb.error.handler.autoresume.retry.count P50 : 0.000000 P95 : 0.000000 P99 : 0.000000 P100 : 0.000000 COUNT : 0 SUM : 0
rocksdb.async.read.bytes P50 : 0.000000 P95 : 0.000000 P99 : 0.000000 P100 : 0.000000 COUNT : 0 SUM : 0
rocksdb.poll.wait.micros P50 : 0.000000 P95 : 0.000000 P99 : 0.000000 P100 : 0.000000 COUNT : 0 SUM : 0
rocksdb.compaction.prefetch.bytes P50 : 0.000000 P95 : 0.000000 P99 : 0.000000 P100 : 0.000000 COUNT : 0 SUM : 0
rocksdb.prefetched.bytes.discarded P50 : 0.000000 P95 : 0.000000 P99 : 0.000000 P100 : 0.000000 COUNT : 0 SUM : 0
rocksdb.async.prefetch.abort.micros P50 : 0.000000 P95 : 0.000000 P99 : 0.000000 P100 : 0.000000 COUNT : 0 SUM : 0
rocksdb.table.open.prefetch.tail.read.bytes P50 : 0.000000 P95 : 0.000000 P99 : 0.000000 P100 : 0.000000 COUNT : 0 SUM : 0
rocksdb.num.op.per.transaction P50 : 0.000000 P95 : 0.000000 P99 : 0.000000 P100 : 0.000000 COUNT : 0 SUM : 0
rocksdb.multiscan.op.prepare.iterators.micros P50 : 0.000000 P95 : 0.000000 P99 : 0.000000 P100 : 0.000000 COUNT : 0 SUM : 0
rocksdb.multiscan.prepare.micros P50 : 0.000000 P95 : 0.000000 P99 : 0.000000 P100 : 0.000000 COUNT : 0 SUM : 0
rocksdb.multiscan.blocks.per.prepare P50 : 0.000000 P95 : 0.000000 P99 : 0.000000 P100 : 0.000000 COUNT : 0 SUM : 0
rocksdb.block.key.distribution.cv P50 : 0.000000 P95 : 0.000000 P99 : 0.000000 P100 : 0.000000 COUNT : 0 SUM : 0

[EXPERIMENT_COMPLETED]
