RocksDB:    version 11.3.0
Date:       Tue May 26 11:55:03 2026
CPU:        2 * Intel Xeon Processor (SapphireRapids)
CPUCache:   16384 KB
2026/05/26-11:55:04  ... thread 1: (35000,35000) ops and (34752.5,34752.5) ops/second in (1.007123,1.007123) seconds
2026/05/26-11:55:04  ... thread 3: (35000,35000) ops and (34521.6,34521.6) ops/second in (1.013859,1.013859) seconds
2026/05/26-11:55:04  ... thread 0: (37000,37000) ops and (35953.0,35953.0) ops/second in (1.029122,1.029122) seconds
2026/05/26-11:55:04  ... thread 2: (37000,37000) ops and (35419.6,35419.6) ops/second in (1.044618,1.044618) seconds
2026/05/26-11:55:05  ... thread 1: (41000,76000) ops and (40766.7,37757.5) ops/second in (1.005722,2.012845) seconds
2026/05/26-11:55:05  ... thread 3: (30000,65000) ops and (29901.1,32223.4) ops/second in (1.003309,2.017168) seconds
2026/05/26-11:55:05  ... thread 0: (31000,68000) ops and (30599.6,33297.3) ops/second in (1.013084,2.042206) seconds
2026/05/26-11:55:05  ... thread 2: (32000,69000) ops and (30803.2,33117.8) ops/second in (1.038854,2.083472) seconds
2026/05/26-11:55:07  ... thread 3: (25000,90000) ops and (17407.0,26061.5) ops/second in (1.436207,3.453375) seconds
2026/05/26-11:55:07  ... thread 0: (23000,91000) ops and (16150.0,26252.3) ops/second in (1.424152,3.466358) seconds
2026/05/26-11:55:07  ... thread 1: (28000,104000) ops and (19193.8,29956.9) ops/second in (1.458808,3.471653) seconds
2026/05/26-11:55:07  ... thread 2: (21000,90000) ops and (15059.5,25877.4) ops/second in (1.394467,3.477939) seconds
2026/05/26-11:55:08  ... thread 2: (16000,106000) ops and (14061.6,22964.6) ops/second in (1.137854,4.615793) seconds
2026/05/26-11:55:08  ... thread 3: (18000,108000) ops and (15502.3,23404.5) ops/second in (1.161116,4.614491) seconds
2026/05/26-11:55:08  ... thread 1: (14000,118000) ops and (12188.8,25539.7) ops/second in (1.148597,4.620250) seconds
2026/05/26-11:55:08  ... thread 0: (16000,107000) ops and (13734.4,23103.6) ops/second in (1.164954,4.631312) seconds
2026/05/26-11:55:09  ... thread 2: (33000,139000) ops and (32465.6,24679.3) ops/second in (1.016461,5.632254) seconds
2026/05/26-11:55:09  ... thread 1: (35000,153000) ops and (34450.4,27145.9) ops/second in (1.015954,5.636204) seconds
2026/05/26-11:55:09  ... thread 0: (33000,140000) ops and (32158.1,24746.0) ops/second in (1.026179,5.657491) seconds
2026/05/26-11:55:09  ... thread 3: (33000,141000) ops and (31318.6,24875.7) ops/second in (1.053688,5.668179) seconds
2026/05/26-11:55:10  ... thread 0: (12000,152000) ops and (11920.1,22808.5) ops/second in (1.006703,6.664194) seconds
2026/05/26-11:55:10  ... thread 2: (14000,153000) ops and (13514.7,22944.8) ops/second in (1.035912,6.668166) seconds
2026/05/26-11:55:10  ... thread 1: (13000,166000) ops and (12578.9,24888.8) ops/second in (1.033474,6.669678) seconds
2026/05/26-11:55:10  ... thread 3: (15000,156000) ops and (14839.2,23356.7) ops/second in (1.010836,6.679015) seconds
2026/05/26-11:55:11  ... thread 0: (14000,166000) ops and (12360.6,21290.7) ops/second in (1.132630,7.796824) seconds
2026/05/26-11:55:11  ... thread 2: (16000,169000) ops and (13823.9,21595.8) ops/second in (1.157417,7.825583) seconds
2026/05/26-11:55:11  ... thread 3: (13000,169000) ops and (11349.7,21599.1) ops/second in (1.145403,7.824418) seconds
2026/05/26-11:55:11  ... thread 1: (17000,183000) ops and (14662.9,23374.4) ops/second in (1.159385,7.829063) seconds
2026/05/26-11:55:12  ... thread 0: (18000,184000) ops and (16818.7,20751.0) ops/second in (1.070239,8.867063) seconds
2026/05/26-11:55:12  ... thread 3: (13000,182000) ops and (12270.5,20486.6) ops/second in (1.059449,8.883867) seconds
2026/05/26-11:55:12  ... thread 1: (17000,200000) ops and (16050.9,22501.8) ops/second in (1.059132,8.888195) seconds
2026/05/26-11:55:12  ... thread 2: (14000,183000) ops and (13050.8,20565.7) ops/second in (1.072735,8.898318) seconds
2026/05/26-11:55:13  ... thread 0: (19000,203000) ops and (18737.4,20544.3) ops/second in (1.014014,9.881077) seconds
2026/05/26-11:55:13  ... thread 3: (19000,201000) ops and (18701.7,20303.4) ops/second in (1.015951,9.899818) seconds
2026/05/26-11:55:13  ... thread 1: (15000,215000) ops and (14604.9,21683.8) ops/second in (1.027055,9.915250) seconds
2026/05/26-11:55:13  ... thread 2: (18000,201000) ops and (17700.1,20271.8) ops/second in (1.016943,9.915261) seconds
2026/05/26-11:55:14  ... thread 3: (11000,212000) ops and (10594.4,19381.8) ops/second in (1.038283,10.938101) seconds
2026/05/26-11:55:14  ... thread 2: (13000,214000) ops and (12647.0,19555.6) ops/second in (1.027913,10.943174) seconds
2026/05/26-11:55:14  ... thread 1: (15000,230000) ops and (14574.8,21015.3) ops/second in (1.029174,10.944424) seconds
2026/05/26-11:55:14  ... thread 0: (14000,217000) ops and (13043.4,19809.4) ops/second in (1.073336,10.954413) seconds
2026/05/26-11:55:15  ... thread 0: (17000,234000) ops and (14348.9,19276.4) ops/second in (1.184762,12.139175) seconds
2026/05/26-11:55:15  ... thread 1: (14000,244000) ops and (11662.2,20090.8) ops/second in (1.200463,12.144887) seconds
2026/05/26-11:55:15  ... thread 3: (15000,227000) ops and (12410.8,18688.2) ops/second in (1.208624,12.146725) seconds
2026/05/26-11:55:15  ... thread 2: (16000,230000) ops and (13191.7,18920.6) ops/second in (1.212881,12.156055) seconds
2026/05/26-11:55:17  ... thread 2: (14000,244000) ops and (12403.6,18366.9) ops/second in (1.128709,13.284764) seconds
2026/05/26-11:55:17  ... thread 0: (19000,253000) ops and (16338.3,19019.6) ops/second in (1.162911,13.302086) seconds
2026/05/26-11:55:17  ... thread 3: (13000,240000) ops and (11260.6,18043.5) ops/second in (1.154466,13.301191) seconds
2026/05/26-11:55:17  ... thread 1: (17000,261000) ops and (14478.6,19596.0) ops/second in (1.174149,13.319036) seconds
2026/05/26-11:55:18  ... thread 1: (14000,275000) ops and (12748.2,19074.4) ops/second in (1.098192,14.417228) seconds
2026/05/26-11:55:18  ... thread 0: (17000,270000) ops and (15239.4,18727.1) ops/second in (1.115533,14.417619) seconds
2026/05/26-11:55:18  ... thread 2: (15000,259000) ops and (13120.2,17951.2) ops/second in (1.143277,14.428041) seconds
2026/05/26-11:55:18  ... thread 3: (16000,256000) ops and (14091.1,17732.6) ops/second in (1.135466,14.436657) seconds
2026/05/26-11:55:19  ... thread 3: (13000,269000) ops and (12508.2,17381.8) ops/second in (1.039317,15.475974) seconds
2026/05/26-11:55:19  ... thread 1: (18000,293000) ops and (16885.6,18923.7) ops/second in (1.065998,15.483226) seconds
2026/05/26-11:55:19  ... thread 0: (16000,286000) ops and (14958.3,18466.8) ops/second in (1.069642,15.487261) seconds
2026/05/26-11:55:19  ... thread 2: (16000,275000) ops and (14938.8,17743.0) ops/second in (1.071037,15.499078) seconds
2026/05/26-11:55:20  ... thread 0: (16000,302000) ops and (14445.2,18198.4) ops/second in (1.107637,16.594898) seconds
2026/05/26-11:55:20  ... thread 2: (16000,291000) ops and (14568.2,17532.9) ops/second in (1.098284,16.597362) seconds
2026/05/26-11:55:20  ... thread 1: (16000,309000) ops and (14245.7,18607.3) ops/second in (1.123146,16.606372) seconds
2026/05/26-11:55:20  ... thread 3: (12000,281000) ops and (10593.1,16918.8) ops/second in (1.132818,16.608792) seconds
2026/05/26-11:55:21  ... thread 2: (17000,308000) ops and (14350.3,17320.9) ops/second in (1.184641,17.782003) seconds
2026/05/26-11:55:21  ... thread 0: (16000,318000) ops and (13473.9,17882.9) ops/second in (1.187485,17.782383) seconds
2026/05/26-11:55:21  ... thread 1: (15000,324000) ops and (12635.4,18208.9) ops/second in (1.187142,17.793514) seconds
2026/05/26-11:55:21  ... thread 3: (16000,297000) ops and (13494.0,16690.5) ops/second in (1.185709,17.794501) seconds
2026/05/26-11:55:22  ... thread 3: (13000,310000) ops and (10242.4,16261.2) ops/second in (1.269234,19.063735) seconds
2026/05/26-11:55:22  ... thread 1: (13000,337000) ops and (10184.0,17671.7) ops/second in (1.276513,19.070027) seconds
2026/05/26-11:55:22  ... thread 2: (19000,327000) ops and (14632.2,17137.9) ops/second in (1.298510,19.080513) seconds
2026/05/26-11:55:22  ... thread 0: (16000,334000) ops and (12296.2,17501.9) ops/second in (1.301219,19.083602) seconds
2026/05/26-11:55:24  ... thread 2: (32000,359000) ops and (21567.2,17457.5) ops/second in (1.483735,20.564248) seconds
2026/05/26-11:55:24  ... thread 3: (34000,344000) ops and (22444.2,16716.4) ops/second in (1.514871,20.578606) seconds
2026/05/26-11:55:24  ... thread 1: (30000,367000) ops and (19698.4,17821.6) ops/second in (1.522963,20.592990) seconds
2026/05/26-11:55:24  ... thread 0: (29000,363000) ops and (19051.3,17616.4) ops/second in (1.522204,20.605806) seconds
2026/05/26-11:55:25  ... thread 3: (11000,355000) ops and (10893.0,16444.0) ops/second in (1.009822,21.588428) seconds
2026/05/26-11:55:25  ... thread 2: (22000,381000) ops and (21394.7,17645.0) ops/second in (1.028291,21.592539) seconds
2026/05/26-11:55:25  ... thread 0: (22000,385000) ops and (21601.6,17804.1) ops/second in (1.018443,21.624249) seconds
2026/05/26-11:55:25  ... thread 1: (12000,379000) ops and (11601.9,17524.1) ops/second in (1.034312,21.627302) seconds
2026/05/26-11:55:26  ... thread 3: (19000,374000) ops and (18864.1,16551.9) ops/second in (1.007203,22.595631) seconds
2026/05/26-11:55:26  ... thread 2: (16000,397000) ops and (15608.7,17552.7) ops/second in (1.025068,22.617607) seconds
2026/05/26-11:55:26  ... thread 0: (15000,400000) ops and (14957.0,17677.9) ops/second in (1.002872,22.627121) seconds
2026/05/26-11:55:26  ... thread 1: (15000,394000) ops and (14673.4,17395.5) ops/second in (1.022261,22.649563) seconds
2026/05/26-11:55:27  ... thread 3: (19000,393000) ops and (18550.1,16638.5) ops/second in (1.024255,23.619886) seconds
2026/05/26-11:55:27  ... thread 2: (12000,409000) ops and (11911.9,17312.2) ops/second in (1.007400,23.625007) seconds
2026/05/26-11:55:27  ... thread 0: (15000,415000) ops and (14939.3,17561.5) ops/second in (1.004060,23.631181) seconds
2026/05/26-11:55:27  ... thread 1: (13000,407000) ops and (12922.5,17205.3) ops/second in (1.005996,23.655559) seconds
2026/05/26-11:55:28  ... thread 3: (25000,418000) ops and (24890.4,16975.1) ops/second in (1.004403,24.624289) seconds
2026/05/26-11:55:28  ... thread 0: (24000,439000) ops and (23996.5,17822.8) ops/second in (1.000144,24.631325) seconds
2026/05/26-11:55:28  ... thread 2: (30000,439000) ops and (29367.3,17811.8) ops/second in (1.021546,24.646553) seconds
2026/05/26-11:55:28  ... thread 1: (24000,431000) ops and (23255.7,17458.2) ops/second in (1.032005,24.687564) seconds
2026/05/26-11:55:29  ... thread 0: (15000,454000) ops and (14795.7,17703.2) ops/second in (1.013811,25.645136) seconds
2026/05/26-11:55:29  ... thread 3: (14000,432000) ops and (13651.5,16842.2) ops/second in (1.025526,25.649815) seconds
2026/05/26-11:55:29  ... thread 2: (13000,452000) ops and (12641.1,17604.7) ops/second in (1.028392,25.674945) seconds
2026/05/26-11:55:29  ... thread 1: (11000,442000) ops and (10938.1,17203.0) ops/second in (1.005660,25.693224) seconds
2026/05/26-11:55:31  ... thread 3: (20000,452000) ops and (12292.0,16570.8) ops/second in (1.627079,27.276894) seconds
2026/05/26-11:55:31  ... thread 1: (20000,462000) ops and (12372.6,16917.1) ops/second in (1.616476,27.309700) seconds
2026/05/26-11:55:31  ... thread 0: (30000,484000) ops and (18015.1,17722.2) ops/second in (1.665269,27.310405) seconds
2026/05/26-11:55:31  ... thread 2: (20000,472000) ops and (12214.2,17281.5) ops/second in (1.637439,27.312384) seconds
2026/05/26-11:55:32  ... thread 0: (32000,516000) ops and (18886.5,17790.2) ops/second in (1.694334,29.004739) seconds
2026/05/26-11:55:32  ... thread 2: (36000,508000) ops and (21114.9,17506.8) ops/second in (1.704961,29.017345) seconds
2026/05/26-11:55:32  ... thread 3: (28000,480000) ops and (15882.7,16529.0) ops/second in (1.762927,29.039821) seconds
2026/05/26-11:55:32  ... thread 1: (27000,489000) ops and (15374.7,16823.9) ops/second in (1.756130,29.065830) seconds
2026/05/26-11:55:34  ... thread 1: (15000,504000) ops and (11564.9,16599.2) ops/second in (1.297028,30.362858) seconds
2026/05/26-11:55:34  ... thread 3: (14000,494000) ops and (10569.4,16269.0) ops/second in (1.324583,30.364404) seconds
2026/05/26-11:55:34  ... thread 2: (16000,524000) ops and (11767.8,17249.9) ops/second in (1.359639,30.376984) seconds
2026/05/26-11:55:34  ... thread 0: (17000,533000) ops and (12170.1,17532.0) ops/second in (1.396871,30.401610) seconds
2026/05/26-11:55:35  ... thread 0: (14000,547000) ops and (11976.5,17326.3) ops/second in (1.168956,31.570566) seconds
2026/05/26-11:55:35  ... thread 1: (14000,518000) ops and (11567.5,16406.3) ops/second in (1.210287,31.573145) seconds
2026/05/26-11:55:35  ... thread 2: (22000,546000) ops and (18371.9,17292.5) ops/second in (1.197483,31.574467) seconds
2026/05/26-11:55:35  ... thread 3: (13000,507000) ops and (10500.8,16043.1) ops/second in (1.238003,31.602407) seconds
2026/05/26-11:55:36  ... thread 1: (26000,544000) ops and (25518.1,16691.2) ops/second in (1.018884,32.592029) seconds
2026/05/26-11:55:36  ... thread 2: (33000,579000) ops and (32270.5,17762.3) ops/second in (1.022606,32.597073) seconds
2026/05/26-11:55:36  ... thread 0: (36000,583000) ops and (34883.7,17882.0) ops/second in (1.032001,32.602567) seconds
2026/05/26-11:55:36  ... thread 3: (31000,538000) ops and (29526.1,16476.6) ops/second in (1.049920,32.652327) seconds
2026/05/26-11:55:37  ... thread 2: (40000,619000) ops and (39782.8,18421.2) ops/second in (1.005460,33.602533) seconds
2026/05/26-11:55:37  ... thread 1: (36000,580000) ops and (35131.9,17253.3) ops/second in (1.024709,33.616738) seconds
2026/05/26-11:55:37  ... thread 0: (34000,617000) ops and (33523.1,18353.9) ops/second in (1.014225,33.616792) seconds
2026/05/26-11:55:37  ... thread 3: (33000,571000) ops and (32775.4,16964.2) ops/second in (1.006852,33.659179) seconds
2026/05/26-11:55:38  ... thread 2: (35000,654000) ops and (34964.4,18899.8) ops/second in (1.001019,34.603552) seconds
2026/05/26-11:55:38  ... thread 1: (34000,614000) ops and (33983.3,17736.8) ops/second in (1.000491,34.617229) seconds
2026/05/26-11:55:38  ... thread 0: (37000,654000) ops and (36821.3,18889.9) ops/second in (1.004854,34.621646) seconds
2026/05/26-11:55:38  ... thread 3: (32000,603000) ops and (31605.6,17391.7) ops/second in (1.012479,34.671658) seconds
2026/05/26-11:55:39  ... thread 1: (19000,633000) ops and (17863.8,17740.6) ops/second in (1.063602,35.680831) seconds
2026/05/26-11:55:39  ... thread 2: (26000,680000) ops and (22006.0,19002.4) ops/second in (1.181494,35.785046) seconds
2026/05/26-11:55:39  ... thread 0: (24000,678000) ops and (18862.2,18888.9) ops/second in (1.272383,35.894029) seconds
2026/05/26-11:55:39  ... thread 3: (23000,626000) ops and (15105.0,17295.5) ops/second in (1.522678,36.194336) seconds
2026/05/26-11:55:40  ... thread 0: (2000,680000) ops and (1732.4,18354.3) ops/second in (1.154483,37.048512) seconds
2026/05/26-11:55:40  ... thread 1: (3000,636000) ops and (2062.1,17126.4) ops/second in (1.454794,37.135625) seconds
2026/05/26-11:55:41  ... thread 2: (2000,682000) ops and (1345.9,18298.4) ops/second in (1.485972,37.271018) seconds
2026/05/26-11:55:41  ... thread 3: (2000,628000) ops and (1824.9,16840.9) ops/second in (1.095929,37.290265) seconds
2026/05/26-11:55:42  ... thread 1: (29000,665000) ops and (26926.6,17402.6) ops/second in (1.077000,38.212625) seconds
2026/05/26-11:55:42  ... thread 0: (31000,711000) ops and (26303.9,18599.4) ops/second in (1.178531,38.227043) seconds
2026/05/26-11:55:42  ... thread 2: (28000,710000) ops and (27900.3,18550.2) ops/second in (1.003575,38.274593) seconds
2026/05/26-11:55:42  ... thread 3: (31000,659000) ops and (30981.6,17210.4) ops/second in (1.000593,38.290858) seconds
2026/05/26-11:55:43  ... thread 1: (29000,694000) ops and (28756.9,17694.6) ops/second in (1.008454,39.221079) seconds
2026/05/26-11:55:43  ... thread 0: (33000,744000) ops and (32704.6,18962.1) ops/second in (1.009032,39.236075) seconds
2026/05/26-11:55:43  ... thread 2: (40000,750000) ops and (39323.5,19088.0) ops/second in (1.017203,39.291796) seconds
2026/05/26-11:55:43  ... thread 3: (32000,691000) ops and (31145.8,17574.5) ops/second in (1.027425,39.318283) seconds
2026/05/26-11:55:44  ... thread 2: (36000,786000) ops and (32803.8,19460.6) ops/second in (1.097435,40.389231) seconds
2026/05/26-11:55:44  ... thread 0: (24000,768000) ops and (18932.8,18961.2) ops/second in (1.267642,40.503717) seconds
2026/05/26-11:55:44  ... thread 1: (27000,721000) ops and (16305.3,17638.3) ops/second in (1.655904,40.876983) seconds
2026/05/26-11:55:45  ... thread 3: (24000,715000) ops and (11194.2,17244.6) ops/second in (2.143970,41.462253) seconds
2026/05/26-11:55:45  ... thread 2: (2000,788000) ops and (1490.3,18882.7) ops/second in (1.342034,41.731265) seconds
2026/05/26-11:55:45  ... thread 0: (3000,771000) ops and (1976.6,18347.8) ops/second in (1.517764,42.021481) seconds
2026/05/26-11:55:45  ... thread 1: (2000,723000) ops and (1646.2,17176.7) ops/second in (1.214909,42.091892) seconds
2026/05/26-11:55:46  ... thread 3: (2000,717000) ops and (1940.9,16873.5) ops/second in (1.030459,42.492712) seconds
2026/05/26-11:55:46  ... thread 2: (2000,790000) ops and (1880.7,18460.2) ops/second in (1.063445,42.794710) seconds
2026/05/26-11:55:47  ... thread 0: (2000,773000) ops and (1649.2,17879.4) ops/second in (1.212688,43.234169) seconds
2026/05/26-11:55:47  ... thread 1: (2000,725000) ops and (1668.6,16747.3) ops/second in (1.198588,43.290480) seconds
2026/05/26-11:55:47  ... thread 3: (2000,719000) ops and (1754.8,16478.6) ops/second in (1.139755,43.632467) seconds
2026/05/26-11:55:47  ... thread 2: (1000,791000) ops and (749.8,17925.0) ops/second in (1.333603,44.128313) seconds
2026/05/26-11:55:48  ... thread 1: (2000,727000) ops and (1551.1,16307.8) ops/second in (1.289401,44.579881) seconds
2026/05/26-11:55:48  ... thread 0: (3000,776000) ops and (1911.4,17320.0) ops/second in (1.569519,44.803688) seconds
2026/05/26-11:55:48  ... thread 3: (2000,721000) ops and (1656.4,16079.4) ops/second in (1.207449,44.839916) seconds
2026/05/26-11:55:49  ... thread 2: (2000,793000) ops and (1677.2,17497.5) ops/second in (1.192471,45.320784) seconds
2026/05/26-11:55:49  ... thread 1: (2000,729000) ops and (1378.5,15837.3) ops/second in (1.450829,46.030710) seconds
2026/05/26-11:55:49  ... thread 3: (3000,724000) ops and (2226.5,15675.3) ops/second in (1.347404,46.187320) seconds
2026/05/26-11:55:50  ... thread 0: (2000,778000) ops and (1354.4,16810.6) ops/second in (1.476677,46.280365) seconds
2026/05/26-11:55:50  ... thread 2: (2000,795000) ops and (1287.0,16960.1) ops/second in (1.553980,46.874764) seconds
2026/05/26-11:55:51  ... thread 0: (3000,781000) ops and (2750.1,16486.8) ops/second in (1.090878,47.371243) seconds
2026/05/26-11:55:51  ... thread 1: (2000,731000) ops and (1078.7,15265.8) ops/second in (1.854058,47.884768) seconds
2026/05/26-11:55:52  ... thread 3: (2000,726000) ops and (915.1,15008.4) ops/second in (2.185645,48.372965) seconds
2026/05/26-11:55:52  ... thread 0: (3000,784000) ops and (2344.5,16114.8) ops/second in (1.279585,48.650828) seconds
2026/05/26-11:55:52  ... thread 2: (3000,798000) ops and (1563.3,16354.6) ops/second in (1.918971,48.793735) seconds
2026/05/26-11:55:53  ... thread 1: (2000,733000) ops and (1242.8,14809.9) ops/second in (1.609248,49.494016) seconds
2026/05/26-11:55:53  ... thread 3: (3000,729000) ops and (2520.4,14708.5) ops/second in (1.190266,49.563231) seconds
2026/05/26-11:55:53  ... thread 2: (3000,801000) ops and (2168.8,15963.5) ops/second in (1.383266,50.177001) seconds
2026/05/26-11:55:54  ... thread 1: (1000,734000) ops and (899.4,14504.2) ops/second in (1.111891,50.605907) seconds
2026/05/26-11:55:54  ... thread 0: (2000,786000) ops and (947.4,15484.1) ops/second in (2.111007,50.761835) seconds
2026/05/26-11:55:55  ... thread 3: (2000,731000) ops and (1081.9,14218.5) ops/second in (1.848574,51.411805) seconds
2026/05/26-11:55:55  ... thread 1: (2000,736000) ops and (1670.5,14207.6) ops/second in (1.197222,51.803129) seconds
2026/05/26-11:55:55  ... thread 0: (1000,787000) ops and (820.2,15140.1) ops/second in (1.219288,51.981123) seconds
2026/05/26-11:55:55  ... thread 2: (2000,803000) ops and (1066.9,15427.0) ops/second in (1.874671,52.051672) seconds
2026/05/26-11:55:56  ... thread 3: (1000,732000) ops and (696.7,13851.3) ops/second in (1.435389,52.847194) seconds
2026/05/26-11:55:57  ... thread 0: (2000,789000) ops and (1261.2,14729.3) ops/second in (1.585750,53.566873) seconds
2026/05/26-11:55:57  ... thread 1: (3000,739000) ops and (1585.5,13762.9) ops/second in (1.892091,53.695220) seconds
2026/05/26-11:55:58  ... thread 3: (1000,733000) ops and (730.8,13520.1) ops/second in (1.368451,54.215645) seconds
2026/05/26-11:55:58  ... thread 2: (1000,804000) ops and (418.3,14767.9) ops/second in (2.390554,54.442226) seconds
2026/05/26-11:55:58  ... thread 1: (3000,742000) ops and (2556.3,13523.2) ops/second in (1.173577,54.868797) seconds
2026/05/26-11:55:59  ... thread 3: (1000,734000) ops and (907.1,13268.7) ops/second in (1.102403,55.318048) seconds
2026/05/26-11:55:59  ... thread 0: (1000,790000) ops and (536.5,14252.0) ops/second in (1.864014,55.430887) seconds
2026/05/26-11:55:59  ... thread 2: (1000,805000) ops and (698.9,14407.7) ops/second in (1.430797,55.873023) seconds
2026/05/26-11:56:00  ... thread 0: (1000,791000) ops and (755.9,13937.4) ops/second in (1.322918,56.753805) seconds
2026/05/26-11:56:00  ... thread 1: (2000,744000) ops and (948.8,13058.0) ops/second in (2.107905,56.976702) seconds
2026/05/26-11:56:01  ... thread 2: (2000,807000) ops and (1442.7,14093.8) ops/second in (1.386330,57.259353) seconds
2026/05/26-11:56:01  ... thread 3: (3000,737000) ops and (1477.9,12851.4) ops/second in (2.029892,57.347940) seconds
2026/05/26-11:56:01  ... thread 0: (10000,801000) ops and (9896.2,13866.7) ops/second in (1.010493,57.764298) seconds
2026/05/26-11:56:01  ... thread 1: (15000,759000) ops and (14941.9,13090.6) ops/second in (1.003890,57.980592) seconds
2026/05/26-11:56:02  ... thread 2: (22000,829000) ops and (21431.8,14223.0) ops/second in (1.026511,58.285864) seconds
2026/05/26-11:56:02  ... thread 3: (19000,756000) ops and (18932.7,12956.0) ops/second in (1.003555,58.351495) seconds
2026/05/26-11:56:02  ... thread 0: (17000,818000) ops and (16958.5,13919.4) ops/second in (1.002450,58.766748) seconds
2026/05/26-11:56:02  ... thread 1: (27000,786000) ops and (26418.6,13321.4) ops/second in (1.022007,59.002599) seconds
2026/05/26-11:56:03  ... thread 2: (25000,854000) ops and (24781.0,14402.6) ops/second in (1.008836,59.294700) seconds
2026/05/26-11:56:03  ... thread 3: (23000,779000) ops and (22789.5,13123.2) ops/second in (1.009237,59.360732) seconds
2026/05/26-11:56:03  ... thread 0: (25000,843000) ops and (22958.4,14083.9) ops/second in (1.088927,59.855675) seconds
2026/05/26-11:56:03  ... thread 1: (24000,810000) ops and (22617.0,13485.7) ops/second in (1.061149,60.063748) seconds
2026/05/26-11:56:04  ... thread 2: (21000,875000) ops and (20472.5,14505.9) ops/second in (1.025767,60.320467) seconds
2026/05/26-11:56:04  ... thread 3: (21000,800000) ops and (20825.5,13251.8) ops/second in (1.008379,60.369111) seconds
2026/05/26-11:56:04  ... thread 0: (29000,872000) ops and (28186.8,14322.2) ops/second in (1.028850,60.884525) seconds
2026/05/26-11:56:04  ... thread 1: (25000,835000) ops and (24605.6,13670.6) ops/second in (1.016030,61.079778) seconds
2026/05/26-11:56:05  ... thread 3: (20000,820000) ops and (11185.3,13192.4) ops/second in (1.788068,62.157179) seconds
2026/05/26-11:56:05  ... thread 0: (6000,878000) ops and (4675.1,14123.0) ops/second in (1.283403,62.167928) seconds
2026/05/26-11:56:05  ... thread 2: (16000,891000) ops and (8582.5,14328.3) ops/second in (1.864252,62.184719) seconds
2026/05/26-11:56:06  ... thread 1: (1000,836000) ops and (881.9,13437.5) ops/second in (1.133965,62.213743) seconds
2026/05/26-11:56:06  ... thread 3: (22000,842000) ops and (21390.9,13325.8) ops/second in (1.028474,63.185653) seconds
2026/05/26-11:56:07  ... thread 0: (26000,904000) ops and (25010.7,14302.1) ops/second in (1.039553,63.207481) seconds
2026/05/26-11:56:07  ... thread 2: (21000,912000) ops and (20281.1,14425.8) ops/second in (1.035447,63.220166) seconds
2026/05/26-11:56:07  ... thread 1: (24000,860000) ops and (23684.4,13601.8) ops/second in (1.013327,63.227070) seconds
2026/05/26-11:56:07  ... thread 3: (24000,866000) ops and (23997.2,13492.1) ops/second in (1.000115,64.185768) seconds
2026/05/26-11:56:08  ... thread 0: (26000,930000) ops and (25936.1,14483.7) ops/second in (1.002462,64.209943) seconds
2026/05/26-11:56:08  ... thread 2: (22000,934000) ops and (21909.9,14542.8) ops/second in (1.004112,64.224278) seconds
2026/05/26-11:56:08  ... thread 1: (26000,886000) ops and (25883.0,13793.8) ops/second in (1.004519,64.231589) seconds
2026/05/26-11:56:08  ... thread 3: (30000,896000) ops and (29937.8,13744.9) ops/second in (1.002076,65.187844) seconds
2026/05/26-11:56:09  ... thread 0: (27000,957000) ops and (26142.2,14668.3) ops/second in (1.032812,65.242755) seconds
2026/05/26-11:56:09  ... thread 2: (26000,960000) ops and (25096.6,14710.3) ops/second in (1.035997,65.260275) seconds
2026/05/26-11:56:09  ... thread 1: (25000,911000) ops and (24179.7,13958.4) ops/second in (1.033926,65.265515) seconds
2026/05/26-11:56:09  ... thread 3: (29000,925000) ops and (28573.1,13972.2) ops/second in (1.014939,66.202783) seconds
2026/05/26-11:56:10  ... thread 0: (27000,984000) ops and (26390.2,14849.3) ops/second in (1.023107,66.265862) seconds
2026/05/26-11:56:10  ... thread 1: (25000,936000) ops and (24582.7,14121.4) ops/second in (1.016974,66.282489) seconds
2026/05/26-11:56:10  ... thread 2: (33000,993000) ops and (31994.0,14979.2) ops/second in (1.031444,66.291719) seconds
2026/05/26-11:56:11  ... thread 3: (21000,946000) ops and (20332.3,14069.9) ops/second in (1.032839,67.235622) seconds
2026/05/26-11:56:11  ... thread 2: (19000,1012000) ops and (15949.1,14996.4) ops/second in (1.191293,67.483012) seconds
2026/05/26-11:56:11  ... thread 0: (20000,1004000) ops and (13110.5,14810.1) ops/second in (1.525492,67.791354) seconds
2026/05/26-11:56:12  ... thread 3: (2000,948000) ops and (1935.9,13886.3) ops/second in (1.033132,68.268754) seconds
2026/05/26-11:56:12  ... thread 2: (1000,1013000) ops and (918.5,14772.8) ops/second in (1.088768,68.571780) seconds
2026/05/26-11:56:12  ... thread 1: (22000,958000) ops and (8511.0,13910.8) ops/second in (2.584900,68.867389) seconds
2026/05/26-11:56:13  ... thread 0: (2000,1006000) ops and (1316.9,14514.5) ops/second in (1.518767,69.310121) seconds
2026/05/26-11:56:13  ... thread 2: (1000,1014000) ops and (882.4,14547.0) ops/second in (1.133266,69.705046) seconds
2026/05/26-11:56:13  ... thread 3: (1000,949000) ops and (666.2,13601.9) ops/second in (1.500939,69.769693) seconds
2026/05/26-11:56:14  ... thread 1: (2000,960000) ops and (1095.1,13579.7) ops/second in (1.826277,70.693666) seconds
2026/05/26-11:56:14  ... thread 0: (1000,1007000) ops and (641.5,14209.3) ops/second in (1.558936,70.869057) seconds
2026/05/26-11:56:15  ... thread 2: (2000,1016000) ops and (1109.1,14208.1) ops/second in (1.803311,71.508357) seconds
2026/05/26-11:56:15  ... thread 3: (2000,951000) ops and (1012.8,13255.4) ops/second in (1.974771,71.744464) seconds
2026/05/26-11:56:15  ... thread 0: (1000,1008000) ops and (875.5,13997.8) ops/second in (1.142245,72.011302) seconds
2026/05/26-11:56:16  ... thread 1: (1000,961000) ops and (509.6,13226.7) ops/second in (1.962321,72.655987) seconds
2026/05/26-11:56:16  ... thread 2: (1000,1017000) ops and (765.4,13966.9) ops/second in (1.306577,72.814934) seconds
2026/05/26-11:56:17  ... thread 3: (2000,953000) ops and (1175.1,12975.4) ops/second in (1.701937,73.446401) seconds
2026/05/26-11:56:17  ... thread 2: (1000,1018000) ops and (926.5,13776.4) ops/second in (1.079292,73.894226) seconds
2026/05/26-11:56:18  ... thread 0: (2000,1010000) ops and (902.7,13606.9) ops/second in (2.215594,74.226896) seconds
2026/05/26-11:56:18  ... thread 1: (2000,963000) ops and (1106.3,12932.5) ops/second in (1.807827,74.463814) seconds
2026/05/26-11:56:18  ... thread 3: (1000,954000) ops and (764.6,12761.8) ops/second in (1.307944,74.754345) seconds
2026/05/26-11:56:19  ... thread 2: (2000,1020000) ops and (1210.8,13501.7) ops/second in (1.651787,75.546013) seconds
2026/05/26-11:56:19  ... thread 1: (1000,964000) ops and (822.1,12737.8) ops/second in (1.216341,75.680155) seconds
2026/05/26-11:56:19  ... thread 0: (1000,1011000) ops and (644.9,13341.7) ops/second in (1.550638,75.777534) seconds
2026/05/26-11:56:20  ... thread 3: (2000,956000) ops and (1073.2,12477.5) ops/second in (1.863608,76.617953) seconds
2026/05/26-11:56:20  ... thread 2: (1000,1021000) ops and (815.2,13299.0) ops/second in (1.226709,76.772722) seconds
2026/05/26-11:56:21  ... thread 0: (1000,1012000) ops and (692.2,13105.0) ops/second in (1.444708,77.222242) seconds
2026/05/26-11:56:21  ... thread 1: (2000,966000) ops and (919.4,12407.6) ops/second in (2.175252,77.855407) seconds
2026/05/26-11:56:22  ... thread 2: (1000,1022000) ops and (655.0,13052.4) ops/second in (1.526770,78.299492) seconds
2026/05/26-11:56:22  ... thread 3: (2000,958000) ops and (1067.3,12205.1) ops/second in (1.873952,78.491905) seconds
2026/05/26-11:56:22  ... thread 1: (1000,967000) ops and (802.9,12224.9) ops/second in (1.245476,79.100883) seconds
2026/05/26-11:56:23  ... thread 0: (2000,1014000) ops and (926.6,12773.9) ops/second in (2.158320,79.380562) seconds
2026/05/26-11:56:23  ... thread 3: (2000,960000) ops and (1171.8,11970.3) ops/second in (1.706795,80.198700) seconds
2026/05/26-11:56:24  ... thread 1: (1000,968000) ops and (842.8,12056.7) ops/second in (1.186503,80.287386) seconds
2026/05/26-11:56:24  ... thread 2: (2000,1024000) ops and (844.6,12694.1) ops/second in (2.367846,80.667338) seconds
2026/05/26-11:56:25  ... thread 0: (2000,1016000) ops and (967.4,12474.2) ops/second in (2.067480,81.448042) seconds
2026/05/26-11:56:25  ... thread 3: (1000,961000) ops and (786.6,11795.7) ops/second in (1.271337,81.470037) seconds
2026/05/26-11:56:25  ... thread 2: (1000,1025000) ops and (814.9,12516.1) ops/second in (1.227118,81.894456) seconds
2026/05/26-11:56:26  ... thread 1: (2000,970000) ops and (1032.1,11796.9) ops/second in (1.937770,82.225156) seconds
2026/05/26-11:56:26  ... thread 2: (1000,1026000) ops and (886.1,12358.0) ops/second in (1.128533,83.022989) seconds
2026/05/26-11:56:26  ... thread 3: (2000,963000) ops and (1240.9,11591.0) ops/second in (1.611782,83.081819) seconds
2026/05/26-11:56:27  ... thread 0: (2000,1018000) ops and (1026.5,12206.8) ops/second in (1.948368,83.396410) seconds
2026/05/26-11:56:27  ... thread 1: (1000,971000) ops and (601.5,11575.0) ops/second in (1.662633,83.887789) seconds
2026/05/26-11:56:28  ... thread 3: (2000,965000) ops and (1659.3,11449.0) ops/second in (1.205338,84.287157) seconds
2026/05/26-11:56:28  ... thread 2: (1000,1027000) ops and (775.0,12180.7) ops/second in (1.290375,84.313364) seconds
2026/05/26-11:56:28  ... thread 0: (4000,1022000) ops and (3883.5,12105.2) ops/second in (1.030011,84.426421) seconds
2026/05/26-11:56:28  ... thread 1: (18000,989000) ops and (16951.1,11642.2) ops/second in (1.061880,84.949669) seconds
2026/05/26-11:56:29  ... thread 3: (34000,999000) ops and (33600.9,11711.7) ops/second in (1.011877,85.299034) seconds
2026/05/26-11:56:29  ... thread 2: (26000,1053000) ops and (25379.6,12339.2) ops/second in (1.024446,85.337810) seconds
2026/05/26-11:56:29  ... thread 0: (24000,1046000) ops and (21516.2,12227.9) ops/second in (1.115440,85.541861) seconds
2026/05/26-11:56:29  ... thread 1: (28000,1017000) ops and (27947.0,11832.2) ops/second in (1.001897,85.951566) seconds
2026/05/26-11:56:30  ... thread 3: (25000,1024000) ops and (24200.0,11861.2) ops/second in (1.033059,86.332093) seconds
2026/05/26-11:56:30  ... thread 2: (19000,1072000) ops and (18803.9,12414.8) ops/second in (1.010431,86.348241) seconds
2026/05/26-11:56:30  ... thread 0: (29000,1075000) ops and (28415.9,12418.8) ops/second in (1.020554,86.562415) seconds
2026/05/26-11:56:30  ... thread 1: (24000,1041000) ops and (23447.9,11968.9) ops/second in (1.023544,86.975110) seconds
2026/05/26-11:56:31  ... thread 2: (28000,1100000) ops and (26438.1,12584.8) ops/second in (1.059079,87.407320) seconds
2026/05/26-11:56:31  ... thread 3: (24000,1048000) ops and (21930.1,11987.2) ops/second in (1.094388,87.426481) seconds
2026/05/26-11:56:31  ... thread 0: (27000,1102000) ops and (26314.3,12581.6) ops/second in (1.026058,87.588473) seconds
2026/05/26-11:56:32  ... thread 1: (26000,1067000) ops and (20461.9,12091.2) ops/second in (1.270652,88.245762) seconds
2026/05/26-11:56:32  ... thread 2: (16000,1116000) ops and (15397.5,12617.8) ops/second in (1.039133,88.446453) seconds
2026/05/26-11:56:32  ... thread 3: (15000,1063000) ops and (13800.5,12009.5) ops/second in (1.086920,88.513401) seconds
2026/05/26-11:56:32  ... thread 0: (10000,1112000) ops and (8598.5,12529.4) ops/second in (1.162987,88.751460) seconds
2026/05/26-11:56:33  ... thread 1: (2000,1069000) ops and (1479.6,11931.1) ops/second in (1.351706,89.597468) seconds
2026/05/26-11:56:33  ... thread 2: (1000,1117000) ops and (810.4,12455.3) ops/second in (1.233891,89.680344) seconds
2026/05/26-11:56:33  ... thread 3: (1000,1064000) ops and (730.8,11837.8) ops/second in (1.368305,89.881706) seconds
2026/05/26-11:56:33  ... thread 0: (1000,1113000) ops and (840.5,12374.7) ops/second in (1.189816,89.941276) seconds
2026/05/26-11:56:34  ... thread 0: (1000,1114000) ops and (952.5,12243.0) ops/second in (1.049817,90.991093) seconds
2026/05/26-11:56:35  ... thread 1: (2000,1071000) ops and (926.9,11672.4) ops/second in (2.157822,91.755290) seconds
2026/05/26-11:56:35  ... thread 2: (2000,1119000) ops and (960.4,12194.5) ops/second in (2.082427,91.762771) seconds
2026/05/26-11:56:35  ... thread 3: (2000,1066000) ops and (1006.3,11603.4) ops/second in (1.987564,91.869270) seconds
2026/05/26-11:56:36  ... thread 0: (2000,1116000) ops and (1399.5,12075.3) ops/second in (1.429051,92.420144) seconds
2026/05/26-11:56:36  ... thread 2: (1000,1120000) ops and (850.1,12050.9) ops/second in (1.176292,92.939063) seconds
2026/05/26-11:56:37  ... thread 1: (2000,1073000) ops and (1134.1,11473.6) ops/second in (1.763565,93.518855) seconds
2026/05/26-11:56:37  ... thread 3: (2000,1068000) ops and (981.8,11373.0) ops/second in (2.037003,93.906273) seconds
2026/05/26-11:56:37  ... thread 2: (1000,1121000) ops and (871.5,11914.6) ops/second in (1.147441,94.086504) seconds
2026/05/26-11:56:37  ... thread 0: (2000,1118000) ops and (1147.3,11873.0) ops/second in (1.743177,94.163321) seconds
2026/05/26-11:56:38  ... thread 3: (1000,1069000) ops and (929.4,11254.7) ops/second in (1.075954,94.982227) seconds
2026/05/26-11:56:39  ... thread 0: (1000,1119000) ops and (887.5,11743.1) ops/second in (1.126755,95.290076) seconds
2026/05/26-11:56:39  ... thread 1: (2000,1075000) ops and (1007.6,11256.1) ops/second in (1.984965,95.503820) seconds
2026/05/26-11:56:39  ... thread 2: (2000,1123000) ops and (1325.4,11747.4) ops/second in (1.508923,95.595427) seconds
2026/05/26-11:56:40  ... thread 0: (1000,1120000) ops and (945.7,11624.6) ops/second in (1.057416,96.347492) seconds
2026/05/26-11:56:40  ... thread 1: (1000,1076000) ops and (950.5,11143.8) ops/second in (1.052069,96.555889) seconds
2026/05/26-11:56:40  ... thread 2: (1000,1124000) ops and (927.7,11626.8) ops/second in (1.077969,96.673396) seconds
2026/05/26-11:56:40  ... thread 3: (2000,1071000) ops and (1115.9,11067.0) ops/second in (1.792248,96.774475) seconds
2026/05/26-11:56:41  ... thread 3: (1000,1072000) ops and (922.0,10954.5) ops/second in (1.084560,97.859035) seconds
2026/05/26-11:56:41  ... thread 2: (1000,1125000) ops and (779.8,11484.8) ops/second in (1.282341,97.955737) seconds
2026/05/26-11:56:41  ... thread 0: (2000,1122000) ops and (1229.3,11452.0) ops/second in (1.626986,97.974478) seconds
2026/05/26-11:56:42  ... thread 1: (2000,1078000) ops and (1007.3,10939.6) ops/second in (1.985486,98.541375) seconds
2026/05/26-11:56:42  ... thread 3: (1000,1073000) ops and (838.2,10832.7) ops/second in (1.193054,99.052089) seconds
2026/05/26-11:56:43  ... thread 2: (2000,1127000) ops and (1166.5,11307.3) ops/second in (1.714498,99.670235) seconds
2026/05/26-11:56:43  ... thread 1: (1000,1079000) ops and (865.2,10822.8) ops/second in (1.155835,99.697210) seconds
2026/05/26-11:56:43  ... thread 0: (2000,1124000) ops and (1142.1,11270.9) ops/second in (1.751226,99.725704) seconds
2026/05/26-11:56:43  ... thread 3: (1000,1074000) ops and (921.9,10725.3) ops/second in (1.084693,100.136782) seconds
2026/05/26-11:56:44  ... thread 2: (1000,1128000) ops and (881.3,11189.9) ops/second in (1.134659,100.804894) seconds
2026/05/26-11:56:44  ... thread 0: (1000,1125000) ops and (777.6,11137.3) ops/second in (1.286013,101.011717) seconds
2026/05/26-11:56:45  ... thread 3: (2000,1076000) ops and (1529.7,10606.8) ops/second in (1.307485,101.444267) seconds
2026/05/26-11:56:45  ... thread 1: (2000,1081000) ops and (900.8,10606.6) ops/second in (2.220196,101.917406) seconds
2026/05/26-11:56:46  ... thread 3: (2000,1078000) ops and (1600.0,10497.2) ops/second in (1.249985,102.694252) seconds
2026/05/26-11:56:46  ... thread 2: (2000,1130000) ops and (1003.6,10992.5) ops/second in (1.992884,102.797778) seconds
2026/05/26-11:56:47  ... thread 1: (1000,1082000) ops and (693.9,10468.4) ops/second in (1.441189,103.358595) seconds
2026/05/26-11:56:47  ... thread 0: (2000,1127000) ops and (808.7,10890.5) ops/second in (2.473001,103.484718) seconds
2026/05/26-11:56:47  ... thread 2: (1000,1131000) ops and (765.9,10864.2) ops/second in (1.305702,104.103480) seconds
2026/05/26-11:56:48  ... thread 3: (2000,1080000) ops and (928.1,10300.5) ops/second in (2.154949,104.849201) seconds
2026/05/26-11:56:49  ... thread 0: (1000,1128000) ops and (565.9,10717.2) ops/second in (1.767049,105.251767) seconds
2026/05/26-11:56:49  ... thread 1: (2000,1084000) ops and (1008.1,10290.2) ops/second in (1.983956,105.342551) seconds
2026/05/26-11:56:49  ... thread 2: (1000,1132000) ops and (625.2,10709.3) ops/second in (1.599425,105.702905) seconds
2026/05/26-11:56:50  ... thread 1: (1000,1085000) ops and (918.3,10194.3) ops/second in (1.089024,106.431575) seconds
2026/05/26-11:56:50  ... thread 3: (1000,1081000) ops and (597.0,10147.9) ops/second in (1.675056,106.524257) seconds
2026/05/26-11:56:51  ... thread 0: (1000,1129000) ops and (464.7,10511.7) ops/second in (2.152113,107.403880) seconds
2026/05/26-11:56:51  ... thread 2: (1000,1133000) ops and (525.0,10529.0) ops/second in (1.904748,107.607653) seconds
2026/05/26-11:56:51  ... thread 1: (1000,1086000) ops and (789.4,10083.7) ops/second in (1.266836,107.698411) seconds
2026/05/26-11:56:51  ... thread 3: (1000,1082000) ops and (811.2,10041.1) ops/second in (1.232791,107.757048) seconds
2026/05/26-11:56:52  ... thread 2: (1000,1134000) ops and (946.9,10435.9) ops/second in (1.056024,108.663677) seconds
2026/05/26-11:56:52  ... thread 0: (1000,1130000) ops and (703.7,10383.6) ops/second in (1.421144,108.825024) seconds
2026/05/26-11:56:53  ... thread 3: (1000,1083000) ops and (521.2,9874.6) ops/second in (1.918744,109.675792) seconds
2026/05/26-11:56:54  ... thread 1: (1000,1087000) ops and (391.2,9859.0) ops/second in (2.556204,110.254615) seconds
2026/05/26-11:56:54  ... thread 0: (2000,1132000) ops and (1239.4,10250.0) ops/second in (1.613684,110.438708) seconds
2026/05/26-11:56:54  ... thread 3: (1000,1084000) ops and (781.4,9769.7) ops/second in (1.279815,110.955607) seconds
2026/05/26-11:56:54  ... thread 2: (1000,1135000) ops and (430.1,10226.2) ops/second in (2.325216,110.988893) seconds
2026/05/26-11:56:55  ... thread 0: (1000,1133000) ops and (711.1,10130.1) ops/second in (1.406293,111.845001) seconds
2026/05/26-11:56:55  ... thread 1: (1000,1088000) ops and (599.2,9720.9) ops/second in (1.668901,111.923516) seconds
2026/05/26-11:56:56  ... thread 2: (1000,1136000) ops and (732.8,10110.9) ops/second in (1.364610,112.353503) seconds
2026/05/26-11:56:56  ... thread 3: (1000,1085000) ops and (561.7,9624.3) ops/second in (1.780299,112.735906) seconds
2026/05/26-11:56:57  ... thread 0: (1000,1134000) ops and (580.8,9985.3) ops/second in (1.721835,113.566836) seconds
2026/05/26-11:56:57  ... thread 2: (1000,1137000) ops and (796.6,10008.0) ops/second in (1.255399,113.608902) seconds
2026/05/26-11:56:57  ... thread 1: (1000,1089000) ops and (559.5,9576.9) ops/second in (1.787213,113.710729) seconds
2026/05/26-11:56:58  ... thread 3: (1000,1086000) ops and (633.1,9500.0) ops/second in (1.579479,114.315385) seconds
2026/05/26-11:56:58  ... thread 0: (9000,1143000) ops and (8922.0,9975.9) ops/second in (1.008742,114.575578) seconds
2026/05/26-11:56:58  ... thread 2: (7000,1144000) ops and (6956.2,9981.2) ops/second in (1.006297,114.615199) seconds
2026/05/26-11:56:58  ... thread 1: (12000,1101000) ops and (11275.8,9592.7) ops/second in (1.064228,114.774957) seconds
2026/05/26-11:56:59  ... thread 3: (30000,1116000) ops and (28077.7,9672.1) ops/second in (1.068464,115.383849) seconds
2026/05/26-11:56:59  ... thread 0: (22000,1165000) ops and (21352.3,10077.3) ops/second in (1.030333,115.605911) seconds
2026/05/26-11:56:59  ... thread 2: (25000,1169000) ops and (24385.7,10108.9) ops/second in (1.025192,115.640391) seconds
2026/05/26-11:56:59  ... thread 1: (22000,1123000) ops and (21665.2,9698.6) ops/second in (1.015455,115.790412) seconds
2026/05/26-11:57:00  ... thread 3: (26000,1142000) ops and (24594.7,9807.5) ops/second in (1.057140,116.440989) seconds
2026/05/26-11:57:00  ... thread 2: (23000,1192000) ops and (22129.7,10216.0) ops/second in (1.039327,116.679718) seconds
2026/05/26-11:57:00  ... thread 0: (25000,1190000) ops and (22730.2,10196.6) ops/second in (1.099860,116.705771) seconds
2026/05/26-11:57:00  ... thread 1: (20000,1143000) ops and (19783.9,9785.8) ops/second in (1.010922,116.801334) seconds
2026/05/26-11:57:01  ... thread 2: (15000,1207000) ops and (14925.1,10256.2) ops/second in (1.005018,117.684736) seconds
2026/05/26-11:57:01  ... thread 3: (23000,1165000) ops and (18358.8,9898.6) ops/second in (1.252803,117.693792) seconds
2026/05/26-11:57:01  ... thread 0: (16000,1206000) ops and (15156.7,10241.0) ops/second in (1.055641,117.761412) seconds
2026/05/26-11:57:01  ... thread 1: (15000,1158000) ops and (14418.4,9826.7) ops/second in (1.040339,117.841673) seconds
2026/05/26-11:57:02  ... thread 2: (26000,1233000) ops and (25806.7,10388.2) ops/second in (1.007492,118.692228) seconds
2026/05/26-11:57:02  ... thread 3: (23000,1188000) ops and (22476.0,10007.0) ops/second in (1.023316,118.717108) seconds
2026/05/26-11:57:02  ... thread 0: (22000,1228000) ops and (21521.8,10338.1) ops/second in (1.022221,118.783633) seconds
2026/05/26-11:57:02  ... thread 1: (26000,1184000) ops and (24889.6,9959.1) ops/second in (1.044612,118.886285) seconds
2026/05/26-11:57:03  ... thread 3: (29000,1217000) ops and (28994.5,10165.6) ops/second in (1.000190,119.717298) seconds
2026/05/26-11:57:03  ... thread 1: (34000,1218000) ops and (33372.3,10158.0) ops/second in (1.018808,119.905093) seconds
Initializing RocksDB Options from the specified file
Initializing RocksDB Options from command-line flags
Integrated BlobDB: blob cache disabled
Keys:       16 bytes each (+ 0 bytes user-defined timestamp)
Values:     1024 bytes each (512 bytes after compression)
Entries:    1250000
Prefix:    0 bytes
Keys per prefix:    0
RawSize:    1239.8 MB (estimated)
FileSize:   629.4 MB (estimated)
Write rate: 0 bytes/second
Read rate: 0 ops/second
Compression: Snappy
Compression sampling rate: 0
Memtablerep: SkipListFactory
Perf Level: 1
WARNING: Assertions are enabled; benchmarks unnecessarily slow
------------------------------------------------
Initializing RocksDB Options from the specified file
Initializing RocksDB Options from command-line flags
Integrated BlobDB: blob cache disabled
DB path: [/tmp/rocksdb_comp_exp_db]
fillrandom   :      95.931 micros/op 41521 ops/sec 120.420 seconds 5000000 operations;   41.2 MB/s
2026/05/26-11:57:09  ... thread 2: (1000,1000) ops and (197.4,197.4) ops/second in (5.066439,5.066439) seconds
2026/05/26-11:57:09  ... thread 0: (1000,1000) ops and (193.1,193.1) ops/second in (5.177524,5.177524) seconds
2026/05/26-11:57:09  ... thread 1: (1000,1000) ops and (184.8,184.8) ops/second in (5.410363,5.410363) seconds
2026/05/26-11:57:09  ... thread 3: (1000,1000) ops and (184.0,184.0) ops/second in (5.434933,5.434933) seconds
2026/05/26-11:57:13  ... thread 0: (1000,2000) ops and (276.3,227.4) ops/second in (3.619156,8.796680) seconds
2026/05/26-11:57:13  ... thread 2: (1000,2000) ops and (257.2,223.3) ops/second in (3.888685,8.955124) seconds
2026/05/26-11:57:13  ... thread 3: (1000,2000) ops and (266.8,217.8) ops/second in (3.748732,9.183665) seconds
2026/05/26-11:57:13  ... thread 1: (1000,2000) ops and (257.7,215.3) ops/second in (3.880695,9.291058) seconds
2026/05/26-11:57:20  ... thread 0: (1000,3000) ops and (130.0,182.0) ops/second in (7.690452,16.487132) seconds
2026/05/26-11:57:21  ... thread 2: (1000,3000) ops and (126.4,177.8) ops/second in (7.914081,16.869205) seconds
2026/05/26-11:57:21  ... thread 1: (1000,3000) ops and (130.5,176.9) ops/second in (7.665639,16.956697) seconds
2026/05/26-11:57:21  ... thread 3: (1000,3000) ops and (127.2,176.0) ops/second in (7.864476,17.048141) seconds
2026/05/26-11:57:27  ... thread 0: (1000,4000) ops and (155.8,174.6) ops/second in (6.420399,22.907531) seconds
2026/05/26-11:57:27  ... thread 1: (1000,4000) ops and (164.9,173.8) ops/second in (6.064842,23.021539) seconds
2026/05/26-11:57:27  ... thread 2: (1000,4000) ops and (156.6,172.0) ops/second in (6.385749,23.254954) seconds
2026/05/26-11:57:27  ... thread 3: (1000,4000) ops and (159.5,171.5) ops/second in (6.271019,23.319160) seconds
2026/05/26-11:57:32  ... thread 0: (1000,5000) ops and (185.8,176.7) ops/second in (5.382114,28.289645) seconds
2026/05/26-11:57:32  ... thread 1: (1000,5000) ops and (189.2,176.6) ops/second in (5.286635,28.308174) seconds
2026/05/26-11:57:32  ... thread 2: (1000,5000) ops and (193.6,175.9) ops/second in (5.164635,28.419589) seconds
2026/05/26-11:57:32  ... thread 3: (1000,5000) ops and (194.7,175.7) ops/second in (5.134833,28.453993) seconds
2026/05/26-11:57:35  ... thread 1: (1000,6000) ops and (293.9,189.2) ops/second in (3.402482,31.710656) seconds
2026/05/26-11:57:35  ... thread 2: (1000,6000) ops and (299.3,188.9) ops/second in (3.341227,31.760816) seconds
2026/05/26-11:57:35  ... thread 0: (1000,6000) ops and (287.7,188.9) ops/second in (3.475945,31.765590) seconds
2026/05/26-11:57:36  ... thread 3: (1000,6000) ops and (293.2,188.3) ops/second in (3.411184,31.865177) seconds
2026/05/26-11:57:38  ... thread 1: (1000,7000) ops and (450.5,206.3) ops/second in (2.219730,33.930386) seconds
2026/05/26-11:57:38  ... thread 2: (1000,7000) ops and (396.4,204.2) ops/second in (2.522846,34.283662) seconds
2026/05/26-11:57:38  ... thread 0: (1000,7000) ops and (395.4,204.1) ops/second in (2.529177,34.294767) seconds
2026/05/26-11:57:38  ... thread 3: (1000,7000) ops and (398.1,203.6) ops/second in (2.511911,34.377088) seconds
2026/05/26-11:57:40  ... thread 0: (1000,8000) ops and (533.1,221.2) ops/second in (1.875964,36.170731) seconds
2026/05/26-11:57:40  ... thread 1: (1000,8000) ops and (437.8,220.9) ops/second in (2.284265,36.214651) seconds
2026/05/26-11:57:40  ... thread 2: (1000,8000) ops and (479.7,220.0) ops/second in (2.084845,36.368507) seconds
2026/05/26-11:57:40  ... thread 3: (1000,8000) ops and (494.0,219.8) ops/second in (2.024367,36.401455) seconds
2026/05/26-11:57:42  ... thread 3: (1000,9000) ops and (676.3,237.6) ops/second in (1.478690,37.880145) seconds
2026/05/26-11:57:42  ... thread 0: (1000,9000) ops and (578.7,237.5) ops/second in (1.727986,37.898717) seconds
2026/05/26-11:57:42  ... thread 1: (1000,9000) ops and (591.9,237.4) ops/second in (1.689369,37.904020) seconds
2026/05/26-11:57:42  ... thread 2: (1000,9000) ops and (642.9,237.3) ops/second in (1.555338,37.923845) seconds
2026/05/26-11:57:43  ... thread 3: (1000,10000) ops and (685.6,254.2) ops/second in (1.458529,39.338674) seconds
2026/05/26-11:57:43  ... thread 2: (1000,10000) ops and (692.8,254.0) ops/second in (1.443378,39.367223) seconds
2026/05/26-11:57:43  ... thread 0: (1000,10000) ops and (680.9,254.0) ops/second in (1.468715,39.367432) seconds
2026/05/26-11:57:43  ... thread 1: (1000,10000) ops and (669.7,253.8) ops/second in (1.493150,39.397170) seconds
2026/05/26-11:57:44  ... thread 2: (3000,13000) ops and (2425.0,320.2) ops/second in (1.237121,40.604344) seconds
2026/05/26-11:57:44  ... thread 3: (3000,13000) ops and (2326.9,320.0) ops/second in (1.289259,40.627933) seconds
2026/05/26-11:57:44  ... thread 0: (3000,13000) ops and (2357.8,319.9) ops/second in (1.272360,40.639792) seconds
2026/05/26-11:57:44  ... thread 1: (3000,13000) ops and (2398.1,319.8) ops/second in (1.250986,40.648156) seconds
2026/05/26-11:57:45  ... thread 2: (3000,16000) ops and (2707.8,383.6) ops/second in (1.107913,41.712257) seconds
2026/05/26-11:57:45  ... thread 0: (3000,16000) ops and (2745.3,383.4) ops/second in (1.092780,41.732572) seconds
2026/05/26-11:57:45  ... thread 3: (3000,16000) ops and (2637.3,383.1) ops/second in (1.137508,41.765441) seconds
2026/05/26-11:57:46  ... thread 1: (3000,16000) ops and (2612.2,382.8) ops/second in (1.148463,41.796619) seconds
2026/05/26-11:57:46  ... thread 2: (3000,19000) ops and (2883.1,444.4) ops/second in (1.040548,42.752805) seconds
2026/05/26-11:57:46  ... thread 3: (3000,19000) ops and (2987.3,444.2) ops/second in (1.004235,42.769676) seconds
2026/05/26-11:57:47  ... thread 0: (3000,19000) ops and (2783.6,443.8) ops/second in (1.077749,42.810321) seconds
2026/05/26-11:57:47  ... thread 1: (3000,19000) ops and (2788.1,443.2) ops/second in (1.076011,42.872630) seconds
2026/05/26-11:57:48  ... thread 2: (3000,22000) ops and (2838.6,502.2) ops/second in (1.056865,43.809670) seconds
2026/05/26-11:57:48  ... thread 3: (3000,22000) ops and (2650.2,501.1) ops/second in (1.131972,43.901648) seconds
2026/05/26-11:57:48  ... thread 0: (3000,22000) ops and (2648.6,500.6) ops/second in (1.132657,43.942978) seconds
2026/05/26-11:57:48  ... thread 1: (3000,22000) ops and (2554.2,499.5) ops/second in (1.174549,44.047179) seconds
2026/05/26-11:57:49  ... thread 2: (2000,24000) ops and (1818.7,534.4) ops/second in (1.099708,44.909378) seconds
2026/05/26-11:57:49  ... thread 3: (2000,24000) ops and (1936.3,534.1) ops/second in (1.032905,44.934553) seconds
2026/05/26-11:57:49  ... thread 0: (2000,24000) ops and (1863.3,533.1) ops/second in (1.073380,45.016358) seconds
2026/05/26-11:57:49  ... thread 1: (2000,24000) ops and (1893.9,532.1) ops/second in (1.056034,45.103213) seconds
2026/05/26-11:57:50  ... thread 3: (4000,28000) ops and (3674.2,608.4) ops/second in (1.088661,46.023214) seconds
2026/05/26-11:57:50  ... thread 2: (4000,28000) ops and (3503.1,608.0) ops/second in (1.141850,46.051228) seconds
2026/05/26-11:57:50  ... thread 1: (4000,28000) ops and (3696.3,606.3) ops/second in (1.082168,46.185381) seconds
2026/05/26-11:57:50  ... thread 0: (4000,28000) ops and (3403.1,606.2) ops/second in (1.175390,46.191748) seconds
2026/05/26-11:57:51  ... thread 3: (5000,33000) ops and (4329.6,699.5) ops/second in (1.154849,47.178063) seconds
2026/05/26-11:57:51  ... thread 2: (5000,33000) ops and (4190.6,698.5) ops/second in (1.193147,47.244375) seconds
2026/05/26-11:57:51  ... thread 0: (5000,33000) ops and (4320.1,697.0) ops/second in (1.157373,47.349121) seconds
2026/05/26-11:57:51  ... thread 1: (5000,33000) ops and (4056.8,695.9) ops/second in (1.232493,47.417874) seconds
2026/05/26-11:57:52  ... thread 3: (5000,38000) ops and (4640.7,787.5) ops/second in (1.077433,48.255496) seconds
2026/05/26-11:57:52  ... thread 2: (5000,38000) ops and (4712.1,786.7) ops/second in (1.061104,48.305479) seconds
2026/05/26-11:57:52  ... thread 0: (5000,38000) ops and (4699.6,784.9) ops/second in (1.063926,48.413047) seconds
2026/05/26-11:57:52  ... thread 1: (6000,39000) ops and (5068.2,802.4) ops/second in (1.183856,48.601730) seconds
2026/05/26-11:57:53  ... thread 3: (6000,44000) ops and (5195.5,890.5) ops/second in (1.154845,49.410341) seconds
2026/05/26-11:57:53  ... thread 0: (6000,44000) ops and (5720.3,889.6) ops/second in (1.048891,49.461938) seconds
2026/05/26-11:57:53  ... thread 2: (6000,44000) ops and (5119.8,889.3) ops/second in (1.171925,49.477404) seconds
2026/05/26-11:57:53  ... thread 1: (6000,45000) ops and (5356.0,905.0) ops/second in (1.120235,49.721965) seconds
2026/05/26-11:57:54  ... thread 3: (6000,50000) ops and (5845.7,991.3) ops/second in (1.026401,50.436742) seconds
2026/05/26-11:57:54  ... thread 0: (6000,50000) ops and (5904.0,990.5) ops/second in (1.016258,50.478196) seconds
2026/05/26-11:57:54  ... thread 2: (6000,50000) ops and (5420.7,988.4) ops/second in (1.106859,50.584263) seconds
2026/05/26-11:57:55  ... thread 1: (7000,52000) ops and (5972.0,1021.7) ops/second in (1.172138,50.894103) seconds
2026/05/26-11:57:55  ... thread 0: (7000,57000) ops and (6682.4,1106.2) ops/second in (1.047528,51.525724) seconds
2026/05/26-11:57:55  ... thread 3: (7000,57000) ops and (6375.9,1106.1) ops/second in (1.097887,51.534629) seconds
2026/05/26-11:57:55  ... thread 2: (8000,58000) ops and (7153.7,1121.8) ops/second in (1.118308,51.702571) seconds
2026/05/26-11:57:56  ... thread 1: (8000,60000) ops and (7090.9,1153.4) ops/second in (1.128203,52.022306) seconds
2026/05/26-11:57:56  ... thread 0: (8000,65000) ops and (7143.3,1234.7) ops/second in (1.119926,52.645650) seconds
2026/05/26-11:57:56  ... thread 3: (8000,65000) ops and (7183.9,1234.6) ops/second in (1.113604,52.648233) seconds
2026/05/26-11:57:56  ... thread 2: (8000,66000) ops and (7600.9,1251.1) ops/second in (1.052512,52.755083) seconds
2026/05/26-11:57:57  ... thread 1: (9000,69000) ops and (8429.7,1299.7) ops/second in (1.067657,53.089963) seconds
2026/05/26-11:57:57  ... thread 3: (9000,74000) ops and (8768.4,1378.7) ops/second in (1.026418,53.674651) seconds
2026/05/26-11:57:57  ... thread 2: (9000,75000) ops and (8991.6,1395.2) ops/second in (1.000929,53.756012) seconds
2026/05/26-11:57:57  ... thread 0: (9000,74000) ops and (8098.8,1376.6) ops/second in (1.111278,53.756928) seconds
2026/05/26-11:57:58  ... thread 1: (10000,79000) ops and (9412.3,1458.8) ops/second in (1.062438,54.152401) seconds
2026/05/26-11:57:58  ... thread 3: (10000,84000) ops and (9903.6,1536.1) ops/second in (1.009729,54.684380) seconds
2026/05/26-11:57:58  ... thread 0: (10000,84000) ops and (9868.6,1533.7) ops/second in (1.013318,54.770246) seconds
2026/05/26-11:57:59  ... thread 2: (11000,86000) ops and (9959.1,1567.6) ops/second in (1.104519,54.860531) seconds
2026/05/26-11:57:59  ... thread 1: (11000,90000) ops and (10519.4,1630.5) ops/second in (1.045691,55.198092) seconds
2026/05/26-11:57:59  ... thread 3: (12000,96000) ops and (11538.4,1722.8) ops/second in (1.040010,55.724390) seconds
2026/05/26-11:58:00  ... thread 0: (12000,96000) ops and (11350.4,1719.6) ops/second in (1.057229,55.827475) seconds
2026/05/26-11:58:00  ... thread 2: (12000,98000) ops and (11637.8,1753.4) ops/second in (1.031126,55.891657) seconds
DB path: [/tmp/rocksdb_comp_exp_db]
readrandom   :     560.718 micros/op 7125 ops/sec 56.138 seconds 400000 operations;    6.9 MB/s (98184 of 100000 found)

STATISTICS:
rocksdb.block.cache.miss COUNT : 3387923
rocksdb.block.cache.hit COUNT : 28509
rocksdb.block.cache.add COUNT : 615344
rocksdb.block.cache.add.failures COUNT : 0
rocksdb.block.cache.index.miss COUNT : 0
rocksdb.block.cache.index.hit COUNT : 0
rocksdb.block.cache.index.add COUNT : 0
rocksdb.block.cache.index.bytes.insert COUNT : 0
rocksdb.block.cache.filter.miss COUNT : 0
rocksdb.block.cache.filter.hit COUNT : 0
rocksdb.block.cache.filter.add COUNT : 0
rocksdb.block.cache.filter.bytes.insert COUNT : 0
rocksdb.block.cache.data.miss COUNT : 3387923
rocksdb.block.cache.data.hit COUNT : 28509
rocksdb.block.cache.data.add COUNT : 615344
rocksdb.block.cache.data.bytes.insert COUNT : 2648431344
rocksdb.block.cache.bytes.read COUNT : 122702736
rocksdb.block.cache.bytes.write COUNT : 2648431344
rocksdb.block.cache.compression.dict.miss COUNT : 0
rocksdb.block.cache.compression.dict.hit COUNT : 0
rocksdb.block.cache.compression.dict.add COUNT : 0
rocksdb.block.cache.compression.dict.bytes.insert COUNT : 0
rocksdb.block.cache.add.redundant COUNT : 7
rocksdb.block.cache.index.add.redundant COUNT : 0
rocksdb.block.cache.filter.add.redundant COUNT : 0
rocksdb.block.cache.data.add.redundant COUNT : 7
rocksdb.block.cache.compression.dict.add.redundant COUNT : 0
rocksdb.secondary.cache.hits COUNT : 0
rocksdb.secondary.cache.filter.hits COUNT : 0
rocksdb.secondary.cache.index.hits COUNT : 0
rocksdb.secondary.cache.data.hits COUNT : 0
rocksdb.compressed.secondary.cache.dummy.hits COUNT : 0
rocksdb.compressed.secondary.cache.hits COUNT : 0
rocksdb.compressed.secondary.cache.promotions COUNT : 0
rocksdb.compressed.secondary.cache.promotion.skips COUNT : 0
rocksdb.bloom.filter.useful COUNT : 0
rocksdb.bloom.filter.full.positive COUNT : 0
rocksdb.bloom.filter.full.true.positive COUNT : 0
rocksdb.bloom.filter.prefix.checked COUNT : 0
rocksdb.bloom.filter.prefix.useful COUNT : 0
rocksdb.bloom.filter.prefix.true.positive COUNT : 0
rocksdb.persistent.cache.hit COUNT : 0
rocksdb.persistent.cache.miss COUNT : 0
rocksdb.sim.block.cache.hit COUNT : 0
rocksdb.sim.block.cache.miss COUNT : 0
rocksdb.memtable.hit COUNT : 7016
rocksdb.memtable.miss COUNT : 392984
rocksdb.l0.hit COUNT : 9873
rocksdb.l1.hit COUNT : 138476
rocksdb.l2andup.hit COUNT : 237327
rocksdb.compaction.key.drop.new COUNT : 3277112
rocksdb.compaction.key.drop.obsolete COUNT : 0
rocksdb.compaction.key.drop.range_del COUNT : 0
rocksdb.compaction.key.drop.user COUNT : 0
rocksdb.compaction.range_del.drop.obsolete COUNT : 0
rocksdb.compaction.optimized.del.drop.obsolete COUNT : 0
rocksdb.compaction.cancelled COUNT : 0
rocksdb.compaction.aborted COUNT : 0
rocksdb.number.keys.written COUNT : 5000000
rocksdb.number.keys.read COUNT : 400000
rocksdb.number.keys.updated COUNT : 0
rocksdb.bytes.written COUNT : 5278090920
rocksdb.bytes.read COUNT : 402116608
rocksdb.number.db.seek COUNT : 0
rocksdb.number.db.next COUNT : 0
rocksdb.number.db.prev COUNT : 0
rocksdb.number.db.seek.found COUNT : 0
rocksdb.number.db.next.found COUNT : 0
rocksdb.number.db.prev.found COUNT : 0
rocksdb.db.iter.bytes.read COUNT : 0
rocksdb.number.iter.skip COUNT : 0
rocksdb.number.reseeks.iteration COUNT : 0
rocksdb.num.iterator.created COUNT : 0
rocksdb.num.iterator.deleted COUNT : 0
rocksdb.no.file.opens COUNT : 143
rocksdb.no.file.errors COUNT : 0
rocksdb.stall.micros COUNT : 82219419
rocksdb.db.mutex.wait.micros COUNT : 0
rocksdb.number.multiget.get COUNT : 0
rocksdb.number.multiget.keys.read COUNT : 0
rocksdb.number.multiget.bytes.read COUNT : 0
rocksdb.number.multiget.keys.found COUNT : 0
rocksdb.number.merge.failures COUNT : 0
rocksdb.getupdatessince.calls COUNT : 0
rocksdb.wal.synced COUNT : 0
rocksdb.wal.bytes COUNT : 5278090920
rocksdb.write.self COUNT : 4840910
rocksdb.write.other COUNT : 159090
rocksdb.write.wal COUNT : 5000000
rocksdb.compact.read.bytes COUNT : 6771073515
rocksdb.compact.write.bytes COUNT : 4798223632
rocksdb.flush.write.bytes COUNT : 2971628144
rocksdb.compact.read.marked.bytes COUNT : 0
rocksdb.compact.read.periodic.bytes COUNT : 0
rocksdb.compact.read.ttl.bytes COUNT : 0
rocksdb.compact.write.marked.bytes COUNT : 0
rocksdb.compact.write.periodic.bytes COUNT : 0
rocksdb.compact.write.ttl.bytes COUNT : 0
rocksdb.number.direct.load.table.properties COUNT : 0
rocksdb.number.superversion_acquires COUNT : 28
rocksdb.number.superversion_releases COUNT : 24
rocksdb.number.superversion_cleanups COUNT : 6
rocksdb.number.block.compressed COUNT : 3177849
rocksdb.number.block.decompressed COUNT : 3388066
rocksdb.bytes.compressed.from COUNT : 13393857887
rocksdb.bytes.compressed.to COUNT : 7753771460
rocksdb.bytes.compression_bypassed COUNT : 0
rocksdb.bytes.compression.rejected COUNT : 0
rocksdb.number.block_compression_bypassed COUNT : 0
rocksdb.number.block_compression_rejected COUNT : 0
rocksdb.bytes.decompressed.from COUNT : 8264715781
rocksdb.bytes.decompressed.to COUNT : 14275802672
rocksdb.merge.operation.time.nanos COUNT : 0
rocksdb.filter.operation.time.nanos COUNT : 0
rocksdb.compaction.total.time.cpu_micros COUNT : 36797202
rocksdb.row.cache.hit COUNT : 0
rocksdb.row.cache.miss COUNT : 0
rocksdb.read.amp.estimate.useful.bytes COUNT : 0
rocksdb.read.amp.total.read.bytes COUNT : 0
rocksdb.number.rate_limiter.drains COUNT : 0
rocksdb.blobdb.num.put COUNT : 0
rocksdb.blobdb.num.write COUNT : 0
rocksdb.blobdb.num.get COUNT : 0
rocksdb.blobdb.num.multiget COUNT : 0
rocksdb.blobdb.num.seek COUNT : 0
rocksdb.blobdb.num.next COUNT : 0
rocksdb.blobdb.num.prev COUNT : 0
rocksdb.blobdb.num.keys.written COUNT : 0
rocksdb.blobdb.num.keys.read COUNT : 0
rocksdb.blobdb.bytes.written COUNT : 0
rocksdb.blobdb.bytes.read COUNT : 0
rocksdb.blobdb.write.inlined COUNT : 0
rocksdb.blobdb.write.inlined.ttl COUNT : 0
rocksdb.blobdb.write.blob COUNT : 0
rocksdb.blobdb.write.blob.ttl COUNT : 0
rocksdb.blobdb.blob.file.bytes.written COUNT : 0
rocksdb.blobdb.blob.file.bytes.read COUNT : 0
rocksdb.blobdb.blob.file.synced COUNT : 0
rocksdb.blobdb.blob.index.expired.count COUNT : 0
rocksdb.blobdb.blob.index.expired.size COUNT : 0
rocksdb.blobdb.blob.index.evicted.count COUNT : 0
rocksdb.blobdb.blob.index.evicted.size COUNT : 0
rocksdb.blobdb.gc.num.files COUNT : 0
rocksdb.blobdb.gc.num.new.files COUNT : 0
rocksdb.blobdb.gc.failures COUNT : 0
rocksdb.blobdb.gc.num.keys.relocated COUNT : 0
rocksdb.blobdb.gc.bytes.relocated COUNT : 0
rocksdb.blobdb.fifo.num.files.evicted COUNT : 0
rocksdb.blobdb.fifo.num.keys.evicted COUNT : 0
rocksdb.blobdb.fifo.bytes.evicted COUNT : 0
rocksdb.blobdb.cache.miss COUNT : 0
rocksdb.blobdb.cache.hit COUNT : 0
rocksdb.blobdb.cache.add COUNT : 0
rocksdb.blobdb.cache.add.failures COUNT : 0
rocksdb.blobdb.cache.bytes.read COUNT : 0
rocksdb.blobdb.cache.bytes.write COUNT : 0
rocksdb.txn.overhead.mutex.prepare COUNT : 0
rocksdb.txn.overhead.mutex.old.commit.map COUNT : 0
rocksdb.txn.overhead.duplicate.key COUNT : 0
rocksdb.txn.overhead.mutex.snapshot COUNT : 0
rocksdb.txn.get.tryagain COUNT : 0
rocksdb.files.marked.trash COUNT : 0
rocksdb.files.marked.trash.deleted COUNT : 0
rocksdb.files.deleted.immediately COUNT : 205
rocksdb.error.handler.bg.error.count COUNT : 0
rocksdb.error.handler.bg.io.error.count COUNT : 0
rocksdb.error.handler.bg.retryable.io.error.count COUNT : 0
rocksdb.error.handler.autoresume.count COUNT : 0
rocksdb.error.handler.autoresume.retry.total.count COUNT : 0
rocksdb.error.handler.autoresume.success.count COUNT : 0
rocksdb.memtable.payload.bytes.at.flush COUNT : 5217046704
rocksdb.memtable.garbage.bytes.at.flush COUNT : 127602384
rocksdb.verify_checksum.read.bytes COUNT : 0
rocksdb.backup.read.bytes COUNT : 0
rocksdb.backup.write.bytes COUNT : 0
rocksdb.remote.compact.read.bytes COUNT : 0
rocksdb.remote.compact.write.bytes COUNT : 0
rocksdb.remote.compact.resumed.bytes COUNT : 0
rocksdb.hot.file.read.bytes COUNT : 0
rocksdb.warm.file.read.bytes COUNT : 0
rocksdb.cool.file.read.bytes COUNT : 0
rocksdb.cold.file.read.bytes COUNT : 0
rocksdb.ice.file.read.bytes COUNT : 0
rocksdb.hot.file.read.count COUNT : 0
rocksdb.warm.file.read.count COUNT : 0
rocksdb.cool.file.read.count COUNT : 0
rocksdb.cold.file.read.count COUNT : 0
rocksdb.ice.file.read.count COUNT : 0
rocksdb.last.level.read.bytes COUNT : 0
rocksdb.last.level.read.count COUNT : 0
rocksdb.non.last.level.read.bytes COUNT : 8281835787
rocksdb.non.last.level.read.count COUNT : 3388495
rocksdb.last.level.seek.filtered COUNT : 0
rocksdb.last.level.seek.filter.match COUNT : 0
rocksdb.last.level.seek.data COUNT : 0
rocksdb.last.level.seek.data.useful.no.filter COUNT : 0
rocksdb.last.level.seek.data.useful.filter.match COUNT : 0
rocksdb.non.last.level.seek.filtered COUNT : 0
rocksdb.non.last.level.seek.filter.match COUNT : 0
rocksdb.non.last.level.seek.data COUNT : 0
rocksdb.non.last.level.seek.data.useful.no.filter COUNT : 0
rocksdb.non.last.level.seek.data.useful.filter.match COUNT : 0
rocksdb.block.checksum.compute.count COUNT : 3388209
rocksdb.block.checksum.mismatch.count COUNT : 0
rocksdb.multiget.coroutine.count COUNT : 0
rocksdb.read.async.micros COUNT : 0
rocksdb.async.read.error.count COUNT : 0
rocksdb.table.open.prefetch.tail.miss COUNT : 0
rocksdb.table.open.prefetch.tail.hit COUNT : 0
rocksdb.timestamp.filter.table.checked COUNT : 0
rocksdb.timestamp.filter.table.filtered COUNT : 0
rocksdb.readahead.trimmed COUNT : 0
rocksdb.fifo.max.size.compactions COUNT : 0
rocksdb.fifo.ttl.compactions COUNT : 0
rocksdb.fifo.change_temperature.compactions COUNT : 0
rocksdb.prefetch.bytes COUNT : 0
rocksdb.prefetch.bytes.useful COUNT : 0
rocksdb.prefetch.hits COUNT : 0
rocksdb.footer.corruption.count COUNT : 0
rocksdb.file.read.corruption.retry.count COUNT : 0
rocksdb.file.read.corruption.retry.success.count COUNT : 0
rocksdb.number.wbwi.ingest COUNT : 0
rocksdb.sst.user.defined.index.load.fail.count COUNT : 0
rocksdb.multiscan.prepare.calls COUNT : 0
rocksdb.multiscan.prepare.errors COUNT : 0
rocksdb.multiscan.blocks.prefetched COUNT : 0
rocksdb.multiscan.blocks.from.cache COUNT : 0
rocksdb.multiscan.prefetch.bytes COUNT : 0
rocksdb.multiscan.prefetch.blocks.wasted COUNT : 0
rocksdb.multiscan.io.requests COUNT : 0
rocksdb.multiscan.io.coalesced.nonadjacent COUNT : 0
rocksdb.multiscan.seek.errors COUNT : 0
rocksdb.prefetch.memory.bytes.granted COUNT : 0
rocksdb.prefetch.memory.bytes.released COUNT : 0
rocksdb.prefetch.memory.requests.blocked COUNT : 0
rocksdb.read.path.range.tombstones.inserted COUNT : 0
rocksdb.read.path.range.tombstones.discarded COUNT : 0
rocksdb.file.open.metadata.retrieved COUNT : 0
rocksdb.file.open.metadata.passed COUNT : 0
rocksdb.manifest.validation.failure.count COUNT : 0
rocksdb.db.get.micros P50 : 18.987717 P95 : 1897.796121 P99 : 9573.845490 P100 : 1166994.000000 COUNT : 400000 SUM : 223979388
rocksdb.db.write.micros P50 : 4.925436 P95 : 62.017551 P99 : 1864.555656 P100 : 1052670.000000 COUNT : 5000000 SUM : 475819608
rocksdb.compaction.times.micros P50 : 5766666.666667 P95 : 29952430.000000 P99 : 29952430.000000 P100 : 29952430.000000 COUNT : 14 SUM : 155344294
rocksdb.compaction.times.cpu_micros P50 : 1666666.666667 P95 : 7176841.000000 P99 : 7176841.000000 P100 : 7176841.000000 COUNT : 14 SUM : 36797202
rocksdb.subcompaction.setup.times.micros P50 : 0.000000 P95 : 0.000000 P99 : 0.000000 P100 : 0.000000 COUNT : 0 SUM : 0
rocksdb.table.sync.micros P50 : 342857.142857 P95 : 1127142.857143 P99 : 1340000.000000 P100 : 1378088.000000 COUNT : 80 SUM : 40811011
rocksdb.compaction.outfile.sync.micros P50 : 776346.153846 P95 : 1348750.000000 P99 : 1438609.000000 P100 : 1438609.000000 COUNT : 63 SUM : 47367959
rocksdb.wal.file.sync.micros P50 : 0.000000 P95 : 0.000000 P99 : 0.000000 P100 : 0.000000 COUNT : 0 SUM : 0
rocksdb.manifest.file.sync.micros P50 : 5779.104478 P95 : 20400.000000 P99 : 380000.000000 P100 : 476126.000000 COUNT : 100 SUM : 1436762
rocksdb.table.open.io.micros P50 : 752.187500 P95 : 2592.857143 P99 : 8481.000000 P100 : 11771.000000 COUNT : 143 SUM : 154702
rocksdb.db.multiget.micros P50 : 0.000000 P95 : 0.000000 P99 : 0.000000 P100 : 0.000000 COUNT : 0 SUM : 0
rocksdb.read.block.compaction.micros P50 : 3.000933 P95 : 6.307749 P99 : 182.497211 P100 : 320178.000000 COUNT : 2772579 SUM : 79572154
rocksdb.read.block.get.micros P50 : 9.179568 P95 : 1653.039172 P99 : 3174.775546 P100 : 660690.000000 COUNT : 615487 SUM : 218405168
rocksdb.write.raw.block.micros P50 : 0.548999 P95 : 1.545185 P99 : 2.856064 P100 : 14018.000000 COUNT : 3178135 SUM : 9031694
rocksdb.numfiles.in.singlecompaction P50 : 7.000000 P95 : 20.133333 P99 : 21.626667 P100 : 22.000000 COUNT : 16 SUM : 134
rocksdb.db.seek.micros P50 : 0.000000 P95 : 0.000000 P99 : 0.000000 P100 : 0.000000 COUNT : 0 SUM : 0
rocksdb.db.write.stall P50 : 1252.519819 P95 : 2790.122212 P99 : 2885.130402 P100 : 1047851.000000 COUNT : 37704 SUM : 82219419
rocksdb.sst.read.micros P50 : 0.974925 P95 : 7.789688 P99 : 1709.914446 P100 : 660668.000000 COUNT : 3388495 SUM : 285174901
rocksdb.file.read.flush.micros P50 : 4.000000 P95 : 87.333333 P99 : 126.000000 P100 : 1491.000000 COUNT : 320 SUM : 8217
rocksdb.file.read.compaction.micros P50 : 0.805161 P95 : 2.641042 P99 : 47.264550 P100 : 320146.000000 COUNT : 2772831 SUM : 72154843
rocksdb.file.read.db.open.micros P50 : 0.000000 P95 : 0.000000 P99 : 0.000000 P100 : 0.000000 COUNT : 0 SUM : 0
rocksdb.file.read.get.micros P50 : 0.000000 P95 : 0.000000 P99 : 0.000000 P100 : 0.000000 COUNT : 0 SUM : 0
rocksdb.file.read.multiget.micros P50 : 0.000000 P95 : 0.000000 P99 : 0.000000 P100 : 0.000000 COUNT : 0 SUM : 0
rocksdb.file.read.db.iterator.micros P50 : 0.000000 P95 : 0.000000 P99 : 0.000000 P100 : 0.000000 COUNT : 0 SUM : 0
rocksdb.file.read.verify.db.checksum.micros P50 : 0.000000 P95 : 0.000000 P99 : 0.000000 P100 : 0.000000 COUNT : 0 SUM : 0
rocksdb.file.read.verify.file.checksums.micros P50 : 0.000000 P95 : 0.000000 P99 : 0.000000 P100 : 0.000000 COUNT : 0 SUM : 0
rocksdb.sst.write.micros P50 : 0.502885 P95 : 0.955482 P99 : 0.995712 P100 : 13384.000000 COUNT : 6356413 SUM : 7561072
rocksdb.file.write.flush.micros P50 : 0.501737 P95 : 0.953301 P99 : 0.993440 P100 : 13384.000000 COUNT : 2428794 SUM : 3093979
rocksdb.file.write.compaction.micros P50 : 0.503597 P95 : 0.956835 P99 : 0.997123 P100 : 7807.000000 COUNT : 3927619 SUM : 4467093
rocksdb.file.write.db.open.micros P50 : 0.000000 P95 : 0.000000 P99 : 0.000000 P100 : 0.000000 COUNT : 0 SUM : 0
rocksdb.num.subcompactions.scheduled P50 : 0.000000 P95 : 0.000000 P99 : 0.000000 P100 : 0.000000 COUNT : 0 SUM : 0
rocksdb.bytes.per.read P50 : 1024.000000 P95 : 1024.000000 P99 : 1024.000000 P100 : 1024.000000 COUNT : 400000 SUM : 402116608
rocksdb.bytes.per.write P50 : 1088.880602 P95 : 1285.873144 P99 : 2914.572253 P100 : 4188.000000 COUNT : 4840910 SUM : 5278090920
rocksdb.bytes.per.multiget P50 : 0.000000 P95 : 0.000000 P99 : 0.000000 P100 : 0.000000 COUNT : 0 SUM : 0
rocksdb.compression.times.nanos P50 : 0.000000 P95 : 0.000000 P99 : 0.000000 P100 : 0.000000 COUNT : 0 SUM : 0
rocksdb.decompression.times.nanos P50 : 0.000000 P95 : 0.000000 P99 : 0.000000 P100 : 0.000000 COUNT : 0 SUM : 0
rocksdb.read.num.merge_operands P50 : 0.000000 P95 : 0.000000 P99 : 0.000000 P100 : 0.000000 COUNT : 0 SUM : 0
rocksdb.blobdb.key.size P50 : 0.000000 P95 : 0.000000 P99 : 0.000000 P100 : 0.000000 COUNT : 0 SUM : 0
rocksdb.blobdb.value.size P50 : 0.000000 P95 : 0.000000 P99 : 0.000000 P100 : 0.000000 COUNT : 0 SUM : 0
rocksdb.blobdb.write.micros P50 : 0.000000 P95 : 0.000000 P99 : 0.000000 P100 : 0.000000 COUNT : 0 SUM : 0
rocksdb.blobdb.get.micros P50 : 0.000000 P95 : 0.000000 P99 : 0.000000 P100 : 0.000000 COUNT : 0 SUM : 0
rocksdb.blobdb.multiget.micros P50 : 0.000000 P95 : 0.000000 P99 : 0.000000 P100 : 0.000000 COUNT : 0 SUM : 0
rocksdb.blobdb.seek.micros P50 : 0.000000 P95 : 0.000000 P99 : 0.000000 P100 : 0.000000 COUNT : 0 SUM : 0
rocksdb.blobdb.next.micros P50 : 0.000000 P95 : 0.000000 P99 : 0.000000 P100 : 0.000000 COUNT : 0 SUM : 0
rocksdb.blobdb.prev.micros P50 : 0.000000 P95 : 0.000000 P99 : 0.000000 P100 : 0.000000 COUNT : 0 SUM : 0
rocksdb.blobdb.blob.file.write.micros P50 : 0.000000 P95 : 0.000000 P99 : 0.000000 P100 : 0.000000 COUNT : 0 SUM : 0
rocksdb.blobdb.blob.file.read.micros P50 : 0.000000 P95 : 0.000000 P99 : 0.000000 P100 : 0.000000 COUNT : 0 SUM : 0
rocksdb.blobdb.blob.file.sync.micros P50 : 0.000000 P95 : 0.000000 P99 : 0.000000 P100 : 0.000000 COUNT : 0 SUM : 0
rocksdb.blobdb.compression.micros P50 : 0.000000 P95 : 0.000000 P99 : 0.000000 P100 : 0.000000 COUNT : 0 SUM : 0
rocksdb.blobdb.decompression.micros P50 : 0.000000 P95 : 0.000000 P99 : 0.000000 P100 : 0.000000 COUNT : 0 SUM : 0
rocksdb.db.flush.micros P50 : 639047.619048 P95 : 1183809.523810 P99 : 1631315.000000 P100 : 1631315.000000 COUNT : 80 SUM : 57038355
rocksdb.sst.batch.size P50 : 0.000000 P95 : 0.000000 P99 : 0.000000 P100 : 0.000000 COUNT : 0 SUM : 0
rocksdb.multiget.io.batch.size P50 : 0.000000 P95 : 0.000000 P99 : 0.000000 P100 : 0.000000 COUNT : 0 SUM : 0
rocksdb.num.index.and.filter.blocks.read.per.level P50 : 0.000000 P95 : 0.000000 P99 : 0.000000 P100 : 0.000000 COUNT : 0 SUM : 0
rocksdb.num.sst.read.per.level P50 : 0.000000 P95 : 0.000000 P99 : 0.000000 P100 : 0.000000 COUNT : 0 SUM : 0
rocksdb.num.level.read.per.multiget P50 : 0.000000 P95 : 0.000000 P99 : 0.000000 P100 : 0.000000 COUNT : 0 SUM : 0
rocksdb.error.handler.autoresume.retry.count P50 : 0.000000 P95 : 0.000000 P99 : 0.000000 P100 : 0.000000 COUNT : 0 SUM : 0
rocksdb.async.read.bytes P50 : 0.000000 P95 : 0.000000 P99 : 0.000000 P100 : 0.000000 COUNT : 0 SUM : 0
rocksdb.poll.wait.micros P50 : 0.000000 P95 : 0.000000 P99 : 0.000000 P100 : 0.000000 COUNT : 0 SUM : 0
rocksdb.compaction.prefetch.bytes P50 : 0.000000 P95 : 0.000000 P99 : 0.000000 P100 : 0.000000 COUNT : 0 SUM : 0
rocksdb.prefetched.bytes.discarded P50 : 0.000000 P95 : 0.000000 P99 : 0.000000 P100 : 0.000000 COUNT : 0 SUM : 0
rocksdb.async.prefetch.abort.micros P50 : 0.000000 P95 : 0.000000 P99 : 0.000000 P100 : 0.000000 COUNT : 0 SUM : 0
rocksdb.table.open.prefetch.tail.read.bytes P50 : 0.000000 P95 : 0.000000 P99 : 0.000000 P100 : 0.000000 COUNT : 0 SUM : 0
rocksdb.num.op.per.transaction P50 : 0.000000 P95 : 0.000000 P99 : 0.000000 P100 : 0.000000 COUNT : 0 SUM : 0
rocksdb.multiscan.op.prepare.iterators.micros P50 : 0.000000 P95 : 0.000000 P99 : 0.000000 P100 : 0.000000 COUNT : 0 SUM : 0
rocksdb.multiscan.prepare.micros P50 : 0.000000 P95 : 0.000000 P99 : 0.000000 P100 : 0.000000 COUNT : 0 SUM : 0
rocksdb.multiscan.blocks.per.prepare P50 : 0.000000 P95 : 0.000000 P99 : 0.000000 P100 : 0.000000 COUNT : 0 SUM : 0
rocksdb.block.key.distribution.cv P50 : 0.000000 P95 : 0.000000 P99 : 0.000000 P100 : 0.000000 COUNT : 0 SUM : 0

[EXPERIMENT_COMPLETED]
