RocksDB:    version 11.3.0
Date:       Tue May 26 11:46:26 2026
CPU:        2 * Intel Xeon Processor (SapphireRapids)
CPUCache:   16384 KB
2026/05/26-11:46:27  ... thread 2: (39000,39000) ops and (38958.4,38958.4) ops/second in (1.001069,1.001069) seconds
2026/05/26-11:46:27  ... thread 3: (44000,44000) ops and (43834.1,43834.1) ops/second in (1.003784,1.003784) seconds
2026/05/26-11:46:27  ... thread 0: (35000,35000) ops and (34921.1,34921.1) ops/second in (1.002258,1.002258) seconds
2026/05/26-11:46:27  ... thread 1: (35000,35000) ops and (34454.0,34454.0) ops/second in (1.015846,1.015846) seconds
2026/05/26-11:46:28  ... thread 0: (35000,70000) ops and (34834.5,34877.8) ops/second in (1.004752,2.007010) seconds
2026/05/26-11:46:28  ... thread 3: (37000,81000) ops and (36666.3,40240.8) ops/second in (1.009100,2.012884) seconds
2026/05/26-11:46:28  ... thread 2: (36000,75000) ops and (35146.7,37030.7) ops/second in (1.024278,2.025347) seconds
2026/05/26-11:46:28  ... thread 1: (32000,67000) ops and (31593.8,33026.0) ops/second in (1.012858,2.028704) seconds
2026/05/26-11:46:29  ... thread 0: (30000,100000) ops and (21207.0,29225.8) ops/second in (1.414626,3.421636) seconds
2026/05/26-11:46:29  ... thread 1: (21000,88000) ops and (15022.2,25681.2) ops/second in (1.397927,3.426631) seconds
2026/05/26-11:46:29  ... thread 2: (19000,94000) ops and (13337.2,27246.9) ops/second in (1.424592,3.449939) seconds
2026/05/26-11:46:29  ... thread 3: (13000,94000) ops and (9044.9,27245.2) ops/second in (1.437271,3.450155) seconds
2026/05/26-11:46:30  ... thread 2: (15000,109000) ops and (13941.2,24083.7) ops/second in (1.075949,4.525888) seconds
2026/05/26-11:46:30  ... thread 0: (17000,117000) ops and (15391.2,25849.7) ops/second in (1.104524,4.526160) seconds
2026/05/26-11:46:30  ... thread 1: (19000,107000) ops and (17184.8,23608.5) ops/second in (1.105627,4.532258) seconds
2026/05/26-11:46:30  ... thread 3: (11000,105000) ops and (10133.2,23149.7) ops/second in (1.085542,4.535697) seconds
2026/05/26-11:46:31  ... thread 1: (34000,141000) ops and (33777.6,25456.6) ops/second in (1.006583,5.538841) seconds
2026/05/26-11:46:31  ... thread 2: (34000,143000) ops and (33351.9,25787.5) ops/second in (1.019433,5.545321) seconds
2026/05/26-11:46:31  ... thread 0: (32000,149000) ops and (31467.6,26880.4) ops/second in (1.016919,5.543079) seconds
2026/05/26-11:46:31  ... thread 3: (35000,140000) ops and (34396.8,25210.5) ops/second in (1.017536,5.553233) seconds
2026/05/26-11:46:32  ... thread 0: (14000,163000) ops and (13946.6,24897.2) ops/second in (1.003831,6.546910) seconds
2026/05/26-11:46:32  ... thread 1: (13000,154000) ops and (12757.9,23483.4) ops/second in (1.018977,6.557818) seconds
2026/05/26-11:46:32  ... thread 3: (13000,153000) ops and (12828.5,23299.7) ops/second in (1.013366,6.566599) seconds
2026/05/26-11:46:32  ... thread 2: (13000,156000) ops and (12616.4,23723.6) ops/second in (1.030407,6.575728) seconds
2026/05/26-11:46:34  ... thread 1: (21000,175000) ops and (18784.7,22799.1) ops/second in (1.117929,7.675747) seconds
2026/05/26-11:46:34  ... thread 3: (13000,166000) ops and (11659.3,21610.1) ops/second in (1.114989,7.681588) seconds
2026/05/26-11:46:34  ... thread 0: (14000,177000) ops and (12308.9,23034.0) ops/second in (1.137393,7.684303) seconds
2026/05/26-11:46:34  ... thread 2: (13000,169000) ops and (11326.1,21881.2) ops/second in (1.147793,7.723521) seconds
2026/05/26-11:46:35  ... thread 3: (14000,180000) ops and (13066.1,20564.2) ops/second in (1.071475,8.753063) seconds
2026/05/26-11:46:35  ... thread 2: (14000,183000) ops and (13532.4,20895.0) ops/second in (1.034556,8.758077) seconds
2026/05/26-11:46:35  ... thread 0: (15000,192000) ops and (13956.7,21920.2) ops/second in (1.074752,8.759055) seconds
2026/05/26-11:46:35  ... thread 1: (18000,193000) ops and (16498.4,22015.0) ops/second in (1.091013,8.766760) seconds
2026/05/26-11:46:36  ... thread 2: (19000,202000) ops and (18965.8,20697.0) ops/second in (1.001802,9.759879) seconds
2026/05/26-11:46:36  ... thread 1: (22000,215000) ops and (21916.1,22004.8) ops/second in (1.003829,9.770589) seconds
2026/05/26-11:46:36  ... thread 3: (21000,201000) ops and (20561.8,20564.0) ops/second in (1.021313,9.774376) seconds
2026/05/26-11:46:36  ... thread 0: (19000,211000) ops and (18728.9,21588.9) ops/second in (1.014474,9.773529) seconds
2026/05/26-11:46:37  ... thread 1: (10000,225000) ops and (9988.5,20888.0) ops/second in (1.001154,10.771743) seconds
2026/05/26-11:46:37  ... thread 2: (13000,215000) ops and (12786.3,19950.7) ops/second in (1.016712,10.776591) seconds
2026/05/26-11:46:37  ... thread 3: (11000,212000) ops and (10965.2,19670.5) ops/second in (1.003176,10.777552) seconds
2026/05/26-11:46:37  ... thread 0: (11000,222000) ops and (10868.1,20582.9) ops/second in (1.012132,10.785661) seconds
2026/05/26-11:46:38  ... thread 3: (15000,227000) ops and (14531.5,19221.3) ops/second in (1.032238,11.809790) seconds
2026/05/26-11:46:38  ... thread 0: (14000,236000) ops and (13619.7,19977.0) ops/second in (1.027924,11.813585) seconds
2026/05/26-11:46:38  ... thread 1: (16000,241000) ops and (15298.9,20393.4) ops/second in (1.045828,11.817571) seconds
2026/05/26-11:46:38  ... thread 2: (16000,231000) ops and (14690.0,19467.8) ops/second in (1.089177,11.865768) seconds
2026/05/26-11:46:39  ... thread 2: (13000,244000) ops and (11606.9,18789.8) ops/second in (1.120023,12.985791) seconds
2026/05/26-11:46:39  ... thread 1: (24000,265000) ops and (20561.2,20408.4) ops/second in (1.167247,12.984818) seconds
2026/05/26-11:46:39  ... thread 3: (14000,241000) ops and (11848.4,18550.8) ops/second in (1.181594,12.991384) seconds
2026/05/26-11:46:39  ... thread 0: (11000,247000) ops and (9324.8,19009.9) ops/second in (1.179645,12.993230) seconds
2026/05/26-11:46:40  ... thread 3: (17000,258000) ops and (13975.4,18159.0) ops/second in (1.216424,14.207808) seconds
2026/05/26-11:46:40  ... thread 1: (14000,279000) ops and (10833.3,19541.7) ops/second in (1.292314,14.277132) seconds
2026/05/26-11:46:40  ... thread 2: (17000,261000) ops and (12672.5,18217.0) ops/second in (1.341490,14.327281) seconds
2026/05/26-11:46:40  ... thread 0: (14000,261000) ops and (10348.9,18193.2) ops/second in (1.352803,14.346033) seconds
2026/05/26-11:46:41  ... thread 3: (2000,260000) ops and (1919.2,17049.3) ops/second in (1.042079,15.249887) seconds
2026/05/26-11:46:41  ... thread 1: (4000,283000) ops and (3993.0,18522.3) ops/second in (1.001749,15.278881) seconds
2026/05/26-11:46:41  ... thread 2: (5000,266000) ops and (4977.6,17349.6) ops/second in (1.004510,15.331791) seconds
2026/05/26-11:46:41  ... thread 0: (10000,271000) ops and (9765.6,17631.7) ops/second in (1.024003,15.370036) seconds
2026/05/26-11:46:42  ... thread 2: (22000,288000) ops and (17508.0,17361.6) ops/second in (1.256570,16.588361) seconds
2026/05/26-11:46:42  ... thread 0: (30000,301000) ops and (24649.8,18146.7) ops/second in (1.217046,16.587082) seconds
2026/05/26-11:46:42  ... thread 1: (25000,308000) ops and (18922.9,18554.2) ops/second in (1.321154,16.600035) seconds
2026/05/26-11:46:42  ... thread 3: (27000,287000) ops and (19870.0,17280.1) ops/second in (1.358830,16.608717) seconds
2026/05/26-11:46:44  ... thread 2: (13000,301000) ops and (11845.9,17019.3) ops/second in (1.097425,17.685786) seconds
2026/05/26-11:46:44  ... thread 0: (26000,327000) ops and (23596.3,18486.1) ops/second in (1.101867,17.688949) seconds
2026/05/26-11:46:44  ... thread 1: (13000,321000) ops and (11913.8,18144.6) ops/second in (1.091170,17.691205) seconds
2026/05/26-11:46:44  ... thread 3: (11000,298000) ops and (10114.8,16839.7) ops/second in (1.087510,17.696227) seconds
2026/05/26-11:46:45  ... thread 3: (14000,312000) ops and (9877.1,16323.4) ops/second in (1.417423,19.113650) seconds
2026/05/26-11:46:45  ... thread 0: (14000,341000) ops and (9846.0,17843.3) ops/second in (1.421893,19.110842) seconds
2026/05/26-11:46:45  ... thread 1: (16000,337000) ops and (11245.8,17631.1) ops/second in (1.422748,19.113953) seconds
2026/05/26-11:46:45  ... thread 2: (19000,320000) ops and (13205.2,16732.4) ops/second in (1.438831,19.124617) seconds
2026/05/26-11:46:46  ... thread 3: (18000,330000) ops and (13036.3,16102.0) ops/second in (1.380759,20.494409) seconds
2026/05/26-11:46:46  ... thread 0: (16000,357000) ops and (11586.0,17421.6) ops/second in (1.380978,20.491820) seconds
2026/05/26-11:46:46  ... thread 2: (15000,335000) ops and (10855.6,16336.4) ops/second in (1.381771,20.506388) seconds
2026/05/26-11:46:46  ... thread 1: (15000,352000) ops and (10775.1,17165.7) ops/second in (1.392097,20.506050) seconds
2026/05/26-11:46:48  ... thread 1: (1000,353000) ops and (860.5,16291.2) ops/second in (1.162130,21.668180) seconds
2026/05/26-11:46:48  ... thread 2: (2000,337000) ops and (1564.4,15469.5) ops/second in (1.278437,21.784825) seconds
2026/05/26-11:46:48  ... thread 3: (4000,334000) ops and (3042.1,15314.6) ops/second in (1.314901,21.809310) seconds
2026/05/26-11:46:48  ... thread 0: (3000,360000) ops and (2166.0,16455.8) ops/second in (1.385011,21.876831) seconds
2026/05/26-11:46:49  ... thread 0: (5000,365000) ops and (4768.6,15921.2) ops/second in (1.048517,22.925348) seconds
2026/05/26-11:46:49  ... thread 1: (2000,355000) ops and (1121.0,15137.1) ops/second in (1.784103,23.452283) seconds
2026/05/26-11:46:49  ... thread 3: (2000,336000) ops and (1151.3,14269.6) ops/second in (1.737188,23.546498) seconds
2026/05/26-11:46:49  ... thread 2: (1000,338000) ops and (544.2,14308.5) ops/second in (1.837431,23.622256) seconds
2026/05/26-11:46:50  ... thread 0: (3000,368000) ops and (2784.2,15331.5) ops/second in (1.077503,24.002851) seconds
2026/05/26-11:46:50  ... thread 1: (19000,374000) ops and (18719.8,15285.7) ops/second in (1.014967,24.467250) seconds
2026/05/26-11:46:50  ... thread 3: (26000,362000) ops and (25627.7,14738.8) ops/second in (1.014527,24.561025) seconds
2026/05/26-11:46:51  ... thread 2: (24000,362000) ops and (21202.9,14623.8) ops/second in (1.131920,24.754176) seconds
2026/05/26-11:46:51  ... thread 0: (34000,402000) ops and (33838.5,16075.1) ops/second in (1.004774,25.007625) seconds
2026/05/26-11:46:51  ... thread 1: (30000,404000) ops and (29910.8,15861.7) ops/second in (1.002983,25.470233) seconds
2026/05/26-11:46:51  ... thread 3: (30000,392000) ops and (29426.5,15324.2) ops/second in (1.019489,25.580514) seconds
2026/05/26-11:46:53  ... thread 2: (28000,390000) ops and (13101.3,14502.8) ops/second in (2.137193,26.891369) seconds
2026/05/26-11:46:53  ... thread 0: (22000,424000) ops and (11685.7,15767.8) ops/second in (1.882648,26.890273) seconds
2026/05/26-11:46:53  ... thread 3: (4000,396000) ops and (3013.3,14716.8) ops/second in (1.327452,26.907966) seconds
2026/05/26-11:46:53  ... thread 1: (9000,413000) ops and (6260.4,15348.7) ops/second in (1.437611,26.907844) seconds
2026/05/26-11:46:54  ... thread 3: (2000,398000) ops and (1816.0,14209.6) ops/second in (1.101324,28.009290) seconds
2026/05/26-11:46:54  ... thread 2: (2000,392000) ops and (1724.2,13974.4) ops/second in (1.159927,28.051296) seconds
2026/05/26-11:46:54  ... thread 1: (2000,415000) ops and (1223.6,14539.8) ops/second in (1.634584,28.542428) seconds
2026/05/26-11:46:55  ... thread 0: (6000,430000) ops and (3307.1,14980.2) ops/second in (1.814265,28.704538) seconds
2026/05/26-11:46:55  ... thread 3: (2000,400000) ops and (1548.5,13651.5) ops/second in (1.291561,29.300851) seconds
2026/05/26-11:46:55  ... thread 1: (2000,417000) ops and (1828.1,14070.5) ops/second in (1.094023,29.636451) seconds
2026/05/26-11:46:56  ... thread 2: (3000,395000) ops and (1673.2,13235.4) ops/second in (1.793020,29.844316) seconds
2026/05/26-11:46:56  ... thread 0: (2000,432000) ops and (1682.2,14451.3) ops/second in (1.188933,29.893471) seconds
2026/05/26-11:46:57  ... thread 3: (3000,403000) ops and (2138.6,13125.5) ops/second in (1.402804,30.703655) seconds
2026/05/26-11:46:57  ... thread 1: (2000,419000) ops and (1844.2,13638.9) ops/second in (1.084471,30.720922) seconds
2026/05/26-11:46:57  ... thread 2: (8000,403000) ops and (7858.9,13058.0) ops/second in (1.017954,30.862270) seconds
2026/05/26-11:46:57  ... thread 0: (9000,441000) ops and (8870.4,14268.1) ops/second in (1.014610,30.908081) seconds
2026/05/26-11:46:58  ... thread 0: (13000,454000) ops and (11052.5,14150.2) ops/second in (1.176209,32.084290) seconds
2026/05/26-11:46:58  ... thread 1: (23000,442000) ops and (16705.1,13770.4) ops/second in (1.376824,32.097746) seconds
2026/05/26-11:46:58  ... thread 3: (25000,428000) ops and (17761.3,13328.7) ops/second in (1.407554,32.111209) seconds
2026/05/26-11:46:58  ... thread 2: (17000,420000) ops and (13469.9,13074.2) ops/second in (1.262070,32.124340) seconds
2026/05/26-11:46:59  ... thread 0: (15000,469000) ops and (14758.1,14168.9) ops/second in (1.016394,33.100684) seconds
2026/05/26-11:46:59  ... thread 1: (15000,457000) ops and (14841.2,13803.1) ops/second in (1.010700,33.108446) seconds
2026/05/26-11:46:59  ... thread 2: (18000,438000) ops and (17884.4,13220.3) ops/second in (1.006466,33.130806) seconds
2026/05/26-11:46:59  ... thread 3: (17000,445000) ops and (16535.5,13428.2) ops/second in (1.028093,33.139302) seconds
2026/05/26-11:47:00  ... thread 0: (18000,487000) ops and (17159.0,14260.7) ops/second in (1.049013,34.149697) seconds
2026/05/26-11:47:00  ... thread 1: (16000,473000) ops and (14831.2,13835.6) ops/second in (1.078808,34.187254) seconds
2026/05/26-11:47:00  ... thread 2: (14000,452000) ops and (11417.6,13156.0) ops/second in (1.226182,34.356988) seconds
2026/05/26-11:47:01  ... thread 3: (15000,460000) ops and (8610.7,13187.6) ops/second in (1.742014,34.881316) seconds
2026/05/26-11:47:01  ... thread 0: (2000,489000) ops and (1732.0,13851.0) ops/second in (1.154728,35.304425) seconds
2026/05/26-11:47:01  ... thread 1: (3000,476000) ops and (2565.1,13462.8) ops/second in (1.169528,35.356782) seconds
2026/05/26-11:47:02  ... thread 2: (2000,454000) ops and (1166.8,12586.3) ops/second in (1.714114,36.071102) seconds
2026/05/26-11:47:02  ... thread 3: (4000,464000) ops and (2349.3,12683.2) ops/second in (1.702644,36.583960) seconds
2026/05/26-11:47:03  ... thread 2: (2000,456000) ops and (1697.9,12241.9) ops/second in (1.177959,37.249061) seconds
2026/05/26-11:47:04  ... thread 0: (1000,490000) ops and (420.1,13002.6) ops/second in (2.380211,37.684636) seconds
2026/05/26-11:47:04  ... thread 3: (4000,468000) ops and (3191.6,12368.8) ops/second in (1.253290,37.837250) seconds
2026/05/26-11:47:04  ... thread 1: (3000,479000) ops and (1154.7,12620.2) ops/second in (2.598118,37.954900) seconds
2026/05/26-11:47:04  ... thread 2: (4000,460000) ops and (3010.6,11924.0) ops/second in (1.328617,38.577678) seconds
2026/05/26-11:47:05  ... thread 3: (2000,470000) ops and (1992.9,12100.7) ops/second in (1.003554,38.840804) seconds
2026/05/26-11:47:05  ... thread 0: (2000,492000) ops and (1732.0,12667.6) ops/second in (1.154727,38.839363) seconds
2026/05/26-11:47:05  ... thread 1: (8000,487000) ops and (7911.6,12498.1) ops/second in (1.011171,38.966071) seconds
2026/05/26-11:47:06  ... thread 3: (24000,494000) ops and (17955.3,12295.5) ops/second in (1.336653,40.177457) seconds
2026/05/26-11:47:06  ... thread 2: (23000,483000) ops and (14257.2,12017.6) ops/second in (1.613221,40.190899) seconds
2026/05/26-11:47:06  ... thread 0: (21000,513000) ops and (15558.3,12764.6) ops/second in (1.349760,40.189123) seconds
2026/05/26-11:47:06  ... thread 1: (16000,503000) ops and (12794.7,12507.3) ops/second in (1.250517,40.216588) seconds
2026/05/26-11:47:07  ... thread 2: (18000,501000) ops and (17728.1,12158.4) ops/second in (1.015335,41.206234) seconds
2026/05/26-11:47:07  ... thread 0: (15000,528000) ops and (14754.3,12813.7) ops/second in (1.016650,41.205773) seconds
2026/05/26-11:47:07  ... thread 3: (18000,512000) ops and (17371.8,12423.1) ops/second in (1.036160,41.213617) seconds
2026/05/26-11:47:07  ... thread 1: (19000,522000) ops and (18995.1,12664.7) ops/second in (1.000258,41.216846) seconds
2026/05/26-11:47:09  ... thread 1: (13000,535000) ops and (7253.0,12439.2) ops/second in (1.792360,43.009206) seconds
2026/05/26-11:47:09  ... thread 3: (12000,524000) ops and (6639.7,12180.1) ops/second in (1.807300,43.020917) seconds
2026/05/26-11:47:09  ... thread 2: (16000,517000) ops and (8777.1,12015.1) ops/second in (1.822934,43.029168) seconds
2026/05/26-11:47:09  ... thread 0: (18000,546000) ops and (9782.1,12684.1) ops/second in (1.840105,43.045878) seconds
2026/05/26-11:47:10  ... thread 1: (4000,539000) ops and (3491.9,12207.1) ops/second in (1.145516,44.154722) seconds
2026/05/26-11:47:10  ... thread 3: (3000,527000) ops and (2466.7,11913.1) ops/second in (1.216213,44.237130) seconds
2026/05/26-11:47:11  ... thread 2: (3000,520000) ops and (1405.5,11513.7) ops/second in (2.134538,45.163706) seconds
2026/05/26-11:47:11  ... thread 3: (4000,531000) ops and (3948.1,11734.7) ops/second in (1.013135,45.250265) seconds
2026/05/26-11:47:11  ... thread 1: (1000,540000) ops and (875.4,11921.3) ops/second in (1.142336,45.297058) seconds
2026/05/26-11:47:11  ... thread 0: (4000,550000) ops and (1579.5,12067.1) ops/second in (2.532476,45.578354) seconds
2026/05/26-11:47:12  ... thread 2: (2000,522000) ops and (1852.5,11288.1) ops/second in (1.079644,46.243350) seconds
2026/05/26-11:47:12  ... thread 3: (1000,532000) ops and (784.0,11434.5) ops/second in (1.275535,46.525800) seconds
2026/05/26-11:47:12  ... thread 1: (4000,544000) ops and (3241.1,11691.1) ops/second in (1.234155,46.531213) seconds
2026/05/26-11:47:12  ... thread 0: (4000,554000) ops and (3899.2,11887.3) ops/second in (1.025862,46.604216) seconds
2026/05/26-11:47:14  ... thread 1: (20000,564000) ops and (14583.4,11773.9) ops/second in (1.371426,47.902639) seconds
2026/05/26-11:47:14  ... thread 0: (21000,575000) ops and (16003.9,12000.1) ops/second in (1.312182,47.916398) seconds
2026/05/26-11:47:14  ... thread 3: (24000,556000) ops and (17206.1,11602.5) ops/second in (1.394855,47.920655) seconds
2026/05/26-11:47:14  ... thread 2: (25000,547000) ops and (14836.4,11412.9) ops/second in (1.685040,47.928390) seconds
2026/05/26-11:47:15  ... thread 2: (32000,579000) ops and (20371.3,11697.2) ops/second in (1.570839,49.499229) seconds
2026/05/26-11:47:15  ... thread 1: (38000,602000) ops and (23438.5,12155.7) ops/second in (1.621267,49.523906) seconds
2026/05/26-11:47:15  ... thread 0: (23000,598000) ops and (14024.1,12067.0) ops/second in (1.640039,49.556437) seconds
2026/05/26-11:47:16  ... thread 3: (32000,588000) ops and (13883.5,11707.2) ops/second in (2.304888,50.225543) seconds
2026/05/26-11:47:17  ... thread 1: (3000,605000) ops and (2317.8,11905.2) ops/second in (1.294349,50.818255) seconds
2026/05/26-11:47:17  ... thread 0: (3000,601000) ops and (1860.5,11745.4) ops/second in (1.612427,51.168864) seconds
2026/05/26-11:47:17  ... thread 2: (2000,581000) ops and (1165.1,11344.2) ops/second in (1.716573,51.215802) seconds
2026/05/26-11:47:17  ... thread 3: (4000,592000) ops and (3872.1,11549.3) ops/second in (1.033026,51.258569) seconds
2026/05/26-11:47:18  ... thread 1: (2000,607000) ops and (1641.5,11664.9) ops/second in (1.218392,52.036647) seconds
2026/05/26-11:47:18  ... thread 2: (2000,583000) ops and (1894.6,11153.3) ops/second in (1.055618,52.271420) seconds
2026/05/26-11:47:19  ... thread 0: (1000,602000) ops and (632.7,11412.4) ops/second in (1.580590,52.749454) seconds
2026/05/26-11:47:19  ... thread 3: (2000,594000) ops and (1111.2,11195.2) ops/second in (1.799790,53.058359) seconds
2026/05/26-11:47:19  ... thread 2: (3000,586000) ops and (2600.2,10968.6) ops/second in (1.153770,53.425190) seconds
2026/05/26-11:47:19  ... thread 1: (2000,609000) ops and (1353.3,11380.1) ops/second in (1.477828,53.514475) seconds
2026/05/26-11:47:20  ... thread 3: (1000,595000) ops and (956.2,10997.3) ops/second in (1.045789,54.104148) seconds
2026/05/26-11:47:20  ... thread 0: (3000,605000) ops and (1856.3,11128.4) ops/second in (1.616113,54.365567) seconds
2026/05/26-11:47:20  ... thread 1: (3000,612000) ops and (2662.5,11200.3) ops/second in (1.126773,54.641248) seconds
2026/05/26-11:47:21  ... thread 2: (3000,589000) ops and (2020.1,10726.6) ops/second in (1.485105,54.910295) seconds
2026/05/26-11:47:21  ... thread 3: (8000,603000) ops and (7914.4,10940.8) ops/second in (1.010819,55.114967) seconds
2026/05/26-11:47:21  ... thread 0: (22000,627000) ops and (21557.2,11320.5) ops/second in (1.020540,55.386107) seconds
2026/05/26-11:47:21  ... thread 1: (20000,632000) ops and (19958.6,11358.1) ops/second in (1.002073,55.643321) seconds
2026/05/26-11:47:22  ... thread 3: (30000,633000) ops and (28315.5,11268.5) ops/second in (1.059491,56.174458) seconds
2026/05/26-11:47:22  ... thread 2: (40000,629000) ops and (31439.4,11195.6) ops/second in (1.272288,56.182583) seconds
2026/05/26-11:47:22  ... thread 0: (25000,652000) ops and (24770.9,11561.2) ops/second in (1.009248,56.395355) seconds
2026/05/26-11:47:23  ... thread 1: (32000,664000) ops and (28609.3,11698.0) ops/second in (1.118518,56.761839) seconds
2026/05/26-11:47:24  ... thread 2: (20000,649000) ops and (13333.3,11251.2) ops/second in (1.500001,57.682584) seconds
2026/05/26-11:47:24  ... thread 3: (14000,647000) ops and (9174.5,11213.1) ops/second in (1.525962,57.700420) seconds
2026/05/26-11:47:24  ... thread 0: (7000,659000) ops and (4898.8,11396.6) ops/second in (1.428934,57.824289) seconds
2026/05/26-11:47:24  ... thread 1: (3000,667000) ops and (2211.7,11476.6) ops/second in (1.356393,58.118232) seconds
2026/05/26-11:47:25  ... thread 3: (2000,649000) ops and (1882.4,11044.4) ops/second in (1.062491,58.762911) seconds
2026/05/26-11:47:25  ... thread 2: (2000,651000) ops and (1324.9,10998.1) ops/second in (1.509601,59.192185) seconds
2026/05/26-11:47:25  ... thread 1: (3000,670000) ops and (2459.2,11291.2) ops/second in (1.219912,59.338144) seconds
2026/05/26-11:47:25  ... thread 0: (3000,662000) ops and (1880.2,11141.1) ops/second in (1.595585,59.419874) seconds
2026/05/26-11:47:26  ... thread 3: (3000,652000) ops and (2029.5,10823.2) ops/second in (1.478223,60.241134) seconds
2026/05/26-11:47:26  ... thread 2: (3000,654000) ops and (2765.0,10849.9) ops/second in (1.084985,60.277170) seconds
2026/05/26-11:47:26  ... thread 0: (2000,664000) ops and (1803.6,10970.0) ops/second in (1.108885,60.528759) seconds
2026/05/26-11:47:27  ... thread 1: (2000,672000) ops and (1498.5,11075.8) ops/second in (1.334639,60.672783) seconds
2026/05/26-11:47:27  ... thread 3: (1000,653000) ops and (947.2,10653.1) ops/second in (1.055703,61.296837) seconds
2026/05/26-11:47:28  ... thread 1: (2000,674000) ops and (1874.5,10916.8) ops/second in (1.066951,61.739734) seconds
2026/05/26-11:47:28  ... thread 0: (3000,667000) ops and (2279.5,10785.1) ops/second in (1.316096,61.844855) seconds
2026/05/26-11:47:28  ... thread 2: (5000,659000) ops and (2965.9,10635.4) ops/second in (1.685830,61.963000) seconds
2026/05/26-11:47:28  ... thread 3: (2000,655000) ops and (1481.9,10455.5) ops/second in (1.349657,62.646494) seconds
2026/05/26-11:47:29  ... thread 0: (3000,670000) ops and (2924.6,10656.8) ops/second in (1.025795,62.870650) seconds
2026/05/26-11:47:29  ... thread 1: (2000,676000) ops and (1764.9,10751.8) ops/second in (1.133199,62.872933) seconds
2026/05/26-11:47:29  ... thread 2: (2000,661000) ops and (1295.7,10408.4) ops/second in (1.543564,63.506564) seconds
2026/05/26-11:47:30  ... thread 3: (3000,658000) ops and (2620.3,10314.9) ops/second in (1.144925,63.791419) seconds
2026/05/26-11:47:30  ... thread 0: (11000,681000) ops and (10840.2,10659.7) ops/second in (1.014744,63.885394) seconds
2026/05/26-11:47:30  ... thread 1: (9000,685000) ops and (8740.9,10719.4) ops/second in (1.029644,63.902577) seconds
2026/05/26-11:47:30  ... thread 2: (23000,684000) ops and (22688.2,10601.3) ops/second in (1.013743,64.520307) seconds
2026/05/26-11:47:31  ... thread 0: (26000,707000) ops and (24578.8,10886.4) ops/second in (1.057824,64.943218) seconds
2026/05/26-11:47:31  ... thread 1: (22000,707000) ops and (20953.2,10884.9) ops/second in (1.049960,64.952537) seconds
2026/05/26-11:47:31  ... thread 3: (34000,692000) ops and (29159.1,10653.1) ops/second in (1.166015,64.957434) seconds
2026/05/26-11:47:32  ... thread 2: (26000,710000) ops and (19059.3,10776.4) ops/second in (1.364163,65.884470) seconds
2026/05/26-11:47:32  ... thread 0: (18000,725000) ops and (17912.8,10993.5) ops/second in (1.004866,65.948084) seconds
2026/05/26-11:47:32  ... thread 1: (17000,724000) ops and (16751.3,10975.1) ops/second in (1.014847,65.967384) seconds
2026/05/26-11:47:32  ... thread 3: (21000,713000) ops and (20062.5,10802.3) ops/second in (1.046727,66.004161) seconds
2026/05/26-11:47:33  ... thread 3: (16000,729000) ops and (15345.0,10873.0) ops/second in (1.042683,67.046844) seconds
2026/05/26-11:47:33  ... thread 2: (16000,726000) ops and (13651.5,10826.7) ops/second in (1.172034,67.056504) seconds
2026/05/26-11:47:33  ... thread 0: (14000,739000) ops and (11125.1,10996.0) ops/second in (1.258419,67.206503) seconds
2026/05/26-11:47:33  ... thread 1: (13000,737000) ops and (10076.6,10957.9) ops/second in (1.290114,67.257498) seconds
2026/05/26-11:47:34  ... thread 3: (1000,730000) ops and (890.6,10708.6) ops/second in (1.122888,68.169732) seconds
2026/05/26-11:47:34  ... thread 1: (3000,740000) ops and (2663.4,10821.3) ops/second in (1.126370,68.383868) seconds
2026/05/26-11:47:34  ... thread 2: (2000,728000) ops and (1443.1,10636.7) ops/second in (1.385914,68.442418) seconds
2026/05/26-11:47:35  ... thread 0: (2000,741000) ops and (1333.3,10785.0) ops/second in (1.500068,68.706571) seconds
2026/05/26-11:47:35  ... thread 3: (1000,731000) ops and (867.5,10544.9) ops/second in (1.152755,69.322487) seconds
2026/05/26-11:47:36  ... thread 2: (3000,731000) ops and (2205.2,10472.3) ops/second in (1.360445,69.802863) seconds
2026/05/26-11:47:36  ... thread 0: (3000,744000) ops and (1935.7,10589.8) ops/second in (1.549825,70.256396) seconds
2026/05/26-11:47:36  ... thread 1: (2000,742000) ops and (991.8,10539.7) ops/second in (2.016631,70.400499) seconds
2026/05/26-11:47:37  ... thread 3: (2000,733000) ops and (1375.3,10356.5) ops/second in (1.454224,70.776711) seconds
2026/05/26-11:47:37  ... thread 2: (5000,736000) ops and (4465.9,10377.5) ops/second in (1.119595,70.922458) seconds
2026/05/26-11:47:37  ... thread 0: (2000,746000) ops and (1665.0,10439.8) ops/second in (1.201182,71.457578) seconds
2026/05/26-11:47:38  ... thread 2: (4000,740000) ops and (3790.1,10280.9) ops/second in (1.055375,71.977833) seconds
2026/05/26-11:47:38  ... thread 1: (2000,744000) ops and (1121.6,10307.0) ops/second in (1.783162,72.183661) seconds
2026/05/26-11:47:38  ... thread 0: (3000,749000) ops and (2626.3,10316.8) ops/second in (1.142309,72.599887) seconds
2026/05/26-11:47:39  ... thread 3: (2000,735000) ops and (969.3,10090.6) ops/second in (2.063330,72.840041) seconds
2026/05/26-11:47:39  ... thread 1: (3000,747000) ops and (2914.7,10203.1) ops/second in (1.029282,73.212943) seconds
2026/05/26-11:47:39  ... thread 2: (3000,743000) ops and (2381.3,10145.1) ops/second in (1.259833,73.237666) seconds
2026/05/26-11:47:40  ... thread 0: (2000,751000) ops and (1654.9,10175.0) ops/second in (1.208529,73.808416) seconds
2026/05/26-11:47:40  ... thread 3: (3000,738000) ops and (2644.9,9976.4) ops/second in (1.134276,73.974317) seconds
2026/05/26-11:47:40  ... thread 1: (12000,759000) ops and (11930.6,10226.5) ops/second in (1.005817,74.218760) seconds
2026/05/26-11:47:40  ... thread 2: (10000,753000) ops and (9849.3,10141.0) ops/second in (1.015296,74.252962) seconds
2026/05/26-11:47:41  ... thread 0: (26000,777000) ops and (25966.9,10386.4) ops/second in (1.001276,74.809692) seconds
2026/05/26-11:47:41  ... thread 3: (33000,771000) ops and (29442.0,10267.0) ops/second in (1.120846,75.095163) seconds
2026/05/26-11:47:41  ... thread 1: (29000,788000) ops and (28121.1,10471.8) ops/second in (1.031254,75.250014) seconds
2026/05/26-11:47:41  ... thread 2: (28000,781000) ops and (27582.6,10376.2) ops/second in (1.015132,75.268094) seconds
2026/05/26-11:47:42  ... thread 0: (28000,805000) ops and (27810.7,10617.7) ops/second in (1.006805,75.816497) seconds
2026/05/26-11:47:42  ... thread 2: (28000,809000) ops and (23345.4,10579.7) ops/second in (1.199381,76.467475) seconds
2026/05/26-11:47:42  ... thread 1: (24000,812000) ops and (17165.1,10593.9) ops/second in (1.398184,76.648198) seconds
2026/05/26-11:47:43  ... thread 3: (31000,802000) ops and (18401.6,10445.5) ops/second in (1.684634,76.779797) seconds
2026/05/26-11:47:43  ... thread 0: (11000,816000) ops and (10736.8,10619.3) ops/second in (1.024517,76.841014) seconds
2026/05/26-11:47:43  ... thread 2: (2000,811000) ops and (1970.6,10466.9) ops/second in (1.014919,77.482394) seconds
2026/05/26-11:47:44  ... thread 3: (1000,803000) ops and (897.7,10308.9) ops/second in (1.114000,77.893797) seconds
2026/05/26-11:47:44  ... thread 0: (4000,820000) ops and (2892.0,10482.7) ops/second in (1.383116,78.224130) seconds
2026/05/26-11:47:44  ... thread 1: (2000,814000) ops and (1145.8,10383.5) ops/second in (1.745577,78.393775) seconds
2026/05/26-11:47:44  ... thread 2: (3000,814000) ops and (2819.6,10363.3) ops/second in (1.063966,78.546360) seconds
2026/05/26-11:47:45  ... thread 3: (3000,806000) ops and (2773.9,10205.7) ops/second in (1.081508,78.975305) seconds
2026/05/26-11:47:46  ... thread 0: (2000,822000) ops and (1206.4,10290.2) ops/second in (1.657797,79.881927) seconds
2026/05/26-11:47:46  ... thread 1: (2000,816000) ops and (1265.2,10203.2) ops/second in (1.580793,79.974568) seconds
2026/05/26-11:47:46  ... thread 2: (2000,816000) ops and (1376.8,10200.1) ops/second in (1.452664,79.999024) seconds
2026/05/26-11:47:46  ... thread 3: (4000,810000) ops and (3158.0,10094.5) ops/second in (1.266609,80.241914) seconds
2026/05/26-11:47:47  ... thread 0: (1000,823000) ops and (988.3,10173.8) ops/second in (1.011853,80.893780) seconds
2026/05/26-11:47:47  ... thread 1: (5000,821000) ops and (4131.2,10112.7) ops/second in (1.210295,81.184863) seconds
2026/05/26-11:47:47  ... thread 2: (2000,818000) ops and (1493.5,10056.8) ops/second in (1.339164,81.338188) seconds
2026/05/26-11:47:47  ... thread 3: (2000,812000) ops and (1530.9,9957.3) ops/second in (1.306442,81.548356) seconds
2026/05/26-11:47:48  ... thread 0: (2000,825000) ops and (1535.7,10037.0) ops/second in (1.302357,82.196137) seconds
2026/05/26-11:47:49  ... thread 2: (3000,821000) ops and (2183.9,9926.0) ops/second in (1.373706,82.711894) seconds
2026/05/26-11:47:49  ... thread 3: (4000,816000) ops and (3108.6,9850.9) ops/second in (1.286757,82.835113) seconds
2026/05/26-11:47:49  ... thread 1: (2000,823000) ops and (1091.3,9913.6) ops/second in (1.832679,83.017542) seconds
2026/05/26-11:47:49  ... thread 0: (2000,827000) ops and (1925.8,9935.8) ops/second in (1.038548,83.234685) seconds
2026/05/26-11:47:50  ... thread 2: (3000,824000) ops and (2654.3,9828.0) ops/second in (1.130257,83.842151) seconds
2026/05/26-11:47:50  ... thread 3: (3000,819000) ops and (2359.7,9737.7) ops/second in (1.271342,84.106455) seconds
2026/05/26-11:47:50  ... thread 1: (2000,825000) ops and (1306.7,9757.8) ops/second in (1.530553,84.548095) seconds
2026/05/26-11:47:51  ... thread 0: (2000,829000) ops and (1291.5,9777.9) ops/second in (1.548545,84.783230) seconds
2026/05/26-11:47:51  ... thread 2: (2000,826000) ops and (1952.0,9732.9) ops/second in (1.024610,84.866761) seconds
2026/05/26-11:47:51  ... thread 3: (3000,822000) ops and (2932.3,9655.9) ops/second in (1.023088,85.129543) seconds
2026/05/26-11:47:51  ... thread 1: (2000,827000) ops and (1940.9,9663.6) ops/second in (1.030463,85.578558) seconds
2026/05/26-11:47:52  ... thread 0: (12000,841000) ops and (11758.2,9801.4) ops/second in (1.020562,85.803792) seconds
2026/05/26-11:47:52  ... thread 2: (10000,836000) ops and (9948.9,9735.4) ops/second in (1.005137,85.871898) seconds
2026/05/26-11:47:52  ... thread 3: (20000,842000) ops and (19690.4,9774.2) ops/second in (1.015725,86.145268) seconds
2026/05/26-11:47:52  ... thread 1: (32000,859000) ops and (31965.9,9921.5) ops/second in (1.001066,86.579624) seconds
2026/05/26-11:47:53  ... thread 0: (34000,875000) ops and (33168.2,10077.3) ops/second in (1.025078,86.828870) seconds
2026/05/26-11:47:53  ... thread 2: (28000,864000) ops and (27163.1,9942.2) ops/second in (1.030812,86.902710) seconds
2026/05/26-11:47:53  ... thread 3: (31000,873000) ops and (30430.5,10015.6) ops/second in (1.018714,87.163982) seconds
2026/05/26-11:47:54  ... thread 1: (32000,891000) ops and (23220.6,10129.9) ops/second in (1.378087,87.957711) seconds
2026/05/26-11:47:54  ... thread 0: (20000,895000) ops and (15238.5,10154.1) ops/second in (1.312467,88.141337) seconds
2026/05/26-11:47:54  ... thread 2: (15000,879000) ops and (11403.8,9963.9) ops/second in (1.315352,88.218062) seconds
2026/05/26-11:47:54  ... thread 3: (13000,886000) ops and (9034.8,9999.7) ops/second in (1.438879,88.602861) seconds
2026/05/26-11:47:55  ... thread 1: (2000,893000) ops and (1497.7,10000.8) ops/second in (1.335418,89.293129) seconds
2026/05/26-11:47:55  ... thread 0: (2000,897000) ops and (1716.7,10044.1) ops/second in (1.164999,89.306336) seconds
2026/05/26-11:47:55  ... thread 2: (1000,880000) ops and (899.8,9851.2) ops/second in (1.111330,89.329392) seconds
2026/05/26-11:47:56  ... thread 3: (3000,889000) ops and (2691.6,9908.9) ops/second in (1.114594,89.717455) seconds
2026/05/26-11:47:56  ... thread 1: (1000,894000) ops and (891.1,9887.7) ops/second in (1.122147,90.415276) seconds
2026/05/26-11:47:56  ... thread 2: (2000,882000) ops and (1685.7,9744.1) ops/second in (1.186469,90.515861) seconds
2026/05/26-11:47:57  ... thread 3: (2000,891000) ops and (1760.1,9807.0) ops/second in (1.136330,90.853785) seconds
2026/05/26-11:47:57  ... thread 0: (3000,900000) ops and (1754.9,9888.4) ops/second in (1.709519,91.015855) seconds
2026/05/26-11:47:58  ... thread 1: (4000,898000) ops and (2945.1,9785.0) ops/second in (1.358171,91.773447) seconds
2026/05/26-11:47:58  ... thread 3: (1000,892000) ops and (957.0,9706.3) ops/second in (1.044947,91.898732) seconds
2026/05/26-11:47:58  ... thread 2: (2000,884000) ops and (1370.2,9611.3) ops/second in (1.459662,91.975523) seconds
2026/05/26-11:47:58  ... thread 0: (3000,903000) ops and (1879.1,9750.3) ops/second in (1.596476,92.612331) seconds
2026/05/26-11:47:59  ... thread 3: (3000,895000) ops and (2904.8,9630.7) ops/second in (1.032779,92.931511) seconds
2026/05/26-11:47:59  ... thread 2: (1000,885000) ops and (880.3,9504.7) ops/second in (1.135964,93.111487) seconds
2026/05/26-11:47:59  ... thread 1: (3000,901000) ops and (1783.8,9641.0) ops/second in (1.681836,93.455283) seconds
2026/05/26-11:48:00  ... thread 0: (3000,906000) ops and (1965.3,9624.1) ops/second in (1.526483,94.138814) seconds
2026/05/26-11:48:00  ... thread 2: (2000,887000) ops and (1755.9,9411.1) ops/second in (1.139010,94.250497) seconds
2026/05/26-11:48:00  ... thread 3: (2000,897000) ops and (1217.1,9484.6) ops/second in (1.643253,94.574764) seconds
2026/05/26-11:48:01  ... thread 1: (3000,904000) ops and (2362.2,9543.4) ops/second in (1.270008,94.725291) seconds
2026/05/26-11:48:01  ... thread 0: (3000,909000) ops and (2366.3,9527.6) ops/second in (1.267825,95.406639) seconds
2026/05/26-11:48:01  ... thread 2: (2000,889000) ops and (1671.1,9314.0) ops/second in (1.196807,95.447304) seconds
2026/05/26-11:48:02  ... thread 1: (2000,906000) ops and (1843.0,9456.2) ops/second in (1.085199,95.810490) seconds
2026/05/26-11:48:02  ... thread 3: (2000,899000) ops and (1455.0,9369.5) ops/second in (1.374551,95.949315) seconds
2026/05/26-11:48:02  ... thread 2: (1000,890000) ops and (971.3,9225.0) ops/second in (1.029567,96.476871) seconds
2026/05/26-11:48:02  ... thread 0: (2000,911000) ops and (1631.2,9427.4) ops/second in (1.226128,96.632767) seconds
2026/05/26-11:48:03  ... thread 1: (2000,908000) ops and (1212.9,9316.7) ops/second in (1.648957,97.459447) seconds
2026/05/26-11:48:03  ... thread 3: (3000,902000) ops and (1977.0,9254.4) ops/second in (1.517473,97.466788) seconds
2026/05/26-11:48:04  ... thread 2: (2000,892000) ops and (1685.5,9133.4) ops/second in (1.186622,97.663493) seconds
2026/05/26-11:48:04  ... thread 0: (1000,912000) ops and (766.9,9312.1) ops/second in (1.303879,97.936646) seconds
2026/05/26-11:48:04  ... thread 3: (10000,912000) ops and (9854.2,9260.6) ops/second in (1.014799,98.481587) seconds
2026/05/26-11:48:04  ... thread 1: (11000,919000) ops and (10669.9,9330.9) ops/second in (1.030939,98.490386) seconds
2026/05/26-11:48:05  ... thread 2: (16000,908000) ops and (15682.3,9201.1) ops/second in (1.020259,98.683752) seconds
2026/05/26-11:48:05  ... thread 0: (24000,936000) ops and (23677.1,9459.3) ops/second in (1.013637,98.950283) seconds
2026/05/26-11:48:05  ... thread 3: (31000,943000) ops and (30715.8,9478.3) ops/second in (1.009251,99.490838) seconds
2026/05/26-11:48:05  ... thread 1: (30000,949000) ops and (29865.8,9538.2) ops/second in (1.004495,99.494881) seconds
2026/05/26-11:48:06  ... thread 2: (30000,938000) ops and (27623.6,9401.6) ops/second in (1.086027,99.769779) seconds
2026/05/26-11:48:06  ... thread 0: (26000,962000) ops and (25798.1,9624.0) ops/second in (1.007825,99.958108) seconds
2026/05/26-11:48:07  ... thread 2: (20000,958000) ops and (18899.5,9501.3) ops/second in (1.058227,100.828006) seconds
2026/05/26-11:48:07  ... thread 0: (8000,970000) ops and (7669.9,9603.9) ops/second in (1.043040,101.001148) seconds
2026/05/26-11:48:07  ... thread 3: (22000,965000) ops and (13685.5,9545.2) ops/second in (1.607539,101.098377) seconds
2026/05/26-11:48:07  ... thread 1: (21000,970000) ops and (12733.9,9590.3) ops/second in (1.649145,101.144026) seconds
2026/05/26-11:48:08  ... thread 2: (1000,959000) ops and (768.2,9390.0) ops/second in (1.301803,102.129809) seconds
2026/05/26-11:48:08  ... thread 0: (2000,972000) ops and (1749.5,9515.9) ops/second in (1.143183,102.144331) seconds
2026/05/26-11:48:09  ... thread 1: (2000,972000) ops and (1112.8,9442.3) ops/second in (1.797262,102.941288) seconds
2026/05/26-11:48:09  ... thread 3: (2000,967000) ops and (1024.8,9383.8) ops/second in (1.951651,103.050028) seconds
2026/05/26-11:48:10  ... thread 2: (2000,961000) ops and (1224.9,9261.5) ops/second in (1.632828,103.762637) seconds
2026/05/26-11:48:10  ... thread 0: (4000,976000) ops and (2314.2,9396.1) ops/second in (1.728443,103.872774) seconds
2026/05/26-11:48:10  ... thread 3: (2000,969000) ops and (1582.5,9289.3) ops/second in (1.263828,104.313856) seconds
2026/05/26-11:48:10  ... thread 1: (2000,974000) ops and (1267.5,9318.9) ops/second in (1.577894,104.519182) seconds
2026/05/26-11:48:11  ... thread 0: (2000,978000) ops and (1993.1,9325.3) ops/second in (1.003442,104.876216) seconds
2026/05/26-11:48:11  ... thread 3: (4000,973000) ops and (3545.3,9227.8) ops/second in (1.128242,105.442098) seconds
2026/05/26-11:48:11  ... thread 1: (2000,976000) ops and (1859.0,9242.9) ops/second in (1.075876,105.595058) seconds
2026/05/26-11:48:11  ... thread 2: (2000,963000) ops and (1086.2,9119.0) ops/second in (1.841206,105.603843) seconds
2026/05/26-11:48:12  ... thread 0: (3000,981000) ops and (2727.6,9256.8) ops/second in (1.099854,105.976070) seconds
2026/05/26-11:48:13  ... thread 3: (3000,976000) ops and (2422.6,9148.8) ops/second in (1.238316,106.680414) seconds
2026/05/26-11:48:13  ... thread 0: (3000,984000) ops and (2699.6,9188.8) ops/second in (1.111286,107.087356) seconds
2026/05/26-11:48:13  ... thread 1: (2000,978000) ops and (1080.4,9102.2) ops/second in (1.851205,107.446263) seconds
2026/05/26-11:48:13  ... thread 2: (3000,966000) ops and (1615.2,8989.3) ops/second in (1.857356,107.461199) seconds
2026/05/26-11:48:14  ... thread 0: (2000,986000) ops and (1926.9,9119.1) ops/second in (1.037925,108.125281) seconds
2026/05/26-11:48:14  ... thread 1: (3000,981000) ops and (2755.1,9038.5) ops/second in (1.088880,108.535143) seconds
2026/05/26-11:48:15  ... thread 2: (3000,969000) ops and (2399.0,8913.5) ops/second in (1.250517,108.711716) seconds
2026/05/26-11:48:15  ... thread 3: (4000,980000) ops and (1969.1,9014.7) ops/second in (2.031406,108.711820) seconds
2026/05/26-11:48:16  ... thread 0: (2000,988000) ops and (1216.1,9000.6) ops/second in (1.644603,109.769884) seconds
2026/05/26-11:48:16  ... thread 3: (2000,982000) ops and (1869.1,8945.0) ops/second in (1.070059,109.781879) seconds
2026/05/26-11:48:16  ... thread 2: (2000,971000) ops and (1781.7,8840.6) ops/second in (1.122513,109.834229) seconds
2026/05/26-11:48:16  ... thread 1: (3000,984000) ops and (1743.9,8924.7) ops/second in (1.720253,110.255396) seconds
2026/05/26-11:48:17  ... thread 0: (2000,990000) ops and (1889.4,8932.7) ops/second in (1.058521,110.828405) seconds
2026/05/26-11:48:17  ... thread 2: (2000,973000) ops and (1614.6,8760.0) ops/second in (1.238669,111.072898) seconds
2026/05/26-11:48:17  ... thread 3: (2000,984000) ops and (1306.8,8840.0) ops/second in (1.530419,111.312298) seconds
2026/05/26-11:48:17  ... thread 1: (1000,985000) ops and (812.0,8835.1) ops/second in (1.231563,111.486959) seconds
2026/05/26-11:48:18  ... thread 2: (1000,974000) ops and (945.5,8686.3) ops/second in (1.057697,112.130595) seconds
2026/05/26-11:48:18  ... thread 0: (2000,992000) ops and (1536.4,8846.9) ops/second in (1.301708,112.130113) seconds
2026/05/26-11:48:18  ... thread 3: (11000,995000) ops and (10856.9,8858.2) ops/second in (1.013177,112.325475) seconds
2026/05/26-11:48:18  ... thread 1: (14000,999000) ops and (13380.3,8877.4) ops/second in (1.046311,112.533270) seconds
2026/05/26-11:48:19  ... thread 0: (31000,1023000) ops and (30586.2,9041.6) ops/second in (1.013528,113.143641) seconds
2026/05/26-11:48:19  ... thread 2: (31000,1005000) ops and (29850.3,8880.5) ops/second in (1.038517,113.169112) seconds
2026/05/26-11:48:19  ... thread 3: (25000,1020000) ops and (24994.3,9000.6) ops/second in (1.000230,113.325705) seconds
2026/05/26-11:48:19  ... thread 1: (29000,1028000) ops and (26576.4,9047.3) ops/second in (1.091193,113.624463) seconds
2026/05/26-11:48:20  ... thread 3: (23000,1043000) ops and (18342.9,9102.8) ops/second in (1.253894,114.579599) seconds
2026/05/26-11:48:20  ... thread 0: (26000,1049000) ops and (17977.2,9154.4) ops/second in (1.446273,114.589914) seconds
2026/05/26-11:48:21  ... thread 2: (29000,1034000) ops and (18264.9,9010.4) ops/second in (1.587749,114.756861) seconds
2026/05/26-11:48:21  ... thread 1: (19000,1047000) ops and (11769.1,9085.5) ops/second in (1.614392,115.238855) seconds
2026/05/26-11:48:22  ... thread 0: (2000,1051000) ops and (1837.5,9085.5) ops/second in (1.088406,115.678320) seconds
2026/05/26-11:48:22  ... thread 3: (2000,1045000) ops and (1670.3,9026.0) ops/second in (1.197375,115.776974) seconds
2026/05/26-11:48:22  ... thread 2: (2000,1036000) ops and (1479.4,8922.7) ops/second in (1.351854,116.108715) seconds
2026/05/26-11:48:23  ... thread 3: (3000,1048000) ops and (2693.6,8965.6) ops/second in (1.113753,116.890727) seconds
2026/05/26-11:48:23  ... thread 1: (3000,1050000) ops and (1665.9,8971.3) ops/second in (1.800841,117.039696) seconds
2026/05/26-11:48:23  ... thread 0: (4000,1055000) ops and (2888.9,9012.2) ops/second in (1.384634,117.062954) seconds
2026/05/26-11:48:23  ... thread 2: (1000,1037000) ops and (962.0,8852.0) ops/second in (1.039540,117.148255) seconds
2026/05/26-11:48:24  ... thread 3: (2000,1050000) ops and (1752.9,8895.9) ops/second in (1.140979,118.031706) seconds
2026/05/26-11:48:24  ... thread 0: (2000,1057000) ops and (1566.3,8931.9) ops/second in (1.276895,118.339849) seconds
2026/05/26-11:48:24  ... thread 1: (2000,1052000) ops and (1466.0,8884.8) ops/second in (1.364266,118.403962) seconds
2026/05/26-11:48:24  ... thread 2: (4000,1041000) ops and (2904.7,8782.9) ops/second in (1.377087,118.525342) seconds
2026/05/26-11:48:25  ... thread 3: (2000,1052000) ops and (1688.2,8824.3) ops/second in (1.184662,119.216368) seconds
2026/05/26-11:48:25  ... thread 1: (2000,1054000) ops and (1940.4,8824.9) ops/second in (1.030737,119.434699) seconds
2026/05/26-11:48:26  ... thread 0: (2000,1059000) ops and (1388.4,8841.2) ops/second in (1.440523,119.780372) seconds
2026/05/26-11:48:26  ... thread 2: (3000,1044000) ops and (2158.1,8706.1) ops/second in (1.390081,119.915423) seconds
2026/05/26-11:48:26  ... thread 3: (1000,1053000) ops and (969.3,8756.9) ops/second in (1.031630,120.247998) seconds
2026/05/26-11:48:27  ... thread 0: (3000,1062000) ops and (2782.8,8787.1) ops/second in (1.078033,120.858405) seconds
2026/05/26-11:48:27  ... thread 1: (4000,1058000) ops and (2703.9,8750.0) ops/second in (1.479318,120.914017) seconds
2026/05/26-11:48:27  ... thread 2: (2000,1046000) ops and (1796.0,8642.6) ops/second in (1.113601,121.029024) seconds
2026/05/26-11:48:27  ... thread 3: (3000,1056000) ops and (2340.4,8689.2) ops/second in (1.281806,121.529804) seconds
2026/05/26-11:48:28  ... thread 0: (3000,1065000) ops and (2349.3,8719.8) ops/second in (1.276952,122.135357) seconds
2026/05/26-11:48:28  ... thread 1: (1000,1059000) ops and (766.1,8664.7) ops/second in (1.305377,122.219394) seconds
2026/05/26-11:48:28  ... thread 2: (3000,1049000) ops and (2442.1,8580.3) ops/second in (1.228430,122.257454) seconds
2026/05/26-11:48:29  ... thread 3: (3000,1059000) ops and (2473.9,8627.8) ops/second in (1.212637,122.742441) seconds
2026/05/26-11:48:29  ... thread 0: (3000,1068000) ops and (2144.7,8645.4) ops/second in (1.398780,123.534137) seconds
2026/05/26-11:48:30  ... thread 1: (2000,1061000) ops and (1284.6,8571.9) ops/second in (1.556880,123.776274) seconds
2026/05/26-11:48:30  ... thread 2: (1000,1050000) ops and (423.1,8425.5) ops/second in (2.363546,124.621000) seconds
2026/05/26-11:48:31  ... thread 0: (2000,1070000) ops and (1565.0,8572.9) ops/second in (1.277947,124.812084) seconds
2026/05/26-11:48:31  ... thread 1: (3000,1064000) ops and (2787.7,8522.1) ops/second in (1.076152,124.852426) seconds
2026/05/26-11:48:31  ... thread 3: (2000,1061000) ops and (842.6,8480.1) ops/second in (2.373702,125.116143) seconds
2026/05/26-11:48:32  ... thread 2: (2000,1052000) ops and (1913.5,8371.4) ops/second in (1.045211,125.666211) seconds
2026/05/26-11:48:32  ... thread 1: (1000,1065000) ops and (986.2,8461.4) ops/second in (1.013955,125.866381) seconds
2026/05/26-11:48:32  ... thread 0: (2000,1072000) ops and (1867.3,8515.8) ops/second in (1.071090,125.883174) seconds
2026/05/26-11:48:32  ... thread 3: (10000,1071000) ops and (9804.8,8490.8) ops/second in (1.019909,126.136052) seconds
2026/05/26-11:48:33  ... thread 2: (27000,1079000) ops and (24399.5,8511.3) ops/second in (1.106579,126.772790) seconds
2026/05/26-11:48:33  ... thread 1: (32000,1097000) ops and (31358.4,8645.5) ops/second in (1.020460,126.886841) seconds
2026/05/26-11:48:33  ... thread 0: (32000,1104000) ops and (31791.7,8700.5) ops/second in (1.006551,126.889725) seconds
2026/05/26-11:48:33  ... thread 3: (34000,1105000) ops and (28449.8,8678.2) ops/second in (1.195088,127.331140) seconds
2026/05/26-11:48:34  ... thread 0: (25000,1129000) ops and (23412.1,8823.2) ops/second in (1.067824,127.957549) seconds
2026/05/26-11:48:34  ... thread 1: (29000,1126000) ops and (24187.1,8791.0) ops/second in (1.198988,128.085829) seconds
2026/05/26-11:48:34  ... thread 2: (30000,1109000) ops and (16913.4,8627.2) ops/second in (1.773744,128.546534) seconds
2026/05/26-11:48:35  ... thread 3: (15000,1120000) ops and (9691.9,8690.3) ops/second in (1.547679,128.878819) seconds
2026/05/26-11:48:35  ... thread 0: (1000,1130000) ops and (759.2,8741.1) ops/second in (1.317153,129.274702) seconds
2026/05/26-11:48:35  ... thread 2: (2000,1111000) ops and (1992.7,8575.8) ops/second in (1.003649,129.550183) seconds
2026/05/26-11:48:35  ... thread 1: (3000,1129000) ops and (1937.3,8709.1) ops/second in (1.548532,129.634361) seconds
2026/05/26-11:48:36  ... thread 3: (3000,1123000) ops and (2352.8,8628.2) ops/second in (1.275088,130.153907) seconds
2026/05/26-11:48:36  ... thread 0: (2000,1132000) ops and (1454.0,8664.4) ops/second in (1.375539,130.650241) seconds
2026/05/26-11:48:37  ... thread 2: (1000,1112000) ops and (758.7,8497.1) ops/second in (1.318127,130.868310) seconds
2026/05/26-11:48:37  ... thread 1: (2000,1131000) ops and (1351.2,8626.0) ops/second in (1.480183,131.114544) seconds
2026/05/26-11:48:38  ... thread 0: (6000,1138000) ops and (5917.6,8643.2) ops/second in (1.013926,131.664167) seconds
2026/05/26-11:48:38  ... thread 2: (1000,1113000) ops and (950.2,8436.9) ops/second in (1.052390,131.920700) seconds
2026/05/26-11:48:38  ... thread 3: (3000,1126000) ops and (1541.2,8523.8) ops/second in (1.946556,132.100463) seconds
2026/05/26-11:48:38  ... thread 1: (1000,1132000) ops and (864.5,8558.2) ops/second in (1.156704,132.271248) seconds
2026/05/26-11:48:39  ... thread 1: (5000,1137000) ops and (4938.2,8530.7) ops/second in (1.012509,133.283757) seconds
2026/05/26-11:48:40  ... thread 2: (2000,1115000) ops and (940.0,8317.9) ops/second in (2.127598,134.048298) seconds
2026/05/26-11:48:40  ... thread 1: (5000,1142000) ops and (4997.2,8504.3) ops/second in (1.000556,134.284313) seconds
2026/05/26-11:48:40  ... thread 3: (3000,1129000) ops and (1280.6,8397.6) ops/second in (2.342725,134.443188) seconds
2026/05/26-11:48:40  ... thread 0: (3000,1141000) ops and (1010.2,8474.8) ops/second in (2.969764,134.633931) seconds
2026/05/26-11:48:41  ... thread 1: (2000,1144000) ops and (1949.6,8454.7) ops/second in (1.025836,135.310149) seconds
2026/05/26-11:48:41  ... thread 2: (3000,1118000) ops and (2084.4,8251.7) ops/second in (1.439281,135.487579) seconds
2026/05/26-11:48:42  ... thread 0: (3000,1144000) ops and (2462.5,8420.9) ops/second in (1.218268,135.852199) seconds
2026/05/26-11:48:42  ... thread 3: (3000,1132000) ops and (1669.2,8308.8) ops/second in (1.797254,136.240442) seconds
2026/05/26-11:48:42  ... thread 2: (4000,1122000) ops and (3476.5,8211.5) ops/second in (1.150594,136.638173) seconds
2026/05/26-11:48:43  ... thread 3: (2000,1134000) ops and (1664.0,8250.7) ops/second in (1.201892,137.442334) seconds
2026/05/26-11:48:44  ... thread 1: (2000,1146000) ops and (819.4,8319.4) ops/second in (2.440743,137.750892) seconds
2026/05/26-11:48:44  ... thread 0: (3000,1147000) ops and (1510.6,8321.4) ops/second in (1.986004,137.838203) seconds
2026/05/26-11:48:45  ... thread 2: (3000,1125000) ops and (1470.8,8112.3) ops/second in (2.039693,138.677866) seconds
2026/05/26-11:48:45  ... thread 3: (3000,1137000) ops and (2388.9,8197.7) ops/second in (1.255833,138.698167) seconds
2026/05/26-11:48:45  ... thread 1: (5000,1151000) ops and (4907.8,8294.3) ops/second in (1.018791,138.769683) seconds
2026/05/26-11:48:45  ... thread 0: (10000,1157000) ops and (9790.9,8332.2) ops/second in (1.021352,138.859555) seconds
2026/05/26-11:48:46  ... thread 2: (33000,1158000) ops and (32205.8,8289.0) ops/second in (1.024660,139.702526) seconds
2026/05/26-11:48:46  ... thread 3: (31000,1168000) ops and (30313.7,8359.5) ops/second in (1.022639,139.720806) seconds
2026/05/26-11:48:46  ... thread 1: (33000,1184000) ops and (32365.2,8469.9) ops/second in (1.019615,139.789298) seconds
2026/05/26-11:48:46  ... thread 0: (31000,1188000) ops and (30685.0,8493.6) ops/second in (1.010265,139.869820) seconds
2026/05/26-11:48:47  ... thread 2: (25000,1183000) ops and (23933.7,8405.1) ops/second in (1.044551,140.747077) seconds
2026/05/26-11:48:47  ... thread 0: (21000,1209000) ops and (20253.7,8580.1) ops/second in (1.036847,140.906667) seconds
2026/05/26-11:48:47  ... thread 1: (21000,1205000) ops and (16702.9,8543.3) ops/second in (1.257264,141.046562) seconds
2026/05/26-11:48:47  ... thread 3: (28000,1196000) ops and (20850.0,8478.4) ops/second in (1.342923,141.063729) seconds
2026/05/26-11:48:48  ... thread 2: (2000,1185000) ops and (1678.5,8348.7) ops/second in (1.191560,141.938637) seconds
2026/05/26-11:48:48  ... thread 0: (2000,1211000) ops and (1879.7,8529.9) ops/second in (1.063980,141.970647) seconds
2026/05/26-11:48:48  ... thread 3: (2000,1198000) ops and (1729.2,8423.5) ops/second in (1.156627,142.220356) seconds
2026/05/26-11:48:49  ... thread 1: (2000,1207000) ops and (962.3,8433.2) ops/second in (2.078451,143.125013) seconds
2026/05/26-11:48:49  ... thread 2: (2000,1187000) ops and (1631.4,8291.2) ops/second in (1.225961,143.164598) seconds
2026/05/26-11:48:49  ... thread 0: (2000,1213000) ops and (1657.8,8472.0) ops/second in (1.206384,143.177031) seconds
2026/05/26-11:48:50  ... thread 0: (5000,1218000) ops and (4838.0,8446.0) ops/second in (1.033491,144.210522) seconds
2026/05/26-11:48:50  ... thread 1: (2000,1209000) ops and (1633.5,8375.5) ops/second in (1.224339,144.349352) seconds
2026/05/26-11:48:50  ... thread 2: (1000,1188000) ops and (765.3,8223.1) ops/second in (1.306696,144.471294) seconds
2026/05/26-11:48:50  ... thread 3: (2000,1200000) ops and (870.6,8303.5) ops/second in (2.297371,144.517727) seconds
2026/05/26-11:48:51  ... thread 1: (3000,1212000) ops and (2916.9,8336.9) ops/second in (1.028485,145.377837) seconds
2026/05/26-11:48:51  ... thread 2: (2000,1190000) ops and (1967.5,8179.4) ops/second in (1.016496,145.487790) seconds
2026/05/26-11:48:51  ... thread 3: (2000,1202000) ops and (1955.1,8258.9) ops/second in (1.022948,145.540675) seconds
2026/05/26-11:48:52  ... thread 0: (1000,1219000) ops and (558.0,8349.2) ops/second in (1.792261,146.002783) seconds
2026/05/26-11:48:52  ... thread 1: (4000,1216000) ops and (3471.3,8298.6) ops/second in (1.152290,146.530127) seconds
2026/05/26-11:48:53  ... thread 3: (2000,1204000) ops and (1432.2,8194.0) ops/second in (1.396485,146.937160) seconds
2026/05/26-11:48:53  ... thread 0: (1000,1220000) ops and (925.1,8294.6) ops/second in (1.080975,147.083758) seconds
2026/05/26-11:48:53  ... thread 2: (2000,1192000) ops and (1055.8,8087.8) ops/second in (1.894269,147.382059) seconds
2026/05/26-11:48:54  ... thread 3: (2000,1206000) ops and (1640.0,8140.0) ops/second in (1.219486,148.156646) seconds
2026/05/26-11:48:54  ... thread 0: (2000,1222000) ops and (1755.9,8244.3) ops/second in (1.139001,148.222759) seconds
2026/05/26-11:48:54  ... thread 1: (4000,1220000) ops and (2253.8,8226.3) ops/second in (1.774810,148.304937) seconds
2026/05/26-11:48:55  ... thread 2: (3000,1195000) ops and (1581.0,8005.1) ops/second in (1.897582,149.279641) seconds
2026/05/26-11:48:55  ... thread 3: (3000,1209000) ops and (2353.3,8090.7) ops/second in (1.274807,149.431453) seconds
2026/05/26-11:48:55  ... thread 1: (2000,1222000) ops and (1567.1,8169.5) ops/second in (1.276221,149.581158) seconds
2026/05/26-11:48:55  ... thread 0: (3000,1225000) ops and (2106.9,8185.9) ops/second in (1.423895,149.646654) seconds
2026/05/26-11:48:56  ... thread 2: (1000,1196000) ops and (771.4,7942.8) ops/second in (1.296347,150.575988) seconds
2026/05/26-11:48:56  ... thread 3: (2000,1211000) ops and (1692.9,8040.5) ops/second in (1.181394,150.612847) seconds
2026/05/26-11:48:56  ... thread 1: (3000,1225000) ops and (2882.0,8132.9) ops/second in (1.040951,150.622109) seconds
2026/05/26-11:48:57  ... thread 0: (5000,1230000) ops and (4812.1,8162.7) ops/second in (1.039039,150.685693) seconds
2026/05/26-11:48:57  ... thread 2: (42000,1238000) ops and (41703.4,8167.1) ops/second in (1.007113,151.583101) seconds
Initializing RocksDB Options from the specified file
Initializing RocksDB Options from command-line flags
Integrated BlobDB: blob cache disabled
Keys:       16 bytes each (+ 0 bytes user-defined timestamp)
Values:     1024 bytes each (512 bytes after compression)
Entries:    1250000
Prefix:    0 bytes
Keys per prefix:    0
RawSize:    1239.8 MB (estimated)
FileSize:   629.4 MB (estimated)
Write rate: 0 bytes/second
Read rate: 0 ops/second
Compression: Snappy
Compression sampling rate: 0
Memtablerep: SkipListFactory
Perf Level: 1
WARNING: Assertions are enabled; benchmarks unnecessarily slow
------------------------------------------------
Initializing RocksDB Options from the specified file
Initializing RocksDB Options from command-line flags
Integrated BlobDB: blob cache disabled
DB path: [/tmp/rocksdb_comp_exp_db]
fillrandom   :     121.172 micros/op 32961 ops/sec 151.690 seconds 5000000 operations;   32.7 MB/s
2026/05/26-11:48:59  ... thread 1: (1000,1000) ops and (971.5,971.5) ops/second in (1.029336,1.029336) seconds
2026/05/26-11:48:59  ... thread 2: (1000,1000) ops and (966.2,966.2) ops/second in (1.034985,1.034985) seconds
2026/05/26-11:48:59  ... thread 0: (1000,1000) ops and (944.3,944.3) ops/second in (1.059002,1.059002) seconds
2026/05/26-11:49:00  ... thread 3: (2000,2000) ops and (815.3,815.3) ops/second in (2.453001,2.453001) seconds
2026/05/26-11:49:00  ... thread 2: (1000,2000) ops and (698.8,811.0) ops/second in (1.431026,2.466011) seconds
2026/05/26-11:49:00  ... thread 0: (1000,2000) ops and (642.8,764.9) ops/second in (1.555799,2.614801) seconds
2026/05/26-11:49:00  ... thread 1: (1000,2000) ops and (629.0,763.6) ops/second in (1.589727,2.619063) seconds
2026/05/26-11:49:01  ... thread 3: (1000,3000) ops and (697.1,771.7) ops/second in (1.434419,3.887420) seconds
2026/05/26-11:49:01  ... thread 2: (1000,3000) ops and (703.1,771.5) ops/second in (1.422316,3.888327) seconds
2026/05/26-11:49:01  ... thread 0: (1000,3000) ops and (761.7,763.8) ops/second in (1.312905,3.927706) seconds
2026/05/26-11:49:02  ... thread 1: (1000,3000) ops and (736.3,754.3) ops/second in (1.358051,3.977114) seconds
2026/05/26-11:49:03  ... thread 0: (2000,5000) ops and (1760.8,987.5) ops/second in (1.135833,5.063539) seconds
2026/05/26-11:49:03  ... thread 2: (2000,5000) ops and (1479.8,954.2) ops/second in (1.351568,5.239895) seconds
2026/05/26-11:49:03  ... thread 3: (2000,5000) ops and (1075.5,870.0) ops/second in (1.859528,5.746948) seconds
2026/05/26-11:49:03  ... thread 1: (2000,5000) ops and (1074.6,856.4) ops/second in (1.861221,5.838335) seconds
2026/05/26-11:49:04  ... thread 0: (1000,6000) ops and (984.6,987.0) ops/second in (1.015653,6.079192) seconds
2026/05/26-11:49:04  ... thread 2: (2000,7000) ops and (1987.4,1120.7) ops/second in (1.006323,6.246218) seconds
2026/05/26-11:49:04  ... thread 3: (6000,11000) ops and (5589.0,1612.8) ops/second in (1.073528,6.820476) seconds
2026/05/26-11:49:04  ... thread 1: (6000,11000) ops and (5841.2,1602.2) ops/second in (1.027187,6.865522) seconds
2026/05/26-11:49:05  ... thread 0: (7000,13000) ops and (6687.5,1824.3) ops/second in (1.046732,7.125924) seconds
2026/05/26-11:49:05  ... thread 2: (7000,14000) ops and (6916.9,1928.8) ops/second in (1.012019,7.258237) seconds
2026/05/26-11:49:05  ... thread 3: (8000,19000) ops and (7184.8,2394.8) ops/second in (1.113462,7.933938) seconds
2026/05/26-11:49:05  ... thread 1: (8000,19000) ops and (7300.1,2386.5) ops/second in (1.095881,7.961403) seconds
2026/05/26-11:49:06  ... thread 0: (8000,21000) ops and (7127.5,2546.0) ops/second in (1.122407,8.248331) seconds
2026/05/26-11:49:06  ... thread 2: (8000,22000) ops and (7405.1,2638.3) ops/second in (1.080341,8.338578) seconds
2026/05/26-11:49:07  ... thread 1: (8000,27000) ops and (7679.6,2999.0) ops/second in (1.041719,9.003122) seconds
2026/05/26-11:49:07  ... thread 3: (9000,28000) ops and (8257.3,3102.9) ops/second in (1.089950,9.023888) seconds
2026/05/26-11:49:07  ... thread 0: (9000,30000) ops and (8604.2,3227.8) ops/second in (1.045999,9.294330) seconds
2026/05/26-11:49:07  ... thread 2: (8000,30000) ops and (7722.0,3200.1) ops/second in (1.036000,9.374578) seconds
2026/05/26-11:49:08  ... thread 3: (9000,37000) ops and (8999.2,3691.1) ops/second in (1.000093,10.023981) seconds
2026/05/26-11:49:08  ... thread 1: (9000,36000) ops and (8246.7,3566.3) ops/second in (1.091346,10.094468) seconds
2026/05/26-11:49:08  ... thread 2: (9000,39000) ops and (8917.2,3755.8) ops/second in (1.009287,10.383865) seconds
2026/05/26-11:49:08  ... thread 0: (10000,40000) ops and (9038.0,3845.9) ops/second in (1.106437,10.400767) seconds
2026/05/26-11:49:09  ... thread 3: (9000,46000) ops and (8839.1,4165.8) ops/second in (1.018206,11.042187) seconds
2026/05/26-11:49:09  ... thread 1: (9000,45000) ops and (8801.8,4047.9) ops/second in (1.022523,11.116991) seconds
2026/05/26-11:49:09  ... thread 0: (9000,49000) ops and (8823.4,4290.4) ops/second in (1.020010,11.420777) seconds
2026/05/26-11:49:09  ... thread 2: (10000,49000) ops and (9079.4,4266.3) ops/second in (1.101393,11.485258) seconds
2026/05/26-11:49:10  ... thread 3: (10000,56000) ops and (9020.6,4608.8) ops/second in (1.108577,12.150764) seconds
2026/05/26-11:49:10  ... thread 1: (10000,55000) ops and (9450.0,4517.4) ops/second in (1.058202,12.175193) seconds
2026/05/26-11:49:10  ... thread 0: (10000,59000) ops and (9340.7,4723.3) ops/second in (1.070589,12.491366) seconds
2026/05/26-11:49:10  ... thread 2: (10000,59000) ops and (9743.2,4715.6) ops/second in (1.026353,12.511611) seconds
2026/05/26-11:49:11  ... thread 3: (10000,66000) ops and (9589.7,5002.4) ops/second in (1.042781,13.193545) seconds
2026/05/26-11:49:11  ... thread 1: (10000,65000) ops and (9647.2,4919.9) ops/second in (1.036566,13.211759) seconds
2026/05/26-11:49:11  ... thread 2: (11000,70000) ops and (10886.3,5176.7) ops/second in (1.010442,13.522053) seconds
2026/05/26-11:49:11  ... thread 0: (11000,70000) ops and (10550.9,5172.2) ops/second in (1.042569,13.533935) seconds
2026/05/26-11:49:12  ... thread 3: (13000,79000) ops and (11808.8,5526.6) ops/second in (1.100872,14.294417) seconds
2026/05/26-11:49:12  ... thread 1: (12000,77000) ops and (11006.5,5383.9) ops/second in (1.090267,14.302026) seconds
2026/05/26-11:49:12  ... thread 2: (12000,82000) ops and (11878.4,5642.6) ops/second in (1.010238,14.532291) seconds
2026/05/26-11:49:12  ... thread 0: (14000,84000) ops and (12910.3,5746.2) ops/second in (1.084405,14.618340) seconds
2026/05/26-11:49:13  ... thread 3: (13000,92000) ops and (12544.6,6001.0) ops/second in (1.036299,15.330716) seconds
2026/05/26-11:49:13  ... thread 1: (13000,90000) ops and (12091.2,5852.8) ops/second in (1.075161,15.377187) seconds
2026/05/26-11:49:13  ... thread 2: (13000,95000) ops and (12916.8,6113.8) ops/second in (1.006442,15.538733) seconds
2026/05/26-11:49:13  ... thread 0: (13000,97000) ops and (12615.9,6198.6) ops/second in (1.030444,15.648784) seconds
DB path: [/tmp/rocksdb_comp_exp_db]
readrandom   :     159.696 micros/op 24821 ops/sec 16.115 seconds 400000 operations;   24.2 MB/s (98148 of 100000 found)

STATISTICS:
rocksdb.block.cache.miss COUNT : 5196458
rocksdb.block.cache.hit COUNT : 167188
rocksdb.block.cache.add COUNT : 1440175
rocksdb.block.cache.add.failures COUNT : 0
rocksdb.block.cache.index.miss COUNT : 0
rocksdb.block.cache.index.hit COUNT : 0
rocksdb.block.cache.index.add COUNT : 0
rocksdb.block.cache.index.bytes.insert COUNT : 0
rocksdb.block.cache.filter.miss COUNT : 0
rocksdb.block.cache.filter.hit COUNT : 0
rocksdb.block.cache.filter.add COUNT : 0
rocksdb.block.cache.filter.bytes.insert COUNT : 0
rocksdb.block.cache.data.miss COUNT : 5196458
rocksdb.block.cache.data.hit COUNT : 167188
rocksdb.block.cache.data.add COUNT : 1440175
rocksdb.block.cache.data.bytes.insert COUNT : 6198440464
rocksdb.block.cache.bytes.read COUNT : 719576128
rocksdb.block.cache.bytes.write COUNT : 6198440464
rocksdb.block.cache.compression.dict.miss COUNT : 0
rocksdb.block.cache.compression.dict.hit COUNT : 0
rocksdb.block.cache.compression.dict.add COUNT : 0
rocksdb.block.cache.compression.dict.bytes.insert COUNT : 0
rocksdb.block.cache.add.redundant COUNT : 7
rocksdb.block.cache.index.add.redundant COUNT : 0
rocksdb.block.cache.filter.add.redundant COUNT : 0
rocksdb.block.cache.data.add.redundant COUNT : 7
rocksdb.block.cache.compression.dict.add.redundant COUNT : 0
rocksdb.secondary.cache.hits COUNT : 0
rocksdb.secondary.cache.filter.hits COUNT : 0
rocksdb.secondary.cache.index.hits COUNT : 0
rocksdb.secondary.cache.data.hits COUNT : 0
rocksdb.compressed.secondary.cache.dummy.hits COUNT : 0
rocksdb.compressed.secondary.cache.hits COUNT : 0
rocksdb.compressed.secondary.cache.promotions COUNT : 0
rocksdb.compressed.secondary.cache.promotion.skips COUNT : 0
rocksdb.bloom.filter.useful COUNT : 0
rocksdb.bloom.filter.full.positive COUNT : 0
rocksdb.bloom.filter.full.true.positive COUNT : 0
rocksdb.bloom.filter.prefix.checked COUNT : 0
rocksdb.bloom.filter.prefix.useful COUNT : 0
rocksdb.bloom.filter.prefix.true.positive COUNT : 0
rocksdb.persistent.cache.hit COUNT : 0
rocksdb.persistent.cache.miss COUNT : 0
rocksdb.sim.block.cache.hit COUNT : 0
rocksdb.sim.block.cache.miss COUNT : 0
rocksdb.memtable.hit COUNT : 6793
rocksdb.memtable.miss COUNT : 393207
rocksdb.l0.hit COUNT : 54318
rocksdb.l1.hit COUNT : 118394
rocksdb.l2andup.hit COUNT : 213206
rocksdb.compaction.key.drop.new COUNT : 3049608
rocksdb.compaction.key.drop.obsolete COUNT : 0
rocksdb.compaction.key.drop.range_del COUNT : 0
rocksdb.compaction.key.drop.user COUNT : 0
rocksdb.compaction.range_del.drop.obsolete COUNT : 0
rocksdb.compaction.optimized.del.drop.obsolete COUNT : 0
rocksdb.compaction.cancelled COUNT : 0
rocksdb.compaction.aborted COUNT : 0
rocksdb.number.keys.written COUNT : 5000000
rocksdb.number.keys.read COUNT : 400000
rocksdb.number.keys.updated COUNT : 0
rocksdb.bytes.written COUNT : 5278908900
rocksdb.bytes.read COUNT : 402136064
rocksdb.number.db.seek COUNT : 0
rocksdb.number.db.next COUNT : 0
rocksdb.number.db.prev COUNT : 0
rocksdb.number.db.seek.found COUNT : 0
rocksdb.number.db.next.found COUNT : 0
rocksdb.number.db.prev.found COUNT : 0
rocksdb.db.iter.bytes.read COUNT : 0
rocksdb.number.iter.skip COUNT : 0
rocksdb.number.reseeks.iteration COUNT : 0
rocksdb.num.iterator.created COUNT : 0
rocksdb.num.iterator.deleted COUNT : 0
rocksdb.no.file.opens COUNT : 201
rocksdb.no.file.errors COUNT : 0
rocksdb.stall.micros COUNT : 113505115
rocksdb.db.mutex.wait.micros COUNT : 0
rocksdb.number.multiget.get COUNT : 0
rocksdb.number.multiget.keys.read COUNT : 0
rocksdb.number.multiget.bytes.read COUNT : 0
rocksdb.number.multiget.keys.found COUNT : 0
rocksdb.number.merge.failures COUNT : 0
rocksdb.getupdatessince.calls COUNT : 0
rocksdb.wal.synced COUNT : 0
rocksdb.wal.bytes COUNT : 5278908900
rocksdb.write.self COUNT : 4909075
rocksdb.write.other COUNT : 90925
rocksdb.write.wal COUNT : 5000000
rocksdb.compact.read.bytes COUNT : 9174851407
rocksdb.compact.write.bytes COUNT : 7315550827
rocksdb.flush.write.bytes COUNT : 2971453662
rocksdb.compact.read.marked.bytes COUNT : 0
rocksdb.compact.read.periodic.bytes COUNT : 0
rocksdb.compact.read.ttl.bytes COUNT : 0
rocksdb.compact.write.marked.bytes COUNT : 0
rocksdb.compact.write.periodic.bytes COUNT : 0
rocksdb.compact.write.ttl.bytes COUNT : 0
rocksdb.number.direct.load.table.properties COUNT : 0
rocksdb.number.superversion_acquires COUNT : 20
rocksdb.number.superversion_releases COUNT : 16
rocksdb.number.superversion_cleanups COUNT : 4
rocksdb.number.block.compressed COUNT : 4208625
rocksdb.number.block.decompressed COUNT : 5196659
rocksdb.bytes.compressed.from COUNT : 17738221829
rocksdb.bytes.compressed.to COUNT : 10265697466
rocksdb.bytes.compression_bypassed COUNT : 0
rocksdb.bytes.compression.rejected COUNT : 0
rocksdb.number.block_compression_bypassed COUNT : 0
rocksdb.number.block_compression_rejected COUNT : 0
rocksdb.bytes.decompressed.from COUNT : 12666958466
rocksdb.bytes.decompressed.to COUNT : 21883277270
rocksdb.merge.operation.time.nanos COUNT : 0
rocksdb.filter.operation.time.nanos COUNT : 0
rocksdb.compaction.total.time.cpu_micros COUNT : 45526370
rocksdb.row.cache.hit COUNT : 0
rocksdb.row.cache.miss COUNT : 0
rocksdb.read.amp.estimate.useful.bytes COUNT : 0
rocksdb.read.amp.total.read.bytes COUNT : 0
rocksdb.number.rate_limiter.drains COUNT : 0
rocksdb.blobdb.num.put COUNT : 0
rocksdb.blobdb.num.write COUNT : 0
rocksdb.blobdb.num.get COUNT : 0
rocksdb.blobdb.num.multiget COUNT : 0
rocksdb.blobdb.num.seek COUNT : 0
rocksdb.blobdb.num.next COUNT : 0
rocksdb.blobdb.num.prev COUNT : 0
rocksdb.blobdb.num.keys.written COUNT : 0
rocksdb.blobdb.num.keys.read COUNT : 0
rocksdb.blobdb.bytes.written COUNT : 0
rocksdb.blobdb.bytes.read COUNT : 0
rocksdb.blobdb.write.inlined COUNT : 0
rocksdb.blobdb.write.inlined.ttl COUNT : 0
rocksdb.blobdb.write.blob COUNT : 0
rocksdb.blobdb.write.blob.ttl COUNT : 0
rocksdb.blobdb.blob.file.bytes.written COUNT : 0
rocksdb.blobdb.blob.file.bytes.read COUNT : 0
rocksdb.blobdb.blob.file.synced COUNT : 0
rocksdb.blobdb.blob.index.expired.count COUNT : 0
rocksdb.blobdb.blob.index.expired.size COUNT : 0
rocksdb.blobdb.blob.index.evicted.count COUNT : 0
rocksdb.blobdb.blob.index.evicted.size COUNT : 0
rocksdb.blobdb.gc.num.files COUNT : 0
rocksdb.blobdb.gc.num.new.files COUNT : 0
rocksdb.blobdb.gc.failures COUNT : 0
rocksdb.blobdb.gc.num.keys.relocated COUNT : 0
rocksdb.blobdb.gc.bytes.relocated COUNT : 0
rocksdb.blobdb.fifo.num.files.evicted COUNT : 0
rocksdb.blobdb.fifo.num.keys.evicted COUNT : 0
rocksdb.blobdb.fifo.bytes.evicted COUNT : 0
rocksdb.blobdb.cache.miss COUNT : 0
rocksdb.blobdb.cache.hit COUNT : 0
rocksdb.blobdb.cache.add COUNT : 0
rocksdb.blobdb.cache.add.failures COUNT : 0
rocksdb.blobdb.cache.bytes.read COUNT : 0
rocksdb.blobdb.cache.bytes.write COUNT : 0
rocksdb.txn.overhead.mutex.prepare COUNT : 0
rocksdb.txn.overhead.mutex.old.commit.map COUNT : 0
rocksdb.txn.overhead.duplicate.key COUNT : 0
rocksdb.txn.overhead.mutex.snapshot COUNT : 0
rocksdb.txn.get.tryagain COUNT : 0
rocksdb.files.marked.trash COUNT : 0
rocksdb.files.marked.trash.deleted COUNT : 0
rocksdb.files.deleted.immediately COUNT : 255
rocksdb.error.handler.bg.error.count COUNT : 0
rocksdb.error.handler.bg.io.error.count COUNT : 0
rocksdb.error.handler.bg.retryable.io.error.count COUNT : 0
rocksdb.error.handler.autoresume.count COUNT : 0
rocksdb.error.handler.autoresume.retry.total.count COUNT : 0
rocksdb.error.handler.autoresume.success.count COUNT : 0
rocksdb.memtable.payload.bytes.at.flush COUNT : 5217125304
rocksdb.memtable.garbage.bytes.at.flush COUNT : 128025776
rocksdb.verify_checksum.read.bytes COUNT : 0
rocksdb.backup.read.bytes COUNT : 0
rocksdb.backup.write.bytes COUNT : 0
rocksdb.remote.compact.read.bytes COUNT : 0
rocksdb.remote.compact.write.bytes COUNT : 0
rocksdb.remote.compact.resumed.bytes COUNT : 0
rocksdb.hot.file.read.bytes COUNT : 0
rocksdb.warm.file.read.bytes COUNT : 0
rocksdb.cool.file.read.bytes COUNT : 0
rocksdb.cold.file.read.bytes COUNT : 0
rocksdb.ice.file.read.bytes COUNT : 0
rocksdb.hot.file.read.count COUNT : 0
rocksdb.warm.file.read.count COUNT : 0
rocksdb.cool.file.read.count COUNT : 0
rocksdb.cold.file.read.count COUNT : 0
rocksdb.ice.file.read.count COUNT : 0
rocksdb.last.level.read.bytes COUNT : 0
rocksdb.last.level.read.count COUNT : 0
rocksdb.non.last.level.read.bytes COUNT : 12693194224
rocksdb.non.last.level.read.count COUNT : 5197262
rocksdb.last.level.seek.filtered COUNT : 0
rocksdb.last.level.seek.filter.match COUNT : 0
rocksdb.last.level.seek.data COUNT : 0
rocksdb.last.level.seek.data.useful.no.filter COUNT : 0
rocksdb.last.level.seek.data.useful.filter.match COUNT : 0
rocksdb.non.last.level.seek.filtered COUNT : 0
rocksdb.non.last.level.seek.filter.match COUNT : 0
rocksdb.non.last.level.seek.data COUNT : 0
rocksdb.non.last.level.seek.data.useful.no.filter COUNT : 0
rocksdb.non.last.level.seek.data.useful.filter.match COUNT : 0
rocksdb.block.checksum.compute.count COUNT : 5196860
rocksdb.block.checksum.mismatch.count COUNT : 0
rocksdb.multiget.coroutine.count COUNT : 0
rocksdb.read.async.micros COUNT : 0
rocksdb.async.read.error.count COUNT : 0
rocksdb.table.open.prefetch.tail.miss COUNT : 0
rocksdb.table.open.prefetch.tail.hit COUNT : 0
rocksdb.timestamp.filter.table.checked COUNT : 0
rocksdb.timestamp.filter.table.filtered COUNT : 0
rocksdb.readahead.trimmed COUNT : 0
rocksdb.fifo.max.size.compactions COUNT : 0
rocksdb.fifo.ttl.compactions COUNT : 0
rocksdb.fifo.change_temperature.compactions COUNT : 0
rocksdb.prefetch.bytes COUNT : 0
rocksdb.prefetch.bytes.useful COUNT : 0
rocksdb.prefetch.hits COUNT : 0
rocksdb.footer.corruption.count COUNT : 0
rocksdb.file.read.corruption.retry.count COUNT : 0
rocksdb.file.read.corruption.retry.success.count COUNT : 0
rocksdb.number.wbwi.ingest COUNT : 0
rocksdb.sst.user.defined.index.load.fail.count COUNT : 0
rocksdb.multiscan.prepare.calls COUNT : 0
rocksdb.multiscan.prepare.errors COUNT : 0
rocksdb.multiscan.blocks.prefetched COUNT : 0
rocksdb.multiscan.blocks.from.cache COUNT : 0
rocksdb.multiscan.prefetch.bytes COUNT : 0
rocksdb.multiscan.prefetch.blocks.wasted COUNT : 0
rocksdb.multiscan.io.requests COUNT : 0
rocksdb.multiscan.io.coalesced.nonadjacent COUNT : 0
rocksdb.multiscan.seek.errors COUNT : 0
rocksdb.prefetch.memory.bytes.granted COUNT : 0
rocksdb.prefetch.memory.bytes.released COUNT : 0
rocksdb.prefetch.memory.requests.blocked COUNT : 0
rocksdb.read.path.range.tombstones.inserted COUNT : 0
rocksdb.read.path.range.tombstones.discarded COUNT : 0
rocksdb.file.open.metadata.retrieved COUNT : 0
rocksdb.file.open.metadata.passed COUNT : 0
rocksdb.manifest.validation.failure.count COUNT : 0
rocksdb.db.get.micros P50 : 32.380579 P95 : 999.382141 P99 : 1881.881970 P100 : 585248.000000 COUNT : 400000 SUM : 63701409
rocksdb.db.write.micros P50 : 4.958202 P95 : 41.508404 P99 : 1404.234770 P100 : 1061568.000000 COUNT : 5000000 SUM : 602126012
rocksdb.compaction.times.micros P50 : 4125000.000000 P95 : 8842487.000000 P99 : 8842487.000000 P100 : 8842487.000000 COUNT : 34 SUM : 149891382
rocksdb.compaction.times.cpu_micros P50 : 860000.000000 P95 : 2976507.000000 P99 : 2976507.000000 P100 : 2976507.000000 COUNT : 34 SUM : 45526370
rocksdb.subcompaction.setup.times.micros P50 : 0.000000 P95 : 0.000000 P99 : 0.000000 P100 : 0.000000 COUNT : 0 SUM : 0
rocksdb.table.sync.micros P50 : 356122.448980 P95 : 1135238.095238 P99 : 1183532.000000 P100 : 1183532.000000 COUNT : 80 SUM : 43279723
rocksdb.compaction.outfile.sync.micros P50 : 601274.509804 P95 : 1077357.142857 P99 : 1194900.000000 P100 : 1278664.000000 COUNT : 121 SUM : 71038883
rocksdb.wal.file.sync.micros P50 : 0.000000 P95 : 0.000000 P99 : 0.000000 P100 : 0.000000 COUNT : 0 SUM : 0
rocksdb.manifest.file.sync.micros P50 : 5484.931507 P95 : 13180.000000 P99 : 21600.000000 P100 : 716433.000000 COUNT : 120 SUM : 1412804
rocksdb.table.open.io.micros P50 : 729.084507 P95 : 4632.222222 P99 : 6597.555556 P100 : 6898.000000 COUNT : 201 SUM : 220652
rocksdb.db.multiget.micros P50 : 0.000000 P95 : 0.000000 P99 : 0.000000 P100 : 0.000000 COUNT : 0 SUM : 0
rocksdb.read.block.compaction.micros P50 : 2.837308 P95 : 5.224329 P99 : 9.651567 P100 : 354151.000000 COUNT : 3756283 SUM : 43965190
rocksdb.read.block.get.micros P50 : 5.051230 P95 : 9.892554 P99 : 1168.400811 P100 : 583230.000000 COUNT : 1440376 SUM : 58552901
rocksdb.write.raw.block.micros P50 : 0.522443 P95 : 0.992641 P99 : 1.993282 P100 : 20351.000000 COUNT : 4209027 SUM : 9513180
rocksdb.numfiles.in.singlecompaction P50 : 3.000000 P95 : 10.500000 P99 : 12.000000 P100 : 12.000000 COUNT : 36 SUM : 183
rocksdb.db.seek.micros P50 : 0.000000 P95 : 0.000000 P99 : 0.000000 P100 : 0.000000 COUNT : 0 SUM : 0
rocksdb.db.write.stall P50 : 1112.940870 P95 : 2447.652120 P99 : 2825.756607 P100 : 1061028.000000 COUNT : 76897 SUM : 113505115
rocksdb.sst.read.micros P50 : 0.711055 P95 : 1.984686 P99 : 5.879140 P100 : 583212.000000 COUNT : 5197262 SUM : 86461653
rocksdb.file.read.flush.micros P50 : 4.000000 P95 : 66.517241 P99 : 106.600000 P100 : 1631.000000 COUNT : 320 SUM : 8455
rocksdb.file.read.compaction.micros P50 : 0.616744 P95 : 1.935361 P99 : 4.929370 P100 : 354121.000000 COUNT : 3756767 SUM : 34700568
rocksdb.file.read.db.open.micros P50 : 0.000000 P95 : 0.000000 P99 : 0.000000 P100 : 0.000000 COUNT : 0 SUM : 0
rocksdb.file.read.get.micros P50 : 0.000000 P95 : 0.000000 P99 : 0.000000 P100 : 0.000000 COUNT : 0 SUM : 0
rocksdb.file.read.multiget.micros P50 : 0.000000 P95 : 0.000000 P99 : 0.000000 P100 : 0.000000 COUNT : 0 SUM : 0
rocksdb.file.read.db.iterator.micros P50 : 0.000000 P95 : 0.000000 P99 : 0.000000 P100 : 0.000000 COUNT : 0 SUM : 0
rocksdb.file.read.verify.db.checksum.micros P50 : 0.000000 P95 : 0.000000 P99 : 0.000000 P100 : 0.000000 COUNT : 0 SUM : 0
rocksdb.file.read.verify.file.checksums.micros P50 : 0.000000 P95 : 0.000000 P99 : 0.000000 P100 : 0.000000 COUNT : 0 SUM : 0
rocksdb.sst.write.micros P50 : 0.501465 P95 : 0.952784 P99 : 0.992902 P100 : 20350.000000 COUNT : 8418255 SUM : 7697640
rocksdb.file.write.flush.micros P50 : 0.501440 P95 : 0.952735 P99 : 0.992851 P100 : 20350.000000 COUNT : 2428622 SUM : 2519186
rocksdb.file.write.compaction.micros P50 : 0.501476 P95 : 0.952804 P99 : 0.992922 P100 : 13031.000000 COUNT : 5989633 SUM : 5178454
rocksdb.file.write.db.open.micros P50 : 0.000000 P95 : 0.000000 P99 : 0.000000 P100 : 0.000000 COUNT : 0 SUM : 0
rocksdb.num.subcompactions.scheduled P50 : 0.000000 P95 : 0.000000 P99 : 0.000000 P100 : 0.000000 COUNT : 0 SUM : 0
rocksdb.bytes.per.read P50 : 1024.000000 P95 : 1024.000000 P99 : 1024.000000 P100 : 1024.000000 COUNT : 400000 SUM : 402136064
rocksdb.bytes.per.write P50 : 1087.186342 P95 : 1282.654049 P99 : 1915.343680 P100 : 4188.000000 COUNT : 4909075 SUM : 5278908900
rocksdb.bytes.per.multiget P50 : 0.000000 P95 : 0.000000 P99 : 0.000000 P100 : 0.000000 COUNT : 0 SUM : 0
rocksdb.compression.times.nanos P50 : 0.000000 P95 : 0.000000 P99 : 0.000000 P100 : 0.000000 COUNT : 0 SUM : 0
rocksdb.decompression.times.nanos P50 : 0.000000 P95 : 0.000000 P99 : 0.000000 P100 : 0.000000 COUNT : 0 SUM : 0
rocksdb.read.num.merge_operands P50 : 0.000000 P95 : 0.000000 P99 : 0.000000 P100 : 0.000000 COUNT : 0 SUM : 0
rocksdb.blobdb.key.size P50 : 0.000000 P95 : 0.000000 P99 : 0.000000 P100 : 0.000000 COUNT : 0 SUM : 0
rocksdb.blobdb.value.size P50 : 0.000000 P95 : 0.000000 P99 : 0.000000 P100 : 0.000000 COUNT : 0 SUM : 0
rocksdb.blobdb.write.micros P50 : 0.000000 P95 : 0.000000 P99 : 0.000000 P100 : 0.000000 COUNT : 0 SUM : 0
rocksdb.blobdb.get.micros P50 : 0.000000 P95 : 0.000000 P99 : 0.000000 P100 : 0.000000 COUNT : 0 SUM : 0
rocksdb.blobdb.multiget.micros P50 : 0.000000 P95 : 0.000000 P99 : 0.000000 P100 : 0.000000 COUNT : 0 SUM : 0
rocksdb.blobdb.seek.micros P50 : 0.000000 P95 : 0.000000 P99 : 0.000000 P100 : 0.000000 COUNT : 0 SUM : 0
rocksdb.blobdb.next.micros P50 : 0.000000 P95 : 0.000000 P99 : 0.000000 P100 : 0.000000 COUNT : 0 SUM : 0
rocksdb.blobdb.prev.micros P50 : 0.000000 P95 : 0.000000 P99 : 0.000000 P100 : 0.000000 COUNT : 0 SUM : 0
rocksdb.blobdb.blob.file.write.micros P50 : 0.000000 P95 : 0.000000 P99 : 0.000000 P100 : 0.000000 COUNT : 0 SUM : 0
rocksdb.blobdb.blob.file.read.micros P50 : 0.000000 P95 : 0.000000 P99 : 0.000000 P100 : 0.000000 COUNT : 0 SUM : 0
rocksdb.blobdb.blob.file.sync.micros P50 : 0.000000 P95 : 0.000000 P99 : 0.000000 P100 : 0.000000 COUNT : 0 SUM : 0
rocksdb.blobdb.compression.micros P50 : 0.000000 P95 : 0.000000 P99 : 0.000000 P100 : 0.000000 COUNT : 0 SUM : 0
rocksdb.blobdb.decompression.micros P50 : 0.000000 P95 : 0.000000 P99 : 0.000000 P100 : 0.000000 COUNT : 0 SUM : 0
rocksdb.db.flush.micros P50 : 548888.888889 P95 : 1185217.391304 P99 : 1401963.000000 P100 : 1401963.000000 COUNT : 80 SUM : 57195539
rocksdb.sst.batch.size P50 : 0.000000 P95 : 0.000000 P99 : 0.000000 P100 : 0.000000 COUNT : 0 SUM : 0
rocksdb.multiget.io.batch.size P50 : 0.000000 P95 : 0.000000 P99 : 0.000000 P100 : 0.000000 COUNT : 0 SUM : 0
rocksdb.num.index.and.filter.blocks.read.per.level P50 : 0.000000 P95 : 0.000000 P99 : 0.000000 P100 : 0.000000 COUNT : 0 SUM : 0
rocksdb.num.sst.read.per.level P50 : 0.000000 P95 : 0.000000 P99 : 0.000000 P100 : 0.000000 COUNT : 0 SUM : 0
rocksdb.num.level.read.per.multiget P50 : 0.000000 P95 : 0.000000 P99 : 0.000000 P100 : 0.000000 COUNT : 0 SUM : 0
rocksdb.error.handler.autoresume.retry.count P50 : 0.000000 P95 : 0.000000 P99 : 0.000000 P100 : 0.000000 COUNT : 0 SUM : 0
rocksdb.async.read.bytes P50 : 0.000000 P95 : 0.000000 P99 : 0.000000 P100 : 0.000000 COUNT : 0 SUM : 0
rocksdb.poll.wait.micros P50 : 0.000000 P95 : 0.000000 P99 : 0.000000 P100 : 0.000000 COUNT : 0 SUM : 0
rocksdb.compaction.prefetch.bytes P50 : 0.000000 P95 : 0.000000 P99 : 0.000000 P100 : 0.000000 COUNT : 0 SUM : 0
rocksdb.prefetched.bytes.discarded P50 : 0.000000 P95 : 0.000000 P99 : 0.000000 P100 : 0.000000 COUNT : 0 SUM : 0
rocksdb.async.prefetch.abort.micros P50 : 0.000000 P95 : 0.000000 P99 : 0.000000 P100 : 0.000000 COUNT : 0 SUM : 0
rocksdb.table.open.prefetch.tail.read.bytes P50 : 0.000000 P95 : 0.000000 P99 : 0.000000 P100 : 0.000000 COUNT : 0 SUM : 0
rocksdb.num.op.per.transaction P50 : 0.000000 P95 : 0.000000 P99 : 0.000000 P100 : 0.000000 COUNT : 0 SUM : 0
rocksdb.multiscan.op.prepare.iterators.micros P50 : 0.000000 P95 : 0.000000 P99 : 0.000000 P100 : 0.000000 COUNT : 0 SUM : 0
rocksdb.multiscan.prepare.micros P50 : 0.000000 P95 : 0.000000 P99 : 0.000000 P100 : 0.000000 COUNT : 0 SUM : 0
rocksdb.multiscan.blocks.per.prepare P50 : 0.000000 P95 : 0.000000 P99 : 0.000000 P100 : 0.000000 COUNT : 0 SUM : 0
rocksdb.block.key.distribution.cv P50 : 0.000000 P95 : 0.000000 P99 : 0.000000 P100 : 0.000000 COUNT : 0 SUM : 0

[EXPERIMENT_COMPLETED]
