RocksDB:    version 11.3.0
Date:       Tue May 26 09:49:48 2026
CPU:        2 * Intel Xeon Processor (SapphireRapids)
CPUCache:   16384 KB
2026/05/26-09:49:49  ... thread 3: (33000,33000) ops and (32851.2,32851.2) ops/second in (1.004531,1.004531) seconds
2026/05/26-09:49:49  ... thread 2: (31000,31000) ops and (30860.8,30860.8) ops/second in (1.004509,1.004509) seconds
2026/05/26-09:49:49  ... thread 0: (34000,34000) ops and (33714.4,33714.4) ops/second in (1.008471,1.008471) seconds
2026/05/26-09:49:49  ... thread 1: (33000,33000) ops and (32441.1,32441.1) ops/second in (1.017227,1.017227) seconds
2026/05/26-09:49:50  ... thread 3: (32000,65000) ops and (31523.2,32183.7) ops/second in (1.015125,2.019656) seconds
2026/05/26-09:49:50  ... thread 1: (33000,66000) ops and (32853.9,32646.2) ops/second in (1.004447,2.021674) seconds
2026/05/26-09:49:50  ... thread 2: (36000,67000) ops and (35283.9,33089.6) ops/second in (1.020296,2.024805) seconds
2026/05/26-09:49:50  ... thread 0: (34000,68000) ops and (33137.9,33423.6) ops/second in (1.026017,2.034488) seconds
2026/05/26-09:49:51  ... thread 1: (33000,99000) ops and (32833.5,32708.4) ops/second in (1.005070,3.026744) seconds
2026/05/26-09:49:51  ... thread 2: (34000,101000) ops and (33680.8,33286.3) ops/second in (1.009477,3.034282) seconds
2026/05/26-09:49:51  ... thread 0: (36000,104000) ops and (35719.8,34184.3) ops/second in (1.007843,3.042331) seconds
2026/05/26-09:49:52  ... thread 3: (33000,98000) ops and (31669.4,32008.7) ops/second in (1.042015,3.061671) seconds
2026/05/26-09:49:53  ... thread 0: (10000,114000) ops and (8546.1,27062.6) ops/second in (1.170122,4.212453) seconds
2026/05/26-09:49:53  ... thread 1: (8000,107000) ops and (6740.8,25394.3) ops/second in (1.186804,4.213548) seconds
2026/05/26-09:49:53  ... thread 2: (10000,111000) ops and (8439.1,26308.0) ops/second in (1.184960,4.219242) seconds
2026/05/26-09:49:53  ... thread 3: (8000,106000) ops and (6889.4,25101.4) ops/second in (1.161197,4.222868) seconds
2026/05/26-09:49:54  ... thread 3: (31000,137000) ops and (17890.7,23003.5) ops/second in (1.732747,5.955615) seconds
2026/05/26-09:49:54  ... thread 0: (31000,145000) ops and (17726.1,24323.6) ops/second in (1.748833,5.961286) seconds
2026/05/26-09:49:54  ... thread 1: (30000,137000) ops and (17143.8,22973.3) ops/second in (1.749901,5.963449) seconds
2026/05/26-09:49:54  ... thread 2: (31000,142000) ops and (17717.3,23789.8) ops/second in (1.749703,5.968945) seconds
2026/05/26-09:49:56  ... thread 2: (30000,172000) ops and (26960.6,24288.0) ops/second in (1.112736,7.081681) seconds
2026/05/26-09:49:56  ... thread 0: (33000,178000) ops and (29248.2,25107.3) ops/second in (1.128276,7.089562) seconds
2026/05/26-09:49:56  ... thread 3: (31000,168000) ops and (27162.9,23672.4) ops/second in (1.141262,7.096877) seconds
2026/05/26-09:49:56  ... thread 1: (31000,168000) ops and (27259.1,23659.7) ops/second in (1.137233,7.100682) seconds
2026/05/26-09:49:58  ... thread 0: (16000,194000) ops and (7345.4,20932.7) ops/second in (2.178244,9.267806) seconds
2026/05/26-09:49:58  ... thread 3: (14000,182000) ops and (6442.3,19633.2) ops/second in (2.173132,9.270009) seconds
2026/05/26-09:49:58  ... thread 2: (16000,188000) ops and (7297.4,20271.2) ops/second in (2.192558,9.274239) seconds
2026/05/26-09:49:58  ... thread 1: (17000,185000) ops and (7802.8,19936.6) ops/second in (2.178719,9.279401) seconds
2026/05/26-09:50:00  ... thread 1: (29000,214000) ops and (14332.0,18933.3) ops/second in (2.023449,11.302850) seconds
2026/05/26-09:50:00  ... thread 2: (30000,218000) ops and (14764.3,19281.5) ops/second in (2.031928,11.306167) seconds
2026/05/26-09:50:00  ... thread 3: (32000,214000) ops and (15693.0,18922.8) ops/second in (2.039120,11.309129) seconds
2026/05/26-09:50:00  ... thread 0: (32000,226000) ops and (15597.0,19965.6) ops/second in (2.051675,11.319481) seconds
2026/05/26-09:50:02  ... thread 2: (30000,248000) ops and (15055.0,18648.2) ops/second in (1.992699,13.298866) seconds
2026/05/26-09:50:02  ... thread 1: (33000,247000) ops and (16464.7,18561.5) ops/second in (2.004287,13.307137) seconds
2026/05/26-09:50:02  ... thread 0: (32000,258000) ops and (16070.2,19382.8) ops/second in (1.991266,13.310747) seconds
2026/05/26-09:50:02  ... thread 3: (31000,245000) ops and (15300.2,18372.4) ops/second in (2.026116,13.335245) seconds
2026/05/26-09:50:03  ... thread 2: (23000,271000) ops and (22931.8,18948.6) ops/second in (1.002972,14.301838) seconds
2026/05/26-09:50:03  ... thread 1: (23000,270000) ops and (22893.0,18865.5) ops/second in (1.004672,14.311809) seconds
2026/05/26-09:50:03  ... thread 0: (24000,282000) ops and (23564.9,19680.1) ops/second in (1.018466,14.329213) seconds
2026/05/26-09:50:03  ... thread 3: (28000,273000) ops and (27291.1,19009.5) ops/second in (1.025977,14.361222) seconds
2026/05/26-09:50:05  ... thread 0: (6000,288000) ops and (2510.5,17225.8) ops/second in (2.389940,16.719153) seconds
2026/05/26-09:50:05  ... thread 2: (8000,279000) ops and (3304.5,16683.9) ops/second in (2.420914,16.722752) seconds
2026/05/26-09:50:05  ... thread 3: (5000,278000) ops and (2118.5,16625.4) ops/second in (2.360200,16.721422) seconds
2026/05/26-09:50:05  ... thread 1: (7000,277000) ops and (2896.3,16558.4) ops/second in (2.416844,16.728653) seconds
2026/05/26-09:50:07  ... thread 1: (32000,309000) ops and (16328.6,16534.3) ops/second in (1.959756,18.688409) seconds
2026/05/26-09:50:07  ... thread 3: (31000,309000) ops and (15702.7,16528.0) ops/second in (1.974178,18.695600) seconds
2026/05/26-09:50:07  ... thread 2: (31000,310000) ops and (15687.7,16578.6) ops/second in (1.976075,18.698827) seconds
2026/05/26-09:50:07  ... thread 0: (30000,318000) ops and (14977.6,16985.2) ops/second in (2.002988,18.722141) seconds
2026/05/26-09:50:08  ... thread 2: (21000,331000) ops and (20683.2,16790.0) ops/second in (1.015318,19.714145) seconds
2026/05/26-09:50:08  ... thread 1: (26000,335000) ops and (25194.8,16987.5) ops/second in (1.031957,19.720366) seconds
2026/05/26-09:50:08  ... thread 0: (29000,347000) ops and (28624.8,17582.8) ops/second in (1.013106,19.735247) seconds
2026/05/26-09:50:08  ... thread 3: (26000,335000) ops and (25003.4,16974.5) ops/second in (1.039858,19.735458) seconds
2026/05/26-09:50:09  ... thread 2: (14000,345000) ops and (13971.9,16653.7) ops/second in (1.002011,20.716156) seconds
2026/05/26-09:50:09  ... thread 1: (13000,348000) ops and (12961.3,16792.6) ops/second in (1.002987,20.723353) seconds
2026/05/26-09:50:09  ... thread 0: (12000,359000) ops and (11999.0,17313.4) ops/second in (1.000083,20.735330) seconds
2026/05/26-09:50:09  ... thread 3: (12000,347000) ops and (11877.4,16726.3) ops/second in (1.010318,20.745776) seconds
2026/05/26-09:50:10  ... thread 1: (26000,374000) ops and (25411.9,17198.2) ops/second in (1.023144,21.746497) seconds
2026/05/26-09:50:10  ... thread 3: (22000,369000) ops and (21459.7,16949.2) ops/second in (1.025179,21.770955) seconds
2026/05/26-09:50:10  ... thread 0: (25000,384000) ops and (23951.4,17631.6) ops/second in (1.043779,21.779109) seconds
2026/05/26-09:50:10  ... thread 2: (24000,369000) ops and (22482.2,16939.3) ops/second in (1.067509,21.783665) seconds
2026/05/26-09:50:12  ... thread 1: (14000,388000) ops and (6450.7,16222.9) ops/second in (2.170302,23.916799) seconds
2026/05/26-09:50:12  ... thread 0: (17000,401000) ops and (7902.2,16756.9) ops/second in (2.151292,23.930401) seconds
2026/05/26-09:50:12  ... thread 3: (16000,385000) ops and (7398.0,16086.1) ops/second in (2.162743,23.933698) seconds
2026/05/26-09:50:12  ... thread 2: (15000,384000) ops and (6913.8,16031.2) ops/second in (2.169586,23.953251) seconds
2026/05/26-09:50:13  ... thread 3: (29000,414000) ops and (28754.2,16598.3) ops/second in (1.008547,24.942245) seconds
2026/05/26-09:50:13  ... thread 0: (32000,433000) ops and (30754.1,17340.2) ops/second in (1.040511,24.970912) seconds
2026/05/26-09:50:13  ... thread 2: (31000,415000) ops and (30109.1,16611.4) ops/second in (1.029588,24.982839) seconds
2026/05/26-09:50:13  ... thread 1: (32000,420000) ops and (29943.5,16809.8) ops/second in (1.068680,24.985479) seconds
2026/05/26-09:50:15  ... thread 1: (30000,450000) ops and (16831.9,16811.2) ops/second in (1.782333,26.767812) seconds
2026/05/26-09:50:15  ... thread 3: (32000,446000) ops and (17413.5,16654.3) ops/second in (1.837654,26.779899) seconds
2026/05/26-09:50:15  ... thread 0: (30000,463000) ops and (16516.0,17284.3) ops/second in (1.816419,26.787331) seconds
2026/05/26-09:50:15  ... thread 2: (33000,448000) ops and (18297.4,16724.9) ops/second in (1.803533,26.786372) seconds
2026/05/26-09:50:17  ... thread 3: (33000,479000) ops and (16391.2,16635.9) ops/second in (2.013271,28.793170) seconds
2026/05/26-09:50:17  ... thread 0: (31000,494000) ops and (15386.1,17151.5) ops/second in (2.014803,28.802134) seconds
2026/05/26-09:50:17  ... thread 2: (30000,478000) ops and (14829.4,16591.8) ops/second in (2.023015,28.809387) seconds
2026/05/26-09:50:17  ... thread 1: (30000,480000) ops and (14697.8,16661.5) ops/second in (2.041115,28.808927) seconds
2026/05/26-09:50:20  ... thread 2: (29000,507000) ops and (11279.5,16156.6) ops/second in (2.571033,31.380420) seconds
2026/05/26-09:50:20  ... thread 3: (30000,509000) ops and (11542.5,16214.2) ops/second in (2.599098,31.392268) seconds
2026/05/26-09:50:20  ... thread 0: (34000,528000) ops and (13107.2,16817.4) ops/second in (2.593995,31.396129) seconds
2026/05/26-09:50:20  ... thread 1: (31000,511000) ops and (11925.9,16269.6) ops/second in (2.599391,31.408318) seconds
2026/05/26-09:50:21  ... thread 0: (33000,561000) ops and (22866.9,17083.2) ops/second in (1.443135,32.839264) seconds
2026/05/26-09:50:21  ... thread 3: (30000,539000) ops and (20631.6,16409.7) ops/second in (1.454081,32.846349) seconds
2026/05/26-09:50:21  ... thread 2: (34000,541000) ops and (23133.4,16468.7) ops/second in (1.469739,32.850159) seconds
2026/05/26-09:50:21  ... thread 1: (29000,540000) ops and (20038.0,16435.6) ops/second in (1.447252,32.855570) seconds
2026/05/26-09:50:24  ... thread 0: (30000,591000) ops and (13428.9,16850.4) ops/second in (2.233990,35.073254) seconds
2026/05/26-09:50:24  ... thread 2: (32000,573000) ops and (14286.0,16329.4) ops/second in (2.239957,35.090116) seconds
2026/05/26-09:50:24  ... thread 3: (31000,570000) ops and (13806.4,16243.2) ops/second in (2.245334,35.091683) seconds
2026/05/26-09:50:24  ... thread 1: (31000,571000) ops and (13868.2,16272.0) ops/second in (2.235330,35.090900) seconds
2026/05/26-09:50:25  ... thread 0: (31000,622000) ops and (30782.8,17239.3) ops/second in (1.007057,36.080311) seconds
2026/05/26-09:50:25  ... thread 1: (32000,603000) ops and (16956.9,16307.0) ops/second in (1.887133,36.978033) seconds
2026/05/26-09:50:25  ... thread 3: (32000,602000) ops and (16909.4,16277.3) ops/second in (1.892435,36.984118) seconds
2026/05/26-09:50:25  ... thread 2: (28000,601000) ops and (14764.4,16249.1) ops/second in (1.896453,36.986569) seconds
2026/05/26-09:50:26  ... thread 0: (3000,625000) ops and (2890.6,16838.1) ops/second in (1.037855,37.118166) seconds
2026/05/26-09:50:27  ... thread 1: (31000,634000) ops and (16032.8,16293.4) ops/second in (1.933539,38.911572) seconds
2026/05/26-09:50:27  ... thread 3: (34000,636000) ops and (17543.2,16340.3) ops/second in (1.938076,38.922194) seconds
2026/05/26-09:50:27  ... thread 0: (27000,652000) ops and (14960.0,16751.0) ops/second in (1.804816,38.922982) seconds
2026/05/26-09:50:27  ... thread 2: (30000,631000) ops and (15409.1,16207.1) ops/second in (1.946898,38.933467) seconds
2026/05/26-09:50:28  ... thread 3: (30000,666000) ops and (27396.9,16642.8) ops/second in (1.095013,40.017207) seconds
2026/05/26-09:50:28  ... thread 0: (32000,684000) ops and (29229.6,17092.4) ops/second in (1.094782,40.017764) seconds
2026/05/26-09:50:28  ... thread 2: (32000,663000) ops and (29528.0,16567.9) ops/second in (1.083717,40.017184) seconds
2026/05/26-09:50:28  ... thread 1: (31000,665000) ops and (27932.3,16616.1) ops/second in (1.109828,40.021400) seconds
2026/05/26-09:50:30  ... thread 1: (32000,697000) ops and (18292.9,16686.3) ops/second in (1.749309,41.770709) seconds
2026/05/26-09:50:30  ... thread 3: (31000,697000) ops and (17519.3,16680.0) ops/second in (1.769475,41.786682) seconds
2026/05/26-09:50:30  ... thread 0: (30000,714000) ops and (16942.5,17086.1) ops/second in (1.770694,41.788458) seconds
2026/05/26-09:50:30  ... thread 2: (31000,694000) ops and (17277.3,16598.3) ops/second in (1.794257,41.811441) seconds
2026/05/26-09:50:31  ... thread 3: (14000,711000) ops and (12858.8,16582.9) ops/second in (1.088751,42.875433) seconds
2026/05/26-09:50:31  ... thread 1: (17000,714000) ops and (15159.5,16646.4) ops/second in (1.121406,42.892115) seconds
2026/05/26-09:50:31  ... thread 2: (16000,710000) ops and (14764.2,16552.0) ops/second in (1.083701,42.895142) seconds
2026/05/26-09:50:31  ... thread 0: (15000,729000) ops and (13135.5,16981.0) ops/second in (1.141947,42.930405) seconds
2026/05/26-09:50:32  ... thread 3: (35000,746000) ops and (34035.7,16991.7) ops/second in (1.028331,43.903764) seconds
2026/05/26-09:50:32  ... thread 2: (30000,740000) ops and (29560.3,16852.6) ops/second in (1.014876,43.910018) seconds
2026/05/26-09:50:32  ... thread 1: (33000,747000) ops and (32114.4,17008.3) ops/second in (1.027575,43.919690) seconds
2026/05/26-09:50:32  ... thread 0: (35000,764000) ops and (34719.5,17387.9) ops/second in (1.008078,43.938483) seconds
2026/05/26-09:50:33  ... thread 3: (32000,778000) ops and (31908.3,17324.8) ops/second in (1.002874,44.906638) seconds
2026/05/26-09:50:33  ... thread 2: (33000,773000) ops and (32604.6,17207.5) ops/second in (1.012126,44.922144) seconds
2026/05/26-09:50:33  ... thread 1: (34000,781000) ops and (33918.5,17385.7) ops/second in (1.002404,44.922094) seconds
2026/05/26-09:50:33  ... thread 0: (34000,798000) ops and (33595.9,17752.9) ops/second in (1.012027,44.950510) seconds
2026/05/26-09:50:35  ... thread 2: (27000,800000) ops and (22118.4,17337.5) ops/second in (1.220704,46.142848) seconds
2026/05/26-09:50:35  ... thread 3: (29000,807000) ops and (19257.5,17387.5) ops/second in (1.505903,46.412541) seconds
2026/05/26-09:50:35  ... thread 1: (26000,807000) ops and (17078.6,17375.6) ops/second in (1.522374,46.444468) seconds
2026/05/26-09:50:35  ... thread 0: (26000,824000) ops and (14277.2,17617.5) ops/second in (1.821087,46.771597) seconds
2026/05/26-09:50:36  ... thread 2: (2000,802000) ops and (1505.5,16894.4) ops/second in (1.328482,47.471330) seconds
2026/05/26-09:50:36  ... thread 3: (3000,810000) ops and (2083.0,16926.9) ops/second in (1.440245,47.852786) seconds
2026/05/26-09:50:37  ... thread 1: (2000,809000) ops and (1073.8,16747.0) ops/second in (1.862575,48.307043) seconds
2026/05/26-09:50:37  ... thread 0: (2000,826000) ops and (1248.7,17075.6) ops/second in (1.601620,48.373217) seconds
2026/05/26-09:50:37  ... thread 2: (6000,808000) ops and (5904.0,16664.1) ops/second in (1.016252,48.487582) seconds
2026/05/26-09:50:37  ... thread 3: (18000,828000) ops and (17474.5,16938.5) ops/second in (1.030074,48.882860) seconds
2026/05/26-09:50:39  ... thread 3: (8000,836000) ops and (4941.4,16553.8) ops/second in (1.618989,50.501849) seconds
2026/05/26-09:50:39  ... thread 2: (26000,834000) ops and (12892.9,16513.5) ops/second in (2.016617,50.504199) seconds
2026/05/26-09:50:39  ... thread 1: (27000,836000) ops and (12263.8,16551.6) ops/second in (2.201600,50.508643) seconds
2026/05/26-09:50:39  ... thread 0: (30000,856000) ops and (13852.2,16937.4) ops/second in (2.165721,50.538938) seconds
2026/05/26-09:50:42  ... thread 0: (32000,888000) ops and (11780.7,16674.4) ops/second in (2.716305,53.255243) seconds
2026/05/26-09:50:42  ... thread 2: (31000,865000) ops and (11157.5,16234.2) ops/second in (2.778404,53.282603) seconds
2026/05/26-09:50:42  ... thread 3: (31000,867000) ops and (11136.7,16270.9) ops/second in (2.783601,53.285450) seconds
2026/05/26-09:50:42  ... thread 1: (31000,867000) ops and (11123.3,16267.8) ops/second in (2.786938,53.295581) seconds
2026/05/26-09:50:43  ... thread 0: (33000,921000) ops and (32327.9,16968.8) ops/second in (1.020791,54.276034) seconds
2026/05/26-09:50:43  ... thread 3: (28000,895000) ops and (27858.6,16485.4) ops/second in (1.005074,54.290524) seconds
2026/05/26-09:50:43  ... thread 2: (35000,900000) ops and (34019.7,16571.1) ops/second in (1.028815,54.311418) seconds
2026/05/26-09:50:43  ... thread 1: (30000,897000) ops and (29072.1,16511.0) ops/second in (1.031917,54.327498) seconds
2026/05/26-09:50:44  ... thread 1: (31000,928000) ops and (23822.0,16682.0) ops/second in (1.301320,55.628818) seconds
2026/05/26-09:50:44  ... thread 2: (26000,926000) ops and (19005.2,16630.9) ops/second in (1.368046,55.679464) seconds
2026/05/26-09:50:44  ... thread 3: (32000,927000) ops and (22299.3,16635.1) ops/second in (1.435022,55.725546) seconds
2026/05/26-09:50:45  ... thread 0: (33000,954000) ops and (16843.8,16964.5) ops/second in (1.959173,56.235207) seconds
2026/05/26-09:50:45  ... thread 1: (3000,931000) ops and (2737.2,16412.6) ops/second in (1.096000,56.724818) seconds
2026/05/26-09:50:45  ... thread 3: (3000,930000) ops and (2548.4,16343.7) ops/second in (1.177211,56.902757) seconds
2026/05/26-09:50:46  ... thread 2: (2000,928000) ops and (1439.3,16261.0) ops/second in (1.389550,57.069014) seconds
2026/05/26-09:50:46  ... thread 0: (3000,957000) ops and (1918.5,16557.4) ops/second in (1.563755,57.798962) seconds
2026/05/26-09:50:46  ... thread 1: (2000,933000) ops and (1867.5,16143.1) ops/second in (1.070925,57.795743) seconds
2026/05/26-09:50:46  ... thread 3: (9000,939000) ops and (8928.1,16214.6) ops/second in (1.008049,57.910806) seconds
2026/05/26-09:50:47  ... thread 2: (10000,938000) ops and (9882.6,16149.9) ops/second in (1.011883,58.080897) seconds
2026/05/26-09:50:47  ... thread 1: (30000,963000) ops and (29875.5,16377.6) ops/second in (1.004167,58.799910) seconds
2026/05/26-09:50:47  ... thread 0: (34000,991000) ops and (33753.0,16851.9) ops/second in (1.007319,58.806281) seconds
2026/05/26-09:50:47  ... thread 3: (34000,973000) ops and (33345.5,16511.0) ops/second in (1.019628,58.930434) seconds
2026/05/26-09:50:48  ... thread 2: (33000,971000) ops and (32363.7,16429.6) ops/second in (1.019662,59.100559) seconds
2026/05/26-09:50:49  ... thread 1: (25000,988000) ops and (18389.8,16423.0) ops/second in (1.359451,60.159361) seconds
2026/05/26-09:50:49  ... thread 0: (26000,1017000) ops and (16285.1,16837.0) ops/second in (1.596547,60.402828) seconds
2026/05/26-09:50:49  ... thread 3: (21000,994000) ops and (13400.4,16430.4) ops/second in (1.567122,60.497556) seconds
2026/05/26-09:50:50  ... thread 2: (18000,989000) ops and (9095.6,16192.0) ops/second in (1.978976,61.079535) seconds
2026/05/26-09:50:50  ... thread 1: (2000,990000) ops and (1301.6,16046.4) ops/second in (1.536576,61.695937) seconds
2026/05/26-09:50:50  ... thread 0: (3000,1020000) ops and (2293.5,16528.7) ops/second in (1.308053,61.710881) seconds
2026/05/26-09:50:50  ... thread 3: (3000,997000) ops and (2454.7,16153.7) ops/second in (1.222169,61.719725) seconds
2026/05/26-09:50:51  ... thread 2: (15000,1004000) ops and (14706.9,16167.6) ops/second in (1.019926,62.099461) seconds
2026/05/26-09:50:51  ... thread 1: (34000,1024000) ops and (33610.3,16329.8) ops/second in (1.011596,62.707533) seconds
2026/05/26-09:50:51  ... thread 0: (32000,1052000) ops and (31569.5,16771.8) ops/second in (1.013638,62.724519) seconds
2026/05/26-09:50:51  ... thread 3: (33000,1030000) ops and (32637.8,16419.4) ops/second in (1.011098,62.730823) seconds
2026/05/26-09:50:52  ... thread 2: (30000,1034000) ops and (21101.9,16278.0) ops/second in (1.421675,63.521136) seconds
2026/05/26-09:50:52  ... thread 3: (12000,1042000) ops and (10556.5,16315.0) ops/second in (1.136744,63.867567) seconds
2026/05/26-09:50:53  ... thread 1: (11000,1035000) ops and (7250.2,16115.3) ops/second in (1.517194,64.224727) seconds
2026/05/26-09:50:53  ... thread 0: (13000,1065000) ops and (7945.3,16547.4) ops/second in (1.636180,64.360699) seconds
2026/05/26-09:50:53  ... thread 2: (2000,1036000) ops and (1666.3,16007.1) ops/second in (1.200295,64.721431) seconds
2026/05/26-09:50:53  ... thread 3: (1000,1043000) ops and (893.7,16049.5) ops/second in (1.118961,64.986528) seconds
2026/05/26-09:50:54  ... thread 1: (2000,1037000) ops and (1384.6,15791.3) ops/second in (1.444495,65.669222) seconds
2026/05/26-09:50:54  ... thread 0: (2000,1067000) ops and (1460.6,16233.1) ops/second in (1.369292,65.729991) seconds
2026/05/26-09:50:54  ... thread 2: (4000,1040000) ops and (3775.6,15810.1) ops/second in (1.059432,65.780863) seconds
2026/05/26-09:50:54  ... thread 3: (10000,1053000) ops and (9958.8,15956.8) ops/second in (1.004137,65.990665) seconds
2026/05/26-09:50:55  ... thread 1: (32000,1069000) ops and (31470.0,16030.3) ops/second in (1.016843,66.686065) seconds
2026/05/26-09:50:55  ... thread 0: (36000,1103000) ops and (34807.8,16520.8) ops/second in (1.034251,66.764242) seconds
2026/05/26-09:50:55  ... thread 2: (34000,1074000) ops and (33933.4,16082.0) ops/second in (1.001963,66.782826) seconds
2026/05/26-09:50:56  ... thread 3: (31000,1084000) ops and (22488.0,16090.4) ops/second in (1.378512,67.369177) seconds
2026/05/26-09:50:56  ... thread 2: (7000,1081000) ops and (6879.1,15943.9) ops/second in (1.017575,67.800401) seconds
2026/05/26-09:50:56  ... thread 0: (6000,1109000) ops and (5738.8,16354.6) ops/second in (1.045516,67.809758) seconds
2026/05/26-09:50:57  ... thread 1: (13000,1082000) ops and (8693.7,15869.4) ops/second in (1.495342,68.181407) seconds
2026/05/26-09:50:57  ... thread 0: (2000,1111000) ops and (1830.6,16124.3) ops/second in (1.092523,68.902281) seconds
2026/05/26-09:50:57  ... thread 2: (2000,1083000) ops and (1713.0,15702.9) ops/second in (1.167546,68.967947) seconds
2026/05/26-09:50:58  ... thread 1: (2000,1084000) ops and (1266.7,15538.9) ops/second in (1.578847,69.760254) seconds
2026/05/26-09:50:58  ... thread 3: (3000,1087000) ops and (1132.8,15524.7) ops/second in (2.648242,70.017419) seconds
2026/05/26-09:50:59  ... thread 0: (2000,1113000) ops and (1693.9,15881.2) ops/second in (1.180705,70.082986) seconds
2026/05/26-09:50:59  ... thread 2: (2000,1085000) ops and (1785.6,15480.5) ops/second in (1.120103,70.088050) seconds
2026/05/26-09:50:59  ... thread 1: (29000,1113000) ops and (28269.3,15723.4) ops/second in (1.025847,70.786101) seconds
2026/05/26-09:50:59  ... thread 3: (30000,1117000) ops and (29415.1,15724.1) ops/second in (1.019883,71.037302) seconds
2026/05/26-09:51:00  ... thread 2: (32000,1117000) ops and (31814.1,15711.6) ops/second in (1.005843,71.093893) seconds
2026/05/26-09:51:00  ... thread 0: (31000,1144000) ops and (30183.0,16087.7) ops/second in (1.027067,71.110053) seconds
2026/05/26-09:51:00  ... thread 1: (17000,1130000) ops and (16466.0,15734.1) ops/second in (1.032431,71.818532) seconds
2026/05/26-09:51:01  ... thread 3: (13000,1130000) ops and (12339.7,15674.7) ops/second in (1.053507,72.090809) seconds
2026/05/26-09:51:01  ... thread 2: (12000,1129000) ops and (8976.8,15587.3) ops/second in (1.336776,72.430669) seconds
2026/05/26-09:51:02  ... thread 1: (2000,1132000) ops and (1402.6,15455.1) ops/second in (1.425890,73.244422) seconds
2026/05/26-09:51:02  ... thread 0: (11000,1155000) ops and (4834.9,15738.9) ops/second in (2.275136,73.385189) seconds
2026/05/26-09:51:02  ... thread 2: (2000,1131000) ops and (1826.9,15382.4) ops/second in (1.094751,73.525420) seconds
2026/05/26-09:51:02  ... thread 3: (2000,1132000) ops and (1289.7,15371.8) ops/second in (1.550745,73.641554) seconds
2026/05/26-09:51:03  ... thread 1: (1000,1133000) ops and (963.4,15252.6) ops/second in (1.037987,74.282409) seconds
2026/05/26-09:51:03  ... thread 0: (1000,1156000) ops and (779.5,15481.9) ops/second in (1.282875,74.668064) seconds
2026/05/26-09:51:03  ... thread 2: (2000,1133000) ops and (1322.3,15099.0) ops/second in (1.512566,75.037986) seconds
2026/05/26-09:51:04  ... thread 1: (2000,1135000) ops and (1824.1,15057.3) ops/second in (1.096409,75.378818) seconds
2026/05/26-09:51:04  ... thread 3: (2000,1134000) ops and (1016.5,14998.2) ops/second in (1.967452,75.609006) seconds
2026/05/26-09:51:05  ... thread 0: (2000,1158000) ops and (1401.8,15217.9) ops/second in (1.426719,76.094783) seconds
2026/05/26-09:51:05  ... thread 2: (1000,1134000) ops and (573.9,14769.4) ops/second in (1.742393,76.780379) seconds
2026/05/26-09:51:05  ... thread 1: (2000,1137000) ops and (1206.8,14759.3) ops/second in (1.657250,77.036068) seconds
2026/05/26-09:51:06  ... thread 3: (2000,1136000) ops and (1162.7,14690.4) ops/second in (1.720154,77.329160) seconds
2026/05/26-09:51:06  ... thread 0: (2000,1160000) ops and (1338.9,14950.7) ops/second in (1.493757,77.588540) seconds
2026/05/26-09:51:07  ... thread 2: (1000,1135000) ops and (710.2,14516.2) ops/second in (1.408089,78.188468) seconds
2026/05/26-09:51:07  ... thread 1: (2000,1139000) ops and (1578.9,14546.1) ops/second in (1.266741,78.302809) seconds
2026/05/26-09:51:07  ... thread 0: (1000,1161000) ops and (916.9,14756.1) ops/second in (1.090680,78.679220) seconds
2026/05/26-09:51:07  ... thread 3: (2000,1138000) ops and (1322.5,14434.0) ops/second in (1.512302,78.841462) seconds
2026/05/26-09:51:08  ... thread 1: (2000,1141000) ops and (1418.6,14313.9) ops/second in (1.409834,79.712643) seconds
2026/05/26-09:51:09  ... thread 0: (2000,1163000) ops and (1263.5,14490.0) ops/second in (1.582861,80.262081) seconds
2026/05/26-09:51:09  ... thread 2: (2000,1137000) ops and (943.3,14157.9) ops/second in (2.120169,80.308637) seconds
2026/05/26-09:51:09  ... thread 3: (2000,1140000) ops and (1216.0,14163.9) ops/second in (1.644779,80.486241) seconds
2026/05/26-09:51:09  ... thread 1: (1000,1142000) ops and (903.3,14130.2) ops/second in (1.107097,80.819740) seconds
2026/05/26-09:51:10  ... thread 2: (1000,1138000) ops and (806.7,13954.9) ops/second in (1.239603,81.548240) seconds
2026/05/26-09:51:10  ... thread 3: (2000,1142000) ops and (1662.8,13979.8) ops/second in (1.202824,81.689065) seconds
2026/05/26-09:51:11  ... thread 1: (1000,1143000) ops and (808.9,13929.5) ops/second in (1.236175,82.055915) seconds
2026/05/26-09:51:11  ... thread 0: (2000,1165000) ops and (952.9,14145.0) ops/second in (2.098938,82.361019) seconds
2026/05/26-09:51:11  ... thread 2: (2000,1140000) ops and (1348.3,13729.7) ops/second in (1.483321,83.031561) seconds
2026/05/26-09:51:12  ... thread 1: (2000,1145000) ops and (1243.8,13685.7) ops/second in (1.607938,83.663853) seconds
2026/05/26-09:51:12  ... thread 3: (2000,1144000) ops and (988.2,13665.7) ops/second in (2.023932,83.712997) seconds
2026/05/26-09:51:13  ... thread 0: (2000,1167000) ops and (1004.3,13834.8) ops/second in (1.991355,84.352374) seconds
2026/05/26-09:51:13  ... thread 2: (2000,1142000) ops and (1197.7,13482.7) ops/second in (1.669823,84.701384) seconds
2026/05/26-09:51:14  ... thread 3: (2000,1146000) ops and (1332.3,13448.5) ops/second in (1.501145,85.214142) seconds
2026/05/26-09:51:14  ... thread 1: (2000,1147000) ops and (1203.9,13442.7) ops/second in (1.661319,85.325172) seconds
2026/05/26-09:51:14  ... thread 0: (2000,1169000) ops and (1586.6,13654.5) ops/second in (1.260523,85.612897) seconds
2026/05/26-09:51:15  ... thread 2: (1000,1143000) ops and (684.3,13265.6) ops/second in (1.461453,86.162837) seconds
2026/05/26-09:51:15  ... thread 0: (1000,1170000) ops and (915.8,13494.1) ops/second in (1.091931,86.704828) seconds
2026/05/26-09:51:15  ... thread 3: (1000,1147000) ops and (669.2,13228.2) ops/second in (1.494357,86.708499) seconds
2026/05/26-09:51:16  ... thread 1: (2000,1149000) ops and (804.2,13084.8) ops/second in (2.486930,87.812102) seconds
2026/05/26-09:51:17  ... thread 2: (1000,1144000) ops and (470.5,12957.6) ops/second in (2.125450,88.288287) seconds
2026/05/26-09:51:17  ... thread 0: (2000,1172000) ops and (1209.0,13264.1) ops/second in (1.654308,88.359136) seconds
2026/05/26-09:51:17  ... thread 3: (2000,1149000) ops and (1044.0,12964.8) ops/second in (1.915770,88.624269) seconds
2026/05/26-09:51:17  ... thread 1: (1000,1150000) ops and (900.0,12932.5) ops/second in (1.111151,88.923253) seconds
2026/05/26-09:51:18  ... thread 2: (1000,1145000) ops and (651.3,12747.2) ops/second in (1.535391,89.823678) seconds
2026/05/26-09:51:18  ... thread 0: (1000,1173000) ops and (606.4,13032.2) ops/second in (1.648998,90.008134) seconds
2026/05/26-09:51:18  ... thread 3: (1000,1150000) ops and (722.6,12776.6) ops/second in (1.383941,90.008210) seconds
2026/05/26-09:51:19  ... thread 1: (1000,1151000) ops and (868.7,12778.3) ops/second in (1.151150,90.074403) seconds
2026/05/26-09:51:19  ... thread 2: (26000,1171000) ops and (25746.1,12891.7) ops/second in (1.009862,90.833540) seconds
2026/05/26-09:51:20  ... thread 3: (29000,1179000) ops and (17441.0,12861.2) ops/second in (1.662752,91.670962) seconds
2026/05/26-09:51:20  ... thread 1: (26000,1177000) ops and (16316.3,12839.8) ops/second in (1.593502,91.667905) seconds
2026/05/26-09:51:20  ... thread 0: (28000,1201000) ops and (16659.0,13098.6) ops/second in (1.680778,91.688912) seconds
2026/05/26-09:51:20  ... thread 2: (11000,1182000) ops and (10804.7,12868.6) ops/second in (1.018075,91.851615) seconds
2026/05/26-09:51:21  ... thread 1: (16000,1193000) ops and (15291.6,12867.5) ops/second in (1.046324,92.714229) seconds
2026/05/26-09:51:21  ... thread 0: (14000,1215000) ops and (13446.2,13102.5) ops/second in (1.041188,92.730100) seconds
2026/05/26-09:51:21  ... thread 3: (17000,1196000) ops and (15987.6,12897.1) ops/second in (1.063321,92.734283) seconds
2026/05/26-09:51:21  ... thread 2: (14000,1196000) ops and (13821.0,12879.0) ops/second in (1.012953,92.864568) seconds
2026/05/26-09:51:22  ... thread 1: (27000,1220000) ops and (26088.7,13013.5) ops/second in (1.034929,93.749158) seconds
2026/05/26-09:51:22  ... thread 0: (19000,1234000) ops and (18555.3,13162.1) ops/second in (1.023965,93.754065) seconds
2026/05/26-09:51:22  ... thread 3: (22000,1218000) ops and (21401.4,12990.3) ops/second in (1.027970,93.762253) seconds
2026/05/26-09:51:22  ... thread 2: (24000,1220000) ops and (23824.7,12996.4) ops/second in (1.007356,93.871924) seconds
2026/05/26-09:51:23  ... thread 1: (13000,1233000) ops and (12315.4,13005.7) ops/second in (1.055589,94.804747) seconds
2026/05/26-09:51:23  ... thread 0: (13000,1247000) ops and (12118.8,13150.3) ops/second in (1.072717,94.826782) seconds
2026/05/26-09:51:23  ... thread 3: (11000,1229000) ops and (10067.5,12956.6) ops/second in (1.092621,94.854874) seconds
2026/05/26-09:51:23  ... thread 2: (11000,1231000) ops and (10889.6,12974.0) ops/second in (1.010134,94.882058) seconds
2026/05/26-09:51:25  ... thread 1: (14000,1247000) ops and (7369.2,12894.9) ops/second in (1.899791,96.704538) seconds
2026/05/26-09:51:25  ... thread 2: (11000,1242000) ops and (6009.8,12842.2) ops/second in (1.830353,96.712411) seconds
2026/05/26-09:51:25  ... thread 3: (12000,1241000) ops and (6449.1,12831.4) ops/second in (1.860715,96.715589) seconds
Initializing RocksDB Options from the specified file
Initializing RocksDB Options from command-line flags
Integrated BlobDB: blob cache disabled
Keys:       16 bytes each (+ 0 bytes user-defined timestamp)
Values:     1024 bytes each (512 bytes after compression)
Entries:    1250000
Prefix:    0 bytes
Keys per prefix:    0
RawSize:    1239.8 MB (estimated)
FileSize:   629.4 MB (estimated)
Write rate: 0 bytes/second
Read rate: 0 ops/second
Compression: Snappy
Compression sampling rate: 0
Memtablerep: SkipListFactory
Perf Level: 1
WARNING: Assertions are enabled; benchmarks unnecessarily slow
------------------------------------------------
Initializing RocksDB Options from the specified file
Initializing RocksDB Options from command-line flags
Integrated BlobDB: blob cache disabled
DB path: [/tmp/rocksdb_comp_exp_db]
fillrandom   :      77.077 micros/op 51629 ops/sec 96.843 seconds 5000000 operations;   51.2 MB/s
2026/05/26-09:51:43  ... thread 3: (1000,1000) ops and (55.0,55.0) ops/second in (18.168409,18.168409) seconds
2026/05/26-09:51:43  ... thread 1: (1000,1000) ops and (55.0,55.0) ops/second in (18.178455,18.178455) seconds
2026/05/26-09:51:44  ... thread 0: (1000,1000) ops and (54.5,54.5) ops/second in (18.342702,18.342702) seconds
2026/05/26-09:51:44  ... thread 2: (1000,1000) ops and (54.4,54.4) ops/second in (18.372363,18.372363) seconds
2026/05/26-09:51:50  ... thread 1: (1000,2000) ops and (151.2,80.7) ops/second in (6.615356,24.793811) seconds
2026/05/26-09:51:50  ... thread 3: (1000,2000) ops and (149.1,80.4) ops/second in (6.706823,24.875232) seconds
2026/05/26-09:51:50  ... thread 0: (1000,2000) ops and (151.0,80.1) ops/second in (6.621144,24.963846) seconds
2026/05/26-09:51:51  ... thread 2: (1000,2000) ops and (143.4,78.9) ops/second in (6.972456,25.344819) seconds
2026/05/26-09:51:58  ... thread 1: (1000,3000) ops and (133.1,92.9) ops/second in (7.510338,32.304149) seconds
2026/05/26-09:51:58  ... thread 3: (1000,3000) ops and (134.0,92.8) ops/second in (7.463730,32.338962) seconds
2026/05/26-09:51:58  ... thread 0: (1000,3000) ops and (135.6,92.8) ops/second in (7.377271,32.341117) seconds
2026/05/26-09:51:58  ... thread 2: (1000,3000) ops and (138.6,92.1) ops/second in (7.217252,32.562071) seconds
2026/05/26-09:52:02  ... thread 1: (1000,4000) ops and (226.3,108.9) ops/second in (4.418657,36.722806) seconds
2026/05/26-09:52:02  ... thread 2: (1000,4000) ops and (234.8,108.6) ops/second in (4.259480,36.821551) seconds
2026/05/26-09:52:02  ... thread 0: (1000,4000) ops and (221.5,108.5) ops/second in (4.514348,36.855465) seconds
2026/05/26-09:52:02  ... thread 3: (1000,4000) ops and (219.6,108.4) ops/second in (4.553807,36.892769) seconds
2026/05/26-09:52:07  ... thread 1: (1000,5000) ops and (215.8,120.9) ops/second in (4.634268,41.357074) seconds
2026/05/26-09:52:07  ... thread 0: (1000,5000) ops and (208.9,120.1) ops/second in (4.787552,41.643017) seconds
2026/05/26-09:52:07  ... thread 2: (1000,5000) ops and (206.8,120.0) ops/second in (4.835160,41.656711) seconds
2026/05/26-09:52:07  ... thread 3: (1000,5000) ops and (200.3,119.4) ops/second in (4.993378,41.886147) seconds
2026/05/26-09:52:14  ... thread 1: (1000,6000) ops and (128.6,122.1) ops/second in (7.778537,49.135611) seconds
2026/05/26-09:52:14  ... thread 2: (1000,6000) ops and (133.5,122.1) ops/second in (7.492995,49.149706) seconds
2026/05/26-09:52:15  ... thread 3: (1000,6000) ops and (136.4,121.9) ops/second in (7.329045,49.215192) seconds
2026/05/26-09:52:15  ... thread 0: (1000,6000) ops and (131.8,121.9) ops/second in (7.585120,49.228137) seconds
2026/05/26-09:52:16  ... thread 1: (1000,7000) ops and (811.0,139.0) ops/second in (1.233043,50.368654) seconds
2026/05/26-09:52:16  ... thread 2: (1000,7000) ops and (803.6,138.9) ops/second in (1.244394,50.394100) seconds
2026/05/26-09:52:16  ... thread 3: (1000,7000) ops and (834.5,138.9) ops/second in (1.198252,50.413444) seconds
2026/05/26-09:52:16  ... thread 0: (1000,7000) ops and (839.2,138.8) ops/second in (1.191645,50.419782) seconds
2026/05/26-09:52:17  ... thread 1: (1000,8000) ops and (657.0,154.2) ops/second in (1.522044,51.890698) seconds
2026/05/26-09:52:17  ... thread 2: (1000,8000) ops and (654.1,154.1) ops/second in (1.528717,51.922817) seconds
2026/05/26-09:52:17  ... thread 0: (1000,8000) ops and (643.8,153.9) ops/second in (1.553330,51.973112) seconds
2026/05/26-09:52:17  ... thread 3: (1000,8000) ops and (636.4,153.9) ops/second in (1.571221,51.984665) seconds
2026/05/26-09:52:19  ... thread 1: (3000,11000) ops and (2148.8,206.4) ops/second in (1.396145,53.286843) seconds
2026/05/26-09:52:19  ... thread 3: (3000,11000) ops and (2270.0,206.4) ops/second in (1.321567,53.306232) seconds
2026/05/26-09:52:19  ... thread 2: (3000,11000) ops and (2112.0,206.2) ops/second in (1.420470,53.343287) seconds
2026/05/26-09:52:19  ... thread 0: (3000,11000) ops and (2173.4,206.2) ops/second in (1.380311,53.353423) seconds
2026/05/26-09:52:20  ... thread 1: (3000,14000) ops and (2502.7,256.9) ops/second in (1.198722,54.485565) seconds
2026/05/26-09:52:20  ... thread 3: (3000,14000) ops and (2413.9,256.6) ops/second in (1.242811,54.549043) seconds
2026/05/26-09:52:20  ... thread 0: (3000,14000) ops and (2441.7,256.5) ops/second in (1.228642,54.582065) seconds
2026/05/26-09:52:20  ... thread 2: (3000,14000) ops and (2394.8,256.4) ops/second in (1.252713,54.596000) seconds
2026/05/26-09:52:21  ... thread 1: (3000,17000) ops and (2624.2,305.6) ops/second in (1.143189,55.628754) seconds
2026/05/26-09:52:21  ... thread 0: (3000,17000) ops and (2758.7,305.4) ops/second in (1.087482,55.669547) seconds
2026/05/26-09:52:21  ... thread 3: (3000,17000) ops and (2633.5,305.3) ops/second in (1.139149,55.688192) seconds
2026/05/26-09:52:21  ... thread 2: (3000,17000) ops and (2714.3,305.2) ops/second in (1.105242,55.701242) seconds
2026/05/26-09:52:22  ... thread 1: (3000,20000) ops and (2732.0,352.6) ops/second in (1.098096,56.726850) seconds
2026/05/26-09:52:22  ... thread 2: (3000,20000) ops and (2746.4,352.2) ops/second in (1.092344,56.793586) seconds
2026/05/26-09:52:22  ... thread 3: (3000,20000) ops and (2705.3,352.1) ops/second in (1.108930,56.797122) seconds
2026/05/26-09:52:22  ... thread 0: (3000,20000) ops and (2637.8,352.1) ops/second in (1.137308,56.806855) seconds
2026/05/26-09:52:23  ... thread 1: (3000,23000) ops and (2840.6,398.0) ops/second in (1.056128,57.782978) seconds
2026/05/26-09:52:23  ... thread 2: (3000,23000) ops and (2932.2,397.8) ops/second in (1.023140,57.816726) seconds
2026/05/26-09:52:23  ... thread 0: (3000,23000) ops and (2947.8,397.8) ops/second in (1.017724,57.824579) seconds
2026/05/26-09:52:23  ... thread 3: (4000,24000) ops and (3091.7,413.1) ops/second in (1.293783,58.090905) seconds
2026/05/26-09:52:24  ... thread 0: (4000,27000) ops and (3394.4,457.6) ops/second in (1.178419,59.002998) seconds
2026/05/26-09:52:24  ... thread 1: (4000,27000) ops and (3203.6,457.4) ops/second in (1.248609,59.031587) seconds
2026/05/26-09:52:24  ... thread 2: (4000,27000) ops and (3099.7,456.8) ops/second in (1.290459,59.107185) seconds
2026/05/26-09:52:25  ... thread 3: (4000,28000) ops and (3205.8,471.9) ops/second in (1.247728,59.338633) seconds
2026/05/26-09:52:25  ... thread 1: (4000,31000) ops and (3644.4,515.6) ops/second in (1.097588,60.129175) seconds
2026/05/26-09:52:25  ... thread 0: (4000,31000) ops and (3524.0,515.5) ops/second in (1.135082,60.138080) seconds
2026/05/26-09:52:26  ... thread 2: (4000,31000) ops and (3454.3,514.4) ops/second in (1.157983,60.265168) seconds
2026/05/26-09:52:26  ... thread 3: (4000,32000) ops and (3763.4,529.8) ops/second in (1.062873,60.401506) seconds
2026/05/26-09:52:26  ... thread 1: (4000,35000) ops and (3856.2,572.2) ops/second in (1.037297,61.166472) seconds
2026/05/26-09:52:27  ... thread 2: (4000,35000) ops and (3928.6,571.1) ops/second in (1.018165,61.283333) seconds
2026/05/26-09:52:27  ... thread 0: (5000,36000) ops and (4116.0,586.8) ops/second in (1.214786,61.352866) seconds
2026/05/26-09:52:27  ... thread 3: (5000,37000) ops and (4192.5,600.7) ops/second in (1.192603,61.594109) seconds
2026/05/26-09:52:28  ... thread 1: (5000,40000) ops and (4523.7,642.3) ops/second in (1.105289,62.271761) seconds
2026/05/26-09:52:28  ... thread 2: (5000,40000) ops and (4800.4,641.8) ops/second in (1.041575,62.324908) seconds
2026/05/26-09:52:28  ... thread 0: (5000,41000) ops and (4750.3,657.0) ops/second in (1.052561,62.405427) seconds
2026/05/26-09:52:28  ... thread 3: (5000,42000) ops and (4944.4,670.9) ops/second in (1.011242,62.605351) seconds
2026/05/26-09:52:29  ... thread 2: (5000,45000) ops and (4977.6,710.6) ops/second in (1.004505,63.329413) seconds
2026/05/26-09:52:29  ... thread 1: (6000,46000) ops and (5268.3,725.4) ops/second in (1.138894,63.410655) seconds
2026/05/26-09:52:29  ... thread 0: (6000,47000) ops and (5364.7,739.9) ops/second in (1.118430,63.523857) seconds
2026/05/26-09:52:29  ... thread 3: (6000,48000) ops and (5360.4,753.2) ops/second in (1.119314,63.724665) seconds
2026/05/26-09:52:30  ... thread 2: (6000,51000) ops and (5843.5,792.5) ops/second in (1.026778,64.356191) seconds
2026/05/26-09:52:30  ... thread 1: (6000,52000) ops and (5943.5,807.2) ops/second in (1.009503,64.420158) seconds
2026/05/26-09:52:30  ... thread 0: (7000,54000) ops and (6197.9,835.2) ops/second in (1.129413,64.653270) seconds
2026/05/26-09:52:30  ... thread 3: (7000,55000) ops and (6252.4,848.2) ops/second in (1.119567,64.844232) seconds
2026/05/26-09:52:31  ... thread 2: (7000,58000) ops and (6616.5,886.7) ops/second in (1.057965,65.414156) seconds
2026/05/26-09:52:31  ... thread 1: (7000,59000) ops and (6788.5,901.4) ops/second in (1.031162,65.451320) seconds
2026/05/26-09:52:31  ... thread 0: (8000,62000) ops and (7470.7,943.3) ops/second in (1.070856,65.724126) seconds
2026/05/26-09:52:31  ... thread 3: (8000,63000) ops and (7610.2,956.1) ops/second in (1.051222,65.895454) seconds
2026/05/26-09:52:32  ... thread 2: (9000,67000) ops and (8543.1,1008.0) ops/second in (1.053476,66.467632) seconds
2026/05/26-09:52:32  ... thread 1: (9000,68000) ops and (8327.5,1022.1) ops/second in (1.080757,66.532077) seconds
2026/05/26-09:52:32  ... thread 0: (9000,71000) ops and (8594.6,1063.3) ops/second in (1.047174,66.771300) seconds
2026/05/26-09:52:32  ... thread 3: (10000,73000) ops and (9535.1,1090.5) ops/second in (1.048757,66.944211) seconds
2026/05/26-09:52:33  ... thread 2: (12000,79000) ops and (11080.9,1169.5) ops/second in (1.082940,67.550572) seconds
2026/05/26-09:52:33  ... thread 1: (12000,80000) ops and (11255.4,1183.5) ops/second in (1.066155,67.598232) seconds
2026/05/26-09:52:33  ... thread 0: (12000,83000) ops and (11750.6,1224.3) ops/second in (1.021223,67.792523) seconds
2026/05/26-09:52:33  ... thread 3: (12000,85000) ops and (11582.3,1250.4) ops/second in (1.036064,67.980275) seconds
2026/05/26-09:52:34  ... thread 2: (15000,94000) ops and (14418.5,1370.4) ops/second in (1.040333,68.590905) seconds
2026/05/26-09:52:34  ... thread 1: (14000,94000) ops and (13684.9,1369.8) ops/second in (1.023023,68.621255) seconds
2026/05/26-09:52:34  ... thread 0: (15000,98000) ops and (14797.0,1424.3) ops/second in (1.013719,68.806242) seconds
DB path: [/tmp/rocksdb_comp_exp_db]
readrandom   :     689.403 micros/op 5799 ops/sec 68.976 seconds 400000 operations;    5.6 MB/s (98120 of 100000 found)

STATISTICS:
rocksdb.block.cache.miss COUNT : 3501144
rocksdb.block.cache.hit COUNT : 25258
rocksdb.block.cache.add COUNT : 457215
rocksdb.block.cache.add.failures COUNT : 0
rocksdb.block.cache.index.miss COUNT : 0
rocksdb.block.cache.index.hit COUNT : 0
rocksdb.block.cache.index.add COUNT : 0
rocksdb.block.cache.index.bytes.insert COUNT : 0
rocksdb.block.cache.filter.miss COUNT : 0
rocksdb.block.cache.filter.hit COUNT : 0
rocksdb.block.cache.filter.add COUNT : 0
rocksdb.block.cache.filter.bytes.insert COUNT : 0
rocksdb.block.cache.data.miss COUNT : 3501144
rocksdb.block.cache.data.hit COUNT : 25258
rocksdb.block.cache.data.add COUNT : 457215
rocksdb.block.cache.data.bytes.insert COUNT : 1967834688
rocksdb.block.cache.bytes.read COUNT : 108703168
rocksdb.block.cache.bytes.write COUNT : 1967834688
rocksdb.block.cache.compression.dict.miss COUNT : 0
rocksdb.block.cache.compression.dict.hit COUNT : 0
rocksdb.block.cache.compression.dict.add COUNT : 0
rocksdb.block.cache.compression.dict.bytes.insert COUNT : 0
rocksdb.block.cache.add.redundant COUNT : 4
rocksdb.block.cache.index.add.redundant COUNT : 0
rocksdb.block.cache.filter.add.redundant COUNT : 0
rocksdb.block.cache.data.add.redundant COUNT : 4
rocksdb.block.cache.compression.dict.add.redundant COUNT : 0
rocksdb.secondary.cache.hits COUNT : 0
rocksdb.secondary.cache.filter.hits COUNT : 0
rocksdb.secondary.cache.index.hits COUNT : 0
rocksdb.secondary.cache.data.hits COUNT : 0
rocksdb.compressed.secondary.cache.dummy.hits COUNT : 0
rocksdb.compressed.secondary.cache.hits COUNT : 0
rocksdb.compressed.secondary.cache.promotions COUNT : 0
rocksdb.compressed.secondary.cache.promotion.skips COUNT : 0
rocksdb.bloom.filter.useful COUNT : 0
rocksdb.bloom.filter.full.positive COUNT : 0
rocksdb.bloom.filter.full.true.positive COUNT : 0
rocksdb.bloom.filter.prefix.checked COUNT : 0
rocksdb.bloom.filter.prefix.useful COUNT : 0
rocksdb.bloom.filter.prefix.true.positive COUNT : 0
rocksdb.persistent.cache.hit COUNT : 0
rocksdb.persistent.cache.miss COUNT : 0
rocksdb.sim.block.cache.hit COUNT : 0
rocksdb.sim.block.cache.miss COUNT : 0
rocksdb.memtable.hit COUNT : 6907
rocksdb.memtable.miss COUNT : 393093
rocksdb.l0.hit COUNT : 17036
rocksdb.l1.hit COUNT : 117958
rocksdb.l2andup.hit COUNT : 250653
rocksdb.compaction.key.drop.new COUNT : 3414246
rocksdb.compaction.key.drop.obsolete COUNT : 0
rocksdb.compaction.key.drop.range_del COUNT : 0
rocksdb.compaction.key.drop.user COUNT : 0
rocksdb.compaction.range_del.drop.obsolete COUNT : 0
rocksdb.compaction.optimized.del.drop.obsolete COUNT : 0
rocksdb.compaction.cancelled COUNT : 0
rocksdb.compaction.aborted COUNT : 0
rocksdb.number.keys.written COUNT : 5000000
rocksdb.number.keys.read COUNT : 400000
rocksdb.number.keys.updated COUNT : 0
rocksdb.bytes.written COUNT : 5279171940
rocksdb.bytes.read COUNT : 401975296
rocksdb.number.db.seek COUNT : 0
rocksdb.number.db.next COUNT : 0
rocksdb.number.db.prev COUNT : 0
rocksdb.number.db.seek.found COUNT : 0
rocksdb.number.db.next.found COUNT : 0
rocksdb.number.db.prev.found COUNT : 0
rocksdb.db.iter.bytes.read COUNT : 0
rocksdb.number.iter.skip COUNT : 0
rocksdb.number.reseeks.iteration COUNT : 0
rocksdb.num.iterator.created COUNT : 0
rocksdb.num.iterator.deleted COUNT : 0
rocksdb.no.file.opens COUNT : 133
rocksdb.no.file.errors COUNT : 0
rocksdb.stall.micros COUNT : 59247750
rocksdb.db.mutex.wait.micros COUNT : 0
rocksdb.number.multiget.get COUNT : 0
rocksdb.number.multiget.keys.read COUNT : 0
rocksdb.number.multiget.bytes.read COUNT : 0
rocksdb.number.multiget.keys.found COUNT : 0
rocksdb.number.merge.failures COUNT : 0
rocksdb.getupdatessince.calls COUNT : 0
rocksdb.wal.synced COUNT : 0
rocksdb.wal.bytes COUNT : 5279171940
rocksdb.write.self COUNT : 4930995
rocksdb.write.other COUNT : 69005
rocksdb.write.wal COUNT : 5000000
rocksdb.compact.read.bytes COUNT : 7436769586
rocksdb.compact.write.bytes COUNT : 5379635758
rocksdb.flush.write.bytes COUNT : 2971755482
rocksdb.compact.read.marked.bytes COUNT : 0
rocksdb.compact.read.periodic.bytes COUNT : 0
rocksdb.compact.read.ttl.bytes COUNT : 0
rocksdb.compact.write.marked.bytes COUNT : 0
rocksdb.compact.write.periodic.bytes COUNT : 0
rocksdb.compact.write.ttl.bytes COUNT : 0
rocksdb.number.direct.load.table.properties COUNT : 0
rocksdb.number.superversion_acquires COUNT : 44
rocksdb.number.superversion_releases COUNT : 40
rocksdb.number.superversion_cleanups COUNT : 10
rocksdb.number.block.compressed COUNT : 3414864
rocksdb.number.block.decompressed COUNT : 3501277
rocksdb.bytes.compressed.from COUNT : 14393127460
rocksdb.bytes.compressed.to COUNT : 8334138559
rocksdb.bytes.compression_bypassed COUNT : 0
rocksdb.bytes.compression.rejected COUNT : 0
rocksdb.number.block_compression_bypassed COUNT : 0
rocksdb.number.block_compression_rejected COUNT : 0
rocksdb.bytes.decompressed.from COUNT : 8544356594
rocksdb.bytes.decompressed.to COUNT : 14755661514
rocksdb.merge.operation.time.nanos COUNT : 0
rocksdb.filter.operation.time.nanos COUNT : 0
rocksdb.compaction.total.time.cpu_micros COUNT : 46120586
rocksdb.row.cache.hit COUNT : 0
rocksdb.row.cache.miss COUNT : 0
rocksdb.read.amp.estimate.useful.bytes COUNT : 0
rocksdb.read.amp.total.read.bytes COUNT : 0
rocksdb.number.rate_limiter.drains COUNT : 0
rocksdb.blobdb.num.put COUNT : 0
rocksdb.blobdb.num.write COUNT : 0
rocksdb.blobdb.num.get COUNT : 0
rocksdb.blobdb.num.multiget COUNT : 0
rocksdb.blobdb.num.seek COUNT : 0
rocksdb.blobdb.num.next COUNT : 0
rocksdb.blobdb.num.prev COUNT : 0
rocksdb.blobdb.num.keys.written COUNT : 0
rocksdb.blobdb.num.keys.read COUNT : 0
rocksdb.blobdb.bytes.written COUNT : 0
rocksdb.blobdb.bytes.read COUNT : 0
rocksdb.blobdb.write.inlined COUNT : 0
rocksdb.blobdb.write.inlined.ttl COUNT : 0
rocksdb.blobdb.write.blob COUNT : 0
rocksdb.blobdb.write.blob.ttl COUNT : 0
rocksdb.blobdb.blob.file.bytes.written COUNT : 0
rocksdb.blobdb.blob.file.bytes.read COUNT : 0
rocksdb.blobdb.blob.file.synced COUNT : 0
rocksdb.blobdb.blob.index.expired.count COUNT : 0
rocksdb.blobdb.blob.index.expired.size COUNT : 0
rocksdb.blobdb.blob.index.evicted.count COUNT : 0
rocksdb.blobdb.blob.index.evicted.size COUNT : 0
rocksdb.blobdb.gc.num.files COUNT : 0
rocksdb.blobdb.gc.num.new.files COUNT : 0
rocksdb.blobdb.gc.failures COUNT : 0
rocksdb.blobdb.gc.num.keys.relocated COUNT : 0
rocksdb.blobdb.gc.bytes.relocated COUNT : 0
rocksdb.blobdb.fifo.num.files.evicted COUNT : 0
rocksdb.blobdb.fifo.num.keys.evicted COUNT : 0
rocksdb.blobdb.fifo.bytes.evicted COUNT : 0
rocksdb.blobdb.cache.miss COUNT : 0
rocksdb.blobdb.cache.hit COUNT : 0
rocksdb.blobdb.cache.add COUNT : 0
rocksdb.blobdb.cache.add.failures COUNT : 0
rocksdb.blobdb.cache.bytes.read COUNT : 0
rocksdb.blobdb.cache.bytes.write COUNT : 0
rocksdb.txn.overhead.mutex.prepare COUNT : 0
rocksdb.txn.overhead.mutex.old.commit.map COUNT : 0
rocksdb.txn.overhead.duplicate.key COUNT : 0
rocksdb.txn.overhead.mutex.snapshot COUNT : 0
rocksdb.txn.get.tryagain COUNT : 0
rocksdb.files.marked.trash COUNT : 0
rocksdb.files.marked.trash.deleted COUNT : 0
rocksdb.files.deleted.immediately COUNT : 197
rocksdb.error.handler.bg.error.count COUNT : 0
rocksdb.error.handler.bg.io.error.count COUNT : 0
rocksdb.error.handler.bg.retryable.io.error.count COUNT : 0
rocksdb.error.handler.autoresume.count COUNT : 0
rocksdb.error.handler.autoresume.retry.total.count COUNT : 0
rocksdb.error.handler.autoresume.success.count COUNT : 0
rocksdb.memtable.payload.bytes.at.flush COUNT : 5217193424
rocksdb.memtable.garbage.bytes.at.flush COUNT : 127697752
rocksdb.verify_checksum.read.bytes COUNT : 0
rocksdb.backup.read.bytes COUNT : 0
rocksdb.backup.write.bytes COUNT : 0
rocksdb.remote.compact.read.bytes COUNT : 0
rocksdb.remote.compact.write.bytes COUNT : 0
rocksdb.remote.compact.resumed.bytes COUNT : 0
rocksdb.hot.file.read.bytes COUNT : 0
rocksdb.warm.file.read.bytes COUNT : 0
rocksdb.cool.file.read.bytes COUNT : 0
rocksdb.cold.file.read.bytes COUNT : 0
rocksdb.ice.file.read.bytes COUNT : 0
rocksdb.hot.file.read.count COUNT : 0
rocksdb.warm.file.read.count COUNT : 0
rocksdb.cool.file.read.count COUNT : 0
rocksdb.cold.file.read.count COUNT : 0
rocksdb.ice.file.read.count COUNT : 0
rocksdb.last.level.read.bytes COUNT : 0
rocksdb.last.level.read.count COUNT : 0
rocksdb.non.last.level.read.bytes COUNT : 8562030137
rocksdb.non.last.level.read.count COUNT : 3501676
rocksdb.last.level.seek.filtered COUNT : 0
rocksdb.last.level.seek.filter.match COUNT : 0
rocksdb.last.level.seek.data COUNT : 0
rocksdb.last.level.seek.data.useful.no.filter COUNT : 0
rocksdb.last.level.seek.data.useful.filter.match COUNT : 0
rocksdb.non.last.level.seek.filtered COUNT : 0
rocksdb.non.last.level.seek.filter.match COUNT : 0
rocksdb.non.last.level.seek.data COUNT : 0
rocksdb.non.last.level.seek.data.useful.no.filter COUNT : 0
rocksdb.non.last.level.seek.data.useful.filter.match COUNT : 0
rocksdb.block.checksum.compute.count COUNT : 3501410
rocksdb.block.checksum.mismatch.count COUNT : 0
rocksdb.multiget.coroutine.count COUNT : 0
rocksdb.read.async.micros COUNT : 0
rocksdb.async.read.error.count COUNT : 0
rocksdb.table.open.prefetch.tail.miss COUNT : 0
rocksdb.table.open.prefetch.tail.hit COUNT : 0
rocksdb.timestamp.filter.table.checked COUNT : 0
rocksdb.timestamp.filter.table.filtered COUNT : 0
rocksdb.readahead.trimmed COUNT : 0
rocksdb.fifo.max.size.compactions COUNT : 0
rocksdb.fifo.ttl.compactions COUNT : 0
rocksdb.fifo.change_temperature.compactions COUNT : 0
rocksdb.prefetch.bytes COUNT : 0
rocksdb.prefetch.bytes.useful COUNT : 0
rocksdb.prefetch.hits COUNT : 0
rocksdb.footer.corruption.count COUNT : 0
rocksdb.file.read.corruption.retry.count COUNT : 0
rocksdb.file.read.corruption.retry.success.count COUNT : 0
rocksdb.number.wbwi.ingest COUNT : 0
rocksdb.sst.user.defined.index.load.fail.count COUNT : 0
rocksdb.multiscan.prepare.calls COUNT : 0
rocksdb.multiscan.prepare.errors COUNT : 0
rocksdb.multiscan.blocks.prefetched COUNT : 0
rocksdb.multiscan.blocks.from.cache COUNT : 0
rocksdb.multiscan.prefetch.bytes COUNT : 0
rocksdb.multiscan.prefetch.blocks.wasted COUNT : 0
rocksdb.multiscan.io.requests COUNT : 0
rocksdb.multiscan.io.coalesced.nonadjacent COUNT : 0
rocksdb.multiscan.seek.errors COUNT : 0
rocksdb.prefetch.memory.bytes.granted COUNT : 0
rocksdb.prefetch.memory.bytes.released COUNT : 0
rocksdb.prefetch.memory.requests.blocked COUNT : 0
rocksdb.read.path.range.tombstones.inserted COUNT : 0
rocksdb.read.path.range.tombstones.discarded COUNT : 0
rocksdb.file.open.metadata.retrieved COUNT : 0
rocksdb.file.open.metadata.passed COUNT : 0
rocksdb.manifest.validation.failure.count COUNT : 0
rocksdb.db.get.micros P50 : 13.976998 P95 : 1705.590098 P99 : 13257.776645 P100 : 1053969.000000 COUNT : 400000 SUM : 275480912
rocksdb.db.write.micros P50 : 5.632673 P95 : 20.550629 P99 : 1216.921527 P100 : 2183690.000000 COUNT : 5000000 SUM : 381332602
rocksdb.compaction.times.micros P50 : 5400000.000000 P95 : 42600000.000000 P99 : 58601323.000000 P100 : 58601323.000000 COUNT : 28 SUM : 275383493
rocksdb.compaction.times.cpu_micros P50 : 1074736.842105 P95 : 7339754.000000 P99 : 7339754.000000 P100 : 7339754.000000 COUNT : 28 SUM : 46120586
rocksdb.subcompaction.setup.times.micros P50 : 0.000000 P95 : 0.000000 P99 : 0.000000 P100 : 0.000000 COUNT : 0 SUM : 0
rocksdb.table.sync.micros P50 : 590714.285714 P95 : 1776470.588235 P99 : 2009472.000000 P100 : 2009472.000000 COUNT : 80 SUM : 60498646
rocksdb.compaction.outfile.sync.micros P50 : 1216666.666667 P95 : 2458333.333333 P99 : 2507679.000000 P100 : 2507679.000000 COUNT : 53 SUM : 56456968
rocksdb.wal.file.sync.micros P50 : 0.000000 P95 : 0.000000 P99 : 0.000000 P100 : 0.000000 COUNT : 0 SUM : 0
rocksdb.manifest.file.sync.micros P50 : 6233.333333 P95 : 329625.000000 P99 : 563033.333333 P100 : 1056374.000000 COUNT : 111 SUM : 5583276
rocksdb.table.open.io.micros P50 : 755.208333 P95 : 6888.750000 P99 : 19360.000000 P100 : 243336.000000 COUNT : 133 SUM : 456693
rocksdb.db.multiget.micros P50 : 0.000000 P95 : 0.000000 P99 : 0.000000 P100 : 0.000000 COUNT : 0 SUM : 0
rocksdb.read.block.compaction.micros P50 : 3.346886 P95 : 8.182677 P99 : 21.680466 P100 : 1240043.000000 COUNT : 3043929 SUM : 178271293
rocksdb.read.block.get.micros P50 : 8.461340 P95 : 1650.738298 P99 : 11059.703670 P100 : 890739.000000 COUNT : 457348 SUM : 271537908
rocksdb.write.raw.block.micros P50 : 0.535510 P95 : 1.359597 P99 : 2.881257 P100 : 578342.000000 COUNT : 3415130 SUM : 14023883
rocksdb.numfiles.in.singlecompaction P50 : 3.437500 P95 : 8.500000 P99 : 9.700000 P100 : 10.000000 COUNT : 30 SUM : 124
rocksdb.db.seek.micros P50 : 0.000000 P95 : 0.000000 P99 : 0.000000 P100 : 0.000000 COUNT : 0 SUM : 0
rocksdb.db.write.stall P50 : 1185.805803 P95 : 2753.359307 P99 : 2892.559307 P100 : 2179574.000000 COUNT : 20097 SUM : 59247750
rocksdb.sst.read.micros P50 : 0.806571 P95 : 6.396056 P99 : 1596.135492 P100 : 1240010.000000 COUNT : 3501676 SUM : 436488232
rocksdb.file.read.flush.micros P50 : 3.571429 P95 : 72.590909 P99 : 2300.000000 P100 : 241972.000000 COUNT : 320 SUM : 264353
rocksdb.file.read.compaction.micros P50 : 0.718461 P95 : 2.875064 P99 : 9.635915 P100 : 1240010.000000 COUNT : 3044141 SUM : 168235080
rocksdb.file.read.db.open.micros P50 : 0.000000 P95 : 0.000000 P99 : 0.000000 P100 : 0.000000 COUNT : 0 SUM : 0
rocksdb.file.read.get.micros P50 : 0.000000 P95 : 0.000000 P99 : 0.000000 P100 : 0.000000 COUNT : 0 SUM : 0
rocksdb.file.read.multiget.micros P50 : 0.000000 P95 : 0.000000 P99 : 0.000000 P100 : 0.000000 COUNT : 0 SUM : 0
rocksdb.file.read.db.iterator.micros P50 : 0.000000 P95 : 0.000000 P99 : 0.000000 P100 : 0.000000 COUNT : 0 SUM : 0
rocksdb.file.read.verify.db.checksum.micros P50 : 0.000000 P95 : 0.000000 P99 : 0.000000 P100 : 0.000000 COUNT : 0 SUM : 0
rocksdb.file.read.verify.file.checksums.micros P50 : 0.000000 P95 : 0.000000 P99 : 0.000000 P100 : 0.000000 COUNT : 0 SUM : 0
rocksdb.sst.write.micros P50 : 0.502531 P95 : 0.954809 P99 : 0.995011 P100 : 578335.000000 COUNT : 6830393 SUM : 12131061
rocksdb.file.write.flush.micros P50 : 0.501754 P95 : 0.953333 P99 : 0.993474 P100 : 578335.000000 COUNT : 2428820 SUM : 4915643
rocksdb.file.write.compaction.micros P50 : 0.502960 P95 : 0.955625 P99 : 0.995861 P100 : 340445.000000 COUNT : 4401573 SUM : 7215418
rocksdb.file.write.db.open.micros P50 : 0.000000 P95 : 0.000000 P99 : 0.000000 P100 : 0.000000 COUNT : 0 SUM : 0
rocksdb.num.subcompactions.scheduled P50 : 0.000000 P95 : 0.000000 P99 : 0.000000 P100 : 0.000000 COUNT : 0 SUM : 0
rocksdb.bytes.per.read P50 : 1024.000000 P95 : 1024.000000 P99 : 1024.000000 P100 : 1024.000000 COUNT : 400000 SUM : 401975296
rocksdb.bytes.per.write P50 : 1086.653484 P95 : 1281.641619 P99 : 1298.973898 P100 : 4188.000000 COUNT : 4930995 SUM : 5279171940
rocksdb.bytes.per.multiget P50 : 0.000000 P95 : 0.000000 P99 : 0.000000 P100 : 0.000000 COUNT : 0 SUM : 0
rocksdb.compression.times.nanos P50 : 0.000000 P95 : 0.000000 P99 : 0.000000 P100 : 0.000000 COUNT : 0 SUM : 0
rocksdb.decompression.times.nanos P50 : 0.000000 P95 : 0.000000 P99 : 0.000000 P100 : 0.000000 COUNT : 0 SUM : 0
rocksdb.read.num.merge_operands P50 : 0.000000 P95 : 0.000000 P99 : 0.000000 P100 : 0.000000 COUNT : 0 SUM : 0
rocksdb.blobdb.key.size P50 : 0.000000 P95 : 0.000000 P99 : 0.000000 P100 : 0.000000 COUNT : 0 SUM : 0
rocksdb.blobdb.value.size P50 : 0.000000 P95 : 0.000000 P99 : 0.000000 P100 : 0.000000 COUNT : 0 SUM : 0
rocksdb.blobdb.write.micros P50 : 0.000000 P95 : 0.000000 P99 : 0.000000 P100 : 0.000000 COUNT : 0 SUM : 0
rocksdb.blobdb.get.micros P50 : 0.000000 P95 : 0.000000 P99 : 0.000000 P100 : 0.000000 COUNT : 0 SUM : 0
rocksdb.blobdb.multiget.micros P50 : 0.000000 P95 : 0.000000 P99 : 0.000000 P100 : 0.000000 COUNT : 0 SUM : 0
rocksdb.blobdb.seek.micros P50 : 0.000000 P95 : 0.000000 P99 : 0.000000 P100 : 0.000000 COUNT : 0 SUM : 0
rocksdb.blobdb.next.micros P50 : 0.000000 P95 : 0.000000 P99 : 0.000000 P100 : 0.000000 COUNT : 0 SUM : 0
rocksdb.blobdb.prev.micros P50 : 0.000000 P95 : 0.000000 P99 : 0.000000 P100 : 0.000000 COUNT : 0 SUM : 0
rocksdb.blobdb.blob.file.write.micros P50 : 0.000000 P95 : 0.000000 P99 : 0.000000 P100 : 0.000000 COUNT : 0 SUM : 0
rocksdb.blobdb.blob.file.read.micros P50 : 0.000000 P95 : 0.000000 P99 : 0.000000 P100 : 0.000000 COUNT : 0 SUM : 0
rocksdb.blobdb.blob.file.sync.micros P50 : 0.000000 P95 : 0.000000 P99 : 0.000000 P100 : 0.000000 COUNT : 0 SUM : 0
rocksdb.blobdb.compression.micros P50 : 0.000000 P95 : 0.000000 P99 : 0.000000 P100 : 0.000000 COUNT : 0 SUM : 0
rocksdb.blobdb.decompression.micros P50 : 0.000000 P95 : 0.000000 P99 : 0.000000 P100 : 0.000000 COUNT : 0 SUM : 0
rocksdb.db.flush.micros P50 : 980000.000000 P95 : 2100000.000000 P99 : 2740000.000000 P100 : 2816992.000000 COUNT : 80 SUM : 82618788
rocksdb.sst.batch.size P50 : 0.000000 P95 : 0.000000 P99 : 0.000000 P100 : 0.000000 COUNT : 0 SUM : 0
rocksdb.multiget.io.batch.size P50 : 0.000000 P95 : 0.000000 P99 : 0.000000 P100 : 0.000000 COUNT : 0 SUM : 0
rocksdb.num.index.and.filter.blocks.read.per.level P50 : 0.000000 P95 : 0.000000 P99 : 0.000000 P100 : 0.000000 COUNT : 0 SUM : 0
rocksdb.num.sst.read.per.level P50 : 0.000000 P95 : 0.000000 P99 : 0.000000 P100 : 0.000000 COUNT : 0 SUM : 0
rocksdb.num.level.read.per.multiget P50 : 0.000000 P95 : 0.000000 P99 : 0.000000 P100 : 0.000000 COUNT : 0 SUM : 0
rocksdb.error.handler.autoresume.retry.count P50 : 0.000000 P95 : 0.000000 P99 : 0.000000 P100 : 0.000000 COUNT : 0 SUM : 0
rocksdb.async.read.bytes P50 : 0.000000 P95 : 0.000000 P99 : 0.000000 P100 : 0.000000 COUNT : 0 SUM : 0
rocksdb.poll.wait.micros P50 : 0.000000 P95 : 0.000000 P99 : 0.000000 P100 : 0.000000 COUNT : 0 SUM : 0
rocksdb.compaction.prefetch.bytes P50 : 0.000000 P95 : 0.000000 P99 : 0.000000 P100 : 0.000000 COUNT : 0 SUM : 0
rocksdb.prefetched.bytes.discarded P50 : 0.000000 P95 : 0.000000 P99 : 0.000000 P100 : 0.000000 COUNT : 0 SUM : 0
rocksdb.async.prefetch.abort.micros P50 : 0.000000 P95 : 0.000000 P99 : 0.000000 P100 : 0.000000 COUNT : 0 SUM : 0
rocksdb.table.open.prefetch.tail.read.bytes P50 : 0.000000 P95 : 0.000000 P99 : 0.000000 P100 : 0.000000 COUNT : 0 SUM : 0
rocksdb.num.op.per.transaction P50 : 0.000000 P95 : 0.000000 P99 : 0.000000 P100 : 0.000000 COUNT : 0 SUM : 0
rocksdb.multiscan.op.prepare.iterators.micros P50 : 0.000000 P95 : 0.000000 P99 : 0.000000 P100 : 0.000000 COUNT : 0 SUM : 0
rocksdb.multiscan.prepare.micros P50 : 0.000000 P95 : 0.000000 P99 : 0.000000 P100 : 0.000000 COUNT : 0 SUM : 0
rocksdb.multiscan.blocks.per.prepare P50 : 0.000000 P95 : 0.000000 P99 : 0.000000 P100 : 0.000000 COUNT : 0 SUM : 0
rocksdb.block.key.distribution.cv P50 : 0.000000 P95 : 0.000000 P99 : 0.000000 P100 : 0.000000 COUNT : 0 SUM : 0

[EXPERIMENT_COMPLETED]
