RocksDB:    version 11.3.0
Date:       Tue May 26 09:57:52 2026
CPU:        2 * Intel Xeon Processor (SapphireRapids)
CPUCache:   16384 KB
2026/05/26-09:57:54  ... thread 0: (30000,30000) ops and (29663.6,29663.6) ops/second in (1.011342,1.011342) seconds
2026/05/26-09:57:54  ... thread 1: (32000,32000) ops and (31520.2,31520.2) ops/second in (1.015223,1.015223) seconds
2026/05/26-09:57:54  ... thread 2: (33000,33000) ops and (32430.5,32430.5) ops/second in (1.017560,1.017560) seconds
2026/05/26-09:57:54  ... thread 3: (32000,32000) ops and (31309.3,31309.3) ops/second in (1.022061,1.022061) seconds
2026/05/26-09:57:55  ... thread 1: (30000,62000) ops and (28462.8,29962.8) ops/second in (1.054008,2.069231) seconds
2026/05/26-09:57:55  ... thread 2: (30000,63000) ops and (28422.4,30389.8) ops/second in (1.055507,2.073067) seconds
2026/05/26-09:57:55  ... thread 0: (31000,61000) ops and (29093.9,29371.3) ops/second in (1.065515,2.076857) seconds
2026/05/26-09:57:55  ... thread 3: (34000,66000) ops and (32040.7,31681.8) ops/second in (1.061151,2.083212) seconds
2026/05/26-09:57:56  ... thread 0: (15000,76000) ops and (14416.9,24380.1) ops/second in (1.040445,3.117302) seconds
2026/05/26-09:57:56  ... thread 3: (16000,82000) ops and (9682.0,21950.0) ops/second in (1.652544,3.735756) seconds
2026/05/26-09:57:56  ... thread 1: (17000,79000) ops and (10096.5,21049.9) ops/second in (1.683748,3.752979) seconds
2026/05/26-09:57:56  ... thread 2: (17000,80000) ops and (10096.4,21294.5) ops/second in (1.683765,3.756832) seconds
2026/05/26-09:57:57  ... thread 0: (3000,79000) ops and (2345.1,17968.6) ops/second in (1.279264,4.396566) seconds
2026/05/26-09:57:57  ... thread 2: (3000,83000) ops and (2818.6,17215.7) ops/second in (1.064356,4.821188) seconds
2026/05/26-09:57:57  ... thread 3: (3000,85000) ops and (2757.7,17621.6) ops/second in (1.087868,4.823624) seconds
2026/05/26-09:57:57  ... thread 1: (2000,81000) ops and (1866.8,16789.8) ops/second in (1.071373,4.824352) seconds
2026/05/26-09:57:58  ... thread 0: (25000,104000) ops and (24329.2,19173.6) ops/second in (1.027571,5.424137) seconds
2026/05/26-09:57:58  ... thread 2: (40000,123000) ops and (39888.3,21119.5) ops/second in (1.002800,5.823988) seconds
2026/05/26-09:57:58  ... thread 3: (33000,118000) ops and (32789.0,20239.9) ops/second in (1.006434,5.830058) seconds
2026/05/26-09:57:58  ... thread 1: (35000,116000) ops and (34261.6,19842.9) ops/second in (1.021553,5.845905) seconds
2026/05/26-09:57:59  ... thread 0: (33000,137000) ops and (32429.0,21267.5) ops/second in (1.017609,6.441746) seconds
2026/05/26-09:57:59  ... thread 1: (23000,139000) ops and (21185.8,20053.3) ops/second in (1.085631,6.931536) seconds
2026/05/26-09:58:00  ... thread 0: (2000,139000) ops and (1582.3,18038.5) ops/second in (1.264003,7.705749) seconds
2026/05/26-09:58:00  ... thread 3: (23000,141000) ops and (12165.3,18262.6) ops/second in (1.890625,7.720683) seconds
2026/05/26-09:58:00  ... thread 2: (22000,145000) ops and (11533.5,18754.5) ops/second in (1.907483,7.731471) seconds
2026/05/26-09:58:01  ... thread 1: (5000,144000) ops and (4325.5,17805.3) ops/second in (1.155935,8.087471) seconds
2026/05/26-09:58:01  ... thread 2: (1000,146000) ops and (860.8,16417.2) ops/second in (1.161662,8.893133) seconds
2026/05/26-09:58:01  ... thread 0: (3000,142000) ops and (2501.6,15946.1) ops/second in (1.199226,8.904975) seconds
2026/05/26-09:58:02  ... thread 1: (3000,147000) ops and (2880.1,16102.3) ops/second in (1.041638,9.129109) seconds
2026/05/26-09:58:02  ... thread 3: (2000,143000) ops and (1068.7,14908.1) ops/second in (1.871444,9.592127) seconds
2026/05/26-09:58:03  ... thread 0: (1000,143000) ops and (663.7,13734.6) ops/second in (1.506685,10.411660) seconds
2026/05/26-09:58:03  ... thread 2: (2000,148000) ops and (1216.0,14044.6) ops/second in (1.644744,10.537877) seconds
2026/05/26-09:58:03  ... thread 1: (3000,150000) ops and (2110.6,14217.4) ops/second in (1.421366,10.550475) seconds
2026/05/26-09:58:03  ... thread 3: (5000,148000) ops and (4937.0,13955.8) ops/second in (1.012757,10.604884) seconds
2026/05/26-09:58:04  ... thread 0: (33000,176000) ops and (32982.1,15422.1) ops/second in (1.000542,11.412202) seconds
2026/05/26-09:58:04  ... thread 2: (33000,181000) ops and (32956.5,15685.7) ops/second in (1.001321,11.539198) seconds
2026/05/26-09:58:04  ... thread 1: (38000,188000) ops and (37555.3,16259.7) ops/second in (1.011840,11.562315) seconds
2026/05/26-09:58:04  ... thread 3: (36000,184000) ops and (30428.2,15609.1) ops/second in (1.183113,11.787997) seconds
2026/05/26-09:58:05  ... thread 2: (22000,203000) ops and (19647.7,16036.1) ops/second in (1.119724,12.658922) seconds
2026/05/26-09:58:06  ... thread 0: (26000,202000) ops and (13221.6,15098.7) ops/second in (1.966472,13.378674) seconds
2026/05/26-09:58:06  ... thread 1: (17000,205000) ops and (9309.8,15311.8) ops/second in (1.826041,13.388356) seconds
2026/05/26-09:58:06  ... thread 3: (20000,204000) ops and (12281.8,15205.2) ops/second in (1.628427,13.416424) seconds
2026/05/26-09:58:07  ... thread 2: (2000,205000) ops and (1136.4,14217.5) ops/second in (1.759889,14.418811) seconds
2026/05/26-09:58:07  ... thread 1: (5000,210000) ops and (4669.4,14523.7) ops/second in (1.070798,14.459154) seconds
2026/05/26-09:58:07  ... thread 0: (2000,204000) ops and (1743.1,14043.7) ops/second in (1.147384,14.526058) seconds
2026/05/26-09:58:08  ... thread 3: (2000,206000) ops and (1095.0,13514.5) ops/second in (1.826509,15.242933) seconds
2026/05/26-09:58:08  ... thread 2: (2000,207000) ops and (1880.6,13370.1) ops/second in (1.063475,15.482286) seconds
2026/05/26-09:58:08  ... thread 1: (2000,212000) ops and (1915.7,13674.6) ops/second in (1.043997,15.503151) seconds
2026/05/26-09:58:08  ... thread 0: (2000,206000) ops and (1695.5,13116.3) ops/second in (1.179622,15.705680) seconds
2026/05/26-09:58:09  ... thread 3: (2000,208000) ops and (1316.6,12409.0) ops/second in (1.519099,16.762032) seconds
2026/05/26-09:58:09  ... thread 2: (2000,209000) ops and (1563.3,12468.9) ops/second in (1.279366,16.761652) seconds
2026/05/26-09:58:10  ... thread 1: (1000,213000) ops and (618.8,12442.2) ops/second in (1.616055,17.119206) seconds
2026/05/26-09:58:10  ... thread 0: (4000,210000) ops and (2300.3,12038.1) ops/second in (1.738909,17.444589) seconds
2026/05/26-09:58:10  ... thread 3: (7000,215000) ops and (6976.0,12102.1) ops/second in (1.003444,17.765476) seconds
2026/05/26-09:58:10  ... thread 2: (9000,218000) ops and (8886.1,12264.8) ops/second in (1.012819,17.774471) seconds
2026/05/26-09:58:11  ... thread 1: (22000,235000) ops and (21875.9,12965.6) ops/second in (1.005673,18.124879) seconds
2026/05/26-09:58:11  ... thread 0: (27000,237000) ops and (26469.3,12835.3) ops/second in (1.020048,18.464637) seconds
2026/05/26-09:58:11  ... thread 2: (32000,250000) ops and (29911.4,13266.6) ops/second in (1.069826,18.844297) seconds
2026/05/26-09:58:11  ... thread 3: (34000,249000) ops and (31338.0,13209.3) ops/second in (1.084946,18.850422) seconds
2026/05/26-09:58:12  ... thread 1: (31000,266000) ops and (30531.9,13897.4) ops/second in (1.015331,19.140210) seconds
2026/05/26-09:58:12  ... thread 0: (24000,261000) ops and (19054.8,13232.5) ops/second in (1.259525,19.724162) seconds
2026/05/26-09:58:13  ... thread 3: (17000,266000) ops and (12251.5,13143.6) ops/second in (1.387585,20.238007) seconds
2026/05/26-09:58:13  ... thread 1: (3000,269000) ops and (2714.4,13286.9) ops/second in (1.105219,20.245429) seconds
2026/05/26-09:58:13  ... thread 2: (17000,267000) ops and (12103.9,13186.0) ops/second in (1.404503,20.248800) seconds
2026/05/26-09:58:13  ... thread 0: (1000,262000) ops and (816.1,12506.2) ops/second in (1.225397,20.949559) seconds
2026/05/26-09:58:14  ... thread 3: (2000,268000) ops and (1492.9,12420.2) ops/second in (1.339673,21.577680) seconds
2026/05/26-09:58:14  ... thread 2: (4000,271000) ops and (2754.7,12488.0) ops/second in (1.452087,21.700887) seconds
2026/05/26-09:58:15  ... thread 0: (3000,265000) ops and (2598.6,11988.8) ops/second in (1.154463,22.104022) seconds
2026/05/26-09:58:15  ... thread 1: (2000,271000) ops and (1048.9,12233.5) ops/second in (1.906780,22.152209) seconds
2026/05/26-09:58:15  ... thread 3: (2000,270000) ops and (1864.9,11920.5) ops/second in (1.072447,22.650127) seconds
2026/05/26-09:58:15  ... thread 2: (5000,276000) ops and (4942.2,12151.9) ops/second in (1.011686,22.712573) seconds
2026/05/26-09:58:16  ... thread 1: (14000,285000) ops and (13991.3,12309.5) ops/second in (1.000619,23.152828) seconds
2026/05/26-09:58:16  ... thread 0: (17000,282000) ops and (16211.0,12180.0) ops/second in (1.048671,23.152693) seconds
2026/05/26-09:58:16  ... thread 3: (30000,300000) ops and (29343.3,12672.9) ops/second in (1.022381,23.672508) seconds
2026/05/26-09:58:16  ... thread 2: (26000,302000) ops and (25131.7,12717.3) ops/second in (1.034549,23.747122) seconds
2026/05/26-09:58:17  ... thread 1: (30000,315000) ops and (29948.2,13041.0) ops/second in (1.001729,24.154557) seconds
2026/05/26-09:58:17  ... thread 0: (28000,310000) ops and (27218.5,12819.8) ops/second in (1.028712,24.181405) seconds
2026/05/26-09:58:17  ... thread 3: (26000,326000) ops and (25152.2,13195.1) ops/second in (1.033705,24.706213) seconds
2026/05/26-09:58:18  ... thread 1: (15000,330000) ops and (10623.7,12907.5) ops/second in (1.411936,25.566493) seconds
2026/05/26-09:58:18  ... thread 0: (15000,325000) ops and (10804.5,12710.3) ops/second in (1.388313,25.569718) seconds
2026/05/26-09:58:18  ... thread 2: (26000,328000) ops and (14136.6,12819.3) ops/second in (1.839199,25.586321) seconds
2026/05/26-09:58:19  ... thread 2: (2000,330000) ops and (1945.2,12399.3) ops/second in (1.028191,26.614512) seconds
2026/05/26-09:58:19  ... thread 3: (5000,331000) ops and (2507.1,12396.7) ops/second in (1.994363,26.700576) seconds
2026/05/26-09:58:19  ... thread 1: (2000,332000) ops and (1681.0,12408.3) ops/second in (1.189763,26.756256) seconds
2026/05/26-09:58:20  ... thread 0: (4000,329000) ops and (2430.6,12088.8) ops/second in (1.645659,27.215377) seconds
2026/05/26-09:58:21  ... thread 3: (3000,334000) ops and (1964.1,11832.2) ops/second in (1.527432,28.228008) seconds
2026/05/26-09:58:21  ... thread 0: (2000,331000) ops and (1491.8,11591.2) ops/second in (1.340651,28.556028) seconds
2026/05/26-09:58:21  ... thread 2: (3000,333000) ops and (1526.7,11651.7) ops/second in (1.964980,28.579492) seconds
2026/05/26-09:58:21  ... thread 1: (2000,334000) ops and (975.0,11594.2) ops/second in (2.051242,28.807498) seconds
2026/05/26-09:58:22  ... thread 3: (3000,337000) ops and (2960.9,11524.8) ops/second in (1.013190,29.241198) seconds
2026/05/26-09:58:22  ... thread 2: (3000,336000) ops and (2652.1,11309.1) ops/second in (1.131191,29.710683) seconds
2026/05/26-09:58:22  ... thread 0: (2000,333000) ops and (1717.1,11204.3) ops/second in (1.164724,29.720752) seconds
2026/05/26-09:58:22  ... thread 1: (6000,340000) ops and (5872.8,11398.2) ops/second in (1.021666,29.829164) seconds
2026/05/26-09:58:23  ... thread 3: (23000,360000) ops and (22801.4,11900.9) ops/second in (1.008708,30.249906) seconds
2026/05/26-09:58:23  ... thread 0: (36000,369000) ops and (35550.5,12006.5) ops/second in (1.012645,30.733397) seconds
2026/05/26-09:58:23  ... thread 2: (36000,372000) ops and (34781.4,12099.2) ops/second in (1.035037,30.745720) seconds
2026/05/26-09:58:23  ... thread 1: (33000,373000) ops and (30059.6,12060.7) ops/second in (1.097819,30.926983) seconds
2026/05/26-09:58:24  ... thread 3: (32000,392000) ops and (31638.4,12539.5) ops/second in (1.011429,31.261335) seconds
2026/05/26-09:58:24  ... thread 2: (21000,393000) ops and (20605.1,12372.2) ops/second in (1.019166,31.764886) seconds
2026/05/26-09:58:25  ... thread 1: (15000,388000) ops and (9554.2,11939.6) ops/second in (1.569996,32.496979) seconds
2026/05/26-09:58:25  ... thread 3: (2000,394000) ops and (1558.6,12106.5) ops/second in (1.283234,32.544569) seconds
2026/05/26-09:58:25  ... thread 0: (16000,385000) ops and (8818.8,11828.8) ops/second in (1.814308,32.547705) seconds
2026/05/26-09:58:26  ... thread 2: (4000,397000) ops and (3139.3,12016.1) ops/second in (1.274156,33.039042) seconds
2026/05/26-09:58:26  ... thread 1: (3000,391000) ops and (2858.6,11655.5) ops/second in (1.049461,33.546440) seconds
2026/05/26-09:58:26  ... thread 3: (2000,396000) ops and (1848.8,11776.5) ops/second in (1.081784,33.626353) seconds
2026/05/26-09:58:26  ... thread 0: (2000,387000) ops and (1517.8,11427.6) ops/second in (1.317662,33.865367) seconds
2026/05/26-09:58:27  ... thread 2: (2000,399000) ops and (1736.4,11669.8) ops/second in (1.151810,34.190852) seconds
2026/05/26-09:58:27  ... thread 3: (2000,398000) ops and (1694.9,11434.7) ops/second in (1.180011,34.806364) seconds
2026/05/26-09:58:28  ... thread 0: (1000,388000) ops and (742.8,11019.1) ops/second in (1.346271,35.211638) seconds
2026/05/26-09:58:28  ... thread 1: (2000,393000) ops and (1022.6,11069.7) ops/second in (1.955847,35.502287) seconds
2026/05/26-09:58:28  ... thread 2: (3000,402000) ops and (2168.5,11300.3) ops/second in (1.383438,35.574290) seconds
2026/05/26-09:58:29  ... thread 3: (2000,400000) ops and (1517.2,11072.8) ops/second in (1.318193,36.124557) seconds
2026/05/26-09:58:29  ... thread 0: (5000,393000) ops and (4979.6,10851.6) ops/second in (1.004093,36.215731) seconds
2026/05/26-09:58:29  ... thread 1: (11000,404000) ops and (10375.9,11049.6) ops/second in (1.060144,36.562431) seconds
2026/05/26-09:58:29  ... thread 2: (10000,412000) ops and (9194.4,11237.8) ops/second in (1.087616,36.661906) seconds
2026/05/26-09:58:30  ... thread 1: (15000,419000) ops and (14019.5,11134.0) ops/second in (1.069939,37.632370) seconds
2026/05/26-09:58:30  ... thread 3: (24000,424000) ops and (15577.0,11257.0) ops/second in (1.540733,37.665290) seconds
2026/05/26-09:58:30  ... thread 2: (11000,423000) ops and (10932.6,11229.7) ops/second in (1.006166,37.668072) seconds
2026/05/26-09:58:30  ... thread 0: (24000,417000) ops and (16468.0,11068.9) ops/second in (1.457373,37.673104) seconds
2026/05/26-09:58:31  ... thread 1: (18000,437000) ops and (17695.6,11306.7) ops/second in (1.017202,38.649572) seconds
2026/05/26-09:58:31  ... thread 3: (20000,444000) ops and (19709.2,11478.8) ops/second in (1.014753,38.680043) seconds
2026/05/26-09:58:31  ... thread 2: (21000,444000) ops and (20743.6,11478.7) ops/second in (1.012359,38.680431) seconds
2026/05/26-09:58:31  ... thread 0: (18000,435000) ops and (17623.0,11241.9) ops/second in (1.021394,38.694498) seconds
2026/05/26-09:58:32  ... thread 0: (11000,446000) ops and (10237.3,11214.8) ops/second in (1.074505,39.769003) seconds
2026/05/26-09:58:32  ... thread 1: (13000,450000) ops and (9649.6,11250.9) ops/second in (1.347210,39.996782) seconds
2026/05/26-09:58:33  ... thread 3: (14000,458000) ops and (9845.8,11420.9) ops/second in (1.421924,40.101967) seconds
2026/05/26-09:58:33  ... thread 2: (13000,457000) ops and (7338.1,11297.3) ops/second in (1.771570,40.452001) seconds
2026/05/26-09:58:33  ... thread 0: (3000,449000) ops and (2941.3,11007.9) ops/second in (1.019971,40.788974) seconds
2026/05/26-09:58:34  ... thread 1: (2000,452000) ops and (1539.7,10945.4) ops/second in (1.298925,41.295707) seconds
2026/05/26-09:58:34  ... thread 3: (1000,459000) ops and (833.6,11113.4) ops/second in (1.199554,41.301521) seconds
2026/05/26-09:58:34  ... thread 2: (2000,459000) ops and (1588.7,11004.3) ops/second in (1.258867,41.710868) seconds
2026/05/26-09:58:34  ... thread 0: (3000,452000) ops and (2514.1,10766.5) ops/second in (1.193250,41.982224) seconds
2026/05/26-09:58:35  ... thread 3: (2000,461000) ops and (1523.1,10817.9) ops/second in (1.313077,42.614598) seconds
2026/05/26-09:58:36  ... thread 0: (2000,454000) ops and (1851.4,10542.8) ops/second in (1.080274,43.062498) seconds
2026/05/26-09:58:36  ... thread 2: (2000,461000) ops and (1268.6,10649.8) ops/second in (1.576514,43.287382) seconds
2026/05/26-09:58:37  ... thread 3: (3000,464000) ops and (1864.3,10492.1) ops/second in (1.609152,44.223750) seconds
2026/05/26-09:58:37  ... thread 1: (2000,454000) ops and (672.2,10255.0) ops/second in (2.975367,44.271074) seconds
2026/05/26-09:58:37  ... thread 0: (3000,457000) ops and (2309.8,10301.8) ops/second in (1.298798,44.361296) seconds
2026/05/26-09:58:37  ... thread 2: (3000,464000) ops and (2781.6,10458.5) ops/second in (1.078505,44.365887) seconds
2026/05/26-09:58:38  ... thread 1: (22000,476000) ops and (14730.1,10401.0) ops/second in (1.493539,45.764613) seconds
2026/05/26-09:58:38  ... thread 0: (23000,480000) ops and (16183.7,10484.4) ops/second in (1.421185,45.782481) seconds
2026/05/26-09:58:38  ... thread 2: (23000,487000) ops and (16229.1,10637.1) ops/second in (1.417203,45.783090) seconds
2026/05/26-09:58:38  ... thread 3: (24000,488000) ops and (15158.8,10653.4) ops/second in (1.583243,45.806993) seconds
2026/05/26-09:58:39  ... thread 3: (15000,503000) ops and (14754.8,10742.4) ops/second in (1.016619,46.823612) seconds
2026/05/26-09:58:39  ... thread 0: (18000,498000) ops and (17288.3,10635.7) ops/second in (1.041169,46.823650) seconds
2026/05/26-09:58:39  ... thread 2: (15000,502000) ops and (14405.9,10720.9) ops/second in (1.041239,46.824329) seconds
2026/05/26-09:58:39  ... thread 1: (15000,491000) ops and (14115.7,10485.3) ops/second in (1.062650,46.827263) seconds
2026/05/26-09:58:40  ... thread 0: (17000,515000) ops and (15162.2,10741.5) ops/second in (1.121212,47.944862) seconds
2026/05/26-09:58:41  ... thread 1: (16000,507000) ops and (11804.0,10522.4) ops/second in (1.355467,48.182730) seconds
2026/05/26-09:58:41  ... thread 3: (17000,520000) ops and (11436.4,10763.8) ops/second in (1.486478,48.310090) seconds
2026/05/26-09:58:41  ... thread 2: (16000,518000) ops and (9142.7,10664.1) ops/second in (1.750039,48.574368) seconds
2026/05/26-09:58:42  ... thread 1: (3000,510000) ops and (2617.9,10338.8) ops/second in (1.145936,49.328666) seconds
2026/05/26-09:58:42  ... thread 0: (2000,517000) ops and (1332.0,10455.8) ops/second in (1.501532,49.446394) seconds
2026/05/26-09:58:42  ... thread 2: (2000,520000) ops and (1830.6,10469.7) ops/second in (1.092549,49.666917) seconds
2026/05/26-09:58:43  ... thread 3: (2000,522000) ops and (1130.2,10423.4) ops/second in (1.769530,50.079620) seconds
2026/05/26-09:58:43  ... thread 1: (1000,511000) ops and (914.5,10134.4) ops/second in (1.093485,50.422151) seconds
2026/05/26-09:58:43  ... thread 2: (2000,522000) ops and (1843.1,10285.3) ops/second in (1.085127,50.752044) seconds
2026/05/26-09:58:43  ... thread 0: (2000,519000) ops and (1467.0,10214.6) ops/second in (1.363294,50.809688) seconds
2026/05/26-09:58:44  ... thread 1: (2000,513000) ops and (1763.9,9950.3) ops/second in (1.133878,51.556029) seconds
2026/05/26-09:58:44  ... thread 0: (3000,522000) ops and (2875.5,10066.9) ops/second in (1.043313,51.853001) seconds
2026/05/26-09:58:45  ... thread 2: (2000,524000) ops and (1560.3,10070.4) ops/second in (1.281784,52.033828) seconds
2026/05/26-09:58:45  ... thread 3: (3000,525000) ops and (1306.0,10023.5) ops/second in (2.297155,52.376775) seconds
2026/05/26-09:58:45  ... thread 1: (3000,516000) ops and (2716.8,9798.7) ops/second in (1.104229,52.660258) seconds
2026/05/26-09:58:45  ... thread 0: (8000,530000) ops and (7873.1,10024.8) ops/second in (1.016112,52.869113) seconds
2026/05/26-09:58:46  ... thread 2: (12000,536000) ops and (11858.8,10104.5) ops/second in (1.011905,53.045733) seconds
2026/05/26-09:58:46  ... thread 3: (22000,547000) ops and (21008.8,10238.9) ops/second in (1.047182,53.423957) seconds
2026/05/26-09:58:46  ... thread 1: (34000,550000) ops and (33376.6,10246.1) ops/second in (1.018678,53.678936) seconds
2026/05/26-09:58:47  ... thread 0: (30000,560000) ops and (25515.9,10361.8) ops/second in (1.175739,54.044852) seconds
2026/05/26-09:58:47  ... thread 2: (27000,563000) ops and (26117.4,10410.6) ops/second in (1.033792,54.079525) seconds
2026/05/26-09:58:47  ... thread 3: (31000,578000) ops and (30124.2,10614.7) ops/second in (1.029072,54.453029) seconds
2026/05/26-09:58:47  ... thread 1: (23000,573000) ops and (17435.3,10418.5) ops/second in (1.319162,54.998098) seconds
2026/05/26-09:58:48  ... thread 0: (16000,576000) ops and (15410.7,10456.9) ops/second in (1.038243,55.083095) seconds
2026/05/26-09:58:48  ... thread 2: (16000,579000) ops and (13723.5,10480.5) ops/second in (1.165886,55.245411) seconds
2026/05/26-09:58:49  ... thread 3: (2000,580000) ops and (1206.2,10336.6) ops/second in (1.658066,56.111095) seconds
2026/05/26-09:58:49  ... thread 0: (2000,578000) ops and (1788.0,10284.4) ops/second in (1.118593,56.201688) seconds
2026/05/26-09:58:49  ... thread 1: (3000,576000) ops and (1975.6,10191.7) ops/second in (1.518520,56.516618) seconds
2026/05/26-09:58:49  ... thread 2: (3000,582000) ops and (2078.3,10266.6) ops/second in (1.443472,56.688883) seconds
2026/05/26-09:58:50  ... thread 3: (1000,581000) ops and (914.8,10156.6) ops/second in (1.093097,57.204192) seconds
2026/05/26-09:58:50  ... thread 0: (1000,579000) ops and (938.7,10110.5) ops/second in (1.065281,57.266969) seconds
2026/05/26-09:58:50  ... thread 1: (3000,579000) ops and (2537.2,10034.8) ops/second in (1.182387,57.699005) seconds
2026/05/26-09:58:51  ... thread 2: (4000,586000) ops and (2733.8,10077.0) ops/second in (1.463158,58.152041) seconds
2026/05/26-09:58:51  ... thread 3: (4000,585000) ops and (3573.3,10030.2) ops/second in (1.119402,58.323594) seconds
2026/05/26-09:58:51  ... thread 1: (3000,582000) ops and (2470.5,9878.9) ops/second in (1.214325,58.913330) seconds
2026/05/26-09:58:51  ... thread 0: (2000,581000) ops and (1182.2,9854.4) ops/second in (1.691720,58.958689) seconds
2026/05/26-09:58:52  ... thread 2: (1000,587000) ops and (888.6,9902.6) ops/second in (1.125341,59.277382) seconds
2026/05/26-09:58:53  ... thread 0: (5000,586000) ops and (4161.4,9740.7) ops/second in (1.201524,60.160213) seconds
2026/05/26-09:58:53  ... thread 1: (1000,583000) ops and (787.4,9687.1) ops/second in (1.269998,60.183328) seconds
2026/05/26-09:58:53  ... thread 3: (2000,587000) ops and (1047.5,9745.5) ops/second in (1.909260,60.232854) seconds
2026/05/26-09:58:53  ... thread 2: (3000,590000) ops and (2529.0,9757.9) ops/second in (1.186253,60.463635) seconds
2026/05/26-09:58:54  ... thread 0: (3000,589000) ops and (2643.6,9609.3) ops/second in (1.134818,61.295031) seconds
2026/05/26-09:58:54  ... thread 3: (3000,590000) ops and (2427.4,9598.4) ops/second in (1.235876,61.468730) seconds
2026/05/26-09:58:54  ... thread 2: (2000,592000) ops and (1870.9,9620.9) ops/second in (1.069020,61.532655) seconds
2026/05/26-09:58:54  ... thread 1: (2000,585000) ops and (1174.1,9452.8) ops/second in (1.703364,61.886692) seconds
2026/05/26-09:58:55  ... thread 3: (1000,591000) ops and (937.6,9450.7) ops/second in (1.066563,62.535293) seconds
2026/05/26-09:58:55  ... thread 0: (2000,591000) ops and (1537.6,9441.5) ops/second in (1.300761,62.595792) seconds
2026/05/26-09:58:55  ... thread 2: (3000,595000) ops and (2555.1,9488.6) ops/second in (1.174125,62.706780) seconds
2026/05/26-09:58:55  ... thread 1: (3000,588000) ops and (2913.4,9345.7) ops/second in (1.029731,62.916423) seconds
2026/05/26-09:58:56  ... thread 3: (1000,592000) ops and (906.6,9302.6) ops/second in (1.102982,63.638275) seconds
2026/05/26-09:58:56  ... thread 0: (1000,592000) ops and (936.4,9298.9) ops/second in (1.067939,63.663731) seconds
2026/05/26-09:58:56  ... thread 2: (5000,600000) ops and (4935.6,9416.2) ops/second in (1.013041,63.719821) seconds
2026/05/26-09:58:56  ... thread 1: (12000,600000) ops and (11904.4,9386.1) ops/second in (1.008027,63.924450) seconds
2026/05/26-09:58:57  ... thread 0: (30000,622000) ops and (29605.7,9617.0) ops/second in (1.013319,64.677050) seconds
2026/05/26-09:58:57  ... thread 3: (29000,621000) ops and (27275.4,9597.9) ops/second in (1.063230,64.701505) seconds
2026/05/26-09:58:57  ... thread 2: (29000,629000) ops and (28773.0,9717.6) ops/second in (1.007889,64.727710) seconds
2026/05/26-09:58:57  ... thread 1: (30000,630000) ops and (29859.0,9702.9) ops/second in (1.004723,64.929173) seconds
2026/05/26-09:58:58  ... thread 0: (16000,638000) ops and (14002.3,9693.1) ops/second in (1.142673,65.819723) seconds
2026/05/26-09:58:58  ... thread 3: (17000,638000) ops and (14788.5,9688.5) ops/second in (1.149544,65.851049) seconds
2026/05/26-09:58:58  ... thread 2: (13000,642000) ops and (11304.3,9745.3) ops/second in (1.150001,65.877711) seconds
2026/05/26-09:58:58  ... thread 1: (8000,638000) ops and (7976.3,9676.6) ops/second in (1.002968,65.932141) seconds
2026/05/26-09:59:00  ... thread 1: (13000,651000) ops and (11474.9,9707.0) ops/second in (1.132904,67.065045) seconds
2026/05/26-09:59:00  ... thread 0: (17000,655000) ops and (12415.3,9748.6) ops/second in (1.369280,67.189003) seconds
2026/05/26-09:59:00  ... thread 2: (17000,659000) ops and (10026.1,9752.4) ops/second in (1.695570,67.573281) seconds
2026/05/26-09:59:00  ... thread 3: (15000,653000) ops and (8511.0,9657.8) ops/second in (1.762427,67.613476) seconds
2026/05/26-09:59:01  ... thread 2: (2000,661000) ops and (1878.3,9630.2) ops/second in (1.064792,68.638073) seconds
2026/05/26-09:59:02  ... thread 1: (1000,652000) ops and (458.0,9415.3) ops/second in (2.183596,69.248641) seconds
2026/05/26-09:59:02  ... thread 3: (1000,654000) ops and (557.0,9422.5) ops/second in (1.795198,69.408674) seconds
2026/05/26-09:59:02  ... thread 0: (3000,658000) ops and (1245.3,9454.3) ops/second in (2.409005,69.598008) seconds
2026/05/26-09:59:02  ... thread 2: (3000,664000) ops and (2191.3,9484.7) ops/second in (1.369080,70.007153) seconds
2026/05/26-09:59:03  ... thread 0: (2000,660000) ops and (1731.2,9328.2) ops/second in (1.155274,70.753282) seconds
2026/05/26-09:59:03  ... thread 3: (2000,656000) ops and (1343.1,9252.8) ops/second in (1.489041,70.897715) seconds
2026/05/26-09:59:03  ... thread 1: (2000,654000) ops and (1166.6,9216.1) ops/second in (1.714455,70.963096) seconds
2026/05/26-09:59:04  ... thread 2: (3000,667000) ops and (2519.0,9368.2) ops/second in (1.190937,71.198090) seconds
2026/05/26-09:59:04  ... thread 0: (1000,661000) ops and (808.3,9181.8) ops/second in (1.237228,71.990510) seconds
2026/05/26-09:59:05  ... thread 1: (1000,655000) ops and (919.7,9090.9) ops/second in (1.087343,72.050439) seconds
2026/05/26-09:59:05  ... thread 3: (2000,658000) ops and (1225.4,9072.1) ops/second in (1.632128,72.529843) seconds
2026/05/26-09:59:05  ... thread 2: (2000,669000) ops and (1365.2,9206.9) ops/second in (1.464971,72.663061) seconds
2026/05/26-09:59:06  ... thread 0: (2000,663000) ops and (1776.2,9067.7) ops/second in (1.125971,73.116481) seconds
2026/05/26-09:59:06  ... thread 2: (2000,671000) ops and (1619.3,9080.1) ops/second in (1.235092,73.898153) seconds
2026/05/26-09:59:07  ... thread 3: (2000,660000) ops and (1304.4,8911.3) ops/second in (1.533233,74.063076) seconds
2026/05/26-09:59:07  ... thread 0: (1000,664000) ops and (896.3,8944.9) ops/second in (1.115699,74.232180) seconds
2026/05/26-09:59:07  ... thread 1: (3000,658000) ops and (1305.1,8850.1) ops/second in (2.298597,74.349036) seconds
2026/05/26-09:59:07  ... thread 2: (8000,679000) ops and (7840.4,9063.2) ops/second in (1.020356,74.918509) seconds
2026/05/26-09:59:08  ... thread 3: (12000,672000) ops and (11992.4,8952.4) ops/second in (1.000632,75.063708) seconds
2026/05/26-09:59:08  ... thread 0: (16000,680000) ops and (15765.8,9036.9) ops/second in (1.014854,75.247034) seconds
2026/05/26-09:59:08  ... thread 1: (21000,679000) ops and (20999.4,9011.4) ops/second in (1.000028,75.349064) seconds
2026/05/26-09:59:08  ... thread 2: (26000,705000) ops and (24108.1,9276.7) ops/second in (1.078474,75.996983) seconds
2026/05/26-09:59:09  ... thread 3: (29000,701000) ops and (28719.7,9214.8) ops/second in (1.009761,76.073469) seconds
2026/05/26-09:59:09  ... thread 0: (32000,712000) ops and (31581.4,9336.4) ops/second in (1.013255,76.260289) seconds
2026/05/26-09:59:09  ... thread 1: (32000,711000) ops and (31612.7,9311.0) ops/second in (1.012251,76.361315) seconds
2026/05/26-09:59:10  ... thread 2: (15000,720000) ops and (14597.1,9347.7) ops/second in (1.027603,77.024586) seconds
2026/05/26-09:59:10  ... thread 3: (15000,716000) ops and (14485.9,9285.6) ops/second in (1.035493,77.108962) seconds
2026/05/26-09:59:10  ... thread 0: (14000,726000) ops and (13939.3,9396.3) ops/second in (1.004351,77.264640) seconds
2026/05/26-09:59:10  ... thread 1: (13000,724000) ops and (12794.7,9356.7) ops/second in (1.016048,77.377363) seconds
2026/05/26-09:59:11  ... thread 3: (16000,732000) ops and (15857.9,9370.4) ops/second in (1.008961,78.117923) seconds
2026/05/26-09:59:11  ... thread 0: (8000,734000) ops and (7149.3,9364.2) ops/second in (1.118994,78.383634) seconds
2026/05/26-09:59:11  ... thread 2: (17000,737000) ops and (10258.3,9366.8) ops/second in (1.657200,78.681786) seconds
2026/05/26-09:59:11  ... thread 1: (4000,728000) ops and (2550.0,9221.5) ops/second in (1.568651,78.946014) seconds
2026/05/26-09:59:12  ... thread 3: (2000,734000) ops and (1098.3,9182.0) ops/second in (1.820999,79.938922) seconds
2026/05/26-09:59:13  ... thread 0: (2000,736000) ops and (1217.7,9197.0) ops/second in (1.642377,80.026011) seconds
2026/05/26-09:59:13  ... thread 2: (3000,740000) ops and (2046.1,9232.9) ops/second in (1.466181,80.147967) seconds
2026/05/26-09:59:13  ... thread 1: (3000,731000) ops and (1714.3,9058.7) ops/second in (1.749943,80.695957) seconds
2026/05/26-09:59:14  ... thread 2: (3000,743000) ops and (2782.3,9147.3) ops/second in (1.078261,81.226228) seconds
2026/05/26-09:59:14  ... thread 3: (2000,736000) ops and (1145.3,9010.2) ops/second in (1.746260,81.685182) seconds
2026/05/26-09:59:14  ... thread 1: (3000,734000) ops and (2560.0,8965.7) ops/second in (1.171869,81.867826) seconds
2026/05/26-09:59:14  ... thread 0: (2000,738000) ops and (1027.7,9003.1) ops/second in (1.946024,81.972035) seconds
2026/05/26-09:59:15  ... thread 2: (4000,747000) ops and (3636.0,9073.6) ops/second in (1.100118,82.326346) seconds
2026/05/26-09:59:15  ... thread 1: (1000,735000) ops and (990.7,8868.5) ops/second in (1.009380,82.877206) seconds
2026/05/26-09:59:16  ... thread 3: (2000,738000) ops and (1179.6,8851.0) ops/second in (1.695461,83.380643) seconds
2026/05/26-09:59:16  ... thread 2: (3000,750000) ops and (2478.6,8978.1) ops/second in (1.210364,83.536710) seconds
2026/05/26-09:59:16  ... thread 0: (2000,740000) ops and (1185.8,8845.5) ops/second in (1.686688,83.658723) seconds
2026/05/26-09:59:17  ... thread 1: (4000,739000) ops and (2829.2,8767.2) ops/second in (1.413819,84.291025) seconds
2026/05/26-09:59:17  ... thread 3: (3000,741000) ops and (2751.0,8772.2) ops/second in (1.090528,84.471171) seconds
2026/05/26-09:59:17  ... thread 2: (2000,752000) ops and (1665.3,8874.4) ops/second in (1.201019,84.737729) seconds
2026/05/26-09:59:18  ... thread 0: (2000,742000) ops and (1281.5,8706.9) ops/second in (1.560729,85.219452) seconds
2026/05/26-09:59:18  ... thread 1: (3000,742000) ops and (2113.3,8657.0) ops/second in (1.419595,85.710620) seconds
2026/05/26-09:59:18  ... thread 3: (2000,743000) ops and (1507.1,8659.9) ops/second in (1.327036,85.798207) seconds
2026/05/26-09:59:18  ... thread 2: (3000,755000) ops and (2400.7,8780.4) ops/second in (1.249613,85.987342) seconds
2026/05/26-09:59:19  ... thread 0: (9000,751000) ops and (8807.3,8708.1) ops/second in (1.021882,86.241334) seconds
2026/05/26-09:59:19  ... thread 1: (21000,763000) ops and (20643.0,8797.6) ops/second in (1.017292,86.727912) seconds
2026/05/26-09:59:19  ... thread 3: (24000,767000) ops and (23364.5,8833.8) ops/second in (1.027198,86.825405) seconds
2026/05/26-09:59:20  ... thread 2: (31000,786000) ops and (24632.9,9009.0) ops/second in (1.258480,87.245822) seconds
2026/05/26-09:59:20  ... thread 0: (26000,777000) ops and (25442.6,8904.1) ops/second in (1.021909,87.263243) seconds
2026/05/26-09:59:20  ... thread 1: (28000,791000) ops and (26923.1,9012.4) ops/second in (1.040000,87.767912) seconds
2026/05/26-09:59:20  ... thread 3: (27000,794000) ops and (26374.8,9038.2) ops/second in (1.023704,87.849109) seconds
2026/05/26-09:59:21  ... thread 2: (31000,817000) ops and (19200.3,9194.2) ops/second in (1.614562,88.860384) seconds
2026/05/26-09:59:21  ... thread 3: (13000,807000) ops and (12613.1,9079.7) ops/second in (1.030678,88.879787) seconds
2026/05/26-09:59:21  ... thread 1: (14000,805000) ops and (11496.5,9046.4) ops/second in (1.217765,88.985677) seconds
2026/05/26-09:59:22  ... thread 0: (32000,809000) ops and (12758.4,9011.8) ops/second in (2.508161,89.771404) seconds
2026/05/26-09:59:23  ... thread 1: (3000,808000) ops and (2808.8,8972.4) ops/second in (1.068083,90.053760) seconds
2026/05/26-09:59:23  ... thread 3: (2000,809000) ops and (1244.7,8940.5) ops/second in (1.606827,90.486614) seconds
2026/05/26-09:59:23  ... thread 2: (3000,820000) ops and (1565.9,9033.2) ops/second in (1.915844,90.776228) seconds
2026/05/26-09:59:23  ... thread 0: (2000,811000) ops and (1927.5,8930.8) ops/second in (1.037627,90.809031) seconds
2026/05/26-09:59:24  ... thread 1: (3000,811000) ops and (2234.3,8873.4) ops/second in (1.342691,91.396451) seconds
2026/05/26-09:59:24  ... thread 3: (2000,811000) ops and (1511.1,8833.4) ops/second in (1.323578,91.810192) seconds
2026/05/26-09:59:24  ... thread 2: (2000,822000) ops and (1927.1,8952.9) ops/second in (1.037852,91.814080) seconds
2026/05/26-09:59:25  ... thread 0: (3000,814000) ops and (1925.9,8812.7) ops/second in (1.557747,92.366778) seconds
2026/05/26-09:59:25  ... thread 1: (2000,813000) ops and (1514.0,8768.6) ops/second in (1.321012,92.717463) seconds
2026/05/26-09:59:25  ... thread 3: (3000,814000) ops and (2990.3,8770.3) ops/second in (1.003260,92.813452) seconds
2026/05/26-09:59:26  ... thread 0: (2000,816000) ops and (1789.6,8728.7) ops/second in (1.117542,93.484320) seconds
2026/05/26-09:59:26  ... thread 2: (2000,824000) ops and (1044.9,8791.4) ops/second in (1.914020,93.728100) seconds
2026/05/26-09:59:26  ... thread 1: (2000,815000) ops and (1849.5,8688.8) ops/second in (1.081378,93.798841) seconds
2026/05/26-09:59:26  ... thread 3: (5000,819000) ops and (4338.7,8715.9) ops/second in (1.152424,93.965876) seconds
2026/05/26-09:59:27  ... thread 0: (2000,818000) ops and (1818.3,8648.4) ops/second in (1.099902,94.584222) seconds
2026/05/26-09:59:27  ... thread 2: (2000,826000) ops and (1753.3,8706.8) ops/second in (1.140711,94.868811) seconds
2026/05/26-09:59:27  ... thread 3: (1000,820000) ops and (994.5,8634.2) ops/second in (1.005516,94.971392) seconds
2026/05/26-09:59:28  ... thread 1: (4000,819000) ops and (3016.5,8609.7) ops/second in (1.326050,95.124891) seconds
2026/05/26-09:59:29  ... thread 2: (1000,827000) ops and (748.7,8596.3) ops/second in (1.335711,96.204522) seconds
2026/05/26-09:59:29  ... thread 1: (3000,822000) ops and (2544.9,8535.5) ops/second in (1.178848,96.303739) seconds
2026/05/26-09:59:29  ... thread 0: (3000,821000) ops and (1729.3,8523.8) ops/second in (1.734756,96.318978) seconds
2026/05/26-09:59:29  ... thread 3: (4000,824000) ops and (2448.4,8529.6) ops/second in (1.633734,96.605126) seconds
2026/05/26-09:59:30  ... thread 0: (2000,823000) ops and (1848.2,8449.6) ops/second in (1.082110,97.401088) seconds
2026/05/26-09:59:30  ... thread 2: (2000,829000) ops and (1669.7,8511.1) ops/second in (1.197840,97.402362) seconds
2026/05/26-09:59:30  ... thread 1: (2000,824000) ops and (1716.4,8454.0) ops/second in (1.165254,97.468993) seconds
2026/05/26-09:59:30  ... thread 3: (8000,832000) ops and (7984.8,8524.0) ops/second in (1.001904,97.607030) seconds
2026/05/26-09:59:31  ... thread 2: (33000,862000) ops and (30638.0,8753.1) ops/second in (1.077095,98.479457) seconds
2026/05/26-09:59:31  ... thread 0: (32000,855000) ops and (29443.9,8681.3) ops/second in (1.086811,98.487899) seconds
2026/05/26-09:59:31  ... thread 1: (30000,854000) ops and (29209.1,8670.4) ops/second in (1.027078,98.496071) seconds
2026/05/26-09:59:31  ... thread 3: (28000,860000) ops and (27271.7,8719.1) ops/second in (1.026706,98.633736) seconds
2026/05/26-09:59:32  ... thread 0: (31000,886000) ops and (30559.2,8904.3) ops/second in (1.014423,99.502322) seconds
2026/05/26-09:59:32  ... thread 2: (29000,891000) ops and (28242.7,8954.2) ops/second in (1.026814,99.506271) seconds
2026/05/26-09:59:32  ... thread 1: (32000,886000) ops and (27789.8,8891.3) ops/second in (1.151503,99.647574) seconds
2026/05/26-09:59:33  ... thread 3: (24000,884000) ops and (13488.6,8803.6) ops/second in (1.779278,100.413014) seconds
2026/05/26-09:59:34  ... thread 1: (3000,889000) ops and (2004.1,8789.4) ops/second in (1.496951,101.144525) seconds
2026/05/26-09:59:34  ... thread 2: (2000,893000) ops and (1065.8,8808.2) ops/second in (1.876553,101.382824) seconds
2026/05/26-09:59:34  ... thread 0: (2000,888000) ops and (847.7,8717.7) ops/second in (2.359458,101.861780) seconds
2026/05/26-09:59:34  ... thread 3: (2000,886000) ops and (1291.9,8689.6) ops/second in (1.548136,101.961150) seconds
2026/05/26-09:59:35  ... thread 1: (1000,890000) ops and (877.7,8701.3) ops/second in (1.139314,102.283839) seconds
2026/05/26-09:59:35  ... thread 2: (3000,896000) ops and (2310.1,8726.0) ops/second in (1.298656,102.681480) seconds
2026/05/26-09:59:36  ... thread 0: (1000,889000) ops and (792.3,8620.7) ops/second in (1.262223,103.124003) seconds
2026/05/26-09:59:36  ... thread 3: (1000,887000) ops and (742.5,8586.0) ops/second in (1.346852,103.308002) seconds
2026/05/26-09:59:36  ... thread 2: (1000,897000) ops and (767.4,8626.3) ops/second in (1.303052,103.984532) seconds
2026/05/26-09:59:37  ... thread 3: (2000,889000) ops and (1808.7,8514.2) ops/second in (1.105796,104.413798) seconds
2026/05/26-09:59:37  ... thread 0: (3000,892000) ops and (2001.8,8525.9) ops/second in (1.498620,104.622623) seconds
2026/05/26-09:59:37  ... thread 1: (3000,893000) ops and (1222.1,8526.0) ops/second in (2.454829,104.738668) seconds
2026/05/26-09:59:38  ... thread 0: (2000,894000) ops and (1977.5,8463.2) ops/second in (1.011370,105.633993) seconds
2026/05/26-09:59:38  ... thread 3: (3000,892000) ops and (2116.1,8428.5) ops/second in (1.417734,105.831532) seconds
2026/05/26-09:59:39  ... thread 2: (2000,899000) ops and (747.5,8428.6) ops/second in (2.675642,106.660174) seconds
2026/05/26-09:59:39  ... thread 1: (2000,895000) ops and (990.1,8383.4) ops/second in (2.020024,106.758692) seconds
2026/05/26-09:59:39  ... thread 0: (1000,895000) ops and (880.5,8382.5) ops/second in (1.135726,106.769719) seconds
2026/05/26-09:59:40  ... thread 3: (3000,895000) ops and (2041.3,8341.0) ops/second in (1.469643,107.301175) seconds
2026/05/26-09:59:40  ... thread 0: (3000,898000) ops and (2900.8,8329.9) ops/second in (1.034213,107.803932) seconds
2026/05/26-09:59:40  ... thread 1: (1000,896000) ops and (839.7,8300.2) ops/second in (1.190935,107.949627) seconds
2026/05/26-09:59:40  ... thread 2: (2000,901000) ops and (1505.7,8343.5) ops/second in (1.328287,107.988461) seconds
2026/05/26-09:59:41  ... thread 3: (2000,897000) ops and (1291.5,8240.7) ops/second in (1.548549,108.849724) seconds
2026/05/26-09:59:42  ... thread 1: (3000,899000) ops and (2192.7,8223.7) ops/second in (1.368205,109.317832) seconds
2026/05/26-09:59:42  ... thread 0: (1000,899000) ops and (642.1,8220.5) ops/second in (1.557407,109.361339) seconds
2026/05/26-09:59:42  ... thread 3: (2000,899000) ops and (1889.2,8179.5) ops/second in (1.058643,109.908367) seconds
2026/05/26-09:59:43  ... thread 2: (2000,903000) ops and (974.6,8206.1) ops/second in (2.052130,110.040591) seconds
2026/05/26-09:59:43  ... thread 1: (10000,909000) ops and (9831.5,8238.5) ops/second in (1.017136,110.334968) seconds
2026/05/26-09:59:43  ... thread 0: (10000,909000) ops and (9940.0,8236.1) ops/second in (1.006035,110.367374) seconds
2026/05/26-09:59:43  ... thread 3: (25000,924000) ops and (24285.5,8329.0) ops/second in (1.029422,110.937789) seconds
2026/05/26-09:59:44  ... thread 2: (35000,938000) ops and (34377.1,8446.0) ops/second in (1.018120,111.058711) seconds
2026/05/26-09:59:44  ... thread 1: (28000,937000) ops and (27838.8,8415.6) ops/second in (1.005789,111.340757) seconds
2026/05/26-09:59:44  ... thread 0: (26000,935000) ops and (25841.2,8395.2) ops/second in (1.006147,111.373521) seconds
2026/05/26-09:59:44  ... thread 3: (24000,948000) ops and (23578.2,8467.6) ops/second in (1.017888,111.955677) seconds
2026/05/26-09:59:45  ... thread 2: (24000,962000) ops and (23891.1,8584.4) ops/second in (1.004558,112.063269) seconds
2026/05/26-09:59:45  ... thread 1: (29000,966000) ops and (25434.5,8588.1) ops/second in (1.140182,112.480939) seconds
2026/05/26-09:59:45  ... thread 0: (29000,964000) ops and (19767.2,8543.0) ops/second in (1.467077,112.840598) seconds
2026/05/26-09:59:46  ... thread 2: (10000,972000) ops and (9547.1,8593.4) ops/second in (1.047442,113.110711) seconds
2026/05/26-09:59:46  ... thread 3: (13000,961000) ops and (8053.1,8461.7) ops/second in (1.614289,113.569966) seconds
2026/05/26-09:59:46  ... thread 1: (2000,968000) ops and (1578.9,8510.1) ops/second in (1.266720,113.747659) seconds
2026/05/26-09:59:46  ... thread 0: (2000,966000) ops and (1887.5,8481.1) ops/second in (1.059628,113.900226) seconds
2026/05/26-09:59:47  ... thread 2: (2000,974000) ops and (1690.1,8521.9) ops/second in (1.183372,114.294083) seconds
2026/05/26-09:59:47  ... thread 0: (2000,968000) ops and (1902.1,8420.9) ops/second in (1.051450,114.951676) seconds
2026/05/26-09:59:48  ... thread 1: (4000,972000) ops and (3016.0,8446.7) ops/second in (1.326244,115.073903) seconds
2026/05/26-09:59:48  ... thread 2: (1000,975000) ops and (900.3,8448.5) ops/second in (1.110757,115.404840) seconds
2026/05/26-09:59:48  ... thread 3: (2000,963000) ops and (821.0,8301.3) ops/second in (2.436042,116.006008) seconds
2026/05/26-09:59:49  ... thread 1: (2000,974000) ops and (1871.6,8386.2) ops/second in (1.068621,116.142524) seconds
2026/05/26-09:59:49  ... thread 0: (4000,972000) ops and (2555.0,8342.1) ops/second in (1.565535,116.517211) seconds
2026/05/26-09:59:50  ... thread 1: (5000,979000) ops and (4122.5,8342.2) ops/second in (1.212854,117.355378) seconds
2026/05/26-09:59:50  ... thread 2: (3000,978000) ops and (1467.3,8327.0) ops/second in (2.044544,117.449384) seconds
2026/05/26-09:59:50  ... thread 3: (2000,965000) ops and (1344.7,8213.2) ops/second in (1.487340,117.493348) seconds
2026/05/26-09:59:50  ... thread 0: (3000,975000) ops and (2247.3,8273.1) ops/second in (1.334957,117.852168) seconds
2026/05/26-09:59:51  ... thread 3: (3000,968000) ops and (2934.3,8167.7) ops/second in (1.022403,118.515751) seconds
2026/05/26-09:59:51  ... thread 1: (2000,981000) ops and (1287.1,8250.0) ops/second in (1.553890,118.909268) seconds
2026/05/26-09:59:51  ... thread 2: (3000,981000) ops and (2008.6,8247.6) ops/second in (1.493588,118.942972) seconds
2026/05/26-09:59:52  ... thread 3: (3000,971000) ops and (2767.4,8118.7) ops/second in (1.084046,119.599797) seconds
2026/05/26-09:59:52  ... thread 0: (3000,978000) ops and (1511.4,8161.1) ops/second in (1.984922,119.837090) seconds
2026/05/26-09:59:53  ... thread 1: (2000,983000) ops and (1548.9,8178.0) ops/second in (1.291249,120.200517) seconds
2026/05/26-09:59:53  ... thread 2: (3000,984000) ops and (1905.3,8164.8) ops/second in (1.574538,120.517510) seconds
2026/05/26-09:59:53  ... thread 3: (3000,974000) ops and (2477.2,8062.2) ops/second in (1.211051,120.810848) seconds
2026/05/26-09:59:54  ... thread 0: (2000,980000) ops and (1632.6,8095.0) ops/second in (1.225010,121.062100) seconds
2026/05/26-09:59:54  ... thread 2: (1000,985000) ops and (781.2,8087.2) ops/second in (1.280071,121.797581) seconds
2026/05/26-09:59:54  ... thread 1: (3000,986000) ops and (1843.6,8093.4) ops/second in (1.627230,121.827747) seconds
2026/05/26-09:59:55  ... thread 3: (2000,976000) ops and (1368.0,7982.1) ops/second in (1.462028,122.272876) seconds
2026/05/26-09:59:55  ... thread 0: (1000,981000) ops and (760.8,8016.2) ops/second in (1.314465,122.376565) seconds
2026/05/26-09:59:55  ... thread 1: (2000,988000) ops and (1862.2,8038.9) ops/second in (1.073989,122.901736) seconds
2026/05/26-09:59:56  ... thread 3: (1000,977000) ops and (836.6,7913.0) ops/second in (1.195319,123.468195) seconds
2026/05/26-09:59:57  ... thread 2: (1000,986000) ops and (438.0,7946.4) ops/second in (2.283355,124.080936) seconds
2026/05/26-09:59:57  ... thread 1: (2000,990000) ops and (1535.2,7970.7) ops/second in (1.302762,124.204498) seconds
2026/05/26-09:59:57  ... thread 0: (2000,983000) ops and (1085.9,7913.5) ops/second in (1.841820,124.218385) seconds
2026/05/26-09:59:57  ... thread 3: (12000,989000) ops and (11606.1,7943.6) ops/second in (1.033937,124.502132) seconds
2026/05/26-09:59:58  ... thread 2: (27000,1013000) ops and (25455.4,8094.8) ops/second in (1.060677,125.141613) seconds
2026/05/26-09:59:58  ... thread 1: (29000,1019000) ops and (28730.8,8138.1) ops/second in (1.009370,125.213868) seconds
2026/05/26-09:59:58  ... thread 0: (30000,1013000) ops and (29056.0,8087.8) ops/second in (1.032488,125.250873) seconds
2026/05/26-09:59:58  ... thread 3: (30000,1019000) ops and (29396.5,8118.1) ops/second in (1.020530,125.522662) seconds
2026/05/26-09:59:59  ... thread 0: (28000,1041000) ops and (19148.8,8215.4) ops/second in (1.462234,126.713107) seconds
2026/05/26-09:59:59  ... thread 2: (32000,1045000) ops and (20286.1,8246.6) ops/second in (1.577437,126.719050) seconds
2026/05/26-09:59:59  ... thread 1: (28000,1047000) ops and (15816.9,8245.1) ops/second in (1.770259,126.984127) seconds
2026/05/26-10:00:00  ... thread 3: (19000,1038000) ops and (11296.6,8160.1) ops/second in (1.681925,127.204587) seconds
2026/05/26-10:00:00  ... thread 2: (1000,1046000) ops and (818.0,8175.6) ops/second in (1.222542,127.941592) seconds
2026/05/26-10:00:01  ... thread 1: (2000,1049000) ops and (1260.1,8158.9) ops/second in (1.587125,128.571252) seconds
2026/05/26-10:00:01  ... thread 3: (2000,1040000) ops and (1441.4,8087.6) ops/second in (1.387541,128.592128) seconds
2026/05/26-10:00:01  ... thread 0: (2000,1043000) ops and (1037.6,8107.9) ops/second in (1.927533,128.640640) seconds
2026/05/26-10:00:02  ... thread 2: (2000,1048000) ops and (1320.0,8095.4) ops/second in (1.515200,129.456792) seconds
2026/05/26-10:00:02  ... thread 1: (1000,1050000) ops and (831.9,8091.0) ops/second in (1.202079,129.773331) seconds
2026/05/26-10:00:02  ... thread 3: (1000,1041000) ops and (753.4,8012.7) ops/second in (1.327338,129.919466) seconds
2026/05/26-10:00:03  ... thread 0: (3000,1046000) ops and (1473.8,8004.5) ops/second in (2.035546,130.676186) seconds
2026/05/26-10:00:03  ... thread 2: (2000,1050000) ops and (1595.8,8033.0) ops/second in (1.253261,130.710053) seconds
2026/05/26-10:00:04  ... thread 1: (2000,1052000) ops and (1560.2,8027.1) ops/second in (1.281926,131.055257) seconds
2026/05/26-10:00:04  ... thread 2: (1000,1051000) ops and (854.1,7969.3) ops/second in (1.170819,131.880872) seconds
2026/05/26-10:00:04  ... thread 3: (3000,1044000) ops and (1511.8,7914.9) ops/second in (1.984329,131.903795) seconds
2026/05/26-10:00:05  ... thread 0: (1000,1047000) ops and (739.8,7930.1) ops/second in (1.351634,132.027820) seconds
2026/05/26-10:00:05  ... thread 1: (5000,1057000) ops and (3287.0,7972.8) ops/second in (1.521123,132.576380) seconds
2026/05/26-10:00:05  ... thread 3: (1000,1045000) ops and (998.6,7862.7) ops/second in (1.001377,132.905172) seconds
2026/05/26-10:00:06  ... thread 2: (3000,1054000) ops and (2006.0,7902.4) ops/second in (1.495540,133.376412) seconds
2026/05/26-10:00:06  ... thread 0: (2000,1049000) ops and (1303.2,7854.0) ops/second in (1.534732,133.562552) seconds
2026/05/26-10:00:06  ... thread 1: (2000,1059000) ops and (1809.9,7921.8) ops/second in (1.105019,133.681399) seconds
2026/05/26-10:00:06  ... thread 3: (2000,1047000) ops and (1860.0,7814.6) ops/second in (1.075262,133.980434) seconds
2026/05/26-10:00:07  ... thread 2: (3000,1057000) ops and (2031.7,7838.2) ops/second in (1.476617,134.853029) seconds
2026/05/26-10:00:07  ... thread 0: (2000,1051000) ops and (1391.5,7785.2) ops/second in (1.437306,134.999858) seconds
2026/05/26-10:00:08  ... thread 3: (1000,1048000) ops and (659.2,7734.5) ops/second in (1.517028,135.497462) seconds
2026/05/26-10:00:08  ... thread 1: (3000,1062000) ops and (1387.2,7817.8) ops/second in (2.162588,135.843987) seconds
2026/05/26-10:00:09  ... thread 2: (5000,1062000) ops and (3738.0,7797.9) ops/second in (1.337605,136.190634) seconds
2026/05/26-10:00:09  ... thread 0: (2000,1053000) ops and (1373.4,7716.8) ops/second in (1.456271,136.456129) seconds
2026/05/26-10:00:09  ... thread 1: (1000,1063000) ops and (955.5,7765.3) ops/second in (1.046601,136.890588) seconds
2026/05/26-10:00:09  ... thread 3: (2000,1050000) ops and (1413.2,7669.1) ops/second in (1.415215,136.912677) seconds
2026/05/26-10:00:10  ... thread 2: (3000,1065000) ops and (2807.8,7759.0) ops/second in (1.068468,137.259102) seconds
2026/05/26-10:00:10  ... thread 0: (2000,1055000) ops and (1798.9,7668.9) ops/second in (1.111800,137.567929) seconds
2026/05/26-10:00:11  ... thread 1: (1000,1064000) ops and (715.5,7694.1) ops/second in (1.397545,138.288133) seconds
2026/05/26-10:00:11  ... thread 3: (1000,1051000) ops and (518.6,7569.8) ops/second in (1.928423,138.841100) seconds
2026/05/26-10:00:12  ... thread 2: (2000,1067000) ops and (1050.3,7667.3) ops/second in (1.904215,139.163317) seconds
2026/05/26-10:00:12  ... thread 0: (1000,1056000) ops and (433.6,7549.6) ops/second in (2.306262,139.874191) seconds
2026/05/26-10:00:12  ... thread 1: (3000,1067000) ops and (1873.8,7627.5) ops/second in (1.601018,139.889151) seconds
2026/05/26-10:00:12  ... thread 3: (1000,1052000) ops and (947.9,7519.9) ops/second in (1.055010,139.896110) seconds
2026/05/26-10:00:13  ... thread 2: (11000,1078000) ops and (10967.3,7690.9) ops/second in (1.002980,140.166297) seconds
2026/05/26-10:00:13  ... thread 0: (32000,1088000) ops and (31478.3,7722.3) ops/second in (1.016572,140.890763) seconds
2026/05/26-10:00:13  ... thread 1: (34000,1101000) ops and (33560.0,7813.9) ops/second in (1.013111,140.902262) seconds
2026/05/26-10:00:13  ... thread 3: (33000,1085000) ops and (32771.3,7700.3) ops/second in (1.006979,140.903089) seconds
2026/05/26-10:00:14  ... thread 2: (34000,1112000) ops and (29498.0,7868.7) ops/second in (1.152622,141.318919) seconds
2026/05/26-10:00:14  ... thread 3: (25000,1110000) ops and (24831.4,7821.9) ops/second in (1.006788,141.909877) seconds
2026/05/26-10:00:15  ... thread 0: (26000,1114000) ops and (22640.3,7842.9) ops/second in (1.148393,142.039156) seconds
2026/05/26-10:00:15  ... thread 2: (16000,1128000) ops and (15322.4,7923.4) ops/second in (1.044222,142.363141) seconds
2026/05/26-10:00:16  ... thread 0: (2000,1116000) ops and (1643.2,7790.2) ops/second in (1.217131,143.256287) seconds
2026/05/26-10:00:16  ... thread 1: (29000,1130000) ops and (10274.0,7862.2) ops/second in (2.822657,143.724919) seconds
2026/05/26-10:00:17  ... thread 3: (2000,1112000) ops and (831.5,7705.4) ops/second in (2.405179,144.315056) seconds
2026/05/26-10:00:17  ... thread 2: (1000,1129000) ops and (465.8,7812.6) ops/second in (2.146831,144.509972) seconds
2026/05/26-10:00:17  ... thread 0: (2000,1118000) ops and (1164.3,7711.7) ops/second in (1.717763,144.974050) seconds
2026/05/26-10:00:18  ... thread 3: (2000,1114000) ops and (1693.9,7656.6) ops/second in (1.180723,145.495779) seconds
2026/05/26-10:00:18  ... thread 1: (3000,1133000) ops and (1606.1,7782.0) ops/second in (1.867933,145.592852) seconds
2026/05/26-10:00:18  ... thread 2: (1000,1130000) ops and (676.4,7740.3) ops/second in (1.478363,145.988335) seconds
2026/05/26-10:00:20  ... thread 2: (2000,1132000) ops and (1771.7,7694.5) ops/second in (1.128868,147.117203) seconds
2026/05/26-10:00:20  ... thread 0: (2000,1120000) ops and (903.6,7609.3) ops/second in (2.213324,147.187374) seconds
2026/05/26-10:00:20  ... thread 1: (2000,1135000) ops and (1177.1,7705.8) ops/second in (1.699072,147.291924) seconds
2026/05/26-10:00:20  ... thread 3: (3000,1117000) ops and (1580.4,7578.3) ops/second in (1.898230,147.394009) seconds
2026/05/26-10:00:21  ... thread 1: (1000,1136000) ops and (820.3,7649.3) ops/second in (1.219020,148.510944) seconds
2026/05/26-10:00:21  ... thread 2: (2000,1134000) ops and (1338.8,7630.7) ops/second in (1.493822,148.611025) seconds
2026/05/26-10:00:21  ... thread 0: (1000,1121000) ops and (673.4,7540.1) ops/second in (1.484902,148.672276) seconds
2026/05/26-10:00:21  ... thread 3: (2000,1119000) ops and (1346.1,7516.1) ops/second in (1.485751,148.879760) seconds
2026/05/26-10:00:22  ... thread 1: (2000,1138000) ops and (1512.4,7595.1) ops/second in (1.322384,149.833328) seconds
2026/05/26-10:00:22  ... thread 0: (1000,1122000) ops and (796.8,7483.6) ops/second in (1.255027,149.927303) seconds
2026/05/26-10:00:23  ... thread 3: (1000,1120000) ops and (851.6,7464.0) ops/second in (1.174273,150.054033) seconds
2026/05/26-10:00:23  ... thread 2: (2000,1136000) ops and (1008.7,7543.5) ops/second in (1.982753,150.593778) seconds
2026/05/26-10:00:24  ... thread 0: (1000,1123000) ops and (917.1,7436.2) ops/second in (1.090446,151.017749) seconds
2026/05/26-10:00:24  ... thread 3: (1000,1121000) ops and (812.9,7409.9) ops/second in (1.230174,151.284207) seconds
2026/05/26-10:00:24  ... thread 2: (2000,1138000) ops and (1710.9,7498.5) ops/second in (1.168946,151.762724) seconds
2026/05/26-10:00:24  ... thread 1: (3000,1141000) ops and (1532.2,7516.9) ops/second in (1.957914,151.791242) seconds
2026/05/26-10:00:25  ... thread 0: (1000,1124000) ops and (840.0,7384.6) ops/second in (1.190529,152.208278) seconds
2026/05/26-10:00:25  ... thread 3: (4000,1125000) ops and (3981.9,7387.3) ops/second in (1.004537,152.288744) seconds
2026/05/26-10:00:25  ... thread 1: (22000,1163000) ops and (18817.3,7603.3) ops/second in (1.169139,152.960381) seconds
2026/05/26-10:00:25  ... thread 2: (21000,1159000) ops and (17544.2,7577.2) ops/second in (1.196977,152.959701) seconds
2026/05/26-10:00:26  ... thread 0: (30000,1154000) ops and (29948.5,7532.1) ops/second in (1.001719,153.209997) seconds
2026/05/26-10:00:26  ... thread 3: (29000,1154000) ops and (28971.7,7528.2) ops/second in (1.000978,153.289722) seconds
2026/05/26-10:00:27  ... thread 2: (32000,1191000) ops and (28243.8,7729.1) ops/second in (1.132991,154.092692) seconds
2026/05/26-10:00:27  ... thread 1: (31000,1194000) ops and (27321.6,7748.5) ops/second in (1.134635,154.095016) seconds
2026/05/26-10:00:27  ... thread 0: (27000,1181000) ops and (26930.4,7658.3) ops/second in (1.002583,154.212580) seconds
2026/05/26-10:00:27  ... thread 3: (26000,1180000) ops and (25973.6,7647.9) ops/second in (1.001018,154.290740) seconds
2026/05/26-10:00:28  ... thread 1: (15000,1209000) ops and (14714.1,7794.2) ops/second in (1.019432,155.114448) seconds
2026/05/26-10:00:28  ... thread 0: (13000,1194000) ops and (10760.8,7682.4) ops/second in (1.208091,155.420671) seconds
2026/05/26-10:00:28  ... thread 3: (8000,1188000) ops and (5534.8,7628.3) ops/second in (1.445397,155.736137) seconds
2026/05/26-10:00:28  ... thread 2: (15000,1206000) ops and (8276.4,7735.5) ops/second in (1.812390,155.905082) seconds
2026/05/26-10:00:29  ... thread 1: (1000,1210000) ops and (851.3,7742.1) ops/second in (1.174710,156.289158) seconds
2026/05/26-10:00:29  ... thread 0: (2000,1196000) ops and (1454.3,7627.8) ops/second in (1.375225,156.795896) seconds
2026/05/26-10:00:29  ... thread 3: (4000,1192000) ops and (3571.8,7599.3) ops/second in (1.119868,156.856005) seconds
2026/05/26-10:00:30  ... thread 2: (1000,1207000) ops and (756.4,7676.8) ops/second in (1.321997,157.227079) seconds
2026/05/26-10:00:30  ... thread 1: (1000,1211000) ops and (869.0,7691.8) ops/second in (1.150788,157.439946) seconds
2026/05/26-10:00:31  ... thread 3: (2000,1194000) ops and (1527.4,7549.1) ops/second in (1.309386,158.165391) seconds
2026/05/26-10:00:31  ... thread 0: (3000,1199000) ops and (1985.6,7573.9) ops/second in (1.510887,158.306783) seconds
2026/05/26-10:00:31  ... thread 2: (3000,1210000) ops and (2618.7,7640.2) ops/second in (1.145606,158.372685) seconds
2026/05/26-10:00:31  ... thread 1: (2000,1213000) ops and (1992.0,7655.7) ops/second in (1.004023,158.443969) seconds
2026/05/26-10:00:32  ... thread 3: (1000,1195000) ops and (904.9,7503.0) ops/second in (1.105117,159.270508) seconds
2026/05/26-10:00:32  ... thread 0: (1000,1200000) ops and (967.2,7531.0) ops/second in (1.033881,159.340664) seconds
2026/05/26-10:00:33  ... thread 1: (5000,1218000) ops and (2815.0,7602.0) ops/second in (1.776215,160.220184) seconds
2026/05/26-10:00:33  ... thread 3: (2000,1197000) ops and (1987.6,7468.3) ops/second in (1.006228,160.276736) seconds
2026/05/26-10:00:33  ... thread 2: (2000,1212000) ops and (891.0,7545.9) ops/second in (2.244746,160.617431) seconds
2026/05/26-10:00:34  ... thread 1: (3000,1221000) ops and (2824.5,7570.6) ops/second in (1.062146,161.282330) seconds
2026/05/26-10:00:34  ... thread 0: (5000,1205000) ops and (2454.0,7466.9) ops/second in (2.037476,161.378140) seconds
2026/05/26-10:00:35  ... thread 2: (3000,1215000) ops and (2052.3,7496.3) ops/second in (1.461769,162.079200) seconds
2026/05/26-10:00:35  ... thread 3: (3000,1200000) ops and (1650.8,7403.1) ops/second in (1.817302,162.094038) seconds
2026/05/26-10:00:35  ... thread 1: (3000,1224000) ops and (2450.5,7532.0) ops/second in (1.224249,162.506579) seconds
2026/05/26-10:00:35  ... thread 0: (3000,1208000) ops and (2662.6,7433.6) ops/second in (1.126728,162.504868) seconds
2026/05/26-10:00:36  ... thread 2: (1000,1216000) ops and (951.0,7454.1) ops/second in (1.051475,163.130675) seconds
2026/05/26-10:00:36  ... thread 3: (4000,1204000) ops and (2839.0,7363.8) ops/second in (1.408937,163.502975) seconds
2026/05/26-10:00:36  ... thread 0: (2000,1210000) ops and (1655.2,7391.0) ops/second in (1.208318,163.713186) seconds
2026/05/26-10:00:37  ... thread 1: (2000,1226000) ops and (1000.0,7452.6) ops/second in (1.999922,164.506501) seconds
2026/05/26-10:00:37  ... thread 3: (3000,1207000) ops and (2963.4,7336.7) ops/second in (1.012366,164.515341) seconds
2026/05/26-10:00:37  ... thread 2: (1000,1217000) ops and (719.7,7397.3) ops/second in (1.389518,164.520193) seconds
2026/05/26-10:00:38  ... thread 0: (2000,1212000) ops and (1335.4,7336.1) ops/second in (1.497651,165.210837) seconds
2026/05/26-10:00:38  ... thread 2: (2000,1219000) ops and (1567.8,7352.4) ops/second in (1.275673,165.795866) seconds
2026/05/26-10:00:39  ... thread 3: (2000,1209000) ops and (1313.4,7281.5) ops/second in (1.522769,166.038110) seconds
2026/05/26-10:00:39  ... thread 1: (1000,1227000) ops and (487.9,7366.9) ops/second in (2.049628,166.556129) seconds
2026/05/26-10:00:39  ... thread 0: (1000,1213000) ops and (593.2,7268.0) ops/second in (1.685728,166.896565) seconds
2026/05/26-10:00:39  ... thread 2: (1000,1220000) ops and (904.6,7309.7) ops/second in (1.105449,166.901315) seconds
2026/05/26-10:00:40  ... thread 3: (7000,1216000) ops and (6655.6,7277.5) ops/second in (1.051740,167.089850) seconds
2026/05/26-10:00:40  ... thread 0: (36000,1249000) ops and (35306.8,7438.2) ops/second in (1.019633,167.916198) seconds
Initializing RocksDB Options from the specified file
Initializing RocksDB Options from command-line flags
Integrated BlobDB: blob cache disabled
Keys:       16 bytes each (+ 0 bytes user-defined timestamp)
Values:     1024 bytes each (512 bytes after compression)
Entries:    1250000
Prefix:    0 bytes
Keys per prefix:    0
RawSize:    1239.8 MB (estimated)
FileSize:   629.4 MB (estimated)
Write rate: 0 bytes/second
Read rate: 0 ops/second
Compression: Snappy
Compression sampling rate: 0
Memtablerep: SkipListFactory
Perf Level: 1
WARNING: Assertions are enabled; benchmarks unnecessarily slow
------------------------------------------------
Initializing RocksDB Options from the specified file
Initializing RocksDB Options from command-line flags
Integrated BlobDB: blob cache disabled
DB path: [/tmp/rocksdb_comp_exp_db]
fillrandom   :     134.239 micros/op 29771 ops/sec 167.944 seconds 5000000 operations;   29.5 MB/s
2026/05/26-10:00:42  ... thread 3: (1000,1000) ops and (582.5,582.5) ops/second in (1.716778,1.716778) seconds
2026/05/26-10:00:42  ... thread 0: (1000,1000) ops and (576.8,576.8) ops/second in (1.733620,1.733620) seconds
2026/05/26-10:00:42  ... thread 1: (1000,1000) ops and (576.3,576.3) ops/second in (1.735269,1.735269) seconds
2026/05/26-10:00:42  ... thread 2: (1000,1000) ops and (569.1,569.1) ops/second in (1.757182,1.757182) seconds
2026/05/26-10:00:44  ... thread 0: (2000,3000) ops and (1140.1,860.1) ops/second in (1.754308,3.487928) seconds
2026/05/26-10:00:44  ... thread 1: (2000,3000) ops and (1139.1,859.3) ops/second in (1.755752,3.491021) seconds
2026/05/26-10:00:44  ... thread 2: (2000,3000) ops and (1134.0,852.1) ops/second in (1.763655,3.520837) seconds
2026/05/26-10:00:44  ... thread 3: (2000,3000) ops and (1107.9,851.8) ops/second in (1.805202,3.521980) seconds
2026/05/26-10:00:45  ... thread 3: (1000,4000) ops and (755.9,825.6) ops/second in (1.322887,4.844867) seconds
2026/05/26-10:00:45  ... thread 1: (1000,4000) ops and (727.7,822.2) ops/second in (1.374207,4.865228) seconds
2026/05/26-10:00:45  ... thread 2: (1000,4000) ops and (732.7,818.7) ops/second in (1.364807,4.885644) seconds
2026/05/26-10:00:46  ... thread 0: (2000,5000) ops and (867.6,863.1) ops/second in (2.305116,5.793044) seconds
2026/05/26-10:00:46  ... thread 3: (1000,5000) ops and (999.8,855.4) ops/second in (1.000218,5.845085) seconds
2026/05/26-10:00:47  ... thread 0: (1000,6000) ops and (881.4,866.1) ops/second in (1.134525,6.927569) seconds
2026/05/26-10:00:47  ... thread 1: (2000,6000) ops and (968.5,865.8) ops/second in (2.064998,6.930226) seconds
2026/05/26-10:00:47  ... thread 2: (2000,6000) ops and (974.9,864.9) ops/second in (2.051557,6.937201) seconds
2026/05/26-10:00:47  ... thread 3: (1000,6000) ops and (895.8,861.9) ops/second in (1.116331,6.961416) seconds
2026/05/26-10:00:49  ... thread 2: (4000,10000) ops and (3494.3,1237.3) ops/second in (1.144735,8.081936) seconds
2026/05/26-10:00:49  ... thread 1: (4000,10000) ops and (3443.2,1235.8) ops/second in (1.161712,8.091938) seconds
2026/05/26-10:00:49  ... thread 0: (4000,10000) ops and (3250.9,1225.8) ops/second in (1.230426,8.157995) seconds
2026/05/26-10:00:49  ... thread 3: (4000,10000) ops and (3317.1,1224.4) ops/second in (1.205876,8.167292) seconds
2026/05/26-10:00:50  ... thread 2: (5000,15000) ops and (4396.8,1627.1) ops/second in (1.137202,9.219138) seconds
2026/05/26-10:00:50  ... thread 1: (5000,15000) ops and (4244.2,1618.1) ops/second in (1.178084,9.270022) seconds
2026/05/26-10:00:50  ... thread 3: (5000,15000) ops and (4194.2,1602.7) ops/second in (1.192131,9.359423) seconds
2026/05/26-10:00:50  ... thread 0: (5000,15000) ops and (4127.2,1600.9) ops/second in (1.211475,9.369470) seconds
2026/05/26-10:00:51  ... thread 2: (5000,20000) ops and (4940.9,1954.8) ops/second in (1.011956,10.231094) seconds
2026/05/26-10:00:51  ... thread 1: (6000,21000) ops and (5115.8,2010.9) ops/second in (1.172832,10.442854) seconds
2026/05/26-10:00:51  ... thread 0: (6000,21000) ops and (5359.8,2002.1) ops/second in (1.119439,10.488909) seconds
2026/05/26-10:00:51  ... thread 3: (6000,21000) ops and (5304.4,2001.8) ops/second in (1.131137,10.490560) seconds
2026/05/26-10:00:52  ... thread 2: (6000,26000) ops and (5926.9,2312.5) ops/second in (1.012328,11.243422) seconds
2026/05/26-10:00:52  ... thread 1: (6000,27000) ops and (5827.7,2353.5) ops/second in (1.029563,11.472417) seconds
2026/05/26-10:00:52  ... thread 0: (6000,27000) ops and (5995.6,2349.9) ops/second in (1.000739,11.489648) seconds
2026/05/26-10:00:52  ... thread 3: (6000,27000) ops and (5893.8,2346.1) ops/second in (1.018020,11.508580) seconds
2026/05/26-10:00:53  ... thread 2: (7000,33000) ops and (6903.9,2692.3) ops/second in (1.013919,12.257341) seconds
2026/05/26-10:00:53  ... thread 0: (7000,34000) ops and (6977.2,2721.5) ops/second in (1.003271,12.492919) seconds
2026/05/26-10:00:53  ... thread 3: (7000,34000) ops and (6903.6,2715.1) ops/second in (1.013970,12.522550) seconds
2026/05/26-10:00:53  ... thread 1: (8000,35000) ops and (7492.5,2791.0) ops/second in (1.067740,12.540157) seconds
2026/05/26-10:00:54  ... thread 2: (8000,41000) ops and (7722.0,3084.3) ops/second in (1.036001,13.293342) seconds
2026/05/26-10:00:54  ... thread 0: (8000,42000) ops and (7948.0,3111.2) ops/second in (1.006543,13.499462) seconds
2026/05/26-10:00:54  ... thread 1: (9000,44000) ops and (8541.5,3236.8) ops/second in (1.053681,13.593838) seconds
2026/05/26-10:00:54  ... thread 3: (9000,43000) ops and (8333.3,3161.2) ops/second in (1.080007,13.602557) seconds
2026/05/26-10:00:55  ... thread 2: (9000,50000) ops and (8520.4,3484.4) ops/second in (1.056288,14.349630) seconds
2026/05/26-10:00:55  ... thread 0: (10000,52000) ops and (9333.1,3568.8) ops/second in (1.071454,14.570916) seconds
2026/05/26-10:00:55  ... thread 1: (9000,53000) ops and (8662.1,3622.0) ops/second in (1.039008,14.632846) seconds
2026/05/26-10:00:55  ... thread 3: (9000,52000) ops and (8530.8,3547.7) ops/second in (1.054999,14.657556) seconds
2026/05/26-10:00:56  ... thread 2: (10000,60000) ops and (9345.3,3891.1) ops/second in (1.070054,15.419684) seconds
2026/05/26-10:00:56  ... thread 0: (10000,62000) ops and (9766.7,3975.7) ops/second in (1.023884,15.594800) seconds
2026/05/26-10:00:56  ... thread 3: (10000,62000) ops and (9514.1,3946.9) ops/second in (1.051072,15.708628) seconds
2026/05/26-10:00:56  ... thread 1: (11000,64000) ops and (10077.8,4070.1) ops/second in (1.091507,15.724353) seconds
2026/05/26-10:00:57  ... thread 2: (11000,71000) ops and (10481.3,4311.1) ops/second in (1.049487,16.469171) seconds
2026/05/26-10:00:57  ... thread 0: (11000,73000) ops and (10551.0,4387.7) ops/second in (1.042557,16.637357) seconds
2026/05/26-10:00:57  ... thread 3: (11000,73000) ops and (10968.6,4368.3) ops/second in (1.002861,16.711489) seconds
2026/05/26-10:00:57  ... thread 1: (11000,75000) ops and (10803.8,4479.6) ops/second in (1.018156,16.742509) seconds
2026/05/26-10:00:58  ... thread 2: (12000,83000) ops and (11894.5,4748.8) ops/second in (1.008873,17.478044) seconds
2026/05/26-10:00:58  ... thread 0: (13000,86000) ops and (12975.4,4875.5) ops/second in (1.001893,17.639250) seconds
2026/05/26-10:00:58  ... thread 3: (14000,87000) ops and (13306.8,4897.7) ops/second in (1.052095,17.763584) seconds
2026/05/26-10:00:58  ... thread 1: (13000,88000) ops and (12707.6,4953.4) ops/second in (1.023008,17.765517) seconds
2026/05/26-10:00:59  ... thread 2: (14000,97000) ops and (13516.1,5239.3) ops/second in (1.035798,18.513842) seconds
DB path: [/tmp/rocksdb_comp_exp_db]
readrandom   :     185.816 micros/op 21394 ops/sec 18.696 seconds 400000 operations;   20.8 MB/s (98159 of 100000 found)

STATISTICS:
rocksdb.block.cache.miss COUNT : 5208179
rocksdb.block.cache.hit COUNT : 169506
rocksdb.block.cache.add COUNT : 1420454
rocksdb.block.cache.add.failures COUNT : 0
rocksdb.block.cache.index.miss COUNT : 0
rocksdb.block.cache.index.hit COUNT : 0
rocksdb.block.cache.index.add COUNT : 0
rocksdb.block.cache.index.bytes.insert COUNT : 0
rocksdb.block.cache.filter.miss COUNT : 0
rocksdb.block.cache.filter.hit COUNT : 0
rocksdb.block.cache.filter.add COUNT : 0
rocksdb.block.cache.filter.bytes.insert COUNT : 0
rocksdb.block.cache.data.miss COUNT : 5208179
rocksdb.block.cache.data.hit COUNT : 169506
rocksdb.block.cache.data.add COUNT : 1420454
rocksdb.block.cache.data.bytes.insert COUNT : 6113593568
rocksdb.block.cache.bytes.read COUNT : 729553840
rocksdb.block.cache.bytes.write COUNT : 6113593568
rocksdb.block.cache.compression.dict.miss COUNT : 0
rocksdb.block.cache.compression.dict.hit COUNT : 0
rocksdb.block.cache.compression.dict.add COUNT : 0
rocksdb.block.cache.compression.dict.bytes.insert COUNT : 0
rocksdb.block.cache.add.redundant COUNT : 25
rocksdb.block.cache.index.add.redundant COUNT : 0
rocksdb.block.cache.filter.add.redundant COUNT : 0
rocksdb.block.cache.data.add.redundant COUNT : 25
rocksdb.block.cache.compression.dict.add.redundant COUNT : 0
rocksdb.secondary.cache.hits COUNT : 0
rocksdb.secondary.cache.filter.hits COUNT : 0
rocksdb.secondary.cache.index.hits COUNT : 0
rocksdb.secondary.cache.data.hits COUNT : 0
rocksdb.compressed.secondary.cache.dummy.hits COUNT : 0
rocksdb.compressed.secondary.cache.hits COUNT : 0
rocksdb.compressed.secondary.cache.promotions COUNT : 0
rocksdb.compressed.secondary.cache.promotion.skips COUNT : 0
rocksdb.bloom.filter.useful COUNT : 0
rocksdb.bloom.filter.full.positive COUNT : 0
rocksdb.bloom.filter.full.true.positive COUNT : 0
rocksdb.bloom.filter.prefix.checked COUNT : 0
rocksdb.bloom.filter.prefix.useful COUNT : 0
rocksdb.bloom.filter.prefix.true.positive COUNT : 0
rocksdb.persistent.cache.hit COUNT : 0
rocksdb.persistent.cache.miss COUNT : 0
rocksdb.sim.block.cache.hit COUNT : 0
rocksdb.sim.block.cache.miss COUNT : 0
rocksdb.memtable.hit COUNT : 6814
rocksdb.memtable.miss COUNT : 393186
rocksdb.l0.hit COUNT : 54859
rocksdb.l1.hit COUNT : 100601
rocksdb.l2andup.hit COUNT : 230553
rocksdb.compaction.key.drop.new COUNT : 3116225
rocksdb.compaction.key.drop.obsolete COUNT : 0
rocksdb.compaction.key.drop.range_del COUNT : 0
rocksdb.compaction.key.drop.user COUNT : 0
rocksdb.compaction.range_del.drop.obsolete COUNT : 0
rocksdb.compaction.optimized.del.drop.obsolete COUNT : 0
rocksdb.compaction.cancelled COUNT : 0
rocksdb.compaction.aborted COUNT : 0
rocksdb.number.keys.written COUNT : 5000000
rocksdb.number.keys.read COUNT : 400000
rocksdb.number.keys.updated COUNT : 0
rocksdb.bytes.written COUNT : 5279118096
rocksdb.bytes.read COUNT : 402254848
rocksdb.number.db.seek COUNT : 0
rocksdb.number.db.next COUNT : 0
rocksdb.number.db.prev COUNT : 0
rocksdb.number.db.seek.found COUNT : 0
rocksdb.number.db.next.found COUNT : 0
rocksdb.number.db.prev.found COUNT : 0
rocksdb.db.iter.bytes.read COUNT : 0
rocksdb.number.iter.skip COUNT : 0
rocksdb.number.reseeks.iteration COUNT : 0
rocksdb.num.iterator.created COUNT : 0
rocksdb.num.iterator.deleted COUNT : 0
rocksdb.no.file.opens COUNT : 209
rocksdb.no.file.errors COUNT : 0
rocksdb.stall.micros COUNT : 126227469
rocksdb.db.mutex.wait.micros COUNT : 0
rocksdb.number.multiget.get COUNT : 0
rocksdb.number.multiget.keys.read COUNT : 0
rocksdb.number.multiget.bytes.read COUNT : 0
rocksdb.number.multiget.keys.found COUNT : 0
rocksdb.number.merge.failures COUNT : 0
rocksdb.getupdatessince.calls COUNT : 0
rocksdb.wal.synced COUNT : 0
rocksdb.wal.bytes COUNT : 5279118096
rocksdb.write.self COUNT : 4926508
rocksdb.write.other COUNT : 73492
rocksdb.write.wal COUNT : 5000000
rocksdb.compact.read.bytes COUNT : 9250501690
rocksdb.compact.write.bytes COUNT : 7351299118
rocksdb.flush.write.bytes COUNT : 2971774653
rocksdb.compact.read.marked.bytes COUNT : 0
rocksdb.compact.read.periodic.bytes COUNT : 0
rocksdb.compact.read.ttl.bytes COUNT : 0
rocksdb.compact.write.marked.bytes COUNT : 0
rocksdb.compact.write.periodic.bytes COUNT : 0
rocksdb.compact.write.ttl.bytes COUNT : 0
rocksdb.number.direct.load.table.properties COUNT : 0
rocksdb.number.superversion_acquires COUNT : 20
rocksdb.number.superversion_releases COUNT : 16
rocksdb.number.superversion_cleanups COUNT : 4
rocksdb.number.block.compressed COUNT : 4223838
rocksdb.number.block.decompressed COUNT : 5208385
rocksdb.bytes.compressed.from COUNT : 17802299681
rocksdb.bytes.compressed.to COUNT : 10301680652
rocksdb.bytes.compression_bypassed COUNT : 0
rocksdb.bytes.compression.rejected COUNT : 42
rocksdb.number.block_compression_bypassed COUNT : 0
rocksdb.number.block_compression_rejected COUNT : 3
rocksdb.bytes.decompressed.from COUNT : 12694143969
rocksdb.bytes.decompressed.to COUNT : 21932765784
rocksdb.merge.operation.time.nanos COUNT : 0
rocksdb.filter.operation.time.nanos COUNT : 0
rocksdb.compaction.total.time.cpu_micros COUNT : 53044652
rocksdb.row.cache.hit COUNT : 0
rocksdb.row.cache.miss COUNT : 0
rocksdb.read.amp.estimate.useful.bytes COUNT : 0
rocksdb.read.amp.total.read.bytes COUNT : 0
rocksdb.number.rate_limiter.drains COUNT : 0
rocksdb.blobdb.num.put COUNT : 0
rocksdb.blobdb.num.write COUNT : 0
rocksdb.blobdb.num.get COUNT : 0
rocksdb.blobdb.num.multiget COUNT : 0
rocksdb.blobdb.num.seek COUNT : 0
rocksdb.blobdb.num.next COUNT : 0
rocksdb.blobdb.num.prev COUNT : 0
rocksdb.blobdb.num.keys.written COUNT : 0
rocksdb.blobdb.num.keys.read COUNT : 0
rocksdb.blobdb.bytes.written COUNT : 0
rocksdb.blobdb.bytes.read COUNT : 0
rocksdb.blobdb.write.inlined COUNT : 0
rocksdb.blobdb.write.inlined.ttl COUNT : 0
rocksdb.blobdb.write.blob COUNT : 0
rocksdb.blobdb.write.blob.ttl COUNT : 0
rocksdb.blobdb.blob.file.bytes.written COUNT : 0
rocksdb.blobdb.blob.file.bytes.read COUNT : 0
rocksdb.blobdb.blob.file.synced COUNT : 0
rocksdb.blobdb.blob.index.expired.count COUNT : 0
rocksdb.blobdb.blob.index.expired.size COUNT : 0
rocksdb.blobdb.blob.index.evicted.count COUNT : 0
rocksdb.blobdb.blob.index.evicted.size COUNT : 0
rocksdb.blobdb.gc.num.files COUNT : 0
rocksdb.blobdb.gc.num.new.files COUNT : 0
rocksdb.blobdb.gc.failures COUNT : 0
rocksdb.blobdb.gc.num.keys.relocated COUNT : 0
rocksdb.blobdb.gc.bytes.relocated COUNT : 0
rocksdb.blobdb.fifo.num.files.evicted COUNT : 0
rocksdb.blobdb.fifo.num.keys.evicted COUNT : 0
rocksdb.blobdb.fifo.bytes.evicted COUNT : 0
rocksdb.blobdb.cache.miss COUNT : 0
rocksdb.blobdb.cache.hit COUNT : 0
rocksdb.blobdb.cache.add COUNT : 0
rocksdb.blobdb.cache.add.failures COUNT : 0
rocksdb.blobdb.cache.bytes.read COUNT : 0
rocksdb.blobdb.cache.bytes.write COUNT : 0
rocksdb.txn.overhead.mutex.prepare COUNT : 0
rocksdb.txn.overhead.mutex.old.commit.map COUNT : 0
rocksdb.txn.overhead.duplicate.key COUNT : 0
rocksdb.txn.overhead.mutex.snapshot COUNT : 0
rocksdb.txn.get.tryagain COUNT : 0
rocksdb.files.marked.trash COUNT : 0
rocksdb.files.marked.trash.deleted COUNT : 0
rocksdb.files.deleted.immediately COUNT : 262
rocksdb.error.handler.bg.error.count COUNT : 0
rocksdb.error.handler.bg.io.error.count COUNT : 0
rocksdb.error.handler.bg.retryable.io.error.count COUNT : 0
rocksdb.error.handler.autoresume.count COUNT : 0
rocksdb.error.handler.autoresume.retry.total.count COUNT : 0
rocksdb.error.handler.autoresume.success.count COUNT : 0
rocksdb.memtable.payload.bytes.at.flush COUNT : 5217281456
rocksdb.memtable.garbage.bytes.at.flush COUNT : 127474528
rocksdb.verify_checksum.read.bytes COUNT : 0
rocksdb.backup.read.bytes COUNT : 0
rocksdb.backup.write.bytes COUNT : 0
rocksdb.remote.compact.read.bytes COUNT : 0
rocksdb.remote.compact.write.bytes COUNT : 0
rocksdb.remote.compact.resumed.bytes COUNT : 0
rocksdb.hot.file.read.bytes COUNT : 0
rocksdb.warm.file.read.bytes COUNT : 0
rocksdb.cool.file.read.bytes COUNT : 0
rocksdb.cold.file.read.bytes COUNT : 0
rocksdb.ice.file.read.bytes COUNT : 0
rocksdb.hot.file.read.count COUNT : 0
rocksdb.warm.file.read.count COUNT : 0
rocksdb.cool.file.read.count COUNT : 0
rocksdb.cold.file.read.count COUNT : 0
rocksdb.ice.file.read.count COUNT : 0
rocksdb.last.level.read.bytes COUNT : 0
rocksdb.last.level.read.count COUNT : 0
rocksdb.non.last.level.read.bytes COUNT : 12720448386
rocksdb.non.last.level.read.count COUNT : 5209015
rocksdb.last.level.seek.filtered COUNT : 0
rocksdb.last.level.seek.filter.match COUNT : 0
rocksdb.last.level.seek.data COUNT : 0
rocksdb.last.level.seek.data.useful.no.filter COUNT : 0
rocksdb.last.level.seek.data.useful.filter.match COUNT : 0
rocksdb.non.last.level.seek.filtered COUNT : 0
rocksdb.non.last.level.seek.filter.match COUNT : 0
rocksdb.non.last.level.seek.data COUNT : 0
rocksdb.non.last.level.seek.data.useful.no.filter COUNT : 0
rocksdb.non.last.level.seek.data.useful.filter.match COUNT : 0
rocksdb.block.checksum.compute.count COUNT : 5208597
rocksdb.block.checksum.mismatch.count COUNT : 0
rocksdb.multiget.coroutine.count COUNT : 0
rocksdb.read.async.micros COUNT : 0
rocksdb.async.read.error.count COUNT : 0
rocksdb.table.open.prefetch.tail.miss COUNT : 0
rocksdb.table.open.prefetch.tail.hit COUNT : 0
rocksdb.timestamp.filter.table.checked COUNT : 0
rocksdb.timestamp.filter.table.filtered COUNT : 0
rocksdb.readahead.trimmed COUNT : 0
rocksdb.fifo.max.size.compactions COUNT : 0
rocksdb.fifo.ttl.compactions COUNT : 0
rocksdb.fifo.change_temperature.compactions COUNT : 0
rocksdb.prefetch.bytes COUNT : 0
rocksdb.prefetch.bytes.useful COUNT : 0
rocksdb.prefetch.hits COUNT : 0
rocksdb.footer.corruption.count COUNT : 0
rocksdb.file.read.corruption.retry.count COUNT : 0
rocksdb.file.read.corruption.retry.success.count COUNT : 0
rocksdb.number.wbwi.ingest COUNT : 0
rocksdb.sst.user.defined.index.load.fail.count COUNT : 0
rocksdb.multiscan.prepare.calls COUNT : 0
rocksdb.multiscan.prepare.errors COUNT : 0
rocksdb.multiscan.blocks.prefetched COUNT : 0
rocksdb.multiscan.blocks.from.cache COUNT : 0
rocksdb.multiscan.prefetch.bytes COUNT : 0
rocksdb.multiscan.prefetch.blocks.wasted COUNT : 0
rocksdb.multiscan.io.requests COUNT : 0
rocksdb.multiscan.io.coalesced.nonadjacent COUNT : 0
rocksdb.multiscan.seek.errors COUNT : 0
rocksdb.prefetch.memory.bytes.granted COUNT : 0
rocksdb.prefetch.memory.bytes.released COUNT : 0
rocksdb.prefetch.memory.requests.blocked COUNT : 0
rocksdb.read.path.range.tombstones.inserted COUNT : 0
rocksdb.read.path.range.tombstones.discarded COUNT : 0
rocksdb.file.open.metadata.retrieved COUNT : 0
rocksdb.file.open.metadata.passed COUNT : 0
rocksdb.manifest.validation.failure.count COUNT : 0
rocksdb.db.get.micros P50 : 33.053269 P95 : 1133.339884 P99 : 1892.982058 P100 : 571085.000000 COUNT : 400000 SUM : 74139916
rocksdb.db.write.micros P50 : 5.882415 P95 : 50.043714 P99 : 2026.111983 P100 : 748879.000000 COUNT : 5000000 SUM : 666838405
rocksdb.compaction.times.micros P50 : 4400000.000000 P95 : 8975000.000000 P99 : 9286770.000000 P100 : 9286770.000000 COUNT : 35 SUM : 160635992
rocksdb.compaction.times.cpu_micros P50 : 1410000.000000 P95 : 3047999.000000 P99 : 3047999.000000 P100 : 3047999.000000 COUNT : 35 SUM : 53044652
rocksdb.subcompaction.setup.times.micros P50 : 0.000000 P95 : 0.000000 P99 : 0.000000 P100 : 0.000000 COUNT : 0 SUM : 0
rocksdb.table.sync.micros P50 : 341228.070175 P95 : 1064000.000000 P99 : 1127395.000000 P100 : 1127395.000000 COUNT : 80 SUM : 37030517
rocksdb.compaction.outfile.sync.micros P50 : 563666.666667 P95 : 1048700.000000 P99 : 1448500.000000 P100 : 1487941.000000 COUNT : 129 SUM : 70085055
rocksdb.wal.file.sync.micros P50 : 0.000000 P95 : 0.000000 P99 : 0.000000 P100 : 0.000000 COUNT : 0 SUM : 0
rocksdb.manifest.file.sync.micros P50 : 5619.801980 P95 : 9867.000000 P99 : 17002.000000 P100 : 17002.000000 COUNT : 122 SUM : 713320
rocksdb.table.open.io.micros P50 : 717.839506 P95 : 4521.000000 P99 : 6360.200000 P100 : 7073.000000 COUNT : 209 SUM : 214871
rocksdb.db.multiget.micros P50 : 0.000000 P95 : 0.000000 P99 : 0.000000 P100 : 0.000000 COUNT : 0 SUM : 0
rocksdb.read.block.compaction.micros P50 : 3.258094 P95 : 5.743959 P99 : 10.029169 P100 : 647172.000000 COUNT : 3787725 SUM : 50718629
rocksdb.read.block.get.micros P50 : 5.096639 P95 : 11.261771 P99 : 1221.929857 P100 : 561808.000000 COUNT : 1420663 SUM : 68683956
rocksdb.write.raw.block.micros P50 : 0.523851 P95 : 0.995318 P99 : 2.340707 P100 : 12020.000000 COUNT : 4224259 SUM : 10669975
rocksdb.numfiles.in.singlecompaction P50 : 3.250000 P95 : 11.000000 P99 : 11.000000 P100 : 11.000000 COUNT : 38 SUM : 191
rocksdb.db.seek.micros P50 : 0.000000 P95 : 0.000000 P99 : 0.000000 P100 : 0.000000 COUNT : 0 SUM : 0
rocksdb.db.write.stall P50 : 1128.303826 P95 : 2596.864282 P99 : 2850.123889 P100 : 747668.000000 COUNT : 90458 SUM : 126227469
rocksdb.sst.read.micros P50 : 0.755503 P95 : 1.986655 P99 : 8.882210 P100 : 647140.000000 COUNT : 5209015 SUM : 101917977
rocksdb.file.read.flush.micros P50 : 4.235294 P95 : 62.842105 P99 : 107.733333 P100 : 875.000000 COUNT : 320 SUM : 6101
rocksdb.file.read.compaction.micros P50 : 0.657436 P95 : 1.929613 P99 : 5.474006 P100 : 647140.000000 COUNT : 3788241 SUM : 40045253
rocksdb.file.read.db.open.micros P50 : 0.000000 P95 : 0.000000 P99 : 0.000000 P100 : 0.000000 COUNT : 0 SUM : 0
rocksdb.file.read.get.micros P50 : 0.000000 P95 : 0.000000 P99 : 0.000000 P100 : 0.000000 COUNT : 0 SUM : 0
rocksdb.file.read.multiget.micros P50 : 0.000000 P95 : 0.000000 P99 : 0.000000 P100 : 0.000000 COUNT : 0 SUM : 0
rocksdb.file.read.db.iterator.micros P50 : 0.000000 P95 : 0.000000 P99 : 0.000000 P100 : 0.000000 COUNT : 0 SUM : 0
rocksdb.file.read.verify.db.checksum.micros P50 : 0.000000 P95 : 0.000000 P99 : 0.000000 P100 : 0.000000 COUNT : 0 SUM : 0
rocksdb.file.read.verify.file.checksums.micros P50 : 0.000000 P95 : 0.000000 P99 : 0.000000 P100 : 0.000000 COUNT : 0 SUM : 0
rocksdb.sst.write.micros P50 : 0.501531 P95 : 0.952909 P99 : 0.993031 P100 : 12016.000000 COUNT : 8448727 SUM : 8561805
rocksdb.file.write.flush.micros P50 : 0.501500 P95 : 0.952850 P99 : 0.992970 P100 : 12016.000000 COUNT : 2428960 SUM : 2693958
rocksdb.file.write.compaction.micros P50 : 0.501543 P95 : 0.952932 P99 : 0.993055 P100 : 11507.000000 COUNT : 6019767 SUM : 5867847
rocksdb.file.write.db.open.micros P50 : 0.000000 P95 : 0.000000 P99 : 0.000000 P100 : 0.000000 COUNT : 0 SUM : 0
rocksdb.num.subcompactions.scheduled P50 : 0.000000 P95 : 0.000000 P99 : 0.000000 P100 : 0.000000 COUNT : 0 SUM : 0
rocksdb.bytes.per.read P50 : 1024.000000 P95 : 1024.000000 P99 : 1024.000000 P100 : 1024.000000 COUNT : 400000 SUM : 402254848
rocksdb.bytes.per.write P50 : 1086.823045 P95 : 1281.963785 P99 : 1299.309628 P100 : 4188.000000 COUNT : 4926508 SUM : 5279118096
rocksdb.bytes.per.multiget P50 : 0.000000 P95 : 0.000000 P99 : 0.000000 P100 : 0.000000 COUNT : 0 SUM : 0
rocksdb.compression.times.nanos P50 : 0.000000 P95 : 0.000000 P99 : 0.000000 P100 : 0.000000 COUNT : 0 SUM : 0
rocksdb.decompression.times.nanos P50 : 0.000000 P95 : 0.000000 P99 : 0.000000 P100 : 0.000000 COUNT : 0 SUM : 0
rocksdb.read.num.merge_operands P50 : 0.000000 P95 : 0.000000 P99 : 0.000000 P100 : 0.000000 COUNT : 0 SUM : 0
rocksdb.blobdb.key.size P50 : 0.000000 P95 : 0.000000 P99 : 0.000000 P100 : 0.000000 COUNT : 0 SUM : 0
rocksdb.blobdb.value.size P50 : 0.000000 P95 : 0.000000 P99 : 0.000000 P100 : 0.000000 COUNT : 0 SUM : 0
rocksdb.blobdb.write.micros P50 : 0.000000 P95 : 0.000000 P99 : 0.000000 P100 : 0.000000 COUNT : 0 SUM : 0
rocksdb.blobdb.get.micros P50 : 0.000000 P95 : 0.000000 P99 : 0.000000 P100 : 0.000000 COUNT : 0 SUM : 0
rocksdb.blobdb.multiget.micros P50 : 0.000000 P95 : 0.000000 P99 : 0.000000 P100 : 0.000000 COUNT : 0 SUM : 0
rocksdb.blobdb.seek.micros P50 : 0.000000 P95 : 0.000000 P99 : 0.000000 P100 : 0.000000 COUNT : 0 SUM : 0
rocksdb.blobdb.next.micros P50 : 0.000000 P95 : 0.000000 P99 : 0.000000 P100 : 0.000000 COUNT : 0 SUM : 0
rocksdb.blobdb.prev.micros P50 : 0.000000 P95 : 0.000000 P99 : 0.000000 P100 : 0.000000 COUNT : 0 SUM : 0
rocksdb.blobdb.blob.file.write.micros P50 : 0.000000 P95 : 0.000000 P99 : 0.000000 P100 : 0.000000 COUNT : 0 SUM : 0
rocksdb.blobdb.blob.file.read.micros P50 : 0.000000 P95 : 0.000000 P99 : 0.000000 P100 : 0.000000 COUNT : 0 SUM : 0
rocksdb.blobdb.blob.file.sync.micros P50 : 0.000000 P95 : 0.000000 P99 : 0.000000 P100 : 0.000000 COUNT : 0 SUM : 0
rocksdb.blobdb.compression.micros P50 : 0.000000 P95 : 0.000000 P99 : 0.000000 P100 : 0.000000 COUNT : 0 SUM : 0
rocksdb.blobdb.decompression.micros P50 : 0.000000 P95 : 0.000000 P99 : 0.000000 P100 : 0.000000 COUNT : 0 SUM : 0
rocksdb.db.flush.micros P50 : 529019.607843 P95 : 1154666.666667 P99 : 1279760.000000 P100 : 1279760.000000 COUNT : 80 SUM : 51850148
rocksdb.sst.batch.size P50 : 0.000000 P95 : 0.000000 P99 : 0.000000 P100 : 0.000000 COUNT : 0 SUM : 0
rocksdb.multiget.io.batch.size P50 : 0.000000 P95 : 0.000000 P99 : 0.000000 P100 : 0.000000 COUNT : 0 SUM : 0
rocksdb.num.index.and.filter.blocks.read.per.level P50 : 0.000000 P95 : 0.000000 P99 : 0.000000 P100 : 0.000000 COUNT : 0 SUM : 0
rocksdb.num.sst.read.per.level P50 : 0.000000 P95 : 0.000000 P99 : 0.000000 P100 : 0.000000 COUNT : 0 SUM : 0
rocksdb.num.level.read.per.multiget P50 : 0.000000 P95 : 0.000000 P99 : 0.000000 P100 : 0.000000 COUNT : 0 SUM : 0
rocksdb.error.handler.autoresume.retry.count P50 : 0.000000 P95 : 0.000000 P99 : 0.000000 P100 : 0.000000 COUNT : 0 SUM : 0
rocksdb.async.read.bytes P50 : 0.000000 P95 : 0.000000 P99 : 0.000000 P100 : 0.000000 COUNT : 0 SUM : 0
rocksdb.poll.wait.micros P50 : 0.000000 P95 : 0.000000 P99 : 0.000000 P100 : 0.000000 COUNT : 0 SUM : 0
rocksdb.compaction.prefetch.bytes P50 : 0.000000 P95 : 0.000000 P99 : 0.000000 P100 : 0.000000 COUNT : 0 SUM : 0
rocksdb.prefetched.bytes.discarded P50 : 0.000000 P95 : 0.000000 P99 : 0.000000 P100 : 0.000000 COUNT : 0 SUM : 0
rocksdb.async.prefetch.abort.micros P50 : 0.000000 P95 : 0.000000 P99 : 0.000000 P100 : 0.000000 COUNT : 0 SUM : 0
rocksdb.table.open.prefetch.tail.read.bytes P50 : 0.000000 P95 : 0.000000 P99 : 0.000000 P100 : 0.000000 COUNT : 0 SUM : 0
rocksdb.num.op.per.transaction P50 : 0.000000 P95 : 0.000000 P99 : 0.000000 P100 : 0.000000 COUNT : 0 SUM : 0
rocksdb.multiscan.op.prepare.iterators.micros P50 : 0.000000 P95 : 0.000000 P99 : 0.000000 P100 : 0.000000 COUNT : 0 SUM : 0
rocksdb.multiscan.prepare.micros P50 : 0.000000 P95 : 0.000000 P99 : 0.000000 P100 : 0.000000 COUNT : 0 SUM : 0
rocksdb.multiscan.blocks.per.prepare P50 : 0.000000 P95 : 0.000000 P99 : 0.000000 P100 : 0.000000 COUNT : 0 SUM : 0
rocksdb.block.key.distribution.cv P50 : 0.000000 P95 : 0.000000 P99 : 0.000000 P100 : 0.000000 COUNT : 0 SUM : 0

[EXPERIMENT_COMPLETED]
