RocksDB:    version 11.3.0
Date:       Tue May 26 10:09:30 2026
CPU:        2 * Intel Xeon Processor (SapphireRapids)
CPUCache:   16384 KB
2026/05/26-10:09:31  ... thread 1: (34000,34000) ops and (33981.9,33981.9) ops/second in (1.000533,1.000533) seconds
2026/05/26-10:09:31  ... thread 3: (35000,35000) ops and (34618.4,34618.4) ops/second in (1.011024,1.011024) seconds
2026/05/26-10:09:31  ... thread 0: (36000,36000) ops and (35551.1,35551.1) ops/second in (1.012628,1.012628) seconds
2026/05/26-10:09:31  ... thread 2: (34000,34000) ops and (33415.3,33415.3) ops/second in (1.017499,1.017499) seconds
2026/05/26-10:09:32  ... thread 1: (28000,62000) ops and (27679.0,30813.1) ops/second in (1.011599,2.012132) seconds
2026/05/26-10:09:32  ... thread 0: (31000,67000) ops and (30731.3,33145.8) ops/second in (1.008743,2.021371) seconds
2026/05/26-10:09:32  ... thread 3: (29000,64000) ops and (28505.7,31552.5) ops/second in (1.017340,2.028364) seconds
2026/05/26-10:09:32  ... thread 2: (31000,65000) ops and (30635.1,32029.0) ops/second in (1.011912,2.029411) seconds
2026/05/26-10:09:33  ... thread 1: (26000,88000) ops and (25865.9,29165.0) ops/second in (1.005185,3.017317) seconds
2026/05/26-10:09:33  ... thread 3: (28000,92000) ops and (27933.2,30355.5) ops/second in (1.002392,3.030756) seconds
2026/05/26-10:09:33  ... thread 0: (27000,94000) ops and (26739.4,31011.7) ops/second in (1.009746,3.031117) seconds
2026/05/26-10:09:33  ... thread 2: (29000,94000) ops and (28632.1,30898.1) ops/second in (1.012848,3.042259) seconds
2026/05/26-10:09:34  ... thread 3: (11000,103000) ops and (10929.3,25512.6) ops/second in (1.006471,4.037227) seconds
2026/05/26-10:09:34  ... thread 1: (12000,100000) ops and (11778.5,24776.3) ops/second in (1.018803,4.036120) seconds
2026/05/26-10:09:34  ... thread 2: (13000,107000) ops and (12932.9,26436.4) ops/second in (1.005190,4.047449) seconds
2026/05/26-10:09:34  ... thread 0: (13000,107000) ops and (12773.8,26427.4) ops/second in (1.017708,4.048825) seconds
2026/05/26-10:09:35  ... thread 3: (8000,111000) ops and (7998.0,22034.8) ops/second in (1.000251,5.037478) seconds
2026/05/26-10:09:35  ... thread 1: (8000,108000) ops and (7952.5,21419.7) ops/second in (1.005975,5.042095) seconds
2026/05/26-10:09:35  ... thread 2: (8000,115000) ops and (7983.9,22774.7) ops/second in (1.002017,5.049466) seconds
2026/05/26-10:09:35  ... thread 0: (9000,116000) ops and (8985.2,22968.1) ops/second in (1.001650,5.050475) seconds
2026/05/26-10:09:36  ... thread 0: (28000,144000) ops and (27971.7,23795.8) ops/second in (1.001010,6.051485) seconds
2026/05/26-10:09:36  ... thread 3: (30000,141000) ops and (29263.2,23257.1) ops/second in (1.025177,6.062655) seconds
2026/05/26-10:09:36  ... thread 1: (29000,137000) ops and (28063.5,22549.7) ops/second in (1.033371,6.075466) seconds
2026/05/26-10:09:36  ... thread 2: (27000,142000) ops and (25819.3,23297.0) ops/second in (1.045729,6.095195) seconds
2026/05/26-10:09:37  ... thread 2: (16000,158000) ops and (14391.6,21923.3) ops/second in (1.111757,7.206952) seconds
2026/05/26-10:09:38  ... thread 3: (15000,156000) ops and (13010.8,21620.0) ops/second in (1.152888,7.215543) seconds
2026/05/26-10:09:38  ... thread 1: (14000,151000) ops and (12061.0,20867.2) ops/second in (1.160765,7.236231) seconds
2026/05/26-10:09:38  ... thread 0: (16000,160000) ops and (13321.7,22061.3) ops/second in (1.201047,7.252532) seconds
2026/05/26-10:09:39  ... thread 2: (31000,189000) ops and (19571.9,21499.6) ops/second in (1.583900,8.790852) seconds
2026/05/26-10:09:39  ... thread 3: (31000,187000) ops and (19582.9,21253.5) ops/second in (1.583011,8.798554) seconds
2026/05/26-10:09:39  ... thread 0: (33000,193000) ops and (21260.5,21920.1) ops/second in (1.552174,8.804706) seconds
2026/05/26-10:09:39  ... thread 1: (29000,180000) ops and (18321.7,20410.4) ops/second in (1.582820,8.819051) seconds
2026/05/26-10:09:40  ... thread 0: (15000,208000) ops and (12880.0,20864.0) ops/second in (1.164597,9.969303) seconds
2026/05/26-10:09:40  ... thread 1: (15000,195000) ops and (12940.2,19542.6) ops/second in (1.159175,9.978226) seconds
2026/05/26-10:09:40  ... thread 3: (15000,202000) ops and (12618.6,20225.7) ops/second in (1.188719,9.987273) seconds
2026/05/26-10:09:40  ... thread 2: (17000,206000) ops and (14153.2,20616.5) ops/second in (1.201144,9.991996) seconds
2026/05/26-10:09:41  ... thread 3: (15000,217000) ops and (14134.4,19640.7) ops/second in (1.061239,11.048512) seconds
2026/05/26-10:09:41  ... thread 1: (14000,209000) ops and (13079.8,18916.5) ops/second in (1.070351,11.048577) seconds
2026/05/26-10:09:41  ... thread 2: (17000,223000) ops and (16019.4,20175.1) ops/second in (1.061216,11.053212) seconds
2026/05/26-10:09:41  ... thread 0: (16000,224000) ops and (14613.8,20245.6) ops/second in (1.094855,11.064158) seconds
2026/05/26-10:09:43  ... thread 2: (14000,237000) ops and (11270.5,19275.5) ops/second in (1.242185,12.295397) seconds
2026/05/26-10:09:43  ... thread 0: (14000,238000) ops and (11347.7,19352.9) ops/second in (1.233733,12.297891) seconds
2026/05/26-10:09:43  ... thread 1: (19000,228000) ops and (15088.3,18524.8) ops/second in (1.259256,12.307833) seconds
2026/05/26-10:09:43  ... thread 3: (16000,233000) ops and (12412.3,18885.4) ops/second in (1.289043,12.337555) seconds
2026/05/26-10:09:44  ... thread 0: (29000,267000) ops and (18998.7,19313.8) ops/second in (1.526419,13.824310) seconds
2026/05/26-10:09:44  ... thread 3: (32000,265000) ops and (21468.1,19163.8) ops/second in (1.490586,13.828141) seconds
2026/05/26-10:09:44  ... thread 2: (33000,270000) ops and (21499.7,19522.3) ops/second in (1.534907,13.830304) seconds
2026/05/26-10:09:44  ... thread 1: (31000,259000) ops and (19635.7,18651.1) ops/second in (1.578760,13.886593) seconds
2026/05/26-10:09:45  ... thread 2: (15000,285000) ops and (12864.9,19004.7) ops/second in (1.165966,14.996270) seconds
2026/05/26-10:09:45  ... thread 3: (16000,281000) ops and (13663.9,18734.4) ops/second in (1.170972,14.999113) seconds
2026/05/26-10:09:45  ... thread 0: (16000,283000) ops and (13633.8,18869.3) ops/second in (1.173558,14.997868) seconds
2026/05/26-10:09:45  ... thread 1: (14000,273000) ops and (12549.9,18197.4) ops/second in (1.115549,15.002142) seconds
2026/05/26-10:09:47  ... thread 0: (15000,298000) ops and (12081.4,18350.4) ops/second in (1.241578,16.239446) seconds
2026/05/26-10:09:47  ... thread 1: (15000,288000) ops and (11995.6,17720.2) ops/second in (1.250454,16.252596) seconds
2026/05/26-10:09:47  ... thread 3: (16000,297000) ops and (12462.0,18239.9) ops/second in (1.283906,16.283019) seconds
2026/05/26-10:09:47  ... thread 2: (17000,302000) ops and (13032.7,18526.8) ops/second in (1.304414,16.300684) seconds
2026/05/26-10:09:48  ... thread 0: (17000,315000) ops and (14175.4,18063.3) ops/second in (1.199263,17.438709) seconds
2026/05/26-10:09:48  ... thread 2: (14000,316000) ops and (12280.7,18118.6) ops/second in (1.140000,17.440684) seconds
2026/05/26-10:09:48  ... thread 1: (14000,302000) ops and (11695.4,17306.9) ops/second in (1.197053,17.449649) seconds
2026/05/26-10:09:48  ... thread 3: (16000,313000) ops and (13610.6,17928.2) ops/second in (1.175558,17.458577) seconds
2026/05/26-10:09:49  ... thread 0: (23000,338000) ops and (22951.3,18328.9) ops/second in (1.002120,18.440829) seconds
2026/05/26-10:09:49  ... thread 2: (23000,339000) ops and (22547.3,18363.3) ops/second in (1.020080,18.460764) seconds
2026/05/26-10:09:49  ... thread 3: (26000,339000) ops and (25522.5,18346.9) ops/second in (1.018709,18.477286) seconds
2026/05/26-10:09:49  ... thread 1: (26000,328000) ops and (25383.5,17754.7) ops/second in (1.024288,18.473937) seconds
2026/05/26-10:09:50  ... thread 0: (24000,362000) ops and (14203.3,17982.6) ops/second in (1.689747,20.130576) seconds
2026/05/26-10:09:50  ... thread 1: (22000,350000) ops and (13254.0,17383.7) ops/second in (1.659877,20.133814) seconds
2026/05/26-10:09:50  ... thread 3: (20000,359000) ops and (12063.6,17829.5) ops/second in (1.657881,20.135167) seconds
2026/05/26-10:09:50  ... thread 2: (23000,362000) ops and (13690.1,17973.5) ops/second in (1.680049,20.140813) seconds
2026/05/26-10:09:51  ... thread 3: (29000,388000) ops and (28917.8,18355.6) ops/second in (1.002843,21.138010) seconds
2026/05/26-10:09:51  ... thread 1: (29000,379000) ops and (28642.3,17922.8) ops/second in (1.012490,21.146304) seconds
2026/05/26-10:09:51  ... thread 2: (27000,389000) ops and (26698.8,18390.6) ops/second in (1.011283,21.152096) seconds
2026/05/26-10:09:51  ... thread 0: (26000,388000) ops and (25325.1,18338.9) ops/second in (1.026650,21.157226) seconds
2026/05/26-10:09:52  ... thread 3: (9000,397000) ops and (8922.1,17925.9) ops/second in (1.008728,22.146738) seconds
2026/05/26-10:09:52  ... thread 2: (9000,398000) ops and (8956.1,17962.7) ops/second in (1.004903,22.156999) seconds
2026/05/26-10:09:52  ... thread 0: (9000,397000) ops and (8957.4,17913.6) ops/second in (1.004758,22.161984) seconds
2026/05/26-10:09:52  ... thread 1: (8000,387000) ops and (7731.7,17447.4) ops/second in (1.034697,22.181001) seconds
2026/05/26-10:09:54  ... thread 2: (11000,409000) ops and (7172.7,17264.2) ops/second in (1.533585,23.690584) seconds
2026/05/26-10:09:54  ... thread 1: (10000,397000) ops and (6559.6,16747.2) ops/second in (1.524491,23.705492) seconds
2026/05/26-10:09:54  ... thread 3: (12000,409000) ops and (7667.7,17248.8) ops/second in (1.565005,23.711743) seconds
2026/05/26-10:09:54  ... thread 0: (13000,410000) ops and (8396.4,17292.1) ops/second in (1.548285,23.710269) seconds
2026/05/26-10:09:55  ... thread 2: (4000,413000) ops and (3185.0,16555.5) ops/second in (1.255872,24.946456) seconds
2026/05/26-10:09:56  ... thread 1: (3000,400000) ops and (1938.6,15839.7) ops/second in (1.547543,25.253035) seconds
2026/05/26-10:09:56  ... thread 3: (2000,411000) ops and (1276.8,16259.1) ops/second in (1.566398,25.278141) seconds
2026/05/26-10:09:56  ... thread 2: (3000,416000) ops and (2922.6,16016.7) ops/second in (1.026476,25.972932) seconds
2026/05/26-10:09:57  ... thread 1: (1000,401000) ops and (931.2,15231.6) ops/second in (1.073851,26.326886) seconds
2026/05/26-10:09:57  ... thread 0: (2000,412000) ops and (683.1,15466.5) ops/second in (2.927895,26.638164) seconds
2026/05/26-10:09:57  ... thread 3: (3000,414000) ops and (1859.8,15395.4) ops/second in (1.613088,26.891229) seconds
2026/05/26-10:09:57  ... thread 2: (3000,419000) ops and (2494.4,15418.2) ops/second in (1.202694,27.175626) seconds
2026/05/26-10:09:58  ... thread 1: (3000,404000) ops and (2566.9,14693.3) ops/second in (1.168718,27.495604) seconds
2026/05/26-10:09:58  ... thread 0: (1000,413000) ops and (902.1,14884.7) ops/second in (1.108473,27.746637) seconds
2026/05/26-10:09:58  ... thread 3: (1000,415000) ops and (882.2,14808.3) ops/second in (1.133538,28.024767) seconds
2026/05/26-10:09:59  ... thread 2: (2000,421000) ops and (1654.7,14832.1) ops/second in (1.208689,28.384315) seconds
2026/05/26-10:09:59  ... thread 1: (8000,412000) ops and (7946.4,14454.9) ops/second in (1.006748,28.502352) seconds
2026/05/26-10:09:59  ... thread 0: (17000,430000) ops and (16762.2,14950.9) ops/second in (1.014186,28.760823) seconds
2026/05/26-10:10:00  ... thread 3: (21000,436000) ops and (17240.6,14909.6) ops/second in (1.218056,29.242823) seconds
2026/05/26-10:10:00  ... thread 2: (25000,446000) ops and (24866.9,15175.4) ops/second in (1.005352,29.389667) seconds
2026/05/26-10:10:00  ... thread 1: (22000,434000) ops and (21519.2,14699.6) ops/second in (1.022341,29.524693) seconds
2026/05/26-10:10:01  ... thread 3: (16000,452000) ops and (14190.0,14882.9) ops/second in (1.127556,30.370379) seconds
2026/05/26-10:10:01  ... thread 0: (25000,455000) ops and (15433.2,14976.6) ops/second in (1.619885,30.380708) seconds
2026/05/26-10:10:01  ... thread 2: (13000,459000) ops and (12708.0,15092.4) ops/second in (1.022978,30.412645) seconds
2026/05/26-10:10:01  ... thread 1: (15000,449000) ops and (14927.3,14707.1) ops/second in (1.004871,30.529564) seconds
2026/05/26-10:10:02  ... thread 3: (15000,467000) ops and (13781.5,14844.8) ops/second in (1.088417,31.458796) seconds
2026/05/26-10:10:02  ... thread 0: (14000,469000) ops and (12934.4,14906.4) ops/second in (1.082389,31.463097) seconds
2026/05/26-10:10:02  ... thread 2: (12000,471000) ops and (11219.9,14960.8) ops/second in (1.069524,31.482169) seconds
2026/05/26-10:10:02  ... thread 1: (15000,464000) ops and (14660.0,14705.5) ops/second in (1.023191,31.552755) seconds
2026/05/26-10:10:03  ... thread 3: (25000,492000) ops and (24794.0,15153.8) ops/second in (1.008310,32.467106) seconds
2026/05/26-10:10:03  ... thread 0: (30000,499000) ops and (29773.9,15367.7) ops/second in (1.007595,32.470692) seconds
2026/05/26-10:10:03  ... thread 2: (29000,500000) ops and (28623.0,15386.8) ops/second in (1.013170,32.495339) seconds
2026/05/26-10:10:03  ... thread 1: (25000,489000) ops and (22064.3,14960.6) ops/second in (1.133054,32.685809) seconds
2026/05/26-10:10:05  ... thread 0: (21000,520000) ops and (10665.4,15098.9) ops/second in (1.968983,34.439675) seconds
2026/05/26-10:10:05  ... thread 3: (21000,513000) ops and (10422.0,14877.3) ops/second in (2.014964,34.482070) seconds
2026/05/26-10:10:05  ... thread 2: (18000,518000) ops and (8931.9,15009.9) ops/second in (2.015252,34.510591) seconds
2026/05/26-10:10:05  ... thread 1: (16000,505000) ops and (8271.2,14586.8) ops/second in (1.934418,34.620227) seconds
2026/05/26-10:10:06  ... thread 0: (2000,522000) ops and (1870.9,14700.6) ops/second in (1.068986,35.508661) seconds
2026/05/26-10:10:06  ... thread 2: (2000,520000) ops and (1933.7,14629.4) ops/second in (1.034276,35.544867) seconds
2026/05/26-10:10:06  ... thread 3: (2000,515000) ops and (1490.8,14376.0) ops/second in (1.341531,35.823601) seconds
2026/05/26-10:10:06  ... thread 1: (2000,507000) ops and (1314.8,14028.3) ops/second in (1.521122,36.141349) seconds
2026/05/26-10:10:07  ... thread 2: (2000,522000) ops and (1632.7,14196.4) ops/second in (1.224957,36.769824) seconds
2026/05/26-10:10:07  ... thread 0: (2000,524000) ops and (1367.0,14173.0) ops/second in (1.463016,36.971677) seconds
2026/05/26-10:10:07  ... thread 3: (2000,517000) ops and (1448.3,13896.2) ops/second in (1.380934,37.204535) seconds
2026/05/26-10:10:07  ... thread 1: (3000,510000) ops and (2824.3,13708.4) ops/second in (1.062202,37.203551) seconds
2026/05/26-10:10:08  ... thread 2: (19000,541000) ops and (18370.1,14310.6) ops/second in (1.034289,37.804113) seconds
2026/05/26-10:10:08  ... thread 0: (24000,548000) ops and (23802.8,14428.7) ops/second in (1.008283,37.979960) seconds
2026/05/26-10:10:09  ... thread 3: (25000,542000) ops and (15866.9,13976.2) ops/second in (1.575612,38.780147) seconds
2026/05/26-10:10:09  ... thread 1: (24000,534000) ops and (15185.9,13768.6) ops/second in (1.580415,38.783966) seconds
2026/05/26-10:10:09  ... thread 2: (10000,551000) ops and (9733.5,14189.5) ops/second in (1.027376,38.831489) seconds
2026/05/26-10:10:09  ... thread 0: (9000,557000) ops and (8907.4,14285.6) ops/second in (1.010396,38.990356) seconds
2026/05/26-10:10:10  ... thread 3: (16000,558000) ops and (15278.1,14010.5) ops/second in (1.047253,39.827400) seconds
2026/05/26-10:10:10  ... thread 2: (16000,567000) ops and (15645.0,14226.9) ops/second in (1.022689,39.854178) seconds
2026/05/26-10:10:10  ... thread 1: (16000,550000) ops and (14766.3,13795.7) ops/second in (1.083551,39.867517) seconds
2026/05/26-10:10:10  ... thread 0: (12000,569000) ops and (11983.2,14227.9) ops/second in (1.001404,39.991760) seconds
2026/05/26-10:10:11  ... thread 2: (15000,582000) ops and (14120.7,14224.1) ops/second in (1.062273,40.916451) seconds
2026/05/26-10:10:11  ... thread 3: (16000,574000) ops and (14230.2,14016.5) ops/second in (1.124369,40.951769) seconds
2026/05/26-10:10:11  ... thread 1: (16000,566000) ops and (14432.0,13812.9) ops/second in (1.108649,40.976166) seconds
2026/05/26-10:10:11  ... thread 0: (14000,583000) ops and (13753.4,14216.2) ops/second in (1.017928,41.009688) seconds
2026/05/26-10:10:12  ... thread 1: (14000,580000) ops and (13286.3,13799.7) ops/second in (1.053715,42.029881) seconds
2026/05/26-10:10:12  ... thread 0: (17000,600000) ops and (16635.1,14275.0) ops/second in (1.021935,42.031623) seconds
2026/05/26-10:10:12  ... thread 2: (15000,597000) ops and (13423.3,14202.8) ops/second in (1.117462,42.033913) seconds
2026/05/26-10:10:12  ... thread 3: (16000,590000) ops and (14443.4,14027.7) ops/second in (1.107770,42.059539) seconds
2026/05/26-10:10:13  ... thread 0: (16000,616000) ops and (13645.6,14257.9) ops/second in (1.172538,43.204161) seconds
2026/05/26-10:10:14  ... thread 1: (12000,592000) ops and (9989.8,13693.8) ops/second in (1.201221,43.231102) seconds
2026/05/26-10:10:14  ... thread 3: (14000,604000) ops and (11522.9,13957.4) ops/second in (1.214975,43.274514) seconds
2026/05/26-10:10:14  ... thread 2: (15000,612000) ops and (10551.6,14083.4) ops/second in (1.421586,43.455499) seconds
2026/05/26-10:10:15  ... thread 3: (2000,606000) ops and (1728.9,13639.0) ops/second in (1.156777,44.431291) seconds
2026/05/26-10:10:15  ... thread 2: (3000,615000) ops and (2623.7,13789.6) ops/second in (1.143421,44.598920) seconds
2026/05/26-10:10:15  ... thread 1: (2000,594000) ops and (1281.7,13261.4) ops/second in (1.560422,44.791524) seconds
2026/05/26-10:10:15  ... thread 0: (2000,618000) ops and (1115.2,13734.1) ops/second in (1.793449,44.997610) seconds
2026/05/26-10:10:16  ... thread 0: (2000,620000) ops and (1910.0,13465.2) ops/second in (1.047136,46.044746) seconds
2026/05/26-10:10:16  ... thread 1: (1000,595000) ops and (732.5,12890.9) ops/second in (1.365160,46.156684) seconds
2026/05/26-10:10:17  ... thread 3: (2000,608000) ops and (965.3,13074.4) ops/second in (2.071859,46.503150) seconds
2026/05/26-10:10:17  ... thread 2: (4000,619000) ops and (1706.4,13186.2) ops/second in (2.344138,46.943058) seconds
2026/05/26-10:10:18  ... thread 3: (2000,610000) ops and (1748.4,12802.5) ops/second in (1.143884,47.647034) seconds
2026/05/26-10:10:18  ... thread 0: (2000,622000) ops and (1249.3,13054.7) ops/second in (1.600882,47.645628) seconds
2026/05/26-10:10:18  ... thread 1: (2000,597000) ops and (1340.7,12529.3) ops/second in (1.491774,47.648458) seconds
2026/05/26-10:10:18  ... thread 2: (13000,632000) ops and (12920.0,13180.6) ops/second in (1.006194,47.949252) seconds
2026/05/26-10:10:19  ... thread 3: (28000,638000) ops and (27381.4,13108.8) ops/second in (1.022592,48.669626) seconds
2026/05/26-10:10:19  ... thread 0: (26000,648000) ops and (25220.3,13312.4) ops/second in (1.030915,48.676543) seconds
2026/05/26-10:10:19  ... thread 1: (26000,623000) ops and (25266.9,12798.5) ops/second in (1.029015,48.677473) seconds
2026/05/26-10:10:19  ... thread 2: (27000,659000) ops and (26931.6,13462.2) ops/second in (1.002539,48.951791) seconds
2026/05/26-10:10:20  ... thread 0: (13000,661000) ops and (12419.9,13293.6) ops/second in (1.046705,49.723248) seconds
2026/05/26-10:10:20  ... thread 1: (13000,636000) ops and (12045.1,12782.2) ops/second in (1.079275,49.756748) seconds
2026/05/26-10:10:20  ... thread 3: (18000,656000) ops and (16435.0,13182.0) ops/second in (1.095224,49.764850) seconds
2026/05/26-10:10:20  ... thread 2: (13000,672000) ops and (12916.4,13451.2) ops/second in (1.006476,49.958267) seconds
2026/05/26-10:10:21  ... thread 0: (33000,694000) ops and (32785.2,13680.3) ops/second in (1.006551,50.729799) seconds
2026/05/26-10:10:22  ... thread 1: (27000,663000) ops and (14991.7,12859.4) ops/second in (1.800998,51.557746) seconds
2026/05/26-10:10:22  ... thread 2: (25000,697000) ops and (15411.9,13512.9) ops/second in (1.622122,51.580389) seconds
2026/05/26-10:10:22  ... thread 3: (30000,686000) ops and (16449.2,13297.5) ops/second in (1.823796,51.588646) seconds
2026/05/26-10:10:22  ... thread 0: (5000,699000) ops and (4778.8,13500.4) ops/second in (1.046291,51.776090) seconds
2026/05/26-10:10:23  ... thread 1: (32000,695000) ops and (31122.2,13216.5) ops/second in (1.028205,52.585951) seconds
2026/05/26-10:10:23  ... thread 3: (30000,716000) ops and (29655.3,13612.1) ops/second in (1.011625,52.600271) seconds
2026/05/26-10:10:23  ... thread 2: (29000,726000) ops and (28219.0,13800.2) ops/second in (1.027678,52.608067) seconds
2026/05/26-10:10:24  ... thread 0: (24000,723000) ops and (14921.7,13543.3) ops/second in (1.608391,53.384481) seconds
2026/05/26-10:10:24  ... thread 2: (1000,727000) ops and (969.0,13553.3) ops/second in (1.031967,53.640034) seconds
2026/05/26-10:10:24  ... thread 1: (2000,697000) ops and (1620.2,12950.5) ops/second in (1.234419,53.820370) seconds
2026/05/26-10:10:25  ... thread 0: (1000,724000) ops and (876.3,13278.2) ops/second in (1.141121,54.525602) seconds
2026/05/26-10:10:25  ... thread 3: (2000,718000) ops and (970.4,13135.4) ops/second in (2.061110,54.661381) seconds
2026/05/26-10:10:25  ... thread 2: (3000,730000) ops and (2097.5,13255.8) ops/second in (1.430255,55.070289) seconds
2026/05/26-10:10:26  ... thread 1: (2000,699000) ops and (1271.5,12618.8) ops/second in (1.572986,55.393356) seconds
2026/05/26-10:10:27  ... thread 3: (1000,719000) ops and (557.8,12736.0) ops/second in (1.792660,56.454041) seconds
2026/05/26-10:10:27  ... thread 0: (4000,728000) ops and (2072.8,12895.1) ops/second in (1.929781,56.455383) seconds
2026/05/26-10:10:27  ... thread 1: (4000,703000) ops and (3755.4,12451.6) ops/second in (1.065143,56.458499) seconds
2026/05/26-10:10:27  ... thread 2: (2000,732000) ops and (1432.8,12963.5) ops/second in (1.395855,56.466144) seconds
2026/05/26-10:10:28  ... thread 3: (30000,749000) ops and (29639.2,13033.7) ops/second in (1.012174,57.466215) seconds
2026/05/26-10:10:28  ... thread 2: (29000,761000) ops and (28944.0,13242.1) ops/second in (1.001934,57.468078) seconds
2026/05/26-10:10:28  ... thread 1: (31000,734000) ops and (30526.8,12771.0) ops/second in (1.015502,57.474001) seconds
2026/05/26-10:10:28  ... thread 0: (29000,757000) ops and (27913.5,13166.5) ops/second in (1.038923,57.494306) seconds
2026/05/26-10:10:30  ... thread 1: (27000,761000) ops and (14534.6,12826.2) ops/second in (1.857642,59.331643) seconds
2026/05/26-10:10:30  ... thread 3: (25000,774000) ops and (13351.2,13043.8) ops/second in (1.872485,59.338700) seconds
2026/05/26-10:10:30  ... thread 2: (32000,793000) ops and (17080.1,13363.3) ops/second in (1.873527,59.341605) seconds
2026/05/26-10:10:30  ... thread 0: (29000,786000) ops and (15696.8,13245.3) ops/second in (1.847510,59.341816) seconds
2026/05/26-10:10:31  ... thread 0: (29000,815000) ops and (28786.9,13504.7) ops/second in (1.007401,60.349217) seconds
2026/05/26-10:10:31  ... thread 3: (29000,803000) ops and (28429.4,13303.8) ops/second in (1.020070,60.358770) seconds
2026/05/26-10:10:31  ... thread 1: (27000,788000) ops and (26122.5,13053.9) ops/second in (1.033592,60.365235) seconds
2026/05/26-10:10:31  ... thread 2: (31000,824000) ops and (30169.9,13649.4) ops/second in (1.027513,60.369118) seconds
2026/05/26-10:10:32  ... thread 0: (4000,819000) ops and (3958.0,13347.5) ops/second in (1.010616,61.359833) seconds
2026/05/26-10:10:32  ... thread 3: (3000,806000) ops and (2513.6,13094.6) ops/second in (1.193486,61.552256) seconds
2026/05/26-10:10:32  ... thread 1: (3000,791000) ops and (2364.5,12833.8) ops/second in (1.268769,61.634004) seconds
2026/05/26-10:10:32  ... thread 2: (3000,827000) ops and (2207.4,13397.5) ops/second in (1.359035,61.728153) seconds
2026/05/26-10:10:33  ... thread 3: (3000,809000) ops and (2887.1,12925.1) ops/second in (1.039110,62.591366) seconds
2026/05/26-10:10:33  ... thread 2: (2000,829000) ops and (1894.0,13204.0) ops/second in (1.055953,62.784106) seconds
2026/05/26-10:10:33  ... thread 0: (3000,822000) ops and (1944.5,13067.8) ops/second in (1.542818,62.902651) seconds
2026/05/26-10:10:33  ... thread 1: (1000,792000) ops and (733.0,12571.8) ops/second in (1.364175,62.998179) seconds
2026/05/26-10:10:35  ... thread 0: (4000,826000) ops and (2953.1,12854.6) ops/second in (1.354490,64.257141) seconds
2026/05/26-10:10:35  ... thread 2: (1000,830000) ops and (659.6,12908.2) ops/second in (1.516164,64.300270) seconds
2026/05/26-10:10:35  ... thread 3: (3000,812000) ops and (1743.6,12626.0) ops/second in (1.720569,64.311935) seconds
2026/05/26-10:10:35  ... thread 1: (1000,793000) ops and (639.5,12282.8) ops/second in (1.563704,64.561883) seconds
2026/05/26-10:10:36  ... thread 0: (1000,827000) ops and (972.0,12667.3) ops/second in (1.028823,65.285964) seconds
2026/05/26-10:10:36  ... thread 2: (3000,833000) ops and (2919.1,12751.0) ops/second in (1.027713,65.327983) seconds
2026/05/26-10:10:36  ... thread 3: (1000,813000) ops and (760.8,12388.3) ops/second in (1.314386,65.626321) seconds
2026/05/26-10:10:36  ... thread 1: (2000,795000) ops and (1775.0,12102.5) ops/second in (1.126764,65.688647) seconds
2026/05/26-10:10:37  ... thread 0: (2000,829000) ops and (1500.1,12443.9) ops/second in (1.333213,66.619177) seconds
2026/05/26-10:10:37  ... thread 1: (2000,797000) ops and (1879.7,11939.6) ops/second in (1.064009,66.752656) seconds
2026/05/26-10:10:37  ... thread 2: (3000,836000) ops and (1882.0,12492.2) ops/second in (1.594016,66.921999) seconds
2026/05/26-10:10:38  ... thread 3: (2000,815000) ops and (1242.7,12121.5) ops/second in (1.609425,67.235746) seconds
2026/05/26-10:10:38  ... thread 0: (3000,832000) ops and (2174.7,12235.5) ops/second in (1.379501,67.998678) seconds
2026/05/26-10:10:38  ... thread 1: (2000,799000) ops and (1455.6,11728.2) ops/second in (1.374007,68.126663) seconds
2026/05/26-10:10:39  ... thread 2: (2000,838000) ops and (1295.9,12239.8) ops/second in (1.543272,68.465271) seconds
2026/05/26-10:10:39  ... thread 3: (2000,817000) ops and (1287.4,11876.9) ops/second in (1.553531,68.789277) seconds
2026/05/26-10:10:39  ... thread 0: (9000,841000) ops and (8783.1,12184.3) ops/second in (1.024697,69.023375) seconds
2026/05/26-10:10:39  ... thread 1: (14000,813000) ops and (13764.0,11758.1) ops/second in (1.017143,69.143806) seconds
2026/05/26-10:10:40  ... thread 2: (20000,858000) ops and (19729.3,12349.1) ops/second in (1.013720,69.478991) seconds
2026/05/26-10:10:40  ... thread 3: (31000,848000) ops and (30661.5,12148.9) ops/second in (1.011039,69.800316) seconds
2026/05/26-10:10:40  ... thread 0: (26000,867000) ops and (25693.7,12379.5) ops/second in (1.011920,70.035295) seconds
2026/05/26-10:10:40  ... thread 1: (29000,842000) ops and (27980.4,11997.7) ops/second in (1.036441,70.180247) seconds
2026/05/26-10:10:41  ... thread 2: (30000,888000) ops and (27003.0,12579.7) ops/second in (1.110987,70.589978) seconds
2026/05/26-10:10:41  ... thread 3: (27000,875000) ops and (26806.5,12357.4) ops/second in (1.007220,70.807536) seconds
2026/05/26-10:10:41  ... thread 0: (29000,896000) ops and (25880.4,12592.1) ops/second in (1.120541,71.155836) seconds
2026/05/26-10:10:41  ... thread 1: (30000,872000) ops and (29622.1,12248.4) ops/second in (1.012758,71.193005) seconds
2026/05/26-10:10:42  ... thread 2: (32000,920000) ops and (27913.3,12824.7) ops/second in (1.146405,71.736383) seconds
2026/05/26-10:10:42  ... thread 3: (25000,900000) ops and (24882.1,12532.7) ops/second in (1.004737,71.812273) seconds
2026/05/26-10:10:43  ... thread 0: (29000,925000) ops and (21310.4,12755.7) ops/second in (1.360839,72.516675) seconds
2026/05/26-10:10:43  ... thread 1: (28000,900000) ops and (18008.1,12371.5) ops/second in (1.554857,72.747862) seconds
2026/05/26-10:10:43  ... thread 3: (14000,914000) ops and (13937.7,12552.1) ops/second in (1.004467,72.816740) seconds
2026/05/26-10:10:43  ... thread 2: (17000,937000) ops and (12455.6,12817.8) ops/second in (1.364845,73.101228) seconds
2026/05/26-10:10:44  ... thread 1: (3000,903000) ops and (2289.6,12193.1) ops/second in (1.310294,74.058156) seconds
2026/05/26-10:10:44  ... thread 3: (2000,916000) ops and (1592.0,12366.2) ops/second in (1.256292,74.073032) seconds
2026/05/26-10:10:45  ... thread 0: (1000,926000) ops and (567.7,12466.6) ops/second in (1.761636,74.278311) seconds
2026/05/26-10:10:45  ... thread 2: (2000,939000) ops and (1493.9,12614.2) ops/second in (1.338788,74.440016) seconds
2026/05/26-10:10:46  ... thread 0: (2000,928000) ops and (1882.3,12317.4) ops/second in (1.062507,75.340818) seconds
2026/05/26-10:10:46  ... thread 1: (2000,905000) ops and (1533.9,12008.7) ops/second in (1.303865,75.362021) seconds
2026/05/26-10:10:46  ... thread 2: (3000,942000) ops and (2923.7,12482.4) ops/second in (1.026090,75.466106) seconds
2026/05/26-10:10:46  ... thread 3: (4000,920000) ops and (2417.0,12148.7) ops/second in (1.654936,75.727968) seconds
2026/05/26-10:10:47  ... thread 0: (1000,929000) ops and (866.4,12144.6) ops/second in (1.154189,76.495007) seconds
2026/05/26-10:10:47  ... thread 1: (3000,908000) ops and (2350.8,11847.9) ops/second in (1.276186,76.638207) seconds
2026/05/26-10:10:47  ... thread 2: (2000,944000) ops and (1480.7,12289.0) ops/second in (1.350737,76.816843) seconds
2026/05/26-10:10:47  ... thread 3: (3000,923000) ops and (2539.8,12001.2) ops/second in (1.181191,76.909159) seconds
2026/05/26-10:10:48  ... thread 0: (3000,932000) ops and (2998.5,12026.5) ops/second in (1.000488,77.495495) seconds
2026/05/26-10:10:48  ... thread 1: (1000,909000) ops and (783.8,11666.7) ops/second in (1.275908,77.914115) seconds
2026/05/26-10:10:48  ... thread 2: (2000,946000) ops and (1520.2,12107.6) ops/second in (1.315645,78.132488) seconds
2026/05/26-10:10:49  ... thread 0: (4000,936000) ops and (3940.8,11922.0) ops/second in (1.015035,78.510530) seconds
2026/05/26-10:10:49  ... thread 3: (3000,926000) ops and (1419.2,11718.1) ops/second in (2.113864,79.023023) seconds
2026/05/26-10:10:49  ... thread 2: (2000,948000) ops and (1904.0,11972.3) ops/second in (1.050423,79.182911) seconds
2026/05/26-10:10:50  ... thread 0: (1000,937000) ops and (956.3,11777.8) ops/second in (1.045649,79.556179) seconds
2026/05/26-10:10:50  ... thread 1: (4000,913000) ops and (1807.4,11394.4) ops/second in (2.213136,80.127251) seconds
2026/05/26-10:10:51  ... thread 3: (3000,929000) ops and (2405.5,11573.4) ops/second in (1.247119,80.270142) seconds
2026/05/26-10:10:51  ... thread 2: (3000,951000) ops and (1971.3,11783.7) ops/second in (1.521803,80.704714) seconds
2026/05/26-10:10:51  ... thread 0: (3000,940000) ops and (2595.0,11646.3) ops/second in (1.156083,80.712262) seconds
2026/05/26-10:10:52  ... thread 3: (2000,931000) ops and (1965.4,11453.1) ops/second in (1.017585,81.287727) seconds
2026/05/26-10:10:52  ... thread 2: (3000,954000) ops and (2512.2,11648.5) ops/second in (1.194153,81.898867) seconds
2026/05/26-10:10:52  ... thread 0: (1000,941000) ops and (809.3,11482.9) ops/second in (1.235670,81.947932) seconds
2026/05/26-10:10:52  ... thread 1: (2000,915000) ops and (1037.4,11151.0) ops/second in (1.927951,82.055202) seconds
2026/05/26-10:10:54  ... thread 0: (2000,943000) ops and (1539.1,11327.7) ops/second in (1.299436,83.247368) seconds
2026/05/26-10:10:54  ... thread 2: (2000,956000) ops and (1362.7,11467.4) ops/second in (1.467721,83.366588) seconds
2026/05/26-10:10:54  ... thread 3: (2000,933000) ops and (919.2,11178.5) ops/second in (2.175914,83.463641) seconds
2026/05/26-10:10:54  ... thread 1: (2000,917000) ops and (1371.8,10980.3) ops/second in (1.457976,83.513178) seconds
2026/05/26-10:10:55  ... thread 0: (2000,945000) ops and (1903.6,11210.2) ops/second in (1.050649,84.298017) seconds
2026/05/26-10:10:55  ... thread 1: (1000,918000) ops and (811.6,10832.5) ops/second in (1.232186,84.745364) seconds
2026/05/26-10:10:55  ... thread 2: (3000,959000) ops and (2128.7,11312.2) ops/second in (1.409326,84.775914) seconds
2026/05/26-10:10:56  ... thread 0: (1000,946000) ops and (879.6,11072.8) ops/second in (1.136859,85.434876) seconds
2026/05/26-10:10:56  ... thread 3: (1000,934000) ops and (495.6,10926.4) ops/second in (2.017662,85.481303) seconds
2026/05/26-10:10:57  ... thread 1: (2000,920000) ops and (1230.3,10651.7) ops/second in (1.625573,86.370937) seconds
2026/05/26-10:10:57  ... thread 0: (2000,948000) ops and (1824.4,10955.6) ops/second in (1.096231,86.531107) seconds
2026/05/26-10:10:57  ... thread 2: (3000,962000) ops and (1324.8,11052.3) ops/second in (2.264540,87.040454) seconds
2026/05/26-10:10:57  ... thread 3: (2000,936000) ops and (1276.8,10752.7) ops/second in (1.566412,87.047715) seconds
2026/05/26-10:10:58  ... thread 1: (12000,932000) ops and (11482.2,10661.7) ops/second in (1.045093,87.416030) seconds
2026/05/26-10:10:58  ... thread 0: (20000,968000) ops and (19641.7,11056.6) ops/second in (1.018244,87.549351) seconds
2026/05/26-10:10:58  ... thread 3: (32000,968000) ops and (31972.3,10993.9) ops/second in (1.000866,88.048581) seconds
2026/05/26-10:10:58  ... thread 2: (31000,993000) ops and (30213.4,11275.6) ops/second in (1.026034,88.066488) seconds
2026/05/26-10:10:59  ... thread 1: (29000,961000) ops and (28583.0,10867.3) ops/second in (1.014590,88.430620) seconds
2026/05/26-10:10:59  ... thread 0: (28000,996000) ops and (27703.5,11246.6) ops/second in (1.010703,88.560054) seconds
2026/05/26-10:10:59  ... thread 3: (25000,993000) ops and (24843.9,11150.4) ops/second in (1.006283,89.054864) seconds
2026/05/26-10:10:59  ... thread 2: (24000,1017000) ops and (23736.1,11417.0) ops/second in (1.011118,89.077606) seconds
2026/05/26-10:11:00  ... thread 1: (31000,992000) ops and (27749.3,11077.9) ops/second in (1.117146,89.547766) seconds
2026/05/26-10:11:00  ... thread 0: (25000,1021000) ops and (24746.1,11398.9) ops/second in (1.010259,89.570313) seconds
2026/05/26-10:11:00  ... thread 3: (27000,1020000) ops and (25762.6,11320.4) ops/second in (1.048030,90.102894) seconds
2026/05/26-10:11:00  ... thread 2: (28000,1045000) ops and (27037.0,11596.5) ops/second in (1.035618,90.113224) seconds
2026/05/26-10:11:01  ... thread 1: (32000,1024000) ops and (20086.6,11235.4) ops/second in (1.593098,91.140864) seconds
2026/05/26-10:11:01  ... thread 0: (31000,1052000) ops and (19531.5,11540.5) ops/second in (1.587177,91.157490) seconds
2026/05/26-10:11:01  ... thread 2: (15000,1060000) ops and (14328.6,11627.9) ops/second in (1.046859,91.160083) seconds
2026/05/26-10:11:01  ... thread 3: (16000,1036000) ops and (15048.9,11363.9) ops/second in (1.063201,91.166095) seconds
2026/05/26-10:11:03  ... thread 0: (30000,1082000) ops and (26860.3,11725.9) ops/second in (1.116891,92.274381) seconds
2026/05/26-10:11:03  ... thread 2: (30000,1090000) ops and (26710.6,11811.5) ops/second in (1.123151,92.283234) seconds
2026/05/26-10:11:03  ... thread 1: (32000,1056000) ops and (27888.1,11442.4) ops/second in (1.147443,92.288307) seconds
2026/05/26-10:11:03  ... thread 3: (32000,1068000) ops and (28284.8,11571.3) ops/second in (1.131349,92.297444) seconds
2026/05/26-10:11:04  ... thread 0: (30000,1112000) ops and (22208.5,11877.1) ops/second in (1.350833,93.625214) seconds
2026/05/26-10:11:04  ... thread 1: (31000,1087000) ops and (22981.0,11608.6) ops/second in (1.348941,93.637248) seconds
2026/05/26-10:11:04  ... thread 3: (30000,1098000) ops and (22274.7,11725.2) ops/second in (1.346820,93.644264) seconds
2026/05/26-10:11:04  ... thread 2: (33000,1123000) ops and (24271.0,11992.4) ops/second in (1.359647,93.642881) seconds
2026/05/26-10:11:05  ... thread 1: (17000,1104000) ops and (16550.9,11662.3) ops/second in (1.027137,94.664385) seconds
2026/05/26-10:11:05  ... thread 0: (16000,1128000) ops and (11722.0,11874.9) ops/second in (1.364953,94.990167) seconds
2026/05/26-10:11:06  ... thread 3: (16000,1114000) ops and (9967.5,11695.6) ops/second in (1.605225,95.249489) seconds
2026/05/26-10:11:06  ... thread 2: (17000,1140000) ops and (9924.8,11955.2) ops/second in (1.712881,95.355762) seconds
2026/05/26-10:11:06  ... thread 1: (3000,1107000) ops and (2197.9,11527.7) ops/second in (1.364970,96.029355) seconds
2026/05/26-10:11:07  ... thread 0: (1000,1129000) ops and (813.3,11733.6) ops/second in (1.229523,96.219690) seconds
2026/05/26-10:11:07  ... thread 3: (2000,1116000) ops and (1975.8,11593.4) ops/second in (1.012230,96.261719) seconds
2026/05/26-10:11:07  ... thread 2: (1000,1141000) ops and (755.5,11801.9) ops/second in (1.323595,96.679357) seconds
2026/05/26-10:11:08  ... thread 1: (1000,1108000) ops and (684.8,11365.3) ops/second in (1.460360,97.489715) seconds
2026/05/26-10:11:08  ... thread 3: (2000,1118000) ops and (1569.4,11462.4) ops/second in (1.274344,97.536063) seconds
2026/05/26-10:11:08  ... thread 2: (2000,1143000) ops and (1642.6,11675.5) ops/second in (1.217585,97.896942) seconds
2026/05/26-10:11:08  ... thread 0: (3000,1132000) ops and (1570.3,11535.7) ops/second in (1.910445,98.130135) seconds
2026/05/26-10:11:09  ... thread 1: (2000,1110000) ops and (1597.9,11241.5) ops/second in (1.251607,98.741322) seconds
2026/05/26-10:11:09  ... thread 3: (3000,1121000) ops and (1983.1,11317.6) ops/second in (1.512817,99.048880) seconds
2026/05/26-10:11:10  ... thread 0: (1000,1133000) ops and (825.7,11405.1) ops/second in (1.211119,99.341254) seconds
2026/05/26-10:11:10  ... thread 2: (2000,1145000) ops and (998.6,11461.5) ops/second in (2.002901,99.899843) seconds
2026/05/26-10:11:11  ... thread 0: (2000,1135000) ops and (1721.6,11293.2) ops/second in (1.161710,100.502964) seconds
2026/05/26-10:11:11  ... thread 3: (2000,1123000) ops and (1312.3,11166.0) ops/second in (1.523993,100.572873) seconds
2026/05/26-10:11:11  ... thread 1: (3000,1113000) ops and (1300.6,11014.6) ops/second in (2.306570,101.047892) seconds
2026/05/26-10:11:12  ... thread 2: (2000,1147000) ops and (1504.3,11330.7) ops/second in (1.329526,101.229369) seconds
2026/05/26-10:11:12  ... thread 3: (3000,1126000) ops and (2219.3,11047.4) ops/second in (1.351794,101.924667) seconds
2026/05/26-10:11:12  ... thread 0: (1000,1136000) ops and (682.0,11140.6) ops/second in (1.466305,101.969269) seconds
2026/05/26-10:11:12  ... thread 1: (2000,1115000) ops and (1864.9,10918.5) ops/second in (1.072434,102.120326) seconds
2026/05/26-10:11:13  ... thread 2: (3000,1150000) ops and (2147.0,11205.7) ops/second in (1.397287,102.626656) seconds
2026/05/26-10:11:13  ... thread 3: (1000,1127000) ops and (889.9,10936.6) ops/second in (1.123713,103.048380) seconds
2026/05/26-10:11:13  ... thread 0: (2000,1138000) ops and (1742.4,11036.0) ops/second in (1.147853,103.117122) seconds
2026/05/26-10:11:14  ... thread 1: (2000,1117000) ops and (1468.0,10794.1) ops/second in (1.362415,103.482741) seconds
2026/05/26-10:11:14  ... thread 2: (1000,1151000) ops and (862.3,11090.1) ops/second in (1.159718,103.786374) seconds
2026/05/26-10:11:14  ... thread 0: (2000,1140000) ops and (1944.6,10946.2) ops/second in (1.028489,104.145611) seconds
2026/05/26-10:11:15  ... thread 1: (1000,1118000) ops and (967.7,10696.9) ops/second in (1.033384,104.516125) seconds
2026/05/26-10:11:15  ... thread 3: (1000,1128000) ops and (678.9,10792.0) ops/second in (1.473066,104.521446) seconds
2026/05/26-10:11:15  ... thread 2: (3000,1154000) ops and (2277.8,10979.7) ops/second in (1.317088,105.103462) seconds
2026/05/26-10:11:16  ... thread 3: (1000,1129000) ops and (871.9,10684.4) ops/second in (1.146905,105.668351) seconds
2026/05/26-10:11:16  ... thread 1: (2000,1120000) ops and (1660.3,10593.9) ops/second in (1.204614,105.720739) seconds
2026/05/26-10:11:16  ... thread 0: (2000,1142000) ops and (1000.8,10759.0) ops/second in (1.998450,106.144061) seconds
2026/05/26-10:11:17  ... thread 2: (2000,1156000) ops and (1102.5,10812.1) ops/second in (1.814132,106.917594) seconds
2026/05/26-10:11:18  ... thread 1: (2000,1122000) ops and (1334.1,10464.5) ops/second in (1.499157,107.219896) seconds
2026/05/26-10:11:18  ... thread 3: (2000,1131000) ops and (913.8,10486.1) ops/second in (2.188626,107.856977) seconds
2026/05/26-10:11:18  ... thread 0: (1000,1143000) ops and (530.8,10580.6) ops/second in (1.883984,108.028045) seconds
2026/05/26-10:11:19  ... thread 1: (1000,1123000) ops and (900.3,10366.4) ops/second in (1.110766,108.330662) seconds
2026/05/26-10:11:19  ... thread 2: (2000,1158000) ops and (931.3,10617.5) ops/second in (2.147554,109.065148) seconds
2026/05/26-10:11:20  ... thread 3: (2000,1133000) ops and (1321.8,10359.3) ops/second in (1.513111,109.370088) seconds
2026/05/26-10:11:20  ... thread 1: (2000,1125000) ops and (1925.5,10286.2) ops/second in (1.038679,109.369341) seconds
2026/05/26-10:11:20  ... thread 0: (1000,1144000) ops and (730.6,10457.4) ops/second in (1.368671,109.396716) seconds
2026/05/26-10:11:20  ... thread 2: (28000,1186000) ops and (27774.8,10774.6) ops/second in (1.008107,110.073255) seconds
2026/05/26-10:11:21  ... thread 1: (34000,1159000) ops and (33974.2,10501.0) ops/second in (1.000760,110.370101) seconds
2026/05/26-10:11:21  ... thread 3: (34000,1167000) ops and (33120.7,10571.0) ops/second in (1.026548,110.396636) seconds
2026/05/26-10:11:21  ... thread 0: (33000,1177000) ops and (32831.8,10661.1) ops/second in (1.005122,110.401838) seconds
2026/05/26-10:11:21  ... thread 2: (26000,1212000) ops and (25966.4,10911.6) ops/second in (1.001295,111.074550) seconds
2026/05/26-10:11:22  ... thread 1: (26000,1185000) ops and (25380.0,10637.9) ops/second in (1.024427,111.394528) seconds
2026/05/26-10:11:22  ... thread 3: (25000,1192000) ops and (24755.9,10699.6) ops/second in (1.009862,111.406498) seconds
2026/05/26-10:11:22  ... thread 0: (24000,1201000) ops and (23651.5,10779.4) ops/second in (1.014736,111.416574) seconds
2026/05/26-10:11:22  ... thread 2: (26000,1238000) ops and (25100.0,11042.7) ops/second in (1.035858,112.110408) seconds
2026/05/26-10:11:23  ... thread 0: (29000,1230000) ops and (22539.4,10913.6) ops/second in (1.286635,112.703209) seconds
2026/05/26-10:11:23  ... thread 1: (30000,1215000) ops and (22916.4,10780.5) ops/second in (1.309107,112.703635) seconds
2026/05/26-10:11:23  ... thread 3: (33000,1225000) ops and (25194.0,10868.0) ops/second in (1.309834,112.716332) seconds
Initializing RocksDB Options from the specified file
Initializing RocksDB Options from command-line flags
Integrated BlobDB: blob cache disabled
Keys:       16 bytes each (+ 0 bytes user-defined timestamp)
Values:     1024 bytes each (512 bytes after compression)
Entries:    1250000
Prefix:    0 bytes
Keys per prefix:    0
RawSize:    1239.8 MB (estimated)
FileSize:   629.4 MB (estimated)
Write rate: 0 bytes/second
Read rate: 0 ops/second
Compression: Snappy
Compression sampling rate: 0
Memtablerep: SkipListFactory
Perf Level: 1
WARNING: Assertions are enabled; benchmarks unnecessarily slow
------------------------------------------------
Initializing RocksDB Options from the specified file
Initializing RocksDB Options from command-line flags
Integrated BlobDB: blob cache disabled
DB path: [/tmp/rocksdb_comp_exp_db]
fillrandom   :      90.653 micros/op 44027 ops/sec 113.566 seconds 5000000 operations;   43.7 MB/s
2026/05/26-10:11:25  ... thread 1: (1000,1000) ops and (786.9,786.9) ops/second in (1.270850,1.270850) seconds
2026/05/26-10:11:25  ... thread 0: (1000,1000) ops and (764.6,764.6) ops/second in (1.307885,1.307885) seconds
2026/05/26-10:11:25  ... thread 3: (1000,1000) ops and (761.2,761.2) ops/second in (1.313709,1.313709) seconds
2026/05/26-10:11:25  ... thread 2: (1000,1000) ops and (755.7,755.7) ops/second in (1.323191,1.323191) seconds
2026/05/26-10:11:27  ... thread 0: (1000,2000) ops and (705.7,734.0) ops/second in (1.417042,2.724927) seconds
2026/05/26-10:11:27  ... thread 3: (1000,2000) ops and (699.9,729.3) ops/second in (1.428713,2.742422) seconds
2026/05/26-10:11:27  ... thread 2: (1000,2000) ops and (700.4,727.0) ops/second in (1.427836,2.751027) seconds
2026/05/26-10:11:28  ... thread 1: (2000,3000) ops and (837.7,820.0) ops/second in (2.387502,3.658352) seconds
2026/05/26-10:11:28  ... thread 3: (1000,3000) ops and (999.3,801.5) ops/second in (1.000738,3.743160) seconds
2026/05/26-10:11:28  ... thread 2: (1000,3000) ops and (960.4,791.1) ops/second in (1.041186,3.792213) seconds
2026/05/26-10:11:29  ... thread 1: (1000,4000) ops and (560.3,734.9) ops/second in (1.784910,5.443262) seconds
2026/05/26-10:11:29  ... thread 2: (1000,4000) ops and (598.6,732.2) ops/second in (1.670654,5.462867) seconds
2026/05/26-10:11:29  ... thread 3: (1000,4000) ops and (574.6,729.4) ops/second in (1.740426,5.483586) seconds
2026/05/26-10:11:29  ... thread 0: (2000,4000) ops and (717.2,725.5) ops/second in (2.788434,5.513361) seconds
2026/05/26-10:11:31  ... thread 1: (1000,5000) ops and (768.5,741.3) ops/second in (1.301230,6.744492) seconds
2026/05/26-10:11:31  ... thread 3: (1000,5000) ops and (735.5,730.6) ops/second in (1.359665,6.843251) seconds
2026/05/26-10:11:31  ... thread 2: (1000,5000) ops and (676.4,720.3) ops/second in (1.478374,6.941241) seconds
2026/05/26-10:11:31  ... thread 0: (1000,5000) ops and (684.0,716.8) ops/second in (1.462078,6.975439) seconds
2026/05/26-10:11:34  ... thread 1: (2000,7000) ops and (581.4,687.3) ops/second in (3.439856,10.184348) seconds
2026/05/26-10:11:34  ... thread 3: (2000,7000) ops and (586.8,682.8) ops/second in (3.408221,10.251472) seconds
2026/05/26-10:11:34  ... thread 0: (2000,7000) ops and (609.1,682.3) ops/second in (3.283458,10.258897) seconds
2026/05/26-10:11:34  ... thread 2: (2000,7000) ops and (600.1,681.3) ops/second in (3.332722,10.273963) seconds
2026/05/26-10:11:37  ... thread 1: (2000,9000) ops and (711.3,692.5) ops/second in (2.811833,12.996181) seconds
2026/05/26-10:11:37  ... thread 3: (2000,9000) ops and (656.6,676.8) ops/second in (3.045933,13.297405) seconds
2026/05/26-10:11:37  ... thread 0: (2000,9000) ops and (657.6,676.7) ops/second in (3.041323,13.300220) seconds
2026/05/26-10:11:37  ... thread 2: (2000,9000) ops and (623.3,667.5) ops/second in (3.208777,13.482740) seconds
2026/05/26-10:11:38  ... thread 1: (1000,10000) ops and (775.9,700.0) ops/second in (1.288780,14.284961) seconds
2026/05/26-10:11:39  ... thread 3: (1000,10000) ops and (570.1,664.4) ops/second in (1.754046,15.051451) seconds
2026/05/26-10:11:39  ... thread 0: (1000,10000) ops and (565.4,663.6) ops/second in (1.768583,15.068803) seconds
2026/05/26-10:11:39  ... thread 2: (1000,10000) ops and (552.9,654.0) ops/second in (1.808710,15.291450) seconds
2026/05/26-10:11:40  ... thread 1: (1000,11000) ops and (649.2,695.1) ops/second in (1.540368,15.825329) seconds
2026/05/26-10:11:41  ... thread 1: (1000,12000) ops and (620.5,688.2) ops/second in (1.611596,17.436925) seconds
2026/05/26-10:11:42  ... thread 3: (2000,12000) ops and (770.5,680.0) ops/second in (2.595877,17.647328) seconds
2026/05/26-10:11:42  ... thread 0: (2000,12000) ops and (758.6,677.8) ops/second in (2.636566,17.705369) seconds
2026/05/26-10:11:42  ... thread 2: (2000,12000) ops and (774.4,671.4) ops/second in (2.582612,17.874062) seconds
2026/05/26-10:11:43  ... thread 1: (1000,13000) ops and (628.9,683.2) ops/second in (1.590013,19.026938) seconds
2026/05/26-10:11:43  ... thread 3: (1000,13000) ops and (664.5,678.8) ops/second in (1.504949,19.152277) seconds
2026/05/26-10:11:43  ... thread 0: (1000,13000) ops and (680.8,678.0) ops/second in (1.468946,19.174315) seconds
2026/05/26-10:11:43  ... thread 2: (1000,13000) ops and (697.7,673.3) ops/second in (1.433308,19.307370) seconds
2026/05/26-10:11:44  ... thread 1: (1000,14000) ops and (680.5,683.0) ops/second in (1.469574,20.496512) seconds
2026/05/26-10:11:44  ... thread 0: (1000,14000) ops and (735.1,681.8) ops/second in (1.360277,20.534592) seconds
2026/05/26-10:11:44  ... thread 3: (1000,14000) ops and (714.3,681.2) ops/second in (1.399998,20.552275) seconds
2026/05/26-10:11:45  ... thread 2: (1000,14000) ops and (696.9,674.9) ops/second in (1.434986,20.742356) seconds
2026/05/26-10:11:45  ... thread 1: (1000,15000) ops and (976.5,697.0) ops/second in (1.024075,21.520587) seconds
2026/05/26-10:11:45  ... thread 3: (1000,15000) ops and (967.0,694.9) ops/second in (1.034136,21.586411) seconds
2026/05/26-10:11:45  ... thread 0: (1000,15000) ops and (930.3,694.1) ops/second in (1.074968,21.609560) seconds
2026/05/26-10:11:46  ... thread 2: (1000,15000) ops and (863.8,684.9) ops/second in (1.157702,21.900058) seconds
2026/05/26-10:11:47  ... thread 0: (1000,16000) ops and (631.3,689.8) ops/second in (1.584007,23.193567) seconds
2026/05/26-10:11:47  ... thread 1: (1000,16000) ops and (596.2,689.7) ops/second in (1.677379,23.197966) seconds
2026/05/26-10:11:47  ... thread 3: (1000,16000) ops and (620.1,689.7) ops/second in (1.612522,23.198933) seconds
2026/05/26-10:11:47  ... thread 2: (1000,16000) ops and (688.9,685.2) ops/second in (1.451522,23.351580) seconds
2026/05/26-10:11:49  ... thread 0: (2000,18000) ops and (1133.0,721.2) ops/second in (1.765259,24.958826) seconds
2026/05/26-10:11:49  ... thread 3: (2000,18000) ops and (1087.1,718.9) ops/second in (1.839833,25.038766) seconds
2026/05/26-10:11:49  ... thread 2: (2000,18000) ops and (1175.1,718.5) ops/second in (1.701928,25.053508) seconds
2026/05/26-10:11:49  ... thread 1: (2000,18000) ops and (1072.4,718.2) ops/second in (1.864964,25.062930) seconds
2026/05/26-10:11:50  ... thread 0: (2000,20000) ops and (1361.6,756.8) ops/second in (1.468876,26.427702) seconds
2026/05/26-10:11:50  ... thread 2: (2000,20000) ops and (1450.9,756.7) ops/second in (1.378498,26.432006) seconds
2026/05/26-10:11:50  ... thread 3: (2000,20000) ops and (1416.7,756.1) ops/second in (1.411724,26.450490) seconds
2026/05/26-10:11:50  ... thread 1: (2000,20000) ops and (1376.4,754.3) ops/second in (1.453047,26.515977) seconds
2026/05/26-10:11:52  ... thread 0: (2000,22000) ops and (1631.5,795.6) ops/second in (1.225863,27.653565) seconds
2026/05/26-10:11:52  ... thread 2: (2000,22000) ops and (1612.4,795.0) ops/second in (1.240377,27.672383) seconds
2026/05/26-10:11:52  ... thread 1: (2000,22000) ops and (1725.6,794.9) ops/second in (1.159008,27.674985) seconds
2026/05/26-10:11:52  ... thread 3: (2000,22000) ops and (1632.4,794.9) ops/second in (1.225215,27.675705) seconds
2026/05/26-10:11:53  ... thread 0: (7000,29000) ops and (6770.7,1010.9) ops/second in (1.033872,28.687437) seconds
2026/05/26-10:11:53  ... thread 1: (7000,29000) ops and (6898.9,1010.8) ops/second in (1.014653,28.689638) seconds
2026/05/26-10:11:53  ... thread 2: (7000,29000) ops and (6780.5,1010.3) ops/second in (1.032379,28.704762) seconds
2026/05/26-10:11:53  ... thread 3: (8000,30000) ops and (7247.1,1042.4) ops/second in (1.103888,28.779593) seconds
2026/05/26-10:11:54  ... thread 2: (9000,38000) ops and (8455.3,1276.5) ops/second in (1.064426,29.769188) seconds
2026/05/26-10:11:54  ... thread 0: (9000,38000) ops and (8225.7,1276.0) ops/second in (1.094128,29.781565) seconds
2026/05/26-10:11:54  ... thread 1: (9000,38000) ops and (8186.8,1275.6) ops/second in (1.099326,29.788964) seconds
2026/05/26-10:11:54  ... thread 3: (9000,39000) ops and (8700.2,1308.1) ops/second in (1.034454,29.814047) seconds
2026/05/26-10:11:55  ... thread 2: (10000,48000) ops and (9960.3,1559.8) ops/second in (1.003985,30.773173) seconds
2026/05/26-10:11:55  ... thread 1: (11000,49000) ops and (10833.6,1590.7) ops/second in (1.015361,30.804325) seconds
2026/05/26-10:11:55  ... thread 0: (11000,49000) ops and (10478.3,1589.3) ops/second in (1.049785,30.831350) seconds
2026/05/26-10:11:55  ... thread 3: (11000,50000) ops and (10746.2,1621.4) ops/second in (1.023622,30.837669) seconds
2026/05/26-10:11:56  ... thread 2: (15000,63000) ops and (14730.6,1981.7) ops/second in (1.018290,31.791463) seconds
2026/05/26-10:11:56  ... thread 1: (15000,64000) ops and (14964.2,2012.2) ops/second in (1.002391,31.806716) seconds
2026/05/26-10:11:56  ... thread 3: (16000,66000) ops and (15955.1,2072.8) ops/second in (1.002815,31.840484) seconds
2026/05/26-10:11:56  ... thread 0: (16000,65000) ops and (15787.2,2041.1) ops/second in (1.013478,31.844828) seconds
2026/05/26-10:11:57  ... thread 2: (16000,79000) ops and (15274.1,2405.7) ops/second in (1.047525,32.838988) seconds
2026/05/26-10:11:57  ... thread 1: (16000,80000) ops and (15330.1,2435.3) ops/second in (1.043699,32.850415) seconds
2026/05/26-10:11:57  ... thread 3: (16000,82000) ops and (15564.1,2494.8) ops/second in (1.028010,32.868494) seconds
2026/05/26-10:11:57  ... thread 0: (17000,82000) ops and (16171.4,2492.7) ops/second in (1.051239,32.896067) seconds
DB path: [/tmp/rocksdb_comp_exp_db]
readrandom   :     336.350 micros/op 11879 ops/sec 33.673 seconds 400000 operations;   11.6 MB/s (98120 of 100000 found)

STATISTICS:
rocksdb.block.cache.miss COUNT : 3827510
rocksdb.block.cache.hit COUNT : 39133
rocksdb.block.cache.add COUNT : 715048
rocksdb.block.cache.add.failures COUNT : 0
rocksdb.block.cache.index.miss COUNT : 0
rocksdb.block.cache.index.hit COUNT : 0
rocksdb.block.cache.index.add COUNT : 0
rocksdb.block.cache.index.bytes.insert COUNT : 0
rocksdb.block.cache.filter.miss COUNT : 0
rocksdb.block.cache.filter.hit COUNT : 0
rocksdb.block.cache.filter.add COUNT : 0
rocksdb.block.cache.filter.bytes.insert COUNT : 0
rocksdb.block.cache.data.miss COUNT : 3827510
rocksdb.block.cache.data.hit COUNT : 39133
rocksdb.block.cache.data.add COUNT : 715048
rocksdb.block.cache.data.bytes.insert COUNT : 3077513776
rocksdb.block.cache.bytes.read COUNT : 168428448
rocksdb.block.cache.bytes.write COUNT : 3077513776
rocksdb.block.cache.compression.dict.miss COUNT : 0
rocksdb.block.cache.compression.dict.hit COUNT : 0
rocksdb.block.cache.compression.dict.add COUNT : 0
rocksdb.block.cache.compression.dict.bytes.insert COUNT : 0
rocksdb.block.cache.add.redundant COUNT : 10
rocksdb.block.cache.index.add.redundant COUNT : 0
rocksdb.block.cache.filter.add.redundant COUNT : 0
rocksdb.block.cache.data.add.redundant COUNT : 10
rocksdb.block.cache.compression.dict.add.redundant COUNT : 0
rocksdb.secondary.cache.hits COUNT : 0
rocksdb.secondary.cache.filter.hits COUNT : 0
rocksdb.secondary.cache.index.hits COUNT : 0
rocksdb.secondary.cache.data.hits COUNT : 0
rocksdb.compressed.secondary.cache.dummy.hits COUNT : 0
rocksdb.compressed.secondary.cache.hits COUNT : 0
rocksdb.compressed.secondary.cache.promotions COUNT : 0
rocksdb.compressed.secondary.cache.promotion.skips COUNT : 0
rocksdb.bloom.filter.useful COUNT : 0
rocksdb.bloom.filter.full.positive COUNT : 0
rocksdb.bloom.filter.full.true.positive COUNT : 0
rocksdb.bloom.filter.prefix.checked COUNT : 0
rocksdb.bloom.filter.prefix.useful COUNT : 0
rocksdb.bloom.filter.prefix.true.positive COUNT : 0
rocksdb.persistent.cache.hit COUNT : 0
rocksdb.persistent.cache.miss COUNT : 0
rocksdb.sim.block.cache.hit COUNT : 0
rocksdb.sim.block.cache.miss COUNT : 0
rocksdb.memtable.hit COUNT : 6833
rocksdb.memtable.miss COUNT : 393167
rocksdb.l0.hit COUNT : 14789
rocksdb.l1.hit COUNT : 82606
rocksdb.l2andup.hit COUNT : 288436
rocksdb.compaction.key.drop.new COUNT : 3464519
rocksdb.compaction.key.drop.obsolete COUNT : 0
rocksdb.compaction.key.drop.range_del COUNT : 0
rocksdb.compaction.key.drop.user COUNT : 0
rocksdb.compaction.range_del.drop.obsolete COUNT : 0
rocksdb.compaction.optimized.del.drop.obsolete COUNT : 0
rocksdb.compaction.cancelled COUNT : 0
rocksdb.compaction.aborted COUNT : 0
rocksdb.number.keys.written COUNT : 5000000
rocksdb.number.keys.read COUNT : 400000
rocksdb.number.keys.updated COUNT : 0
rocksdb.bytes.written COUNT : 5279272248
rocksdb.bytes.read COUNT : 402087936
rocksdb.number.db.seek COUNT : 0
rocksdb.number.db.next COUNT : 0
rocksdb.number.db.prev COUNT : 0
rocksdb.number.db.seek.found COUNT : 0
rocksdb.number.db.next.found COUNT : 0
rocksdb.number.db.prev.found COUNT : 0
rocksdb.db.iter.bytes.read COUNT : 0
rocksdb.number.iter.skip COUNT : 0
rocksdb.number.reseeks.iteration COUNT : 0
rocksdb.num.iterator.created COUNT : 0
rocksdb.num.iterator.deleted COUNT : 0
rocksdb.no.file.opens COUNT : 162
rocksdb.no.file.errors COUNT : 0
rocksdb.stall.micros COUNT : 74830085
rocksdb.db.mutex.wait.micros COUNT : 0
rocksdb.number.multiget.get COUNT : 0
rocksdb.number.multiget.keys.read COUNT : 0
rocksdb.number.multiget.bytes.read COUNT : 0
rocksdb.number.multiget.keys.found COUNT : 0
rocksdb.number.merge.failures COUNT : 0
rocksdb.getupdatessince.calls COUNT : 0
rocksdb.wal.synced COUNT : 0
rocksdb.wal.bytes COUNT : 5279272248
rocksdb.write.self COUNT : 4939354
rocksdb.write.other COUNT : 60646
rocksdb.write.wal COUNT : 5000000
rocksdb.compact.read.bytes COUNT : 7598043170
rocksdb.compact.write.bytes COUNT : 5514850690
rocksdb.flush.write.bytes COUNT : 2971529798
rocksdb.compact.read.marked.bytes COUNT : 0
rocksdb.compact.read.periodic.bytes COUNT : 0
rocksdb.compact.read.ttl.bytes COUNT : 0
rocksdb.compact.write.marked.bytes COUNT : 0
rocksdb.compact.write.periodic.bytes COUNT : 0
rocksdb.compact.write.ttl.bytes COUNT : 0
rocksdb.number.direct.load.table.properties COUNT : 0
rocksdb.number.superversion_acquires COUNT : 32
rocksdb.number.superversion_releases COUNT : 28
rocksdb.number.superversion_cleanups COUNT : 7
rocksdb.number.block.compressed COUNT : 3472895
rocksdb.number.block.decompressed COUNT : 3827669
rocksdb.bytes.compressed.from COUNT : 14637368426
rocksdb.bytes.compressed.to COUNT : 8468801124
rocksdb.bytes.compression_bypassed COUNT : 0
rocksdb.bytes.compression.rejected COUNT : 42
rocksdb.number.block_compression_bypassed COUNT : 0
rocksdb.number.block_compression_rejected COUNT : 3
rocksdb.bytes.decompressed.from COUNT : 9331158571
rocksdb.bytes.decompressed.to COUNT : 16125724570
rocksdb.merge.operation.time.nanos COUNT : 0
rocksdb.filter.operation.time.nanos COUNT : 0
rocksdb.compaction.total.time.cpu_micros COUNT : 42912616
rocksdb.row.cache.hit COUNT : 0
rocksdb.row.cache.miss COUNT : 0
rocksdb.read.amp.estimate.useful.bytes COUNT : 0
rocksdb.read.amp.total.read.bytes COUNT : 0
rocksdb.number.rate_limiter.drains COUNT : 0
rocksdb.blobdb.num.put COUNT : 0
rocksdb.blobdb.num.write COUNT : 0
rocksdb.blobdb.num.get COUNT : 0
rocksdb.blobdb.num.multiget COUNT : 0
rocksdb.blobdb.num.seek COUNT : 0
rocksdb.blobdb.num.next COUNT : 0
rocksdb.blobdb.num.prev COUNT : 0
rocksdb.blobdb.num.keys.written COUNT : 0
rocksdb.blobdb.num.keys.read COUNT : 0
rocksdb.blobdb.bytes.written COUNT : 0
rocksdb.blobdb.bytes.read COUNT : 0
rocksdb.blobdb.write.inlined COUNT : 0
rocksdb.blobdb.write.inlined.ttl COUNT : 0
rocksdb.blobdb.write.blob COUNT : 0
rocksdb.blobdb.write.blob.ttl COUNT : 0
rocksdb.blobdb.blob.file.bytes.written COUNT : 0
rocksdb.blobdb.blob.file.bytes.read COUNT : 0
rocksdb.blobdb.blob.file.synced COUNT : 0
rocksdb.blobdb.blob.index.expired.count COUNT : 0
rocksdb.blobdb.blob.index.expired.size COUNT : 0
rocksdb.blobdb.blob.index.evicted.count COUNT : 0
rocksdb.blobdb.blob.index.evicted.size COUNT : 0
rocksdb.blobdb.gc.num.files COUNT : 0
rocksdb.blobdb.gc.num.new.files COUNT : 0
rocksdb.blobdb.gc.failures COUNT : 0
rocksdb.blobdb.gc.num.keys.relocated COUNT : 0
rocksdb.blobdb.gc.bytes.relocated COUNT : 0
rocksdb.blobdb.fifo.num.files.evicted COUNT : 0
rocksdb.blobdb.fifo.num.keys.evicted COUNT : 0
rocksdb.blobdb.fifo.bytes.evicted COUNT : 0
rocksdb.blobdb.cache.miss COUNT : 0
rocksdb.blobdb.cache.hit COUNT : 0
rocksdb.blobdb.cache.add COUNT : 0
rocksdb.blobdb.cache.add.failures COUNT : 0
rocksdb.blobdb.cache.bytes.read COUNT : 0
rocksdb.blobdb.cache.bytes.write COUNT : 0
rocksdb.txn.overhead.mutex.prepare COUNT : 0
rocksdb.txn.overhead.mutex.old.commit.map COUNT : 0
rocksdb.txn.overhead.duplicate.key COUNT : 0
rocksdb.txn.overhead.mutex.snapshot COUNT : 0
rocksdb.txn.get.tryagain COUNT : 0
rocksdb.files.marked.trash COUNT : 0
rocksdb.files.marked.trash.deleted COUNT : 0
rocksdb.files.deleted.immediately COUNT : 221
rocksdb.error.handler.bg.error.count COUNT : 0
rocksdb.error.handler.bg.io.error.count COUNT : 0
rocksdb.error.handler.bg.retryable.io.error.count COUNT : 0
rocksdb.error.handler.autoresume.count COUNT : 0
rocksdb.error.handler.autoresume.retry.total.count COUNT : 0
rocksdb.error.handler.autoresume.success.count COUNT : 0
rocksdb.memtable.payload.bytes.at.flush COUNT : 5217262592
rocksdb.memtable.garbage.bytes.at.flush COUNT : 127773208
rocksdb.verify_checksum.read.bytes COUNT : 0
rocksdb.backup.read.bytes COUNT : 0
rocksdb.backup.write.bytes COUNT : 0
rocksdb.remote.compact.read.bytes COUNT : 0
rocksdb.remote.compact.write.bytes COUNT : 0
rocksdb.remote.compact.resumed.bytes COUNT : 0
rocksdb.hot.file.read.bytes COUNT : 0
rocksdb.warm.file.read.bytes COUNT : 0
rocksdb.cool.file.read.bytes COUNT : 0
rocksdb.cold.file.read.bytes COUNT : 0
rocksdb.ice.file.read.bytes COUNT : 0
rocksdb.hot.file.read.count COUNT : 0
rocksdb.warm.file.read.count COUNT : 0
rocksdb.cool.file.read.count COUNT : 0
rocksdb.cold.file.read.count COUNT : 0
rocksdb.ice.file.read.count COUNT : 0
rocksdb.last.level.read.bytes COUNT : 0
rocksdb.last.level.read.count COUNT : 0
rocksdb.non.last.level.read.bytes COUNT : 9350500395
rocksdb.non.last.level.read.count COUNT : 3828158
rocksdb.last.level.seek.filtered COUNT : 0
rocksdb.last.level.seek.filter.match COUNT : 0
rocksdb.last.level.seek.data COUNT : 0
rocksdb.last.level.seek.data.useful.no.filter COUNT : 0
rocksdb.last.level.seek.data.useful.filter.match COUNT : 0
rocksdb.non.last.level.seek.filtered COUNT : 0
rocksdb.non.last.level.seek.filter.match COUNT : 0
rocksdb.non.last.level.seek.data COUNT : 0
rocksdb.non.last.level.seek.data.useful.no.filter COUNT : 0
rocksdb.non.last.level.seek.data.useful.filter.match COUNT : 0
rocksdb.block.checksum.compute.count COUNT : 3827834
rocksdb.block.checksum.mismatch.count COUNT : 0
rocksdb.multiget.coroutine.count COUNT : 0
rocksdb.read.async.micros COUNT : 0
rocksdb.async.read.error.count COUNT : 0
rocksdb.table.open.prefetch.tail.miss COUNT : 0
rocksdb.table.open.prefetch.tail.hit COUNT : 0
rocksdb.timestamp.filter.table.checked COUNT : 0
rocksdb.timestamp.filter.table.filtered COUNT : 0
rocksdb.readahead.trimmed COUNT : 0
rocksdb.fifo.max.size.compactions COUNT : 0
rocksdb.fifo.ttl.compactions COUNT : 0
rocksdb.fifo.change_temperature.compactions COUNT : 0
rocksdb.prefetch.bytes COUNT : 0
rocksdb.prefetch.bytes.useful COUNT : 0
rocksdb.prefetch.hits COUNT : 0
rocksdb.footer.corruption.count COUNT : 0
rocksdb.file.read.corruption.retry.count COUNT : 0
rocksdb.file.read.corruption.retry.success.count COUNT : 0
rocksdb.number.wbwi.ingest COUNT : 0
rocksdb.sst.user.defined.index.load.fail.count COUNT : 0
rocksdb.multiscan.prepare.calls COUNT : 0
rocksdb.multiscan.prepare.errors COUNT : 0
rocksdb.multiscan.blocks.prefetched COUNT : 0
rocksdb.multiscan.blocks.from.cache COUNT : 0
rocksdb.multiscan.prefetch.bytes COUNT : 0
rocksdb.multiscan.prefetch.blocks.wasted COUNT : 0
rocksdb.multiscan.io.requests COUNT : 0
rocksdb.multiscan.io.coalesced.nonadjacent COUNT : 0
rocksdb.multiscan.seek.errors COUNT : 0
rocksdb.prefetch.memory.bytes.granted COUNT : 0
rocksdb.prefetch.memory.bytes.released COUNT : 0
rocksdb.prefetch.memory.requests.blocked COUNT : 0
rocksdb.read.path.range.tombstones.inserted COUNT : 0
rocksdb.read.path.range.tombstones.discarded COUNT : 0
rocksdb.file.open.metadata.retrieved COUNT : 0
rocksdb.file.open.metadata.passed COUNT : 0
rocksdb.manifest.validation.failure.count COUNT : 0
rocksdb.db.get.micros P50 : 12.845057 P95 : 1428.541937 P99 : 3859.060807 P100 : 909924.000000 COUNT : 400000 SUM : 134328861
rocksdb.db.write.micros P50 : 5.716991 P95 : 19.873392 P99 : 1289.259971 P100 : 1150479.000000 COUNT : 4999972 SUM : 449046862
rocksdb.compaction.times.micros P50 : 6280000.000000 P95 : 14400000.000000 P99 : 15780458.000000 P100 : 15780458.000000 COUNT : 19 SUM : 136475372
rocksdb.compaction.times.cpu_micros P50 : 1812500.000000 P95 : 5088394.000000 P99 : 5088394.000000 P100 : 5088394.000000 COUNT : 19 SUM : 42912616
rocksdb.subcompaction.setup.times.micros P50 : 0.000000 P95 : 0.000000 P99 : 0.000000 P100 : 0.000000 COUNT : 0 SUM : 0
rocksdb.table.sync.micros P50 : 350000.000000 P95 : 1127142.857143 P99 : 1330309.000000 P100 : 1330309.000000 COUNT : 80 SUM : 41321654
rocksdb.compaction.outfile.sync.micros P50 : 699736.842105 P95 : 1197875.000000 P99 : 1525473.000000 P100 : 1525473.000000 COUNT : 82 SUM : 54294212
rocksdb.wal.file.sync.micros P50 : 0.000000 P95 : 0.000000 P99 : 0.000000 P100 : 0.000000 COUNT : 0 SUM : 0
rocksdb.manifest.file.sync.micros P50 : 5786.301370 P95 : 29700.000000 P99 : 558600.000000 P100 : 598605.000000 COUNT : 106 SUM : 2446700
rocksdb.table.open.io.micros P50 : 844.222222 P95 : 4647.500000 P99 : 6429.500000 P100 : 6991.000000 COUNT : 162 SUM : 186387
rocksdb.db.multiget.micros P50 : 0.000000 P95 : 0.000000 P99 : 0.000000 P100 : 0.000000 COUNT : 0 SUM : 0
rocksdb.read.block.compaction.micros P50 : 3.344959 P95 : 5.417517 P99 : 11.461413 P100 : 325429.000000 COUNT : 3112462 SUM : 47465592
rocksdb.read.block.get.micros P50 : 5.642287 P95 : 1003.960854 P99 : 1846.915676 P100 : 567860.000000 COUNT : 715210 SUM : 130587319
rocksdb.write.raw.block.micros P50 : 0.533526 P95 : 1.257605 P99 : 2.467264 P100 : 12048.000000 COUNT : 3473222 SUM : 9924629
rocksdb.numfiles.in.singlecompaction P50 : 3.666667 P95 : 18.000000 P99 : 18.000000 P100 : 18.000000 COUNT : 22 SUM : 152
rocksdb.db.seek.micros P50 : 0.000000 P95 : 0.000000 P99 : 0.000000 P100 : 0.000000 COUNT : 0 SUM : 0
rocksdb.db.write.stall P50 : 1139.331605 P95 : 2654.611322 P99 : 2865.331798 P100 : 1149167.000000 COUNT : 38899 SUM : 74830085
rocksdb.sst.read.micros P50 : 0.812666 P95 : 2.086044 P99 : 1066.807497 P100 : 567845.000000 COUNT : 3828158 SUM : 164535037
rocksdb.file.read.flush.micros P50 : 4.000000 P95 : 70.444444 P99 : 103.200000 P100 : 1418.000000 COUNT : 320 SUM : 7352
rocksdb.file.read.compaction.micros P50 : 0.710666 P95 : 1.906117 P99 : 3.566731 P100 : 325422.000000 COUNT : 3112790 SUM : 37960323
rocksdb.file.read.db.open.micros P50 : 0.000000 P95 : 0.000000 P99 : 0.000000 P100 : 0.000000 COUNT : 0 SUM : 0
rocksdb.file.read.get.micros P50 : 0.000000 P95 : 0.000000 P99 : 0.000000 P100 : 0.000000 COUNT : 0 SUM : 0
rocksdb.file.read.multiget.micros P50 : 0.000000 P95 : 0.000000 P99 : 0.000000 P100 : 0.000000 COUNT : 0 SUM : 0
rocksdb.file.read.db.iterator.micros P50 : 0.000000 P95 : 0.000000 P99 : 0.000000 P100 : 0.000000 COUNT : 0 SUM : 0
rocksdb.file.read.verify.db.checksum.micros P50 : 0.000000 P95 : 0.000000 P99 : 0.000000 P100 : 0.000000 COUNT : 0 SUM : 0
rocksdb.file.read.verify.file.checksums.micros P50 : 0.000000 P95 : 0.000000 P99 : 0.000000 P100 : 0.000000 COUNT : 0 SUM : 0
rocksdb.sst.write.micros P50 : 0.501859 P95 : 0.953533 P99 : 0.993681 P100 : 12016.000000 COUNT : 6946606 SUM : 7955658
rocksdb.file.write.flush.micros P50 : 0.501784 P95 : 0.953390 P99 : 0.993533 P100 : 12016.000000 COUNT : 2428808 SUM : 3175786
rocksdb.file.write.compaction.micros P50 : 0.501900 P95 : 0.953609 P99 : 0.993761 P100 : 8691.000000 COUNT : 4517798 SUM : 4779872
rocksdb.file.write.db.open.micros P50 : 0.000000 P95 : 0.000000 P99 : 0.000000 P100 : 0.000000 COUNT : 0 SUM : 0
rocksdb.num.subcompactions.scheduled P50 : 0.000000 P95 : 0.000000 P99 : 0.000000 P100 : 0.000000 COUNT : 0 SUM : 0
rocksdb.bytes.per.read P50 : 1024.000000 P95 : 1024.000000 P99 : 1024.000000 P100 : 1024.000000 COUNT : 400000 SUM : 402087936
rocksdb.bytes.per.write P50 : 1086.447760 P95 : 1281.250745 P99 : 1298.566566 P100 : 4188.000000 COUNT : 4939354 SUM : 5279272248
rocksdb.bytes.per.multiget P50 : 0.000000 P95 : 0.000000 P99 : 0.000000 P100 : 0.000000 COUNT : 0 SUM : 0
rocksdb.compression.times.nanos P50 : 0.000000 P95 : 0.000000 P99 : 0.000000 P100 : 0.000000 COUNT : 0 SUM : 0
rocksdb.decompression.times.nanos P50 : 0.000000 P95 : 0.000000 P99 : 0.000000 P100 : 0.000000 COUNT : 0 SUM : 0
rocksdb.read.num.merge_operands P50 : 0.000000 P95 : 0.000000 P99 : 0.000000 P100 : 0.000000 COUNT : 0 SUM : 0
rocksdb.blobdb.key.size P50 : 0.000000 P95 : 0.000000 P99 : 0.000000 P100 : 0.000000 COUNT : 0 SUM : 0
rocksdb.blobdb.value.size P50 : 0.000000 P95 : 0.000000 P99 : 0.000000 P100 : 0.000000 COUNT : 0 SUM : 0
rocksdb.blobdb.write.micros P50 : 0.000000 P95 : 0.000000 P99 : 0.000000 P100 : 0.000000 COUNT : 0 SUM : 0
rocksdb.blobdb.get.micros P50 : 0.000000 P95 : 0.000000 P99 : 0.000000 P100 : 0.000000 COUNT : 0 SUM : 0
rocksdb.blobdb.multiget.micros P50 : 0.000000 P95 : 0.000000 P99 : 0.000000 P100 : 0.000000 COUNT : 0 SUM : 0
rocksdb.blobdb.seek.micros P50 : 0.000000 P95 : 0.000000 P99 : 0.000000 P100 : 0.000000 COUNT : 0 SUM : 0
rocksdb.blobdb.next.micros P50 : 0.000000 P95 : 0.000000 P99 : 0.000000 P100 : 0.000000 COUNT : 0 SUM : 0
rocksdb.blobdb.prev.micros P50 : 0.000000 P95 : 0.000000 P99 : 0.000000 P100 : 0.000000 COUNT : 0 SUM : 0
rocksdb.blobdb.blob.file.write.micros P50 : 0.000000 P95 : 0.000000 P99 : 0.000000 P100 : 0.000000 COUNT : 0 SUM : 0
rocksdb.blobdb.blob.file.read.micros P50 : 0.000000 P95 : 0.000000 P99 : 0.000000 P100 : 0.000000 COUNT : 0 SUM : 0
rocksdb.blobdb.blob.file.sync.micros P50 : 0.000000 P95 : 0.000000 P99 : 0.000000 P100 : 0.000000 COUNT : 0 SUM : 0
rocksdb.blobdb.compression.micros P50 : 0.000000 P95 : 0.000000 P99 : 0.000000 P100 : 0.000000 COUNT : 0 SUM : 0
rocksdb.blobdb.decompression.micros P50 : 0.000000 P95 : 0.000000 P99 : 0.000000 P100 : 0.000000 COUNT : 0 SUM : 0
rocksdb.db.flush.micros P50 : 639047.619048 P95 : 1340000.000000 P99 : 1512942.000000 P100 : 1512942.000000 COUNT : 80 SUM : 59203686
rocksdb.sst.batch.size P50 : 0.000000 P95 : 0.000000 P99 : 0.000000 P100 : 0.000000 COUNT : 0 SUM : 0
rocksdb.multiget.io.batch.size P50 : 0.000000 P95 : 0.000000 P99 : 0.000000 P100 : 0.000000 COUNT : 0 SUM : 0
rocksdb.num.index.and.filter.blocks.read.per.level P50 : 0.000000 P95 : 0.000000 P99 : 0.000000 P100 : 0.000000 COUNT : 0 SUM : 0
rocksdb.num.sst.read.per.level P50 : 0.000000 P95 : 0.000000 P99 : 0.000000 P100 : 0.000000 COUNT : 0 SUM : 0
rocksdb.num.level.read.per.multiget P50 : 0.000000 P95 : 0.000000 P99 : 0.000000 P100 : 0.000000 COUNT : 0 SUM : 0
rocksdb.error.handler.autoresume.retry.count P50 : 0.000000 P95 : 0.000000 P99 : 0.000000 P100 : 0.000000 COUNT : 0 SUM : 0
rocksdb.async.read.bytes P50 : 0.000000 P95 : 0.000000 P99 : 0.000000 P100 : 0.000000 COUNT : 0 SUM : 0
rocksdb.poll.wait.micros P50 : 0.000000 P95 : 0.000000 P99 : 0.000000 P100 : 0.000000 COUNT : 0 SUM : 0
rocksdb.compaction.prefetch.bytes P50 : 0.000000 P95 : 0.000000 P99 : 0.000000 P100 : 0.000000 COUNT : 0 SUM : 0
rocksdb.prefetched.bytes.discarded P50 : 0.000000 P95 : 0.000000 P99 : 0.000000 P100 : 0.000000 COUNT : 0 SUM : 0
rocksdb.async.prefetch.abort.micros P50 : 0.000000 P95 : 0.000000 P99 : 0.000000 P100 : 0.000000 COUNT : 0 SUM : 0
rocksdb.table.open.prefetch.tail.read.bytes P50 : 0.000000 P95 : 0.000000 P99 : 0.000000 P100 : 0.000000 COUNT : 0 SUM : 0
rocksdb.num.op.per.transaction P50 : 0.000000 P95 : 0.000000 P99 : 0.000000 P100 : 0.000000 COUNT : 0 SUM : 0
rocksdb.multiscan.op.prepare.iterators.micros P50 : 0.000000 P95 : 0.000000 P99 : 0.000000 P100 : 0.000000 COUNT : 0 SUM : 0
rocksdb.multiscan.prepare.micros P50 : 0.000000 P95 : 0.000000 P99 : 0.000000 P100 : 0.000000 COUNT : 0 SUM : 0
rocksdb.multiscan.blocks.per.prepare P50 : 0.000000 P95 : 0.000000 P99 : 0.000000 P100 : 0.000000 COUNT : 0 SUM : 0
rocksdb.block.key.distribution.cv P50 : 0.000000 P95 : 0.000000 P99 : 0.000000 P100 : 0.000000 COUNT : 0 SUM : 0

[EXPERIMENT_COMPLETED]
