RocksDB:    version 11.3.0
Date:       Tue May 26 11:52:11 2026
CPU:        2 * Intel Xeon Processor (SapphireRapids)
CPUCache:   16384 KB
2026/05/26-11:52:12  ... thread 1: (40000,40000) ops and (39981.2,39981.2) ops/second in (1.000471,1.000471) seconds
2026/05/26-11:52:12  ... thread 2: (44000,44000) ops and (43868.4,43868.4) ops/second in (1.002999,1.002999) seconds
2026/05/26-11:52:12  ... thread 3: (41000,41000) ops and (40569.1,40569.1) ops/second in (1.010621,1.010621) seconds
2026/05/26-11:52:12  ... thread 0: (45000,45000) ops and (44435.8,44435.8) ops/second in (1.012696,1.012696) seconds
2026/05/26-11:52:13  ... thread 3: (40000,81000) ops and (39993.2,40282.7) ops/second in (1.000170,2.010791) seconds
2026/05/26-11:52:13  ... thread 2: (32000,76000) ops and (31660.4,37741.0) ops/second in (1.010727,2.013726) seconds
2026/05/26-11:52:13  ... thread 0: (30000,75000) ops and (29926.4,37218.0) ops/second in (1.002460,2.015156) seconds
2026/05/26-11:52:13  ... thread 1: (33000,73000) ops and (32211.3,36050.1) ops/second in (1.024486,2.024957) seconds
2026/05/26-11:52:14  ... thread 3: (18000,99000) ops and (14127.7,30138.1) ops/second in (1.274089,3.284880) seconds
2026/05/26-11:52:14  ... thread 1: (12000,85000) ops and (9524.4,25876.1) ops/second in (1.259927,3.284884) seconds
2026/05/26-11:52:14  ... thread 0: (14000,89000) ops and (10923.2,26995.6) ops/second in (1.281680,3.296836) seconds
2026/05/26-11:52:14  ... thread 2: (22000,98000) ops and (16957.6,29597.6) ops/second in (1.297350,3.311076) seconds
2026/05/26-11:52:16  ... thread 1: (20000,105000) ops and (16237.9,23247.7) ops/second in (1.231688,4.516572) seconds
2026/05/26-11:52:16  ... thread 2: (15000,113000) ops and (12391.1,24991.0) ops/second in (1.210543,4.521619) seconds
2026/05/26-11:52:16  ... thread 0: (14000,103000) ops and (11340.2,22730.4) ops/second in (1.234542,4.531378) seconds
2026/05/26-11:52:16  ... thread 3: (13000,112000) ops and (10377.8,24682.9) ops/second in (1.252676,4.537556) seconds
2026/05/26-11:52:17  ... thread 0: (31000,134000) ops and (30927.6,24215.2) ops/second in (1.002341,5.533719) seconds
2026/05/26-11:52:17  ... thread 1: (27000,132000) ops and (26418.5,23832.8) ops/second in (1.022013,5.538585) seconds
2026/05/26-11:52:17  ... thread 2: (33000,146000) ops and (32263.9,26332.7) ops/second in (1.022814,5.544433) seconds
2026/05/26-11:52:17  ... thread 3: (37000,149000) ops and (36714.4,26869.4) ops/second in (1.007779,5.545335) seconds
2026/05/26-11:52:18  ... thread 1: (18000,150000) ops and (16410.0,22605.8) ops/second in (1.096894,6.635479) seconds
2026/05/26-11:52:18  ... thread 3: (14000,163000) ops and (12577.1,24480.1) ops/second in (1.113135,6.658470) seconds
2026/05/26-11:52:18  ... thread 0: (14000,148000) ops and (12369.5,22203.8) ops/second in (1.131815,6.665534) seconds
2026/05/26-11:52:18  ... thread 2: (14000,160000) ops and (12361.7,23963.0) ops/second in (1.132526,6.676959) seconds
2026/05/26-11:52:19  ... thread 3: (14000,177000) ops and (13124.9,22912.2) ops/second in (1.066671,7.725141) seconds
2026/05/26-11:52:19  ... thread 1: (16000,166000) ops and (14643.7,21480.1) ops/second in (1.092619,7.728098) seconds
2026/05/26-11:52:19  ... thread 2: (15000,175000) ops and (14123.7,22612.7) ops/second in (1.062046,7.739005) seconds
2026/05/26-11:52:19  ... thread 0: (16000,164000) ops and (14807.5,21172.0) ops/second in (1.080530,7.746064) seconds
2026/05/26-11:52:20  ... thread 1: (15000,181000) ops and (13367.5,20451.5) ops/second in (1.122126,8.850224) seconds
2026/05/26-11:52:20  ... thread 0: (16000,180000) ops and (14444.7,20330.4) ops/second in (1.107676,8.853740) seconds
2026/05/26-11:52:20  ... thread 3: (17000,194000) ops and (14966.4,21893.6) ops/second in (1.135881,8.861022) seconds
2026/05/26-11:52:20  ... thread 2: (15000,190000) ops and (13237.4,21415.3) ops/second in (1.133150,8.872155) seconds
2026/05/26-11:52:21  ... thread 1: (19000,200000) ops and (18951.6,20298.8) ops/second in (1.002554,9.852778) seconds
2026/05/26-11:52:21  ... thread 0: (16000,196000) ops and (15737.3,19857.3) ops/second in (1.016691,9.870431) seconds
2026/05/26-11:52:21  ... thread 2: (15000,205000) ops and (14591.7,20706.8) ops/second in (1.027984,9.900139) seconds
2026/05/26-11:52:21  ... thread 3: (16000,210000) ops and (15376.8,21208.8) ops/second in (1.040530,9.901552) seconds
2026/05/26-11:52:22  ... thread 1: (36000,236000) ops and (23625.2,20744.4) ops/second in (1.523798,11.376576) seconds
2026/05/26-11:52:22  ... thread 0: (30000,226000) ops and (19784.5,19847.6) ops/second in (1.516342,11.386773) seconds
2026/05/26-11:52:22  ... thread 2: (26000,231000) ops and (17191.1,20240.9) ops/second in (1.512413,11.412552) seconds
2026/05/26-11:52:22  ... thread 3: (29000,239000) ops and (19155.4,20936.5) ops/second in (1.513937,11.415489) seconds
2026/05/26-11:52:24  ... thread 3: (29000,268000) ops and (17374.6,20482.1) ops/second in (1.669099,13.084588) seconds
2026/05/26-11:52:24  ... thread 2: (28000,259000) ops and (16721.1,19790.5) ops/second in (1.674529,13.087081) seconds
2026/05/26-11:52:24  ... thread 1: (32000,268000) ops and (18101.1,20388.9) ops/second in (1.767847,13.144423) seconds
2026/05/26-11:52:25  ... thread 0: (35000,261000) ops and (13780.9,18741.2) ops/second in (2.539749,13.926522) seconds
2026/05/26-11:52:25  ... thread 3: (1000,269000) ops and (987.4,19081.6) ops/second in (1.012793,14.097381) seconds
2026/05/26-11:52:25  ... thread 1: (4000,272000) ops and (3843.6,19175.0) ops/second in (1.040687,14.185110) seconds
2026/05/26-11:52:26  ... thread 2: (2000,261000) ops and (1101.8,17514.1) ops/second in (1.815160,14.902241) seconds
2026/05/26-11:52:26  ... thread 0: (2000,263000) ops and (1886.5,17548.9) ops/second in (1.060188,14.986710) seconds
2026/05/26-11:52:26  ... thread 3: (1000,270000) ops and (945.9,17816.4) ops/second in (1.057163,15.154544) seconds
2026/05/26-11:52:27  ... thread 1: (4000,276000) ops and (3005.9,17788.3) ops/second in (1.330710,15.515820) seconds
2026/05/26-11:52:27  ... thread 2: (2000,263000) ops and (1920.4,16495.5) ops/second in (1.041463,15.943704) seconds
2026/05/26-11:52:27  ... thread 0: (1000,264000) ops and (922.6,16427.5) ops/second in (1.083862,16.070572) seconds
2026/05/26-11:52:27  ... thread 3: (7000,277000) ops and (6923.7,17135.2) ops/second in (1.011014,16.165558) seconds
2026/05/26-11:52:28  ... thread 2: (27000,290000) ops and (18918.1,16694.6) ops/second in (1.427203,17.370907) seconds
2026/05/26-11:52:28  ... thread 0: (27000,291000) ops and (20734.2,16750.4) ops/second in (1.302197,17.372769) seconds
2026/05/26-11:52:28  ... thread 1: (25000,301000) ops and (13438.0,17322.5) ops/second in (1.860399,17.376219) seconds
2026/05/26-11:52:28  ... thread 3: (21000,298000) ops and (17058.4,17129.8) ops/second in (1.231067,17.396625) seconds
2026/05/26-11:52:30  ... thread 1: (16000,317000) ops and (14083.4,17123.7) ops/second in (1.136088,18.512307) seconds
2026/05/26-11:52:30  ... thread 3: (14000,312000) ops and (12480.6,16848.1) ops/second in (1.121743,18.518368) seconds
2026/05/26-11:52:30  ... thread 0: (16000,307000) ops and (13767.7,16563.3) ops/second in (1.162140,18.534909) seconds
2026/05/26-11:52:30  ... thread 2: (16000,306000) ops and (13564.2,16495.5) ops/second in (1.179574,18.550481) seconds
2026/05/26-11:52:31  ... thread 2: (13000,319000) ops and (10154.8,16086.2) ops/second in (1.280189,19.830670) seconds
2026/05/26-11:52:31  ... thread 1: (18000,335000) ops and (13667.5,16894.2) ops/second in (1.316995,19.829302) seconds
2026/05/26-11:52:31  ... thread 0: (15000,322000) ops and (11515.3,16231.9) ops/second in (1.302613,19.837522) seconds
2026/05/26-11:52:31  ... thread 3: (17000,329000) ops and (12841.7,16580.8) ops/second in (1.323817,19.842185) seconds
2026/05/26-11:52:32  ... thread 2: (17000,336000) ops and (12186.4,15829.9) ops/second in (1.394995,21.225665) seconds
2026/05/26-11:52:32  ... thread 0: (18000,340000) ops and (12971.7,16018.7) ops/second in (1.387632,21.225154) seconds
2026/05/26-11:52:32  ... thread 1: (15000,350000) ops and (10696.0,16484.8) ops/second in (1.402399,21.231701) seconds
2026/05/26-11:52:33  ... thread 3: (16000,345000) ops and (7936.8,15783.6) ops/second in (2.015929,21.858114) seconds
2026/05/26-11:52:33  ... thread 1: (1000,351000) ops and (912.0,15720.0) ops/second in (1.096551,22.328252) seconds
2026/05/26-11:52:34  ... thread 3: (4000,349000) ops and (3491.2,15171.4) ops/second in (1.145748,23.003862) seconds
2026/05/26-11:52:34  ... thread 2: (1000,337000) ops and (513.1,14541.8) ops/second in (1.948834,23.174499) seconds
2026/05/26-11:52:34  ... thread 0: (5000,345000) ops and (2442.0,14824.3) ops/second in (2.047490,23.272644) seconds
2026/05/26-11:52:35  ... thread 1: (2000,353000) ops and (1597.0,14969.9) ops/second in (1.252364,23.580616) seconds
2026/05/26-11:52:35  ... thread 2: (2000,339000) ops and (1840.7,13973.0) ops/second in (1.086550,24.261049) seconds
2026/05/26-11:52:35  ... thread 3: (2000,351000) ops and (1499.6,14422.2) ops/second in (1.333646,24.337508) seconds
2026/05/26-11:52:36  ... thread 0: (2000,347000) ops and (1688.6,14188.1) ops/second in (1.184407,24.457051) seconds
2026/05/26-11:52:36  ... thread 1: (2000,355000) ops and (1930.3,14421.1) ops/second in (1.036128,24.616744) seconds
2026/05/26-11:52:36  ... thread 2: (17000,356000) ops and (16788.7,14085.8) ops/second in (1.012583,25.273632) seconds
2026/05/26-11:52:36  ... thread 3: (20000,371000) ops and (19987.7,14642.0) ops/second in (1.000615,25.338123) seconds
2026/05/26-11:52:37  ... thread 0: (25000,372000) ops and (21501.4,14520.0) ops/second in (1.162715,25.619766) seconds
2026/05/26-11:52:37  ... thread 1: (28000,383000) ops and (27745.2,14945.8) ops/second in (1.009182,25.625926) seconds
2026/05/26-11:52:37  ... thread 2: (31000,387000) ops and (30607.9,14722.4) ops/second in (1.012811,26.286443) seconds
2026/05/26-11:52:37  ... thread 3: (26000,397000) ops and (25935.3,15071.8) ops/second in (1.002493,26.340616) seconds
2026/05/26-11:52:38  ... thread 0: (25000,397000) ops and (24961.9,14912.9) ops/second in (1.001528,26.621294) seconds
2026/05/26-11:52:38  ... thread 1: (28000,411000) ops and (22991.9,15310.8) ops/second in (1.217822,26.843748) seconds
2026/05/26-11:52:39  ... thread 0: (2000,399000) ops and (1704.2,14355.2) ops/second in (1.173597,27.794891) seconds
2026/05/26-11:52:39  ... thread 3: (10000,407000) ops and (6758.7,14629.7) ops/second in (1.479583,27.820199) seconds
2026/05/26-11:52:39  ... thread 2: (15000,402000) ops and (9625.0,14437.1) ops/second in (1.558440,27.844883) seconds
2026/05/26-11:52:39  ... thread 1: (3000,414000) ops and (2633.2,14794.7) ops/second in (1.139286,27.983034) seconds
2026/05/26-11:52:40  ... thread 1: (2000,416000) ops and (1981.7,14348.6) ops/second in (1.009253,28.992287) seconds
2026/05/26-11:52:40  ... thread 2: (2000,404000) ops and (1429.2,13814.7) ops/second in (1.399390,29.244273) seconds
2026/05/26-11:52:41  ... thread 3: (3000,410000) ops and (1553.4,13780.8) ops/second in (1.931304,29.751503) seconds
2026/05/26-11:52:41  ... thread 0: (3000,402000) ops and (1520.7,13504.6) ops/second in (1.972798,29.767689) seconds
2026/05/26-11:52:41  ... thread 1: (3000,419000) ops and (2433.6,13862.7) ops/second in (1.232766,30.225053) seconds
2026/05/26-11:52:42  ... thread 2: (2000,406000) ops and (1473.5,13267.3) ops/second in (1.357303,30.601576) seconds
2026/05/26-11:52:42  ... thread 3: (2000,412000) ops and (1977.3,13392.7) ops/second in (1.011457,30.762960) seconds
2026/05/26-11:52:42  ... thread 0: (2000,404000) ops and (1577.3,13017.3) ops/second in (1.267990,31.035679) seconds
2026/05/26-11:52:42  ... thread 1: (12000,431000) ops and (11997.3,13802.9) ops/second in (1.000224,31.225277) seconds
2026/05/26-11:52:43  ... thread 0: (23000,427000) ops and (18018.5,13214.8) ops/second in (1.276466,32.312145) seconds
2026/05/26-11:52:43  ... thread 2: (27000,433000) ops and (15702.1,13396.8) ops/second in (1.719519,32.321095) seconds
2026/05/26-11:52:43  ... thread 3: (24000,436000) ops and (15184.0,13480.3) ops/second in (1.580615,32.343575) seconds
2026/05/26-11:52:43  ... thread 1: (13000,444000) ops and (11474.9,13721.4) ops/second in (1.132910,32.358187) seconds
2026/05/26-11:52:44  ... thread 0: (23000,450000) ops and (22894.5,13506.7) ops/second in (1.004606,33.316751) seconds
2026/05/26-11:52:44  ... thread 2: (22000,455000) ops and (21862.1,13652.4) ops/second in (1.006308,33.327403) seconds
2026/05/26-11:52:44  ... thread 3: (21000,457000) ops and (20892.3,13703.7) ops/second in (1.005156,33.348731) seconds
2026/05/26-11:52:44  ... thread 1: (21000,465000) ops and (20736.7,13934.3) ops/second in (1.012699,33.370886) seconds
2026/05/26-11:52:46  ... thread 1: (8000,473000) ops and (5766.0,13608.2) ops/second in (1.387453,34.758339) seconds
2026/05/26-11:52:46  ... thread 2: (11000,466000) ops and (7640.6,13403.5) ops/second in (1.439675,34.767078) seconds
2026/05/26-11:52:46  ... thread 3: (12000,469000) ops and (8456.1,13489.5) ops/second in (1.419088,34.767819) seconds
2026/05/26-11:52:46  ... thread 0: (11000,461000) ops and (7583.0,13259.6) ops/second in (1.450610,34.767361) seconds
2026/05/26-11:52:47  ... thread 3: (2000,471000) ops and (1736.5,13112.6) ops/second in (1.151724,35.919543) seconds
2026/05/26-11:52:47  ... thread 1: (2000,475000) ops and (1541.2,13173.9) ops/second in (1.297724,36.056063) seconds
2026/05/26-11:52:48  ... thread 2: (4000,470000) ops and (2294.8,12873.1) ops/second in (1.743068,36.510146) seconds
2026/05/26-11:52:48  ... thread 0: (3000,464000) ops and (1364.7,12552.2) ops/second in (2.198341,36.965702) seconds
2026/05/26-11:52:48  ... thread 3: (1000,472000) ops and (780.1,12687.7) ops/second in (1.281908,37.201451) seconds
2026/05/26-11:52:48  ... thread 1: (4000,479000) ops and (3463.7,12872.6) ops/second in (1.154842,37.210905) seconds
2026/05/26-11:52:49  ... thread 2: (2000,472000) ops and (1755.0,12536.6) ops/second in (1.139617,37.649763) seconds
2026/05/26-11:52:49  ... thread 3: (3000,475000) ops and (2943.4,12427.8) ops/second in (1.019221,38.220672) seconds
2026/05/26-11:52:49  ... thread 0: (2000,466000) ops and (1592.7,12192.1) ops/second in (1.255728,38.221430) seconds
2026/05/26-11:52:49  ... thread 1: (2000,481000) ops and (1942.3,12578.2) ops/second in (1.029724,38.240629) seconds
2026/05/26-11:52:50  ... thread 2: (19000,491000) ops and (18728.5,12699.1) ops/second in (1.014498,38.664261) seconds
2026/05/26-11:52:51  ... thread 3: (23000,498000) ops and (16954.2,12583.0) ops/second in (1.356598,39.577270) seconds
2026/05/26-11:52:51  ... thread 1: (26000,507000) ops and (19249.4,12805.8) ops/second in (1.350692,39.591321) seconds
2026/05/26-11:52:51  ... thread 0: (22000,488000) ops and (15710.9,12316.5) ops/second in (1.400300,39.621730) seconds
2026/05/26-11:52:51  ... thread 2: (8000,499000) ops and (7738.3,12569.9) ops/second in (1.033819,39.698080) seconds
2026/05/26-11:52:52  ... thread 3: (15000,513000) ops and (14235.6,12625.8) ops/second in (1.053696,40.630966) seconds
2026/05/26-11:52:52  ... thread 1: (17000,524000) ops and (16008.6,12889.5) ops/second in (1.061929,40.653250) seconds
2026/05/26-11:52:52  ... thread 0: (15000,503000) ops and (14353.1,12368.8) ops/second in (1.045069,40.666799) seconds
2026/05/26-11:52:52  ... thread 2: (14000,513000) ops and (13768.7,12599.8) ops/second in (1.016797,40.714877) seconds
2026/05/26-11:52:54  ... thread 3: (15000,528000) ops and (7946.8,12418.1) ops/second in (1.887555,42.518521) seconds
2026/05/26-11:52:54  ... thread 1: (16000,540000) ops and (8579.3,12700.4) ops/second in (1.864961,42.518211) seconds
2026/05/26-11:52:54  ... thread 2: (17000,530000) ops and (9305.5,12458.3) ops/second in (1.826877,42.541754) seconds
2026/05/26-11:52:54  ... thread 0: (17000,520000) ops and (7567.1,12117.4) ops/second in (2.246568,42.913367) seconds
2026/05/26-11:52:55  ... thread 0: (2000,522000) ops and (1911.9,11874.6) ops/second in (1.046074,43.959441) seconds
2026/05/26-11:52:55  ... thread 2: (5000,535000) ops and (3433.8,12159.7) ops/second in (1.456115,43.997869) seconds
2026/05/26-11:52:55  ... thread 1: (3000,543000) ops and (1810.9,12292.1) ops/second in (1.656653,44.174864) seconds
2026/05/26-11:52:55  ... thread 3: (4000,532000) ops and (2408.1,12041.8) ops/second in (1.661039,44.179560) seconds
2026/05/26-11:52:56  ... thread 0: (2000,524000) ops and (1490.1,11566.9) ops/second in (1.342171,45.301612) seconds
2026/05/26-11:52:57  ... thread 2: (3000,538000) ops and (1978.8,11820.6) ops/second in (1.516045,45.513914) seconds
2026/05/26-11:52:57  ... thread 1: (2000,545000) ops and (1377.0,11944.6) ops/second in (1.452458,45.627322) seconds
2026/05/26-11:52:57  ... thread 3: (2000,534000) ops and (1311.5,11683.7) ops/second in (1.524984,45.704544) seconds
2026/05/26-11:52:58  ... thread 0: (2000,526000) ops and (1701.5,11317.4) ops/second in (1.175421,46.477033) seconds
2026/05/26-11:52:58  ... thread 2: (2000,540000) ops and (1636.4,11554.2) ops/second in (1.222217,46.736131) seconds
2026/05/26-11:52:58  ... thread 3: (2000,536000) ops and (1799.8,11449.1) ops/second in (1.111258,46.815802) seconds
2026/05/26-11:52:58  ... thread 1: (3000,548000) ops and (2520.7,11705.0) ops/second in (1.190127,46.817449) seconds
2026/05/26-11:52:59  ... thread 2: (17000,557000) ops and (12252.2,11574.4) ops/second in (1.387506,48.123637) seconds
2026/05/26-11:52:59  ... thread 1: (22000,570000) ops and (16744.6,11842.6) ops/second in (1.313854,48.131303) seconds
2026/05/26-11:52:59  ... thread 0: (23000,549000) ops and (13765.3,11402.4) ops/second in (1.670864,48.147897) seconds
2026/05/26-11:52:59  ... thread 3: (27000,563000) ops and (20164.7,11691.5) ops/second in (1.338973,48.154775) seconds
2026/05/26-11:53:00  ... thread 1: (17000,587000) ops and (16496.4,11940.2) ops/second in (1.030525,49.161828) seconds
2026/05/26-11:53:00  ... thread 3: (15000,578000) ops and (14803.5,11755.6) ops/second in (1.013274,49.168049) seconds
2026/05/26-11:53:00  ... thread 2: (15000,572000) ops and (14303.8,11632.6) ops/second in (1.048674,49.172311) seconds
2026/05/26-11:53:00  ... thread 0: (14000,563000) ops and (13637.9,11449.0) ops/second in (1.026551,49.174448) seconds
2026/05/26-11:53:01  ... thread 0: (15000,578000) ops and (14609.5,11513.7) ops/second in (1.026731,50.201179) seconds
2026/05/26-11:53:01  ... thread 1: (17000,604000) ops and (15008.6,12009.3) ops/second in (1.132683,50.294511) seconds
2026/05/26-11:53:01  ... thread 3: (17000,595000) ops and (14246.1,11814.6) ops/second in (1.193311,50.361360) seconds
2026/05/26-11:53:01  ... thread 2: (17000,589000) ops and (13720.0,11683.9) ops/second in (1.239064,50.411375) seconds
2026/05/26-11:53:02  ... thread 0: (3000,581000) ops and (2884.4,11338.5) ops/second in (1.040078,51.241257) seconds
2026/05/26-11:53:03  ... thread 2: (2000,591000) ops and (1846.5,11477.0) ops/second in (1.083124,51.494499) seconds
2026/05/26-11:53:03  ... thread 3: (2000,597000) ops and (1423.7,11532.6) ops/second in (1.404810,51.766170) seconds
2026/05/26-11:53:03  ... thread 1: (2000,606000) ops and (1335.4,11700.6) ops/second in (1.497703,51.792214) seconds
2026/05/26-11:53:03  ... thread 0: (2000,583000) ops and (1860.2,11143.7) ops/second in (1.075144,52.316401) seconds
2026/05/26-11:53:04  ... thread 1: (3000,609000) ops and (2369.0,11477.9) ops/second in (1.266355,53.058569) seconds
2026/05/26-11:53:04  ... thread 2: (2000,593000) ops and (1132.6,11134.0) ops/second in (1.765828,53.260327) seconds
2026/05/26-11:53:04  ... thread 3: (2000,599000) ops and (1298.8,11237.0) ops/second in (1.539836,53.306006) seconds
2026/05/26-11:53:05  ... thread 1: (2000,611000) ops and (1843.8,11284.9) ops/second in (1.084708,54.143277) seconds
2026/05/26-11:53:05  ... thread 0: (2000,585000) ops and (1003.9,10771.8) ops/second in (1.992257,54.308658) seconds
2026/05/26-11:53:06  ... thread 3: (2000,601000) ops and (1705.4,11031.8) ops/second in (1.172722,54.478728) seconds
2026/05/26-11:53:06  ... thread 2: (2000,595000) ops and (1493.8,10897.6) ops/second in (1.338853,54.599180) seconds
2026/05/26-11:53:06  ... thread 1: (10000,621000) ops and (9837.2,11258.2) ops/second in (1.016548,55.159825) seconds
2026/05/26-11:53:06  ... thread 0: (15000,600000) ops and (14960.9,10847.7) ops/second in (1.002614,55.311272) seconds
2026/05/26-11:53:07  ... thread 3: (24000,625000) ops and (20911.6,11235.7) ops/second in (1.147687,55.626415) seconds
2026/05/26-11:53:07  ... thread 2: (25000,620000) ops and (24187.1,11144.5) ops/second in (1.033609,55.632789) seconds
2026/05/26-11:53:07  ... thread 1: (30000,651000) ops and (27458.9,11572.8) ops/second in (1.092541,56.252366) seconds
2026/05/26-11:53:07  ... thread 0: (24000,624000) ops and (23927.8,11080.7) ops/second in (1.003018,56.314290) seconds
2026/05/26-11:53:09  ... thread 2: (34000,654000) ops and (17743.7,11364.2) ops/second in (1.916175,57.548964) seconds
2026/05/26-11:53:09  ... thread 0: (13000,637000) ops and (8622.6,11016.6) ops/second in (1.507664,57.821954) seconds
2026/05/26-11:53:09  ... thread 1: (17000,668000) ops and (8310.6,11458.4) ops/second in (2.045591,58.297957) seconds
2026/05/26-11:53:09  ... thread 3: (28000,653000) ops and (10415.5,11197.9) ops/second in (2.688312,58.314727) seconds
2026/05/26-11:53:10  ... thread 0: (3000,640000) ops and (2592.3,10851.3) ops/second in (1.157264,58.979218) seconds
2026/05/26-11:53:10  ... thread 2: (4000,658000) ops and (2717.5,11148.6) ops/second in (1.471917,59.020881) seconds
2026/05/26-11:53:10  ... thread 1: (3000,671000) ops and (2958.9,11313.1) ops/second in (1.013896,59.311853) seconds
2026/05/26-11:53:11  ... thread 2: (2000,660000) ops and (1983.0,10994.6) ops/second in (1.008596,60.029477) seconds
2026/05/26-11:53:11  ... thread 3: (3000,656000) ops and (1500.9,10876.5) ops/second in (1.998801,60.313528) seconds
2026/05/26-11:53:12  ... thread 0: (3000,643000) ops and (1933.2,10622.6) ops/second in (1.551840,60.531058) seconds
2026/05/26-11:53:12  ... thread 1: (2000,673000) ops and (1544.4,11104.4) ops/second in (1.294965,60.606818) seconds
2026/05/26-11:53:13  ... thread 0: (3000,646000) ops and (2794.4,10486.2) ops/second in (1.073588,61.604646) seconds
2026/05/26-11:53:13  ... thread 2: (4000,664000) ops and (2403.1,10762.8) ops/second in (1.664543,61.694020) seconds
2026/05/26-11:53:13  ... thread 3: (3000,659000) ops and (2046.7,10667.0) ops/second in (1.465749,61.779277) seconds
2026/05/26-11:53:13  ... thread 1: (3000,676000) ops and (1923.3,10874.0) ops/second in (1.559857,62.166675) seconds
2026/05/26-11:53:14  ... thread 0: (1000,647000) ops and (822.7,10299.2) ops/second in (1.215475,62.820121) seconds
2026/05/26-11:53:14  ... thread 3: (4000,663000) ops and (3030.2,10507.2) ops/second in (1.320047,63.099324) seconds
2026/05/26-11:53:14  ... thread 2: (3000,667000) ops and (1918.1,10544.1) ops/second in (1.564077,63.258097) seconds
2026/05/26-11:53:14  ... thread 1: (3000,679000) ops and (2426.2,10709.2) ops/second in (1.236494,63.403169) seconds
2026/05/26-11:53:15  ... thread 0: (13000,660000) ops and (12953.0,10341.0) ops/second in (1.003629,63.823750) seconds
2026/05/26-11:53:15  ... thread 3: (17000,680000) ops and (16865.0,10607.2) ops/second in (1.008003,64.107327) seconds
2026/05/26-11:53:15  ... thread 2: (20000,687000) ops and (19927.4,10690.7) ops/second in (1.003645,64.261742) seconds
2026/05/26-11:53:16  ... thread 1: (28000,707000) ops and (27082.3,10971.9) ops/second in (1.033884,64.437053) seconds
2026/05/26-11:53:16  ... thread 0: (37000,697000) ops and (36775.1,10751.2) ops/second in (1.006115,64.829865) seconds
2026/05/26-11:53:17  ... thread 2: (31000,718000) ops and (20139.5,10911.7) ops/second in (1.539266,65.801008) seconds
2026/05/26-11:53:17  ... thread 3: (29000,709000) ops and (17070.5,10774.1) ops/second in (1.698836,65.806163) seconds
2026/05/26-11:53:17  ... thread 1: (21000,728000) ops and (15208.2,11060.8) ops/second in (1.380834,65.817887) seconds
2026/05/26-11:53:17  ... thread 0: (10000,707000) ops and (9878.1,10737.8) ops/second in (1.012338,65.842203) seconds
2026/05/26-11:53:18  ... thread 1: (16000,744000) ops and (12587.8,11089.8) ops/second in (1.271075,67.088962) seconds
2026/05/26-11:53:18  ... thread 2: (18000,736000) ops and (11605.1,10927.7) ops/second in (1.551038,67.352046) seconds
2026/05/26-11:53:19  ... thread 0: (13000,720000) ops and (7406.7,10651.3) ops/second in (1.755164,67.597367) seconds
2026/05/26-11:53:19  ... thread 3: (18000,727000) ops and (9875.1,10749.8) ops/second in (1.822768,67.628931) seconds
2026/05/26-11:53:19  ... thread 1: (3000,747000) ops and (2751.1,10956.4) ops/second in (1.090460,68.179422) seconds
2026/05/26-11:53:20  ... thread 0: (2000,722000) ops and (1989.8,10524.4) ops/second in (1.005122,68.602489) seconds
2026/05/26-11:53:20  ... thread 3: (2000,729000) ops and (1728.5,10598.1) ops/second in (1.157086,68.786017) seconds
2026/05/26-11:53:21  ... thread 1: (2000,749000) ops and (1326.4,10748.0) ops/second in (1.507859,69.687281) seconds
2026/05/26-11:53:21  ... thread 2: (2000,738000) ops and (807.0,10568.5) ops/second in (2.478214,69.830260) seconds
2026/05/26-11:53:21  ... thread 0: (3000,725000) ops and (2240.8,10365.8) ops/second in (1.338817,69.941306) seconds
2026/05/26-11:53:22  ... thread 3: (3000,732000) ops and (1759.9,10384.3) ops/second in (1.704682,70.490699) seconds
2026/05/26-11:53:22  ... thread 1: (2000,751000) ops and (1553.3,10581.2) ops/second in (1.287579,70.974860) seconds
2026/05/26-11:53:22  ... thread 0: (2000,727000) ops and (1642.7,10216.6) ops/second in (1.217499,71.158805) seconds
2026/05/26-11:53:22  ... thread 2: (5000,743000) ops and (3321.4,10415.6) ops/second in (1.505376,71.335636) seconds
2026/05/26-11:53:23  ... thread 3: (2000,734000) ops and (1979.6,10265.6) ops/second in (1.010307,71.501006) seconds
2026/05/26-11:53:23  ... thread 1: (3000,754000) ops and (2639.6,10456.0) ops/second in (1.136538,72.111398) seconds
2026/05/26-11:53:23  ... thread 0: (1000,728000) ops and (944.2,10080.6) ops/second in (1.059090,72.217895) seconds
2026/05/26-11:53:24  ... thread 2: (3000,746000) ops and (2418.6,10278.9) ops/second in (1.240375,72.576011) seconds
2026/05/26-11:53:24  ... thread 3: (1000,735000) ops and (869.3,10116.8) ops/second in (1.150294,72.651300) seconds
2026/05/26-11:53:24  ... thread 0: (2000,730000) ops and (1906.7,9963.6) ops/second in (1.048918,73.266813) seconds
2026/05/26-11:53:24  ... thread 1: (2000,756000) ops and (1644.2,10309.9) ops/second in (1.216380,73.327778) seconds
2026/05/26-11:53:25  ... thread 2: (4000,750000) ops and (3633.8,10179.6) ops/second in (1.100778,73.676789) seconds
2026/05/26-11:53:25  ... thread 3: (2000,737000) ops and (1373.6,9945.0) ops/second in (1.456077,74.107377) seconds
2026/05/26-11:53:25  ... thread 0: (3000,733000) ops and (2755.2,9858.0) ops/second in (1.088836,74.355649) seconds
2026/05/26-11:53:25  ... thread 1: (3000,759000) ops and (2871.6,10205.4) ops/second in (1.044706,74.372484) seconds
2026/05/26-11:53:26  ... thread 2: (12000,762000) ops and (11505.2,10198.1) ops/second in (1.043009,74.719798) seconds
2026/05/26-11:53:26  ... thread 3: (22000,759000) ops and (21211.8,10100.5) ops/second in (1.037159,75.144536) seconds
2026/05/26-11:53:26  ... thread 0: (28000,761000) ops and (27084.6,10094.3) ops/second in (1.033798,75.389447) seconds
2026/05/26-11:53:26  ... thread 1: (33000,792000) ops and (32342.9,10505.0) ops/second in (1.020316,75.392800) seconds
2026/05/26-11:53:27  ... thread 2: (23000,785000) ops and (16821.4,10317.1) ops/second in (1.367304,76.087102) seconds
2026/05/26-11:53:27  ... thread 3: (11000,770000) ops and (10827.9,10110.2) ops/second in (1.015893,76.160429) seconds
2026/05/26-11:53:27  ... thread 0: (13000,774000) ops and (12978.6,10132.1) ops/second in (1.001651,76.391098) seconds
2026/05/26-11:53:28  ... thread 1: (16000,808000) ops and (15532.7,10572.7) ops/second in (1.030085,76.422885) seconds
2026/05/26-11:53:28  ... thread 2: (30000,815000) ops and (28939.6,10567.4) ops/second in (1.036642,77.123744) seconds
2026/05/26-11:53:29  ... thread 3: (23000,793000) ops and (16722.4,10227.5) ops/second in (1.375397,77.535826) seconds
2026/05/26-11:53:29  ... thread 1: (21000,829000) ops and (17921.5,10683.7) ops/second in (1.171780,77.594665) seconds
2026/05/26-11:53:29  ... thread 0: (20000,794000) ops and (15270.2,10218.7) ops/second in (1.309739,77.700837) seconds
2026/05/26-11:53:30  ... thread 2: (2000,817000) ops and (1252.1,10378.4) ops/second in (1.597306,78.721050) seconds
2026/05/26-11:53:30  ... thread 3: (2000,795000) ops and (1652.2,10095.7) ops/second in (1.210529,78.746355) seconds
2026/05/26-11:53:30  ... thread 0: (2000,796000) ops and (1580.4,10080.2) ops/second in (1.265539,78.966376) seconds
2026/05/26-11:53:30  ... thread 1: (2000,831000) ops and (1140.9,10472.9) ops/second in (1.753018,79.347683) seconds
2026/05/26-11:53:31  ... thread 3: (2000,797000) ops and (1725.8,9974.3) ops/second in (1.158876,79.905231) seconds
2026/05/26-11:53:32  ... thread 0: (2000,798000) ops and (1078.2,9873.6) ops/second in (1.854906,80.821282) seconds
2026/05/26-11:53:32  ... thread 3: (4000,801000) ops and (3906.4,9897.5) ops/second in (1.023948,80.929179) seconds
2026/05/26-11:53:32  ... thread 1: (2000,833000) ops and (1122.7,10267.6) ops/second in (1.781383,81.129066) seconds
2026/05/26-11:53:32  ... thread 2: (3000,820000) ops and (1181.6,10091.1) ops/second in (2.538955,81.260005) seconds
2026/05/26-11:53:33  ... thread 3: (3000,804000) ops and (2138.3,9765.3) ops/second in (1.403001,82.332180) seconds
2026/05/26-11:53:34  ... thread 0: (2000,800000) ops and (1059.6,9672.5) ops/second in (1.887482,82.708764) seconds
2026/05/26-11:53:34  ... thread 1: (2000,835000) ops and (962.5,10035.2) ops/second in (2.077907,83.206973) seconds
2026/05/26-11:53:34  ... thread 2: (3000,823000) ops and (1519.6,9887.8) ops/second in (1.974232,83.234237) seconds
2026/05/26-11:53:34  ... thread 3: (2000,806000) ops and (1922.0,9667.4) ops/second in (1.040595,83.372775) seconds
2026/05/26-11:53:35  ... thread 0: (4000,804000) ops and (2632.5,9545.5) ops/second in (1.519477,84.228241) seconds
2026/05/26-11:53:35  ... thread 2: (1000,824000) ops and (843.5,9760.7) ops/second in (1.185528,84.419765) seconds
2026/05/26-11:53:36  ... thread 3: (2000,808000) ops and (1685.1,9555.4) ops/second in (1.186851,84.559626) seconds
2026/05/26-11:53:36  ... thread 1: (3000,838000) ops and (1880.0,9881.8) ops/second in (1.595775,84.802748) seconds
2026/05/26-11:53:36  ... thread 0: (2000,806000) ops and (1750.8,9441.2) ops/second in (1.142326,85.370567) seconds
2026/05/26-11:53:37  ... thread 2: (1000,825000) ops and (868.3,9641.1) ops/second in (1.151714,85.571479) seconds
2026/05/26-11:53:37  ... thread 3: (3000,811000) ops and (2272.1,9443.4) ops/second in (1.320366,85.879992) seconds
2026/05/26-11:53:37  ... thread 0: (1000,807000) ops and (975.1,9340.7) ops/second in (1.025511,86.396078) seconds
2026/05/26-11:53:38  ... thread 1: (3000,841000) ops and (1664.8,9710.8) ops/second in (1.802007,86.604755) seconds
2026/05/26-11:53:38  ... thread 2: (2000,827000) ops and (1749.0,9537.0) ops/second in (1.143478,86.714957) seconds
2026/05/26-11:53:38  ... thread 3: (2000,813000) ops and (1322.6,9302.9) ops/second in (1.512145,87.392137) seconds
2026/05/26-11:53:38  ... thread 0: (3000,810000) ops and (2987.3,9267.7) ops/second in (1.004259,87.400337) seconds
2026/05/26-11:53:39  ... thread 1: (10000,851000) ops and (9863.1,9712.5) ops/second in (1.013875,87.618630) seconds
2026/05/26-11:53:39  ... thread 2: (14000,841000) ops and (13872.0,9586.9) ops/second in (1.009224,87.724181) seconds
2026/05/26-11:53:40  ... thread 3: (29000,842000) ops and (25091.0,9509.0) ops/second in (1.155794,88.547931) seconds
2026/05/26-11:53:40  ... thread 0: (34000,844000) ops and (28807.0,9528.0) ops/second in (1.180269,88.580606) seconds
2026/05/26-11:53:40  ... thread 1: (24000,875000) ops and (22859.4,9868.2) ops/second in (1.049896,88.668526) seconds
2026/05/26-11:53:40  ... thread 2: (27000,868000) ops and (26759.9,9782.1) ops/second in (1.008974,88.733155) seconds
2026/05/26-11:53:41  ... thread 3: (33000,875000) ops and (25767.8,9740.8) ops/second in (1.280667,89.828598) seconds
2026/05/26-11:53:42  ... thread 0: (39000,883000) ops and (18762.4,9739.8) ops/second in (2.078627,90.659233) seconds
2026/05/26-11:53:42  ... thread 2: (20000,888000) ops and (10321.7,9793.7) ops/second in (1.937656,90.670811) seconds
2026/05/26-11:53:42  ... thread 1: (25000,900000) ops and (12475.3,9925.8) ops/second in (2.003954,90.672480) seconds
2026/05/26-11:53:42  ... thread 3: (3000,878000) ops and (2062.5,9618.4) ops/second in (1.454545,91.283143) seconds
2026/05/26-11:53:43  ... thread 0: (4000,887000) ops and (3984.3,9676.7) ops/second in (1.003935,91.663168) seconds
2026/05/26-11:53:43  ... thread 1: (2000,902000) ops and (1994.9,9839.1) ops/second in (1.002579,91.675059) seconds
2026/05/26-11:53:43  ... thread 2: (4000,892000) ops and (2769.2,9683.5) ops/second in (1.444449,92.115260) seconds
2026/05/26-11:53:43  ... thread 3: (2000,880000) ops and (1901.0,9530.5) ops/second in (1.052069,92.335212) seconds
2026/05/26-11:53:44  ... thread 0: (3000,890000) ops and (2749.1,9595.2) ops/second in (1.091254,92.754422) seconds
2026/05/26-11:53:44  ... thread 1: (2000,904000) ops and (1735.3,9738.5) ops/second in (1.152562,92.827621) seconds
2026/05/26-11:53:44  ... thread 3: (3000,883000) ops and (2802.1,9453.4) ops/second in (1.070630,93.405842) seconds
2026/05/26-11:53:45  ... thread 2: (2000,894000) ops and (1359.1,9552.6) ops/second in (1.471512,93.586772) seconds
2026/05/26-11:53:45  ... thread 0: (2000,892000) ops and (1654.8,9493.1) ops/second in (1.208587,93.963009) seconds
2026/05/26-11:53:45  ... thread 1: (1000,905000) ops and (858.0,9628.4) ops/second in (1.165460,93.993081) seconds
2026/05/26-11:53:46  ... thread 2: (2000,896000) ops and (1793.3,9461.3) ops/second in (1.115243,94.702015) seconds
2026/05/26-11:53:46  ... thread 3: (4000,887000) ops and (2913.8,9358.6) ops/second in (1.372787,94.778629) seconds
2026/05/26-11:53:46  ... thread 1: (2000,907000) ops and (1955.4,9545.8) ops/second in (1.022811,95.015892) seconds
2026/05/26-11:53:46  ... thread 0: (2000,894000) ops and (1556.8,9386.1) ops/second in (1.284649,95.247658) seconds
2026/05/26-11:53:47  ... thread 2: (2000,898000) ops and (1734.8,9368.3) ops/second in (1.152903,95.854918) seconds
2026/05/26-11:53:47  ... thread 3: (3000,890000) ops and (2160.9,9254.7) ops/second in (1.388287,96.166916) seconds
2026/05/26-11:53:47  ... thread 1: (4000,911000) ops and (3399.4,9470.6) ops/second in (1.176663,96.192555) seconds
2026/05/26-11:53:47  ... thread 0: (2000,896000) ops and (1865.2,9302.3) ops/second in (1.072249,96.319907) seconds
2026/05/26-11:53:48  ... thread 2: (1000,899000) ops and (800.0,9258.0) ops/second in (1.250054,97.104972) seconds
2026/05/26-11:53:48  ... thread 3: (2000,892000) ops and (1697.0,9163.2) ops/second in (1.178580,97.345496) seconds
2026/05/26-11:53:49  ... thread 1: (2000,913000) ops and (1430.7,9355.4) ops/second in (1.397910,97.590465) seconds
2026/05/26-11:53:49  ... thread 0: (4000,900000) ops and (3100.3,9220.4) ops/second in (1.290216,97.610123) seconds
2026/05/26-11:53:49  ... thread 2: (2000,901000) ops and (1719.8,9168.8) ops/second in (1.162923,98.267895) seconds
2026/05/26-11:53:49  ... thread 3: (2000,894000) ops and (1883.9,9084.7) ops/second in (1.061638,98.407134) seconds
2026/05/26-11:53:50  ... thread 1: (7000,920000) ops and (6819.5,9329.0) ops/second in (1.026462,98.616927) seconds
2026/05/26-11:53:50  ... thread 0: (6000,906000) ops and (5914.1,9186.3) ops/second in (1.014525,98.624648) seconds
2026/05/26-11:53:50  ... thread 2: (28000,929000) ops and (27882.6,9358.1) ops/second in (1.004211,99.272106) seconds
2026/05/26-11:53:51  ... thread 3: (28000,922000) ops and (27102.0,9271.9) ops/second in (1.033133,99.440267) seconds
2026/05/26-11:53:51  ... thread 0: (23000,929000) ops and (22735.5,9323.9) ops/second in (1.011632,99.636280) seconds
2026/05/26-11:53:51  ... thread 1: (27000,947000) ops and (26265.5,9503.7) ops/second in (1.027966,99.644893) seconds
2026/05/26-11:53:51  ... thread 2: (25000,954000) ops and (24561.5,9512.4) ops/second in (1.017854,100.289960) seconds
2026/05/26-11:53:52  ... thread 3: (28000,950000) ops and (27496.2,9456.6) ops/second in (1.018323,100.458590) seconds
2026/05/26-11:53:52  ... thread 1: (27000,974000) ops and (26447.9,9675.6) ops/second in (1.020874,100.665767) seconds
2026/05/26-11:53:52  ... thread 0: (25000,954000) ops and (23475.4,9473.6) ops/second in (1.064946,100.701226) seconds
2026/05/26-11:53:52  ... thread 2: (14000,968000) ops and (13580.4,9553.8) ops/second in (1.030896,101.320856) seconds
2026/05/26-11:53:53  ... thread 0: (3000,957000) ops and (2784.1,9402.7) ops/second in (1.077535,101.778761) seconds
2026/05/26-11:53:53  ... thread 1: (4000,978000) ops and (3586.5,9608.9) ops/second in (1.115293,101.781060) seconds
2026/05/26-11:53:53  ... thread 3: (7000,957000) ops and (5050.4,9396.7) ops/second in (1.386033,101.844623) seconds
2026/05/26-11:53:54  ... thread 2: (2000,970000) ops and (1552.1,9453.3) ops/second in (1.288614,102.609470) seconds
2026/05/26-11:53:54  ... thread 0: (1000,958000) ops and (974.9,9318.7) ops/second in (1.025774,102.804535) seconds
2026/05/26-11:53:54  ... thread 1: (4000,982000) ops and (2637.0,9506.5) ops/second in (1.516880,103.297940) seconds
2026/05/26-11:53:54  ... thread 3: (2000,959000) ops and (1313.3,9277.6) ops/second in (1.522884,103.367507) seconds
2026/05/26-11:53:55  ... thread 2: (3000,973000) ops and (2361.3,9366.6) ops/second in (1.270463,103.879933) seconds
2026/05/26-11:53:55  ... thread 0: (3000,961000) ops and (2058.0,9217.1) ops/second in (1.457723,104.262258) seconds
2026/05/26-11:53:56  ... thread 3: (2000,961000) ops and (1889.7,9202.7) ops/second in (1.058387,104.425894) seconds
2026/05/26-11:53:56  ... thread 1: (3000,985000) ops and (1957.2,9396.1) ops/second in (1.532790,104.830730) seconds
2026/05/26-11:53:56  ... thread 2: (1000,974000) ops and (728.9,9254.0) ops/second in (1.371874,105.251807) seconds
2026/05/26-11:53:57  ... thread 0: (3000,964000) ops and (2467.8,9139.4) ops/second in (1.215658,105.477916) seconds
2026/05/26-11:53:57  ... thread 3: (3000,964000) ops and (2121.2,9108.1) ops/second in (1.414320,105.840214) seconds
2026/05/26-11:53:57  ... thread 1: (4000,989000) ops and (3063.0,9318.2) ops/second in (1.305897,106.136627) seconds
2026/05/26-11:53:57  ... thread 2: (3000,977000) ops and (2591.4,9181.5) ops/second in (1.157672,106.409479) seconds
2026/05/26-11:53:58  ... thread 0: (1000,965000) ops and (967.6,9060.1) ops/second in (1.033474,106.511390) seconds
2026/05/26-11:53:59  ... thread 3: (3000,967000) ops and (1800.5,8994.8) ops/second in (1.666214,107.506428) seconds
2026/05/26-11:53:59  ... thread 1: (3000,992000) ops and (2089.2,9221.7) ops/second in (1.435983,107.572610) seconds
2026/05/26-11:53:59  ... thread 0: (2000,967000) ops and (1579.7,8972.2) ops/second in (1.266067,107.777457) seconds
2026/05/26-11:53:59  ... thread 2: (3000,980000) ops and (2067.9,9085.8) ops/second in (1.450770,107.860249) seconds
2026/05/26-11:54:00  ... thread 3: (3000,970000) ops and (2603.8,8927.0) ops/second in (1.152155,108.658583) seconds
2026/05/26-11:54:00  ... thread 2: (2000,982000) ops and (1776.0,9010.3) ops/second in (1.126110,108.986359) seconds
2026/05/26-11:54:00  ... thread 1: (2000,994000) ops and (1264.7,9106.4) ops/second in (1.581458,109.154068) seconds
2026/05/26-11:54:00  ... thread 0: (3000,970000) ops and (2167.8,8885.9) ops/second in (1.383900,109.161357) seconds
2026/05/26-11:54:02  ... thread 1: (2000,996000) ops and (1412.8,9007.9) ops/second in (1.415606,110.569674) seconds
2026/05/26-11:54:02  ... thread 2: (2000,984000) ops and (1244.0,8897.4) ops/second in (1.607759,110.594118) seconds
2026/05/26-11:54:02  ... thread 3: (3000,973000) ops and (1510.0,8793.9) ops/second in (1.986803,110.645386) seconds
2026/05/26-11:54:02  ... thread 0: (3000,973000) ops and (1969.9,8790.8) ops/second in (1.522893,110.684250) seconds
2026/05/26-11:54:03  ... thread 1: (2000,998000) ops and (1734.5,8932.8) ops/second in (1.153040,111.722714) seconds
2026/05/26-11:54:03  ... thread 3: (1000,974000) ops and (889.9,8714.4) ops/second in (1.123704,111.769090) seconds
2026/05/26-11:54:03  ... thread 2: (2000,986000) ops and (1695.4,8821.4) ops/second in (1.179633,111.773751) seconds
2026/05/26-11:54:03  ... thread 0: (2000,975000) ops and (1814.3,8722.0) ops/second in (1.102344,111.786594) seconds
2026/05/26-11:54:04  ... thread 1: (31000,1029000) ops and (30564.3,9127.4) ops/second in (1.014254,112.736968) seconds
2026/05/26-11:54:04  ... thread 3: (33000,1007000) ops and (32821.1,8929.3) ops/second in (1.005450,112.774540) seconds
2026/05/26-11:54:04  ... thread 2: (29000,1015000) ops and (28757.4,8999.6) ops/second in (1.008436,112.782187) seconds
2026/05/26-11:54:04  ... thread 0: (37000,1012000) ops and (36276.1,8971.1) ops/second in (1.019955,112.806549) seconds
2026/05/26-11:54:05  ... thread 0: (22000,1034000) ops and (21907.3,9085.3) ops/second in (1.004233,113.810782) seconds
2026/05/26-11:54:05  ... thread 3: (24000,1031000) ops and (21654.5,9053.2) ops/second in (1.108315,113.882855) seconds
2026/05/26-11:54:05  ... thread 2: (28000,1043000) ops and (21937.3,9144.4) ops/second in (1.276364,114.058551) seconds
2026/05/26-11:54:06  ... thread 1: (30000,1059000) ops and (17349.6,9251.6) ops/second in (1.729147,114.466115) seconds
2026/05/26-11:54:06  ... thread 3: (2000,1033000) ops and (1662.2,8975.9) ops/second in (1.203220,115.086075) seconds
2026/05/26-11:54:06  ... thread 0: (1000,1035000) ops and (689.9,8979.7) ops/second in (1.449520,115.260302) seconds
2026/05/26-11:54:07  ... thread 1: (1000,1060000) ops and (990.2,9179.4) ops/second in (1.009932,115.476047) seconds
2026/05/26-11:54:07  ... thread 2: (4000,1047000) ops and (2295.8,9041.4) ops/second in (1.742283,115.800834) seconds
2026/05/26-11:54:07  ... thread 3: (2000,1035000) ops and (1897.9,8911.7) ops/second in (1.053812,116.139887) seconds
2026/05/26-11:54:07  ... thread 0: (3000,1038000) ops and (2620.5,8917.1) ops/second in (1.144802,116.405104) seconds
2026/05/26-11:54:08  ... thread 1: (2000,1062000) ops and (1617.5,9099.3) ops/second in (1.236499,116.712546) seconds
2026/05/26-11:54:09  ... thread 2: (2000,1049000) ops and (1219.3,8932.1) ops/second in (1.640344,117.441178) seconds
2026/05/26-11:54:09  ... thread 0: (4000,1042000) ops and (3786.1,8871.0) ops/second in (1.056493,117.461597) seconds
2026/05/26-11:54:09  ... thread 3: (2000,1037000) ops and (1385.3,8819.3) ops/second in (1.443779,117.583666) seconds
2026/05/26-11:54:09  ... thread 1: (2000,1064000) ops and (1701.0,9025.5) ops/second in (1.175761,117.888307) seconds
2026/05/26-11:54:10  ... thread 0: (1000,1043000) ops and (819.6,8788.2) ops/second in (1.220179,118.681776) seconds
2026/05/26-11:54:10  ... thread 2: (3000,1052000) ops and (2052.0,8847.5) ops/second in (1.461980,118.903158) seconds
2026/05/26-11:54:10  ... thread 1: (4000,1068000) ops and (2978.2,8957.4) ops/second in (1.343112,119.231419) seconds
2026/05/26-11:54:11  ... thread 3: (2000,1039000) ops and (857.1,8664.3) ops/second in (2.333389,119.917055) seconds
2026/05/26-11:54:11  ... thread 0: (3000,1046000) ops and (2042.6,8705.7) ops/second in (1.468710,120.150486) seconds
2026/05/26-11:54:11  ... thread 1: (5000,1073000) ops and (4750.0,8920.6) ops/second in (1.052632,120.284051) seconds
2026/05/26-11:54:11  ... thread 2: (3000,1055000) ops and (1987.5,8761.5) ops/second in (1.509454,120.412612) seconds
2026/05/26-11:54:12  ... thread 1: (2000,1075000) ops and (1876.4,8858.7) ops/second in (1.065883,121.349934) seconds
2026/05/26-11:54:13  ... thread 0: (3000,1049000) ops and (2304.3,8637.1) ops/second in (1.301924,121.452410) seconds
2026/05/26-11:54:13  ... thread 3: (2000,1041000) ops and (1293.0,8570.5) ops/second in (1.546773,121.463828) seconds
2026/05/26-11:54:13  ... thread 2: (3000,1058000) ops and (2119.3,8684.4) ops/second in (1.415530,121.828142) seconds
2026/05/26-11:54:14  ... thread 3: (2000,1043000) ops and (1754.7,8507.1) ops/second in (1.139795,122.603623) seconds
2026/05/26-11:54:14  ... thread 0: (2000,1051000) ops and (1249.2,8541.0) ops/second in (1.601025,123.053435) seconds
2026/05/26-11:54:14  ... thread 1: (3000,1078000) ops and (1758.9,8760.3) ops/second in (1.705610,123.055544) seconds
2026/05/26-11:54:15  ... thread 2: (2000,1060000) ops and (983.2,8557.9) ops/second in (2.034130,123.862272) seconds
2026/05/26-11:54:15  ... thread 1: (4000,1082000) ops and (3697.0,8716.1) ops/second in (1.081950,124.137494) seconds
2026/05/26-11:54:15  ... thread 0: (1000,1052000) ops and (922.6,8474.5) ops/second in (1.083921,124.137356) seconds
2026/05/26-11:54:15  ... thread 3: (2000,1045000) ops and (1301.0,8417.9) ops/second in (1.537319,124.140942) seconds
2026/05/26-11:54:16  ... thread 2: (28000,1088000) ops and (27875.2,8713.3) ops/second in (1.004476,124.866748) seconds
2026/05/26-11:54:16  ... thread 0: (33000,1085000) ops and (32999.3,8670.5) ops/second in (1.000020,125.137376) seconds
2026/05/26-11:54:16  ... thread 1: (28000,1110000) ops and (27861.5,8869.9) ops/second in (1.004970,125.142464) seconds
2026/05/26-11:54:16  ... thread 3: (37000,1082000) ops and (36674.1,8645.6) ops/second in (1.008886,125.149828) seconds
2026/05/26-11:54:17  ... thread 2: (23000,1111000) ops and (22660.7,8825.7) ops/second in (1.014975,125.881723) seconds
2026/05/26-11:54:17  ... thread 1: (24000,1134000) ops and (23153.0,8987.2) ops/second in (1.036581,126.179045) seconds
2026/05/26-11:54:18  ... thread 0: (29000,1114000) ops and (19154.6,8795.8) ops/second in (1.513997,126.651373) seconds
2026/05/26-11:54:18  ... thread 3: (32000,1114000) ops and (18333.1,8778.9) ops/second in (1.745473,126.895301) seconds
2026/05/26-11:54:18  ... thread 1: (1000,1135000) ops and (974.9,8922.6) ops/second in (1.025761,127.204806) seconds
2026/05/26-11:54:18  ... thread 2: (7000,1118000) ops and (4981.5,8783.3) ops/second in (1.405206,127.286929) seconds
2026/05/26-11:54:19  ... thread 0: (2000,1116000) ops and (1412.6,8714.2) ops/second in (1.415859,128.067232) seconds
2026/05/26-11:54:20  ... thread 2: (1000,1119000) ops and (821.2,8707.9) ops/second in (1.217730,128.504659) seconds
2026/05/26-11:54:20  ... thread 3: (2000,1116000) ops and (1186.9,8679.4) ops/second in (1.685070,128.580371) seconds
2026/05/26-11:54:20  ... thread 1: (3000,1138000) ops and (2035.8,8843.7) ops/second in (1.473646,128.678452) seconds
2026/05/26-11:54:20  ... thread 0: (2000,1118000) ops and (1706.0,8650.6) ops/second in (1.172361,129.239593) seconds
2026/05/26-11:54:21  ... thread 2: (2000,1121000) ops and (1381.4,8626.2) ops/second in (1.447840,129.952499) seconds
2026/05/26-11:54:21  ... thread 3: (2000,1118000) ops and (1219.8,8585.5) ops/second in (1.639625,130.219996) seconds
2026/05/26-11:54:21  ... thread 1: (2000,1140000) ops and (1274.5,8752.6) ops/second in (1.569227,130.247679) seconds
2026/05/26-11:54:21  ... thread 0: (2000,1120000) ops and (1699.7,8587.9) ops/second in (1.176677,130.416270) seconds
2026/05/26-11:54:22  ... thread 1: (2000,1142000) ops and (1939.9,8699.1) ops/second in (1.030967,131.278646) seconds
2026/05/26-11:54:23  ... thread 3: (2000,1120000) ops and (1309.4,8501.1) ops/second in (1.527435,131.747431) seconds
2026/05/26-11:54:23  ... thread 2: (4000,1125000) ops and (2199.4,8537.5) ops/second in (1.818637,131.771136) seconds
2026/05/26-11:54:23  ... thread 0: (3000,1123000) ops and (1985.0,8512.2) ops/second in (1.511327,131.927597) seconds
2026/05/26-11:54:24  ... thread 1: (3000,1145000) ops and (2127.4,8629.2) ops/second in (1.410193,132.688839) seconds
2026/05/26-11:54:24  ... thread 0: (1000,1124000) ops and (977.2,8454.2) ops/second in (1.023376,132.950973) seconds
2026/05/26-11:54:24  ... thread 3: (3000,1123000) ops and (2314.2,8440.8) ops/second in (1.296360,133.043791) seconds
2026/05/26-11:54:24  ... thread 2: (2000,1127000) ops and (1359.7,8458.3) ops/second in (1.470897,133.242033) seconds
2026/05/26-11:54:25  ... thread 3: (2000,1125000) ops and (1884.8,8389.0) ops/second in (1.061099,134.104890) seconds
2026/05/26-11:54:25  ... thread 1: (3000,1148000) ops and (1854.1,8547.6) ops/second in (1.618046,134.306885) seconds
2026/05/26-11:54:26  ... thread 2: (3000,1130000) ops and (2454.3,8403.7) ops/second in (1.222351,134.464384) seconds
2026/05/26-11:54:26  ... thread 0: (2000,1126000) ops and (1307.2,8372.9) ops/second in (1.530039,134.481012) seconds
2026/05/26-11:54:26  ... thread 3: (2000,1127000) ops and (1855.6,8336.9) ops/second in (1.077790,135.182680) seconds
2026/05/26-11:54:27  ... thread 1: (2000,1150000) ops and (1510.3,8478.9) ops/second in (1.324224,135.631109) seconds
2026/05/26-11:54:27  ... thread 2: (2000,1132000) ops and (1527.9,8337.4) ops/second in (1.308995,135.773379) seconds
2026/05/26-11:54:27  ... thread 0: (3000,1129000) ops and (2301.2,8314.6) ops/second in (1.303649,135.784661) seconds
2026/05/26-11:54:28  ... thread 3: (2000,1129000) ops and (1495.7,8269.9) ops/second in (1.337127,136.519807) seconds
2026/05/26-11:54:28  ... thread 1: (1000,1151000) ops and (992.8,8423.7) ops/second in (1.007282,136.638391) seconds
2026/05/26-11:54:29  ... thread 2: (1000,1133000) ops and (586.9,8241.4) ops/second in (1.703768,137.477147) seconds
2026/05/26-11:54:29  ... thread 0: (3000,1132000) ops and (1639.8,8225.9) ops/second in (1.829452,137.614113) seconds
2026/05/26-11:54:29  ... thread 3: (1000,1130000) ops and (784.7,8200.6) ops/second in (1.274347,137.794154) seconds
2026/05/26-11:54:29  ... thread 1: (3000,1154000) ops and (1753.5,8341.2) ops/second in (1.710910,138.349301) seconds
2026/05/26-11:54:30  ... thread 2: (6000,1139000) ops and (5879.1,8224.0) ops/second in (1.020568,138.497715) seconds
2026/05/26-11:54:30  ... thread 0: (9000,1141000) ops and (8798.1,8230.1) ops/second in (1.022946,138.637059) seconds
2026/05/26-11:54:30  ... thread 3: (16000,1146000) ops and (15135.0,8253.4) ops/second in (1.057155,138.851309) seconds
2026/05/26-11:54:31  ... thread 1: (27000,1181000) ops and (24695.6,8469.4) ops/second in (1.093312,139.442613) seconds
2026/05/26-11:54:31  ... thread 2: (29000,1168000) ops and (28434.6,8371.7) ops/second in (1.019884,139.517599) seconds
2026/05/26-11:54:31  ... thread 0: (26000,1167000) ops and (25277.2,8355.7) ops/second in (1.028596,139.665655) seconds
2026/05/26-11:54:31  ... thread 3: (25000,1171000) ops and (24916.5,8373.0) ops/second in (1.003350,139.854659) seconds
2026/05/26-11:54:32  ... thread 1: (27000,1208000) ops and (25862.4,8598.7) ops/second in (1.043987,140.486600) seconds
2026/05/26-11:54:32  ... thread 2: (29000,1197000) ops and (28260.2,8516.9) ops/second in (1.026178,140.543777) seconds
2026/05/26-11:54:32  ... thread 0: (23000,1190000) ops and (17226.0,8439.7) ops/second in (1.335190,141.000845) seconds
2026/05/26-11:54:32  ... thread 3: (19000,1190000) ops and (14984.5,8432.4) ops/second in (1.267976,141.122635) seconds
2026/05/26-11:54:33  ... thread 2: (3000,1200000) ops and (2779.8,8473.2) ops/second in (1.079197,141.622974) seconds
2026/05/26-11:54:33  ... thread 1: (4000,1212000) ops and (2656.4,8535.7) ops/second in (1.505809,141.992409) seconds
2026/05/26-11:54:34  ... thread 0: (2000,1192000) ops and (1350.0,8365.9) ops/second in (1.481518,142.482363) seconds
2026/05/26-11:54:34  ... thread 3: (2000,1192000) ops and (1333.3,8357.7) ops/second in (1.500011,142.622646) seconds
2026/05/26-11:54:34  ... thread 2: (1000,1201000) ops and (685.0,8393.7) ops/second in (1.459813,143.082787) seconds
2026/05/26-11:54:35  ... thread 1: (3000,1215000) ops and (1983.8,8466.6) ops/second in (1.512281,143.504690) seconds
2026/05/26-11:54:35  ... thread 3: (3000,1195000) ops and (2536.4,8309.8) ops/second in (1.182790,143.805436) seconds
2026/05/26-11:54:35  ... thread 0: (2000,1194000) ops and (1445.3,8299.4) ops/second in (1.383753,143.866116) seconds
2026/05/26-11:54:35  ... thread 2: (1000,1202000) ops and (902.5,8336.2) ops/second in (1.108082,144.190869) seconds
2026/05/26-11:54:36  ... thread 1: (2000,1217000) ops and (1867.0,8417.7) ops/second in (1.071237,144.575927) seconds
2026/05/26-11:54:36  ... thread 3: (2000,1197000) ops and (1624.8,8253.1) ops/second in (1.230938,145.036374) seconds
2026/05/26-11:54:36  ... thread 0: (2000,1196000) ops and (1631.8,8243.1) ops/second in (1.225671,145.091787) seconds
2026/05/26-11:54:37  ... thread 2: (2000,1204000) ops and (1360.5,8265.8) ops/second in (1.470042,145.660911) seconds
2026/05/26-11:54:37  ... thread 1: (2000,1219000) ops and (1643.9,8361.2) ops/second in (1.216584,145.792511) seconds
2026/05/26-11:54:37  ... thread 3: (2000,1199000) ops and (1790.2,8203.7) ops/second in (1.117212,146.153586) seconds
2026/05/26-11:54:38  ... thread 0: (2000,1198000) ops and (1048.4,8149.7) ops/second in (1.907580,146.999367) seconds
2026/05/26-11:54:38  ... thread 1: (3000,1222000) ops and (2143.1,8302.1) ops/second in (1.399844,147.192355) seconds
2026/05/26-11:54:38  ... thread 2: (3000,1207000) ops and (1846.9,8195.0) ops/second in (1.624346,147.285257) seconds
2026/05/26-11:54:38  ... thread 3: (2000,1201000) ops and (1625.4,8148.8) ops/second in (1.230457,147.384043) seconds
2026/05/26-11:54:39  ... thread 0: (1000,1199000) ops and (911.6,8096.1) ops/second in (1.096954,148.096321) seconds
2026/05/26-11:54:40  ... thread 1: (2000,1224000) ops and (1470.8,8239.5) ops/second in (1.359759,148.552114) seconds
2026/05/26-11:54:40  ... thread 3: (2000,1203000) ops and (1448.7,8086.6) ops/second in (1.380515,148.764558) seconds
2026/05/26-11:54:40  ... thread 2: (3000,1210000) ops and (1969.8,8131.3) ops/second in (1.523028,148.808285) seconds
2026/05/26-11:54:40  ... thread 0: (2000,1201000) ops and (1643.3,8043.5) ops/second in (1.217049,149.313370) seconds
2026/05/26-11:54:41  ... thread 1: (1000,1225000) ops and (812.3,8178.5) ops/second in (1.231056,149.783170) seconds
2026/05/26-11:54:41  ... thread 3: (2000,1205000) ops and (1796.6,8039.9) ops/second in (1.113244,149.877802) seconds
2026/05/26-11:54:41  ... thread 2: (2000,1212000) ops and (1763.7,8083.1) ops/second in (1.133980,149.942265) seconds
2026/05/26-11:54:42  ... thread 0: (3000,1204000) ops and (2378.0,7996.0) ops/second in (1.261584,150.574954) seconds
2026/05/26-11:54:43  ... thread 3: (2000,1207000) ops and (1148.7,7960.7) ops/second in (1.741120,151.618922) seconds
2026/05/26-11:54:43  ... thread 1: (2000,1227000) ops and (1090.2,8092.7) ops/second in (1.834597,151.617767) seconds
2026/05/26-11:54:43  ... thread 2: (2000,1214000) ops and (1190.2,8006.7) ops/second in (1.680329,151.622594) seconds
2026/05/26-11:54:43  ... thread 0: (2000,1206000) ops and (1821.3,7951.3) ops/second in (1.098097,151.673051) seconds
2026/05/26-11:54:44  ... thread 2: (28000,1242000) ops and (27719.0,8137.2) ops/second in (1.010138,152.632732) seconds
2026/05/26-11:54:44  ... thread 3: (30000,1237000) ops and (28924.7,8103.2) ops/second in (1.037177,152.656099) seconds
2026/05/26-11:54:44  ... thread 0: (34000,1240000) ops and (29945.5,8114.7) ops/second in (1.135395,152.808446) seconds
Initializing RocksDB Options from the specified file
Initializing RocksDB Options from command-line flags
Integrated BlobDB: blob cache disabled
Keys:       16 bytes each (+ 0 bytes user-defined timestamp)
Values:     1024 bytes each (512 bytes after compression)
Entries:    1250000
Prefix:    0 bytes
Keys per prefix:    0
RawSize:    1239.8 MB (estimated)
FileSize:   629.4 MB (estimated)
Write rate: 0 bytes/second
Read rate: 0 ops/second
Compression: Snappy
Compression sampling rate: 0
Memtablerep: SkipListFactory
Perf Level: 1
WARNING: Assertions are enabled; benchmarks unnecessarily slow
------------------------------------------------
Initializing RocksDB Options from the specified file
Initializing RocksDB Options from command-line flags
Integrated BlobDB: blob cache disabled
DB path: [/tmp/rocksdb_comp_exp_db]
fillrandom   :     122.297 micros/op 32672 ops/sec 153.034 seconds 5000000 operations;   32.4 MB/s
2026/05/26-11:54:45  ... thread 2: (1000,1000) ops and (784.6,784.6) ops/second in (1.274489,1.274489) seconds
2026/05/26-11:54:45  ... thread 3: (1000,1000) ops and (742.4,742.4) ops/second in (1.346934,1.346934) seconds
2026/05/26-11:54:46  ... thread 1: (1000,1000) ops and (519.0,519.0) ops/second in (1.926891,1.926891) seconds
2026/05/26-11:54:46  ... thread 0: (1000,1000) ops and (517.3,517.3) ops/second in (1.933184,1.933184) seconds
2026/05/26-11:54:47  ... thread 2: (1000,2000) ops and (727.1,754.8) ops/second in (1.375335,2.649824) seconds
2026/05/26-11:54:47  ... thread 3: (1000,2000) ops and (747.7,745.0) ops/second in (1.337470,2.684404) seconds
2026/05/26-11:54:48  ... thread 2: (1000,3000) ops and (722.2,743.6) ops/second in (1.384685,4.034509) seconds
2026/05/26-11:54:48  ... thread 1: (2000,3000) ops and (932.2,736.7) ops/second in (2.145453,4.072344) seconds
2026/05/26-11:54:48  ... thread 3: (1000,3000) ops and (707.4,732.0) ops/second in (1.413717,4.098121) seconds
2026/05/26-11:54:48  ... thread 0: (2000,3000) ops and (859.6,704.2) ops/second in (2.326667,4.259851) seconds
2026/05/26-11:54:49  ... thread 2: (1000,4000) ops and (916.7,780.4) ops/second in (1.090856,5.125365) seconds
2026/05/26-11:54:49  ... thread 3: (1000,4000) ops and (967.9,779.5) ops/second in (1.033121,5.131242) seconds
2026/05/26-11:54:49  ... thread 1: (1000,4000) ops and (886.1,769.1) ops/second in (1.128579,5.200923) seconds
2026/05/26-11:54:49  ... thread 0: (1000,4000) ops and (950.5,753.0) ops/second in (1.052032,5.311883) seconds
2026/05/26-11:54:51  ... thread 3: (1000,5000) ops and (744.6,772.3) ops/second in (1.342935,6.474177) seconds
2026/05/26-11:54:51  ... thread 1: (1000,5000) ops and (785.0,772.2) ops/second in (1.273938,6.474861) seconds
2026/05/26-11:54:51  ... thread 0: (1000,5000) ops and (775.1,757.3) ops/second in (1.290159,6.602042) seconds
2026/05/26-11:54:51  ... thread 2: (2000,6000) ops and (1217.4,886.5) ops/second in (1.642912,6.768277) seconds
2026/05/26-11:54:52  ... thread 3: (5000,10000) ops and (4113.6,1300.4) ops/second in (1.215478,7.689655) seconds
2026/05/26-11:54:52  ... thread 1: (5000,10000) ops and (3998.9,1294.5) ops/second in (1.250359,7.725220) seconds
2026/05/26-11:54:52  ... thread 0: (5000,10000) ops and (4338.6,1289.6) ops/second in (1.152449,7.754491) seconds
2026/05/26-11:54:52  ... thread 2: (5000,11000) ops and (4320.0,1387.9) ops/second in (1.157413,7.925690) seconds
2026/05/26-11:54:53  ... thread 1: (5000,15000) ops and (4602.0,1702.3) ops/second in (1.086475,8.811695) seconds
2026/05/26-11:54:53  ... thread 0: (5000,15000) ops and (4719.9,1701.9) ops/second in (1.059346,8.813837) seconds
2026/05/26-11:54:53  ... thread 3: (5000,15000) ops and (4346.0,1696.8) ops/second in (1.150477,8.840132) seconds
2026/05/26-11:54:53  ... thread 2: (5000,16000) ops and (4454.5,1768.3) ops/second in (1.122449,9.048139) seconds
2026/05/26-11:54:54  ... thread 1: (5000,20000) ops and (4821.2,2030.7) ops/second in (1.037078,9.848773) seconds
2026/05/26-11:54:54  ... thread 3: (5000,20000) ops and (4932.2,2029.7) ops/second in (1.013749,9.853881) seconds
2026/05/26-11:54:54  ... thread 0: (5000,20000) ops and (4558.1,2018.0) ops/second in (1.096939,9.910776) seconds
2026/05/26-11:54:54  ... thread 2: (6000,22000) ops and (5219.8,2157.4) ops/second in (1.149476,10.197615) seconds
2026/05/26-11:54:55  ... thread 1: (6000,26000) ops and (5577.7,2380.0) ops/second in (1.075714,10.924487) seconds
2026/05/26-11:54:55  ... thread 3: (6000,26000) ops and (5559.9,2378.1) ops/second in (1.079157,10.933038) seconds
2026/05/26-11:54:55  ... thread 0: (5000,25000) ops and (4801.6,2282.7) ops/second in (1.041322,10.952098) seconds
2026/05/26-11:54:55  ... thread 2: (6000,28000) ops and (5425.7,2477.1) ops/second in (1.105841,11.303456) seconds
2026/05/26-11:54:56  ... thread 1: (6000,32000) ops and (5593.9,2667.3) ops/second in (1.072598,11.997085) seconds
2026/05/26-11:54:56  ... thread 3: (6000,32000) ops and (5592.7,2665.4) ops/second in (1.072833,12.005871) seconds
2026/05/26-11:54:56  ... thread 0: (6000,31000) ops and (5503.7,2574.3) ops/second in (1.090169,12.042267) seconds
2026/05/26-11:54:56  ... thread 2: (6000,34000) ops and (5952.0,2761.6) ops/second in (1.008068,12.311524) seconds
2026/05/26-11:54:57  ... thread 1: (7000,39000) ops and (6056.3,2965.1) ops/second in (1.155820,13.152905) seconds
2026/05/26-11:54:57  ... thread 3: (7000,39000) ops and (6038.0,2962.4) ops/second in (1.159331,13.165202) seconds
2026/05/26-11:54:57  ... thread 0: (7000,38000) ops and (6041.6,2878.6) ops/second in (1.158627,13.200894) seconds
2026/05/26-11:54:57  ... thread 2: (6000,40000) ops and (5750.2,2995.1) ops/second in (1.043440,13.354964) seconds
2026/05/26-11:54:58  ... thread 3: (8000,47000) ops and (7534.5,3303.6) ops/second in (1.061784,14.226986) seconds
2026/05/26-11:54:58  ... thread 1: (8000,47000) ops and (7402.0,3302.0) ops/second in (1.080791,14.233696) seconds
2026/05/26-11:54:58  ... thread 0: (8000,46000) ops and (7462.6,3222.9) ops/second in (1.072011,14.272905) seconds
2026/05/26-11:54:59  ... thread 2: (9000,49000) ops and (8075.9,3386.5) ops/second in (1.114420,14.469384) seconds
2026/05/26-11:54:59  ... thread 1: (11000,58000) ops and (10154.5,3786.7) ops/second in (1.083262,15.316958) seconds
2026/05/26-11:54:59  ... thread 3: (11000,58000) ops and (10083.4,3786.4) ops/second in (1.090905,15.317891) seconds
2026/05/26-11:54:59  ... thread 0: (11000,57000) ops and (10458.1,3719.5) ops/second in (1.051813,15.324718) seconds
2026/05/26-11:55:00  ... thread 2: (11000,60000) ops and (10850.9,3875.2) ops/second in (1.013741,15.483125) seconds
2026/05/26-11:55:00  ... thread 1: (12000,70000) ops and (11639.4,4281.9) ops/second in (1.030978,16.347936) seconds
2026/05/26-11:55:00  ... thread 0: (12000,69000) ops and (11686.4,4219.8) ops/second in (1.026833,16.351551) seconds
2026/05/26-11:55:00  ... thread 3: (12000,70000) ops and (11248.0,4272.3) ops/second in (1.066857,16.384748) seconds
2026/05/26-11:55:01  ... thread 2: (13000,73000) ops and (12309.0,4413.7) ops/second in (1.056134,16.539259) seconds
2026/05/26-11:55:01  ... thread 0: (12000,81000) ops and (11914.1,4666.2) ops/second in (1.007209,17.358760) seconds
2026/05/26-11:55:01  ... thread 1: (13000,83000) ops and (12716.6,4778.3) ops/second in (1.022284,17.370220) seconds
2026/05/26-11:55:02  ... thread 3: (13000,83000) ops and (12770.2,4769.4) ops/second in (1.017994,17.402742) seconds
2026/05/26-11:55:02  ... thread 2: (14000,87000) ops and (12990.2,4938.4) ops/second in (1.077736,17.616995) seconds
2026/05/26-11:55:03  ... thread 0: (13000,94000) ops and (12593.2,5111.2) ops/second in (1.032304,18.391064) seconds
2026/05/26-11:55:03  ... thread 1: (14000,97000) ops and (13259.2,5264.3) ops/second in (1.055870,18.426090) seconds
2026/05/26-11:55:03  ... thread 3: (13000,96000) ops and (12489.2,5205.0) ops/second in (1.040902,18.443644) seconds
2026/05/26-11:55:03  ... thread 2: (13000,100000) ops and (12737.3,5365.5) ops/second in (1.020628,18.637623) seconds
DB path: [/tmp/rocksdb_comp_exp_db]
readrandom   :     187.303 micros/op 21196 ops/sec 18.871 seconds 400000 operations;   20.6 MB/s (98136 of 100000 found)

STATISTICS:
rocksdb.block.cache.miss COUNT : 5177506
rocksdb.block.cache.hit COUNT : 165694
rocksdb.block.cache.add COUNT : 1436961
rocksdb.block.cache.add.failures COUNT : 0
rocksdb.block.cache.index.miss COUNT : 0
rocksdb.block.cache.index.hit COUNT : 0
rocksdb.block.cache.index.add COUNT : 0
rocksdb.block.cache.index.bytes.insert COUNT : 0
rocksdb.block.cache.filter.miss COUNT : 0
rocksdb.block.cache.filter.hit COUNT : 0
rocksdb.block.cache.filter.add COUNT : 0
rocksdb.block.cache.filter.bytes.insert COUNT : 0
rocksdb.block.cache.data.miss COUNT : 5177506
rocksdb.block.cache.data.hit COUNT : 165694
rocksdb.block.cache.data.add COUNT : 1436961
rocksdb.block.cache.data.bytes.insert COUNT : 6184647872
rocksdb.block.cache.bytes.read COUNT : 713146976
rocksdb.block.cache.bytes.write COUNT : 6184647872
rocksdb.block.cache.compression.dict.miss COUNT : 0
rocksdb.block.cache.compression.dict.hit COUNT : 0
rocksdb.block.cache.compression.dict.add COUNT : 0
rocksdb.block.cache.compression.dict.bytes.insert COUNT : 0
rocksdb.block.cache.add.redundant COUNT : 19
rocksdb.block.cache.index.add.redundant COUNT : 0
rocksdb.block.cache.filter.add.redundant COUNT : 0
rocksdb.block.cache.data.add.redundant COUNT : 19
rocksdb.block.cache.compression.dict.add.redundant COUNT : 0
rocksdb.secondary.cache.hits COUNT : 0
rocksdb.secondary.cache.filter.hits COUNT : 0
rocksdb.secondary.cache.index.hits COUNT : 0
rocksdb.secondary.cache.data.hits COUNT : 0
rocksdb.compressed.secondary.cache.dummy.hits COUNT : 0
rocksdb.compressed.secondary.cache.hits COUNT : 0
rocksdb.compressed.secondary.cache.promotions COUNT : 0
rocksdb.compressed.secondary.cache.promotion.skips COUNT : 0
rocksdb.bloom.filter.useful COUNT : 0
rocksdb.bloom.filter.full.positive COUNT : 0
rocksdb.bloom.filter.full.true.positive COUNT : 0
rocksdb.bloom.filter.prefix.checked COUNT : 0
rocksdb.bloom.filter.prefix.useful COUNT : 0
rocksdb.bloom.filter.prefix.true.positive COUNT : 0
rocksdb.persistent.cache.hit COUNT : 0
rocksdb.persistent.cache.miss COUNT : 0
rocksdb.sim.block.cache.hit COUNT : 0
rocksdb.sim.block.cache.miss COUNT : 0
rocksdb.memtable.hit COUNT : 8048
rocksdb.memtable.miss COUNT : 391952
rocksdb.l0.hit COUNT : 54458
rocksdb.l1.hit COUNT : 111777
rocksdb.l2andup.hit COUNT : 218362
rocksdb.compaction.key.drop.new COUNT : 3062396
rocksdb.compaction.key.drop.obsolete COUNT : 0
rocksdb.compaction.key.drop.range_del COUNT : 0
rocksdb.compaction.key.drop.user COUNT : 0
rocksdb.compaction.range_del.drop.obsolete COUNT : 0
rocksdb.compaction.optimized.del.drop.obsolete COUNT : 0
rocksdb.compaction.cancelled COUNT : 0
rocksdb.compaction.aborted COUNT : 0
rocksdb.number.keys.written COUNT : 5000000
rocksdb.number.keys.read COUNT : 400000
rocksdb.number.keys.updated COUNT : 0
rocksdb.bytes.written COUNT : 5278001532
rocksdb.bytes.read COUNT : 402068480
rocksdb.number.db.seek COUNT : 0
rocksdb.number.db.next COUNT : 0
rocksdb.number.db.prev COUNT : 0
rocksdb.number.db.seek.found COUNT : 0
rocksdb.number.db.next.found COUNT : 0
rocksdb.number.db.prev.found COUNT : 0
rocksdb.db.iter.bytes.read COUNT : 0
rocksdb.number.iter.skip COUNT : 0
rocksdb.number.reseeks.iteration COUNT : 0
rocksdb.num.iterator.created COUNT : 0
rocksdb.num.iterator.deleted COUNT : 0
rocksdb.no.file.opens COUNT : 209
rocksdb.no.file.errors COUNT : 0
rocksdb.stall.micros COUNT : 110660363
rocksdb.db.mutex.wait.micros COUNT : 0
rocksdb.number.multiget.get COUNT : 0
rocksdb.number.multiget.keys.read COUNT : 0
rocksdb.number.multiget.bytes.read COUNT : 0
rocksdb.number.multiget.keys.found COUNT : 0
rocksdb.number.merge.failures COUNT : 0
rocksdb.getupdatessince.calls COUNT : 0
rocksdb.wal.synced COUNT : 0
rocksdb.wal.bytes COUNT : 5278001532
rocksdb.write.self COUNT : 4833461
rocksdb.write.other COUNT : 166539
rocksdb.write.wal COUNT : 5000000
rocksdb.compact.read.bytes COUNT : 9136270151
rocksdb.compact.write.bytes COUNT : 7269254567
rocksdb.flush.write.bytes COUNT : 2969382746
rocksdb.compact.read.marked.bytes COUNT : 0
rocksdb.compact.read.periodic.bytes COUNT : 0
rocksdb.compact.read.ttl.bytes COUNT : 0
rocksdb.compact.write.marked.bytes COUNT : 0
rocksdb.compact.write.periodic.bytes COUNT : 0
rocksdb.compact.write.ttl.bytes COUNT : 0
rocksdb.number.direct.load.table.properties COUNT : 0
rocksdb.number.superversion_acquires COUNT : 20
rocksdb.number.superversion_releases COUNT : 16
rocksdb.number.superversion_cleanups COUNT : 4
rocksdb.number.block.compressed COUNT : 4188885
rocksdb.number.block.decompressed COUNT : 5177708
rocksdb.bytes.compressed.from COUNT : 17654997059
rocksdb.bytes.compressed.to COUNT : 10217418972
rocksdb.bytes.compression_bypassed COUNT : 0
rocksdb.bytes.compression.rejected COUNT : 98
rocksdb.number.block_compression_bypassed COUNT : 0
rocksdb.number.block_compression_rejected COUNT : 7
rocksdb.bytes.decompressed.from COUNT : 12620697764
rocksdb.bytes.decompressed.to COUNT : 21803403261
rocksdb.merge.operation.time.nanos COUNT : 0
rocksdb.filter.operation.time.nanos COUNT : 0
rocksdb.compaction.total.time.cpu_micros COUNT : 43389136
rocksdb.row.cache.hit COUNT : 0
rocksdb.row.cache.miss COUNT : 0
rocksdb.read.amp.estimate.useful.bytes COUNT : 0
rocksdb.read.amp.total.read.bytes COUNT : 0
rocksdb.number.rate_limiter.drains COUNT : 0
rocksdb.blobdb.num.put COUNT : 0
rocksdb.blobdb.num.write COUNT : 0
rocksdb.blobdb.num.get COUNT : 0
rocksdb.blobdb.num.multiget COUNT : 0
rocksdb.blobdb.num.seek COUNT : 0
rocksdb.blobdb.num.next COUNT : 0
rocksdb.blobdb.num.prev COUNT : 0
rocksdb.blobdb.num.keys.written COUNT : 0
rocksdb.blobdb.num.keys.read COUNT : 0
rocksdb.blobdb.bytes.written COUNT : 0
rocksdb.blobdb.bytes.read COUNT : 0
rocksdb.blobdb.write.inlined COUNT : 0
rocksdb.blobdb.write.inlined.ttl COUNT : 0
rocksdb.blobdb.write.blob COUNT : 0
rocksdb.blobdb.write.blob.ttl COUNT : 0
rocksdb.blobdb.blob.file.bytes.written COUNT : 0
rocksdb.blobdb.blob.file.bytes.read COUNT : 0
rocksdb.blobdb.blob.file.synced COUNT : 0
rocksdb.blobdb.blob.index.expired.count COUNT : 0
rocksdb.blobdb.blob.index.expired.size COUNT : 0
rocksdb.blobdb.blob.index.evicted.count COUNT : 0
rocksdb.blobdb.blob.index.evicted.size COUNT : 0
rocksdb.blobdb.gc.num.files COUNT : 0
rocksdb.blobdb.gc.num.new.files COUNT : 0
rocksdb.blobdb.gc.failures COUNT : 0
rocksdb.blobdb.gc.num.keys.relocated COUNT : 0
rocksdb.blobdb.gc.bytes.relocated COUNT : 0
rocksdb.blobdb.fifo.num.files.evicted COUNT : 0
rocksdb.blobdb.fifo.num.keys.evicted COUNT : 0
rocksdb.blobdb.fifo.bytes.evicted COUNT : 0
rocksdb.blobdb.cache.miss COUNT : 0
rocksdb.blobdb.cache.hit COUNT : 0
rocksdb.blobdb.cache.add COUNT : 0
rocksdb.blobdb.cache.add.failures COUNT : 0
rocksdb.blobdb.cache.bytes.read COUNT : 0
rocksdb.blobdb.cache.bytes.write COUNT : 0
rocksdb.txn.overhead.mutex.prepare COUNT : 0
rocksdb.txn.overhead.mutex.old.commit.map COUNT : 0
rocksdb.txn.overhead.duplicate.key COUNT : 0
rocksdb.txn.overhead.mutex.snapshot COUNT : 0
rocksdb.txn.get.tryagain COUNT : 0
rocksdb.files.marked.trash COUNT : 0
rocksdb.files.marked.trash.deleted COUNT : 0
rocksdb.files.deleted.immediately COUNT : 262
rocksdb.error.handler.bg.error.count COUNT : 0
rocksdb.error.handler.bg.io.error.count COUNT : 0
rocksdb.error.handler.bg.retryable.io.error.count COUNT : 0
rocksdb.error.handler.autoresume.count COUNT : 0
rocksdb.error.handler.autoresume.retry.total.count COUNT : 0
rocksdb.error.handler.autoresume.success.count COUNT : 0
rocksdb.memtable.payload.bytes.at.flush COUNT : 5212940640
rocksdb.memtable.garbage.bytes.at.flush COUNT : 127526928
rocksdb.verify_checksum.read.bytes COUNT : 0
rocksdb.backup.read.bytes COUNT : 0
rocksdb.backup.write.bytes COUNT : 0
rocksdb.remote.compact.read.bytes COUNT : 0
rocksdb.remote.compact.write.bytes COUNT : 0
rocksdb.remote.compact.resumed.bytes COUNT : 0
rocksdb.hot.file.read.bytes COUNT : 0
rocksdb.warm.file.read.bytes COUNT : 0
rocksdb.cool.file.read.bytes COUNT : 0
rocksdb.cold.file.read.bytes COUNT : 0
rocksdb.ice.file.read.bytes COUNT : 0
rocksdb.hot.file.read.count COUNT : 0
rocksdb.warm.file.read.count COUNT : 0
rocksdb.cool.file.read.count COUNT : 0
rocksdb.cold.file.read.count COUNT : 0
rocksdb.ice.file.read.count COUNT : 0
rocksdb.last.level.read.bytes COUNT : 0
rocksdb.last.level.read.count COUNT : 0
rocksdb.non.last.level.read.bytes COUNT : 12646848785
rocksdb.non.last.level.read.count COUNT : 5178342
rocksdb.last.level.seek.filtered COUNT : 0
rocksdb.last.level.seek.filter.match COUNT : 0
rocksdb.last.level.seek.data COUNT : 0
rocksdb.last.level.seek.data.useful.no.filter COUNT : 0
rocksdb.last.level.seek.data.useful.filter.match COUNT : 0
rocksdb.non.last.level.seek.filtered COUNT : 0
rocksdb.non.last.level.seek.filter.match COUNT : 0
rocksdb.non.last.level.seek.data COUNT : 0
rocksdb.non.last.level.seek.data.useful.no.filter COUNT : 0
rocksdb.non.last.level.seek.data.useful.filter.match COUNT : 0
rocksdb.block.checksum.compute.count COUNT : 5177924
rocksdb.block.checksum.mismatch.count COUNT : 0
rocksdb.multiget.coroutine.count COUNT : 0
rocksdb.read.async.micros COUNT : 0
rocksdb.async.read.error.count COUNT : 0
rocksdb.table.open.prefetch.tail.miss COUNT : 0
rocksdb.table.open.prefetch.tail.hit COUNT : 0
rocksdb.timestamp.filter.table.checked COUNT : 0
rocksdb.timestamp.filter.table.filtered COUNT : 0
rocksdb.readahead.trimmed COUNT : 0
rocksdb.fifo.max.size.compactions COUNT : 0
rocksdb.fifo.ttl.compactions COUNT : 0
rocksdb.fifo.change_temperature.compactions COUNT : 0
rocksdb.prefetch.bytes COUNT : 0
rocksdb.prefetch.bytes.useful COUNT : 0
rocksdb.prefetch.hits COUNT : 0
rocksdb.footer.corruption.count COUNT : 0
rocksdb.file.read.corruption.retry.count COUNT : 0
rocksdb.file.read.corruption.retry.success.count COUNT : 0
rocksdb.number.wbwi.ingest COUNT : 0
rocksdb.sst.user.defined.index.load.fail.count COUNT : 0
rocksdb.multiscan.prepare.calls COUNT : 0
rocksdb.multiscan.prepare.errors COUNT : 0
rocksdb.multiscan.blocks.prefetched COUNT : 0
rocksdb.multiscan.blocks.from.cache COUNT : 0
rocksdb.multiscan.prefetch.bytes COUNT : 0
rocksdb.multiscan.prefetch.blocks.wasted COUNT : 0
rocksdb.multiscan.io.requests COUNT : 0
rocksdb.multiscan.io.coalesced.nonadjacent COUNT : 0
rocksdb.multiscan.seek.errors COUNT : 0
rocksdb.prefetch.memory.bytes.granted COUNT : 0
rocksdb.prefetch.memory.bytes.released COUNT : 0
rocksdb.prefetch.memory.requests.blocked COUNT : 0
rocksdb.read.path.range.tombstones.inserted COUNT : 0
rocksdb.read.path.range.tombstones.discarded COUNT : 0
rocksdb.file.open.metadata.retrieved COUNT : 0
rocksdb.file.open.metadata.passed COUNT : 0
rocksdb.manifest.validation.failure.count COUNT : 0
rocksdb.db.get.micros P50 : 32.342251 P95 : 1222.232248 P99 : 2476.742976 P100 : 600042.000000 COUNT : 400000 SUM : 74731879
rocksdb.db.write.micros P50 : 4.826801 P95 : 75.751190 P99 : 1535.316516 P100 : 954644.000000 COUNT : 5000000 SUM : 605076177
rocksdb.compaction.times.micros P50 : 3911111.111111 P95 : 8782500.000000 P99 : 9151246.000000 P100 : 9151246.000000 COUNT : 37 SUM : 151385777
rocksdb.compaction.times.cpu_micros P50 : 894000.000000 P95 : 3005000.000000 P99 : 3317935.000000 P100 : 3317935.000000 COUNT : 37 SUM : 43389136
rocksdb.subcompaction.setup.times.micros P50 : 0.000000 P95 : 0.000000 P99 : 0.000000 P100 : 0.000000 COUNT : 0 SUM : 0
rocksdb.table.sync.micros P50 : 360638.297872 P95 : 1149000.000000 P99 : 1262914.000000 P100 : 1262914.000000 COUNT : 80 SUM : 45413279
rocksdb.compaction.outfile.sync.micros P50 : 589901.960784 P95 : 1071000.000000 P99 : 1174200.000000 P100 : 1194531.000000 COUNT : 129 SUM : 71666465
rocksdb.wal.file.sync.micros P50 : 0.000000 P95 : 0.000000 P99 : 0.000000 P100 : 0.000000 COUNT : 0 SUM : 0
rocksdb.manifest.file.sync.micros P50 : 5817.777778 P95 : 17040.000000 P99 : 18067.000000 P100 : 18067.000000 COUNT : 124 SUM : 829826
rocksdb.table.open.io.micros P50 : 680.384615 P95 : 2750.000000 P99 : 6089.111111 P100 : 6236.000000 COUNT : 209 SUM : 186982
rocksdb.db.multiget.micros P50 : 0.000000 P95 : 0.000000 P99 : 0.000000 P100 : 0.000000 COUNT : 0 SUM : 0
rocksdb.read.block.compaction.micros P50 : 2.563168 P95 : 5.675946 P99 : 10.518986 P100 : 327518.000000 COUNT : 3740545 SUM : 46474910
rocksdb.read.block.get.micros P50 : 5.412952 P95 : 14.194086 P99 : 1464.052689 P100 : 577127.000000 COUNT : 1437170 SUM : 69232050
rocksdb.write.raw.block.micros P50 : 0.528399 P95 : 1.088478 P99 : 2.250886 P100 : 10504.000000 COUNT : 4189310 SUM : 9826810
rocksdb.numfiles.in.singlecompaction P50 : 2.666667 P95 : 9.733333 P99 : 11.000000 P100 : 11.000000 COUNT : 40 SUM : 190
rocksdb.db.seek.micros P50 : 0.000000 P95 : 0.000000 P99 : 0.000000 P100 : 0.000000 COUNT : 0 SUM : 0
rocksdb.db.write.stall P50 : 1116.486945 P95 : 2498.676205 P99 : 2834.877197 P100 : 954166.000000 COUNT : 74603 SUM : 110660363
rocksdb.sst.read.micros P50 : 0.763670 P95 : 2.791310 P99 : 9.039497 P100 : 577064.000000 COUNT : 5178342 SUM : 99545239
rocksdb.file.read.flush.micros P50 : 4.266667 P95 : 75.456522 P99 : 134.000000 P100 : 1881.000000 COUNT : 320 SUM : 8748
rocksdb.file.read.compaction.micros P50 : 0.659522 P95 : 1.994071 P99 : 5.484949 P100 : 327487.000000 COUNT : 3741061 SUM : 37956468
rocksdb.file.read.db.open.micros P50 : 0.000000 P95 : 0.000000 P99 : 0.000000 P100 : 0.000000 COUNT : 0 SUM : 0
rocksdb.file.read.get.micros P50 : 0.000000 P95 : 0.000000 P99 : 0.000000 P100 : 0.000000 COUNT : 0 SUM : 0
rocksdb.file.read.multiget.micros P50 : 0.000000 P95 : 0.000000 P99 : 0.000000 P100 : 0.000000 COUNT : 0 SUM : 0
rocksdb.file.read.db.iterator.micros P50 : 0.000000 P95 : 0.000000 P99 : 0.000000 P100 : 0.000000 COUNT : 0 SUM : 0
rocksdb.file.read.verify.db.checksum.micros P50 : 0.000000 P95 : 0.000000 P99 : 0.000000 P100 : 0.000000 COUNT : 0 SUM : 0
rocksdb.file.read.verify.file.checksums.micros P50 : 0.000000 P95 : 0.000000 P99 : 0.000000 P100 : 0.000000 COUNT : 0 SUM : 0
rocksdb.sst.write.micros P50 : 0.501678 P95 : 0.953189 P99 : 0.993323 P100 : 10503.000000 COUNT : 8378829 SUM : 8121370
rocksdb.file.write.flush.micros P50 : 0.501555 P95 : 0.952954 P99 : 0.993078 P100 : 10503.000000 COUNT : 2426864 SUM : 2734464
rocksdb.file.write.compaction.micros P50 : 0.501728 P95 : 0.953284 P99 : 0.993422 P100 : 9667.000000 COUNT : 5951965 SUM : 5386906
rocksdb.file.write.db.open.micros P50 : 0.000000 P95 : 0.000000 P99 : 0.000000 P100 : 0.000000 COUNT : 0 SUM : 0
rocksdb.num.subcompactions.scheduled P50 : 0.000000 P95 : 0.000000 P99 : 0.000000 P100 : 0.000000 COUNT : 0 SUM : 0
rocksdb.bytes.per.read P50 : 1024.000000 P95 : 1024.000000 P99 : 1024.000000 P100 : 1024.000000 COUNT : 400000 SUM : 402068480
rocksdb.bytes.per.write P50 : 1088.867790 P95 : 1285.848801 P99 : 2993.534016 P100 : 4188.000000 COUNT : 4833461 SUM : 5278001532
rocksdb.bytes.per.multiget P50 : 0.000000 P95 : 0.000000 P99 : 0.000000 P100 : 0.000000 COUNT : 0 SUM : 0
rocksdb.compression.times.nanos P50 : 0.000000 P95 : 0.000000 P99 : 0.000000 P100 : 0.000000 COUNT : 0 SUM : 0
rocksdb.decompression.times.nanos P50 : 0.000000 P95 : 0.000000 P99 : 0.000000 P100 : 0.000000 COUNT : 0 SUM : 0
rocksdb.read.num.merge_operands P50 : 0.000000 P95 : 0.000000 P99 : 0.000000 P100 : 0.000000 COUNT : 0 SUM : 0
rocksdb.blobdb.key.size P50 : 0.000000 P95 : 0.000000 P99 : 0.000000 P100 : 0.000000 COUNT : 0 SUM : 0
rocksdb.blobdb.value.size P50 : 0.000000 P95 : 0.000000 P99 : 0.000000 P100 : 0.000000 COUNT : 0 SUM : 0
rocksdb.blobdb.write.micros P50 : 0.000000 P95 : 0.000000 P99 : 0.000000 P100 : 0.000000 COUNT : 0 SUM : 0
rocksdb.blobdb.get.micros P50 : 0.000000 P95 : 0.000000 P99 : 0.000000 P100 : 0.000000 COUNT : 0 SUM : 0
rocksdb.blobdb.multiget.micros P50 : 0.000000 P95 : 0.000000 P99 : 0.000000 P100 : 0.000000 COUNT : 0 SUM : 0
rocksdb.blobdb.seek.micros P50 : 0.000000 P95 : 0.000000 P99 : 0.000000 P100 : 0.000000 COUNT : 0 SUM : 0
rocksdb.blobdb.next.micros P50 : 0.000000 P95 : 0.000000 P99 : 0.000000 P100 : 0.000000 COUNT : 0 SUM : 0
rocksdb.blobdb.prev.micros P50 : 0.000000 P95 : 0.000000 P99 : 0.000000 P100 : 0.000000 COUNT : 0 SUM : 0
rocksdb.blobdb.blob.file.write.micros P50 : 0.000000 P95 : 0.000000 P99 : 0.000000 P100 : 0.000000 COUNT : 0 SUM : 0
rocksdb.blobdb.blob.file.read.micros P50 : 0.000000 P95 : 0.000000 P99 : 0.000000 P100 : 0.000000 COUNT : 0 SUM : 0
rocksdb.blobdb.blob.file.sync.micros P50 : 0.000000 P95 : 0.000000 P99 : 0.000000 P100 : 0.000000 COUNT : 0 SUM : 0
rocksdb.blobdb.compression.micros P50 : 0.000000 P95 : 0.000000 P99 : 0.000000 P100 : 0.000000 COUNT : 0 SUM : 0
rocksdb.blobdb.decompression.micros P50 : 0.000000 P95 : 0.000000 P99 : 0.000000 P100 : 0.000000 COUNT : 0 SUM : 0
rocksdb.db.flush.micros P50 : 628000.000000 P95 : 1200000.000000 P99 : 1453901.000000 P100 : 1453901.000000 COUNT : 80 SUM : 59651159
rocksdb.sst.batch.size P50 : 0.000000 P95 : 0.000000 P99 : 0.000000 P100 : 0.000000 COUNT : 0 SUM : 0
rocksdb.multiget.io.batch.size P50 : 0.000000 P95 : 0.000000 P99 : 0.000000 P100 : 0.000000 COUNT : 0 SUM : 0
rocksdb.num.index.and.filter.blocks.read.per.level P50 : 0.000000 P95 : 0.000000 P99 : 0.000000 P100 : 0.000000 COUNT : 0 SUM : 0
rocksdb.num.sst.read.per.level P50 : 0.000000 P95 : 0.000000 P99 : 0.000000 P100 : 0.000000 COUNT : 0 SUM : 0
rocksdb.num.level.read.per.multiget P50 : 0.000000 P95 : 0.000000 P99 : 0.000000 P100 : 0.000000 COUNT : 0 SUM : 0
rocksdb.error.handler.autoresume.retry.count P50 : 0.000000 P95 : 0.000000 P99 : 0.000000 P100 : 0.000000 COUNT : 0 SUM : 0
rocksdb.async.read.bytes P50 : 0.000000 P95 : 0.000000 P99 : 0.000000 P100 : 0.000000 COUNT : 0 SUM : 0
rocksdb.poll.wait.micros P50 : 0.000000 P95 : 0.000000 P99 : 0.000000 P100 : 0.000000 COUNT : 0 SUM : 0
rocksdb.compaction.prefetch.bytes P50 : 0.000000 P95 : 0.000000 P99 : 0.000000 P100 : 0.000000 COUNT : 0 SUM : 0
rocksdb.prefetched.bytes.discarded P50 : 0.000000 P95 : 0.000000 P99 : 0.000000 P100 : 0.000000 COUNT : 0 SUM : 0
rocksdb.async.prefetch.abort.micros P50 : 0.000000 P95 : 0.000000 P99 : 0.000000 P100 : 0.000000 COUNT : 0 SUM : 0
rocksdb.table.open.prefetch.tail.read.bytes P50 : 0.000000 P95 : 0.000000 P99 : 0.000000 P100 : 0.000000 COUNT : 0 SUM : 0
rocksdb.num.op.per.transaction P50 : 0.000000 P95 : 0.000000 P99 : 0.000000 P100 : 0.000000 COUNT : 0 SUM : 0
rocksdb.multiscan.op.prepare.iterators.micros P50 : 0.000000 P95 : 0.000000 P99 : 0.000000 P100 : 0.000000 COUNT : 0 SUM : 0
rocksdb.multiscan.prepare.micros P50 : 0.000000 P95 : 0.000000 P99 : 0.000000 P100 : 0.000000 COUNT : 0 SUM : 0
rocksdb.multiscan.blocks.per.prepare P50 : 0.000000 P95 : 0.000000 P99 : 0.000000 P100 : 0.000000 COUNT : 0 SUM : 0
rocksdb.block.key.distribution.cv P50 : 0.000000 P95 : 0.000000 P99 : 0.000000 P100 : 0.000000 COUNT : 0 SUM : 0

[EXPERIMENT_COMPLETED]
