RocksDB:    version 11.3.0
Date:       Tue May 26 11:34:12 2026
CPU:        2 * Intel Xeon Processor (SapphireRapids)
CPUCache:   16384 KB
2026/05/26-11:34:13  ... thread 2: (39000,39000) ops and (38725.2,38725.2) ops/second in (1.007095,1.007095) seconds
2026/05/26-11:34:13  ... thread 0: (36000,36000) ops and (35398.3,35398.3) ops/second in (1.016999,1.016999) seconds
2026/05/26-11:34:13  ... thread 1: (36000,36000) ops and (35331.5,35331.5) ops/second in (1.018921,1.018921) seconds
2026/05/26-11:34:13  ... thread 3: (47000,47000) ops and (45796.0,45796.0) ops/second in (1.026291,1.026291) seconds
2026/05/26-11:34:14  ... thread 2: (34000,73000) ops and (33858.4,36295.3) ops/second in (1.004183,2.011278) seconds
2026/05/26-11:34:14  ... thread 1: (38000,74000) ops and (37568.6,36445.9) ops/second in (1.011483,2.030404) seconds
2026/05/26-11:34:14  ... thread 0: (35000,71000) ops and (34378.3,34888.0) ops/second in (1.018083,2.035082) seconds
2026/05/26-11:34:14  ... thread 3: (36000,83000) ops and (35594.6,40732.6) ops/second in (1.011390,2.037681) seconds
2026/05/26-11:34:15  ... thread 2: (22000,95000) ops and (16352.4,28302.0) ops/second in (1.345372,3.356650) seconds
2026/05/26-11:34:15  ... thread 3: (16000,99000) ops and (11994.4,29362.6) ops/second in (1.333951,3.371632) seconds
2026/05/26-11:34:15  ... thread 0: (17000,88000) ops and (12720.2,26100.9) ops/second in (1.336453,3.371535) seconds
2026/05/26-11:34:15  ... thread 1: (19000,93000) ops and (14081.2,27517.1) ops/second in (1.349313,3.379717) seconds
2026/05/26-11:34:16  ... thread 0: (14000,102000) ops and (12610.6,22759.2) ops/second in (1.110175,4.481710) seconds
2026/05/26-11:34:16  ... thread 2: (14000,109000) ops and (12424.0,24311.4) ops/second in (1.126849,4.483499) seconds
2026/05/26-11:34:16  ... thread 1: (15000,108000) ops and (13594.9,24090.6) ops/second in (1.103352,4.483069) seconds
2026/05/26-11:34:16  ... thread 3: (21000,120000) ops and (18769.9,26723.4) ops/second in (1.118815,4.490447) seconds
2026/05/26-11:34:18  ... thread 0: (33000,135000) ops and (20948.3,22288.2) ops/second in (1.575307,6.057017) seconds
2026/05/26-11:34:18  ... thread 2: (36000,145000) ops and (22757.2,23906.0) ops/second in (1.581920,6.065419) seconds
2026/05/26-11:34:18  ... thread 3: (26000,146000) ops and (16453.4,24050.1) ops/second in (1.580216,6.070663) seconds
2026/05/26-11:34:18  ... thread 1: (28000,136000) ops and (17612.5,22394.7) ops/second in (1.589783,6.072852) seconds
2026/05/26-11:34:19  ... thread 0: (20000,155000) ops and (19645.0,21907.9) ops/second in (1.018070,7.075087) seconds
2026/05/26-11:34:19  ... thread 3: (23000,169000) ops and (22717.4,23859.6) ops/second in (1.012441,7.083104) seconds
2026/05/26-11:34:19  ... thread 2: (19000,164000) ops and (18623.3,23145.4) ops/second in (1.020230,7.085649) seconds
2026/05/26-11:34:19  ... thread 1: (23000,159000) ops and (22142.2,22357.9) ops/second in (1.038741,7.111593) seconds
2026/05/26-11:34:20  ... thread 2: (12000,176000) ops and (11943.2,21754.2) ops/second in (1.004754,8.090403) seconds
2026/05/26-11:34:20  ... thread 0: (15000,170000) ops and (14735.1,21005.6) ops/second in (1.017977,8.093064) seconds
2026/05/26-11:34:20  ... thread 3: (15000,184000) ops and (14802.0,22725.9) ops/second in (1.013376,8.096480) seconds
2026/05/26-11:34:20  ... thread 1: (12000,171000) ops and (11784.5,21033.5) ops/second in (1.018288,8.129881) seconds
2026/05/26-11:34:21  ... thread 1: (24000,195000) ops and (15871.9,20224.0) ops/second in (1.512109,9.641990) seconds
2026/05/26-11:34:21  ... thread 2: (26000,202000) ops and (16689.4,20936.4) ops/second in (1.557874,9.648277) seconds
2026/05/26-11:34:21  ... thread 3: (25000,209000) ops and (15949.6,21626.8) ops/second in (1.567436,9.663916) seconds
2026/05/26-11:34:21  ... thread 0: (35000,205000) ops and (21992.2,21167.8) ops/second in (1.591471,9.684535) seconds
2026/05/26-11:34:23  ... thread 2: (12000,214000) ops and (10717.8,19873.9) ops/second in (1.119636,10.767913) seconds
2026/05/26-11:34:23  ... thread 0: (15000,220000) ops and (13827.8,20428.4) ops/second in (1.084768,10.769303) seconds
2026/05/26-11:34:23  ... thread 1: (18000,213000) ops and (15972.2,19779.1) ops/second in (1.126961,10.768951) seconds
2026/05/26-11:34:23  ... thread 3: (18000,227000) ops and (16241.4,21072.8) ops/second in (1.108278,10.772194) seconds
2026/05/26-11:34:24  ... thread 3: (18000,245000) ops and (15901.3,20581.0) ops/second in (1.131981,11.904175) seconds
2026/05/26-11:34:24  ... thread 1: (14000,227000) ops and (12304.2,19064.8) ops/second in (1.137820,11.906771) seconds
2026/05/26-11:34:24  ... thread 2: (15000,229000) ops and (13154.9,19230.5) ops/second in (1.140263,11.908176) seconds
2026/05/26-11:34:24  ... thread 0: (14000,234000) ops and (12270.7,19647.0) ops/second in (1.140925,11.910228) seconds
2026/05/26-11:34:25  ... thread 0: (13000,247000) ops and (11710.2,18970.3) ops/second in (1.110148,13.020376) seconds
2026/05/26-11:34:25  ... thread 1: (16000,243000) ops and (14296.6,18655.1) ops/second in (1.119146,13.025917) seconds
2026/05/26-11:34:25  ... thread 3: (16000,261000) ops and (13988.8,20003.1) ops/second in (1.143776,13.047951) seconds
2026/05/26-11:34:25  ... thread 2: (18000,247000) ops and (15753.0,18926.0) ops/second in (1.142641,13.050817) seconds
2026/05/26-11:34:26  ... thread 1: (14000,257000) ops and (12504.5,18168.3) ops/second in (1.119594,14.145511) seconds
2026/05/26-11:34:26  ... thread 3: (17000,278000) ops and (15373.9,19641.5) ops/second in (1.105772,14.153723) seconds
2026/05/26-11:34:26  ... thread 2: (13000,260000) ops and (11612.3,18348.2) ops/second in (1.119500,14.170317) seconds
2026/05/26-11:34:26  ... thread 0: (19000,266000) ops and (16494.5,18769.0) ops/second in (1.151901,14.172277) seconds
2026/05/26-11:34:27  ... thread 0: (13000,279000) ops and (11016.0,18173.1) ops/second in (1.180102,15.352379) seconds
2026/05/26-11:34:27  ... thread 3: (16000,294000) ops and (13335.0,19148.6) ops/second in (1.199854,15.353577) seconds
2026/05/26-11:34:27  ... thread 1: (15000,272000) ops and (12431.4,17717.4) ops/second in (1.206620,15.352131) seconds
2026/05/26-11:34:27  ... thread 2: (17000,277000) ops and (14365.6,18041.3) ops/second in (1.183380,15.353697) seconds
2026/05/26-11:34:28  ... thread 0: (16000,295000) ops and (13688.2,17855.8) ops/second in (1.168892,16.521271) seconds
2026/05/26-11:34:28  ... thread 1: (15000,287000) ops and (12769.6,17365.7) ops/second in (1.174661,16.526792) seconds
2026/05/26-11:34:28  ... thread 3: (15000,309000) ops and (12685.5,18686.5) ops/second in (1.182455,16.536032) seconds
2026/05/26-11:34:28  ... thread 2: (16000,293000) ops and (13130.5,17680.2) ops/second in (1.218538,16.572235) seconds
2026/05/26-11:34:29  ... thread 0: (23000,318000) ops and (22580.9,18130.2) ops/second in (1.018559,17.539830) seconds
2026/05/26-11:34:29  ... thread 1: (19000,306000) ops and (18351.2,17423.8) ops/second in (1.035355,17.562147) seconds
2026/05/26-11:34:29  ... thread 2: (21000,314000) ops and (20768.9,17857.8) ops/second in (1.011125,17.583360) seconds
2026/05/26-11:34:29  ... thread 3: (24000,333000) ops and (22748.5,18930.1) ops/second in (1.055015,17.591047) seconds
2026/05/26-11:34:30  ... thread 0: (12000,330000) ops and (11946.4,17795.2) ops/second in (1.004489,18.544319) seconds
2026/05/26-11:34:30  ... thread 2: (12000,326000) ops and (11977.5,17540.8) ops/second in (1.001876,18.585236) seconds
2026/05/26-11:34:30  ... thread 1: (13000,319000) ops and (12647.1,17159.7) ops/second in (1.027903,18.590050) seconds
2026/05/26-11:34:30  ... thread 3: (14000,347000) ops and (13914.8,18658.8) ops/second in (1.006123,18.597170) seconds
2026/05/26-11:34:31  ... thread 0: (19000,349000) ops and (18790.8,17846.7) ops/second in (1.011131,19.555450) seconds
2026/05/26-11:34:31  ... thread 2: (19000,345000) ops and (18769.8,17604.3) ops/second in (1.012262,19.597498) seconds
2026/05/26-11:34:31  ... thread 3: (19000,366000) ops and (18855.2,18668.8) ops/second in (1.007681,19.604851) seconds
2026/05/26-11:34:31  ... thread 1: (18000,337000) ops and (17746.9,17190.1) ops/second in (1.014261,19.604311) seconds
2026/05/26-11:34:32  ... thread 0: (13000,362000) ops and (12956.4,17608.0) ops/second in (1.003363,20.558813) seconds
2026/05/26-11:34:32  ... thread 2: (16000,361000) ops and (15723.0,17511.4) ops/second in (1.017620,20.615118) seconds
2026/05/26-11:34:32  ... thread 3: (15000,381000) ops and (14434.0,18455.7) ops/second in (1.039214,20.644065) seconds
2026/05/26-11:34:32  ... thread 1: (14000,351000) ops and (13066.5,16976.4) ops/second in (1.071443,20.675754) seconds
2026/05/26-11:34:33  ... thread 2: (12000,373000) ops and (11636.7,17231.6) ops/second in (1.031220,21.646338) seconds
2026/05/26-11:34:33  ... thread 3: (8000,389000) ops and (7921.8,17964.4) ops/second in (1.009874,21.653939) seconds
2026/05/26-11:34:33  ... thread 0: (11000,373000) ops and (10017.2,17223.1) ops/second in (1.098112,21.656925) seconds
2026/05/26-11:34:33  ... thread 1: (11000,362000) ops and (10710.3,16679.9) ops/second in (1.027051,21.702805) seconds
2026/05/26-11:34:34  ... thread 2: (19000,392000) ops and (18890.4,17305.2) ops/second in (1.005800,22.652138) seconds
2026/05/26-11:34:34  ... thread 3: (22000,411000) ops and (21399.2,18120.1) ops/second in (1.028076,22.682015) seconds
2026/05/26-11:34:34  ... thread 0: (19000,392000) ops and (18335.9,17273.9) ops/second in (1.036217,22.693142) seconds
2026/05/26-11:34:34  ... thread 1: (18000,380000) ops and (17435.3,16714.2) ops/second in (1.032390,22.735195) seconds
2026/05/26-11:34:35  ... thread 3: (12000,423000) ops and (11799.2,17848.8) ops/second in (1.017016,23.699031) seconds
2026/05/26-11:34:35  ... thread 0: (10000,402000) ops and (9865.2,16957.2) ops/second in (1.013663,23.706805) seconds
2026/05/26-11:34:35  ... thread 2: (13000,405000) ops and (12161.0,17073.4) ops/second in (1.068987,23.721125) seconds
2026/05/26-11:34:35  ... thread 1: (12000,392000) ops and (11967.8,16513.7) ops/second in (1.002687,23.737882) seconds
2026/05/26-11:34:36  ... thread 3: (28000,451000) ops and (27435.5,18244.6) ops/second in (1.020576,24.719607) seconds
2026/05/26-11:34:36  ... thread 0: (30000,432000) ops and (29624.1,17476.1) ops/second in (1.012690,24.719495) seconds
2026/05/26-11:34:37  ... thread 1: (28000,420000) ops and (17399.9,16570.0) ops/second in (1.609206,25.347088) seconds
2026/05/26-11:34:37  ... thread 2: (34000,439000) ops and (20833.4,17315.4) ops/second in (1.631992,25.353117) seconds
2026/05/26-11:34:37  ... thread 0: (10000,442000) ops and (9825.5,17173.6) ops/second in (1.017757,25.737252) seconds
2026/05/26-11:34:37  ... thread 3: (12000,463000) ops and (11600.2,17977.7) ops/second in (1.034463,25.754070) seconds
2026/05/26-11:34:39  ... thread 3: (18000,481000) ops and (16671.5,17925.2) ops/second in (1.079685,26.833755) seconds
2026/05/26-11:34:39  ... thread 1: (34000,454000) ops and (22700.6,16912.0) ops/second in (1.497757,26.844845) seconds
2026/05/26-11:34:39  ... thread 2: (30000,469000) ops and (19958.6,17463.4) ops/second in (1.503108,26.856225) seconds
2026/05/26-11:34:39  ... thread 0: (23000,465000) ops and (20514.9,17313.0) ops/second in (1.121138,26.858390) seconds
2026/05/26-11:34:40  ... thread 2: (32000,501000) ops and (21429.4,17672.3) ops/second in (1.493277,28.349502) seconds
2026/05/26-11:34:40  ... thread 0: (26000,491000) ops and (17293.3,17312.0) ops/second in (1.503476,28.361866) seconds
2026/05/26-11:34:40  ... thread 1: (35000,489000) ops and (23070.1,17241.4) ops/second in (1.517112,28.361957) seconds
2026/05/26-11:34:40  ... thread 3: (31000,512000) ops and (19877.4,18032.4) ops/second in (1.559558,28.393313) seconds
2026/05/26-11:34:41  ... thread 1: (30000,519000) ops and (29722.1,17670.3) ops/second in (1.009349,29.371306) seconds
2026/05/26-11:34:41  ... thread 2: (27000,528000) ops and (26294.1,17973.6) ops/second in (1.026845,29.376347) seconds
2026/05/26-11:34:41  ... thread 0: (30000,521000) ops and (29511.8,17734.1) ops/second in (1.016543,29.378409) seconds
2026/05/26-11:34:41  ... thread 3: (32000,544000) ops and (30632.7,18479.5) ops/second in (1.044635,29.437948) seconds
2026/05/26-11:34:42  ... thread 0: (30000,551000) ops and (28469.7,18105.8) ops/second in (1.053751,30.432160) seconds
2026/05/26-11:34:42  ... thread 1: (37000,556000) ops and (34932.2,18271.1) ops/second in (1.059195,30.430501) seconds
2026/05/26-11:34:42  ... thread 2: (30000,558000) ops and (28418.2,18336.0) ops/second in (1.055662,30.432009) seconds
2026/05/26-11:34:42  ... thread 3: (33000,577000) ops and (32545.5,18947.9) ops/second in (1.013965,30.451913) seconds
2026/05/26-11:34:43  ... thread 1: (16000,572000) ops and (14738.6,18149.5) ops/second in (1.085584,31.516085) seconds
2026/05/26-11:34:43  ... thread 2: (16000,574000) ops and (14536.3,18203.3) ops/second in (1.100696,31.532705) seconds
2026/05/26-11:34:43  ... thread 0: (15000,566000) ops and (13519.5,17944.5) ops/second in (1.109510,31.541670) seconds
2026/05/26-11:34:43  ... thread 3: (16000,593000) ops and (14302.2,18783.3) ops/second in (1.118710,31.570623) seconds
2026/05/26-11:34:44  ... thread 1: (36000,608000) ops and (35952.7,18697.7) ops/second in (1.001315,32.517400) seconds
2026/05/26-11:34:44  ... thread 0: (36000,602000) ops and (35967.8,18498.8) ops/second in (1.000894,32.542564) seconds
2026/05/26-11:34:44  ... thread 2: (34000,608000) ops and (33460.9,18679.6) ops/second in (1.016112,32.548817) seconds
2026/05/26-11:34:44  ... thread 3: (28000,621000) ops and (27300.6,19051.3) ops/second in (1.025620,32.596243) seconds
2026/05/26-11:34:45  ... thread 2: (13000,621000) ops and (12329.9,18480.4) ops/second in (1.054349,33.603166) seconds
2026/05/26-11:34:45  ... thread 0: (12000,614000) ops and (10883.1,18249.3) ops/second in (1.102624,33.645188) seconds
2026/05/26-11:34:45  ... thread 3: (16000,637000) ops and (14349.3,18895.8) ops/second in (1.115034,33.711277) seconds
2026/05/26-11:34:46  ... thread 1: (14000,622000) ops and (9216.4,18274.5) ops/second in (1.519029,34.036429) seconds
2026/05/26-11:34:47  ... thread 0: (4000,618000) ops and (3196.0,17709.4) ops/second in (1.251581,34.896769) seconds
2026/05/26-11:34:47  ... thread 2: (2000,623000) ops and (1454.4,17811.1) ops/second in (1.375107,34.978273) seconds
2026/05/26-11:34:47  ... thread 1: (2000,624000) ops and (1582.4,17676.9) ops/second in (1.263896,35.300325) seconds
2026/05/26-11:34:47  ... thread 3: (3000,640000) ops and (1713.8,18047.6) ops/second in (1.750510,35.461787) seconds
2026/05/26-11:34:48  ... thread 0: (2000,620000) ops and (1855.5,17234.4) ops/second in (1.077885,35.974654) seconds
2026/05/26-11:34:48  ... thread 2: (3000,626000) ops and (2544.6,17313.3) ops/second in (1.178960,36.157233) seconds
2026/05/26-11:34:48  ... thread 3: (3000,643000) ops and (2778.7,17596.5) ops/second in (1.079626,36.541413) seconds
2026/05/26-11:34:49  ... thread 1: (3000,627000) ops and (1775.9,16950.7) ops/second in (1.689254,36.989579) seconds
2026/05/26-11:34:49  ... thread 0: (3000,623000) ops and (2228.0,16692.9) ops/second in (1.346499,37.321153) seconds
2026/05/26-11:34:49  ... thread 2: (2000,628000) ops and (1583.3,16782.3) ops/second in (1.263220,37.420453) seconds
2026/05/26-11:34:49  ... thread 3: (2000,645000) ops and (1990.0,17178.7) ops/second in (1.005050,37.546463) seconds
2026/05/26-11:34:50  ... thread 3: (1000,646000) ops and (948.4,16735.4) ops/second in (1.054373,38.600836) seconds
2026/05/26-11:34:50  ... thread 2: (4000,632000) ops and (3326.9,16363.4) ops/second in (1.202307,38.622760) seconds
2026/05/26-11:34:50  ... thread 1: (2000,629000) ops and (1183.3,16261.8) ops/second in (1.690132,38.679711) seconds
2026/05/26-11:34:51  ... thread 0: (4000,627000) ops and (2367.4,16072.5) ops/second in (1.689641,39.010794) seconds
2026/05/26-11:34:52  ... thread 1: (3000,632000) ops and (2682.4,15880.1) ops/second in (1.118414,39.798125) seconds
2026/05/26-11:34:52  ... thread 2: (3000,635000) ops and (2327.5,15910.1) ops/second in (1.288939,39.911699) seconds
2026/05/26-11:34:52  ... thread 3: (2000,648000) ops and (1466.0,16214.1) ops/second in (1.364269,39.965105) seconds
2026/05/26-11:34:52  ... thread 0: (2000,629000) ops and (1974.7,15715.7) ops/second in (1.012813,40.023607) seconds
2026/05/26-11:34:53  ... thread 1: (30000,662000) ops and (29960.9,16225.7) ops/second in (1.001305,40.799430) seconds
2026/05/26-11:34:53  ... thread 2: (30000,665000) ops and (29676.7,16250.2) ops/second in (1.010893,40.922592) seconds
2026/05/26-11:34:53  ... thread 3: (34000,682000) ops and (27051.2,16544.6) ops/second in (1.256877,41.221982) seconds
2026/05/26-11:34:53  ... thread 0: (29000,658000) ops and (18841.3,15831.5) ops/second in (1.539175,41.562782) seconds
2026/05/26-11:34:54  ... thread 2: (5000,670000) ops and (4685.8,15956.3) ops/second in (1.067055,41.989647) seconds
2026/05/26-11:34:54  ... thread 1: (8000,670000) ops and (5171.2,15821.9) ops/second in (1.547015,42.346445) seconds
2026/05/26-11:34:54  ... thread 3: (2000,684000) ops and (1616.1,16109.5) ops/second in (1.237564,42.459546) seconds
2026/05/26-11:34:54  ... thread 0: (2000,660000) ops and (1772.9,15460.0) ops/second in (1.128113,42.690895) seconds
2026/05/26-11:34:55  ... thread 2: (3000,673000) ops and (2431.6,15570.3) ops/second in (1.233774,43.223421) seconds
2026/05/26-11:34:56  ... thread 3: (3000,687000) ops and (2142.9,15663.6) ops/second in (1.400002,43.859548) seconds
2026/05/26-11:34:56  ... thread 0: (3000,663000) ops and (2317.9,15073.3) ops/second in (1.294275,43.985170) seconds
2026/05/26-11:34:56  ... thread 1: (3000,673000) ops and (1804.1,15292.2) ops/second in (1.662862,44.009307) seconds
2026/05/26-11:34:56  ... thread 2: (2000,675000) ops and (1406.1,15119.0) ops/second in (1.422362,44.645783) seconds
2026/05/26-11:34:57  ... thread 3: (4000,691000) ops and (2745.8,15248.4) ops/second in (1.456766,45.316314) seconds
2026/05/26-11:34:57  ... thread 0: (1000,664000) ops and (736.0,14643.7) ops/second in (1.358710,45.343880) seconds
2026/05/26-11:34:57  ... thread 1: (3000,676000) ops and (2168.9,14892.3) ops/second in (1.383190,45.392497) seconds
2026/05/26-11:34:57  ... thread 2: (3000,678000) ops and (2900.3,14842.3) ops/second in (1.034365,45.680148) seconds
2026/05/26-11:34:58  ... thread 0: (2000,666000) ops and (1466.8,14259.0) ops/second in (1.363546,46.707426) seconds
2026/05/26-11:34:58  ... thread 2: (3000,681000) ops and (2877.5,14575.4) ops/second in (1.042555,46.722703) seconds
2026/05/26-11:34:59  ... thread 3: (3000,694000) ops and (2025.8,14830.0) ops/second in (1.480861,46.797175) seconds
2026/05/26-11:34:59  ... thread 1: (3000,679000) ops and (1932.0,14463.6) ops/second in (1.552831,46.945328) seconds
2026/05/26-11:35:00  ... thread 2: (3000,684000) ops and (2795.6,14310.9) ops/second in (1.073110,47.795813) seconds
2026/05/26-11:35:00  ... thread 0: (3000,669000) ops and (2441.4,13956.0) ops/second in (1.228792,47.936218) seconds
2026/05/26-11:35:00  ... thread 3: (2000,696000) ops and (1531.3,14468.9) ops/second in (1.306050,48.103225) seconds
2026/05/26-11:35:00  ... thread 1: (2000,681000) ops and (1395.5,14076.5) ops/second in (1.433134,48.378462) seconds
2026/05/26-11:35:01  ... thread 2: (2000,686000) ops and (1842.6,14034.0) ops/second in (1.085405,48.881218) seconds
2026/05/26-11:35:01  ... thread 0: (2000,671000) ops and (1840.1,13687.4) ops/second in (1.086917,49.023135) seconds
2026/05/26-11:35:01  ... thread 3: (2000,698000) ops and (1713.1,14166.6) ops/second in (1.167446,49.270671) seconds
2026/05/26-11:35:01  ... thread 1: (3000,684000) ops and (2651.2,13815.4) ops/second in (1.131555,49.510017) seconds
2026/05/26-11:35:02  ... thread 2: (2000,688000) ops and (1756.4,13754.5) ops/second in (1.138675,50.019893) seconds
2026/05/26-11:35:02  ... thread 0: (3000,674000) ops and (2731.9,13447.4) ops/second in (1.098146,50.121281) seconds
2026/05/26-11:35:03  ... thread 3: (3000,701000) ops and (1568.6,13695.9) ops/second in (1.912478,51.183149) seconds
2026/05/26-11:35:03  ... thread 1: (1000,685000) ops and (574.0,13365.3) ops/second in (1.742261,51.252278) seconds
2026/05/26-11:35:03  ... thread 0: (4000,678000) ops and (3164.9,13194.5) ops/second in (1.263855,51.385136) seconds
2026/05/26-11:35:03  ... thread 2: (4000,692000) ops and (2599.4,13421.6) ops/second in (1.538789,51.558682) seconds
2026/05/26-11:35:04  ... thread 1: (2000,687000) ops and (1739.7,13110.2) ops/second in (1.149639,52.401917) seconds
2026/05/26-11:35:04  ... thread 3: (2000,703000) ops and (1412.1,13365.1) ops/second in (1.416371,52.599520) seconds
2026/05/26-11:35:04  ... thread 2: (4000,696000) ops and (3406.4,13198.6) ops/second in (1.174272,52.732954) seconds
2026/05/26-11:35:05  ... thread 0: (3000,681000) ops and (1977.4,12872.8) ops/second in (1.517172,52.902308) seconds
2026/05/26-11:35:05  ... thread 1: (2000,689000) ops and (1921.7,12892.3) ops/second in (1.040729,53.442646) seconds
2026/05/26-11:35:05  ... thread 2: (2000,698000) ops and (1944.4,12983.3) ops/second in (1.028603,53.761557) seconds
2026/05/26-11:35:06  ... thread 0: (2000,683000) ops and (1941.9,12664.0) ops/second in (1.029905,53.932213) seconds
2026/05/26-11:35:06  ... thread 1: (3000,692000) ops and (2952.3,12706.9) ops/second in (1.016161,54.458807) seconds
2026/05/26-11:35:06  ... thread 3: (3000,706000) ops and (1574.6,12953.0) ops/second in (1.905283,54.504803) seconds
2026/05/26-11:35:07  ... thread 2: (2000,700000) ops and (1902.4,12770.7) ops/second in (1.051282,54.812839) seconds
2026/05/26-11:35:07  ... thread 0: (2000,685000) ops and (1618.8,12416.7) ops/second in (1.235445,55.167658) seconds
2026/05/26-11:35:08  ... thread 1: (2000,694000) ops and (1519.2,12442.8) ops/second in (1.316516,55.775323) seconds
2026/05/26-11:35:08  ... thread 2: (3000,703000) ops and (2654.1,12566.3) ops/second in (1.130333,55.943172) seconds
2026/05/26-11:35:08  ... thread 3: (3000,709000) ops and (1857.1,12633.6) ops/second in (1.615428,56.120231) seconds
2026/05/26-11:35:08  ... thread 0: (3000,688000) ops and (2098.5,12156.1) ops/second in (1.429607,56.597265) seconds
2026/05/26-11:35:09  ... thread 1: (2000,696000) ops and (1796.8,12234.5) ops/second in (1.113072,56.888395) seconds
2026/05/26-11:35:09  ... thread 2: (2000,705000) ops and (1952.1,12375.4) ops/second in (1.024524,56.967696) seconds
2026/05/26-11:35:09  ... thread 3: (3000,712000) ops and (2126.5,12375.9) ops/second in (1.410739,57.530970) seconds
2026/05/26-11:35:10  ... thread 0: (3000,691000) ops and (2444.8,11950.0) ops/second in (1.227085,57.824350) seconds
2026/05/26-11:35:10  ... thread 2: (2000,707000) ops and (1521.5,12130.6) ops/second in (1.314458,58.282154) seconds
2026/05/26-11:35:10  ... thread 1: (3000,699000) ops and (1928.2,11960.1) ops/second in (1.555818,58.444213) seconds
2026/05/26-11:35:10  ... thread 3: (2000,714000) ops and (1893.4,12186.9) ops/second in (1.056328,58.587298) seconds
2026/05/26-11:35:11  ... thread 0: (3000,694000) ops and (2396.7,11747.6) ops/second in (1.251707,59.076057) seconds
2026/05/26-11:35:11  ... thread 2: (2000,709000) ops and (1745.0,11930.3) ops/second in (1.146137,59.428291) seconds
2026/05/26-11:35:12  ... thread 3: (2000,716000) ops and (1623.2,11969.4) ops/second in (1.232147,59.819445) seconds
2026/05/26-11:35:12  ... thread 0: (3000,697000) ops and (2784.0,11587.0) ops/second in (1.077587,60.153644) seconds
2026/05/26-11:35:12  ... thread 1: (2000,701000) ops and (1169.5,11653.4) ops/second in (1.710133,60.154346) seconds
2026/05/26-11:35:12  ... thread 2: (4000,713000) ops and (3481.1,11770.1) ops/second in (1.149055,60.577346) seconds
2026/05/26-11:35:13  ... thread 3: (2000,718000) ops and (1853.4,11790.1) ops/second in (1.079075,60.898520) seconds
2026/05/26-11:35:13  ... thread 1: (2000,703000) ops and (1996.9,11495.2) ops/second in (1.001533,61.155879) seconds
2026/05/26-11:35:13  ... thread 0: (2000,699000) ops and (1474.9,11364.1) ops/second in (1.356035,61.509679) seconds
2026/05/26-11:35:14  ... thread 2: (3000,716000) ops and (2291.9,11569.6) ops/second in (1.308967,61.886313) seconds
2026/05/26-11:35:14  ... thread 1: (2000,705000) ops and (1888.2,11331.7) ops/second in (1.059216,62.215095) seconds
2026/05/26-11:35:14  ... thread 3: (3000,721000) ops and (2222.6,11582.7) ops/second in (1.349748,62.248268) seconds
2026/05/26-11:35:15  ... thread 0: (2000,701000) ops and (1462.1,11148.6) ops/second in (1.367893,62.877572) seconds
2026/05/26-11:35:15  ... thread 1: (3000,708000) ops and (2922.7,11195.2) ops/second in (1.026448,63.241543) seconds
2026/05/26-11:35:15  ... thread 2: (3000,719000) ops and (1833.6,11318.8) ops/second in (1.636148,63.522461) seconds
2026/05/26-11:35:16  ... thread 3: (2000,723000) ops and (1150.8,11299.3) ops/second in (1.737991,63.986259) seconds
2026/05/26-11:35:16  ... thread 0: (2000,703000) ops and (1504.5,10949.0) ops/second in (1.329343,64.206915) seconds
2026/05/26-11:35:17  ... thread 1: (4000,712000) ops and (2488.6,10979.4) ops/second in (1.607306,64.848849) seconds
2026/05/26-11:35:17  ... thread 2: (3000,722000) ops and (2218.8,11129.2) ops/second in (1.352080,64.874541) seconds
2026/05/26-11:35:17  ... thread 3: (3000,726000) ops and (2725.7,11154.3) ops/second in (1.100624,65.086883) seconds
2026/05/26-11:35:17  ... thread 0: (2000,705000) ops and (1903.6,10803.3) ops/second in (1.050647,65.257562) seconds
2026/05/26-11:35:18  ... thread 2: (3000,725000) ops and (2944.7,11002.6) ops/second in (1.018784,65.893325) seconds
2026/05/26-11:35:18  ... thread 3: (2000,728000) ops and (1882.1,11005.4) ops/second in (1.062629,66.149512) seconds
2026/05/26-11:35:18  ... thread 1: (2000,714000) ops and (1337.9,10762.1) ops/second in (1.494877,66.343726) seconds
2026/05/26-11:35:18  ... thread 0: (2000,707000) ops and (1364.8,10596.1) ops/second in (1.465377,66.722939) seconds
2026/05/26-11:35:19  ... thread 2: (9000,734000) ops and (8873.3,10970.4) ops/second in (1.014282,66.907607) seconds
2026/05/26-11:35:19  ... thread 3: (19000,747000) ops and (18596.5,11120.8) ops/second in (1.021696,67.171208) seconds
2026/05/26-11:35:19  ... thread 1: (33000,747000) ops and (32401.4,11089.3) ops/second in (1.018474,67.362200) seconds
2026/05/26-11:35:19  ... thread 0: (26000,733000) ops and (25668.3,10821.4) ops/second in (1.012921,67.735860) seconds
2026/05/26-11:35:20  ... thread 2: (24000,758000) ops and (23549.5,11159.1) ops/second in (1.019132,67.926739) seconds
2026/05/26-11:35:20  ... thread 3: (28000,775000) ops and (24323.5,11343.3) ops/second in (1.151151,68.322359) seconds
2026/05/26-11:35:20  ... thread 1: (20000,767000) ops and (19774.6,11217.8) ops/second in (1.011397,68.373597) seconds
2026/05/26-11:35:21  ... thread 2: (22000,780000) ops and (16502.8,11261.9) ops/second in (1.333106,69.259845) seconds
2026/05/26-11:35:21  ... thread 0: (27000,760000) ops and (17628.2,10972.0) ops/second in (1.531639,69.267499) seconds
2026/05/26-11:35:21  ... thread 3: (18000,793000) ops and (17505.7,11434.7) ops/second in (1.028234,69.350593) seconds
2026/05/26-11:35:21  ... thread 1: (19000,786000) ops and (18470.7,11325.3) ops/second in (1.028658,69.402255) seconds
2026/05/26-11:35:22  ... thread 0: (12000,772000) ops and (10473.6,10963.8) ops/second in (1.145742,70.413241) seconds
2026/05/26-11:35:22  ... thread 1: (13000,799000) ops and (12734.6,11345.7) ops/second in (1.020837,70.423092) seconds
2026/05/26-11:35:22  ... thread 3: (15000,808000) ops and (13827.4,11471.5) ops/second in (1.084799,70.435392) seconds
2026/05/26-11:35:22  ... thread 2: (16000,796000) ops and (13317.3,11297.0) ops/second in (1.201443,70.461288) seconds
2026/05/26-11:35:23  ... thread 1: (18000,817000) ops and (15917.9,11418.0) ops/second in (1.130801,71.553893) seconds
2026/05/26-11:35:23  ... thread 3: (15000,823000) ops and (13287.2,11500.1) ops/second in (1.128910,71.564302) seconds
2026/05/26-11:35:23  ... thread 2: (14000,810000) ops and (12545.1,11316.4) ops/second in (1.115977,71.577265) seconds
2026/05/26-11:35:23  ... thread 0: (15000,787000) ops and (12809.2,10994.0) ops/second in (1.171034,71.584275) seconds
2026/05/26-11:35:25  ... thread 2: (13000,823000) ops and (10411.7,11300.9) ops/second in (1.248597,72.825862) seconds
2026/05/26-11:35:25  ... thread 1: (20000,837000) ops and (15705.7,11492.9) ops/second in (1.273419,72.827312) seconds
2026/05/26-11:35:25  ... thread 0: (13000,800000) ops and (10334.3,10982.6) ops/second in (1.257950,72.842225) seconds
2026/05/26-11:35:25  ... thread 3: (17000,840000) ops and (12974.2,11526.7) ops/second in (1.310292,72.874594) seconds
2026/05/26-11:35:26  ... thread 3: (15000,855000) ops and (12750.5,11546.1) ops/second in (1.176427,74.051021) seconds
2026/05/26-11:35:26  ... thread 2: (15000,838000) ops and (12167.3,11315.4) ops/second in (1.232813,74.058675) seconds
2026/05/26-11:35:26  ... thread 0: (16000,816000) ops and (13115.1,11017.8) ops/second in (1.219964,74.062189) seconds
2026/05/26-11:35:26  ... thread 1: (17000,854000) ops and (13444.9,11526.3) ops/second in (1.264424,74.091736) seconds
2026/05/26-11:35:27  ... thread 3: (18000,873000) ops and (17813.9,11630.5) ops/second in (1.010447,75.061468) seconds
2026/05/26-11:35:27  ... thread 0: (18000,834000) ops and (17925.7,11110.2) ops/second in (1.004147,75.066336) seconds
2026/05/26-11:35:27  ... thread 2: (21000,859000) ops and (20702.3,11442.2) ops/second in (1.014378,75.073053) seconds
2026/05/26-11:35:27  ... thread 1: (20000,874000) ops and (19806.5,11637.6) ops/second in (1.009770,75.101506) seconds
2026/05/26-11:35:28  ... thread 1: (8000,882000) ops and (6981.3,11567.6) ops/second in (1.145926,76.247432) seconds
2026/05/26-11:35:28  ... thread 3: (12000,885000) ops and (10027.5,11605.3) ops/second in (1.196710,76.258178) seconds
2026/05/26-11:35:28  ... thread 0: (12000,846000) ops and (9898.7,11090.9) ops/second in (1.212276,76.278612) seconds
2026/05/26-11:35:28  ... thread 2: (15000,874000) ops and (12353.1,11456.7) ops/second in (1.214267,76.287320) seconds
2026/05/26-11:35:29  ... thread 3: (15000,900000) ops and (14943.1,11648.7) ops/second in (1.003806,77.261984) seconds
2026/05/26-11:35:29  ... thread 1: (16000,898000) ops and (15698.4,11622.1) ops/second in (1.019210,77.266642) seconds
2026/05/26-11:35:29  ... thread 0: (16000,862000) ops and (15977.9,11154.2) ops/second in (1.001382,77.279994) seconds
2026/05/26-11:35:29  ... thread 2: (15000,889000) ops and (14489.8,11497.3) ops/second in (1.035212,77.322532) seconds
2026/05/26-11:35:30  ... thread 1: (15000,913000) ops and (12369.3,11633.6) ops/second in (1.212676,78.479318) seconds
2026/05/26-11:35:30  ... thread 2: (15000,904000) ops and (12931.9,11518.5) ops/second in (1.159925,78.482457) seconds
2026/05/26-11:35:30  ... thread 0: (16000,878000) ops and (13269.1,11186.7) ops/second in (1.205807,78.485801) seconds
2026/05/26-11:35:30  ... thread 3: (16000,916000) ops and (12942.2,11669.0) ops/second in (1.236268,78.498252) seconds
2026/05/26-11:35:31  ... thread 1: (31000,944000) ops and (25710.6,11846.6) ops/second in (1.205730,79.685048) seconds
2026/05/26-11:35:31  ... thread 3: (29000,945000) ops and (24083.2,11856.6) ops/second in (1.204160,79.702412) seconds
2026/05/26-11:35:31  ... thread 2: (35000,939000) ops and (28409.9,11779.5) ops/second in (1.231966,79.714423) seconds
2026/05/26-11:35:31  ... thread 0: (30000,908000) ops and (23872.4,11386.7) ops/second in (1.256680,79.742481) seconds
2026/05/26-11:35:33  ... thread 1: (17000,961000) ops and (14407.1,11884.0) ops/second in (1.179973,80.865021) seconds
2026/05/26-11:35:33  ... thread 2: (17000,956000) ops and (14623.9,11820.4) ops/second in (1.162479,80.876902) seconds
2026/05/26-11:35:33  ... thread 0: (13000,921000) ops and (11332.0,11385.9) ops/second in (1.147197,80.889678) seconds
2026/05/26-11:35:33  ... thread 3: (15000,960000) ops and (12391.1,11864.6) ops/second in (1.210551,80.912963) seconds
2026/05/26-11:35:34  ... thread 0: (30000,951000) ops and (27956.8,11602.8) ops/second in (1.073086,81.962764) seconds
2026/05/26-11:35:34  ... thread 2: (34000,990000) ops and (31307.6,12078.6) ops/second in (1.086000,81.962902) seconds
2026/05/26-11:35:34  ... thread 3: (31000,991000) ops and (29189.7,12089.1) ops/second in (1.062020,81.974983) seconds
2026/05/26-11:35:34  ... thread 1: (29000,990000) ops and (25771.1,12074.6) ops/second in (1.125293,81.990314) seconds
2026/05/26-11:35:35  ... thread 0: (32000,983000) ops and (28168.6,11829.3) ops/second in (1.136018,83.098782) seconds
2026/05/26-11:35:35  ... thread 2: (32000,1022000) ops and (28064.0,12298.0) ops/second in (1.140252,83.103154) seconds
2026/05/26-11:35:35  ... thread 3: (30000,1021000) ops and (26054.5,12282.5) ops/second in (1.151431,83.126414) seconds
2026/05/26-11:35:35  ... thread 1: (31000,1021000) ops and (27313.9,12282.7) ops/second in (1.134955,83.125269) seconds
2026/05/26-11:35:36  ... thread 2: (34000,1056000) ops and (21535.8,12470.2) ops/second in (1.578770,84.681924) seconds
2026/05/26-11:35:36  ... thread 3: (30000,1051000) ops and (19209.7,12410.2) ops/second in (1.561710,84.688124) seconds
2026/05/26-11:35:36  ... thread 0: (29000,1012000) ops and (18131.9,11948.3) ops/second in (1.599393,84.698175) seconds
2026/05/26-11:35:36  ... thread 1: (32000,1053000) ops and (20057.4,12429.1) ops/second in (1.595424,84.720693) seconds
2026/05/26-11:35:38  ... thread 2: (18000,1074000) ops and (15366.8,12509.7) ops/second in (1.171355,85.853279) seconds
2026/05/26-11:35:38  ... thread 0: (14000,1026000) ops and (12032.6,11949.5) ops/second in (1.163504,85.861679) seconds
2026/05/26-11:35:38  ... thread 3: (15000,1066000) ops and (12753.0,12414.9) ops/second in (1.176194,85.864318) seconds
2026/05/26-11:35:38  ... thread 1: (15000,1068000) ops and (13056.4,12437.5) ops/second in (1.148861,85.869554) seconds
2026/05/26-11:35:39  ... thread 2: (31000,1105000) ops and (28187.1,12708.0) ops/second in (1.099793,86.953072) seconds
2026/05/26-11:35:39  ... thread 0: (32000,1058000) ops and (29134.7,12166.5) ops/second in (1.098347,86.960026) seconds
2026/05/26-11:35:39  ... thread 3: (32000,1098000) ops and (29100.6,12625.9) ops/second in (1.099634,86.963952) seconds
2026/05/26-11:35:39  ... thread 1: (30000,1098000) ops and (27256.9,12625.0) ops/second in (1.100638,86.970192) seconds
2026/05/26-11:35:40  ... thread 0: (29000,1087000) ops and (28404.1,12354.9) ops/second in (1.020979,87.981005) seconds
2026/05/26-11:35:40  ... thread 3: (30000,1128000) ops and (29412.3,12820.5) ops/second in (1.019982,87.983934) seconds
2026/05/26-11:35:40  ... thread 1: (32000,1130000) ops and (31401.6,12842.5) ops/second in (1.019055,87.989247) seconds
2026/05/26-11:35:40  ... thread 2: (32000,1137000) ops and (30726.3,12921.3) ops/second in (1.041454,87.994526) seconds
2026/05/26-11:35:41  ... thread 3: (29000,1157000) ops and (26817.9,12990.5) ops/second in (1.081369,89.065303) seconds
2026/05/26-11:35:41  ... thread 0: (33000,1120000) ops and (28258.4,12563.3) ops/second in (1.167796,89.148801) seconds
2026/05/26-11:35:41  ... thread 1: (33000,1163000) ops and (26469.6,13032.9) ops/second in (1.246713,89.235960) seconds
2026/05/26-11:35:41  ... thread 2: (30000,1167000) ops and (20937.3,13049.7) ops/second in (1.432850,89.427376) seconds
2026/05/26-11:35:42  ... thread 1: (3000,1166000) ops and (2780.6,12910.4) ops/second in (1.078907,90.314867) seconds
2026/05/26-11:35:42  ... thread 0: (3000,1123000) ops and (2069.8,12395.4) ops/second in (1.449406,90.598207) seconds
2026/05/26-11:35:42  ... thread 2: (2000,1169000) ops and (1701.0,12902.4) ops/second in (1.175792,90.603168) seconds
2026/05/26-11:35:42  ... thread 3: (2000,1159000) ops and (1285.2,12789.5) ops/second in (1.556193,90.621496) seconds
2026/05/26-11:35:43  ... thread 0: (3000,1126000) ops and (2847.2,12285.6) ops/second in (1.053649,91.651856) seconds
2026/05/26-11:35:44  ... thread 3: (4000,1163000) ops and (3177.5,12657.8) ops/second in (1.258846,91.880342) seconds
2026/05/26-11:35:44  ... thread 2: (2000,1171000) ops and (1460.2,12732.0) ops/second in (1.369677,91.972845) seconds
2026/05/26-11:35:44  ... thread 1: (2000,1168000) ops and (1081.8,12673.1) ops/second in (1.848809,92.163676) seconds
2026/05/26-11:35:45  ... thread 3: (3000,1166000) ops and (2814.0,12544.9) ops/second in (1.066114,92.946456) seconds
2026/05/26-11:35:45  ... thread 1: (2000,1170000) ops and (1832.8,12546.3) ops/second in (1.091248,93.254924) seconds
2026/05/26-11:35:45  ... thread 0: (3000,1129000) ops and (1862.3,12105.6) ops/second in (1.610946,93.262802) seconds
2026/05/26-11:35:45  ... thread 2: (2000,1173000) ops and (1477.0,12568.7) ops/second in (1.354141,93.326986) seconds
2026/05/26-11:35:46  ... thread 3: (3000,1169000) ops and (2651.7,12425.9) ops/second in (1.131346,94.077802) seconds
2026/05/26-11:35:46  ... thread 2: (2000,1175000) ops and (1914.8,12450.8) ops/second in (1.044519,94.371505) seconds
2026/05/26-11:35:46  ... thread 0: (3000,1132000) ops and (2243.3,11966.2) ops/second in (1.337305,94.600107) seconds
2026/05/26-11:35:46  ... thread 1: (2000,1172000) ops and (1396.9,12377.7) ops/second in (1.431725,94.686649) seconds
2026/05/26-11:35:47  ... thread 3: (2000,1171000) ops and (1898.4,12309.3) ops/second in (1.053521,95.131323) seconds
2026/05/26-11:35:47  ... thread 2: (2000,1177000) ops and (1698.3,12318.3) ops/second in (1.177633,95.549138) seconds
2026/05/26-11:35:47  ... thread 0: (2000,1134000) ops and (1846.3,11851.6) ops/second in (1.083256,95.683363) seconds
2026/05/26-11:35:48  ... thread 1: (3000,1175000) ops and (1839.4,12199.2) ops/second in (1.630938,96.317587) seconds
2026/05/26-11:35:48  ... thread 2: (3000,1180000) ops and (2652.0,12205.2) ops/second in (1.131242,96.680380) seconds
2026/05/26-11:35:49  ... thread 0: (2000,1136000) ops and (1675.5,11726.2) ops/second in (1.193693,96.877056) seconds
2026/05/26-11:35:49  ... thread 1: (3000,1178000) ops and (2714.3,12091.6) ops/second in (1.105269,97.422856) seconds
2026/05/26-11:35:49  ... thread 3: (3000,1174000) ops and (1282.1,12044.6) ops/second in (2.339886,97.471209) seconds
2026/05/26-11:35:50  ... thread 0: (3000,1139000) ops and (2967.7,11635.8) ops/second in (1.010887,97.887943) seconds
2026/05/26-11:35:50  ... thread 2: (3000,1183000) ops and (1896.0,12039.2) ops/second in (1.582251,98.262631) seconds
2026/05/26-11:35:50  ... thread 1: (2000,1180000) ops and (1749.4,11971.7) ops/second in (1.143226,98.566082) seconds
2026/05/26-11:35:50  ... thread 3: (3000,1177000) ops and (2474.5,11927.0) ops/second in (1.212356,98.683565) seconds
2026/05/26-11:35:51  ... thread 0: (3000,1142000) ops and (2722.4,11536.5) ops/second in (1.101956,98.989899) seconds
2026/05/26-11:35:51  ... thread 3: (5000,1182000) ops and (4907.7,11855.3) ops/second in (1.018815,99.702380) seconds
2026/05/26-11:35:52  ... thread 1: (1000,1181000) ops and (826.4,11836.5) ops/second in (1.210032,99.776114) seconds
2026/05/26-11:35:52  ... thread 2: (2000,1185000) ops and (1061.4,11832.6) ops/second in (1.884371,100.147002) seconds
2026/05/26-11:35:53  ... thread 3: (3000,1185000) ops and (2788.3,11758.5) ops/second in (1.075913,100.778293) seconds
2026/05/26-11:35:53  ... thread 1: (4000,1185000) ops and (3137.4,11726.7) ops/second in (1.274923,101.051037) seconds
2026/05/26-11:35:53  ... thread 0: (2000,1144000) ops and (909.2,11305.5) ops/second in (2.199738,101.189637) seconds
2026/05/26-11:35:53  ... thread 2: (2000,1187000) ops and (1278.9,11670.3) ops/second in (1.563866,101.710868) seconds
2026/05/26-11:35:54  ... thread 3: (3000,1188000) ops and (2311.4,11638.4) ops/second in (1.297911,102.076204) seconds
2026/05/26-11:35:54  ... thread 1: (3000,1188000) ops and (2663.2,11626.8) ops/second in (1.126470,102.177507) seconds
2026/05/26-11:35:54  ... thread 0: (2000,1146000) ops and (1727.8,11197.2) ops/second in (1.157522,102.347159) seconds
2026/05/26-11:35:55  ... thread 3: (1000,1189000) ops and (913.4,11524.6) ops/second in (1.094836,103.171040) seconds
2026/05/26-11:35:55  ... thread 1: (4000,1192000) ops and (3403.9,11533.3) ops/second in (1.175137,103.352644) seconds
2026/05/26-11:35:55  ... thread 2: (3000,1190000) ops and (1695.7,11499.8) ops/second in (1.769184,103.480052) seconds
2026/05/26-11:35:55  ... thread 0: (2000,1148000) ops and (1612.4,11082.4) ops/second in (1.240370,103.587529) seconds
2026/05/26-11:35:56  ... thread 3: (2000,1191000) ops and (1805.3,11421.3) ops/second in (1.107854,104.278894) seconds
2026/05/26-11:35:56  ... thread 1: (3000,1195000) ops and (2839.6,11445.4) ops/second in (1.056470,104.409114) seconds
2026/05/26-11:35:56  ... thread 0: (2000,1150000) ops and (1948.4,10992.8) ops/second in (1.026494,104.614023) seconds
2026/05/26-11:35:57  ... thread 2: (2000,1192000) ops and (1416.9,11364.1) ops/second in (1.411565,104.891617) seconds
2026/05/26-11:35:57  ... thread 1: (3000,1198000) ops and (2679.2,11352.3) ops/second in (1.119745,105.528859) seconds
2026/05/26-11:35:57  ... thread 3: (2000,1193000) ops and (1519.3,11297.9) ops/second in (1.316364,105.595258) seconds
2026/05/26-11:35:57  ... thread 0: (2000,1152000) ops and (1890.8,10901.7) ops/second in (1.057762,105.671785) seconds
2026/05/26-11:35:58  ... thread 2: (3000,1195000) ops and (1949.6,11228.0) ops/second in (1.538766,106.430383) seconds
2026/05/26-11:35:58  ... thread 1: (3000,1201000) ops and (2717.1,11262.9) ops/second in (1.104124,106.632983) seconds
2026/05/26-11:35:58  ... thread 3: (3000,1196000) ops and (2816.6,11213.2) ops/second in (1.065114,106.660372) seconds
2026/05/26-11:35:59  ... thread 0: (2000,1154000) ops and (1462.3,10781.1) ops/second in (1.367697,107.039482) seconds
2026/05/26-11:35:59  ... thread 2: (1000,1196000) ops and (900.8,11121.4) ops/second in (1.110128,107.540511) seconds
2026/05/26-11:35:59  ... thread 3: (2000,1198000) ops and (1906.9,11122.5) ops/second in (1.048806,107.709178) seconds
2026/05/26-11:36:00  ... thread 1: (4000,1205000) ops and (3173.4,11168.4) ops/second in (1.260494,107.893477) seconds
2026/05/26-11:36:00  ... thread 0: (2000,1156000) ops and (1414.2,10658.9) ops/second in (1.414238,108.453720) seconds
2026/05/26-11:36:00  ... thread 2: (3000,1199000) ops and (2480.4,11025.3) ops/second in (1.209485,108.749996) seconds
2026/05/26-11:36:01  ... thread 3: (2000,1200000) ops and (1739.1,11023.4) ops/second in (1.150029,108.859207) seconds
2026/05/26-11:36:01  ... thread 1: (2000,1207000) ops and (1761.1,11070.4) ops/second in (1.135644,109.029121) seconds
2026/05/26-11:36:01  ... thread 0: (3000,1159000) ops and (2379.7,10563.8) ops/second in (1.260683,109.714403) seconds
2026/05/26-11:36:02  ... thread 2: (2000,1201000) ops and (1909.0,10938.3) ops/second in (1.047644,109.797640) seconds
2026/05/26-11:36:02  ... thread 3: (2000,1202000) ops and (1752.5,10927.2) ops/second in (1.141244,110.000451) seconds
2026/05/26-11:36:02  ... thread 1: (3000,1210000) ops and (2422.0,10973.3) ops/second in (1.238627,110.267748) seconds
2026/05/26-11:36:03  ... thread 3: (2000,1204000) ops and (1840.4,10838.3) ops/second in (1.086729,111.087180) seconds
2026/05/26-11:36:03  ... thread 0: (4000,1163000) ops and (2556.6,10451.2) ops/second in (1.564603,111.279006) seconds
2026/05/26-11:36:03  ... thread 1: (2000,1212000) ops and (1665.8,10873.0) ops/second in (1.200624,111.468372) seconds
2026/05/26-11:36:03  ... thread 2: (2000,1203000) ops and (1085.6,10775.7) ops/second in (1.842310,111.639950) seconds
2026/05/26-11:36:04  ... thread 3: (3000,1207000) ops and (2454.8,10747.1) ops/second in (1.222093,112.309273) seconds
2026/05/26-11:36:04  ... thread 0: (3000,1166000) ops and (2149.2,10348.4) ops/second in (1.395870,112.674876) seconds
2026/05/26-11:36:05  ... thread 2: (2000,1205000) ops and (1211.4,10636.3) ops/second in (1.650976,113.290926) seconds
2026/05/26-11:36:05  ... thread 1: (3000,1215000) ops and (1645.1,10724.5) ops/second in (1.823574,113.291946) seconds
2026/05/26-11:36:05  ... thread 3: (3000,1210000) ops and (2290.7,10649.6) ops/second in (1.309663,113.618936) seconds
2026/05/26-11:36:06  ... thread 0: (3000,1169000) ops and (2136.6,10247.3) ops/second in (1.404074,114.078950) seconds
2026/05/26-11:36:06  ... thread 2: (3000,1208000) ops and (2853.2,10564.8) ops/second in (1.051437,114.342363) seconds
2026/05/26-11:36:06  ... thread 1: (3000,1218000) ops and (2054.3,10614.2) ops/second in (1.460341,114.752287) seconds
2026/05/26-11:36:07  ... thread 3: (3000,1213000) ops and (2133.9,10545.5) ops/second in (1.405896,115.024832) seconds
2026/05/26-11:36:07  ... thread 0: (2000,1171000) ops and (1624.8,10155.2) ops/second in (1.230907,115.309857) seconds
2026/05/26-11:36:07  ... thread 2: (3000,1211000) ops and (2746.5,10490.8) ops/second in (1.092296,115.434659) seconds
2026/05/26-11:36:08  ... thread 1: (2000,1220000) ops and (1864.0,10533.1) ops/second in (1.072976,115.825263) seconds
2026/05/26-11:36:08  ... thread 3: (3000,1216000) ops and (2309.9,10453.6) ops/second in (1.298765,116.323597) seconds
2026/05/26-11:36:08  ... thread 0: (2000,1173000) ops and (1682.5,10068.8) ops/second in (1.188692,116.498549) seconds
2026/05/26-11:36:08  ... thread 2: (2000,1213000) ops and (1772.4,10406.4) ops/second in (1.128442,116.563101) seconds
2026/05/26-11:36:09  ... thread 1: (2000,1222000) ops and (1798.7,10450.1) ops/second in (1.111909,116.937172) seconds
2026/05/26-11:36:10  ... thread 3: (3000,1219000) ops and (1956.3,10343.0) ops/second in (1.533491,117.857088) seconds
2026/05/26-11:36:10  ... thread 0: (3000,1176000) ops and (2186.8,9977.1) ops/second in (1.371884,117.870433) seconds
2026/05/26-11:36:10  ... thread 2: (3000,1216000) ops and (2130.8,10307.6) ops/second in (1.407932,117.971033) seconds
2026/05/26-11:36:10  ... thread 1: (2000,1224000) ops and (1633.7,10358.7) ops/second in (1.224207,118.161379) seconds
2026/05/26-11:36:11  ... thread 3: (2000,1221000) ops and (1933.1,10269.9) ops/second in (1.034617,118.891705) seconds
2026/05/26-11:36:11  ... thread 0: (2000,1178000) ops and (1742.0,9897.6) ops/second in (1.148134,119.018567) seconds
2026/05/26-11:36:11  ... thread 1: (2000,1226000) ops and (1810.2,10279.5) ops/second in (1.104828,119.266207) seconds
2026/05/26-11:36:11  ... thread 2: (3000,1219000) ops and (1879.0,10195.1) ops/second in (1.596564,119.567597) seconds
2026/05/26-11:36:12  ... thread 3: (4000,1225000) ops and (2957.1,10187.6) ops/second in (1.352659,120.244364) seconds
2026/05/26-11:36:12  ... thread 0: (3000,1181000) ops and (2386.9,9819.1) ops/second in (1.256868,120.275435) seconds
2026/05/26-11:36:12  ... thread 1: (2000,1228000) ops and (1400.9,10174.5) ops/second in (1.427692,120.693899) seconds
2026/05/26-11:36:13  ... thread 2: (1000,1220000) ops and (768.3,10093.6) ops/second in (1.301526,120.869123) seconds
2026/05/26-11:36:13  ... thread 3: (4000,1229000) ops and (3912.6,10134.7) ops/second in (1.022342,121.266706) seconds
2026/05/26-11:36:13  ... thread 0: (2000,1183000) ops and (1520.2,9729.3) ops/second in (1.315600,121.591035) seconds
2026/05/26-11:36:14  ... thread 1: (2000,1230000) ops and (1494.2,10079.3) ops/second in (1.338509,122.032408) seconds
2026/05/26-11:36:14  ... thread 2: (4000,1224000) ops and (3062.5,10018.4) ops/second in (1.306142,122.175265) seconds
2026/05/26-11:36:14  ... thread 3: (2000,1231000) ops and (1507.4,10041.3) ops/second in (1.326744,122.593450) seconds
2026/05/26-11:36:15  ... thread 0: (2000,1185000) ops and (1390.1,9631.8) ops/second in (1.438788,123.029823) seconds
2026/05/26-11:36:15  ... thread 2: (3000,1227000) ops and (2387.1,9940.7) ops/second in (1.256780,123.432045) seconds
2026/05/26-11:36:15  ... thread 1: (3000,1233000) ops and (1807.8,9968.3) ops/second in (1.659459,123.691867) seconds
2026/05/26-11:36:16  ... thread 3: (3000,1234000) ops and (2384.7,9963.5) ops/second in (1.258030,123.851480) seconds
2026/05/26-11:36:16  ... thread 0: (3000,1188000) ops and (2100.5,9545.4) ops/second in (1.428224,124.458047) seconds
2026/05/26-11:36:16  ... thread 2: (2000,1229000) ops and (1696.8,9862.7) ops/second in (1.178672,124.610717) seconds
2026/05/26-11:36:17  ... thread 1: (3000,1236000) ops and (2683.7,9903.1) ops/second in (1.117840,124.809707) seconds
2026/05/26-11:36:17  ... thread 3: (2000,1236000) ops and (1261.0,9853.5) ops/second in (1.586077,125.437557) seconds
2026/05/26-11:36:17  ... thread 2: (3000,1232000) ops and (2752.7,9801.1) ops/second in (1.089855,125.700572) seconds
2026/05/26-11:36:18  ... thread 1: (2000,1238000) ops and (1678.0,9825.3) ops/second in (1.191906,126.001613) seconds
2026/05/26-11:36:18  ... thread 0: (3000,1191000) ops and (1570.1,9424.8) ops/second in (1.910755,126.368802) seconds
2026/05/26-11:36:18  ... thread 2: (3000,1235000) ops and (2981.7,9746.9) ops/second in (1.006137,126.706709) seconds
2026/05/26-11:36:19  ... thread 1: (3000,1241000) ops and (2741.2,9764.3) ops/second in (1.094412,127.096025) seconds
2026/05/26-11:36:19  ... thread 3: (3000,1239000) ops and (1712.3,9741.4) ops/second in (1.752034,127.189591) seconds
2026/05/26-11:36:19  ... thread 0: (2000,1193000) ops and (1572.3,9346.5) ops/second in (1.272032,127.640834) seconds
2026/05/26-11:36:20  ... thread 2: (3000,1238000) ops and (2218.7,9667.4) ops/second in (1.352150,128.058859) seconds
2026/05/26-11:36:20  ... thread 1: (2000,1243000) ops and (1756.4,9693.2) ops/second in (1.138699,128.234724) seconds
2026/05/26-11:36:20  ... thread 3: (3000,1242000) ops and (2504.1,9673.8) ops/second in (1.198025,128.387616) seconds
2026/05/26-11:36:21  ... thread 0: (3000,1196000) ops and (2527.8,9283.7) ops/second in (1.186818,128.827652) seconds
2026/05/26-11:36:21  ... thread 1: (2000,1245000) ops and (1925.2,9630.7) ops/second in (1.038870,129.273594) seconds
2026/05/26-11:36:21  ... thread 2: (2000,1240000) ops and (1504.2,9583.5) ops/second in (1.329590,129.388449) seconds
2026/05/26-11:36:21  ... thread 3: (2000,1244000) ops and (1622.8,9597.3) ops/second in (1.232443,129.620059) seconds
2026/05/26-11:36:22  ... thread 0: (3000,1199000) ops and (2077.2,9203.8) ops/second in (1.444242,130.271894) seconds
2026/05/26-11:36:22  ... thread 2: (2000,1242000) ops and (1849.8,9519.5) ops/second in (1.081223,130.469672) seconds
2026/05/26-11:36:23  ... thread 1: (3000,1248000) ops and (1891.0,9536.9) ops/second in (1.586493,130.860087) seconds
2026/05/26-11:36:23  ... thread 3: (3000,1247000) ops and (2259.7,9522.9) ops/second in (1.327619,130.947678) seconds
2026/05/26-11:36:23  ... thread 0: (2000,1201000) ops and (1485.5,9124.9) ops/second in (1.346330,131.618224) seconds
2026/05/26-11:36:23  ... thread 2: (3000,1245000) ops and (2552.4,9457.3) ops/second in (1.175348,131.645020) seconds
2026/05/26-11:36:24  ... thread 3: (2000,1249000) ops and (1594.9,9447.7) ops/second in (1.253988,132.201666) seconds
2026/05/26-11:36:24  ... thread 2: (3000,1248000) ops and (2946.7,9407.3) ops/second in (1.018076,132.663096) seconds
2026/05/26-11:36:25  ... thread 0: (4000,1205000) ops and (3115.0,9066.8) ops/second in (1.284116,132.902340) seconds
2026/05/26-11:36:26  ... thread 0: (7000,1212000) ops and (6912.5,9050.5) ops/second in (1.012659,133.914999) seconds
2026/05/26-11:36:27  ... thread 0: (8000,1220000) ops and (7949.6,9042.3) ops/second in (1.006344,134.921343) seconds
2026/05/26-11:36:28  ... thread 0: (8000,1228000) ops and (7957.0,9034.3) ops/second in (1.005410,135.926753) seconds
2026/05/26-11:36:29  ... thread 0: (8000,1236000) ops and (7944.6,9026.3) ops/second in (1.006967,136.933720) seconds
2026/05/26-11:36:30  ... thread 0: (8000,1244000) ops and (7948.9,9018.4) ops/second in (1.006428,137.940148) seconds
Initializing RocksDB Options from the specified file
Initializing RocksDB Options from command-line flags
Integrated BlobDB: blob cache disabled
Keys:       16 bytes each (+ 0 bytes user-defined timestamp)
Values:     1024 bytes each (512 bytes after compression)
Entries:    1250000
Prefix:    0 bytes
Keys per prefix:    0
RawSize:    1239.8 MB (estimated)
FileSize:   629.4 MB (estimated)
Write rate: 0 bytes/second
Read rate: 0 ops/second
Compression: Snappy
Compression sampling rate: 0
Memtablerep: SkipListFactory
Perf Level: 1
WARNING: Assertions are enabled; benchmarks unnecessarily slow
------------------------------------------------
Initializing RocksDB Options from the specified file
Initializing RocksDB Options from command-line flags
Integrated BlobDB: blob cache disabled
DB path: [/tmp/rocksdb_comp_exp_db]
fillrandom   :     107.310 micros/op 36049 ops/sec 138.696 seconds 5000000 operations;   35.8 MB/s
2026/05/26-11:36:44  ... thread 3: (1000,1000) ops and (75.6,75.6) ops/second in (13.221623,13.221623) seconds
2026/05/26-11:36:44  ... thread 2: (1000,1000) ops and (71.5,71.5) ops/second in (13.983875,13.983875) seconds
2026/05/26-11:36:44  ... thread 0: (1000,1000) ops and (71.4,71.4) ops/second in (14.009341,14.009341) seconds
2026/05/26-11:36:44  ... thread 1: (1000,1000) ops and (71.3,71.3) ops/second in (14.020027,14.020027) seconds
2026/05/26-11:36:47  ... thread 3: (1000,2000) ops and (300.2,120.8) ops/second in (3.331529,16.553152) seconds
2026/05/26-11:36:47  ... thread 2: (1000,2000) ops and (388.3,120.8) ops/second in (2.575493,16.559368) seconds
2026/05/26-11:36:47  ... thread 0: (1000,2000) ops and (390.3,120.7) ops/second in (2.562215,16.571556) seconds
2026/05/26-11:36:47  ... thread 1: (1000,2000) ops and (389.2,120.6) ops/second in (2.569363,16.589390) seconds
2026/05/26-11:36:48  ... thread 3: (2000,4000) ops and (1475.6,223.4) ops/second in (1.355410,17.908562) seconds
2026/05/26-11:36:48  ... thread 2: (2000,4000) ops and (1447.1,222.9) ops/second in (1.382043,17.941411) seconds
2026/05/26-11:36:48  ... thread 1: (2000,4000) ops and (1425.0,222.3) ops/second in (1.403505,17.992895) seconds
2026/05/26-11:36:48  ... thread 0: (2000,4000) ops and (1407.1,222.3) ops/second in (1.421375,17.992931) seconds
2026/05/26-11:36:50  ... thread 2: (2000,6000) ops and (1451.1,310.6) ops/second in (1.378268,19.319679) seconds
2026/05/26-11:36:50  ... thread 3: (2000,6000) ops and (1416.1,310.5) ops/second in (1.412314,19.320876) seconds
2026/05/26-11:36:50  ... thread 0: (2000,6000) ops and (1482.4,310.2) ops/second in (1.349188,19.342119) seconds
2026/05/26-11:36:50  ... thread 1: (2000,6000) ops and (1472.5,310.1) ops/second in (1.358250,19.351145) seconds
2026/05/26-11:36:51  ... thread 3: (2000,8000) ops and (1819.6,391.8) ops/second in (1.099126,20.420002) seconds
2026/05/26-11:36:51  ... thread 1: (2000,8000) ops and (1826.0,391.3) ops/second in (1.095289,20.446434) seconds
2026/05/26-11:36:51  ... thread 0: (2000,8000) ops and (1805.1,391.2) ops/second in (1.107951,20.450070) seconds
2026/05/26-11:36:51  ... thread 2: (2000,8000) ops and (1686.3,390.1) ops/second in (1.186043,20.505722) seconds
2026/05/26-11:36:52  ... thread 3: (2000,10000) ops and (1785.7,464.3) ops/second in (1.119998,21.540000) seconds
2026/05/26-11:36:52  ... thread 2: (2000,10000) ops and (1857.7,463.3) ops/second in (1.076627,21.582349) seconds
2026/05/26-11:36:52  ... thread 0: (2000,10000) ops and (1752.4,463.1) ops/second in (1.141298,21.591368) seconds
2026/05/26-11:36:52  ... thread 1: (2000,10000) ops and (1722.8,462.8) ops/second in (1.160894,21.607328) seconds
2026/05/26-11:36:53  ... thread 3: (2000,12000) ops and (1747.3,529.0) ops/second in (1.144607,22.684607) seconds
2026/05/26-11:36:53  ... thread 2: (2000,12000) ops and (1783.4,528.5) ops/second in (1.121478,22.703827) seconds
2026/05/26-11:36:53  ... thread 0: (2000,12000) ops and (1747.2,527.8) ops/second in (1.144672,22.736040) seconds
2026/05/26-11:36:53  ... thread 1: (2000,12000) ops and (1696.9,526.6) ops/second in (1.178635,22.785963) seconds
2026/05/26-11:36:54  ... thread 0: (2000,14000) ops and (1902.5,588.5) ops/second in (1.051237,23.787277) seconds
2026/05/26-11:36:54  ... thread 3: (2000,14000) ops and (1809.2,588.5) ops/second in (1.105450,23.790057) seconds
2026/05/26-11:36:54  ... thread 2: (2000,14000) ops and (1806.1,588.0) ops/second in (1.107352,23.811179) seconds
2026/05/26-11:36:54  ... thread 1: (2000,14000) ops and (1888.1,587.1) ops/second in (1.059292,23.845255) seconds
2026/05/26-11:36:55  ... thread 3: (2000,16000) ops and (1944.5,644.7) ops/second in (1.028567,24.818624) seconds
2026/05/26-11:36:55  ... thread 0: (2000,16000) ops and (1859.4,643.5) ops/second in (1.075634,24.862911) seconds
2026/05/26-11:36:55  ... thread 2: (2000,16000) ops and (1878.4,643.2) ops/second in (1.064764,24.875943) seconds
2026/05/26-11:36:55  ... thread 1: (2000,16000) ops and (1919.3,642.9) ops/second in (1.042045,24.887300) seconds
2026/05/26-11:36:57  ... thread 3: (3000,19000) ops and (2333.8,727.9) ops/second in (1.285442,26.104066) seconds
2026/05/26-11:36:57  ... thread 1: (3000,19000) ops and (2337.9,726.0) ops/second in (1.283230,26.170530) seconds
2026/05/26-11:36:57  ... thread 2: (3000,19000) ops and (2249.1,724.9) ops/second in (1.333857,26.209800) seconds
2026/05/26-11:36:57  ... thread 0: (3000,19000) ops and (2212.6,724.7) ops/second in (1.355851,26.218762) seconds
2026/05/26-11:36:58  ... thread 3: (3000,22000) ops and (2541.4,806.3) ops/second in (1.180429,27.284495) seconds
2026/05/26-11:36:58  ... thread 1: (3000,22000) ops and (2445.2,803.0) ops/second in (1.226882,27.397412) seconds
2026/05/26-11:36:58  ... thread 2: (3000,22000) ops and (2394.9,801.1) ops/second in (1.252677,27.462477) seconds
2026/05/26-11:36:58  ... thread 0: (3000,22000) ops and (2345.0,800.1) ops/second in (1.279321,27.498083) seconds
2026/05/26-11:36:59  ... thread 3: (3000,25000) ops and (2239.1,873.4) ops/second in (1.339816,28.624311) seconds
2026/05/26-11:36:59  ... thread 1: (3000,25000) ops and (2313.6,871.3) ops/second in (1.296675,28.694087) seconds
2026/05/26-11:36:59  ... thread 0: (3000,25000) ops and (2297.6,867.9) ops/second in (1.305685,28.803768) seconds
2026/05/26-11:36:59  ... thread 2: (3000,25000) ops and (2232.9,867.9) ops/second in (1.343533,28.806010) seconds
2026/05/26-11:37:00  ... thread 3: (3000,28000) ops and (2857.8,943.6) ops/second in (1.049753,29.674064) seconds
2026/05/26-11:37:00  ... thread 2: (3000,28000) ops and (2914.1,938.5) ops/second in (1.029483,29.835493) seconds
2026/05/26-11:37:00  ... thread 1: (4000,29000) ops and (3195.5,968.4) ops/second in (1.251741,29.945828) seconds
2026/05/26-11:37:01  ... thread 0: (4000,29000) ops and (3109.0,963.8) ops/second in (1.286591,30.090359) seconds
2026/05/26-11:37:01  ... thread 3: (4000,32000) ops and (3240.8,1035.3) ops/second in (1.234262,30.908326) seconds
2026/05/26-11:37:02  ... thread 2: (4000,32000) ops and (3162.9,1028.9) ops/second in (1.264670,31.100163) seconds
2026/05/26-11:37:02  ... thread 1: (4000,33000) ops and (3274.1,1058.8) ops/second in (1.221717,31.167545) seconds
2026/05/26-11:37:02  ... thread 0: (4000,33000) ops and (3251.5,1053.6) ops/second in (1.230202,31.320561) seconds
2026/05/26-11:37:03  ... thread 3: (4000,36000) ops and (3413.0,1122.2) ops/second in (1.172002,32.080328) seconds
2026/05/26-11:37:03  ... thread 2: (4000,36000) ops and (3475.4,1116.2) ops/second in (1.150963,32.251126) seconds
2026/05/26-11:37:03  ... thread 1: (4000,37000) ops and (3432.2,1144.3) ops/second in (1.165430,32.332975) seconds
2026/05/26-11:37:03  ... thread 0: (4000,37000) ops and (3572.1,1140.6) ops/second in (1.119780,32.440341) seconds
2026/05/26-11:37:04  ... thread 3: (4000,40000) ops and (3614.8,1205.3) ops/second in (1.106568,33.186896) seconds
2026/05/26-11:37:04  ... thread 2: (4000,40000) ops and (3758.1,1200.6) ops/second in (1.064378,33.315504) seconds
2026/05/26-11:37:04  ... thread 1: (4000,41000) ops and (3740.5,1227.5) ops/second in (1.069377,33.402352) seconds
2026/05/26-11:37:04  ... thread 0: (4000,41000) ops and (3823.6,1224.4) ops/second in (1.046144,33.486485) seconds
2026/05/26-11:37:05  ... thread 3: (4000,44000) ops and (3956.6,1286.6) ops/second in (1.010959,34.197855) seconds
2026/05/26-11:37:05  ... thread 2: (4000,44000) ops and (3967.8,1281.9) ops/second in (1.008105,34.323609) seconds
2026/05/26-11:37:05  ... thread 1: (4000,45000) ops and (3965.8,1307.7) ops/second in (1.008620,34.410972) seconds
2026/05/26-11:37:05  ... thread 0: (5000,46000) ops and (4173.4,1326.2) ops/second in (1.198051,34.684536) seconds
2026/05/26-11:37:06  ... thread 3: (4000,48000) ops and (3502.4,1358.2) ops/second in (1.142090,35.339945) seconds
2026/05/26-11:37:06  ... thread 2: (4000,48000) ops and (3583.1,1354.4) ops/second in (1.116353,35.439962) seconds
2026/05/26-11:37:06  ... thread 1: (4000,49000) ops and (3515.5,1378.4) ops/second in (1.137804,35.548776) seconds
2026/05/26-11:37:06  ... thread 0: (4000,50000) ops and (3707.2,1398.1) ops/second in (1.078985,35.763521) seconds
2026/05/26-11:37:07  ... thread 2: (4000,52000) ops and (3945.2,1426.5) ops/second in (1.013890,36.453852) seconds
2026/05/26-11:37:07  ... thread 3: (5000,53000) ops and (4022.5,1448.8) ops/second in (1.243007,36.582952) seconds
2026/05/26-11:37:07  ... thread 1: (5000,54000) ops and (4050.0,1468.1) ops/second in (1.234571,36.783347) seconds
2026/05/26-11:37:07  ... thread 0: (4000,54000) ops and (3904.2,1467.9) ops/second in (1.024542,36.788063) seconds
2026/05/26-11:37:08  ... thread 2: (4000,56000) ops and (3987.2,1495.0) ops/second in (1.003216,37.457068) seconds
2026/05/26-11:37:08  ... thread 3: (5000,58000) ops and (3980.6,1532.8) ops/second in (1.256078,37.839030) seconds
2026/05/26-11:37:08  ... thread 1: (5000,59000) ops and (4221.6,1554.0) ops/second in (1.184380,37.967727) seconds
2026/05/26-11:37:08  ... thread 0: (5000,59000) ops and (4209.4,1553.6) ops/second in (1.187804,37.975867) seconds
2026/05/26-11:37:09  ... thread 2: (5000,61000) ops and (4185.0,1578.2) ops/second in (1.194744,38.651812) seconds
2026/05/26-11:37:09  ... thread 3: (5000,63000) ops and (4147.8,1613.5) ops/second in (1.205455,39.044485) seconds
2026/05/26-11:37:10  ... thread 1: (5000,64000) ops and (4195.4,1634.3) ops/second in (1.191788,39.159515) seconds
2026/05/26-11:37:10  ... thread 0: (5000,64000) ops and (4089.9,1632.7) ops/second in (1.222538,39.198405) seconds
2026/05/26-11:37:10  ... thread 2: (4000,65000) ops and (3980.1,1639.1) ops/second in (1.005001,39.656813) seconds
2026/05/26-11:37:11  ... thread 1: (4000,68000) ops and (3962.9,1692.9) ops/second in (1.009374,40.168889) seconds
2026/05/26-11:37:11  ... thread 3: (5000,68000) ops and (4065.2,1688.4) ops/second in (1.229962,40.274447) seconds
2026/05/26-11:37:11  ... thread 0: (5000,69000) ops and (4174.0,1708.1) ops/second in (1.197904,40.396309) seconds
2026/05/26-11:37:11  ... thread 2: (5000,70000) ops and (3986.0,1711.0) ops/second in (1.254396,40.911209) seconds
2026/05/26-11:37:12  ... thread 1: (4000,72000) ops and (3595.9,1744.1) ops/second in (1.112386,41.281275) seconds
2026/05/26-11:37:12  ... thread 3: (4000,72000) ops and (3784.3,1742.0) ops/second in (1.057007,41.331454) seconds
2026/05/26-11:37:12  ... thread 0: (4000,73000) ops and (3998.5,1763.4) ops/second in (1.000370,41.396679) seconds
2026/05/26-11:37:12  ... thread 2: (5000,75000) ops and (4395.0,1783.6) ops/second in (1.137667,42.048876) seconds
2026/05/26-11:37:13  ... thread 1: (5000,77000) ops and (4360.9,1814.8) ops/second in (1.146542,42.427817) seconds
2026/05/26-11:37:13  ... thread 0: (5000,78000) ops and (4731.4,1837.3) ops/second in (1.056762,42.453441) seconds
2026/05/26-11:37:13  ... thread 3: (5000,77000) ops and (4453.1,1813.7) ops/second in (1.122822,42.454276) seconds
2026/05/26-11:37:14  ... thread 2: (5000,80000) ops and (4597.4,1854.6) ops/second in (1.087580,43.136456) seconds
2026/05/26-11:37:14  ... thread 1: (5000,82000) ops and (4744.1,1885.8) ops/second in (1.053939,43.481756) seconds
2026/05/26-11:37:14  ... thread 0: (5000,83000) ops and (4550.4,1905.8) ops/second in (1.098797,43.552238) seconds
2026/05/26-11:37:14  ... thread 3: (5000,82000) ops and (4300.6,1880.0) ops/second in (1.162616,43.616892) seconds
2026/05/26-11:37:15  ... thread 2: (5000,85000) ops and (4575.2,1921.8) ops/second in (1.092853,44.229309) seconds
2026/05/26-11:37:15  ... thread 0: (5000,88000) ops and (4650.1,1971.9) ops/second in (1.075246,44.627484) seconds
2026/05/26-11:37:15  ... thread 1: (5000,87000) ops and (4355.3,1949.4) ops/second in (1.148019,44.629775) seconds
2026/05/26-11:37:15  ... thread 3: (5000,87000) ops and (4573.9,1945.9) ops/second in (1.093164,44.710056) seconds
2026/05/26-11:37:16  ... thread 2: (5000,90000) ops and (4284.0,1982.5) ops/second in (1.167143,45.396452) seconds
2026/05/26-11:37:16  ... thread 0: (5000,93000) ops and (4642.4,2034.8) ops/second in (1.077022,45.704506) seconds
2026/05/26-11:37:16  ... thread 1: (5000,92000) ops and (4597.6,2012.4) ops/second in (1.087523,45.717298) seconds
2026/05/26-11:37:16  ... thread 3: (5000,92000) ops and (4623.0,2009.1) ops/second in (1.081558,45.791614) seconds
2026/05/26-11:37:17  ... thread 2: (5000,95000) ops and (4792.7,2045.7) ops/second in (1.043246,46.439698) seconds
2026/05/26-11:37:17  ... thread 1: (5000,97000) ops and (4869.6,2075.1) ops/second in (1.026787,46.744085) seconds
2026/05/26-11:37:17  ... thread 3: (5000,97000) ops and (4988.9,2072.9) ops/second in (1.002220,46.793834) seconds
2026/05/26-11:37:17  ... thread 0: (6000,99000) ops and (5164.5,2112.4) ops/second in (1.161768,46.866274) seconds
2026/05/26-11:37:18  ... thread 2: (5000,100000) ops and (4439.0,2102.3) ops/second in (1.126386,47.566084) seconds
DB path: [/tmp/rocksdb_comp_exp_db]
readrandom   :     473.768 micros/op 8409 ops/sec 47.567 seconds 400000 operations;    8.2 MB/s (98212 of 100000 found)

STATISTICS:
rocksdb.block.cache.miss COUNT : 3097297
rocksdb.block.cache.hit COUNT : 25637
rocksdb.block.cache.add COUNT : 632834
rocksdb.block.cache.add.failures COUNT : 0
rocksdb.block.cache.index.miss COUNT : 0
rocksdb.block.cache.index.hit COUNT : 0
rocksdb.block.cache.index.add COUNT : 0
rocksdb.block.cache.index.bytes.insert COUNT : 0
rocksdb.block.cache.filter.miss COUNT : 0
rocksdb.block.cache.filter.hit COUNT : 0
rocksdb.block.cache.filter.add COUNT : 0
rocksdb.block.cache.filter.bytes.insert COUNT : 0
rocksdb.block.cache.data.miss COUNT : 3097297
rocksdb.block.cache.data.hit COUNT : 25637
rocksdb.block.cache.data.add COUNT : 632834
rocksdb.block.cache.data.bytes.insert COUNT : 2723690528
rocksdb.block.cache.bytes.read COUNT : 110341664
rocksdb.block.cache.bytes.write COUNT : 2723690528
rocksdb.block.cache.compression.dict.miss COUNT : 0
rocksdb.block.cache.compression.dict.hit COUNT : 0
rocksdb.block.cache.compression.dict.add COUNT : 0
rocksdb.block.cache.compression.dict.bytes.insert COUNT : 0
rocksdb.block.cache.add.redundant COUNT : 5
rocksdb.block.cache.index.add.redundant COUNT : 0
rocksdb.block.cache.filter.add.redundant COUNT : 0
rocksdb.block.cache.data.add.redundant COUNT : 5
rocksdb.block.cache.compression.dict.add.redundant COUNT : 0
rocksdb.secondary.cache.hits COUNT : 0
rocksdb.secondary.cache.filter.hits COUNT : 0
rocksdb.secondary.cache.index.hits COUNT : 0
rocksdb.secondary.cache.data.hits COUNT : 0
rocksdb.compressed.secondary.cache.dummy.hits COUNT : 0
rocksdb.compressed.secondary.cache.hits COUNT : 0
rocksdb.compressed.secondary.cache.promotions COUNT : 0
rocksdb.compressed.secondary.cache.promotion.skips COUNT : 0
rocksdb.bloom.filter.useful COUNT : 0
rocksdb.bloom.filter.full.positive COUNT : 0
rocksdb.bloom.filter.full.true.positive COUNT : 0
rocksdb.bloom.filter.prefix.checked COUNT : 0
rocksdb.bloom.filter.prefix.useful COUNT : 0
rocksdb.bloom.filter.prefix.true.positive COUNT : 0
rocksdb.persistent.cache.hit COUNT : 0
rocksdb.persistent.cache.miss COUNT : 0
rocksdb.sim.block.cache.hit COUNT : 0
rocksdb.sim.block.cache.miss COUNT : 0
rocksdb.memtable.hit COUNT : 7108
rocksdb.memtable.miss COUNT : 392892
rocksdb.l0.hit COUNT : 2758
rocksdb.l1.hit COUNT : 0
rocksdb.l2andup.hit COUNT : 382747
rocksdb.compaction.key.drop.new COUNT : 3054804
rocksdb.compaction.key.drop.obsolete COUNT : 0
rocksdb.compaction.key.drop.range_del COUNT : 0
rocksdb.compaction.key.drop.user COUNT : 0
rocksdb.compaction.range_del.drop.obsolete COUNT : 0
rocksdb.compaction.optimized.del.drop.obsolete COUNT : 0
rocksdb.compaction.cancelled COUNT : 0
rocksdb.compaction.aborted COUNT : 0
rocksdb.number.keys.written COUNT : 5000000
rocksdb.number.keys.read COUNT : 400000
rocksdb.number.keys.updated COUNT : 0
rocksdb.bytes.written COUNT : 5278156356
rocksdb.bytes.read COUNT : 402035712
rocksdb.number.db.seek COUNT : 0
rocksdb.number.db.next COUNT : 0
rocksdb.number.db.prev COUNT : 0
rocksdb.number.db.seek.found COUNT : 0
rocksdb.number.db.next.found COUNT : 0
rocksdb.number.db.prev.found COUNT : 0
rocksdb.db.iter.bytes.read COUNT : 0
rocksdb.number.iter.skip COUNT : 0
rocksdb.number.reseeks.iteration COUNT : 0
rocksdb.num.iterator.created COUNT : 0
rocksdb.num.iterator.deleted COUNT : 0
rocksdb.no.file.opens COUNT : 151
rocksdb.no.file.errors COUNT : 0
rocksdb.stall.micros COUNT : 102174111
rocksdb.db.mutex.wait.micros COUNT : 0
rocksdb.number.multiget.get COUNT : 0
rocksdb.number.multiget.keys.read COUNT : 0
rocksdb.number.multiget.bytes.read COUNT : 0
rocksdb.number.multiget.keys.found COUNT : 0
rocksdb.number.merge.failures COUNT : 0
rocksdb.getupdatessince.calls COUNT : 0
rocksdb.wal.synced COUNT : 0
rocksdb.wal.bytes COUNT : 5278156356
rocksdb.write.self COUNT : 4846363
rocksdb.write.other COUNT : 153637
rocksdb.write.wal COUNT : 5000000
rocksdb.compact.read.bytes COUNT : 6012209518
rocksdb.compact.write.bytes COUNT : 4164765523
rocksdb.flush.write.bytes COUNT : 2971580880
rocksdb.compact.read.marked.bytes COUNT : 0
rocksdb.compact.read.periodic.bytes COUNT : 0
rocksdb.compact.read.ttl.bytes COUNT : 0
rocksdb.compact.write.marked.bytes COUNT : 0
rocksdb.compact.write.periodic.bytes COUNT : 0
rocksdb.compact.write.ttl.bytes COUNT : 0
rocksdb.number.direct.load.table.properties COUNT : 0
rocksdb.number.superversion_acquires COUNT : 12
rocksdb.number.superversion_releases COUNT : 8
rocksdb.number.superversion_cleanups COUNT : 2
rocksdb.number.block.compressed COUNT : 2921668
rocksdb.number.block.decompressed COUNT : 3097448
rocksdb.bytes.compressed.from COUNT : 12313975417
rocksdb.bytes.compressed.to COUNT : 7121536967
rocksdb.bytes.compression_bypassed COUNT : 0
rocksdb.bytes.compression.rejected COUNT : 0
rocksdb.number.block_compression_bypassed COUNT : 0
rocksdb.number.block_compression_rejected COUNT : 0
rocksdb.bytes.decompressed.from COUNT : 7550314933
rocksdb.bytes.decompressed.to COUNT : 13051413320
rocksdb.merge.operation.time.nanos COUNT : 0
rocksdb.filter.operation.time.nanos COUNT : 0
rocksdb.compaction.total.time.cpu_micros COUNT : 32936655
rocksdb.row.cache.hit COUNT : 0
rocksdb.row.cache.miss COUNT : 0
rocksdb.read.amp.estimate.useful.bytes COUNT : 0
rocksdb.read.amp.total.read.bytes COUNT : 0
rocksdb.number.rate_limiter.drains COUNT : 0
rocksdb.blobdb.num.put COUNT : 0
rocksdb.blobdb.num.write COUNT : 0
rocksdb.blobdb.num.get COUNT : 0
rocksdb.blobdb.num.multiget COUNT : 0
rocksdb.blobdb.num.seek COUNT : 0
rocksdb.blobdb.num.next COUNT : 0
rocksdb.blobdb.num.prev COUNT : 0
rocksdb.blobdb.num.keys.written COUNT : 0
rocksdb.blobdb.num.keys.read COUNT : 0
rocksdb.blobdb.bytes.written COUNT : 0
rocksdb.blobdb.bytes.read COUNT : 0
rocksdb.blobdb.write.inlined COUNT : 0
rocksdb.blobdb.write.inlined.ttl COUNT : 0
rocksdb.blobdb.write.blob COUNT : 0
rocksdb.blobdb.write.blob.ttl COUNT : 0
rocksdb.blobdb.blob.file.bytes.written COUNT : 0
rocksdb.blobdb.blob.file.bytes.read COUNT : 0
rocksdb.blobdb.blob.file.synced COUNT : 0
rocksdb.blobdb.blob.index.expired.count COUNT : 0
rocksdb.blobdb.blob.index.expired.size COUNT : 0
rocksdb.blobdb.blob.index.evicted.count COUNT : 0
rocksdb.blobdb.blob.index.evicted.size COUNT : 0
rocksdb.blobdb.gc.num.files COUNT : 0
rocksdb.blobdb.gc.num.new.files COUNT : 0
rocksdb.blobdb.gc.failures COUNT : 0
rocksdb.blobdb.gc.num.keys.relocated COUNT : 0
rocksdb.blobdb.gc.bytes.relocated COUNT : 0
rocksdb.blobdb.fifo.num.files.evicted COUNT : 0
rocksdb.blobdb.fifo.num.keys.evicted COUNT : 0
rocksdb.blobdb.fifo.bytes.evicted COUNT : 0
rocksdb.blobdb.cache.miss COUNT : 0
rocksdb.blobdb.cache.hit COUNT : 0
rocksdb.blobdb.cache.add COUNT : 0
rocksdb.blobdb.cache.add.failures COUNT : 0
rocksdb.blobdb.cache.bytes.read COUNT : 0
rocksdb.blobdb.cache.bytes.write COUNT : 0
rocksdb.txn.overhead.mutex.prepare COUNT : 0
rocksdb.txn.overhead.mutex.old.commit.map COUNT : 0
rocksdb.txn.overhead.duplicate.key COUNT : 0
rocksdb.txn.overhead.mutex.snapshot COUNT : 0
rocksdb.txn.get.tryagain COUNT : 0
rocksdb.files.marked.trash COUNT : 0
rocksdb.files.marked.trash.deleted COUNT : 0
rocksdb.files.deleted.immediately COUNT : 201
rocksdb.error.handler.bg.error.count COUNT : 0
rocksdb.error.handler.bg.io.error.count COUNT : 0
rocksdb.error.handler.bg.retryable.io.error.count COUNT : 0
rocksdb.error.handler.autoresume.count COUNT : 0
rocksdb.error.handler.autoresume.retry.total.count COUNT : 0
rocksdb.error.handler.autoresume.success.count COUNT : 0
rocksdb.memtable.payload.bytes.at.flush COUNT : 5217232200
rocksdb.memtable.garbage.bytes.at.flush COUNT : 127999576
rocksdb.verify_checksum.read.bytes COUNT : 0
rocksdb.backup.read.bytes COUNT : 0
rocksdb.backup.write.bytes COUNT : 0
rocksdb.remote.compact.read.bytes COUNT : 0
rocksdb.remote.compact.write.bytes COUNT : 0
rocksdb.remote.compact.resumed.bytes COUNT : 0
rocksdb.hot.file.read.bytes COUNT : 0
rocksdb.warm.file.read.bytes COUNT : 0
rocksdb.cool.file.read.bytes COUNT : 0
rocksdb.cold.file.read.bytes COUNT : 0
rocksdb.ice.file.read.bytes COUNT : 0
rocksdb.hot.file.read.count COUNT : 0
rocksdb.warm.file.read.count COUNT : 0
rocksdb.cool.file.read.count COUNT : 0
rocksdb.cold.file.read.count COUNT : 0
rocksdb.ice.file.read.count COUNT : 0
rocksdb.last.level.read.bytes COUNT : 2114212545
rocksdb.last.level.read.count COUNT : 868887
rocksdb.non.last.level.read.bytes COUNT : 5451779314
rocksdb.non.last.level.read.count COUNT : 2229014
rocksdb.last.level.seek.filtered COUNT : 0
rocksdb.last.level.seek.filter.match COUNT : 0
rocksdb.last.level.seek.data COUNT : 0
rocksdb.last.level.seek.data.useful.no.filter COUNT : 0
rocksdb.last.level.seek.data.useful.filter.match COUNT : 0
rocksdb.non.last.level.seek.filtered COUNT : 0
rocksdb.non.last.level.seek.filter.match COUNT : 0
rocksdb.non.last.level.seek.data COUNT : 0
rocksdb.non.last.level.seek.data.useful.no.filter COUNT : 0
rocksdb.non.last.level.seek.data.useful.filter.match COUNT : 0
rocksdb.block.checksum.compute.count COUNT : 3097599
rocksdb.block.checksum.mismatch.count COUNT : 0
rocksdb.multiget.coroutine.count COUNT : 0
rocksdb.read.async.micros COUNT : 0
rocksdb.async.read.error.count COUNT : 0
rocksdb.table.open.prefetch.tail.miss COUNT : 0
rocksdb.table.open.prefetch.tail.hit COUNT : 0
rocksdb.timestamp.filter.table.checked COUNT : 0
rocksdb.timestamp.filter.table.filtered COUNT : 0
rocksdb.readahead.trimmed COUNT : 0
rocksdb.fifo.max.size.compactions COUNT : 0
rocksdb.fifo.ttl.compactions COUNT : 0
rocksdb.fifo.change_temperature.compactions COUNT : 0
rocksdb.prefetch.bytes COUNT : 0
rocksdb.prefetch.bytes.useful COUNT : 0
rocksdb.prefetch.hits COUNT : 0
rocksdb.footer.corruption.count COUNT : 0
rocksdb.file.read.corruption.retry.count COUNT : 0
rocksdb.file.read.corruption.retry.success.count COUNT : 0
rocksdb.number.wbwi.ingest COUNT : 0
rocksdb.sst.user.defined.index.load.fail.count COUNT : 0
rocksdb.multiscan.prepare.calls COUNT : 0
rocksdb.multiscan.prepare.errors COUNT : 0
rocksdb.multiscan.blocks.prefetched COUNT : 0
rocksdb.multiscan.blocks.from.cache COUNT : 0
rocksdb.multiscan.prefetch.bytes COUNT : 0
rocksdb.multiscan.prefetch.blocks.wasted COUNT : 0
rocksdb.multiscan.io.requests COUNT : 0
rocksdb.multiscan.io.coalesced.nonadjacent COUNT : 0
rocksdb.multiscan.seek.errors COUNT : 0
rocksdb.prefetch.memory.bytes.granted COUNT : 0
rocksdb.prefetch.memory.bytes.released COUNT : 0
rocksdb.prefetch.memory.requests.blocked COUNT : 0
rocksdb.read.path.range.tombstones.inserted COUNT : 0
rocksdb.read.path.range.tombstones.discarded COUNT : 0
rocksdb.file.open.metadata.retrieved COUNT : 0
rocksdb.file.open.metadata.passed COUNT : 0
rocksdb.manifest.validation.failure.count COUNT : 0
rocksdb.db.get.micros P50 : 16.888447 P95 : 1486.102787 P99 : 2736.784141 P100 : 616083.000000 COUNT : 400000 SUM : 189220260
rocksdb.db.write.micros P50 : 5.099914 P95 : 61.322413 P99 : 1276.401639 P100 : 868603.000000 COUNT : 5000000 SUM : 532883889
rocksdb.compaction.times.micros P50 : 2900000.000000 P95 : 51500000.000000 P99 : 59524575.000000 P100 : 59524575.000000 COUNT : 18 SUM : 151231607
rocksdb.compaction.times.cpu_micros P50 : 715000.000000 P95 : 9988142.000000 P99 : 9988142.000000 P100 : 9988142.000000 COUNT : 18 SUM : 32936655
rocksdb.subcompaction.setup.times.micros P50 : 0.000000 P95 : 0.000000 P99 : 0.000000 P100 : 0.000000 COUNT : 0 SUM : 0
rocksdb.table.sync.micros P50 : 365555.555556 P95 : 933757.000000 P99 : 933757.000000 P100 : 933757.000000 COUNT : 80 SUM : 44230907
rocksdb.compaction.outfile.sync.micros P50 : 718020.833333 P95 : 1094585.000000 P99 : 1094585.000000 P100 : 1094585.000000 COUNT : 71 SUM : 45220897
rocksdb.wal.file.sync.micros P50 : 0.000000 P95 : 0.000000 P99 : 0.000000 P100 : 0.000000 COUNT : 0 SUM : 0
rocksdb.manifest.file.sync.micros P50 : 5639.436620 P95 : 19066.666667 P99 : 568100.000000 P100 : 593340.000000 COUNT : 102 SUM : 2237756
rocksdb.table.open.io.micros P50 : 681.226415 P95 : 5348.750000 P99 : 7160.000000 P100 : 7160.000000 COUNT : 151 SUM : 166809
rocksdb.db.multiget.micros P50 : 0.000000 P95 : 0.000000 P99 : 0.000000 P100 : 0.000000 COUNT : 0 SUM : 0
rocksdb.read.block.compaction.micros P50 : 3.097394 P95 : 7.912945 P99 : 1153.204412 P100 : 325748.000000 COUNT : 2464463 SUM : 80249125
rocksdb.read.block.get.micros P50 : 5.949684 P95 : 1269.233243 P99 : 1807.081644 P100 : 446465.000000 COUNT : 632985 SUM : 185187688
rocksdb.write.raw.block.micros P50 : 0.531684 P95 : 1.226269 P99 : 2.727918 P100 : 13368.000000 COUNT : 2921970 SUM : 7992578
rocksdb.numfiles.in.singlecompaction P50 : 4.000000 P95 : 28.600000 P99 : 29.000000 P100 : 29.000000 COUNT : 36 SUM : 268
rocksdb.db.seek.micros P50 : 0.000000 P95 : 0.000000 P99 : 0.000000 P100 : 0.000000 COUNT : 0 SUM : 0
rocksdb.db.write.stall P50 : 1095.730274 P95 : 1298.887521 P99 : 2644.629546 P100 : 863588.000000 COUNT : 66371 SUM : 102174111
rocksdb.sst.read.micros P50 : 0.790847 P95 : 722.673775 P99 : 1509.443094 P100 : 446426.000000 COUNT : 3097901 SUM : 254570205
rocksdb.file.read.flush.micros P50 : 3.642857 P95 : 65.583333 P99 : 107.733333 P100 : 3880.000000 COUNT : 320 SUM : 11733
rocksdb.file.read.compaction.micros P50 : 0.681796 P95 : 3.468365 P99 : 1128.610722 P100 : 325725.000000 COUNT : 2464747 SUM : 73261699
rocksdb.file.read.db.open.micros P50 : 0.000000 P95 : 0.000000 P99 : 0.000000 P100 : 0.000000 COUNT : 0 SUM : 0
rocksdb.file.read.get.micros P50 : 0.000000 P95 : 0.000000 P99 : 0.000000 P100 : 0.000000 COUNT : 0 SUM : 0
rocksdb.file.read.multiget.micros P50 : 0.000000 P95 : 0.000000 P99 : 0.000000 P100 : 0.000000 COUNT : 0 SUM : 0
rocksdb.file.read.db.iterator.micros P50 : 0.000000 P95 : 0.000000 P99 : 0.000000 P100 : 0.000000 COUNT : 0 SUM : 0
rocksdb.file.read.verify.db.checksum.micros P50 : 0.000000 P95 : 0.000000 P99 : 0.000000 P100 : 0.000000 COUNT : 0 SUM : 0
rocksdb.file.read.verify.file.checksums.micros P50 : 0.000000 P95 : 0.000000 P99 : 0.000000 P100 : 0.000000 COUNT : 0 SUM : 0
rocksdb.sst.write.micros P50 : 0.503026 P95 : 0.955749 P99 : 0.995991 P100 : 13367.000000 COUNT : 5844091 SUM : 6522961
rocksdb.file.write.flush.micros P50 : 0.502393 P95 : 0.954546 P99 : 0.994738 P100 : 6659.000000 COUNT : 2428692 SUM : 2842544
rocksdb.file.write.compaction.micros P50 : 0.503477 P95 : 0.956607 P99 : 0.996885 P100 : 13367.000000 COUNT : 3415399 SUM : 3680417
rocksdb.file.write.db.open.micros P50 : 0.000000 P95 : 0.000000 P99 : 0.000000 P100 : 0.000000 COUNT : 0 SUM : 0
rocksdb.num.subcompactions.scheduled P50 : 0.000000 P95 : 0.000000 P99 : 0.000000 P100 : 0.000000 COUNT : 0 SUM : 0
rocksdb.bytes.per.read P50 : 1024.000000 P95 : 1024.000000 P99 : 1024.000000 P100 : 1024.000000 COUNT : 400000 SUM : 402035712
rocksdb.bytes.per.write P50 : 1088.718661 P95 : 1285.565456 P99 : 2833.827843 P100 : 4188.000000 COUNT : 4846363 SUM : 5278156356
rocksdb.bytes.per.multiget P50 : 0.000000 P95 : 0.000000 P99 : 0.000000 P100 : 0.000000 COUNT : 0 SUM : 0
rocksdb.compression.times.nanos P50 : 0.000000 P95 : 0.000000 P99 : 0.000000 P100 : 0.000000 COUNT : 0 SUM : 0
rocksdb.decompression.times.nanos P50 : 0.000000 P95 : 0.000000 P99 : 0.000000 P100 : 0.000000 COUNT : 0 SUM : 0
rocksdb.read.num.merge_operands P50 : 0.000000 P95 : 0.000000 P99 : 0.000000 P100 : 0.000000 COUNT : 0 SUM : 0
rocksdb.blobdb.key.size P50 : 0.000000 P95 : 0.000000 P99 : 0.000000 P100 : 0.000000 COUNT : 0 SUM : 0
rocksdb.blobdb.value.size P50 : 0.000000 P95 : 0.000000 P99 : 0.000000 P100 : 0.000000 COUNT : 0 SUM : 0
rocksdb.blobdb.write.micros P50 : 0.000000 P95 : 0.000000 P99 : 0.000000 P100 : 0.000000 COUNT : 0 SUM : 0
rocksdb.blobdb.get.micros P50 : 0.000000 P95 : 0.000000 P99 : 0.000000 P100 : 0.000000 COUNT : 0 SUM : 0
rocksdb.blobdb.multiget.micros P50 : 0.000000 P95 : 0.000000 P99 : 0.000000 P100 : 0.000000 COUNT : 0 SUM : 0
rocksdb.blobdb.seek.micros P50 : 0.000000 P95 : 0.000000 P99 : 0.000000 P100 : 0.000000 COUNT : 0 SUM : 0
rocksdb.blobdb.next.micros P50 : 0.000000 P95 : 0.000000 P99 : 0.000000 P100 : 0.000000 COUNT : 0 SUM : 0
rocksdb.blobdb.prev.micros P50 : 0.000000 P95 : 0.000000 P99 : 0.000000 P100 : 0.000000 COUNT : 0 SUM : 0
rocksdb.blobdb.blob.file.write.micros P50 : 0.000000 P95 : 0.000000 P99 : 0.000000 P100 : 0.000000 COUNT : 0 SUM : 0
rocksdb.blobdb.blob.file.read.micros P50 : 0.000000 P95 : 0.000000 P99 : 0.000000 P100 : 0.000000 COUNT : 0 SUM : 0
rocksdb.blobdb.blob.file.sync.micros P50 : 0.000000 P95 : 0.000000 P99 : 0.000000 P100 : 0.000000 COUNT : 0 SUM : 0
rocksdb.blobdb.compression.micros P50 : 0.000000 P95 : 0.000000 P99 : 0.000000 P100 : 0.000000 COUNT : 0 SUM : 0
rocksdb.blobdb.decompression.micros P50 : 0.000000 P95 : 0.000000 P99 : 0.000000 P100 : 0.000000 COUNT : 0 SUM : 0
rocksdb.db.flush.micros P50 : 622727.272727 P95 : 1187857.142857 P99 : 1253916.000000 P100 : 1253916.000000 COUNT : 80 SUM : 59738624
rocksdb.sst.batch.size P50 : 0.000000 P95 : 0.000000 P99 : 0.000000 P100 : 0.000000 COUNT : 0 SUM : 0
rocksdb.multiget.io.batch.size P50 : 0.000000 P95 : 0.000000 P99 : 0.000000 P100 : 0.000000 COUNT : 0 SUM : 0
rocksdb.num.index.and.filter.blocks.read.per.level P50 : 0.000000 P95 : 0.000000 P99 : 0.000000 P100 : 0.000000 COUNT : 0 SUM : 0
rocksdb.num.sst.read.per.level P50 : 0.000000 P95 : 0.000000 P99 : 0.000000 P100 : 0.000000 COUNT : 0 SUM : 0
rocksdb.num.level.read.per.multiget P50 : 0.000000 P95 : 0.000000 P99 : 0.000000 P100 : 0.000000 COUNT : 0 SUM : 0
rocksdb.error.handler.autoresume.retry.count P50 : 0.000000 P95 : 0.000000 P99 : 0.000000 P100 : 0.000000 COUNT : 0 SUM : 0
rocksdb.async.read.bytes P50 : 0.000000 P95 : 0.000000 P99 : 0.000000 P100 : 0.000000 COUNT : 0 SUM : 0
rocksdb.poll.wait.micros P50 : 0.000000 P95 : 0.000000 P99 : 0.000000 P100 : 0.000000 COUNT : 0 SUM : 0
rocksdb.compaction.prefetch.bytes P50 : 0.000000 P95 : 0.000000 P99 : 0.000000 P100 : 0.000000 COUNT : 0 SUM : 0
rocksdb.prefetched.bytes.discarded P50 : 0.000000 P95 : 0.000000 P99 : 0.000000 P100 : 0.000000 COUNT : 0 SUM : 0
rocksdb.async.prefetch.abort.micros P50 : 0.000000 P95 : 0.000000 P99 : 0.000000 P100 : 0.000000 COUNT : 0 SUM : 0
rocksdb.table.open.prefetch.tail.read.bytes P50 : 0.000000 P95 : 0.000000 P99 : 0.000000 P100 : 0.000000 COUNT : 0 SUM : 0
rocksdb.num.op.per.transaction P50 : 0.000000 P95 : 0.000000 P99 : 0.000000 P100 : 0.000000 COUNT : 0 SUM : 0
rocksdb.multiscan.op.prepare.iterators.micros P50 : 0.000000 P95 : 0.000000 P99 : 0.000000 P100 : 0.000000 COUNT : 0 SUM : 0
rocksdb.multiscan.prepare.micros P50 : 0.000000 P95 : 0.000000 P99 : 0.000000 P100 : 0.000000 COUNT : 0 SUM : 0
rocksdb.multiscan.blocks.per.prepare P50 : 0.000000 P95 : 0.000000 P99 : 0.000000 P100 : 0.000000 COUNT : 0 SUM : 0
rocksdb.block.key.distribution.cv P50 : 0.000000 P95 : 0.000000 P99 : 0.000000 P100 : 0.000000 COUNT : 0 SUM : 0

[EXPERIMENT_COMPLETED]
