RocksDB:    version 11.3.0
Date:       Tue May 26 10:47:52 2026
CPU:        2 * Intel Xeon Processor (SapphireRapids)
CPUCache:   16384 KB
2026/05/26-10:47:53  ... thread 3: (39000,39000) ops and (38742.3,38742.3) ops/second in (1.006651,1.006651) seconds
2026/05/26-10:47:53  ... thread 0: (32000,32000) ops and (31843.1,31843.1) ops/second in (1.004928,1.004928) seconds
2026/05/26-10:47:53  ... thread 2: (34000,34000) ops and (33610.6,33610.6) ops/second in (1.011587,1.011587) seconds
2026/05/26-10:47:53  ... thread 1: (33000,33000) ops and (32555.1,32555.1) ops/second in (1.013667,1.013667) seconds
2026/05/26-10:47:55  ... thread 1: (27000,60000) ops and (16457.6,22605.3) ops/second in (1.640577,2.654244) seconds
2026/05/26-10:47:55  ... thread 0: (30000,62000) ops and (18205.3,23371.5) ops/second in (1.647874,2.652802) seconds
2026/05/26-10:47:55  ... thread 3: (28000,67000) ops and (16827.6,25088.2) ops/second in (1.663930,2.670581) seconds
2026/05/26-10:47:55  ... thread 2: (28000,62000) ops and (16739.0,23097.0) ops/second in (1.672741,2.684328) seconds
2026/05/26-10:47:56  ... thread 0: (30000,92000) ops and (29966.9,25178.5) ops/second in (1.001104,3.653906) seconds
2026/05/26-10:47:56  ... thread 1: (29000,89000) ops and (28867.4,24324.7) ops/second in (1.004595,3.658839) seconds
2026/05/26-10:47:56  ... thread 3: (30000,97000) ops and (29636.1,26338.2) ops/second in (1.012279,3.682860) seconds
2026/05/26-10:47:56  ... thread 2: (28000,90000) ops and (27436.1,24292.3) ops/second in (1.020555,3.704883) seconds
2026/05/26-10:47:57  ... thread 1: (11000,100000) ops and (10851.2,21401.6) ops/second in (1.013710,4.672549) seconds
2026/05/26-10:47:57  ... thread 0: (12000,104000) ops and (11778.5,22256.9) ops/second in (1.018809,4.672715) seconds
2026/05/26-10:47:57  ... thread 2: (13000,103000) ops and (12909.0,21859.4) ops/second in (1.007052,4.711935) seconds
2026/05/26-10:47:57  ... thread 3: (12000,109000) ops and (11583.4,23099.0) ops/second in (1.035964,4.718824) seconds
2026/05/26-10:47:58  ... thread 2: (21000,124000) ops and (16719.0,20777.5) ops/second in (1.256057,5.967992) seconds
2026/05/26-10:47:58  ... thread 0: (21000,125000) ops and (16255.4,20957.0) ops/second in (1.291879,5.964594) seconds
2026/05/26-10:47:58  ... thread 1: (20000,120000) ops and (15217.5,20044.0) ops/second in (1.314273,5.986822) seconds
2026/05/26-10:47:58  ... thread 3: (22000,131000) ops and (17158.6,21829.8) ops/second in (1.282153,6.000977) seconds
2026/05/26-10:47:59  ... thread 2: (16000,140000) ops and (13749.0,19630.6) ops/second in (1.163717,7.131709) seconds
2026/05/26-10:47:59  ... thread 3: (15000,146000) ops and (13167.6,20447.8) ops/second in (1.139156,7.140133) seconds
2026/05/26-10:47:59  ... thread 0: (17000,142000) ops and (14471.3,19889.8) ops/second in (1.174736,7.139330) seconds
2026/05/26-10:47:59  ... thread 1: (15000,135000) ops and (12931.2,18889.6) ops/second in (1.159983,7.146805) seconds
2026/05/26-10:48:01  ... thread 2: (30000,170000) ops and (19905.6,19678.6) ops/second in (1.507116,8.638825) seconds
2026/05/26-10:48:01  ... thread 3: (30000,176000) ops and (19929.5,20357.6) ops/second in (1.505306,8.645439) seconds
2026/05/26-10:48:01  ... thread 1: (34000,169000) ops and (22681.1,19546.9) ops/second in (1.499048,8.645853) seconds
2026/05/26-10:48:01  ... thread 0: (29000,171000) ops and (19136.3,19757.9) ops/second in (1.515444,8.654774) seconds
2026/05/26-10:48:02  ... thread 2: (17000,187000) ops and (14520.2,19062.9) ops/second in (1.170783,9.809608) seconds
2026/05/26-10:48:02  ... thread 1: (16000,185000) ops and (13753.0,18859.8) ops/second in (1.163380,9.809233) seconds
2026/05/26-10:48:02  ... thread 0: (13000,184000) ops and (11226.3,18751.1) ops/second in (1.157992,9.812766) seconds
2026/05/26-10:48:02  ... thread 3: (16000,192000) ops and (13580.7,19544.8) ops/second in (1.178146,9.823585) seconds
2026/05/26-10:48:03  ... thread 2: (24000,211000) ops and (23983.6,19518.4) ops/second in (1.000682,10.810290) seconds
2026/05/26-10:48:03  ... thread 1: (26000,211000) ops and (25882.2,19512.1) ops/second in (1.004550,10.813783) seconds
2026/05/26-10:48:03  ... thread 0: (26000,210000) ops and (25752.1,19404.2) ops/second in (1.009627,10.822393) seconds
2026/05/26-10:48:03  ... thread 3: (26000,218000) ops and (25531.1,20107.1) ops/second in (1.018364,10.841949) seconds
2026/05/26-10:48:05  ... thread 2: (21000,232000) ops and (10468.1,18101.8) ops/second in (2.006091,12.816381) seconds
2026/05/26-10:48:05  ... thread 0: (21000,231000) ops and (10449.3,18001.7) ops/second in (2.009709,12.832102) seconds
2026/05/26-10:48:05  ... thread 3: (20000,238000) ops and (9984.8,18528.6) ops/second in (2.003050,12.844999) seconds
2026/05/26-10:48:05  ... thread 1: (24000,235000) ops and (11819.5,18296.0) ops/second in (2.030542,12.844325) seconds
2026/05/26-10:48:06  ... thread 2: (29000,261000) ops and (28785.8,18880.5) ops/second in (1.007441,13.823822) seconds
2026/05/26-10:48:06  ... thread 0: (31000,262000) ops and (30974.9,18940.3) ops/second in (1.000811,13.832913) seconds
2026/05/26-10:48:06  ... thread 3: (27000,265000) ops and (26382.5,19108.2) ops/second in (1.023406,13.868405) seconds
2026/05/26-10:48:07  ... thread 0: (2000,264000) ops and (1734.6,17616.5) ops/second in (1.153019,14.985932) seconds
2026/05/26-10:48:07  ... thread 1: (30000,265000) ops and (13928.3,17668.8) ops/second in (2.153887,14.998212) seconds
2026/05/26-10:48:07  ... thread 3: (1000,266000) ops and (868.2,17709.4) ops/second in (1.151840,15.020245) seconds
2026/05/26-10:48:07  ... thread 2: (4000,265000) ops and (3338.7,17640.9) ops/second in (1.198086,15.021908) seconds
2026/05/26-10:48:08  ... thread 1: (21000,286000) ops and (20487.3,17849.1) ops/second in (1.025026,16.023238) seconds
2026/05/26-10:48:08  ... thread 2: (24000,289000) ops and (23887.7,18032.5) ops/second in (1.004701,16.026609) seconds
2026/05/26-10:48:08  ... thread 0: (23000,287000) ops and (22077.7,17906.5) ops/second in (1.041776,16.027708) seconds
2026/05/26-10:48:08  ... thread 3: (26000,292000) ops and (25390.1,18199.6) ops/second in (1.024023,16.044268) seconds
2026/05/26-10:48:09  ... thread 1: (22000,308000) ops and (21774.0,18081.9) ops/second in (1.010380,17.033618) seconds
2026/05/26-10:48:09  ... thread 2: (23000,312000) ops and (22541.1,18302.4) ops/second in (1.020357,17.046966) seconds
2026/05/26-10:48:10  ... thread 3: (21000,313000) ops and (12123.4,17607.6) ops/second in (1.732185,17.776453) seconds
2026/05/26-10:48:10  ... thread 0: (24000,311000) ops and (13689.2,17490.7) ops/second in (1.753213,17.780921) seconds
2026/05/26-10:48:10  ... thread 2: (8000,320000) ops and (7990.7,17730.4) ops/second in (1.001164,18.048130) seconds
2026/05/26-10:48:10  ... thread 1: (7000,315000) ops and (6857.3,17447.2) ops/second in (1.020816,18.054434) seconds
2026/05/26-10:48:11  ... thread 3: (17000,330000) ops and (13707.0,17353.2) ops/second in (1.240239,19.016692) seconds
2026/05/26-10:48:11  ... thread 0: (15000,326000) ops and (11948.2,17125.1) ops/second in (1.255424,19.036345) seconds
2026/05/26-10:48:11  ... thread 2: (9000,329000) ops and (8914.3,17263.3) ops/second in (1.009617,19.057747) seconds
2026/05/26-10:48:11  ... thread 1: (11000,326000) ops and (10743.9,17087.5) ops/second in (1.023838,19.078272) seconds
2026/05/26-10:48:12  ... thread 3: (22000,352000) ops and (21591.1,17568.7) ops/second in (1.018939,20.035631) seconds
2026/05/26-10:48:12  ... thread 0: (21000,347000) ops and (20197.4,17284.2) ops/second in (1.039740,20.076085) seconds
2026/05/26-10:48:12  ... thread 1: (25000,351000) ops and (24943.7,17479.6) ops/second in (1.002258,20.080530) seconds
2026/05/26-10:48:12  ... thread 2: (26000,355000) ops and (24214.5,17634.1) ops/second in (1.073735,20.131482) seconds
2026/05/26-10:48:15  ... thread 3: (24000,376000) ops and (8925.5,16546.0) ops/second in (2.688913,22.724544) seconds
2026/05/26-10:48:15  ... thread 2: (20000,375000) ops and (7667.6,16490.9) ops/second in (2.608379,22.739861) seconds
2026/05/26-10:48:15  ... thread 1: (23000,374000) ops and (8633.5,16443.5) ops/second in (2.664030,22.744560) seconds
2026/05/26-10:48:15  ... thread 0: (24000,371000) ops and (9006.0,16314.2) ops/second in (2.664878,22.740963) seconds
2026/05/26-10:48:16  ... thread 1: (12000,386000) ops and (9262.0,16056.5) ops/second in (1.295613,24.040173) seconds
2026/05/26-10:48:16  ... thread 3: (18000,394000) ops and (13607.2,16384.3) ops/second in (1.322832,24.047376) seconds
2026/05/26-10:48:16  ... thread 0: (13000,384000) ops and (9824.2,15957.3) ops/second in (1.323269,24.064232) seconds
2026/05/26-10:48:16  ... thread 2: (19000,394000) ops and (14097.4,16356.9) ops/second in (1.347770,24.087631) seconds
2026/05/26-10:48:17  ... thread 3: (12000,406000) ops and (11048.9,16153.8) ops/second in (1.086081,25.133457) seconds
2026/05/26-10:48:17  ... thread 1: (18000,404000) ops and (16227.2,16064.0) ops/second in (1.109252,25.149425) seconds
2026/05/26-10:48:17  ... thread 2: (14000,408000) ops and (13089.2,16218.0) ops/second in (1.069582,25.157213) seconds
2026/05/26-10:48:17  ... thread 0: (18000,402000) ops and (16392.7,15976.3) ops/second in (1.098048,25.162280) seconds
2026/05/26-10:48:19  ... thread 3: (15000,421000) ops and (13892.3,16060.6) ops/second in (1.079738,26.213195) seconds
2026/05/26-10:48:19  ... thread 0: (17000,419000) ops and (16099.2,15981.2) ops/second in (1.055952,26.218232) seconds
2026/05/26-10:48:19  ... thread 2: (17000,425000) ops and (15888.0,16204.6) ops/second in (1.069987,26.227200) seconds
2026/05/26-10:48:19  ... thread 1: (13000,417000) ops and (11957.3,15893.8) ops/second in (1.087204,26.236629) seconds
2026/05/26-10:48:20  ... thread 0: (26000,445000) ops and (25881.1,16346.6) ops/second in (1.004594,27.222826) seconds
2026/05/26-10:48:20  ... thread 1: (23000,440000) ops and (22700.5,16146.9) ops/second in (1.013194,27.249823) seconds
2026/05/26-10:48:20  ... thread 2: (23000,448000) ops and (22408.6,16438.2) ops/second in (1.026391,27.253591) seconds
2026/05/26-10:48:20  ... thread 3: (23000,444000) ops and (22036.1,16289.4) ops/second in (1.043741,27.256936) seconds
2026/05/26-10:48:21  ... thread 0: (21000,466000) ops and (20303.8,16491.4) ops/second in (1.034289,28.257115) seconds
2026/05/26-10:48:21  ... thread 3: (27000,471000) ops and (26882.0,16665.9) ops/second in (1.004390,28.261326) seconds
2026/05/26-10:48:21  ... thread 1: (26000,466000) ops and (25564.4,16485.7) ops/second in (1.017038,28.266861) seconds
2026/05/26-10:48:21  ... thread 2: (30000,478000) ops and (29376.1,16905.5) ops/second in (1.021239,28.274830) seconds
2026/05/26-10:48:22  ... thread 1: (31000,497000) ops and (21314.1,16722.0) ops/second in (1.454434,29.721295) seconds
2026/05/26-10:48:22  ... thread 2: (24000,502000) ops and (16560.8,16888.7) ops/second in (1.449203,29.724033) seconds
2026/05/26-10:48:22  ... thread 0: (29000,495000) ops and (19769.0,16653.2) ops/second in (1.466942,29.724057) seconds
2026/05/26-10:48:22  ... thread 3: (28000,499000) ops and (18793.5,16772.4) ops/second in (1.489875,29.751201) seconds
2026/05/26-10:48:23  ... thread 3: (28000,527000) ops and (23978.8,17044.6) ops/second in (1.167696,30.918897) seconds
2026/05/26-10:48:23  ... thread 2: (44000,546000) ops and (36788.5,17658.4) ops/second in (1.196025,30.920058) seconds
2026/05/26-10:48:23  ... thread 0: (30000,525000) ops and (25004.5,16977.2) ops/second in (1.199785,30.923842) seconds
2026/05/26-10:48:23  ... thread 1: (23000,520000) ops and (19087.8,16814.2) ops/second in (1.204955,30.926250) seconds
2026/05/26-10:48:24  ... thread 1: (10000,530000) ops and (8946.5,16539.8) ops/second in (1.117750,32.044000) seconds
2026/05/26-10:48:24  ... thread 0: (19000,544000) ops and (16978.0,16977.2) ops/second in (1.119095,32.042937) seconds
2026/05/26-10:48:24  ... thread 2: (17000,563000) ops and (14872.7,17559.1) ops/second in (1.143035,32.063093) seconds
2026/05/26-10:48:24  ... thread 3: (16000,543000) ops and (13650.6,16920.6) ops/second in (1.172113,32.091010) seconds
2026/05/26-10:48:25  ... thread 3: (32000,575000) ops and (30449.2,17349.6) ops/second in (1.050931,33.141941) seconds
2026/05/26-10:48:25  ... thread 0: (26000,570000) ops and (23707.4,17199.9) ops/second in (1.096702,33.139639) seconds
2026/05/26-10:48:25  ... thread 2: (31000,594000) ops and (28063.0,17909.0) ops/second in (1.104657,33.167750) seconds
2026/05/26-10:48:26  ... thread 1: (35000,565000) ops and (30533.3,17023.1) ops/second in (1.146289,33.190289) seconds
2026/05/26-10:48:27  ... thread 1: (13000,578000) ops and (12114.9,16869.3) ops/second in (1.073058,34.263347) seconds
2026/05/26-10:48:27  ... thread 3: (16000,591000) ops and (14203.2,17246.2) ops/second in (1.126510,34.268451) seconds
2026/05/26-10:48:27  ... thread 2: (16000,610000) ops and (14495.1,17799.0) ops/second in (1.103820,34.271570) seconds
2026/05/26-10:48:27  ... thread 0: (18000,588000) ops and (15742.5,17151.3) ops/second in (1.143401,34.283040) seconds
2026/05/26-10:48:28  ... thread 1: (29000,607000) ops and (24195.6,17117.0) ops/second in (1.198563,35.461910) seconds
2026/05/26-10:48:28  ... thread 3: (33000,624000) ops and (27542.3,17594.0) ops/second in (1.198156,35.466607) seconds
2026/05/26-10:48:28  ... thread 0: (34000,622000) ops and (28791.5,17538.9) ops/second in (1.180905,35.463945) seconds
2026/05/26-10:48:28  ... thread 2: (29000,639000) ops and (24101.0,18012.8) ops/second in (1.203270,35.474840) seconds
2026/05/26-10:48:29  ... thread 2: (8000,647000) ops and (7571.2,17710.8) ops/second in (1.056637,36.531477) seconds
2026/05/26-10:48:29  ... thread 3: (9000,633000) ops and (6665.2,17193.2) ops/second in (1.350304,36.816911) seconds
2026/05/26-10:48:29  ... thread 0: (13000,635000) ops and (8900.3,17197.2) ops/second in (1.460628,36.924573) seconds
2026/05/26-10:48:29  ... thread 1: (10000,617000) ops and (5948.3,16611.5) ops/second in (1.681141,37.143051) seconds
2026/05/26-10:48:30  ... thread 2: (3000,650000) ops and (2379.1,17199.2) ops/second in (1.260970,37.792447) seconds
2026/05/26-10:48:30  ... thread 1: (3000,620000) ops and (2894.4,16239.1) ops/second in (1.036499,38.179550) seconds
2026/05/26-10:48:31  ... thread 3: (4000,637000) ops and (2435.0,16562.8) ops/second in (1.642720,38.459631) seconds
2026/05/26-10:48:31  ... thread 0: (2000,637000) ops and (1029.4,16389.1) ops/second in (1.942826,38.867399) seconds
2026/05/26-10:48:31  ... thread 2: (2000,652000) ops and (1847.1,16771.6) ops/second in (1.082786,38.875233) seconds
2026/05/26-10:48:32  ... thread 1: (3000,623000) ops and (2187.4,15751.8) ops/second in (1.371465,39.551015) seconds
2026/05/26-10:48:32  ... thread 3: (2000,639000) ops and (1676.2,16114.9) ops/second in (1.193206,39.652837) seconds
2026/05/26-10:48:32  ... thread 0: (2000,639000) ops and (1881.9,16002.9) ops/second in (1.062759,39.930158) seconds
2026/05/26-10:48:33  ... thread 2: (3000,655000) ops and (2269.6,16294.7) ops/second in (1.321790,40.197023) seconds
2026/05/26-10:48:33  ... thread 1: (1000,624000) ops and (709.9,15234.5) ops/second in (1.408609,40.959624) seconds
2026/05/26-10:48:33  ... thread 0: (2000,641000) ops and (1863.6,15632.9) ops/second in (1.073216,41.003374) seconds
2026/05/26-10:48:34  ... thread 3: (2000,641000) ops and (1262.3,15544.2) ops/second in (1.584438,41.237275) seconds
2026/05/26-10:48:34  ... thread 2: (2000,657000) ops and (1327.0,15753.8) ops/second in (1.507168,41.704191) seconds
2026/05/26-10:48:34  ... thread 1: (1000,625000) ops and (814.4,14814.8) ops/second in (1.227931,42.187555) seconds
2026/05/26-10:48:35  ... thread 3: (1000,642000) ops and (781.5,15099.9) ops/second in (1.279669,42.516944) seconds
2026/05/26-10:48:35  ... thread 0: (2000,643000) ops and (1213.3,15075.6) ops/second in (1.648445,42.651819) seconds
2026/05/26-10:48:36  ... thread 1: (2000,627000) ops and (1817.8,14484.5) ops/second in (1.100236,43.287791) seconds
2026/05/26-10:48:36  ... thread 2: (2000,659000) ops and (1150.8,15169.6) ops/second in (1.737865,43.442056) seconds
2026/05/26-10:48:37  ... thread 3: (2000,644000) ops and (1164.4,14558.8) ops/second in (1.717574,44.234518) seconds
2026/05/26-10:48:37  ... thread 0: (1000,644000) ops and (608.2,14538.5) ops/second in (1.644290,44.296109) seconds
2026/05/26-10:48:37  ... thread 1: (3000,630000) ops and (2407.7,14146.6) ops/second in (1.246006,44.533797) seconds
2026/05/26-10:48:37  ... thread 2: (2000,661000) ops and (1216.8,14661.0) ops/second in (1.643621,45.085677) seconds
2026/05/26-10:48:38  ... thread 0: (1000,645000) ops and (847.5,14183.3) ops/second in (1.179889,45.475998) seconds
2026/05/26-10:48:38  ... thread 3: (3000,647000) ops and (1966.7,14139.0) ops/second in (1.525381,45.759899) seconds
2026/05/26-10:48:39  ... thread 2: (2000,663000) ops and (1622.1,14313.9) ops/second in (1.232957,46.318634) seconds
2026/05/26-10:48:39  ... thread 1: (2000,632000) ops and (992.3,13577.0) ops/second in (2.015498,46.549295) seconds
2026/05/26-10:48:39  ... thread 0: (1000,646000) ops and (830.6,13838.9) ops/second in (1.203977,46.679975) seconds
2026/05/26-10:48:39  ... thread 3: (2000,649000) ops and (1976.3,13875.8) ops/second in (1.012015,46.771914) seconds
2026/05/26-10:48:40  ... thread 2: (2000,665000) ops and (1576.4,13974.3) ops/second in (1.268721,47.587355) seconds
2026/05/26-10:48:40  ... thread 3: (1000,650000) ops and (921.3,13582.0) ops/second in (1.085375,47.857289) seconds
2026/05/26-10:48:40  ... thread 0: (2000,648000) ops and (1585.9,13516.6) ops/second in (1.261121,47.941096) seconds
2026/05/26-10:48:40  ... thread 1: (1000,633000) ops and (614.3,13139.0) ops/second in (1.627975,48.177270) seconds
2026/05/26-10:48:41  ... thread 2: (2000,667000) ops and (1315.5,13582.4) ops/second in (1.520311,49.107666) seconds
2026/05/26-10:48:42  ... thread 3: (2000,652000) ops and (1301.8,13200.1) ops/second in (1.536370,49.393659) seconds
2026/05/26-10:48:42  ... thread 1: (2000,635000) ops and (1493.8,12824.1) ops/second in (1.338876,49.516146) seconds
2026/05/26-10:48:42  ... thread 0: (2000,650000) ops and (1221.9,13110.7) ops/second in (1.636790,49.577886) seconds
2026/05/26-10:48:43  ... thread 3: (1000,653000) ops and (979.8,12952.7) ops/second in (1.020648,50.414307) seconds
2026/05/26-10:48:43  ... thread 0: (1000,651000) ops and (997.3,12870.6) ops/second in (1.002692,50.580578) seconds
2026/05/26-10:48:43  ... thread 2: (2000,669000) ops and (1080.7,13128.4) ops/second in (1.850724,50.958390) seconds
2026/05/26-10:48:44  ... thread 1: (3000,638000) ops and (1574.8,12407.4) ops/second in (1.904971,51.421117) seconds
2026/05/26-10:48:44  ... thread 0: (1000,652000) ops and (803.6,12580.8) ops/second in (1.244428,51.825006) seconds
2026/05/26-10:48:45  ... thread 2: (1000,670000) ops and (725.2,12801.6) ops/second in (1.379013,52.337403) seconds
2026/05/26-10:48:45  ... thread 3: (3000,656000) ops and (1234.3,12413.7) ops/second in (2.430456,52.844763) seconds
2026/05/26-10:48:45  ... thread 1: (2000,640000) ops and (1295.3,12083.4) ops/second in (1.544052,52.965169) seconds
2026/05/26-10:48:46  ... thread 0: (1000,653000) ops and (629.0,12225.1) ops/second in (1.589874,53.414880) seconds
2026/05/26-10:48:46  ... thread 2: (1000,671000) ops and (787.1,12516.8) ops/second in (1.270443,53.607846) seconds
2026/05/26-10:48:47  ... thread 3: (1000,657000) ops and (723.4,12115.7) ops/second in (1.382429,54.227192) seconds
2026/05/26-10:48:47  ... thread 2: (1000,672000) ops and (773.0,12240.1) ops/second in (1.293678,54.901524) seconds
2026/05/26-10:48:47  ... thread 1: (2000,642000) ops and (986.1,11674.1) ops/second in (2.028289,54.993458) seconds
2026/05/26-10:48:47  ... thread 0: (2000,655000) ops and (1267.0,11910.5) ops/second in (1.578534,54.993414) seconds
2026/05/26-10:48:48  ... thread 3: (11000,668000) ops and (10955.4,12094.6) ops/second in (1.004071,55.231263) seconds
2026/05/26-10:48:48  ... thread 2: (30000,702000) ops and (29677.5,12555.4) ops/second in (1.010867,55.912391) seconds
2026/05/26-10:48:48  ... thread 0: (29000,684000) ops and (28413.7,12211.2) ops/second in (1.020634,56.014048) seconds
2026/05/26-10:48:48  ... thread 1: (33000,675000) ops and (32090.2,12048.9) ops/second in (1.028350,56.021808) seconds
2026/05/26-10:48:49  ... thread 3: (29000,697000) ops and (28397.3,12390.6) ops/second in (1.021223,56.252486) seconds
2026/05/26-10:48:49  ... thread 2: (33000,735000) ops and (29594.8,12888.5) ops/second in (1.115061,57.027452) seconds
2026/05/26-10:48:49  ... thread 0: (27000,711000) ops and (26163.1,12463.6) ops/second in (1.031987,57.046035) seconds
2026/05/26-10:48:49  ... thread 1: (26000,701000) ops and (25090.6,12285.7) ops/second in (1.036245,57.058053) seconds
2026/05/26-10:48:50  ... thread 3: (31000,728000) ops and (30372.4,12711.0) ops/second in (1.020662,57.273148) seconds
2026/05/26-10:48:50  ... thread 0: (14000,725000) ops and (12640.3,12467.0) ops/second in (1.107565,58.153600) seconds
2026/05/26-10:48:50  ... thread 1: (13000,714000) ops and (11799.8,12276.5) ops/second in (1.101713,58.159766) seconds
2026/05/26-10:48:50  ... thread 2: (18000,753000) ops and (15738.1,12944.6) ops/second in (1.143718,58.171170) seconds
2026/05/26-10:48:51  ... thread 3: (9000,737000) ops and (8858.6,12643.9) ops/second in (1.015967,58.289115) seconds
2026/05/26-10:48:52  ... thread 2: (28000,781000) ops and (23979.6,13161.7) ops/second in (1.167657,59.338827) seconds
2026/05/26-10:48:52  ... thread 3: (26000,763000) ops and (24681.5,12857.6) ops/second in (1.053420,59.342535) seconds
2026/05/26-10:48:52  ... thread 1: (34000,748000) ops and (28257.7,12600.4) ops/second in (1.203212,59.362978) seconds
2026/05/26-10:48:52  ... thread 0: (34000,759000) ops and (27750.8,12782.3) ops/second in (1.225191,59.378791) seconds
2026/05/26-10:48:53  ... thread 2: (29000,810000) ops and (28847.1,13423.0) ops/second in (1.005302,60.344129) seconds
2026/05/26-10:48:53  ... thread 1: (30000,778000) ops and (25727.2,12853.3) ops/second in (1.166081,60.529059) seconds
2026/05/26-10:48:53  ... thread 0: (32000,791000) ops and (27691.8,13067.0) ops/second in (1.155577,60.534368) seconds
2026/05/26-10:48:53  ... thread 3: (33000,796000) ops and (27576.8,13148.5) ops/second in (1.196660,60.539195) seconds
2026/05/26-10:48:54  ... thread 2: (31000,841000) ops and (30918.4,13709.0) ops/second in (1.002639,61.346768) seconds
2026/05/26-10:48:54  ... thread 0: (29000,820000) ops and (28257.1,13320.2) ops/second in (1.026291,61.560659) seconds
2026/05/26-10:48:54  ... thread 3: (32000,828000) ops and (31141.9,13448.8) ops/second in (1.027553,61.566748) seconds
2026/05/26-10:48:54  ... thread 1: (30000,808000) ops and (28964.5,13124.4) ops/second in (1.035752,61.564811) seconds
2026/05/26-10:48:55  ... thread 3: (15000,843000) ops and (14326.0,13463.5) ops/second in (1.047050,62.613798) seconds
2026/05/26-10:48:55  ... thread 1: (16000,824000) ops and (15228.3,13159.7) ops/second in (1.050677,62.615488) seconds
2026/05/26-10:48:55  ... thread 0: (16000,836000) ops and (15132.1,13350.8) ops/second in (1.057358,62.618017) seconds
2026/05/26-10:48:55  ... thread 2: (18000,859000) ops and (14103.7,13717.0) ops/second in (1.276262,62.623030) seconds
2026/05/26-10:48:56  ... thread 0: (34000,870000) ops and (31730.3,13660.0) ops/second in (1.071531,63.689548) seconds
2026/05/26-10:48:56  ... thread 3: (30000,873000) ops and (27611.8,13704.8) ops/second in (1.086493,63.700291) seconds
2026/05/26-10:48:56  ... thread 2: (30000,889000) ops and (27532.0,13953.3) ops/second in (1.089642,63.712672) seconds
2026/05/26-10:48:56  ... thread 1: (30000,854000) ops and (27188.3,13402.6) ops/second in (1.103417,63.718905) seconds
2026/05/26-10:48:57  ... thread 2: (30000,919000) ops and (26316.3,14170.6) ops/second in (1.139977,64.852649) seconds
2026/05/26-10:48:57  ... thread 0: (35000,905000) ops and (29917.2,13953.2) ops/second in (1.169897,64.859445) seconds
2026/05/26-10:48:57  ... thread 3: (31000,904000) ops and (26626.9,13936.7) ops/second in (1.164236,64.864527) seconds
2026/05/26-10:48:57  ... thread 1: (30000,884000) ops and (25914.8,13625.9) ops/second in (1.157638,64.876543) seconds
2026/05/26-10:48:58  ... thread 2: (30000,949000) ops and (29794.8,14409.5) ops/second in (1.006886,65.859535) seconds
2026/05/26-10:48:58  ... thread 0: (28000,933000) ops and (25231.8,14143.0) ops/second in (1.109712,65.969157) seconds
2026/05/26-10:48:58  ... thread 3: (32000,936000) ops and (28518.1,14184.7) ops/second in (1.122093,65.986620) seconds
2026/05/26-10:48:58  ... thread 1: (33000,917000) ops and (29338.2,13893.7) ops/second in (1.124813,66.001356) seconds
2026/05/26-10:48:59  ... thread 0: (15000,948000) ops and (14452.6,14147.8) ops/second in (1.037872,67.007029) seconds
2026/05/26-10:49:00  ... thread 2: (17000,966000) ops and (11327.6,14340.8) ops/second in (1.500763,67.360298) seconds
2026/05/26-10:49:00  ... thread 1: (15000,932000) ops and (9910.8,13804.4) ops/second in (1.513503,67.514859) seconds
2026/05/26-10:49:01  ... thread 0: (2000,950000) ops and (1489.9,13899.2) ops/second in (1.342396,68.349425) seconds
2026/05/26-10:49:01  ... thread 3: (16000,952000) ops and (5945.1,13861.8) ops/second in (2.691284,68.677904) seconds
2026/05/26-10:49:01  ... thread 2: (2000,968000) ops and (1293.3,14048.0) ops/second in (1.546430,68.906728) seconds
2026/05/26-10:49:02  ... thread 1: (1000,933000) ops and (491.6,13415.0) ops/second in (2.034105,69.548964) seconds
2026/05/26-10:49:02  ... thread 0: (3000,953000) ops and (2198.7,13670.2) ops/second in (1.364431,69.713856) seconds
2026/05/26-10:49:02  ... thread 3: (1000,953000) ops and (718.8,13600.9) ops/second in (1.391148,70.069052) seconds
2026/05/26-10:49:03  ... thread 2: (2000,970000) ops and (1554.6,13819.0) ops/second in (1.286537,70.193265) seconds
2026/05/26-10:49:03  ... thread 0: (2000,955000) ops and (1629.7,13461.9) ops/second in (1.227256,70.941112) seconds
2026/05/26-10:49:04  ... thread 1: (1000,934000) ops and (467.5,13028.7) ops/second in (2.139140,71.688104) seconds
2026/05/26-10:49:04  ... thread 2: (2000,972000) ops and (1194.6,13524.9) ops/second in (1.674183,71.867448) seconds
2026/05/26-10:49:04  ... thread 3: (1000,954000) ops and (528.3,13257.0) ops/second in (1.893017,71.962069) seconds
2026/05/26-10:49:05  ... thread 0: (4000,959000) ops and (2321.9,13197.8) ops/second in (1.722763,72.663875) seconds
2026/05/26-10:49:05  ... thread 3: (1000,955000) ops and (921.8,13073.8) ops/second in (1.084787,73.046856) seconds
2026/05/26-10:49:06  ... thread 1: (2000,936000) ops and (1228.1,12766.5) ops/second in (1.628534,73.316638) seconds
2026/05/26-10:49:06  ... thread 0: (1000,960000) ops and (908.5,13014.4) ops/second in (1.100738,73.764613) seconds
2026/05/26-10:49:06  ... thread 2: (2000,974000) ops and (913.9,13152.3) ops/second in (2.188320,74.055768) seconds
2026/05/26-10:49:07  ... thread 3: (2000,957000) ops and (1558.8,12875.0) ops/second in (1.283047,74.329903) seconds
2026/05/26-10:49:07  ... thread 1: (1000,937000) ops and (838.3,12575.6) ops/second in (1.192933,74.509571) seconds
2026/05/26-10:49:08  ... thread 0: (2000,962000) ops and (1332.4,12781.4) ops/second in (1.501037,75.265650) seconds
2026/05/26-10:49:08  ... thread 2: (2000,976000) ops and (1272.2,12905.3) ops/second in (1.572054,75.627822) seconds
2026/05/26-10:49:08  ... thread 3: (2000,959000) ops and (1531.4,12679.2) ops/second in (1.305985,75.635888) seconds
2026/05/26-10:49:08  ... thread 1: (1000,938000) ops and (654.1,12335.9) ops/second in (1.528874,76.038445) seconds
2026/05/26-10:49:09  ... thread 0: (1000,963000) ops and (864.6,12601.0) ops/second in (1.156559,76.422209) seconds
2026/05/26-10:49:09  ... thread 2: (2000,978000) ops and (1884.6,12752.8) ops/second in (1.061222,76.689044) seconds
2026/05/26-10:49:10  ... thread 0: (2000,965000) ops and (1961.9,12461.0) ops/second in (1.019398,77.441607) seconds
2026/05/26-10:49:10  ... thread 3: (2000,961000) ops and (1046.7,12392.5) ops/second in (1.910703,77.546591) seconds
2026/05/26-10:49:10  ... thread 2: (1000,979000) ops and (968.8,12596.3) ops/second in (1.032205,77.721249) seconds
2026/05/26-10:49:11  ... thread 1: (1000,939000) ops and (459.2,12005.2) ops/second in (2.177713,78.216158) seconds
2026/05/26-10:49:11  ... thread 0: (2000,967000) ops and (1392.3,12259.4) ops/second in (1.436522,78.878129) seconds
2026/05/26-10:49:12  ... thread 2: (2000,981000) ops and (1337.5,12383.8) ops/second in (1.495296,79.216545) seconds
2026/05/26-10:49:12  ... thread 3: (2000,963000) ops and (1177.5,12152.2) ops/second in (1.698534,79.245125) seconds
2026/05/26-10:49:12  ... thread 1: (1000,940000) ops and (745.9,11815.5) ops/second in (1.340670,79.556828) seconds
2026/05/26-10:49:12  ... thread 0: (2000,969000) ops and (1570.2,12089.5) ops/second in (1.273740,80.151869) seconds
2026/05/26-10:49:13  ... thread 2: (2000,983000) ops and (1706.9,12228.2) ops/second in (1.171690,80.388235) seconds
2026/05/26-10:49:13  ... thread 1: (1000,941000) ops and (910.2,11666.9) ops/second in (1.098625,80.655453) seconds
2026/05/26-10:49:13  ... thread 3: (1000,964000) ops and (652.8,11934.1) ops/second in (1.531769,80.776894) seconds
2026/05/26-10:49:14  ... thread 0: (1000,970000) ops and (881.0,11933.0) ops/second in (1.135010,81.286879) seconds
2026/05/26-10:49:15  ... thread 2: (2000,985000) ops and (1007.7,11957.8) ops/second in (1.984639,82.372874) seconds
2026/05/26-10:49:15  ... thread 1: (2000,943000) ops and (1093.5,11432.5) ops/second in (1.828952,82.484405) seconds
2026/05/26-10:49:15  ... thread 3: (1000,965000) ops and (502.9,11659.5) ops/second in (1.988324,82.765218) seconds
2026/05/26-10:49:15  ... thread 0: (1000,971000) ops and (588.0,11700.5) ops/second in (1.700774,82.987653) seconds
2026/05/26-10:49:16  ... thread 1: (1000,944000) ops and (652.8,11235.9) ops/second in (1.531962,84.016367) seconds
2026/05/26-10:49:17  ... thread 2: (1000,986000) ops and (494.3,11683.0) ops/second in (2.022923,84.395797) seconds
2026/05/26-10:49:17  ... thread 3: (2000,967000) ops and (893.6,11376.0) ops/second in (2.238160,85.003378) seconds
2026/05/26-10:49:17  ... thread 0: (2000,973000) ops and (915.3,11423.8) ops/second in (2.185180,85.172833) seconds
2026/05/26-10:49:18  ... thread 1: (1000,945000) ops and (802.7,11083.5) ops/second in (1.245771,85.262138) seconds
2026/05/26-10:49:18  ... thread 2: (1000,987000) ops and (747.0,11512.3) ops/second in (1.338640,85.734437) seconds
2026/05/26-10:49:19  ... thread 1: (1000,946000) ops and (857.2,10945.4) ops/second in (1.166574,86.428712) seconds
2026/05/26-10:49:19  ... thread 3: (1000,968000) ops and (559.5,11153.3) ops/second in (1.787412,86.790790) seconds
2026/05/26-10:49:19  ... thread 2: (1000,988000) ops and (933.8,11381.8) ops/second in (1.070853,86.805290) seconds
2026/05/26-10:49:20  ... thread 0: (1000,974000) ops and (488.9,11167.4) ops/second in (2.045519,87.218352) seconds
2026/05/26-10:49:20  ... thread 1: (1000,947000) ops and (989.9,10830.4) ops/second in (1.010170,87.438882) seconds
2026/05/26-10:49:21  ... thread 0: (1000,975000) ops and (760.3,11012.8) ops/second in (1.315199,88.533551) seconds
2026/05/26-10:49:21  ... thread 2: (2000,990000) ops and (1114.6,11173.8) ops/second in (1.794432,88.599722) seconds
2026/05/26-10:49:21  ... thread 3: (1000,969000) ops and (502.3,10914.4) ops/second in (1.990810,88.781600) seconds
2026/05/26-10:49:21  ... thread 1: (1000,948000) ops and (591.3,10636.2) ops/second in (1.691088,89.129970) seconds
2026/05/26-10:49:22  ... thread 2: (1000,991000) ops and (940.6,11052.5) ops/second in (1.063135,89.662857) seconds
2026/05/26-10:49:23  ... thread 1: (1000,949000) ops and (787.1,10497.7) ops/second in (1.270521,90.400491) seconds
2026/05/26-10:49:23  ... thread 3: (1000,970000) ops and (550.4,10706.6) ops/second in (1.816732,90.598332) seconds
2026/05/26-10:49:23  ... thread 2: (1000,992000) ops and (709.3,10892.4) ops/second in (1.409896,91.072753) seconds
2026/05/26-10:49:24  ... thread 1: (1000,950000) ops and (822.2,10369.3) ops/second in (1.216219,91.616710) seconds
2026/05/26-10:49:24  ... thread 3: (1000,971000) ops and (833.5,10577.6) ops/second in (1.199748,91.798080) seconds
2026/05/26-10:49:24  ... thread 0: (2000,977000) ops and (572.2,10616.2) ops/second in (3.495319,92.028870) seconds
2026/05/26-10:49:25  ... thread 2: (1000,993000) ops and (868.6,10767.3) ops/second in (1.151312,92.224065) seconds
2026/05/26-10:49:25  ... thread 1: (1000,951000) ops and (906.2,10256.7) ops/second in (1.103569,92.720279) seconds
2026/05/26-10:49:26  ... thread 3: (1000,972000) ops and (622.7,10406.4) ops/second in (1.605812,93.403892) seconds
2026/05/26-10:49:26  ... thread 1: (1000,952000) ops and (822.5,10134.6) ops/second in (1.215769,93.936048) seconds
2026/05/26-10:49:26  ... thread 2: (1000,994000) ops and (550.9,10570.0) ops/second in (1.815338,94.039403) seconds
2026/05/26-10:49:27  ... thread 3: (1000,973000) ops and (904.3,10295.2) ops/second in (1.105823,94.509715) seconds
2026/05/26-10:49:27  ... thread 0: (2000,979000) ops and (749.2,10338.1) ops/second in (2.669626,94.698496) seconds
2026/05/26-10:49:28  ... thread 1: (1000,953000) ops and (568.9,9958.8) ops/second in (1.757886,95.693934) seconds
2026/05/26-10:49:28  ... thread 3: (1000,974000) ops and (778.0,10167.5) ops/second in (1.285375,95.795090) seconds
2026/05/26-10:49:28  ... thread 0: (1000,980000) ops and (872.3,10224.9) ops/second in (1.146400,95.844896) seconds
2026/05/26-10:49:28  ... thread 2: (2000,996000) ops and (1044.3,10379.9) ops/second in (1.915105,95.954508) seconds
2026/05/26-10:49:29  ... thread 1: (24000,977000) ops and (23698.2,10102.7) ops/second in (1.012737,96.706671) seconds
2026/05/26-10:49:29  ... thread 3: (29000,1003000) ops and (28555.3,10360.4) ops/second in (1.015572,96.810662) seconds
2026/05/26-10:49:29  ... thread 0: (30000,1010000) ops and (29668.9,10427.8) ops/second in (1.011160,96.856056) seconds
2026/05/26-10:49:29  ... thread 2: (30000,1026000) ops and (29310.3,10579.7) ops/second in (1.023531,96.978039) seconds
2026/05/26-10:49:30  ... thread 1: (27000,1004000) ops and (25841.3,10270.9) ops/second in (1.044841,97.751512) seconds
2026/05/26-10:49:30  ... thread 3: (25000,1028000) ops and (24476.6,10507.8) ops/second in (1.021385,97.832047) seconds
2026/05/26-10:49:30  ... thread 0: (30000,1040000) ops and (29438.7,10625.8) ops/second in (1.019067,97.875123) seconds
2026/05/26-10:49:30  ... thread 2: (28000,1054000) ops and (27429.7,10755.2) ops/second in (1.020790,97.998829) seconds
2026/05/26-10:49:31  ... thread 0: (28000,1068000) ops and (25336.7,10790.0) ops/second in (1.105115,98.980238) seconds
2026/05/26-10:49:31  ... thread 3: (28000,1056000) ops and (24210.7,10667.9) ops/second in (1.156513,98.988560) seconds
2026/05/26-10:49:31  ... thread 1: (31000,1035000) ops and (25015.6,10455.5) ops/second in (1.239227,98.990739) seconds
2026/05/26-10:49:31  ... thread 2: (36000,1090000) ops and (35928.7,11010.0) ops/second in (1.001984,99.000813) seconds
2026/05/26-10:49:32  ... thread 1: (26000,1061000) ops and (25539.5,10609.1) ops/second in (1.018030,100.008769) seconds
2026/05/26-10:49:32  ... thread 3: (25000,1081000) ops and (24352.5,10808.4) ops/second in (1.026589,100.015149) seconds
2026/05/26-10:49:32  ... thread 2: (28000,1118000) ops and (27590.0,11178.2) ops/second in (1.014862,100.015675) seconds
2026/05/26-10:49:32  ... thread 0: (30000,1098000) ops and (29016.9,10978.5) ops/second in (1.033879,100.014117) seconds
2026/05/26-10:49:33  ... thread 3: (17000,1098000) ops and (15810.9,10861.6) ops/second in (1.075211,101.090360) seconds
2026/05/26-10:49:33  ... thread 0: (15000,1113000) ops and (13867.4,11009.4) ops/second in (1.081670,101.095787) seconds
2026/05/26-10:49:33  ... thread 1: (15000,1076000) ops and (13769.2,10643.1) ops/second in (1.089385,101.098154) seconds
2026/05/26-10:49:33  ... thread 2: (15000,1133000) ops and (13815.2,11206.6) ops/second in (1.085757,101.101432) seconds
2026/05/26-10:49:34  ... thread 0: (32000,1145000) ops and (29454.1,11205.5) ops/second in (1.086436,102.182223) seconds
2026/05/26-10:49:35  ... thread 3: (33000,1131000) ops and (29993.1,11067.6) ops/second in (1.100254,102.190614) seconds
2026/05/26-10:49:35  ... thread 1: (30000,1106000) ops and (27348.6,10822.4) ops/second in (1.096947,102.195101) seconds
2026/05/26-10:49:35  ... thread 2: (30000,1163000) ops and (27090.2,11378.7) ops/second in (1.107410,102.208842) seconds
2026/05/26-10:49:36  ... thread 1: (32000,1138000) ops and (25391.0,10999.9) ops/second in (1.260290,103.455391) seconds
2026/05/26-10:49:36  ... thread 3: (28000,1159000) ops and (22062.2,11202.4) ops/second in (1.269139,103.459753) seconds
2026/05/26-10:49:36  ... thread 0: (31000,1176000) ops and (24112.1,11365.8) ops/second in (1.285662,103.467885) seconds
2026/05/26-10:49:36  ... thread 2: (33000,1196000) ops and (26047.0,11558.3) ops/second in (1.266941,103.475783) seconds
2026/05/26-10:49:37  ... thread 2: (30000,1226000) ops and (26732.2,11721.1) ops/second in (1.122243,104.598026) seconds
2026/05/26-10:49:37  ... thread 0: (30000,1206000) ops and (26604.8,11530.1) ops/second in (1.127617,104.595502) seconds
2026/05/26-10:49:37  ... thread 1: (30000,1168000) ops and (26153.3,11166.1) ops/second in (1.147083,104.602474) seconds
2026/05/26-10:49:37  ... thread 3: (34000,1193000) ops and (29221.3,11402.8) ops/second in (1.163536,104.623289) seconds
2026/05/26-10:49:38  ... thread 1: (34000,1202000) ops and (28623.0,11362.1) ops/second in (1.187854,105.790328) seconds
2026/05/26-10:49:38  ... thread 3: (32000,1225000) ops and (27227.4,11578.6) ops/second in (1.175285,105.798574) seconds
2026/05/26-10:49:38  ... thread 0: (35000,1241000) ops and (28966.9,11729.3) ops/second in (1.208274,105.803776) seconds
Initializing RocksDB Options from the specified file
Initializing RocksDB Options from command-line flags
Integrated BlobDB: blob cache disabled
Keys:       16 bytes each (+ 0 bytes user-defined timestamp)
Values:     1024 bytes each (512 bytes after compression)
Entries:    1250000
Prefix:    0 bytes
Keys per prefix:    0
RawSize:    1239.8 MB (estimated)
FileSize:   629.4 MB (estimated)
Write rate: 0 bytes/second
Read rate: 0 ops/second
Compression: Snappy
Compression sampling rate: 0
Memtablerep: SkipListFactory
Perf Level: 1
WARNING: Assertions are enabled; benchmarks unnecessarily slow
------------------------------------------------
Initializing RocksDB Options from the specified file
Initializing RocksDB Options from command-line flags
Integrated BlobDB: blob cache disabled
DB path: [/tmp/rocksdb_comp_exp_db]
fillrandom   :      84.831 micros/op 46976 ops/sec 106.436 seconds 5000000 operations;   46.6 MB/s
2026/05/26-10:49:43  ... thread 3: (1000,1000) ops and (252.9,252.9) ops/second in (3.953763,3.953763) seconds
2026/05/26-10:49:43  ... thread 1: (1000,1000) ops and (244.1,244.1) ops/second in (4.096475,4.096475) seconds
2026/05/26-10:49:43  ... thread 2: (1000,1000) ops and (243.3,243.3) ops/second in (4.109980,4.109980) seconds
2026/05/26-10:49:43  ... thread 0: (1000,1000) ops and (241.3,241.3) ops/second in (4.144769,4.144769) seconds
2026/05/26-10:49:45  ... thread 1: (1000,2000) ops and (466.4,320.5) ops/second in (2.144208,6.240683) seconds
2026/05/26-10:49:46  ... thread 2: (1000,2000) ops and (361.6,290.9) ops/second in (2.765337,6.875317) seconds
2026/05/26-10:49:46  ... thread 3: (1000,2000) ops and (340.3,290.2) ops/second in (2.938759,6.892522) seconds
2026/05/26-10:49:46  ... thread 0: (1000,2000) ops and (357.0,287.9) ops/second in (2.801053,6.945822) seconds
2026/05/26-10:49:47  ... thread 1: (1000,3000) ops and (478.7,360.2) ops/second in (2.088844,8.329527) seconds
2026/05/26-10:49:47  ... thread 2: (1000,3000) ops and (683.3,359.8) ops/second in (1.463521,8.338838) seconds
2026/05/26-10:49:47  ... thread 3: (1000,3000) ops and (632.5,354.0) ops/second in (1.580918,8.473440) seconds
2026/05/26-10:49:47  ... thread 0: (1000,3000) ops and (588.0,347.0) ops/second in (1.700582,8.646404) seconds
2026/05/26-10:49:50  ... thread 1: (1000,4000) ops and (296.5,341.8) ops/second in (3.372552,11.702079) seconds
2026/05/26-10:49:51  ... thread 2: (1000,4000) ops and (292.1,340.1) ops/second in (3.423178,11.762016) seconds
2026/05/26-10:49:51  ... thread 3: (1000,4000) ops and (302.0,339.4) ops/second in (3.310760,11.784200) seconds
2026/05/26-10:49:51  ... thread 0: (1000,4000) ops and (304.9,335.4) ops/second in (3.279485,11.925889) seconds
2026/05/26-10:49:53  ... thread 1: (1000,5000) ops and (445.5,358.5) ops/second in (2.244494,13.946573) seconds
2026/05/26-10:49:53  ... thread 2: (1000,5000) ops and (443.2,356.7) ops/second in (2.256137,14.018153) seconds
2026/05/26-10:49:53  ... thread 3: (1000,5000) ops and (428.2,354.1) ops/second in (2.335363,14.119563) seconds
2026/05/26-10:49:53  ... thread 0: (1000,5000) ops and (426.9,350.4) ops/second in (2.342459,14.268348) seconds
2026/05/26-10:49:56  ... thread 1: (1000,6000) ops and (285.4,343.8) ops/second in (3.503254,17.449827) seconds
2026/05/26-10:49:56  ... thread 2: (1000,6000) ops and (276.1,340.1) ops/second in (3.622158,17.640311) seconds
2026/05/26-10:49:57  ... thread 3: (1000,6000) ops and (256.4,333.0) ops/second in (3.899651,18.019214) seconds
2026/05/26-10:49:57  ... thread 0: (1000,6000) ops and (243.0,326.4) ops/second in (4.115333,18.383681) seconds
2026/05/26-10:50:01  ... thread 1: (1000,7000) ops and (189.1,307.9) ops/second in (5.287892,22.737719) seconds
2026/05/26-10:50:02  ... thread 2: (1000,7000) ops and (181.9,302.5) ops/second in (5.496493,23.136804) seconds
2026/05/26-10:50:02  ... thread 3: (1000,7000) ops and (192.0,301.4) ops/second in (5.209367,23.228581) seconds
2026/05/26-10:50:02  ... thread 0: (1000,7000) ops and (188.3,295.4) ops/second in (5.311650,23.695331) seconds
2026/05/26-10:50:05  ... thread 1: (1000,8000) ops and (305.3,307.5) ops/second in (3.275875,26.013594) seconds
2026/05/26-10:50:05  ... thread 3: (1000,8000) ops and (283.7,299.0) ops/second in (3.524705,26.753286) seconds
2026/05/26-10:50:06  ... thread 2: (1000,8000) ops and (273.4,298.6) ops/second in (3.657737,26.794541) seconds
2026/05/26-10:50:06  ... thread 0: (1000,8000) ops and (301.5,296.2) ops/second in (3.316309,27.011640) seconds
2026/05/26-10:50:08  ... thread 1: (1000,9000) ops and (335.2,310.4) ops/second in (2.983028,28.996622) seconds
2026/05/26-10:50:08  ... thread 3: (1000,9000) ops and (422.6,309.1) ops/second in (2.366424,29.119710) seconds
2026/05/26-10:50:08  ... thread 2: (1000,9000) ops and (396.5,307.0) ops/second in (2.522362,29.316903) seconds
2026/05/26-10:50:09  ... thread 0: (1000,9000) ops and (353.1,301.6) ops/second in (2.831801,29.843441) seconds
2026/05/26-10:50:11  ... thread 3: (1000,10000) ops and (302.1,308.4) ops/second in (3.310269,32.429979) seconds
2026/05/26-10:50:11  ... thread 1: (1000,10000) ops and (284.6,307.6) ops/second in (3.514120,32.510742) seconds
2026/05/26-10:50:11  ... thread 2: (1000,10000) ops and (295.3,305.8) ops/second in (3.386040,32.702943) seconds
2026/05/26-10:50:12  ... thread 0: (1000,10000) ops and (333.5,304.5) ops/second in (2.998749,32.842190) seconds
2026/05/26-10:50:13  ... thread 3: (1000,11000) ops and (452.9,317.6) ops/second in (2.207802,34.637781) seconds
2026/05/26-10:50:13  ... thread 1: (1000,11000) ops and (463.1,317.3) ops/second in (2.159267,34.670009) seconds
2026/05/26-10:50:14  ... thread 2: (1000,11000) ops and (483.8,316.4) ops/second in (2.067048,34.769991) seconds
2026/05/26-10:50:14  ... thread 0: (1000,11000) ops and (484.3,315.1) ops/second in (2.064797,34.906987) seconds
2026/05/26-10:50:15  ... thread 3: (1000,12000) ops and (488.1,327.1) ops/second in (2.048918,36.686699) seconds
2026/05/26-10:50:15  ... thread 1: (1000,12000) ops and (485.1,326.7) ops/second in (2.061228,36.731237) seconds
2026/05/26-10:50:16  ... thread 2: (1000,12000) ops and (490.2,326.0) ops/second in (2.039954,36.809945) seconds
2026/05/26-10:50:16  ... thread 0: (1000,12000) ops and (443.1,322.9) ops/second in (2.256605,37.163592) seconds
2026/05/26-10:50:17  ... thread 1: (1000,13000) ops and (498.8,335.6) ops/second in (2.004659,38.735896) seconds
2026/05/26-10:50:18  ... thread 3: (1000,13000) ops and (469.7,334.9) ops/second in (2.129205,38.815904) seconds
2026/05/26-10:50:18  ... thread 2: (1000,13000) ops and (488.6,334.6) ops/second in (2.046800,38.856745) seconds
2026/05/26-10:50:18  ... thread 0: (1000,13000) ops and (535.5,333.1) ops/second in (1.867310,39.030902) seconds
2026/05/26-10:50:19  ... thread 1: (1000,14000) ops and (943.1,351.8) ops/second in (1.060289,39.796185) seconds
2026/05/26-10:50:19  ... thread 3: (1000,14000) ops and (589.8,345.6) ops/second in (1.695363,40.511267) seconds
2026/05/26-10:50:19  ... thread 2: (1000,14000) ops and (585.4,345.1) ops/second in (1.708215,40.564960) seconds
2026/05/26-10:50:19  ... thread 0: (1000,14000) ops and (623.4,344.5) ops/second in (1.604222,40.635124) seconds
2026/05/26-10:50:20  ... thread 1: (1000,15000) ops and (849.0,366.1) ops/second in (1.177799,40.973984) seconds
2026/05/26-10:50:20  ... thread 3: (3000,17000) ops and (2533.5,407.7) ops/second in (1.184118,41.695385) seconds
2026/05/26-10:50:20  ... thread 2: (3000,17000) ops and (2583.1,407.4) ops/second in (1.161411,41.726371) seconds
2026/05/26-10:50:21  ... thread 0: (3000,17000) ops and (2653.3,407.0) ops/second in (1.130653,41.765777) seconds
2026/05/26-10:50:21  ... thread 1: (4000,19000) ops and (3270.5,450.3) ops/second in (1.223047,42.197031) seconds
2026/05/26-10:50:22  ... thread 3: (4000,21000) ops and (3423.3,489.9) ops/second in (1.168459,42.863844) seconds
2026/05/26-10:50:22  ... thread 2: (4000,21000) ops and (3383.6,489.4) ops/second in (1.182159,42.908530) seconds
2026/05/26-10:50:22  ... thread 0: (4000,21000) ops and (3470.4,489.3) ops/second in (1.152610,42.918387) seconds
2026/05/26-10:50:22  ... thread 1: (4000,23000) ops and (3511.0,530.7) ops/second in (1.139278,43.336309) seconds
2026/05/26-10:50:23  ... thread 0: (4000,25000) ops and (3881.9,568.8) ops/second in (1.030428,43.948815) seconds
2026/05/26-10:50:23  ... thread 3: (4000,25000) ops and (3658.7,568.7) ops/second in (1.093275,43.957119) seconds
2026/05/26-10:50:23  ... thread 2: (4000,25000) ops and (3750.9,568.5) ops/second in (1.066402,43.974932) seconds
2026/05/26-10:50:23  ... thread 1: (4000,27000) ops and (3744.7,608.0) ops/second in (1.068189,44.404498) seconds
2026/05/26-10:50:24  ... thread 0: (5000,30000) ops and (4449.4,665.6) ops/second in (1.123752,45.072567) seconds
2026/05/26-10:50:24  ... thread 3: (5000,30000) ops and (4306.9,664.9) ops/second in (1.160941,45.118060) seconds
2026/05/26-10:50:24  ... thread 2: (5000,30000) ops and (4263.0,664.5) ops/second in (1.172891,45.147823) seconds
2026/05/26-10:50:24  ... thread 1: (5000,32000) ops and (4771.4,704.0) ops/second in (1.047901,45.452399) seconds
2026/05/26-10:50:25  ... thread 0: (5000,35000) ops and (4799.9,759.0) ops/second in (1.041699,46.114266) seconds
2026/05/26-10:50:25  ... thread 3: (5000,35000) ops and (4785.8,758.2) ops/second in (1.044764,46.162824) seconds
2026/05/26-10:50:25  ... thread 2: (5000,35000) ops and (4837.2,757.9) ops/second in (1.033657,46.181480) seconds
2026/05/26-10:50:25  ... thread 1: (6000,38000) ops and (5182.3,815.3) ops/second in (1.157779,46.610178) seconds
2026/05/26-10:50:26  ... thread 3: (6000,41000) ops and (5827.4,868.8) ops/second in (1.029623,47.192447) seconds
2026/05/26-10:50:26  ... thread 0: (6000,41000) ops and (5498.5,868.5) ops/second in (1.091211,47.205477) seconds
2026/05/26-10:50:26  ... thread 2: (6000,41000) ops and (5525.3,867.4) ops/second in (1.085909,47.267389) seconds
2026/05/26-10:50:26  ... thread 1: (7000,45000) ops and (6202.6,942.6) ops/second in (1.128559,47.738737) seconds
2026/05/26-10:50:27  ... thread 0: (7000,48000) ops and (6734.1,994.9) ops/second in (1.039488,48.244965) seconds
2026/05/26-10:50:27  ... thread 3: (7000,48000) ops and (6516.7,994.5) ops/second in (1.074165,48.266612) seconds
2026/05/26-10:50:27  ... thread 2: (7000,48000) ops and (6826.0,993.9) ops/second in (1.025486,48.292875) seconds
2026/05/26-10:50:27  ... thread 1: (8000,53000) ops and (7933.2,1087.2) ops/second in (1.008418,48.747155) seconds
2026/05/26-10:50:28  ... thread 0: (9000,57000) ops and (8408.0,1155.8) ops/second in (1.070404,49.315369) seconds
2026/05/26-10:50:28  ... thread 3: (9000,57000) ops and (8517.6,1155.6) ops/second in (1.056635,49.323247) seconds
2026/05/26-10:50:28  ... thread 2: (9000,57000) ops and (8440.9,1154.8) ops/second in (1.066235,49.359110) seconds
2026/05/26-10:50:29  ... thread 1: (10000,63000) ops and (9242.4,1264.3) ops/second in (1.081974,49.829129) seconds
2026/05/26-10:50:29  ... thread 0: (10000,67000) ops and (9776.1,1331.0) ops/second in (1.022900,50.338269) seconds
2026/05/26-10:50:29  ... thread 2: (11000,68000) ops and (10634.0,1349.4) ops/second in (1.034422,50.393532) seconds
2026/05/26-10:50:29  ... thread 3: (11000,68000) ops and (10273.7,1349.4) ops/second in (1.070693,50.393940) seconds
2026/05/26-10:50:30  ... thread 1: (12000,75000) ops and (11311.9,1473.8) ops/second in (1.060828,50.889957) seconds
2026/05/26-10:50:30  ... thread 0: (13000,80000) ops and (12320.6,1556.6) ops/second in (1.055145,51.393414) seconds
2026/05/26-10:50:30  ... thread 2: (12000,80000) ops and (11991.5,1556.6) ops/second in (1.000706,51.394238) seconds
2026/05/26-10:50:30  ... thread 3: (13000,81000) ops and (12479.5,1574.8) ops/second in (1.041711,51.435651) seconds
2026/05/26-10:50:31  ... thread 1: (14000,89000) ops and (13368.8,1713.6) ops/second in (1.047214,51.937171) seconds
2026/05/26-10:50:31  ... thread 2: (16000,96000) ops and (15828.4,1831.9) ops/second in (1.010844,52.405082) seconds
2026/05/26-10:50:31  ... thread 0: (15000,95000) ops and (14358.4,1811.7) ops/second in (1.044686,52.438100) seconds
2026/05/26-10:50:31  ... thread 3: (15000,96000) ops and (14606.3,1829.9) ops/second in (1.026951,52.462602) seconds
DB path: [/tmp/rocksdb_comp_exp_db]
readrandom   :     526.669 micros/op 7588 ops/sec 52.710 seconds 400000 operations;    7.4 MB/s (98178 of 100000 found)

STATISTICS:
rocksdb.block.cache.miss COUNT : 3330585
rocksdb.block.cache.hit COUNT : 35340
rocksdb.block.cache.add COUNT : 759883
rocksdb.block.cache.add.failures COUNT : 0
rocksdb.block.cache.index.miss COUNT : 0
rocksdb.block.cache.index.hit COUNT : 0
rocksdb.block.cache.index.add COUNT : 0
rocksdb.block.cache.index.bytes.insert COUNT : 0
rocksdb.block.cache.filter.miss COUNT : 0
rocksdb.block.cache.filter.hit COUNT : 0
rocksdb.block.cache.filter.add COUNT : 0
rocksdb.block.cache.filter.bytes.insert COUNT : 0
rocksdb.block.cache.data.miss COUNT : 3330585
rocksdb.block.cache.data.hit COUNT : 35340
rocksdb.block.cache.data.add COUNT : 759883
rocksdb.block.cache.data.bytes.insert COUNT : 3270504368
rocksdb.block.cache.bytes.read COUNT : 152103408
rocksdb.block.cache.bytes.write COUNT : 3270504368
rocksdb.block.cache.compression.dict.miss COUNT : 0
rocksdb.block.cache.compression.dict.hit COUNT : 0
rocksdb.block.cache.compression.dict.add COUNT : 0
rocksdb.block.cache.compression.dict.bytes.insert COUNT : 0
rocksdb.block.cache.add.redundant COUNT : 19
rocksdb.block.cache.index.add.redundant COUNT : 0
rocksdb.block.cache.filter.add.redundant COUNT : 0
rocksdb.block.cache.data.add.redundant COUNT : 19
rocksdb.block.cache.compression.dict.add.redundant COUNT : 0
rocksdb.secondary.cache.hits COUNT : 0
rocksdb.secondary.cache.filter.hits COUNT : 0
rocksdb.secondary.cache.index.hits COUNT : 0
rocksdb.secondary.cache.data.hits COUNT : 0
rocksdb.compressed.secondary.cache.dummy.hits COUNT : 0
rocksdb.compressed.secondary.cache.hits COUNT : 0
rocksdb.compressed.secondary.cache.promotions COUNT : 0
rocksdb.compressed.secondary.cache.promotion.skips COUNT : 0
rocksdb.bloom.filter.useful COUNT : 0
rocksdb.bloom.filter.full.positive COUNT : 0
rocksdb.bloom.filter.full.true.positive COUNT : 0
rocksdb.bloom.filter.prefix.checked COUNT : 0
rocksdb.bloom.filter.prefix.useful COUNT : 0
rocksdb.bloom.filter.prefix.true.positive COUNT : 0
rocksdb.persistent.cache.hit COUNT : 0
rocksdb.persistent.cache.miss COUNT : 0
rocksdb.sim.block.cache.hit COUNT : 0
rocksdb.sim.block.cache.miss COUNT : 0
rocksdb.memtable.hit COUNT : 6846
rocksdb.memtable.miss COUNT : 393154
rocksdb.l0.hit COUNT : 17620
rocksdb.l1.hit COUNT : 23190
rocksdb.l2andup.hit COUNT : 344887
rocksdb.compaction.key.drop.new COUNT : 3447591
rocksdb.compaction.key.drop.obsolete COUNT : 0
rocksdb.compaction.key.drop.range_del COUNT : 0
rocksdb.compaction.key.drop.user COUNT : 0
rocksdb.compaction.range_del.drop.obsolete COUNT : 0
rocksdb.compaction.optimized.del.drop.obsolete COUNT : 0
rocksdb.compaction.cancelled COUNT : 0
rocksdb.compaction.aborted COUNT : 0
rocksdb.number.keys.written COUNT : 5000000
rocksdb.number.keys.read COUNT : 400000
rocksdb.number.keys.updated COUNT : 0
rocksdb.bytes.written COUNT : 5278784220
rocksdb.bytes.read COUNT : 401964032
rocksdb.number.db.seek COUNT : 0
rocksdb.number.db.next COUNT : 0
rocksdb.number.db.prev COUNT : 0
rocksdb.number.db.seek.found COUNT : 0
rocksdb.number.db.next.found COUNT : 0
rocksdb.number.db.prev.found COUNT : 0
rocksdb.db.iter.bytes.read COUNT : 0
rocksdb.number.iter.skip COUNT : 0
rocksdb.number.reseeks.iteration COUNT : 0
rocksdb.num.iterator.created COUNT : 0
rocksdb.num.iterator.deleted COUNT : 0
rocksdb.no.file.opens COUNT : 151
rocksdb.no.file.errors COUNT : 0
rocksdb.stall.micros COUNT : 69743227
rocksdb.db.mutex.wait.micros COUNT : 0
rocksdb.number.multiget.get COUNT : 0
rocksdb.number.multiget.keys.read COUNT : 0
rocksdb.number.multiget.bytes.read COUNT : 0
rocksdb.number.multiget.keys.found COUNT : 0
rocksdb.number.merge.failures COUNT : 0
rocksdb.getupdatessince.calls COUNT : 0
rocksdb.wal.synced COUNT : 0
rocksdb.wal.bytes COUNT : 5278784220
rocksdb.write.self COUNT : 4898685
rocksdb.write.other COUNT : 101315
rocksdb.write.wal COUNT : 5000000
rocksdb.compact.read.bytes COUNT : 6276014230
rocksdb.compact.write.bytes COUNT : 4202608095
rocksdb.flush.write.bytes COUNT : 2971615143
rocksdb.compact.read.marked.bytes COUNT : 0
rocksdb.compact.read.periodic.bytes COUNT : 0
rocksdb.compact.read.ttl.bytes COUNT : 0
rocksdb.compact.write.marked.bytes COUNT : 0
rocksdb.compact.write.periodic.bytes COUNT : 0
rocksdb.compact.write.ttl.bytes COUNT : 0
rocksdb.number.direct.load.table.properties COUNT : 0
rocksdb.number.superversion_acquires COUNT : 56
rocksdb.number.superversion_releases COUNT : 52
rocksdb.number.superversion_cleanups COUNT : 13
rocksdb.number.block.compressed COUNT : 2935170
rocksdb.number.block.decompressed COUNT : 3330735
rocksdb.bytes.compressed.from COUNT : 12370935777
rocksdb.bytes.compressed.to COUNT : 7159346307
rocksdb.bytes.compression_bypassed COUNT : 0
rocksdb.bytes.compression.rejected COUNT : 14
rocksdb.number.block_compression_bypassed COUNT : 0
rocksdb.number.block_compression_rejected COUNT : 1
rocksdb.bytes.decompressed.from COUNT : 8120701228
rocksdb.bytes.decompressed.to COUNT : 14030450783
rocksdb.merge.operation.time.nanos COUNT : 0
rocksdb.filter.operation.time.nanos COUNT : 0
rocksdb.compaction.total.time.cpu_micros COUNT : 35500676
rocksdb.row.cache.hit COUNT : 0
rocksdb.row.cache.miss COUNT : 0
rocksdb.read.amp.estimate.useful.bytes COUNT : 0
rocksdb.read.amp.total.read.bytes COUNT : 0
rocksdb.number.rate_limiter.drains COUNT : 0
rocksdb.blobdb.num.put COUNT : 0
rocksdb.blobdb.num.write COUNT : 0
rocksdb.blobdb.num.get COUNT : 0
rocksdb.blobdb.num.multiget COUNT : 0
rocksdb.blobdb.num.seek COUNT : 0
rocksdb.blobdb.num.next COUNT : 0
rocksdb.blobdb.num.prev COUNT : 0
rocksdb.blobdb.num.keys.written COUNT : 0
rocksdb.blobdb.num.keys.read COUNT : 0
rocksdb.blobdb.bytes.written COUNT : 0
rocksdb.blobdb.bytes.read COUNT : 0
rocksdb.blobdb.write.inlined COUNT : 0
rocksdb.blobdb.write.inlined.ttl COUNT : 0
rocksdb.blobdb.write.blob COUNT : 0
rocksdb.blobdb.write.blob.ttl COUNT : 0
rocksdb.blobdb.blob.file.bytes.written COUNT : 0
rocksdb.blobdb.blob.file.bytes.read COUNT : 0
rocksdb.blobdb.blob.file.synced COUNT : 0
rocksdb.blobdb.blob.index.expired.count COUNT : 0
rocksdb.blobdb.blob.index.expired.size COUNT : 0
rocksdb.blobdb.blob.index.evicted.count COUNT : 0
rocksdb.blobdb.blob.index.evicted.size COUNT : 0
rocksdb.blobdb.gc.num.files COUNT : 0
rocksdb.blobdb.gc.num.new.files COUNT : 0
rocksdb.blobdb.gc.failures COUNT : 0
rocksdb.blobdb.gc.num.keys.relocated COUNT : 0
rocksdb.blobdb.gc.bytes.relocated COUNT : 0
rocksdb.blobdb.fifo.num.files.evicted COUNT : 0
rocksdb.blobdb.fifo.num.keys.evicted COUNT : 0
rocksdb.blobdb.fifo.bytes.evicted COUNT : 0
rocksdb.blobdb.cache.miss COUNT : 0
rocksdb.blobdb.cache.hit COUNT : 0
rocksdb.blobdb.cache.add COUNT : 0
rocksdb.blobdb.cache.add.failures COUNT : 0
rocksdb.blobdb.cache.bytes.read COUNT : 0
rocksdb.blobdb.cache.bytes.write COUNT : 0
rocksdb.txn.overhead.mutex.prepare COUNT : 0
rocksdb.txn.overhead.mutex.old.commit.map COUNT : 0
rocksdb.txn.overhead.duplicate.key COUNT : 0
rocksdb.txn.overhead.mutex.snapshot COUNT : 0
rocksdb.txn.get.tryagain COUNT : 0
rocksdb.files.marked.trash COUNT : 0
rocksdb.files.marked.trash.deleted COUNT : 0
rocksdb.files.deleted.immediately COUNT : 211
rocksdb.error.handler.bg.error.count COUNT : 0
rocksdb.error.handler.bg.io.error.count COUNT : 0
rocksdb.error.handler.bg.retryable.io.error.count COUNT : 0
rocksdb.error.handler.autoresume.count COUNT : 0
rocksdb.error.handler.autoresume.retry.total.count COUNT : 0
rocksdb.error.handler.autoresume.success.count COUNT : 0
rocksdb.memtable.payload.bytes.at.flush COUNT : 5217274120
rocksdb.memtable.garbage.bytes.at.flush COUNT : 127799408
rocksdb.verify_checksum.read.bytes COUNT : 0
rocksdb.backup.read.bytes COUNT : 0
rocksdb.backup.write.bytes COUNT : 0
rocksdb.remote.compact.read.bytes COUNT : 0
rocksdb.remote.compact.write.bytes COUNT : 0
rocksdb.remote.compact.resumed.bytes COUNT : 0
rocksdb.hot.file.read.bytes COUNT : 0
rocksdb.warm.file.read.bytes COUNT : 0
rocksdb.cool.file.read.bytes COUNT : 0
rocksdb.cold.file.read.bytes COUNT : 0
rocksdb.ice.file.read.bytes COUNT : 0
rocksdb.hot.file.read.count COUNT : 0
rocksdb.warm.file.read.count COUNT : 0
rocksdb.cool.file.read.count COUNT : 0
rocksdb.cold.file.read.count COUNT : 0
rocksdb.ice.file.read.count COUNT : 0
rocksdb.last.level.read.bytes COUNT : 0
rocksdb.last.level.read.count COUNT : 0
rocksdb.non.last.level.read.bytes COUNT : 8137544574
rocksdb.non.last.level.read.count COUNT : 3331189
rocksdb.last.level.seek.filtered COUNT : 0
rocksdb.last.level.seek.filter.match COUNT : 0
rocksdb.last.level.seek.data COUNT : 0
rocksdb.last.level.seek.data.useful.no.filter COUNT : 0
rocksdb.last.level.seek.data.useful.filter.match COUNT : 0
rocksdb.non.last.level.seek.filtered COUNT : 0
rocksdb.non.last.level.seek.filter.match COUNT : 0
rocksdb.non.last.level.seek.data COUNT : 0
rocksdb.non.last.level.seek.data.useful.no.filter COUNT : 0
rocksdb.non.last.level.seek.data.useful.filter.match COUNT : 0
rocksdb.block.checksum.compute.count COUNT : 3330887
rocksdb.block.checksum.mismatch.count COUNT : 0
rocksdb.multiget.coroutine.count COUNT : 0
rocksdb.read.async.micros COUNT : 0
rocksdb.async.read.error.count COUNT : 0
rocksdb.table.open.prefetch.tail.miss COUNT : 0
rocksdb.table.open.prefetch.tail.hit COUNT : 0
rocksdb.timestamp.filter.table.checked COUNT : 0
rocksdb.timestamp.filter.table.filtered COUNT : 0
rocksdb.readahead.trimmed COUNT : 0
rocksdb.fifo.max.size.compactions COUNT : 0
rocksdb.fifo.ttl.compactions COUNT : 0
rocksdb.fifo.change_temperature.compactions COUNT : 0
rocksdb.prefetch.bytes COUNT : 0
rocksdb.prefetch.bytes.useful COUNT : 0
rocksdb.prefetch.hits COUNT : 0
rocksdb.footer.corruption.count COUNT : 0
rocksdb.file.read.corruption.retry.count COUNT : 0
rocksdb.file.read.corruption.retry.success.count COUNT : 0
rocksdb.number.wbwi.ingest COUNT : 0
rocksdb.sst.user.defined.index.load.fail.count COUNT : 0
rocksdb.multiscan.prepare.calls COUNT : 0
rocksdb.multiscan.prepare.errors COUNT : 0
rocksdb.multiscan.blocks.prefetched COUNT : 0
rocksdb.multiscan.blocks.from.cache COUNT : 0
rocksdb.multiscan.prefetch.bytes COUNT : 0
rocksdb.multiscan.prefetch.blocks.wasted COUNT : 0
rocksdb.multiscan.io.requests COUNT : 0
rocksdb.multiscan.io.coalesced.nonadjacent COUNT : 0
rocksdb.multiscan.seek.errors COUNT : 0
rocksdb.prefetch.memory.bytes.granted COUNT : 0
rocksdb.prefetch.memory.bytes.released COUNT : 0
rocksdb.prefetch.memory.requests.blocked COUNT : 0
rocksdb.read.path.range.tombstones.inserted COUNT : 0
rocksdb.read.path.range.tombstones.discarded COUNT : 0
rocksdb.file.open.metadata.retrieved COUNT : 0
rocksdb.file.open.metadata.passed COUNT : 0
rocksdb.manifest.validation.failure.count COUNT : 0
rocksdb.db.get.micros P50 : 14.120573 P95 : 1969.814052 P99 : 9273.184358 P100 : 596158.000000 COUNT : 400000 SUM : 210418026
rocksdb.db.write.micros P50 : 5.580904 P95 : 28.191663 P99 : 1277.160605 P100 : 1935550.000000 COUNT : 5000000 SUM : 420438591
rocksdb.compaction.times.micros P50 : 3740000.000000 P95 : 26950000.000000 P99 : 27856814.000000 P100 : 27856814.000000 COUNT : 22 SUM : 144018484
rocksdb.compaction.times.cpu_micros P50 : 1054285.714286 P95 : 6805280.000000 P99 : 6805280.000000 P100 : 6805280.000000 COUNT : 22 SUM : 35500676
rocksdb.subcompaction.setup.times.micros P50 : 0.000000 P95 : 0.000000 P99 : 0.000000 P100 : 0.000000 COUNT : 0 SUM : 0
rocksdb.table.sync.micros P50 : 351960.784314 P95 : 1173846.153846 P99 : 1516405.000000 P100 : 1516405.000000 COUNT : 80 SUM : 41388293
rocksdb.compaction.outfile.sync.micros P50 : 686935.483871 P95 : 1186642.857143 P99 : 1348252.000000 P100 : 1348252.000000 COUNT : 71 SUM : 44477558
rocksdb.wal.file.sync.micros P50 : 0.000000 P95 : 0.000000 P99 : 0.000000 P100 : 0.000000 COUNT : 0 SUM : 0
rocksdb.manifest.file.sync.micros P50 : 5559.459459 P95 : 19120.000000 P99 : 105800.000000 P100 : 146389.000000 COUNT : 112 SUM : 908607
rocksdb.table.open.io.micros P50 : 748.068182 P95 : 3987.500000 P99 : 6413.000000 P100 : 10536.000000 COUNT : 151 SUM : 162533
rocksdb.db.multiget.micros P50 : 0.000000 P95 : 0.000000 P99 : 0.000000 P100 : 0.000000 COUNT : 0 SUM : 0
rocksdb.read.block.compaction.micros P50 : 3.313195 P95 : 6.180499 P99 : 31.634171 P100 : 367500.000000 COUNT : 2570702 SUM : 70669861
rocksdb.read.block.get.micros P50 : 6.782007 P95 : 1322.795983 P99 : 2150.077595 P100 : 563974.000000 COUNT : 760034 SUM : 205713602
rocksdb.write.raw.block.micros P50 : 0.537531 P95 : 1.379448 P99 : 2.780486 P100 : 10531.000000 COUNT : 2935473 SUM : 8381481
rocksdb.numfiles.in.singlecompaction P50 : 2.000000 P95 : 25.000000 P99 : 25.000000 P100 : 25.000000 COUNT : 28 SUM : 148
rocksdb.db.seek.micros P50 : 0.000000 P95 : 0.000000 P99 : 0.000000 P100 : 0.000000 COUNT : 0 SUM : 0
rocksdb.db.write.stall P50 : 1255.944461 P95 : 2793.472155 P99 : 2887.360777 P100 : 1928553.000000 COUNT : 29251 SUM : 69743227
rocksdb.sst.read.micros P50 : 0.886794 P95 : 5.809743 P99 : 1563.359396 P100 : 563960.000000 COUNT : 3331189 SUM : 263815088
rocksdb.file.read.flush.micros P50 : 3.636364 P95 : 67.935484 P99 : 164.000000 P100 : 1348.000000 COUNT : 320 SUM : 9112
rocksdb.file.read.compaction.micros P50 : 0.729325 P95 : 1.980501 P99 : 13.339318 P100 : 367468.000000 COUNT : 2570986 SUM : 62895768
rocksdb.file.read.db.open.micros P50 : 0.000000 P95 : 0.000000 P99 : 0.000000 P100 : 0.000000 COUNT : 0 SUM : 0
rocksdb.file.read.get.micros P50 : 0.000000 P95 : 0.000000 P99 : 0.000000 P100 : 0.000000 COUNT : 0 SUM : 0
rocksdb.file.read.multiget.micros P50 : 0.000000 P95 : 0.000000 P99 : 0.000000 P100 : 0.000000 COUNT : 0 SUM : 0
rocksdb.file.read.db.iterator.micros P50 : 0.000000 P95 : 0.000000 P99 : 0.000000 P100 : 0.000000 COUNT : 0 SUM : 0
rocksdb.file.read.verify.db.checksum.micros P50 : 0.000000 P95 : 0.000000 P99 : 0.000000 P100 : 0.000000 COUNT : 0 SUM : 0
rocksdb.file.read.verify.file.checksums.micros P50 : 0.000000 P95 : 0.000000 P99 : 0.000000 P100 : 0.000000 COUNT : 0 SUM : 0
rocksdb.sst.write.micros P50 : 0.502418 P95 : 0.954594 P99 : 0.994787 P100 : 10530.000000 COUNT : 5871097 SUM : 6726473
rocksdb.file.write.flush.micros P50 : 0.501468 P95 : 0.952789 P99 : 0.992906 P100 : 9558.000000 COUNT : 2428800 SUM : 2941173
rocksdb.file.write.compaction.micros P50 : 0.503090 P95 : 0.955872 P99 : 0.996119 P100 : 10530.000000 COUNT : 3442297 SUM : 3785300
rocksdb.file.write.db.open.micros P50 : 0.000000 P95 : 0.000000 P99 : 0.000000 P100 : 0.000000 COUNT : 0 SUM : 0
rocksdb.num.subcompactions.scheduled P50 : 0.000000 P95 : 0.000000 P99 : 0.000000 P100 : 0.000000 COUNT : 0 SUM : 0
rocksdb.bytes.per.read P50 : 1024.000000 P95 : 1024.000000 P99 : 1024.000000 P100 : 1024.000000 COUNT : 400000 SUM : 401964032
rocksdb.bytes.per.write P50 : 1087.322649 P95 : 1282.913034 P99 : 2069.534907 P100 : 4188.000000 COUNT : 4898685 SUM : 5278784220
rocksdb.bytes.per.multiget P50 : 0.000000 P95 : 0.000000 P99 : 0.000000 P100 : 0.000000 COUNT : 0 SUM : 0
rocksdb.compression.times.nanos P50 : 0.000000 P95 : 0.000000 P99 : 0.000000 P100 : 0.000000 COUNT : 0 SUM : 0
rocksdb.decompression.times.nanos P50 : 0.000000 P95 : 0.000000 P99 : 0.000000 P100 : 0.000000 COUNT : 0 SUM : 0
rocksdb.read.num.merge_operands P50 : 0.000000 P95 : 0.000000 P99 : 0.000000 P100 : 0.000000 COUNT : 0 SUM : 0
rocksdb.blobdb.key.size P50 : 0.000000 P95 : 0.000000 P99 : 0.000000 P100 : 0.000000 COUNT : 0 SUM : 0
rocksdb.blobdb.value.size P50 : 0.000000 P95 : 0.000000 P99 : 0.000000 P100 : 0.000000 COUNT : 0 SUM : 0
rocksdb.blobdb.write.micros P50 : 0.000000 P95 : 0.000000 P99 : 0.000000 P100 : 0.000000 COUNT : 0 SUM : 0
rocksdb.blobdb.get.micros P50 : 0.000000 P95 : 0.000000 P99 : 0.000000 P100 : 0.000000 COUNT : 0 SUM : 0
rocksdb.blobdb.multiget.micros P50 : 0.000000 P95 : 0.000000 P99 : 0.000000 P100 : 0.000000 COUNT : 0 SUM : 0
rocksdb.blobdb.seek.micros P50 : 0.000000 P95 : 0.000000 P99 : 0.000000 P100 : 0.000000 COUNT : 0 SUM : 0
rocksdb.blobdb.next.micros P50 : 0.000000 P95 : 0.000000 P99 : 0.000000 P100 : 0.000000 COUNT : 0 SUM : 0
rocksdb.blobdb.prev.micros P50 : 0.000000 P95 : 0.000000 P99 : 0.000000 P100 : 0.000000 COUNT : 0 SUM : 0
rocksdb.blobdb.blob.file.write.micros P50 : 0.000000 P95 : 0.000000 P99 : 0.000000 P100 : 0.000000 COUNT : 0 SUM : 0
rocksdb.blobdb.blob.file.read.micros P50 : 0.000000 P95 : 0.000000 P99 : 0.000000 P100 : 0.000000 COUNT : 0 SUM : 0
rocksdb.blobdb.blob.file.sync.micros P50 : 0.000000 P95 : 0.000000 P99 : 0.000000 P100 : 0.000000 COUNT : 0 SUM : 0
rocksdb.blobdb.compression.micros P50 : 0.000000 P95 : 0.000000 P99 : 0.000000 P100 : 0.000000 COUNT : 0 SUM : 0
rocksdb.blobdb.decompression.micros P50 : 0.000000 P95 : 0.000000 P99 : 0.000000 P100 : 0.000000 COUNT : 0 SUM : 0
rocksdb.db.flush.micros P50 : 556744.186047 P95 : 1340000.000000 P99 : 1760660.000000 P100 : 1760660.000000 COUNT : 80 SUM : 57622657
rocksdb.sst.batch.size P50 : 0.000000 P95 : 0.000000 P99 : 0.000000 P100 : 0.000000 COUNT : 0 SUM : 0
rocksdb.multiget.io.batch.size P50 : 0.000000 P95 : 0.000000 P99 : 0.000000 P100 : 0.000000 COUNT : 0 SUM : 0
rocksdb.num.index.and.filter.blocks.read.per.level P50 : 0.000000 P95 : 0.000000 P99 : 0.000000 P100 : 0.000000 COUNT : 0 SUM : 0
rocksdb.num.sst.read.per.level P50 : 0.000000 P95 : 0.000000 P99 : 0.000000 P100 : 0.000000 COUNT : 0 SUM : 0
rocksdb.num.level.read.per.multiget P50 : 0.000000 P95 : 0.000000 P99 : 0.000000 P100 : 0.000000 COUNT : 0 SUM : 0
rocksdb.error.handler.autoresume.retry.count P50 : 0.000000 P95 : 0.000000 P99 : 0.000000 P100 : 0.000000 COUNT : 0 SUM : 0
rocksdb.async.read.bytes P50 : 0.000000 P95 : 0.000000 P99 : 0.000000 P100 : 0.000000 COUNT : 0 SUM : 0
rocksdb.poll.wait.micros P50 : 0.000000 P95 : 0.000000 P99 : 0.000000 P100 : 0.000000 COUNT : 0 SUM : 0
rocksdb.compaction.prefetch.bytes P50 : 0.000000 P95 : 0.000000 P99 : 0.000000 P100 : 0.000000 COUNT : 0 SUM : 0
rocksdb.prefetched.bytes.discarded P50 : 0.000000 P95 : 0.000000 P99 : 0.000000 P100 : 0.000000 COUNT : 0 SUM : 0
rocksdb.async.prefetch.abort.micros P50 : 0.000000 P95 : 0.000000 P99 : 0.000000 P100 : 0.000000 COUNT : 0 SUM : 0
rocksdb.table.open.prefetch.tail.read.bytes P50 : 0.000000 P95 : 0.000000 P99 : 0.000000 P100 : 0.000000 COUNT : 0 SUM : 0
rocksdb.num.op.per.transaction P50 : 0.000000 P95 : 0.000000 P99 : 0.000000 P100 : 0.000000 COUNT : 0 SUM : 0
rocksdb.multiscan.op.prepare.iterators.micros P50 : 0.000000 P95 : 0.000000 P99 : 0.000000 P100 : 0.000000 COUNT : 0 SUM : 0
rocksdb.multiscan.prepare.micros P50 : 0.000000 P95 : 0.000000 P99 : 0.000000 P100 : 0.000000 COUNT : 0 SUM : 0
rocksdb.multiscan.blocks.per.prepare P50 : 0.000000 P95 : 0.000000 P99 : 0.000000 P100 : 0.000000 COUNT : 0 SUM : 0
rocksdb.block.key.distribution.cv P50 : 0.000000 P95 : 0.000000 P99 : 0.000000 P100 : 0.000000 COUNT : 0 SUM : 0

[EXPERIMENT_COMPLETED]
